Archive member included to satisfy reference by file (symbol)

/usr/lib/gcc/arm-none-eabi/10.3.1/thumb/v6-m/nofp/libgcc.a(_dvmd_tls.o)
                              CMakeFiles/pico_webserver.dir/pico-sdk/src/rp2_common/pico_divider/divider.S.obj (__aeabi_idiv0)
/usr/lib/gcc/arm-none-eabi/10.3.1/../../../arm-none-eabi/lib/thumb/v6-m/nofp/libc.a(lib_a-atexit.o)
                              /usr/lib/gcc/arm-none-eabi/10.3.1/../../../arm-none-eabi/lib/thumb/v6-m/nofp/crt0.o (atexit)
/usr/lib/gcc/arm-none-eabi/10.3.1/../../../arm-none-eabi/lib/thumb/v6-m/nofp/libc.a(lib_a-atoi.o)
                              CMakeFiles/pico_webserver.dir/pico-sdk/lib/lwip/src/core/netif.c.obj (atoi)
/usr/lib/gcc/arm-none-eabi/10.3.1/../../../arm-none-eabi/lib/thumb/v6-m/nofp/libc.a(lib_a-calloc.o)
                              CMakeFiles/pico_webserver.dir/pico-sdk/src/rp2_common/pico_malloc/pico_malloc.c.obj (calloc)
/usr/lib/gcc/arm-none-eabi/10.3.1/../../../arm-none-eabi/lib/thumb/v6-m/nofp/libc.a(lib_a-callocr.o)
                              /usr/lib/gcc/arm-none-eabi/10.3.1/../../../arm-none-eabi/lib/thumb/v6-m/nofp/libc.a(lib_a-calloc.o) (_calloc_r)
/usr/lib/gcc/arm-none-eabi/10.3.1/../../../arm-none-eabi/lib/thumb/v6-m/nofp/libc.a(lib_a-ctype_.o)
                              CMakeFiles/pico_webserver.dir/pico-sdk/lib/lwip/src/core/ipv4/ip4_addr.c.obj (_ctype_)
/usr/lib/gcc/arm-none-eabi/10.3.1/../../../arm-none-eabi/lib/thumb/v6-m/nofp/libc.a(lib_a-fini.o)
                              /usr/lib/gcc/arm-none-eabi/10.3.1/../../../arm-none-eabi/lib/thumb/v6-m/nofp/crt0.o (__libc_fini_array)
/usr/lib/gcc/arm-none-eabi/10.3.1/../../../arm-none-eabi/lib/thumb/v6-m/nofp/libc.a(lib_a-impure.o)
                              /usr/lib/gcc/arm-none-eabi/10.3.1/../../../arm-none-eabi/lib/thumb/v6-m/nofp/libc.a(lib_a-calloc.o) (_impure_ptr)
/usr/lib/gcc/arm-none-eabi/10.3.1/../../../arm-none-eabi/lib/thumb/v6-m/nofp/libc.a(lib_a-init.o)
                              /usr/lib/gcc/arm-none-eabi/10.3.1/../../../arm-none-eabi/lib/thumb/v6-m/nofp/crt0.o (__libc_init_array)
/usr/lib/gcc/arm-none-eabi/10.3.1/../../../arm-none-eabi/lib/thumb/v6-m/nofp/libc.a(lib_a-malloc.o)
                              CMakeFiles/pico_webserver.dir/pico-sdk/src/rp2_common/pico_malloc/pico_malloc.c.obj (malloc)
/usr/lib/gcc/arm-none-eabi/10.3.1/../../../arm-none-eabi/lib/thumb/v6-m/nofp/libc.a(lib_a-mallocr.o)
                              /usr/lib/gcc/arm-none-eabi/10.3.1/../../../arm-none-eabi/lib/thumb/v6-m/nofp/libc.a(lib_a-callocr.o) (_malloc_r)
/usr/lib/gcc/arm-none-eabi/10.3.1/../../../arm-none-eabi/lib/thumb/v6-m/nofp/libc.a(lib_a-memcmp.o)
                              CMakeFiles/pico_webserver.dir/pico-sdk/lib/tinyusb/lib/networking/dhserver.c.obj (memcmp)
/usr/lib/gcc/arm-none-eabi/10.3.1/../../../arm-none-eabi/lib/thumb/v6-m/nofp/libc.a(lib_a-memmove.o)
                              CMakeFiles/pico_webserver.dir/pico-sdk/lib/lwip/src/core/def.c.obj (memmove)
/usr/lib/gcc/arm-none-eabi/10.3.1/../../../arm-none-eabi/lib/thumb/v6-m/nofp/libc.a(lib_a-mlock.o)
                              /usr/lib/gcc/arm-none-eabi/10.3.1/../../../arm-none-eabi/lib/thumb/v6-m/nofp/libc.a(lib_a-mallocr.o) (__malloc_lock)
/usr/lib/gcc/arm-none-eabi/10.3.1/../../../arm-none-eabi/lib/thumb/v6-m/nofp/libc.a(lib_a-rand.o)
                              CMakeFiles/pico_webserver.dir/ssi.cpp.obj (rand)
/usr/lib/gcc/arm-none-eabi/10.3.1/../../../arm-none-eabi/lib/thumb/v6-m/nofp/libc.a(lib_a-realloc.o)
                              CMakeFiles/pico_webserver.dir/pico-sdk/src/rp2_common/pico_malloc/pico_malloc.c.obj (realloc)
/usr/lib/gcc/arm-none-eabi/10.3.1/../../../arm-none-eabi/lib/thumb/v6-m/nofp/libc.a(lib_a-reallocr.o)
                              /usr/lib/gcc/arm-none-eabi/10.3.1/../../../arm-none-eabi/lib/thumb/v6-m/nofp/libc.a(lib_a-realloc.o) (_realloc_r)
/usr/lib/gcc/arm-none-eabi/10.3.1/../../../arm-none-eabi/lib/thumb/v6-m/nofp/libc.a(lib_a-sbrkr.o)
                              /usr/lib/gcc/arm-none-eabi/10.3.1/../../../arm-none-eabi/lib/thumb/v6-m/nofp/libc.a(lib_a-mallocr.o) (_sbrk_r)
/usr/lib/gcc/arm-none-eabi/10.3.1/../../../arm-none-eabi/lib/thumb/v6-m/nofp/libc.a(lib_a-strchr.o)
                              CMakeFiles/pico_webserver.dir/pico-sdk/lib/lwip/src/apps/http/httpd.c.obj (strchr)
/usr/lib/gcc/arm-none-eabi/10.3.1/../../../arm-none-eabi/lib/thumb/v6-m/nofp/libc.a(lib_a-strcmp.o)
                              CMakeFiles/pico_webserver.dir/cgi.cpp.obj (strcmp)
/usr/lib/gcc/arm-none-eabi/10.3.1/../../../arm-none-eabi/lib/thumb/v6-m/nofp/libc.a(lib_a-strcpy.o)
                              CMakeFiles/pico_webserver.dir/webserver.c.obj (strcpy)
/usr/lib/gcc/arm-none-eabi/10.3.1/../../../arm-none-eabi/lib/thumb/v6-m/nofp/libc.a(lib_a-strlen-stub.o)
                              CMakeFiles/pico_webserver.dir/usb_descriptors.c.obj (strlen)
/usr/lib/gcc/arm-none-eabi/10.3.1/../../../arm-none-eabi/lib/thumb/v6-m/nofp/libc.a(lib_a-strncmp.o)
[...]
Memory Configuration

Name             Origin             Length             Attributes
FLASH            0x0000000010000000 0x0000000000200000 xr
RAM              0x0000000020000000 0x0000000000040000 xrw
SCRATCH_X        0x0000000020040000 0x0000000000001000 xrw
SCRATCH_Y        0x0000000020041000 0x0000000000001000 xrw
*default*        0x0000000000000000 0xffffffffffffffff

Linker script and memory map

LOAD /usr/lib/gcc/arm-none-eabi/10.3.1/thumb/v6-m/nofp/crti.o
LOAD /usr/lib/gcc/arm-none-eabi/10.3.1/thumb/v6-m/nofp/crtbegin.o
LOAD /usr/lib/gcc/arm-none-eabi/10.3.1/../../../arm-none-eabi/lib/thumb/v6-m/nofp/crt0.o

.flash_begin    0x0000000010000000        0x0
                0x0000000010000000                __flash_binary_start = .

.boot2          0x0000000010000000      0x100
                0x0000000010000000                __boot2_start__ = .
 *(.boot2)
 .boot2         0x0000000010000000      0x100 /tmp/ccl6s3QJ.o
                0x0000000010000100                __boot2_end__ = .
                0x0000000000000001                ASSERT (((__boot2_end__ - __boot2_start__) == 0x100), ERROR: Pico second stage bootloader must be 256 bytes in size)

.text           0x0000000010000100    0x198c8
                0x0000000010000100                __logical_binary_start = .
 *(.vectors)
 .vectors       0x0000000010000100       0xd4 CMakeFiles/pico_webserver.dir/pico-sdk/src/rp2_common/pico_standard_link/crt0.S.obj
                0x0000000010000100                __vectors
                0x0000000010000100                __VECTOR_TABLE
                0x00000000100001c0                isr_invalid
                0x00000000100001c0                __default_isrs_start
                0x00000000100001c2                isr_nmi
                0x00000000100001c4                isr_hardfault
                0x00000000100001c6                isr_svcall
                0x00000000100001c8                isr_pendsv
                0x00000000100001ca                isr_systick
                0x00000000100001cc                isr_irq30
                0x00000000100001cc                __unhandled_user_irq
                0x00000000100001cc                isr_irq13
                0x00000000100001cc                isr_irq27
                0x00000000100001cc                isr_irq31
                0x00000000100001cc                isr_irq5
                0x00000000100001cc                isr_irq11
                0x00000000100001cc                isr_irq23
                0x00000000100001cc                isr_irq18
                0x00000000100001cc                isr_irq28
                0x00000000100001cc                isr_irq19
                0x00000000100001cc                isr_irq0
                0x00000000100001cc                isr_irq6
                0x00000000100001cc                isr_irq22
                0x00000000100001cc                isr_irq17
                0x00000000100001cc                isr_irq14
                0x00000000100001cc                isr_irq2
                0x00000000100001cc                isr_irq10
                0x00000000100001cc                isr_irq8
                0x00000000100001cc                isr_irq24
                0x00000000100001cc                isr_irq1
                0x00000000100001cc                isr_irq7
                0x00000000100001cc                isr_irq21
                0x00000000100001cc                isr_irq20
                0x00000000100001cc                isr_irq15
                0x00000000100001cc                isr_irq25
                0x00000000100001cc                isr_irq4
                0x00000000100001cc                isr_irq16
                0x00000000100001cc                isr_irq29
                0x00000000100001cc                isr_irq26
                0x00000000100001cc                __default_isrs_end
                0x00000000100001cc                isr_irq3
                0x00000000100001cc                isr_irq12
                0x00000000100001cc                isr_irq9
                0x00000000100001d2                unhandled_user_irq_num_in_r0
 *(.binary_info_header)
 .binary_info_header
                0x00000000100001d4       0x14 CMakeFiles/pico_webserver.dir/pico-sdk/src/rp2_common/pico_standard_link/crt0.S.obj
                0x00000000100001e8                __binary_info_header_end = .
 *(.reset)
 .reset         0x00000000100001e8       0xa0 CMakeFiles/pico_webserver.dir/pico-sdk/src/rp2_common/pico_standard_link/crt0.S.obj
                0x00000000100001e8                _entry_point
 .reset         0x0000000010000288       0x30 CMakeFiles/pico_webserver.dir/pico-sdk/src/rp2_common/pico_standard_link/binary_info.c.obj
 *(.init)
 .init          0x00000000100002b8        0x4 /usr/lib/gcc/arm-none-eabi/10.3.1/thumb/v6-m/nofp/crti.o
                0x00000000100002b8                _init
 *(EXCLUDE_FILE(*libm.a: *libc.a:*lib_a-mem*.o *libgcc.a:) .text*)
 .text          0x00000000100002bc       0x98 /usr/lib/gcc/arm-none-eabi/10.3.1/thumb/v6-m/nofp/crtbegin.o
 .text.core1_entry
                0x0000000010000354       0xc8 CMakeFiles/pico_webserver.dir/webserver.c.obj
                0x0000000010000354                core1_entry
 .text.startup.main
                0x000000001000041c       0x60 CMakeFiles/pico_webserver.dir/webserver.c.obj
                0x000000001000041c                main
 .text.netif_init_cb
                0x000000001000047c       0x2c CMakeFiles/pico_webserver.dir/tusb_lwip_glue.c.obj
 .text.output_fn
                0x00000000100004a8        0x8 CMakeFiles/pico_webserver.dir/tusb_lwip_glue.c.obj
 .text.linkoutput_fn
                0x00000000100004b0       0x3c CMakeFiles/pico_webserver.dir/tusb_lwip_glue.c.obj
 .text.init_lwip
                0x00000000100004ec       0x60 CMakeFiles/pico_webserver.dir/tusb_lwip_glue.c.obj
                0x00000000100004ec                init_lwip
 .text.tud_network_init_cb
                0x000000001000054c       0x18 CMakeFiles/pico_webserver.dir/tusb_lwip_glue.c.obj
                0x000000001000054c                tud_network_init_cb
 .text.tud_network_recv_cb
                0x0000000010000564       0x3c CMakeFiles/pico_webserver.dir/tusb_lwip_glue.c.obj
                0x0000000010000564                tud_network_recv_cb
 .text.tud_network_xmit_cb
                0x00000000100005a0       0x30 CMakeFiles/pico_webserver.dir/tusb_lwip_glue.c.obj
                0x00000000100005a0                tud_network_xmit_cb
 .text.service_traffic
                0x00000000100005d0       0x2c CMakeFiles/pico_webserver.dir/tusb_lwip_glue.c.obj
                0x00000000100005d0                service_traffic
 .text.dhcpd_init
                0x00000000100005fc       0x14 CMakeFiles/pico_webserver.dir/tusb_lwip_glue.c.obj
                0x00000000100005fc                dhcpd_init
 .text.wait_for_netif_is_up
                0x0000000010000610       0x14 CMakeFiles/pico_webserver.dir/tusb_lwip_glue.c.obj
                0x0000000010000610                wait_for_netif_is_up
 .text.tud_descriptor_device_cb
                0x0000000010000624        0x8 CMakeFiles/pico_webserver.dir/usb_descriptors.c.obj
                0x0000000010000624                tud_descriptor_device_cb
 .text.tud_descriptor_configuration_cb
                0x000000001000062c       0x14 CMakeFiles/pico_webserver.dir/usb_descriptors.c.obj
                0x000000001000062c                tud_descriptor_configuration_cb
 .text.tud_descriptor_string_cb
                0x0000000010000640      0x17c CMakeFiles/pico_webserver.dir/usb_descriptors.c.obj
                0x0000000010000640                tud_descriptor_string_cb
 .text.fill_options
                0x00000000100007bc       0xdc CMakeFiles/pico_webserver.dir/pico-sdk/lib/tinyusb/lib/networking/dhserver.c.obj
                0x00000000100007bc                fill_options
 .text.udp_recv_proc
                0x0000000010000898      0x2e4 CMakeFiles/pico_webserver.dir/pico-sdk/lib/tinyusb/lib/networking/dhserver.c.obj
 .text.dhserv_init
                0x0000000010000b7c       0x64 CMakeFiles/pico_webserver.dir/pico-sdk/lib/tinyusb/lib/networking/dhserver.c.obj
                0x0000000010000b7c                dhserv_init
 .text.rndis_class_set_handler
                0x0000000010000be0      0x2d4 CMakeFiles/pico_webserver.dir/pico-sdk/lib/tinyusb/lib/networking/rndis_reports.c.obj
                0x0000000010000be0                rndis_class_set_handler
 .text._Z11scan_resultPvPK23_cyw43_ev_scan_result_t
                0x0000000010000eb4       0x4c CMakeFiles/pico_webserver.dir/ssi.cpp.obj
                0x0000000010000eb4                scan_result(void*, _cyw43_ev_scan_result_t const*)
 .text.ssi_init
                0x0000000010000f00       0x4c CMakeFiles/pico_webserver.dir/ssi.cpp.obj
                0x0000000010000f00                ssi_init
 .text.cgi_handler_basic
                0x0000000010000f4c      0x11c CMakeFiles/pico_webserver.dir/cgi.cpp.obj
                0x0000000010000f4c                cgi_handler_basic
 .text.cgi_handler_extended
                0x0000000010001068      0x11c CMakeFiles/pico_webserver.dir/cgi.cpp.obj
                0x0000000010001068                cgi_handler_extended
 .text.wifi_cred_set
                0x0000000010001184       0xa4 CMakeFiles/pico_webserver.dir/cgi.cpp.obj
                0x0000000010001184                wifi_cred_set
 .text.cgi_toggle_led
                0x0000000010001228       0x20 CMakeFiles/pico_webserver.dir/cgi.cpp.obj
 .text.cgi_reset_usb_boot
                0x0000000010001248       0x14 CMakeFiles/pico_webserver.dir/cgi.cpp.obj
 .text.cgi_init
                0x000000001000125c       0x2c CMakeFiles/pico_webserver.dir/cgi.cpp.obj
                0x000000001000125c                cgi_init
 .text.set_sys_clock_pll
                0x0000000010001288       0x78 CMakeFiles/pico_webserver.dir/pico-sdk/src/rp2_common/pico_stdlib/stdlib.c.obj
                0x0000000010001288                set_sys_clock_pll
 .text.check_sys_clock_khz
                0x0000000010001300      0x17c CMakeFiles/pico_webserver.dir/pico-sdk/src/rp2_common/pico_stdlib/stdlib.c.obj
                0x0000000010001300                check_sys_clock_khz
 .text.gpio_set_function
                0x000000001000147c       0x30 CMakeFiles/pico_webserver.dir/pico-sdk/src/rp2_common/hardware_gpio/gpio.c.obj
                0x000000001000147c                gpio_set_function
 .text.gpio_set_pulls
                0x00000000100014ac       0x30 CMakeFiles/pico_webserver.dir/pico-sdk/src/rp2_common/hardware_gpio/gpio.c.obj
                0x00000000100014ac                gpio_set_pulls
 .text.gpio_set_input_hysteresis_enabled
                0x00000000100014dc       0x28 CMakeFiles/pico_webserver.dir/pico-sdk/src/rp2_common/hardware_gpio/gpio.c.obj
                0x00000000100014dc                gpio_set_input_hysteresis_enabled
 .text.gpio_set_irq_enabled
                0x0000000010001504       0x54 CMakeFiles/pico_webserver.dir/pico-sdk/src/rp2_common/hardware_gpio/gpio.c.obj
                0x0000000010001504                gpio_set_irq_enabled
 .text.gpio_add_raw_irq_handler_with_order_priority_masked
                0x0000000010001558       0x44 CMakeFiles/pico_webserver.dir/pico-sdk/src/rp2_common/hardware_gpio/gpio.c.obj
                0x0000000010001558                gpio_add_raw_irq_handler_with_order_priority_masked
 .text.gpio_remove_raw_irq_handler_masked
                0x000000001000159c       0x20 CMakeFiles/pico_webserver.dir/pico-sdk/src/rp2_common/hardware_gpio/gpio.c.obj
                0x000000001000159c                gpio_remove_raw_irq_handler_masked
 .text.gpio_set_input_enabled
                0x00000000100015bc       0x28 CMakeFiles/pico_webserver.dir/pico-sdk/src/rp2_common/hardware_gpio/gpio.c.obj
                0x00000000100015bc                gpio_set_input_enabled
 .text.gpio_init
                0x00000000100015e4       0x3c CMakeFiles/pico_webserver.dir/pico-sdk/src/rp2_common/hardware_gpio/gpio.c.obj
                0x00000000100015e4                gpio_init
 .text.running_on_fpga
                0x0000000010001620       0x10 CMakeFiles/pico_webserver.dir/pico-sdk/src/rp2_common/pico_platform/platform.c.obj
                0x0000000010001620                running_on_fpga
 .text.hw_claim_lock
                0x0000000010001630       0x18 CMakeFiles/pico_webserver.dir/pico-sdk/src/rp2_common/hardware_claim/claim.c.obj
                0x0000000010001630                hw_claim_lock
 .text.hw_claim_unlock
                0x0000000010001648       0x14 CMakeFiles/pico_webserver.dir/pico-sdk/src/rp2_common/hardware_claim/claim.c.obj
                0x0000000010001648                hw_claim_unlock
 .text.hw_claim_or_assert
                0x000000001000165c       0x44 CMakeFiles/pico_webserver.dir/pico-sdk/src/rp2_common/hardware_claim/claim.c.obj
                0x000000001000165c                hw_claim_or_assert
 .text.hw_claim_unused_from_range
                0x00000000100016a0       0x9c CMakeFiles/pico_webserver.dir/pico-sdk/src/rp2_common/hardware_claim/claim.c.obj
                0x00000000100016a0                hw_claim_unused_from_range
 .text.hw_claim_clear
                0x000000001000173c       0x38 CMakeFiles/pico_webserver.dir/pico-sdk/src/rp2_common/hardware_claim/claim.c.obj
                0x000000001000173c                hw_claim_clear
 .text.spin_locks_reset
                0x0000000010001774       0x1c CMakeFiles/pico_webserver.dir/pico-sdk/src/rp2_common/hardware_sync/sync.c.obj
                0x0000000010001774                spin_locks_reset
 .text.next_striped_spin_lock_num
                0x0000000010001790       0x18 CMakeFiles/pico_webserver.dir/pico-sdk/src/rp2_common/hardware_sync/sync.c.obj
                0x0000000010001790                next_striped_spin_lock_num
 .text.spin_lock_claim_unused
                0x00000000100017a8       0x20 CMakeFiles/pico_webserver.dir/pico-sdk/src/rp2_common/hardware_sync/sync.c.obj
                0x00000000100017a8                spin_lock_claim_unused
 .text.irq_set_enabled
                0x00000000100017c8       0x24 CMakeFiles/pico_webserver.dir/pico-sdk/src/rp2_common/hardware_irq/irq.c.obj
                0x00000000100017c8                irq_set_enabled
 .text.irq_is_enabled
                0x00000000100017ec       0x18 CMakeFiles/pico_webserver.dir/pico-sdk/src/rp2_common/hardware_irq/irq.c.obj
                0x00000000100017ec                irq_is_enabled
 .text.irq_set_pending
                0x0000000010001804       0x10 CMakeFiles/pico_webserver.dir/pico-sdk/src/rp2_common/hardware_irq/irq.c.obj
                0x0000000010001804                irq_set_pending
 .text.irq_get_vtable_handler
                0x0000000010001814       0x10 CMakeFiles/pico_webserver.dir/pico-sdk/src/rp2_common/hardware_irq/irq.c.obj
                0x0000000010001814                irq_get_vtable_handler
 .text.irq_set_exclusive_handler
                0x0000000010001824       0x54 CMakeFiles/pico_webserver.dir/pico-sdk/src/rp2_common/hardware_irq/irq.c.obj
                0x0000000010001824                irq_set_exclusive_handler
 .text.irq_add_shared_handler
                0x0000000010001878      0x1e8 CMakeFiles/pico_webserver.dir/pico-sdk/src/rp2_common/hardware_irq/irq.c.obj
                0x0000000010001878                irq_add_shared_handler
 .text.irq_remove_handler
                0x0000000010001a60      0x1b0 CMakeFiles/pico_webserver.dir/pico-sdk/src/rp2_common/hardware_irq/irq.c.obj
                0x0000000010001a60                irq_remove_handler
 .text.irq_set_priority
                0x0000000010001c10       0x28 CMakeFiles/pico_webserver.dir/pico-sdk/src/rp2_common/hardware_irq/irq.c.obj
                0x0000000010001c10                irq_set_priority
 .text.irq_add_tail_to_free_list
                0x0000000010001c38       0xb4 CMakeFiles/pico_webserver.dir/pico-sdk/src/rp2_common/hardware_irq/irq.c.obj
                0x0000000010001c38                irq_add_tail_to_free_list
 .text.irq_init_priorities
                0x0000000010001cec       0x24 CMakeFiles/pico_webserver.dir/pico-sdk/src/rp2_common/hardware_irq/irq.c.obj
                0x0000000010001cec                irq_init_priorities
 .text.user_irq_unclaim
                0x0000000010001d10       0x14 CMakeFiles/pico_webserver.dir/pico-sdk/src/rp2_common/hardware_irq/irq.c.obj
                0x0000000010001d10                user_irq_unclaim
 .text.user_irq_claim_unused
                0x0000000010001d24       0x28 CMakeFiles/pico_webserver.dir/pico-sdk/src/rp2_common/hardware_irq/irq.c.obj
                0x0000000010001d24                user_irq_claim_unused
 .text.sem_init
                0x0000000010001d4c       0x20 CMakeFiles/pico_webserver.dir/pico-sdk/src/common/pico_sync/sem.c.obj
                0x0000000010001d4c                sem_init
 .text.lock_init
                0x0000000010001d6c       0x10 CMakeFiles/pico_webserver.dir/pico-sdk/src/common/pico_sync/lock_core.c.obj
                0x0000000010001d6c                lock_init
 .text.mutex_init
                0x0000000010001d7c       0x1c CMakeFiles/pico_webserver.dir/pico-sdk/src/common/pico_sync/mutex.c.obj
                0x0000000010001d7c                mutex_init
 .text.recursive_mutex_init
                0x0000000010001d98       0x1c CMakeFiles/pico_webserver.dir/pico-sdk/src/common/pico_sync/mutex.c.obj
                0x0000000010001d98                recursive_mutex_init
 .text.critical_section_init
                0x0000000010001db4       0x20 CMakeFiles/pico_webserver.dir/pico-sdk/src/common/pico_sync/critical_section.c.obj
                0x0000000010001db4                critical_section_init
 .text.timer_pool_entry_comparator
                0x0000000010001dd4       0x34 CMakeFiles/pico_webserver.dir/pico-sdk/src/common/pico_time/time.c.obj
                0x0000000010001dd4                timer_pool_entry_comparator
 .text.sleep_until_callback
                0x0000000010001e08       0x30 CMakeFiles/pico_webserver.dir/pico-sdk/src/common/pico_time/time.c.obj
 .text.add_alarm_under_lock.isra.0
                0x0000000010001e38      0x100 CMakeFiles/pico_webserver.dir/pico-sdk/src/common/pico_time/time.c.obj
 .text.alarm_pool_alarm_callback
                0x0000000010001f38      0x1bc CMakeFiles/pico_webserver.dir/pico-sdk/src/common/pico_time/time.c.obj
 .text.alarm_pool_init_default
                0x00000000100020f4       0x6c CMakeFiles/pico_webserver.dir/pico-sdk/src/common/pico_time/time.c.obj
                0x00000000100020f4                alarm_pool_init_default
 .text.alarm_pool_get_default
                0x0000000010002160        0x8 CMakeFiles/pico_webserver.dir/pico-sdk/src/common/pico_time/time.c.obj
                0x0000000010002160                alarm_pool_get_default
 .text.alarm_pool_create_with_unused_hardware_alarm
                0x0000000010002168       0x74 CMakeFiles/pico_webserver.dir/pico-sdk/src/common/pico_time/time.c.obj
                0x0000000010002168                alarm_pool_create_with_unused_hardware_alarm
 .text.alarm_pool_destroy
                0x00000000100021dc       0x44 CMakeFiles/pico_webserver.dir/pico-sdk/src/common/pico_time/time.c.obj
                0x00000000100021dc                alarm_pool_destroy
 .text.alarm_pool_add_alarm_at
                0x0000000010002220      0x178 CMakeFiles/pico_webserver.dir/pico-sdk/src/common/pico_time/time.c.obj
                0x0000000010002220                alarm_pool_add_alarm_at
 .text.alarm_pool_add_alarm_at_force_in_context
                0x0000000010002398      0x124 CMakeFiles/pico_webserver.dir/pico-sdk/src/common/pico_time/time.c.obj
                0x0000000010002398                alarm_pool_add_alarm_at_force_in_context
 .text.alarm_pool_cancel_alarm
                0x00000000100024bc       0x78 CMakeFiles/pico_webserver.dir/pico-sdk/src/common/pico_time/time.c.obj
                0x00000000100024bc                alarm_pool_cancel_alarm
 .text.alarm_pool_core_num
                0x0000000010002534        0x4 CMakeFiles/pico_webserver.dir/pico-sdk/src/common/pico_time/time.c.obj
                0x0000000010002534                alarm_pool_core_num
 .text.sleep_until
                0x0000000010002538       0xc4 CMakeFiles/pico_webserver.dir/pico-sdk/src/common/pico_time/time.c.obj
                0x0000000010002538                sleep_until
 .text.sleep_ms
                0x00000000100025fc       0x34 CMakeFiles/pico_webserver.dir/pico-sdk/src/common/pico_time/time.c.obj
                0x00000000100025fc                sleep_ms
 .text.best_effort_wfe_or_timeout
                0x0000000010002630       0xd4 CMakeFiles/pico_webserver.dir/pico-sdk/src/common/pico_time/time.c.obj
                0x0000000010002630                best_effort_wfe_or_timeout
 .text.hardware_alarm_irq_handler
                0x0000000010002704       0xbc CMakeFiles/pico_webserver.dir/pico-sdk/src/rp2_common/hardware_timer/timer.c.obj
 .text.hardware_alarm_claim
                0x00000000100027c0       0x18 CMakeFiles/pico_webserver.dir/pico-sdk/src/rp2_common/hardware_timer/timer.c.obj
                0x00000000100027c0                hardware_alarm_claim
 .text.hardware_alarm_unclaim
                0x00000000100027d8       0x10 CMakeFiles/pico_webserver.dir/pico-sdk/src/rp2_common/hardware_timer/timer.c.obj
                0x00000000100027d8                hardware_alarm_unclaim
 .text.hardware_alarm_claim_unused
                0x00000000100027e8       0x20 CMakeFiles/pico_webserver.dir/pico-sdk/src/rp2_common/hardware_timer/timer.c.obj
                0x00000000100027e8                hardware_alarm_claim_unused
 .text.time_us_64
                0x0000000010002808       0x14 CMakeFiles/pico_webserver.dir/pico-sdk/src/rp2_common/hardware_timer/timer.c.obj
                0x0000000010002808                time_us_64
 .text.busy_wait_until
                0x000000001000281c       0x20 CMakeFiles/pico_webserver.dir/pico-sdk/src/rp2_common/hardware_timer/timer.c.obj
                0x000000001000281c                busy_wait_until
 .text.hardware_alarm_set_callback
                0x000000001000283c       0x8c CMakeFiles/pico_webserver.dir/pico-sdk/src/rp2_common/hardware_timer/timer.c.obj
                0x000000001000283c                hardware_alarm_set_callback
 .text.hardware_alarm_set_target
                0x00000000100028c8       0xd4 CMakeFiles/pico_webserver.dir/pico-sdk/src/rp2_common/hardware_timer/timer.c.obj
                0x00000000100028c8                hardware_alarm_set_target
 .text.hardware_alarm_cancel
                0x000000001000299c       0x3c CMakeFiles/pico_webserver.dir/pico-sdk/src/rp2_common/hardware_timer/timer.c.obj
                0x000000001000299c                hardware_alarm_cancel
 .text.hardware_alarm_force_irq
                0x00000000100029d8       0x3c CMakeFiles/pico_webserver.dir/pico-sdk/src/rp2_common/hardware_timer/timer.c.obj
                0x00000000100029d8                hardware_alarm_force_irq
 .text.ph_merge_nodes
                0x0000000010002a14       0x68 CMakeFiles/pico_webserver.dir/pico-sdk/src/common/pico_util/pheap.c.obj
 .text.ph_create
                0x0000000010002a7c       0x60 CMakeFiles/pico_webserver.dir/pico-sdk/src/common/pico_util/pheap.c.obj
                0x0000000010002a7c                ph_create
 .text.ph_post_alloc_init
                0x0000000010002adc       0x3c CMakeFiles/pico_webserver.dir/pico-sdk/src/common/pico_util/pheap.c.obj
                0x0000000010002adc                ph_post_alloc_init
 .text.ph_destroy
                0x0000000010002b18       0x14 CMakeFiles/pico_webserver.dir/pico-sdk/src/common/pico_util/pheap.c.obj
                0x0000000010002b18                ph_destroy
 .text.ph_merge_two_pass
                0x0000000010002b2c       0x90 CMakeFiles/pico_webserver.dir/pico-sdk/src/common/pico_util/pheap.c.obj
                0x0000000010002b2c                ph_merge_two_pass
 .text.ph_remove_any_head
                0x0000000010002bbc      0x100 CMakeFiles/pico_webserver.dir/pico-sdk/src/common/pico_util/pheap.c.obj
 .text.ph_remove_head
                0x0000000010002cbc      0x104 CMakeFiles/pico_webserver.dir/pico-sdk/src/common/pico_util/pheap.c.obj
                0x0000000010002cbc                ph_remove_head
 .text.ph_remove_and_free_node
                0x0000000010002dc0       0x7c CMakeFiles/pico_webserver.dir/pico-sdk/src/common/pico_util/pheap.c.obj
                0x0000000010002dc0                ph_remove_and_free_node
 .text.clock_configure
                0x0000000010002e3c      0x118 CMakeFiles/pico_webserver.dir/pico-sdk/src/rp2_common/hardware_clocks/clocks.c.obj
                0x0000000010002e3c                clock_configure
 .text.clocks_init
                0x0000000010002f54      0x2d0 CMakeFiles/pico_webserver.dir/pico-sdk/src/rp2_common/hardware_clocks/clocks.c.obj
                0x0000000010002f54                clocks_init
 .text.clock_get_hz
                0x0000000010003224        0xc CMakeFiles/pico_webserver.dir/pico-sdk/src/rp2_common/hardware_clocks/clocks.c.obj
                0x0000000010003224                clock_get_hz
 .text.pll_init
                0x0000000010003230       0xa0 CMakeFiles/pico_webserver.dir/pico-sdk/src/rp2_common/hardware_pll/pll.c.obj
                0x0000000010003230                pll_init
 .text.watchdog_start_tick
                0x00000000100032d0       0x10 CMakeFiles/pico_webserver.dir/pico-sdk/src/rp2_common/hardware_watchdog/watchdog.c.obj
                0x00000000100032d0                watchdog_start_tick
 .text.xosc_init
                0x00000000100032e0       0x28 CMakeFiles/pico_webserver.dir/pico-sdk/src/rp2_common/hardware_xosc/xosc.c.obj
                0x00000000100032e0                xosc_init
 .text.runtime_init
                0x0000000010003308       0xf0 CMakeFiles/pico_webserver.dir/pico-sdk/src/rp2_common/pico_runtime/runtime.c.obj
                0x0000000010003308                runtime_init
 .text._exit    0x00000000100033f8       0x14 CMakeFiles/pico_webserver.dir/pico-sdk/src/rp2_common/pico_runtime/runtime.c.obj
                0x00000000100033f8                _exit
 .text._sbrk    0x000000001000340c       0x34 CMakeFiles/pico_webserver.dir/pico-sdk/src/rp2_common/pico_runtime/runtime.c.obj
                0x000000001000340c                _sbrk
 .text.exit     0x0000000010003440        0x8 CMakeFiles/pico_webserver.dir/pico-sdk/src/rp2_common/pico_runtime/runtime.c.obj
                0x0000000010003440                exit
 .text.panic    0x0000000010003448       0x30 CMakeFiles/pico_webserver.dir/pico-sdk/src/rp2_common/pico_runtime/runtime.c.obj
                0x0000000010003448                panic
 .text.hard_assertion_failure
                0x0000000010003478        0xc CMakeFiles/pico_webserver.dir/pico-sdk/src/rp2_common/pico_runtime/runtime.c.obj
                0x0000000010003478                hard_assertion_failure
 .text._out_buffer
                0x0000000010003484        0x8 CMakeFiles/pico_webserver.dir/pico-sdk/src/rp2_common/pico_printf/printf.c.obj
 .text._out_null
                0x000000001000348c        0x4 CMakeFiles/pico_webserver.dir/pico-sdk/src/rp2_common/pico_printf/printf.c.obj
 .text._out_rev
                0x0000000010003490       0x9c CMakeFiles/pico_webserver.dir/pico-sdk/src/rp2_common/pico_printf/printf.c.obj
 .text._ntoa_format
                0x000000001000352c      0x1cc CMakeFiles/pico_webserver.dir/pico-sdk/src/rp2_common/pico_printf/printf.c.obj
 .text._out_char
                0x00000000100036f8       0x10 CMakeFiles/pico_webserver.dir/pico-sdk/src/rp2_common/pico_printf/printf.c.obj
 .text._out_fct
                0x0000000010003708       0x10 CMakeFiles/pico_webserver.dir/pico-sdk/src/rp2_common/pico_printf/printf.c.obj
 .text._etoa    0x0000000010003718      0x44c CMakeFiles/pico_webserver.dir/pico-sdk/src/rp2_common/pico_printf/printf.c.obj
 .text._ftoa    0x0000000010003b64      0x398 CMakeFiles/pico_webserver.dir/pico-sdk/src/rp2_common/pico_printf/printf.c.obj
 .text._vsnprintf
                0x0000000010003efc      0xb04 CMakeFiles/pico_webserver.dir/pico-sdk/src/rp2_common/pico_printf/printf.c.obj
 .text.__wrap_sprintf
                0x0000000010004a00       0x28 CMakeFiles/pico_webserver.dir/pico-sdk/src/rp2_common/pico_printf/printf.c.obj
                0x0000000010004a00                __wrap_sprintf
 .text.__wrap_snprintf
                0x0000000010004a28       0x28 CMakeFiles/pico_webserver.dir/pico-sdk/src/rp2_common/pico_printf/printf.c.obj
                0x0000000010004a28                __wrap_snprintf
 .text.vfctprintf
                0x0000000010004a50       0x20 CMakeFiles/pico_webserver.dir/pico-sdk/src/rp2_common/pico_printf/printf.c.obj
                0x0000000010004a50                vfctprintf
 .text.weak_raw_vprintf
                0x0000000010004a70       0x30 CMakeFiles/pico_webserver.dir/pico-sdk/src/rp2_common/pico_printf/printf.c.obj
                0x0000000010004a70                weak_raw_vprintf
 .text          0x0000000010004aa0       0x10 CMakeFiles/pico_webserver.dir/pico-sdk/src/rp2_common/pico_bit_ops/bit_ops_aeabi.S.obj
 .text.ctzsi    0x0000000010004ab0        0xc CMakeFiles/pico_webserver.dir/pico-sdk/src/rp2_common/pico_bit_ops/bit_ops_aeabi.S.obj
                0x0000000010004ab0                __wrap___ctzsi2
 .text.rom_func_lookup
                0x0000000010004abc       0x10 CMakeFiles/pico_webserver.dir/pico-sdk/src/rp2_common/pico_bootrom/bootrom.c.obj
                0x0000000010004abc                rom_func_lookup
 .text.rom_data_lookup
                0x0000000010004acc       0x10 CMakeFiles/pico_webserver.dir/pico-sdk/src/rp2_common/pico_bootrom/bootrom.c.obj
                0x0000000010004acc                rom_data_lookup
 .text.rom_funcs_lookup
                0x0000000010004adc       0x44 CMakeFiles/pico_webserver.dir/pico-sdk/src/rp2_common/pico_bootrom/bootrom.c.obj
                0x0000000010004adc                rom_funcs_lookup
 .text.__wrap___aeabi_idiv
                0x0000000010004b20       0x50 CMakeFiles/pico_webserver.dir/pico-sdk/src/rp2_common/pico_divider/divider.S.obj
                0x0000000010004b20                __wrap___aeabi_idivmod
                0x0000000010004b20                divmod_s32s32
                0x0000000010004b20                div_s32s32
                0x0000000010004b20                __wrap___aeabi_idiv
                0x0000000010004b28                divmod_s32s32_unsafe
                0x0000000010004b54                divmod_s32s32_savestate
 .text.__wrap___aeabi_uidiv
                0x0000000010004b70       0x4c CMakeFiles/pico_webserver.dir/pico-sdk/src/rp2_common/pico_divider/divider.S.obj
                0x0000000010004b70                __wrap___aeabi_uidiv
                0x0000000010004b70                __wrap___aeabi_uidivmod
                0x0000000010004b70                div_u32u32
                0x0000000010004b70                divmod_u32u32
                0x0000000010004b78                divmod_u32u32_unsafe
                0x0000000010004ba0                divmod_u32u32_savestate
 .text.__wrap___aeabi_ldiv
                0x0000000010004bbc      0x424 CMakeFiles/pico_webserver.dir/pico-sdk/src/rp2_common/pico_divider/divider.S.obj
                0x0000000010004bbc                div_s64s64
                0x0000000010004bbc                divmod_s64s64
                0x0000000010004bbc                __wrap___aeabi_ldivmod
                0x0000000010004bec                div_u64u64
                0x0000000010004bec                divmod_u64u64
                0x0000000010004bec                __wrap___aeabi_uldivmod
                0x0000000010004bfc                divmod_u64u64_savestate
                0x0000000010004c1c                divmod_s64s64_unsafe
                0x0000000010004ca4                divmod_u64u64_unsafe
 .text.__wrap___aeabi_darithmetic
                0x0000000010004fe0       0x60 CMakeFiles/pico_webserver.dir/pico-sdk/src/rp2_common/pico_double/double_aeabi.S.obj
                0x0000000010004fe0                __wrap___aeabi_drsub
                0x0000000010004fe6                __wrap___aeabi_dsub
                0x0000000010004ff0                __wrap___aeabi_dadd
                0x0000000010004ffa                __wrap___aeabi_ddiv
                0x000000001000502e                __wrap___aeabi_dmul
 .text.__wrap___aeabi_cdcmple
                0x0000000010005040       0x6c CMakeFiles/pico_webserver.dir/pico-sdk/src/rp2_common/pico_double/double_aeabi.S.obj
                0x0000000010005040                __wrap___aeabi_cdrcmple
                0x0000000010005050                __wrap___aeabi_cdcmple
                0x0000000010005050                __wrap___aeabi_cdcmpeq
 .text.__wrap___aeabi_dcmplt
                0x00000000100050ac        0xc CMakeFiles/pico_webserver.dir/pico-sdk/src/rp2_common/pico_double/double_aeabi.S.obj
                0x00000000100050ac                __wrap___aeabi_dcmplt
 .text.__wrap___aeabi_dcmple
                0x00000000100050b8       0x10 CMakeFiles/pico_webserver.dir/pico-sdk/src/rp2_common/pico_double/double_aeabi.S.obj
                0x00000000100050b8                __wrap___aeabi_dcmple
 .text.__wrap___aeabi_dcmpge
                0x00000000100050c8       0x10 CMakeFiles/pico_webserver.dir/pico-sdk/src/rp2_common/pico_double/double_aeabi.S.obj
                0x00000000100050c8                __wrap___aeabi_dcmpge
 .text.__wrap___aeabi_dcmpgt
                0x00000000100050d8        0xa CMakeFiles/pico_webserver.dir/pico-sdk/src/rp2_common/pico_double/double_aeabi.S.obj
                0x00000000100050d8                __wrap___aeabi_dcmpgt
 .text.__wrap___aeabi_dcmpun
                0x00000000100050e2       0x1c CMakeFiles/pico_webserver.dir/pico-sdk/src/rp2_common/pico_double/double_aeabi.S.obj
                0x00000000100050e2                __wrap___aeabi_dcmpun
 *fill*         0x00000000100050fe        0x2 
 .text.__wrap___aeabi_i2d
                0x0000000010005100       0x38 CMakeFiles/pico_webserver.dir/pico-sdk/src/rp2_common/pico_double/double_aeabi.S.obj
                0x0000000010005100                __wrap___aeabi_ui2d
                0x0000000010005108                __wrap___aeabi_i2d
 .text.__wrap___aeabi_d2iz
                0x0000000010005138       0x48 CMakeFiles/pico_webserver.dir/pico-sdk/src/rp2_common/pico_double/double_aeabi.S.obj
                0x0000000010005138                __wrap___aeabi_d2iz
                0x0000000010005138                double2int_z
 .text.__wrap___aeabi_d2uiz
                0x0000000010005180       0x10 CMakeFiles/pico_webserver.dir/pico-sdk/src/rp2_common/pico_double/double_aeabi.S.obj
                0x0000000010005180                double2uint
                0x0000000010005180                __wrap___aeabi_d2uiz
 .text.missing_double_func_shim
                0x0000000010005190        0xc CMakeFiles/pico_webserver.dir/pico-sdk/src/rp2_common/pico_double/double_init_rom.c.obj
 .text.__aeabi_double_init
                0x000000001000519c       0x98 CMakeFiles/pico_webserver.dir/pico-sdk/src/rp2_common/pico_double/double_init_rom.c.obj
                0x000000001000519c                __aeabi_double_init
 .text.double_table_shim_on_use_helper
                0x0000000010005234       0x2c CMakeFiles/pico_webserver.dir/pico-sdk/src/rp2_common/pico_double/double_v1_rom_shim.S.obj
                0x0000000010005234                double_table_shim_on_use_helper
 .text.__aeabi_lmul
                0x0000000010005260       0x32 CMakeFiles/pico_webserver.dir/pico-sdk/src/rp2_common/pico_int64_ops/pico_int64_ops_aeabi.S.obj
                0x0000000010005260                __wrap___aeabi_lmul
 *fill*         0x0000000010005292        0x2 
 .text.__wrap___aeabi_farithmetic
                0x0000000010005294       0x48 CMakeFiles/pico_webserver.dir/pico-sdk/src/rp2_common/pico_float/float_aeabi.S.obj
                0x0000000010005294                __wrap___aeabi_frsub
                0x000000001000529a                __wrap___aeabi_fsub
                0x00000000100052a0                __wrap___aeabi_fadd
                0x00000000100052a6                __wrap___aeabi_fdiv
                0x00000000100052ce                __wrap___aeabi_fmul
 .text.__wrap___aeabi_i2f
                0x00000000100052dc       0x44 CMakeFiles/pico_webserver.dir/pico-sdk/src/rp2_common/pico_float/float_aeabi.S.obj
                0x00000000100052dc                __wrap___aeabi_i2f
 .text.__wrap___aeabi_f2d
                0x0000000010005320        0xc CMakeFiles/pico_webserver.dir/pico-sdk/src/rp2_common/pico_float/float_aeabi.S.obj
                0x0000000010005320                __wrap___aeabi_f2d
 .text.missing_float_func_shim
                0x000000001000532c        0xc CMakeFiles/pico_webserver.dir/pico-sdk/src/rp2_common/pico_float/float_init_rom.c.obj
 .text.__aeabi_float_init
                0x0000000010005338       0x5c CMakeFiles/pico_webserver.dir/pico-sdk/src/rp2_common/pico_float/float_init_rom.c.obj
                0x0000000010005338                __aeabi_float_init
 .text.__wrap_malloc
                0x0000000010005394       0x3c CMakeFiles/pico_webserver.dir/pico-sdk/src/rp2_common/pico_malloc/pico_malloc.c.obj
                0x0000000010005394                __wrap_malloc
 .text.__wrap_calloc
                0x00000000100053d0       0x40 CMakeFiles/pico_webserver.dir/pico-sdk/src/rp2_common/pico_malloc/pico_malloc.c.obj
                0x00000000100053d0                __wrap_calloc
 .text.__wrap_free
                0x0000000010005410       0x20 CMakeFiles/pico_webserver.dir/pico-sdk/src/rp2_common/pico_malloc/pico_malloc.c.obj
                0x0000000010005410                __wrap_free
 .text          0x0000000010005430       0x10 CMakeFiles/pico_webserver.dir/pico-sdk/src/rp2_common/pico_mem_ops/mem_ops_aeabi.S.obj
                0x0000000010005430                __aeabi_mem_init
 .text.memset   0x0000000010005440        0xc CMakeFiles/pico_webserver.dir/pico-sdk/src/rp2_common/pico_mem_ops/mem_ops_aeabi.S.obj
                0x0000000010005440                __wrap_memset
 .text.memcpy   0x000000001000544c        0xc CMakeFiles/pico_webserver.dir/pico-sdk/src/rp2_common/pico_mem_ops/mem_ops_aeabi.S.obj
                0x000000001000544c                __wrap___aeabi_memcpy
                0x000000001000544c                __wrap_memcpy
 .text.stdio_out_chars_no_crlf
                0x0000000010005458       0x10 CMakeFiles/pico_webserver.dir/pico-sdk/src/rp2_common/pico_stdio/stdio.c.obj
 .text.stdio_out_chars_crlf
                0x0000000010005468       0xb4 CMakeFiles/pico_webserver.dir/pico-sdk/src/rp2_common/pico_stdio/stdio.c.obj
 .text.stdio_buffered_printer
                0x000000001000551c       0x64 CMakeFiles/pico_webserver.dir/pico-sdk/src/rp2_common/pico_stdio/stdio.c.obj
 .text.stdio_put_string.isra.0
                0x0000000010005580       0xfc CMakeFiles/pico_webserver.dir/pico-sdk/src/rp2_common/pico_stdio/stdio.c.obj
 .text.__wrap_putchar
                0x000000001000567c       0x98 CMakeFiles/pico_webserver.dir/pico-sdk/src/rp2_common/pico_stdio/stdio.c.obj
                0x000000001000567c                __wrap_putchar
 .text.__wrap_puts
                0x0000000010005714       0x3c CMakeFiles/pico_webserver.dir/pico-sdk/src/rp2_common/pico_stdio/stdio.c.obj
                0x0000000010005714                __wrap_puts
 .text.__wrap_vprintf
                0x0000000010005750       0xd8 CMakeFiles/pico_webserver.dir/pico-sdk/src/rp2_common/pico_stdio/stdio.c.obj
                0x0000000010005750                __wrap_vprintf
 .text.__wrap_printf
                0x0000000010005828       0x18 CMakeFiles/pico_webserver.dir/pico-sdk/src/rp2_common/pico_stdio/stdio.c.obj
                0x0000000010005828                __wrap_printf
 .text.startup._retrieve_unique_id_on_boot
                0x0000000010005840       0x10 CMakeFiles/pico_webserver.dir/pico-sdk/src/rp2_common/pico_unique_id/unique_id.c.obj
 .text.pico_get_unique_board_id
                0x0000000010005850       0x10 CMakeFiles/pico_webserver.dir/pico-sdk/src/rp2_common/pico_unique_id/unique_id.c.obj
                0x0000000010005850                pico_get_unique_board_id
 .text.flash_get_unique_id
                0x0000000010005860       0x40 CMakeFiles/pico_webserver.dir/pico-sdk/src/rp2_common/hardware_flash/flash.c.obj
                0x0000000010005860                flash_get_unique_id
 .text.dcd_int_enable
                0x00000000100058a0        0xc CMakeFiles/pico_webserver.dir/pico-sdk/lib/tinyusb/src/portable/raspberrypi/rp2040/dcd_rp2040.c.obj
                0x00000000100058a0                dcd_int_enable
 .text.dcd_set_address
                0x00000000100058ac       0x14 CMakeFiles/pico_webserver.dir/pico-sdk/lib/tinyusb/src/portable/raspberrypi/rp2040/dcd_rp2040.c.obj
                0x00000000100058ac                dcd_set_address
 .text.dcd_connect
                0x00000000100058c0       0x10 CMakeFiles/pico_webserver.dir/pico-sdk/lib/tinyusb/src/portable/raspberrypi/rp2040/dcd_rp2040.c.obj
                0x00000000100058c0                dcd_connect
 .text.dcd_init
                0x00000000100058d0       0x98 CMakeFiles/pico_webserver.dir/pico-sdk/lib/tinyusb/src/portable/raspberrypi/rp2040/dcd_rp2040.c.obj
                0x00000000100058d0                dcd_init
 .text.dcd_edpt0_status_complete
                0x0000000010005968       0x1c CMakeFiles/pico_webserver.dir/pico-sdk/lib/tinyusb/src/portable/raspberrypi/rp2040/dcd_rp2040.c.obj
                0x0000000010005968                dcd_edpt0_status_complete
 .text.dcd_edpt_open
                0x0000000010005984      0x108 CMakeFiles/pico_webserver.dir/pico-sdk/lib/tinyusb/src/portable/raspberrypi/rp2040/dcd_rp2040.c.obj
                0x0000000010005984                dcd_edpt_open
 .text.dcd_edpt_close_all
                0x0000000010005a8c        0x8 CMakeFiles/pico_webserver.dir/pico-sdk/lib/tinyusb/src/portable/raspberrypi/rp2040/dcd_rp2040.c.obj
                0x0000000010005a8c                dcd_edpt_close_all
 .text.dcd_edpt_xfer
                0x0000000010005a94       0x24 CMakeFiles/pico_webserver.dir/pico-sdk/lib/tinyusb/src/portable/raspberrypi/rp2040/dcd_rp2040.c.obj
                0x0000000010005a94                dcd_edpt_xfer
 .text.dcd_edpt_stall
                0x0000000010005ab8       0x38 CMakeFiles/pico_webserver.dir/pico-sdk/lib/tinyusb/src/portable/raspberrypi/rp2040/dcd_rp2040.c.obj
                0x0000000010005ab8                dcd_edpt_stall
 .text.dcd_edpt_clear_stall
                0x0000000010005af0       0x30 CMakeFiles/pico_webserver.dir/pico-sdk/lib/tinyusb/src/portable/raspberrypi/rp2040/dcd_rp2040.c.obj
                0x0000000010005af0                dcd_edpt_clear_stall
 .text.rp2040_usb_init
                0x0000000010005b20       0x4c CMakeFiles/pico_webserver.dir/pico-sdk/lib/tinyusb/src/portable/raspberrypi/rp2040/rp2040_usb.c.obj
                0x0000000010005b20                rp2040_usb_init
 .text.hw_endpoint_xfer_start
                0x0000000010005b6c       0x50 CMakeFiles/pico_webserver.dir/pico-sdk/lib/tinyusb/src/portable/raspberrypi/rp2040/rp2040_usb.c.obj
                0x0000000010005b6c                hw_endpoint_xfer_start
 .text.tud_mounted
                0x0000000010005bbc       0x10 CMakeFiles/pico_webserver.dir/pico-sdk/lib/tinyusb/src/device/usbd.c.obj
                0x0000000010005bbc                tud_mounted
 .text.tud_suspended
                0x0000000010005bcc       0x10 CMakeFiles/pico_webserver.dir/pico-sdk/lib/tinyusb/src/device/usbd.c.obj
                0x0000000010005bcc                tud_suspended
 .text.tud_inited
                0x0000000010005bdc       0x14 CMakeFiles/pico_webserver.dir/pico-sdk/lib/tinyusb/src/device/usbd.c.obj
                0x0000000010005bdc                tud_inited
 .text.tud_init
                0x0000000010005bf0       0xe4 CMakeFiles/pico_webserver.dir/pico-sdk/lib/tinyusb/src/device/usbd.c.obj
                0x0000000010005bf0                tud_init
 .text.tud_task_ext
                0x0000000010005cd4      0x870 CMakeFiles/pico_webserver.dir/pico-sdk/lib/tinyusb/src/device/usbd.c.obj
                0x0000000010005cd4                tud_task_ext
 .text.usbd_open_edpt_pair
                0x0000000010006544       0x9c CMakeFiles/pico_webserver.dir/pico-sdk/lib/tinyusb/src/device/usbd.c.obj
                0x0000000010006544                usbd_open_edpt_pair
 .text.usbd_edpt_open
                0x00000000100065e0       0x34 CMakeFiles/pico_webserver.dir/pico-sdk/lib/tinyusb/src/device/usbd.c.obj
                0x00000000100065e0                usbd_edpt_open
 .text.usbd_edpt_xfer
                0x0000000010006614       0x4c CMakeFiles/pico_webserver.dir/pico-sdk/lib/tinyusb/src/device/usbd.c.obj
                0x0000000010006614                usbd_edpt_xfer
 .text.usbd_edpt_busy
                0x0000000010006660       0x1c CMakeFiles/pico_webserver.dir/pico-sdk/lib/tinyusb/src/device/usbd.c.obj
                0x0000000010006660                usbd_edpt_busy
 .text.tud_control_status
                0x000000001000667c       0x30 CMakeFiles/pico_webserver.dir/pico-sdk/lib/tinyusb/src/device/usbd_control.c.obj
                0x000000001000667c                tud_control_status
 .text.tud_control_xfer
                0x00000000100066ac       0xbc CMakeFiles/pico_webserver.dir/pico-sdk/lib/tinyusb/src/device/usbd_control.c.obj
                0x00000000100066ac                tud_control_xfer
 .text.usbd_control_reset
                0x0000000010006768       0x14 CMakeFiles/pico_webserver.dir/pico-sdk/lib/tinyusb/src/device/usbd_control.c.obj
                0x0000000010006768                usbd_control_reset
 .text.usbd_control_set_complete_callback
                0x000000001000677c        0xc CMakeFiles/pico_webserver.dir/pico-sdk/lib/tinyusb/src/device/usbd_control.c.obj
                0x000000001000677c                usbd_control_set_complete_callback
 .text.usbd_control_set_request
                0x0000000010006788       0x1c CMakeFiles/pico_webserver.dir/pico-sdk/lib/tinyusb/src/device/usbd_control.c.obj
                0x0000000010006788                usbd_control_set_request
 .text.usbd_control_xfer_cb
                0x00000000100067a4       0xfc CMakeFiles/pico_webserver.dir/pico-sdk/lib/tinyusb/src/device/usbd_control.c.obj
                0x00000000100067a4                usbd_control_xfer_cb
 .text.tud_network_recv_renew
                0x00000000100068a0       0x20 CMakeFiles/pico_webserver.dir/pico-sdk/lib/tinyusb/src/class/net/ecm_rndis_device.c.obj
                0x00000000100068a0                tud_network_recv_renew
 .text.netd_report
                0x00000000100068c0       0x24 CMakeFiles/pico_webserver.dir/pico-sdk/lib/tinyusb/src/class/net/ecm_rndis_device.c.obj
                0x00000000100068c0                netd_report
 .text.netd_init
                0x00000000100068e4       0x14 CMakeFiles/pico_webserver.dir/pico-sdk/lib/tinyusb/src/class/net/ecm_rndis_device.c.obj
                0x00000000100068e4                netd_init
 .text.netd_reset
                0x00000000100068f8       0x14 CMakeFiles/pico_webserver.dir/pico-sdk/lib/tinyusb/src/class/net/ecm_rndis_device.c.obj
                0x00000000100068f8                netd_reset
 .text.netd_open
                0x000000001000690c      0x11c CMakeFiles/pico_webserver.dir/pico-sdk/lib/tinyusb/src/class/net/ecm_rndis_device.c.obj
                0x000000001000690c                netd_open
 .text.netd_control_xfer_cb
                0x0000000010006a28      0x174 CMakeFiles/pico_webserver.dir/pico-sdk/lib/tinyusb/src/class/net/ecm_rndis_device.c.obj
                0x0000000010006a28                netd_control_xfer_cb
 .text.netd_xfer_cb
                0x0000000010006b9c       0xec CMakeFiles/pico_webserver.dir/pico-sdk/lib/tinyusb/src/class/net/ecm_rndis_device.c.obj
                0x0000000010006b9c                netd_xfer_cb
 .text.tud_network_can_xmit
                0x0000000010006c88        0xc CMakeFiles/pico_webserver.dir/pico-sdk/lib/tinyusb/src/class/net/ecm_rndis_device.c.obj
                0x0000000010006c88                tud_network_can_xmit
 .text.tud_network_xmit
                0x0000000010006c94       0x98 CMakeFiles/pico_webserver.dir/pico-sdk/lib/tinyusb/src/class/net/ecm_rndis_device.c.obj
                0x0000000010006c94                tud_network_xmit
 .text.tusb_init
                0x0000000010006d2c        0xc CMakeFiles/pico_webserver.dir/pico-sdk/lib/tinyusb/src/tusb.c.obj
                0x0000000010006d2c                tusb_init
 .text.tusb_inited
                0x0000000010006d38        0x8 CMakeFiles/pico_webserver.dir/pico-sdk/lib/tinyusb/src/tusb.c.obj
                0x0000000010006d38                tusb_inited
 .text.tu_edpt_validate
                0x0000000010006d40       0x78 CMakeFiles/pico_webserver.dir/pico-sdk/lib/tinyusb/src/tusb.c.obj
                0x0000000010006d40                tu_edpt_validate
 .text.tu_edpt_bind_driver
                0x0000000010006db8       0x34 CMakeFiles/pico_webserver.dir/pico-sdk/lib/tinyusb/src/tusb.c.obj
                0x0000000010006db8                tu_edpt_bind_driver
 .text.tu_fifo_read
                0x0000000010006dec       0xa0 CMakeFiles/pico_webserver.dir/pico-sdk/lib/tinyusb/src/common/tusb_fifo.c.obj
                0x0000000010006dec                tu_fifo_read
 .text.tu_fifo_write
                0x0000000010006e8c       0x88 CMakeFiles/pico_webserver.dir/pico-sdk/lib/tinyusb/src/common/tusb_fifo.c.obj
                0x0000000010006e8c                tu_fifo_write
 .text.tu_fifo_clear
                0x0000000010006f14       0x40 CMakeFiles/pico_webserver.dir/pico-sdk/lib/tinyusb/src/common/tusb_fifo.c.obj
                0x0000000010006f14                tu_fifo_clear
 .text.lwip_timeout_reached
                0x0000000010006f54        0x8 CMakeFiles/pico_webserver.dir/pico-sdk/src/rp2_common/pico_lwip/lwip_nosys.c.obj
 .text.update_next_timeout
                0x0000000010006f5c       0x6c CMakeFiles/pico_webserver.dir/pico-sdk/src/rp2_common/pico_lwip/lwip_nosys.c.obj
 .text.lwip_nosys_init
                0x0000000010006fc8       0x30 CMakeFiles/pico_webserver.dir/pico-sdk/src/rp2_common/pico_lwip/lwip_nosys.c.obj
                0x0000000010006fc8                lwip_nosys_init
 .text.lwip_nosys_deinit
                0x0000000010006ff8       0x20 CMakeFiles/pico_webserver.dir/pico-sdk/src/rp2_common/pico_lwip/lwip_nosys.c.obj
                0x0000000010006ff8                lwip_nosys_deinit
 .text.sys_arch_protect
                0x0000000010007018        0x4 CMakeFiles/pico_webserver.dir/pico-sdk/src/rp2_common/pico_lwip/lwip_nosys.c.obj
                0x0000000010007018                sys_arch_protect
 .text.sys_arch_unprotect
                0x000000001000701c        0x4 CMakeFiles/pico_webserver.dir/pico-sdk/src/rp2_common/pico_lwip/lwip_nosys.c.obj
                0x000000001000701c                sys_arch_unprotect
 .text.sys_now  0x0000000010007020       0x20 CMakeFiles/pico_webserver.dir/pico-sdk/src/rp2_common/pico_lwip/lwip_nosys.c.obj
                0x0000000010007020                sys_now
 .text.async_context_base_add_at_time_worker
                0x0000000010007040       0x28 CMakeFiles/pico_webserver.dir/pico-sdk/src/rp2_common/pico_async_context/async_context_base.c.obj
                0x0000000010007040                async_context_base_add_at_time_worker
 .text.async_context_base_remove_at_time_worker
                0x0000000010007068       0x28 CMakeFiles/pico_webserver.dir/pico-sdk/src/rp2_common/pico_async_context/async_context_base.c.obj
                0x0000000010007068                async_context_base_remove_at_time_worker
 .text.async_context_base_add_when_pending_worker
                0x0000000010007090       0x24 CMakeFiles/pico_webserver.dir/pico-sdk/src/rp2_common/pico_async_context/async_context_base.c.obj
                0x0000000010007090                async_context_base_add_when_pending_worker
 .text.async_context_base_remove_when_pending_worker
                0x00000000100070b4       0x28 CMakeFiles/pico_webserver.dir/pico-sdk/src/rp2_common/pico_async_context/async_context_base.c.obj
                0x00000000100070b4                async_context_base_remove_when_pending_worker
 .text.async_context_base_execute_once
                0x00000000100070dc       0xe8 CMakeFiles/pico_webserver.dir/pico-sdk/src/rp2_common/pico_async_context/async_context_base.c.obj
                0x00000000100070dc                async_context_base_execute_once
 .text.async_context_base_needs_servicing
                0x00000000100071c4       0x54 CMakeFiles/pico_webserver.dir/pico-sdk/src/rp2_common/pico_async_context/async_context_base.c.obj
                0x00000000100071c4                async_context_base_needs_servicing
 .text.lwip_init
                0x0000000010007218       0x20 CMakeFiles/pico_webserver.dir/pico-sdk/lib/lwip/src/core/init.c.obj
                0x0000000010007218                lwip_init
 .text.lwip_htons
                0x0000000010007238        0x8 CMakeFiles/pico_webserver.dir/pico-sdk/lib/lwip/src/core/def.c.obj
                0x0000000010007238                lwip_htons
 .text.lwip_htonl
                0x0000000010007240        0x4 CMakeFiles/pico_webserver.dir/pico-sdk/lib/lwip/src/core/def.c.obj
                0x0000000010007240                lwip_htonl
 .text.lwip_strnstr
                0x0000000010007244       0x5c CMakeFiles/pico_webserver.dir/pico-sdk/lib/lwip/src/core/def.c.obj
                0x0000000010007244                lwip_strnstr
 .text.lwip_stricmp
                0x00000000100072a0       0x34 CMakeFiles/pico_webserver.dir/pico-sdk/lib/lwip/src/core/def.c.obj
                0x00000000100072a0                lwip_stricmp
 .text.lwip_standard_chksum
                0x00000000100072d4       0x80 CMakeFiles/pico_webserver.dir/pico-sdk/lib/lwip/src/core/inet_chksum.c.obj
                0x00000000100072d4                lwip_standard_chksum
 .text.inet_chksum_pseudo
                0x0000000010007354       0xb4 CMakeFiles/pico_webserver.dir/pico-sdk/lib/lwip/src/core/inet_chksum.c.obj
                0x0000000010007354                inet_chksum_pseudo
 .text.ip_chksum_pseudo
                0x0000000010007408       0x10 CMakeFiles/pico_webserver.dir/pico-sdk/lib/lwip/src/core/inet_chksum.c.obj
                0x0000000010007408                ip_chksum_pseudo
 .text.inet_chksum
                0x0000000010007418       0x8c CMakeFiles/pico_webserver.dir/pico-sdk/lib/lwip/src/core/inet_chksum.c.obj
                0x0000000010007418                inet_chksum
 .text.inet_chksum_pbuf
                0x00000000100074a4       0x6c CMakeFiles/pico_webserver.dir/pico-sdk/lib/lwip/src/core/inet_chksum.c.obj
                0x00000000100074a4                inet_chksum_pbuf
 .text.mem_init
                0x0000000010007510       0x48 CMakeFiles/pico_webserver.dir/pico-sdk/lib/lwip/src/core/mem.c.obj
                0x0000000010007510                mem_init
 .text.mem_free
                0x0000000010007558      0x128 CMakeFiles/pico_webserver.dir/pico-sdk/lib/lwip/src/core/mem.c.obj
                0x0000000010007558                mem_free
 .text.mem_trim
                0x0000000010007680      0x144 CMakeFiles/pico_webserver.dir/pico-sdk/lib/lwip/src/core/mem.c.obj
                0x0000000010007680                mem_trim
 .text.mem_malloc
                0x00000000100077c4      0x130 CMakeFiles/pico_webserver.dir/pico-sdk/lib/lwip/src/core/mem.c.obj
                0x00000000100077c4                mem_malloc
 .text.memp_init
                0x00000000100078f4       0x94 CMakeFiles/pico_webserver.dir/pico-sdk/lib/lwip/src/core/memp.c.obj
                0x00000000100078f4                memp_init
 .text.memp_malloc
                0x0000000010007988       0x4c CMakeFiles/pico_webserver.dir/pico-sdk/lib/lwip/src/core/memp.c.obj
                0x0000000010007988                memp_malloc
 .text.memp_free
                0x00000000100079d4       0x30 CMakeFiles/pico_webserver.dir/pico-sdk/lib/lwip/src/core/memp.c.obj
                0x00000000100079d4                memp_free
 .text.netif_null_output_ip4
                0x0000000010007a04        0x8 CMakeFiles/pico_webserver.dir/pico-sdk/lib/lwip/src/core/netif.c.obj
 .text.netif_init
                0x0000000010007a0c        0x4 CMakeFiles/pico_webserver.dir/pico-sdk/lib/lwip/src/core/netif.c.obj
                0x0000000010007a0c                netif_init
 .text.netif_set_addr
                0x0000000010007a10       0xc4 CMakeFiles/pico_webserver.dir/pico-sdk/lib/lwip/src/core/netif.c.obj
                0x0000000010007a10                netif_set_addr
 .text.netif_add
                0x0000000010007ad4       0xf8 CMakeFiles/pico_webserver.dir/pico-sdk/lib/lwip/src/core/netif.c.obj
                0x0000000010007ad4                netif_add
 .text.netif_remove
                0x0000000010007bcc       0x88 CMakeFiles/pico_webserver.dir/pico-sdk/lib/lwip/src/core/netif.c.obj
                0x0000000010007bcc                netif_remove
 .text.netif_set_default
                0x0000000010007c54        0xc CMakeFiles/pico_webserver.dir/pico-sdk/lib/lwip/src/core/netif.c.obj
                0x0000000010007c54                netif_set_default
 .text.netif_set_up
                0x0000000010007c60       0x14 CMakeFiles/pico_webserver.dir/pico-sdk/lib/lwip/src/core/netif.c.obj
                0x0000000010007c60                netif_set_up
 .text.netif_set_link_up
                0x0000000010007c74       0x1c CMakeFiles/pico_webserver.dir/pico-sdk/lib/lwip/src/core/netif.c.obj
                0x0000000010007c74                netif_set_link_up
 .text.netif_set_link_down
                0x0000000010007c90       0x1c CMakeFiles/pico_webserver.dir/pico-sdk/lib/lwip/src/core/netif.c.obj
                0x0000000010007c90                netif_set_link_down
 .text.netif_get_by_index
                0x0000000010007cac       0x2c CMakeFiles/pico_webserver.dir/pico-sdk/lib/lwip/src/core/netif.c.obj
                0x0000000010007cac                netif_get_by_index
 .text.pbuf_free.part.0
                0x0000000010007cd8       0x80 CMakeFiles/pico_webserver.dir/pico-sdk/lib/lwip/src/core/pbuf.c.obj
 .text.pbuf_free_ooseq
                0x0000000010007d58       0x34 CMakeFiles/pico_webserver.dir/pico-sdk/lib/lwip/src/core/pbuf.c.obj
                0x0000000010007d58                pbuf_free_ooseq
 .text.pbuf_alloc
                0x0000000010007d8c      0x12c CMakeFiles/pico_webserver.dir/pico-sdk/lib/lwip/src/core/pbuf.c.obj
                0x0000000010007d8c                pbuf_alloc
 .text.pbuf_alloced_custom
                0x0000000010007eb8       0x38 CMakeFiles/pico_webserver.dir/pico-sdk/lib/lwip/src/core/pbuf.c.obj
                0x0000000010007eb8                pbuf_alloced_custom
 .text.pbuf_realloc
                0x0000000010007ef0       0x70 CMakeFiles/pico_webserver.dir/pico-sdk/lib/lwip/src/core/pbuf.c.obj
                0x0000000010007ef0                pbuf_realloc
 .text.pbuf_add_header
                0x0000000010007f60       0x4c CMakeFiles/pico_webserver.dir/pico-sdk/lib/lwip/src/core/pbuf.c.obj
                0x0000000010007f60                pbuf_add_header
 .text.pbuf_remove_header
                0x0000000010007fac       0x38 CMakeFiles/pico_webserver.dir/pico-sdk/lib/lwip/src/core/pbuf.c.obj
                0x0000000010007fac                pbuf_remove_header
 .text.pbuf_header_force
                0x0000000010007fe4       0x6c CMakeFiles/pico_webserver.dir/pico-sdk/lib/lwip/src/core/pbuf.c.obj
                0x0000000010007fe4                pbuf_header_force
 .text.pbuf_free
                0x0000000010008050       0x10 CMakeFiles/pico_webserver.dir/pico-sdk/lib/lwip/src/core/pbuf.c.obj
                0x0000000010008050                pbuf_free
 .text.pbuf_clen
                0x0000000010008060       0x14 CMakeFiles/pico_webserver.dir/pico-sdk/lib/lwip/src/core/pbuf.c.obj
                0x0000000010008060                pbuf_clen
 .text.pbuf_ref
                0x0000000010008074       0x18 CMakeFiles/pico_webserver.dir/pico-sdk/lib/lwip/src/core/pbuf.c.obj
                0x0000000010008074                pbuf_ref
 .text.pbuf_cat
                0x000000001000808c       0x2c CMakeFiles/pico_webserver.dir/pico-sdk/lib/lwip/src/core/pbuf.c.obj
                0x000000001000808c                pbuf_cat
 .text.pbuf_chain
                0x00000000100080b8       0x44 CMakeFiles/pico_webserver.dir/pico-sdk/lib/lwip/src/core/pbuf.c.obj
                0x00000000100080b8                pbuf_chain
 .text.pbuf_copy_partial_pbuf
                0x00000000100080fc      0x11c CMakeFiles/pico_webserver.dir/pico-sdk/lib/lwip/src/core/pbuf.c.obj
                0x00000000100080fc                pbuf_copy_partial_pbuf
 .text.pbuf_copy
                0x0000000010008218       0x18 CMakeFiles/pico_webserver.dir/pico-sdk/lib/lwip/src/core/pbuf.c.obj
                0x0000000010008218                pbuf_copy
 .text.pbuf_copy_partial
                0x0000000010008230       0x70 CMakeFiles/pico_webserver.dir/pico-sdk/lib/lwip/src/core/pbuf.c.obj
                0x0000000010008230                pbuf_copy_partial
 .text.pbuf_take
                0x00000000100082a0       0x54 CMakeFiles/pico_webserver.dir/pico-sdk/lib/lwip/src/core/pbuf.c.obj
                0x00000000100082a0                pbuf_take
 .text.pbuf_clone
                0x00000000100082f4       0x20 CMakeFiles/pico_webserver.dir/pico-sdk/lib/lwip/src/core/pbuf.c.obj
                0x00000000100082f4                pbuf_clone
 .text.raw_input
                0x0000000010008314      0x12c CMakeFiles/pico_webserver.dir/pico-sdk/lib/lwip/src/core/raw.c.obj
                0x0000000010008314                raw_input
 .text.raw_netif_ip_addr_changed
                0x0000000010008440       0x40 CMakeFiles/pico_webserver.dir/pico-sdk/lib/lwip/src/core/raw.c.obj
                0x0000000010008440                raw_netif_ip_addr_changed
 .text.stats_init
                0x0000000010008480        0x4 CMakeFiles/pico_webserver.dir/pico-sdk/lib/lwip/src/core/stats.c.obj
                0x0000000010008480                stats_init
 .text.tcp_close_shutdown_fin
                0x0000000010008484       0x4c CMakeFiles/pico_webserver.dir/pico-sdk/lib/lwip/src/core/tcp.c.obj
 .text.tcp_pcb_purge.part.0
                0x00000000100084d0       0xc4 CMakeFiles/pico_webserver.dir/pico-sdk/lib/lwip/src/core/tcp.c.obj
 .text.tcp_init
                0x0000000010008594        0x4 CMakeFiles/pico_webserver.dir/pico-sdk/lib/lwip/src/core/tcp.c.obj
                0x0000000010008594                tcp_init
 .text.tcp_free
                0x0000000010008598        0xc CMakeFiles/pico_webserver.dir/pico-sdk/lib/lwip/src/core/tcp.c.obj
                0x0000000010008598                tcp_free
 .text.tcp_bind
                0x00000000100085a4       0xf8 CMakeFiles/pico_webserver.dir/pico-sdk/lib/lwip/src/core/tcp.c.obj
                0x00000000100085a4                tcp_bind
 .text.tcp_listen_with_backlog
                0x000000001000869c       0x88 CMakeFiles/pico_webserver.dir/pico-sdk/lib/lwip/src/core/tcp.c.obj
                0x000000001000869c                tcp_listen_with_backlog
 .text.tcp_update_rcv_ann_wnd
                0x0000000010008724       0x3c CMakeFiles/pico_webserver.dir/pico-sdk/lib/lwip/src/core/tcp.c.obj
                0x0000000010008724                tcp_update_rcv_ann_wnd
 .text.tcp_recved
                0x0000000010008760       0x78 CMakeFiles/pico_webserver.dir/pico-sdk/lib/lwip/src/core/tcp.c.obj
                0x0000000010008760                tcp_recved
 .text.tcp_slowtmr
                0x00000000100087d8      0x42c CMakeFiles/pico_webserver.dir/pico-sdk/lib/lwip/src/core/tcp.c.obj
                0x00000000100087d8                tcp_slowtmr
 .text.tcp_segs_free
                0x0000000010008c04       0x38 CMakeFiles/pico_webserver.dir/pico-sdk/lib/lwip/src/core/tcp.c.obj
                0x0000000010008c04                tcp_segs_free
 .text.tcp_seg_free
                0x0000000010008c3c       0x1c CMakeFiles/pico_webserver.dir/pico-sdk/lib/lwip/src/core/tcp.c.obj
                0x0000000010008c3c                tcp_seg_free
 .text.tcp_setprio
                0x0000000010008c58        0x8 CMakeFiles/pico_webserver.dir/pico-sdk/lib/lwip/src/core/tcp.c.obj
                0x0000000010008c58                tcp_setprio
 .text.tcp_seg_copy
                0x0000000010008c60       0x20 CMakeFiles/pico_webserver.dir/pico-sdk/lib/lwip/src/core/tcp.c.obj
                0x0000000010008c60                tcp_seg_copy
 .text.tcp_arg  0x0000000010008c80        0x8 CMakeFiles/pico_webserver.dir/pico-sdk/lib/lwip/src/core/tcp.c.obj
                0x0000000010008c80                tcp_arg
 .text.tcp_recv
                0x0000000010008c88        0xc CMakeFiles/pico_webserver.dir/pico-sdk/lib/lwip/src/core/tcp.c.obj
                0x0000000010008c88                tcp_recv
 .text.tcp_sent
                0x0000000010008c94        0xc CMakeFiles/pico_webserver.dir/pico-sdk/lib/lwip/src/core/tcp.c.obj
                0x0000000010008c94                tcp_sent
 .text.tcp_err  0x0000000010008ca0        0xc CMakeFiles/pico_webserver.dir/pico-sdk/lib/lwip/src/core/tcp.c.obj
                0x0000000010008ca0                tcp_err
 .text.tcp_accept
                0x0000000010008cac       0x10 CMakeFiles/pico_webserver.dir/pico-sdk/lib/lwip/src/core/tcp.c.obj
                0x0000000010008cac                tcp_accept
 .text.tcp_poll
                0x0000000010008cbc        0xc CMakeFiles/pico_webserver.dir/pico-sdk/lib/lwip/src/core/tcp.c.obj
                0x0000000010008cbc                tcp_poll
 .text.tcp_pcb_purge
                0x0000000010008cc8       0x18 CMakeFiles/pico_webserver.dir/pico-sdk/lib/lwip/src/core/tcp.c.obj
                0x0000000010008cc8                tcp_pcb_purge
 .text.tcp_pcb_remove
                0x0000000010008ce0       0x78 CMakeFiles/pico_webserver.dir/pico-sdk/lib/lwip/src/core/tcp.c.obj
                0x0000000010008ce0                tcp_pcb_remove
 .text.tcp_abandon
                0x0000000010008d58      0x184 CMakeFiles/pico_webserver.dir/pico-sdk/lib/lwip/src/core/tcp.c.obj
                0x0000000010008d58                tcp_abandon
 .text.tcp_abort
                0x0000000010008edc        0xc CMakeFiles/pico_webserver.dir/pico-sdk/lib/lwip/src/core/tcp.c.obj
                0x0000000010008edc                tcp_abort
 .text.tcp_accept_null
                0x0000000010008ee8       0x10 CMakeFiles/pico_webserver.dir/pico-sdk/lib/lwip/src/core/tcp.c.obj
 .text.tcp_alloc
                0x0000000010008ef8      0x1f8 CMakeFiles/pico_webserver.dir/pico-sdk/lib/lwip/src/core/tcp.c.obj
                0x0000000010008ef8                tcp_alloc
 .text.tcp_new_ip_type
                0x00000000100090f0      0x1d8 CMakeFiles/pico_webserver.dir/pico-sdk/lib/lwip/src/core/tcp.c.obj
                0x00000000100090f0                tcp_new_ip_type
 .text.tcp_close_shutdown
                0x00000000100092c8      0x14c CMakeFiles/pico_webserver.dir/pico-sdk/lib/lwip/src/core/tcp.c.obj
 .text.tcp_recv_null
                0x0000000010009414       0xa8 CMakeFiles/pico_webserver.dir/pico-sdk/lib/lwip/src/core/tcp.c.obj
                0x0000000010009414                tcp_recv_null
 .text.tcp_process_refused_data
                0x00000000100094bc       0xe8 CMakeFiles/pico_webserver.dir/pico-sdk/lib/lwip/src/core/tcp.c.obj
                0x00000000100094bc                tcp_process_refused_data
 .text.tcp_fasttmr
                0x00000000100095a4       0x98 CMakeFiles/pico_webserver.dir/pico-sdk/lib/lwip/src/core/tcp.c.obj
                0x00000000100095a4                tcp_fasttmr
 .text.tcp_tmr  0x000000001000963c       0x20 CMakeFiles/pico_webserver.dir/pico-sdk/lib/lwip/src/core/tcp.c.obj
                0x000000001000963c                tcp_tmr
 .text.tcp_close
                0x000000001000965c      0x15c CMakeFiles/pico_webserver.dir/pico-sdk/lib/lwip/src/core/tcp.c.obj
                0x000000001000965c                tcp_close
 .text.tcp_next_iss
                0x00000000100097b8       0x18 CMakeFiles/pico_webserver.dir/pico-sdk/lib/lwip/src/core/tcp.c.obj
                0x00000000100097b8                tcp_next_iss
 .text.tcp_eff_send_mss_netif
                0x00000000100097d0       0x28 CMakeFiles/pico_webserver.dir/pico-sdk/lib/lwip/src/core/tcp.c.obj
                0x00000000100097d0                tcp_eff_send_mss_netif
 .text.tcp_netif_ip_addr_changed
                0x00000000100097f8       0x9c CMakeFiles/pico_webserver.dir/pico-sdk/lib/lwip/src/core/tcp.c.obj
                0x00000000100097f8                tcp_netif_ip_addr_changed
 .text.tcp_free_ooseq
                0x0000000010009894       0x40 CMakeFiles/pico_webserver.dir/pico-sdk/lib/lwip/src/core/tcp.c.obj
                0x0000000010009894                tcp_free_ooseq
 .text.tcp_parseopt
                0x00000000100098d4      0x180 CMakeFiles/pico_webserver.dir/pico-sdk/lib/lwip/src/core/tcp_in.c.obj
 .text.tcp_oos_insert_segment
                0x0000000010009a54       0xd4 CMakeFiles/pico_webserver.dir/pico-sdk/lib/lwip/src/core/tcp_in.c.obj
 .text.tcp_receive
                0x0000000010009b28      0xa3c CMakeFiles/pico_webserver.dir/pico-sdk/lib/lwip/src/core/tcp_in.c.obj
 .text.tcp_input
                0x000000001000a564      0xc64 CMakeFiles/pico_webserver.dir/pico-sdk/lib/lwip/src/core/tcp_in.c.obj
                0x000000001000a564                tcp_input
 .text.tcp_trigger_input_pcb_close
                0x000000001000b1c8       0x10 CMakeFiles/pico_webserver.dir/pico-sdk/lib/lwip/src/core/tcp_in.c.obj
                0x000000001000b1c8                tcp_trigger_input_pcb_close
 .text.tcp_create_segment
                0x000000001000b1d8       0xd0 CMakeFiles/pico_webserver.dir/pico-sdk/lib/lwip/src/core/tcp_out.c.obj
 .text.tcp_output_control_segment
                0x000000001000b2a8       0xb4 CMakeFiles/pico_webserver.dir/pico-sdk/lib/lwip/src/core/tcp_out.c.obj
 .text.tcp_write
                0x000000001000b35c      0x600 CMakeFiles/pico_webserver.dir/pico-sdk/lib/lwip/src/core/tcp_out.c.obj
                0x000000001000b35c                tcp_write
 .text.tcp_split_unsent_seg
                0x000000001000b95c      0x19c CMakeFiles/pico_webserver.dir/pico-sdk/lib/lwip/src/core/tcp_out.c.obj
                0x000000001000b95c                tcp_split_unsent_seg
 .text.tcp_send_fin
                0x000000001000baf8       0xe0 CMakeFiles/pico_webserver.dir/pico-sdk/lib/lwip/src/core/tcp_out.c.obj
                0x000000001000baf8                tcp_send_fin
 .text.tcp_enqueue_flags
                0x000000001000bbd8       0xa8 CMakeFiles/pico_webserver.dir/pico-sdk/lib/lwip/src/core/tcp_out.c.obj
                0x000000001000bbd8                tcp_enqueue_flags
 .text.tcp_rexmit_rto_prepare
                0x000000001000bc80       0x8c CMakeFiles/pico_webserver.dir/pico-sdk/lib/lwip/src/core/tcp_out.c.obj
                0x000000001000bc80                tcp_rexmit_rto_prepare
 .text.tcp_rexmit
                0x000000001000bd0c       0x90 CMakeFiles/pico_webserver.dir/pico-sdk/lib/lwip/src/core/tcp_out.c.obj
                0x000000001000bd0c                tcp_rexmit
 .text.tcp_rexmit_fast
                0x000000001000bd9c       0x58 CMakeFiles/pico_webserver.dir/pico-sdk/lib/lwip/src/core/tcp_out.c.obj
                0x000000001000bd9c                tcp_rexmit_fast
 .text.tcp_rst  0x000000001000bdf4       0xbc CMakeFiles/pico_webserver.dir/pico-sdk/lib/lwip/src/core/tcp_out.c.obj
                0x000000001000bdf4                tcp_rst
 .text.tcp_rst_netif
                0x000000001000beb0       0xfc CMakeFiles/pico_webserver.dir/pico-sdk/lib/lwip/src/core/tcp_out.c.obj
                0x000000001000beb0                tcp_rst_netif
 .text.tcp_send_empty_ack
                0x000000001000bfac       0xdc CMakeFiles/pico_webserver.dir/pico-sdk/lib/lwip/src/core/tcp_out.c.obj
                0x000000001000bfac                tcp_send_empty_ack
 .text.tcp_output
                0x000000001000c088      0x410 CMakeFiles/pico_webserver.dir/pico-sdk/lib/lwip/src/core/tcp_out.c.obj
                0x000000001000c088                tcp_output
 .text.tcp_rexmit_rto_commit
                0x000000001000c498       0x14 CMakeFiles/pico_webserver.dir/pico-sdk/lib/lwip/src/core/tcp_out.c.obj
                0x000000001000c498                tcp_rexmit_rto_commit
 .text.tcp_rexmit_rto
                0x000000001000c4ac       0x98 CMakeFiles/pico_webserver.dir/pico-sdk/lib/lwip/src/core/tcp_out.c.obj
                0x000000001000c4ac                tcp_rexmit_rto
 .text.tcp_keepalive
                0x000000001000c544       0xc4 CMakeFiles/pico_webserver.dir/pico-sdk/lib/lwip/src/core/tcp_out.c.obj
                0x000000001000c544                tcp_keepalive
 .text.tcp_zero_window_probe
                0x000000001000c608      0x18c CMakeFiles/pico_webserver.dir/pico-sdk/lib/lwip/src/core/tcp_out.c.obj
                0x000000001000c608                tcp_zero_window_probe
 .text.tcpip_tcp_timer
                0x000000001000c794       0x6c CMakeFiles/pico_webserver.dir/pico-sdk/lib/lwip/src/core/timeouts.c.obj
 .text.lwip_cyclic_timer
                0x000000001000c800       0x90 CMakeFiles/pico_webserver.dir/pico-sdk/lib/lwip/src/core/timeouts.c.obj
 .text.tcp_timer_needed
                0x000000001000c890       0x70 CMakeFiles/pico_webserver.dir/pico-sdk/lib/lwip/src/core/timeouts.c.obj
                0x000000001000c890                tcp_timer_needed
 .text.sys_timeouts_init
                0x000000001000c900       0x78 CMakeFiles/pico_webserver.dir/pico-sdk/lib/lwip/src/core/timeouts.c.obj
                0x000000001000c900                sys_timeouts_init
 .text.sys_check_timeouts
                0x000000001000c978       0x68 CMakeFiles/pico_webserver.dir/pico-sdk/lib/lwip/src/core/timeouts.c.obj
                0x000000001000c978                sys_check_timeouts
 .text.sys_timeouts_sleeptime
                0x000000001000c9e0       0x28 CMakeFiles/pico_webserver.dir/pico-sdk/lib/lwip/src/core/timeouts.c.obj
                0x000000001000c9e0                sys_timeouts_sleeptime
 .text.udp_init
                0x000000001000ca08        0x4 CMakeFiles/pico_webserver.dir/pico-sdk/lib/lwip/src/core/udp.c.obj
                0x000000001000ca08                udp_init
 .text.udp_input
                0x000000001000ca0c      0x234 CMakeFiles/pico_webserver.dir/pico-sdk/lib/lwip/src/core/udp.c.obj
                0x000000001000ca0c                udp_input
 .text.udp_bind
                0x000000001000cc40      0x10c CMakeFiles/pico_webserver.dir/pico-sdk/lib/lwip/src/core/udp.c.obj
                0x000000001000cc40                udp_bind
 .text.udp_sendto_if_src
                0x000000001000cd4c      0x120 CMakeFiles/pico_webserver.dir/pico-sdk/lib/lwip/src/core/udp.c.obj
                0x000000001000cd4c                udp_sendto_if_src
 .text.udp_sendto_if
                0x000000001000ce6c       0x48 CMakeFiles/pico_webserver.dir/pico-sdk/lib/lwip/src/core/udp.c.obj
                0x000000001000ce6c                udp_sendto_if
 .text.udp_sendto
                0x000000001000ceb4       0x7c CMakeFiles/pico_webserver.dir/pico-sdk/lib/lwip/src/core/udp.c.obj
                0x000000001000ceb4                udp_sendto
 .text.udp_connect
                0x000000001000cf30       0x64 CMakeFiles/pico_webserver.dir/pico-sdk/lib/lwip/src/core/udp.c.obj
                0x000000001000cf30                udp_connect
 .text.udp_recv
                0x000000001000cf94        0xc CMakeFiles/pico_webserver.dir/pico-sdk/lib/lwip/src/core/udp.c.obj
                0x000000001000cf94                udp_recv
 .text.udp_remove
                0x000000001000cfa0       0x3c CMakeFiles/pico_webserver.dir/pico-sdk/lib/lwip/src/core/udp.c.obj
                0x000000001000cfa0                udp_remove
 .text.udp_new  0x000000001000cfdc       0x1c CMakeFiles/pico_webserver.dir/pico-sdk/lib/lwip/src/core/udp.c.obj
                0x000000001000cfdc                udp_new
 .text.udp_netif_ip_addr_changed
                0x000000001000cff8       0x40 CMakeFiles/pico_webserver.dir/pico-sdk/lib/lwip/src/core/udp.c.obj
                0x000000001000cff8                udp_netif_ip_addr_changed
 .text.dhcp_create_msg
                0x000000001000d038      0x144 CMakeFiles/pico_webserver.dir/pico-sdk/lib/lwip/src/core/ipv4/dhcp.c.obj
 .text.dhcp_bind
                0x000000001000d17c      0x140 CMakeFiles/pico_webserver.dir/pico-sdk/lib/lwip/src/core/ipv4/dhcp.c.obj
 .text.dhcp_handle_ack.isra.0
                0x000000001000d2bc       0xa0 CMakeFiles/pico_webserver.dir/pico-sdk/lib/lwip/src/core/ipv4/dhcp.c.obj
 .text.dhcp_discover
                0x000000001000d35c      0x10c CMakeFiles/pico_webserver.dir/pico-sdk/lib/lwip/src/core/ipv4/dhcp.c.obj
 .text.dhcp_reboot.isra.0
                0x000000001000d468      0x1e0 CMakeFiles/pico_webserver.dir/pico-sdk/lib/lwip/src/core/ipv4/dhcp.c.obj
 .text.dhcp_select.isra.0
                0x000000001000d648      0x244 CMakeFiles/pico_webserver.dir/pico-sdk/lib/lwip/src/core/ipv4/dhcp.c.obj
 .text.dhcp_recv
                0x000000001000d88c      0x414 CMakeFiles/pico_webserver.dir/pico-sdk/lib/lwip/src/core/ipv4/dhcp.c.obj
 .text.dhcp_conflict_callback
                0x000000001000dca0      0x124 CMakeFiles/pico_webserver.dir/pico-sdk/lib/lwip/src/core/ipv4/dhcp.c.obj
 .text.dhcp_set_struct
                0x000000001000ddc4       0x18 CMakeFiles/pico_webserver.dir/pico-sdk/lib/lwip/src/core/ipv4/dhcp.c.obj
                0x000000001000ddc4                dhcp_set_struct
 .text.dhcp_network_changed_link_up
                0x000000001000dddc       0x30 CMakeFiles/pico_webserver.dir/pico-sdk/lib/lwip/src/core/ipv4/dhcp.c.obj
                0x000000001000dddc                dhcp_network_changed_link_up
 .text.dhcp_renew
                0x000000001000de0c      0x1a0 CMakeFiles/pico_webserver.dir/pico-sdk/lib/lwip/src/core/ipv4/dhcp.c.obj
                0x000000001000de0c                dhcp_renew
 .text.dhcp_release_and_stop
                0x000000001000dfac      0x14c CMakeFiles/pico_webserver.dir/pico-sdk/lib/lwip/src/core/ipv4/dhcp.c.obj
                0x000000001000dfac                dhcp_release_and_stop
 .text.dhcp_start
                0x000000001000e0f8      0x10c CMakeFiles/pico_webserver.dir/pico-sdk/lib/lwip/src/core/ipv4/dhcp.c.obj
                0x000000001000e0f8                dhcp_start
 .text.dhcp_coarse_tmr
                0x000000001000e204      0x238 CMakeFiles/pico_webserver.dir/pico-sdk/lib/lwip/src/core/ipv4/dhcp.c.obj
                0x000000001000e204                dhcp_coarse_tmr
 .text.dhcp_fine_tmr
                0x000000001000e43c       0x78 CMakeFiles/pico_webserver.dir/pico-sdk/lib/lwip/src/core/ipv4/dhcp.c.obj
                0x000000001000e43c                dhcp_fine_tmr
 .text.dhcp_stop
                0x000000001000e4b4      0x14c CMakeFiles/pico_webserver.dir/pico-sdk/lib/lwip/src/core/ipv4/dhcp.c.obj
                0x000000001000e4b4                dhcp_stop
 .text.etharp_find_entry
                0x000000001000e600     0x1dcc CMakeFiles/pico_webserver.dir/pico-sdk/lib/lwip/src/core/ipv4/etharp.c.obj
 .text.etharp_raw
                0x00000000100103cc       0xc0 CMakeFiles/pico_webserver.dir/pico-sdk/lib/lwip/src/core/ipv4/etharp.c.obj
 .text.etharp_output_to_arp_index
                0x000000001001048c       0xd8 CMakeFiles/pico_webserver.dir/pico-sdk/lib/lwip/src/core/ipv4/etharp.c.obj
 .text.etharp_tmr
                0x0000000010010564       0xa4 CMakeFiles/pico_webserver.dir/pico-sdk/lib/lwip/src/core/ipv4/etharp.c.obj
                0x0000000010010564                etharp_tmr
 .text.etharp_cleanup_netif
                0x0000000010010608      0x188 CMakeFiles/pico_webserver.dir/pico-sdk/lib/lwip/src/core/ipv4/etharp.c.obj
                0x0000000010010608                etharp_cleanup_netif
 .text.etharp_input
                0x0000000010010790      0x1ac CMakeFiles/pico_webserver.dir/pico-sdk/lib/lwip/src/core/ipv4/etharp.c.obj
                0x0000000010010790                etharp_input
 .text.etharp_query
                0x000000001001093c      0x188 CMakeFiles/pico_webserver.dir/pico-sdk/lib/lwip/src/core/ipv4/etharp.c.obj
                0x000000001001093c                etharp_query
 .text.etharp_output
                0x0000000010010ac4      0x21c CMakeFiles/pico_webserver.dir/pico-sdk/lib/lwip/src/core/ipv4/etharp.c.obj
                0x0000000010010ac4                etharp_output
 .text.etharp_acd_probe
                0x0000000010010ce0       0xc0 CMakeFiles/pico_webserver.dir/pico-sdk/lib/lwip/src/core/ipv4/etharp.c.obj
                0x0000000010010ce0                etharp_acd_probe
 .text.etharp_acd_announce
                0x0000000010010da0       0xbc CMakeFiles/pico_webserver.dir/pico-sdk/lib/lwip/src/core/ipv4/etharp.c.obj
                0x0000000010010da0                etharp_acd_announce
 .text.icmp_input
                0x0000000010010e5c      0x1d8 CMakeFiles/pico_webserver.dir/pico-sdk/lib/lwip/src/core/ipv4/icmp.c.obj
                0x0000000010010e5c                icmp_input
 .text.icmp_dest_unreach
                0x0000000010011034       0xbc CMakeFiles/pico_webserver.dir/pico-sdk/lib/lwip/src/core/ipv4/icmp.c.obj
                0x0000000010011034                icmp_dest_unreach
 .text.icmp_time_exceeded
                0x00000000100110f0       0xbc CMakeFiles/pico_webserver.dir/pico-sdk/lib/lwip/src/core/ipv4/icmp.c.obj
                0x00000000100110f0                icmp_time_exceeded
 .text.ip_reass_free_complete_datagram
                0x00000000100111ac       0xb8 CMakeFiles/pico_webserver.dir/pico-sdk/lib/lwip/src/core/ipv4/ip4_frag.c.obj
 .text.ip_reass_remove_oldest_datagram
                0x0000000010011264       0xd8 CMakeFiles/pico_webserver.dir/pico-sdk/lib/lwip/src/core/ipv4/ip4_frag.c.obj
 .text.ipfrag_free_pbuf_custom
                0x000000001001133c       0x18 CMakeFiles/pico_webserver.dir/pico-sdk/lib/lwip/src/core/ipv4/ip4_frag.c.obj
 .text.ip_reass_tmr
                0x0000000010011354       0x38 CMakeFiles/pico_webserver.dir/pico-sdk/lib/lwip/src/core/ipv4/ip4_frag.c.obj
                0x0000000010011354                ip_reass_tmr
 .text.ip4_reass
                0x000000001001138c      0x510 CMakeFiles/pico_webserver.dir/pico-sdk/lib/lwip/src/core/ipv4/ip4_frag.c.obj
                0x000000001001138c                ip4_reass
 .text.ip4_frag
                0x000000001001189c      0x1e8 CMakeFiles/pico_webserver.dir/pico-sdk/lib/lwip/src/core/ipv4/ip4_frag.c.obj
                0x000000001001189c                ip4_frag
 .text.ip4_route
                0x0000000010011a84       0x80 CMakeFiles/pico_webserver.dir/pico-sdk/lib/lwip/src/core/ipv4/ip4.c.obj
                0x0000000010011a84                ip4_route
 .text.ip4_input
                0x0000000010011b04      0x3e4 CMakeFiles/pico_webserver.dir/pico-sdk/lib/lwip/src/core/ipv4/ip4.c.obj
                0x0000000010011b04                ip4_input
 .text.ip4_output_if
                0x0000000010011ee8      0x168 CMakeFiles/pico_webserver.dir/pico-sdk/lib/lwip/src/core/ipv4/ip4.c.obj
                0x0000000010011ee8                ip4_output_if
 .text.ip4_output_if_src
                0x0000000010012050      0x158 CMakeFiles/pico_webserver.dir/pico-sdk/lib/lwip/src/core/ipv4/ip4.c.obj
                0x0000000010012050                ip4_output_if_src
 .text.ip4_addr_isbroadcast_u32
                0x00000000100121a8       0x3c CMakeFiles/pico_webserver.dir/pico-sdk/lib/lwip/src/core/ipv4/ip4_addr.c.obj
                0x00000000100121a8                ip4_addr_isbroadcast_u32
 .text.ip4addr_ntoa
                0x00000000100121e4       0xdc CMakeFiles/pico_webserver.dir/pico-sdk/lib/lwip/src/core/ipv4/ip4_addr.c.obj
                0x00000000100121e4                ip4addr_ntoa
 .text.acd_add  0x00000000100122c0       0x24 CMakeFiles/pico_webserver.dir/pico-sdk/lib/lwip/src/core/ipv4/acd.c.obj
                0x00000000100122c0                acd_add
 .text.acd_remove
                0x00000000100122e4       0x28 CMakeFiles/pico_webserver.dir/pico-sdk/lib/lwip/src/core/ipv4/acd.c.obj
                0x00000000100122e4                acd_remove
 .text.acd_start
                0x000000001001230c       0x38 CMakeFiles/pico_webserver.dir/pico-sdk/lib/lwip/src/core/ipv4/acd.c.obj
                0x000000001001230c                acd_start
 .text.acd_network_changed_link_down
                0x0000000010012344       0x14 CMakeFiles/pico_webserver.dir/pico-sdk/lib/lwip/src/core/ipv4/acd.c.obj
                0x0000000010012344                acd_network_changed_link_down
 .text.acd_tmr  0x0000000010012358      0x110 CMakeFiles/pico_webserver.dir/pico-sdk/lib/lwip/src/core/ipv4/acd.c.obj
                0x0000000010012358                acd_tmr
 .text.acd_arp_reply
                0x0000000010012468       0xf4 CMakeFiles/pico_webserver.dir/pico-sdk/lib/lwip/src/core/ipv4/acd.c.obj
                0x0000000010012468                acd_arp_reply
 .text.acd_netif_ip_addr_changed
                0x000000001001255c       0x8c CMakeFiles/pico_webserver.dir/pico-sdk/lib/lwip/src/core/ipv4/acd.c.obj
                0x000000001001255c                acd_netif_ip_addr_changed
 .text.ethernet_input
                0x00000000100125e8       0xd0 CMakeFiles/pico_webserver.dir/pico-sdk/lib/lwip/src/netif/ethernet.c.obj
                0x00000000100125e8                ethernet_input
 .text.ethernet_output
                0x00000000100126b8       0x64 CMakeFiles/pico_webserver.dir/pico-sdk/lib/lwip/src/netif/ethernet.c.obj
                0x00000000100126b8                ethernet_output
 .text.cyw43_arch_wifi_connect_bssid_until.part.0
                0x000000001001271c       0xd8 CMakeFiles/pico_webserver.dir/pico-sdk/src/rp2_common/pico_cyw43_arch/cyw43_arch.c.obj
 .text.cyw43_arch_set_async_context
                0x00000000100127f4        0xc CMakeFiles/pico_webserver.dir/pico-sdk/src/rp2_common/pico_cyw43_arch/cyw43_arch.c.obj
                0x00000000100127f4                cyw43_arch_set_async_context
 .text.cyw43_arch_enable_sta_mode
                0x0000000010012800       0x1c CMakeFiles/pico_webserver.dir/pico-sdk/src/rp2_common/pico_cyw43_arch/cyw43_arch.c.obj
                0x0000000010012800                cyw43_arch_enable_sta_mode
 .text.cyw43_arch_wifi_connect_timeout_ms
                0x000000001001281c       0x9c CMakeFiles/pico_webserver.dir/pico-sdk/src/rp2_common/pico_cyw43_arch/cyw43_arch.c.obj
                0x000000001001281c                cyw43_arch_wifi_connect_timeout_ms
 .text.cyw43_arch_init_with_country
                0x00000000100128b8       0x10 CMakeFiles/pico_webserver.dir/pico-sdk/src/rp2_common/pico_cyw43_arch/cyw43_arch.c.obj
                0x00000000100128b8                cyw43_arch_init_with_country
 .text.cyw43_arch_gpio_put
                0x00000000100128c8       0x14 CMakeFiles/pico_webserver.dir/pico-sdk/src/rp2_common/pico_cyw43_arch/cyw43_arch.c.obj
                0x00000000100128c8                cyw43_arch_gpio_put
 .text.cyw43_arch_async_context
                0x00000000100128dc        0xc CMakeFiles/pico_webserver.dir/pico-sdk/src/rp2_common/pico_cyw43_arch/cyw43_arch.c.obj
                0x00000000100128dc                cyw43_arch_async_context
 .text.cyw43_arch_init
                0x00000000100128e8       0x80 CMakeFiles/pico_webserver.dir/pico-sdk/src/rp2_common/pico_cyw43_arch/cyw43_arch_threadsafe_background.c.obj
                0x00000000100128e8                cyw43_arch_init
 .text.ns_delay.constprop.0
                0x0000000010012968       0x20 CMakeFiles/pico_webserver.dir/pico-sdk/src/rp2_common/pico_cyw43_driver/cyw43_bus_pio_spi.c.obj
 .text.cyw43_spi_deinit
                0x0000000010012988       0x7c CMakeFiles/pico_webserver.dir/pico-sdk/src/rp2_common/pico_cyw43_driver/cyw43_bus_pio_spi.c.obj
                0x0000000010012988                cyw43_spi_deinit
 .text.cyw43_spi_init
                0x0000000010012a04      0x154 CMakeFiles/pico_webserver.dir/pico-sdk/src/rp2_common/pico_cyw43_driver/cyw43_bus_pio_spi.c.obj
                0x0000000010012a04                cyw43_spi_init
 .text.cyw43_spi_transfer
                0x0000000010012b58      0x430 CMakeFiles/pico_webserver.dir/pico-sdk/src/rp2_common/pico_cyw43_driver/cyw43_bus_pio_spi.c.obj
                0x0000000010012b58                cyw43_spi_transfer
 .text.cyw43_spi_gpio_setup
                0x0000000010012f88       0x3c CMakeFiles/pico_webserver.dir/pico-sdk/src/rp2_common/pico_cyw43_driver/cyw43_bus_pio_spi.c.obj
                0x0000000010012f88                cyw43_spi_gpio_setup
 .text.cyw43_spi_reset
                0x0000000010012fc4       0x28 CMakeFiles/pico_webserver.dir/pico-sdk/src/rp2_common/pico_cyw43_driver/cyw43_bus_pio_spi.c.obj
                0x0000000010012fc4                cyw43_spi_reset
 .text.read_reg_u32_swap
                0x0000000010012fec       0x3c CMakeFiles/pico_webserver.dir/pico-sdk/src/rp2_common/pico_cyw43_driver/cyw43_bus_pio_spi.c.obj
                0x0000000010012fec                read_reg_u32_swap
 .text.cyw43_read_reg_u32
                0x0000000010013028       0x6c CMakeFiles/pico_webserver.dir/pico-sdk/src/rp2_common/pico_cyw43_driver/cyw43_bus_pio_spi.c.obj
                0x0000000010013028                cyw43_read_reg_u32
 .text.cyw43_read_reg_u16
                0x0000000010013094       0x6c CMakeFiles/pico_webserver.dir/pico-sdk/src/rp2_common/pico_cyw43_driver/cyw43_bus_pio_spi.c.obj
                0x0000000010013094                cyw43_read_reg_u16
 .text.cyw43_read_reg_u8
                0x0000000010013100       0x6c CMakeFiles/pico_webserver.dir/pico-sdk/src/rp2_common/pico_cyw43_driver/cyw43_bus_pio_spi.c.obj
                0x0000000010013100                cyw43_read_reg_u8
 .text.write_reg_u32_swap
                0x000000001001316c      0x1e0 CMakeFiles/pico_webserver.dir/pico-sdk/src/rp2_common/pico_cyw43_driver/cyw43_bus_pio_spi.c.obj
                0x000000001001316c                write_reg_u32_swap
 .text.cyw43_write_reg_u32
                0x000000001001334c      0x200 CMakeFiles/pico_webserver.dir/pico-sdk/src/rp2_common/pico_cyw43_driver/cyw43_bus_pio_spi.c.obj
                0x000000001001334c                cyw43_write_reg_u32
 .text.cyw43_write_reg_u16
                0x000000001001354c      0x200 CMakeFiles/pico_webserver.dir/pico-sdk/src/rp2_common/pico_cyw43_driver/cyw43_bus_pio_spi.c.obj
                0x000000001001354c                cyw43_write_reg_u16
 .text.cyw43_write_reg_u8
                0x000000001001374c      0x200 CMakeFiles/pico_webserver.dir/pico-sdk/src/rp2_common/pico_cyw43_driver/cyw43_bus_pio_spi.c.obj
                0x000000001001374c                cyw43_write_reg_u8
 .text.cyw43_read_bytes
                0x000000001001394c       0x78 CMakeFiles/pico_webserver.dir/pico-sdk/src/rp2_common/pico_cyw43_driver/cyw43_bus_pio_spi.c.obj
                0x000000001001394c                cyw43_read_bytes
 .text.cyw43_write_bytes
                0x00000000100139c4       0xec CMakeFiles/pico_webserver.dir/pico-sdk/src/rp2_common/pico_cyw43_driver/cyw43_bus_pio_spi.c.obj
                0x00000000100139c4                cyw43_write_bytes
 .text.cyw43_set_backplane_window
                0x0000000010013ab0       0x64 CMakeFiles/pico_webserver.dir/pico-sdk/lib/cyw43-driver/src/cyw43_ll.c.obj
 .text.cyw43_ll_parse_async_event
                0x0000000010013b14      0x13c CMakeFiles/pico_webserver.dir/pico-sdk/lib/cyw43-driver/src/cyw43_ll.c.obj
 .text.cyw43_kso_set
                0x0000000010013c50       0xa0 CMakeFiles/pico_webserver.dir/pico-sdk/lib/cyw43-driver/src/cyw43_ll.c.obj
 .text.cyw43_ll_sdpcm_poll_device
                0x0000000010013cf0      0x238 CMakeFiles/pico_webserver.dir/pico-sdk/lib/cyw43-driver/src/cyw43_ll.c.obj
 .text.cyw43_sdpcm_send_common
                0x0000000010013f28       0xf0 CMakeFiles/pico_webserver.dir/pico-sdk/lib/cyw43-driver/src/cyw43_ll.c.obj
 .text.cyw43_do_ioctl
                0x0000000010014018      0x110 CMakeFiles/pico_webserver.dir/pico-sdk/lib/cyw43-driver/src/cyw43_ll.c.obj
 .text.cyw43_do_ioctl.constprop.0
                0x0000000010014128      0x108 CMakeFiles/pico_webserver.dir/pico-sdk/lib/cyw43-driver/src/cyw43_ll.c.obj
 .text.cyw43_read_backplane.constprop.0
                0x0000000010014230       0xdc CMakeFiles/pico_webserver.dir/pico-sdk/lib/cyw43-driver/src/cyw43_ll.c.obj
 .text.reset_device_core.constprop.0
                0x000000001001430c      0x3f0 CMakeFiles/pico_webserver.dir/pico-sdk/lib/cyw43-driver/src/cyw43_ll.c.obj
 .text.cyw43_ll_init
                0x00000000100146fc       0x1c CMakeFiles/pico_webserver.dir/pico-sdk/lib/cyw43-driver/src/cyw43_ll.c.obj
                0x00000000100146fc                cyw43_ll_init
 .text.cyw43_ll_deinit
                0x0000000010014718        0x8 CMakeFiles/pico_webserver.dir/pico-sdk/lib/cyw43-driver/src/cyw43_ll.c.obj
                0x0000000010014718                cyw43_ll_deinit
 .text.cyw43_ll_send_ethernet
                0x0000000010014720       0x60 CMakeFiles/pico_webserver.dir/pico-sdk/lib/cyw43-driver/src/cyw43_ll.c.obj
                0x0000000010014720                cyw43_ll_send_ethernet
 .text.cyw43_ll_process_packets
                0x0000000010014780       0x54 CMakeFiles/pico_webserver.dir/pico-sdk/lib/cyw43-driver/src/cyw43_ll.c.obj
                0x0000000010014780                cyw43_ll_process_packets
 .text.cyw43_ll_ioctl
                0x00000000100147d4       0x20 CMakeFiles/pico_webserver.dir/pico-sdk/lib/cyw43-driver/src/cyw43_ll.c.obj
                0x00000000100147d4                cyw43_ll_ioctl
 .text.cyw43_ll_bus_sleep
                0x00000000100147f4       0x34 CMakeFiles/pico_webserver.dir/pico-sdk/lib/cyw43-driver/src/cyw43_ll.c.obj
                0x00000000100147f4                cyw43_ll_bus_sleep
 .text.cyw43_ll_bus_init
                0x0000000010014828      0xbf0 CMakeFiles/pico_webserver.dir/pico-sdk/lib/cyw43-driver/src/cyw43_ll.c.obj
                0x0000000010014828                cyw43_ll_bus_init
 .text.cyw43_ll_wifi_on