Archive member included to satisfy reference by file (symbol)

liblwipcore.a(init.c.obj)     CMakeFiles/pico_webserver.dir/tusb_lwip_glue.c.obj (lwip_init)
liblwipcore.a(def.c.obj)      CMakeFiles/pico_webserver.dir/pico-sdk/lib/tinyusb/lib/networking/dnserver.c.obj (lwip_htons)
liblwipcore.a(mem.c.obj)      liblwipcore.a(init.c.obj) (mem_init)
liblwipcore.a(memp.c.obj)     liblwipcore.a(init.c.obj) (memp_init)
liblwipcore.a(netif.c.obj)    liblwipcore.a(init.c.obj) (netif_init)
liblwipcore.a(pbuf.c.obj)     CMakeFiles/pico_webserver.dir/tusb_lwip_glue.c.obj (pbuf_alloc)
liblwipcore.a(stats.c.obj)    liblwipcore.a(init.c.obj) (stats_init)
liblwipcore.a(tcp.c.obj)      liblwipcore.a(init.c.obj) (tcp_init)
liblwipcore.a(tcp_in.c.obj)   liblwipcore.a(tcp.c.obj) (tcp_trigger_input_pcb_close)
liblwipcore.a(tcp_out.c.obj)  liblwipcore.a(tcp.c.obj) (tcp_split_unsent_seg)
liblwipcore.a(timeouts.c.obj)
                              liblwipcore.a(tcp.c.obj) (tcp_timer_needed)
liblwipcore.a(udp.c.obj)      CMakeFiles/pico_webserver.dir/pico-sdk/lib/tinyusb/lib/networking/dhserver.c.obj (udp_init)
liblwipcore.a(etharp.c.obj)   liblwipcore.a(timeouts.c.obj) (etharp_tmr)
liblwipcore.a(ip4_frag.c.obj)
                              liblwipcore.a(timeouts.c.obj) (ip_reass_tmr)
liblwipcore.a(ip4.c.obj)      liblwipcore.a(tcp.c.obj) (ip4_route)
liblwipcore.a(ip4_addr.c.obj)
                              liblwipcore.a(tcp_in.c.obj) (ip4_addr_isbroadcast_u32)
liblwipcore.a(ethernet.c.obj)
                              CMakeFiles/pico_webserver.dir/tusb_lwip_glue.c.obj (ethernet_input)
liblwipcore.a(inet_chksum.c.obj)
                              liblwipcore.a(tcp_in.c.obj) (ip_chksum_pseudo)
liblwipcore.a(ip.c.obj)       liblwipcore.a(tcp_in.c.obj) (ip_data)
/usr/lib/gcc/arm-none-eabi/10.3.1/thumb/v6-m/nofp/libgcc.a(_dvmd_tls.o)
                              CMakeFiles/pico_webserver.dir/pico-sdk/src/rp2_common/pico_divider/divider.S.obj (__aeabi_idiv0)
/usr/lib/gcc/arm-none-eabi/10.3.1/../../../arm-none-eabi/lib/thumb/v6-m/nofp/libc.a(lib_a-atexit.o)
                              /usr/lib/gcc/arm-none-eabi/10.3.1/../../../arm-none-eabi/lib/thumb/v6-m/nofp/crt0.o (atexit)
/usr/lib/gcc/arm-none-eabi/10.3.1/../../../arm-none-eabi/lib/thumb/v6-m/nofp/libc.a(lib_a-atoi.o)
                              liblwipcore.a(netif.c.obj) (atoi)
/usr/lib/gcc/arm-none-eabi/10.3.1/../../../arm-none-eabi/lib/thumb/v6-m/nofp/libc.a(lib_a-calloc.o)
                              CMakeFiles/pico_webserver.dir/pico-sdk/src/rp2_common/pico_malloc/pico_malloc.c.obj (calloc)
/usr/lib/gcc/arm-none-eabi/10.3.1/../../../arm-none-eabi/lib/thumb/v6-m/nofp/libc.a(lib_a-callocr.o)
                              /usr/lib/gcc/arm-none-eabi/10.3.1/../../../arm-none-eabi/lib/thumb/v6-m/nofp/libc.a(lib_a-calloc.o) (_calloc_r)
/usr/lib/gcc/arm-none-eabi/10.3.1/../../../arm-none-eabi/lib/thumb/v6-m/nofp/libc.a(lib_a-ctype_.o)
                              liblwipcore.a(ip4_addr.c.obj) (_ctype_)
/usr/lib/gcc/arm-none-eabi/10.3.1/../../../arm-none-eabi/lib/thumb/v6-m/nofp/libc.a(lib_a-fini.o)
                              /usr/lib/gcc/arm-none-eabi/10.3.1/../../../arm-none-eabi/lib/thumb/v6-m/nofp/crt0.o (__libc_fini_array)
/usr/lib/gcc/arm-none-eabi/10.3.1/../../../arm-none-eabi/lib/thumb/v6-m/nofp/libc.a(lib_a-impure.o)
                              /usr/lib/gcc/arm-none-eabi/10.3.1/../../../arm-none-eabi/lib/thumb/v6-m/nofp/libc.a(lib_a-calloc.o) (_impure_ptr)
/usr/lib/gcc/arm-none-eabi/10.3.1/../../../arm-none-eabi/lib/thumb/v6-m/nofp/libc.a(lib_a-init.o)
                              /usr/lib/gcc/arm-none-eabi/10.3.1/../../../arm-none-eabi/lib/thumb/v6-m/nofp/crt0.o (__libc_init_array)
/usr/lib/gcc/arm-none-eabi/10.3.1/../../../arm-none-eabi/lib/thumb/v6-m/nofp/libc.a(lib_a-malloc.o)
                              CMakeFiles/pico_webserver.dir/pico-sdk/src/rp2_common/pico_malloc/pico_malloc.c.obj (malloc)
/usr/lib/gcc/arm-none-eabi/10.3.1/../../../arm-none-eabi/lib/thumb/v6-m/nofp/libc.a(lib_a-mallocr.o)
                              /usr/lib/gcc/arm-none-eabi/10.3.1/../../../arm-none-eabi/lib/thumb/v6-m/nofp/libc.a(lib_a-callocr.o) (_malloc_r)
/usr/lib/gcc/arm-none-eabi/10.3.1/../../../arm-none-eabi/lib/thumb/v6-m/nofp/libc.a(lib_a-memcmp.o)
                              CMakeFiles/pico_webserver.dir/pico-sdk/lib/tinyusb/lib/networking/dhserver.c.obj (memcmp)
/usr/lib/gcc/arm-none-eabi/10.3.1/../../../arm-none-eabi/lib/thumb/v6-m/nofp/libc.a(lib_a-memmove.o)
                              CMakeFiles/pico_webserver.dir/pico-sdk/lib/cyw43-driver/src/cyw43_ll.c.obj (memmove)
/usr/lib/gcc/arm-none-eabi/10.3.1/../../../arm-none-eabi/lib/thumb/v6-m/nofp/libc.a(lib_a-mlock.o)
                              /usr/lib/gcc/arm-none-eabi/10.3.1/../../../arm-none-eabi/lib/thumb/v6-m/nofp/libc.a(lib_a-mallocr.o) (__malloc_lock)
/usr/lib/gcc/arm-none-eabi/10.3.1/../../../arm-none-eabi/lib/thumb/v6-m/nofp/libc.a(lib_a-realloc.o)
[...]
Memory Configuration

Name             Origin             Length             Attributes
FLASH            0x0000000010000000 0x0000000000200000 xr
RAM              0x0000000020000000 0x0000000000040000 xrw
SCRATCH_X        0x0000000020040000 0x0000000000001000 xrw
SCRATCH_Y        0x0000000020041000 0x0000000000001000 xrw
*default*        0x0000000000000000 0xffffffffffffffff

Linker script and memory map

LOAD /usr/lib/gcc/arm-none-eabi/10.3.1/thumb/v6-m/nofp/crti.o
LOAD /usr/lib/gcc/arm-none-eabi/10.3.1/thumb/v6-m/nofp/crtbegin.o
LOAD /usr/lib/gcc/arm-none-eabi/10.3.1/../../../arm-none-eabi/lib/thumb/v6-m/nofp/crt0.o

.flash_begin    0x0000000010000000        0x0
                0x0000000010000000                __flash_binary_start = .

.boot2          0x0000000010000000      0x100
                0x0000000010000000                __boot2_start__ = .
 *(.boot2)
 .boot2         0x0000000010000000      0x100 /tmp/ccbfO6HC.o
                0x0000000010000100                __boot2_end__ = .
                0x0000000000000001                ASSERT (((__boot2_end__ - __boot2_start__) == 0x100), ERROR: Pico second stage bootloader must be 256 bytes in size)

.text           0x0000000010000100    0x16b00
                0x0000000010000100                __logical_binary_start = .
 *(.vectors)
 .vectors       0x0000000010000100       0xd4 CMakeFiles/pico_webserver.dir/pico-sdk/src/rp2_common/pico_standard_link/crt0.S.obj
                0x0000000010000100                __vectors
                0x0000000010000100                __VECTOR_TABLE
                0x00000000100001c0                isr_invalid
                0x00000000100001c0                __default_isrs_start
                0x00000000100001c2                isr_nmi
                0x00000000100001c4                isr_hardfault
                0x00000000100001c6                isr_svcall
                0x00000000100001c8                isr_pendsv
                0x00000000100001ca                isr_systick
                0x00000000100001cc                isr_irq30
                0x00000000100001cc                __unhandled_user_irq
                0x00000000100001cc                isr_irq13
                0x00000000100001cc                isr_irq27
                0x00000000100001cc                isr_irq31
                0x00000000100001cc                isr_irq5
                0x00000000100001cc                isr_irq11
                0x00000000100001cc                isr_irq23
                0x00000000100001cc                isr_irq18
                0x00000000100001cc                isr_irq28
                0x00000000100001cc                isr_irq19
                0x00000000100001cc                isr_irq0
                0x00000000100001cc                isr_irq6
                0x00000000100001cc                isr_irq22
                0x00000000100001cc                isr_irq17
                0x00000000100001cc                isr_irq14
                0x00000000100001cc                isr_irq2
                0x00000000100001cc                isr_irq10
                0x00000000100001cc                isr_irq8
                0x00000000100001cc                isr_irq24
                0x00000000100001cc                isr_irq1
                0x00000000100001cc                isr_irq7
                0x00000000100001cc                isr_irq21
                0x00000000100001cc                isr_irq20
                0x00000000100001cc                isr_irq15
                0x00000000100001cc                isr_irq25
                0x00000000100001cc                isr_irq4
                0x00000000100001cc                isr_irq16
                0x00000000100001cc                isr_irq29
                0x00000000100001cc                isr_irq26
                0x00000000100001cc                __default_isrs_end
                0x00000000100001cc                isr_irq3
                0x00000000100001cc                isr_irq12
                0x00000000100001cc                isr_irq9
                0x00000000100001d2                unhandled_user_irq_num_in_r0
 *(.binary_info_header)
 .binary_info_header
                0x00000000100001d4       0x14 CMakeFiles/pico_webserver.dir/pico-sdk/src/rp2_common/pico_standard_link/crt0.S.obj
                0x00000000100001e8                __binary_info_header_end = .
 *(.reset)
 .reset         0x00000000100001e8       0xa0 CMakeFiles/pico_webserver.dir/pico-sdk/src/rp2_common/pico_standard_link/crt0.S.obj
                0x00000000100001e8                _entry_point
 .reset         0x0000000010000288       0x30 CMakeFiles/pico_webserver.dir/pico-sdk/src/rp2_common/pico_standard_link/binary_info.c.obj
 *(.init)
 .init          0x00000000100002b8        0x4 /usr/lib/gcc/arm-none-eabi/10.3.1/thumb/v6-m/nofp/crti.o
                0x00000000100002b8                _init
 *(EXCLUDE_FILE(*libm.a: *libc.a:*lib_a-mem*.o *libgcc.a:) .text*)
 .text          0x00000000100002bc       0x98 /usr/lib/gcc/arm-none-eabi/10.3.1/thumb/v6-m/nofp/crtbegin.o
 .text.startup.main
                0x0000000010000354       0x6c CMakeFiles/pico_webserver.dir/webserver.c.obj
                0x0000000010000354                main
 .text.netif_init_cb
                0x00000000100003c0       0x30 CMakeFiles/pico_webserver.dir/tusb_lwip_glue.c.obj
 .text.output_fn
                0x00000000100003f0        0x8 CMakeFiles/pico_webserver.dir/tusb_lwip_glue.c.obj
 .text.linkoutput_fn
                0x00000000100003f8       0x3c CMakeFiles/pico_webserver.dir/tusb_lwip_glue.c.obj
 .text.init_lwip
                0x0000000010000434       0x8c CMakeFiles/pico_webserver.dir/tusb_lwip_glue.c.obj
                0x0000000010000434                init_lwip
 .text.tud_network_init_cb
                0x00000000100004c0       0x18 CMakeFiles/pico_webserver.dir/tusb_lwip_glue.c.obj
                0x00000000100004c0                tud_network_init_cb
 .text.tud_network_recv_cb
                0x00000000100004d8       0x3c CMakeFiles/pico_webserver.dir/tusb_lwip_glue.c.obj
                0x00000000100004d8                tud_network_recv_cb
 .text.tud_network_xmit_cb
                0x0000000010000514       0x30 CMakeFiles/pico_webserver.dir/tusb_lwip_glue.c.obj
                0x0000000010000514                tud_network_xmit_cb
 .text.service_traffic
                0x0000000010000544       0x48 CMakeFiles/pico_webserver.dir/tusb_lwip_glue.c.obj
                0x0000000010000544                service_traffic
 .text.wait_for_netif_is_up
                0x000000001000058c       0x14 CMakeFiles/pico_webserver.dir/tusb_lwip_glue.c.obj
                0x000000001000058c                wait_for_netif_is_up
 .text.sys_arch_protect
                0x00000000100005a0        0x4 CMakeFiles/pico_webserver.dir/tusb_lwip_glue.c.obj
                0x00000000100005a0                sys_arch_protect
 .text.sys_arch_unprotect
                0x00000000100005a4        0x4 CMakeFiles/pico_webserver.dir/tusb_lwip_glue.c.obj
                0x00000000100005a4                sys_arch_unprotect
 .text.sys_now  0x00000000100005a8       0x20 CMakeFiles/pico_webserver.dir/tusb_lwip_glue.c.obj
                0x00000000100005a8                sys_now
 .text.tud_descriptor_device_cb
                0x00000000100005c8        0x8 CMakeFiles/pico_webserver.dir/usb_descriptors.c.obj
                0x00000000100005c8                tud_descriptor_device_cb
 .text.tud_descriptor_configuration_cb
                0x00000000100005d0       0x14 CMakeFiles/pico_webserver.dir/usb_descriptors.c.obj
                0x00000000100005d0                tud_descriptor_configuration_cb
 .text.tud_descriptor_string_cb
                0x00000000100005e4       0xdc CMakeFiles/pico_webserver.dir/usb_descriptors.c.obj
                0x00000000100005e4                tud_descriptor_string_cb
 .text.rndis_class_set_handler
                0x00000000100006c0      0x2d4 CMakeFiles/pico_webserver.dir/pico-sdk/lib/tinyusb/lib/networking/rndis_reports.c.obj
                0x00000000100006c0                rndis_class_set_handler
 .text.cyw43_cb_tcpip_set_link_up
                0x0000000010000994        0xc CMakeFiles/pico_webserver.dir/wifi_code.c.obj
                0x0000000010000994                cyw43_cb_tcpip_set_link_up
 .text.cyw43_cb_tcpip_set_link_down
                0x00000000100009a0        0xc CMakeFiles/pico_webserver.dir/wifi_code.c.obj
                0x00000000100009a0                cyw43_cb_tcpip_set_link_down
 .text.cyw43_cb_process_ethernet
                0x00000000100009ac       0x64 CMakeFiles/pico_webserver.dir/wifi_code.c.obj
                0x00000000100009ac                cyw43_cb_process_ethernet
 .text.core1_entry
                0x0000000010000a10       0xfc CMakeFiles/pico_webserver.dir/wifi_code.c.obj
                0x0000000010000a10                core1_entry
 .text.set_sys_clock_pll
                0x0000000010000b0c       0x78 CMakeFiles/pico_webserver.dir/pico-sdk/src/rp2_common/pico_stdlib/stdlib.c.obj
                0x0000000010000b0c                set_sys_clock_pll
 .text.check_sys_clock_khz
                0x0000000010000b84      0x17c CMakeFiles/pico_webserver.dir/pico-sdk/src/rp2_common/pico_stdlib/stdlib.c.obj
                0x0000000010000b84                check_sys_clock_khz
 .text.gpio_set_function
                0x0000000010000d00       0x30 CMakeFiles/pico_webserver.dir/pico-sdk/src/rp2_common/hardware_gpio/gpio.c.obj
                0x0000000010000d00                gpio_set_function
 .text.gpio_set_pulls
                0x0000000010000d30       0x30 CMakeFiles/pico_webserver.dir/pico-sdk/src/rp2_common/hardware_gpio/gpio.c.obj
                0x0000000010000d30                gpio_set_pulls
 .text.gpio_set_input_hysteresis_enabled
                0x0000000010000d60       0x28 CMakeFiles/pico_webserver.dir/pico-sdk/src/rp2_common/hardware_gpio/gpio.c.obj
                0x0000000010000d60                gpio_set_input_hysteresis_enabled
 .text.gpio_set_irq_enabled
                0x0000000010000d88       0x54 CMakeFiles/pico_webserver.dir/pico-sdk/src/rp2_common/hardware_gpio/gpio.c.obj
                0x0000000010000d88                gpio_set_irq_enabled
 .text.gpio_add_raw_irq_handler_with_order_priority_masked
                0x0000000010000ddc       0x44 CMakeFiles/pico_webserver.dir/pico-sdk/src/rp2_common/hardware_gpio/gpio.c.obj
                0x0000000010000ddc                gpio_add_raw_irq_handler_with_order_priority_masked
 .text.gpio_remove_raw_irq_handler_masked
                0x0000000010000e20       0x20 CMakeFiles/pico_webserver.dir/pico-sdk/src/rp2_common/hardware_gpio/gpio.c.obj
                0x0000000010000e20                gpio_remove_raw_irq_handler_masked
 .text.gpio_init
                0x0000000010000e40       0x3c CMakeFiles/pico_webserver.dir/pico-sdk/src/rp2_common/hardware_gpio/gpio.c.obj
                0x0000000010000e40                gpio_init
 .text.running_on_fpga
                0x0000000010000e7c       0x10 CMakeFiles/pico_webserver.dir/pico-sdk/src/rp2_common/pico_platform/platform.c.obj
                0x0000000010000e7c                running_on_fpga
 .text.hw_claim_lock
                0x0000000010000e8c       0x18 CMakeFiles/pico_webserver.dir/pico-sdk/src/rp2_common/hardware_claim/claim.c.obj
                0x0000000010000e8c                hw_claim_lock
 .text.hw_claim_unlock
                0x0000000010000ea4       0x14 CMakeFiles/pico_webserver.dir/pico-sdk/src/rp2_common/hardware_claim/claim.c.obj
                0x0000000010000ea4                hw_claim_unlock
 .text.hw_claim_or_assert
                0x0000000010000eb8       0x44 CMakeFiles/pico_webserver.dir/pico-sdk/src/rp2_common/hardware_claim/claim.c.obj
                0x0000000010000eb8                hw_claim_or_assert
 .text.hw_claim_unused_from_range
                0x0000000010000efc       0x9c CMakeFiles/pico_webserver.dir/pico-sdk/src/rp2_common/hardware_claim/claim.c.obj
                0x0000000010000efc                hw_claim_unused_from_range
 .text.hw_claim_clear
                0x0000000010000f98       0x38 CMakeFiles/pico_webserver.dir/pico-sdk/src/rp2_common/hardware_claim/claim.c.obj
                0x0000000010000f98                hw_claim_clear
 .text.spin_locks_reset
                0x0000000010000fd0       0x1c CMakeFiles/pico_webserver.dir/pico-sdk/src/rp2_common/hardware_sync/sync.c.obj
                0x0000000010000fd0                spin_locks_reset
 .text.next_striped_spin_lock_num
                0x0000000010000fec       0x18 CMakeFiles/pico_webserver.dir/pico-sdk/src/rp2_common/hardware_sync/sync.c.obj
                0x0000000010000fec                next_striped_spin_lock_num
 .text.spin_lock_claim_unused
                0x0000000010001004       0x20 CMakeFiles/pico_webserver.dir/pico-sdk/src/rp2_common/hardware_sync/sync.c.obj
                0x0000000010001004                spin_lock_claim_unused
 .text.irq_set_enabled
                0x0000000010001024       0x24 CMakeFiles/pico_webserver.dir/pico-sdk/src/rp2_common/hardware_irq/irq.c.obj
                0x0000000010001024                irq_set_enabled
 .text.irq_is_enabled
                0x0000000010001048       0x18 CMakeFiles/pico_webserver.dir/pico-sdk/src/rp2_common/hardware_irq/irq.c.obj
                0x0000000010001048                irq_is_enabled
 .text.irq_set_pending
                0x0000000010001060       0x10 CMakeFiles/pico_webserver.dir/pico-sdk/src/rp2_common/hardware_irq/irq.c.obj
                0x0000000010001060                irq_set_pending
 .text.irq_get_vtable_handler
                0x0000000010001070       0x10 CMakeFiles/pico_webserver.dir/pico-sdk/src/rp2_common/hardware_irq/irq.c.obj
                0x0000000010001070                irq_get_vtable_handler
 .text.irq_set_exclusive_handler
                0x0000000010001080       0x54 CMakeFiles/pico_webserver.dir/pico-sdk/src/rp2_common/hardware_irq/irq.c.obj
                0x0000000010001080                irq_set_exclusive_handler
 .text.irq_add_shared_handler
                0x00000000100010d4      0x1e8 CMakeFiles/pico_webserver.dir/pico-sdk/src/rp2_common/hardware_irq/irq.c.obj
                0x00000000100010d4                irq_add_shared_handler
 .text.irq_remove_handler
                0x00000000100012bc      0x1b0 CMakeFiles/pico_webserver.dir/pico-sdk/src/rp2_common/hardware_irq/irq.c.obj
                0x00000000100012bc                irq_remove_handler
 .text.irq_set_priority
                0x000000001000146c       0x28 CMakeFiles/pico_webserver.dir/pico-sdk/src/rp2_common/hardware_irq/irq.c.obj
                0x000000001000146c                irq_set_priority
 .text.irq_add_tail_to_free_list
                0x0000000010001494       0xb4 CMakeFiles/pico_webserver.dir/pico-sdk/src/rp2_common/hardware_irq/irq.c.obj
                0x0000000010001494                irq_add_tail_to_free_list
 .text.irq_init_priorities
                0x0000000010001548       0x24 CMakeFiles/pico_webserver.dir/pico-sdk/src/rp2_common/hardware_irq/irq.c.obj
                0x0000000010001548                irq_init_priorities
 .text.user_irq_unclaim
                0x000000001000156c       0x14 CMakeFiles/pico_webserver.dir/pico-sdk/src/rp2_common/hardware_irq/irq.c.obj
                0x000000001000156c                user_irq_unclaim
 .text.user_irq_claim_unused
                0x0000000010001580       0x28 CMakeFiles/pico_webserver.dir/pico-sdk/src/rp2_common/hardware_irq/irq.c.obj
                0x0000000010001580                user_irq_claim_unused
 .text.sem_init
                0x00000000100015a8       0x20 CMakeFiles/pico_webserver.dir/pico-sdk/src/common/pico_sync/sem.c.obj
                0x00000000100015a8                sem_init
 .text.lock_init
                0x00000000100015c8       0x10 CMakeFiles/pico_webserver.dir/pico-sdk/src/common/pico_sync/lock_core.c.obj
                0x00000000100015c8                lock_init
 .text.mutex_init
                0x00000000100015d8       0x1c CMakeFiles/pico_webserver.dir/pico-sdk/src/common/pico_sync/mutex.c.obj
                0x00000000100015d8                mutex_init
 .text.recursive_mutex_init
                0x00000000100015f4       0x1c CMakeFiles/pico_webserver.dir/pico-sdk/src/common/pico_sync/mutex.c.obj
                0x00000000100015f4                recursive_mutex_init
 .text.critical_section_init
                0x0000000010001610       0x20 CMakeFiles/pico_webserver.dir/pico-sdk/src/common/pico_sync/critical_section.c.obj
                0x0000000010001610                critical_section_init
 .text.timer_pool_entry_comparator
                0x0000000010001630       0x34 CMakeFiles/pico_webserver.dir/pico-sdk/src/common/pico_time/time.c.obj
                0x0000000010001630                timer_pool_entry_comparator
 .text.sleep_until_callback
                0x0000000010001664       0x30 CMakeFiles/pico_webserver.dir/pico-sdk/src/common/pico_time/time.c.obj
 .text.add_alarm_under_lock.isra.0
                0x0000000010001694      0x100 CMakeFiles/pico_webserver.dir/pico-sdk/src/common/pico_time/time.c.obj
 .text.alarm_pool_alarm_callback
                0x0000000010001794      0x1bc CMakeFiles/pico_webserver.dir/pico-sdk/src/common/pico_time/time.c.obj
 .text.alarm_pool_init_default
                0x0000000010001950       0x6c CMakeFiles/pico_webserver.dir/pico-sdk/src/common/pico_time/time.c.obj
                0x0000000010001950                alarm_pool_init_default
 .text.alarm_pool_get_default
                0x00000000100019bc        0x8 CMakeFiles/pico_webserver.dir/pico-sdk/src/common/pico_time/time.c.obj
                0x00000000100019bc                alarm_pool_get_default
 .text.alarm_pool_create_with_unused_hardware_alarm
                0x00000000100019c4       0x74 CMakeFiles/pico_webserver.dir/pico-sdk/src/common/pico_time/time.c.obj
                0x00000000100019c4                alarm_pool_create_with_unused_hardware_alarm
 .text.alarm_pool_destroy
                0x0000000010001a38       0x44 CMakeFiles/pico_webserver.dir/pico-sdk/src/common/pico_time/time.c.obj
                0x0000000010001a38                alarm_pool_destroy
 .text.alarm_pool_add_alarm_at
                0x0000000010001a7c      0x178 CMakeFiles/pico_webserver.dir/pico-sdk/src/common/pico_time/time.c.obj
                0x0000000010001a7c                alarm_pool_add_alarm_at
 .text.alarm_pool_add_alarm_at_force_in_context
                0x0000000010001bf4      0x124 CMakeFiles/pico_webserver.dir/pico-sdk/src/common/pico_time/time.c.obj
                0x0000000010001bf4                alarm_pool_add_alarm_at_force_in_context
 .text.alarm_pool_cancel_alarm
                0x0000000010001d18       0x78 CMakeFiles/pico_webserver.dir/pico-sdk/src/common/pico_time/time.c.obj
                0x0000000010001d18                alarm_pool_cancel_alarm
 .text.alarm_pool_core_num
                0x0000000010001d90        0x4 CMakeFiles/pico_webserver.dir/pico-sdk/src/common/pico_time/time.c.obj
                0x0000000010001d90                alarm_pool_core_num
 .text.sleep_until
                0x0000000010001d94       0xc4 CMakeFiles/pico_webserver.dir/pico-sdk/src/common/pico_time/time.c.obj
                0x0000000010001d94                sleep_until
 .text.sleep_ms
                0x0000000010001e58       0x34 CMakeFiles/pico_webserver.dir/pico-sdk/src/common/pico_time/time.c.obj
                0x0000000010001e58                sleep_ms
 .text.best_effort_wfe_or_timeout
                0x0000000010001e8c       0xd4 CMakeFiles/pico_webserver.dir/pico-sdk/src/common/pico_time/time.c.obj
                0x0000000010001e8c                best_effort_wfe_or_timeout
 .text.hardware_alarm_irq_handler
                0x0000000010001f60       0xbc CMakeFiles/pico_webserver.dir/pico-sdk/src/rp2_common/hardware_timer/timer.c.obj
 .text.hardware_alarm_claim
                0x000000001000201c       0x18 CMakeFiles/pico_webserver.dir/pico-sdk/src/rp2_common/hardware_timer/timer.c.obj
                0x000000001000201c                hardware_alarm_claim
 .text.hardware_alarm_unclaim
                0x0000000010002034       0x10 CMakeFiles/pico_webserver.dir/pico-sdk/src/rp2_common/hardware_timer/timer.c.obj
                0x0000000010002034                hardware_alarm_unclaim
 .text.hardware_alarm_claim_unused
                0x0000000010002044       0x20 CMakeFiles/pico_webserver.dir/pico-sdk/src/rp2_common/hardware_timer/timer.c.obj
                0x0000000010002044                hardware_alarm_claim_unused
 .text.time_us_64
                0x0000000010002064       0x14 CMakeFiles/pico_webserver.dir/pico-sdk/src/rp2_common/hardware_timer/timer.c.obj
                0x0000000010002064                time_us_64
 .text.busy_wait_until
                0x0000000010002078       0x20 CMakeFiles/pico_webserver.dir/pico-sdk/src/rp2_common/hardware_timer/timer.c.obj
                0x0000000010002078                busy_wait_until
 .text.hardware_alarm_set_callback
                0x0000000010002098       0x8c CMakeFiles/pico_webserver.dir/pico-sdk/src/rp2_common/hardware_timer/timer.c.obj
                0x0000000010002098                hardware_alarm_set_callback
 .text.hardware_alarm_set_target
                0x0000000010002124       0xd4 CMakeFiles/pico_webserver.dir/pico-sdk/src/rp2_common/hardware_timer/timer.c.obj
                0x0000000010002124                hardware_alarm_set_target
 .text.hardware_alarm_cancel
                0x00000000100021f8       0x3c CMakeFiles/pico_webserver.dir/pico-sdk/src/rp2_common/hardware_timer/timer.c.obj
                0x00000000100021f8                hardware_alarm_cancel
 .text.hardware_alarm_force_irq
                0x0000000010002234       0x3c CMakeFiles/pico_webserver.dir/pico-sdk/src/rp2_common/hardware_timer/timer.c.obj
                0x0000000010002234                hardware_alarm_force_irq
 .text.ph_merge_nodes
                0x0000000010002270       0x68 CMakeFiles/pico_webserver.dir/pico-sdk/src/common/pico_util/pheap.c.obj
 .text.ph_create
                0x00000000100022d8       0x60 CMakeFiles/pico_webserver.dir/pico-sdk/src/common/pico_util/pheap.c.obj
                0x00000000100022d8                ph_create
 .text.ph_post_alloc_init
                0x0000000010002338       0x3c CMakeFiles/pico_webserver.dir/pico-sdk/src/common/pico_util/pheap.c.obj
                0x0000000010002338                ph_post_alloc_init
 .text.ph_destroy
                0x0000000010002374       0x14 CMakeFiles/pico_webserver.dir/pico-sdk/src/common/pico_util/pheap.c.obj
                0x0000000010002374                ph_destroy
 .text.ph_merge_two_pass
                0x0000000010002388       0x90 CMakeFiles/pico_webserver.dir/pico-sdk/src/common/pico_util/pheap.c.obj
                0x0000000010002388                ph_merge_two_pass
 .text.ph_remove_any_head
                0x0000000010002418      0x100 CMakeFiles/pico_webserver.dir/pico-sdk/src/common/pico_util/pheap.c.obj
 .text.ph_remove_head
                0x0000000010002518      0x104 CMakeFiles/pico_webserver.dir/pico-sdk/src/common/pico_util/pheap.c.obj
                0x0000000010002518                ph_remove_head
 .text.ph_remove_and_free_node
                0x000000001000261c       0x7c CMakeFiles/pico_webserver.dir/pico-sdk/src/common/pico_util/pheap.c.obj
                0x000000001000261c                ph_remove_and_free_node
 .text.clock_configure
                0x0000000010002698      0x118 CMakeFiles/pico_webserver.dir/pico-sdk/src/rp2_common/hardware_clocks/clocks.c.obj
                0x0000000010002698                clock_configure
 .text.clocks_init
                0x00000000100027b0      0x2d0 CMakeFiles/pico_webserver.dir/pico-sdk/src/rp2_common/hardware_clocks/clocks.c.obj
                0x00000000100027b0                clocks_init
 .text.clock_get_hz
                0x0000000010002a80        0xc CMakeFiles/pico_webserver.dir/pico-sdk/src/rp2_common/hardware_clocks/clocks.c.obj
                0x0000000010002a80                clock_get_hz
 .text.pll_init
                0x0000000010002a8c       0xa0 CMakeFiles/pico_webserver.dir/pico-sdk/src/rp2_common/hardware_pll/pll.c.obj
                0x0000000010002a8c                pll_init
 .text.watchdog_start_tick
                0x0000000010002b2c       0x10 CMakeFiles/pico_webserver.dir/pico-sdk/src/rp2_common/hardware_watchdog/watchdog.c.obj
                0x0000000010002b2c                watchdog_start_tick
 .text.xosc_init
                0x0000000010002b3c       0x28 CMakeFiles/pico_webserver.dir/pico-sdk/src/rp2_common/hardware_xosc/xosc.c.obj
                0x0000000010002b3c                xosc_init
 .text.runtime_init
                0x0000000010002b64       0xf0 CMakeFiles/pico_webserver.dir/pico-sdk/src/rp2_common/pico_runtime/runtime.c.obj
                0x0000000010002b64                runtime_init
 .text._exit    0x0000000010002c54       0x14 CMakeFiles/pico_webserver.dir/pico-sdk/src/rp2_common/pico_runtime/runtime.c.obj
                0x0000000010002c54                _exit
 .text._sbrk    0x0000000010002c68       0x34 CMakeFiles/pico_webserver.dir/pico-sdk/src/rp2_common/pico_runtime/runtime.c.obj
                0x0000000010002c68                _sbrk
 .text.exit     0x0000000010002c9c        0x8 CMakeFiles/pico_webserver.dir/pico-sdk/src/rp2_common/pico_runtime/runtime.c.obj
                0x0000000010002c9c                exit
 .text.panic    0x0000000010002ca4       0x30 CMakeFiles/pico_webserver.dir/pico-sdk/src/rp2_common/pico_runtime/runtime.c.obj
                0x0000000010002ca4                panic
 .text.hard_assertion_failure
                0x0000000010002cd4        0xc CMakeFiles/pico_webserver.dir/pico-sdk/src/rp2_common/pico_runtime/runtime.c.obj
                0x0000000010002cd4                hard_assertion_failure
 .text._out_null
                0x0000000010002ce0        0x4 CMakeFiles/pico_webserver.dir/pico-sdk/src/rp2_common/pico_printf/printf.c.obj
 .text._out_rev
                0x0000000010002ce4       0x9c CMakeFiles/pico_webserver.dir/pico-sdk/src/rp2_common/pico_printf/printf.c.obj
 .text._ntoa_format
                0x0000000010002d80      0x1cc CMakeFiles/pico_webserver.dir/pico-sdk/src/rp2_common/pico_printf/printf.c.obj
 .text._out_char
                0x0000000010002f4c       0x10 CMakeFiles/pico_webserver.dir/pico-sdk/src/rp2_common/pico_printf/printf.c.obj
 .text._out_fct
                0x0000000010002f5c       0x10 CMakeFiles/pico_webserver.dir/pico-sdk/src/rp2_common/pico_printf/printf.c.obj
 .text._etoa    0x0000000010002f6c      0x44c CMakeFiles/pico_webserver.dir/pico-sdk/src/rp2_common/pico_printf/printf.c.obj
 .text._ftoa    0x00000000100033b8      0x398 CMakeFiles/pico_webserver.dir/pico-sdk/src/rp2_common/pico_printf/printf.c.obj
 .text._vsnprintf
                0x0000000010003750      0xb04 CMakeFiles/pico_webserver.dir/pico-sdk/src/rp2_common/pico_printf/printf.c.obj
 .text.vfctprintf
                0x0000000010004254       0x20 CMakeFiles/pico_webserver.dir/pico-sdk/src/rp2_common/pico_printf/printf.c.obj
                0x0000000010004254                vfctprintf
 .text.weak_raw_vprintf
                0x0000000010004274       0x30 CMakeFiles/pico_webserver.dir/pico-sdk/src/rp2_common/pico_printf/printf.c.obj
                0x0000000010004274                weak_raw_vprintf
 .text          0x00000000100042a4       0x10 CMakeFiles/pico_webserver.dir/pico-sdk/src/rp2_common/pico_bit_ops/bit_ops_aeabi.S.obj
 .text.ctzsi    0x00000000100042b4        0xc CMakeFiles/pico_webserver.dir/pico-sdk/src/rp2_common/pico_bit_ops/bit_ops_aeabi.S.obj
                0x00000000100042b4                __wrap___ctzsi2
 .text.rom_func_lookup
                0x00000000100042c0       0x10 CMakeFiles/pico_webserver.dir/pico-sdk/src/rp2_common/pico_bootrom/bootrom.c.obj
                0x00000000100042c0                rom_func_lookup
 .text.rom_data_lookup
                0x00000000100042d0       0x10 CMakeFiles/pico_webserver.dir/pico-sdk/src/rp2_common/pico_bootrom/bootrom.c.obj
                0x00000000100042d0                rom_data_lookup
 .text.rom_funcs_lookup
                0x00000000100042e0       0x44 CMakeFiles/pico_webserver.dir/pico-sdk/src/rp2_common/pico_bootrom/bootrom.c.obj
                0x00000000100042e0                rom_funcs_lookup
 .text.__wrap___aeabi_idiv
                0x0000000010004324       0x50 CMakeFiles/pico_webserver.dir/pico-sdk/src/rp2_common/pico_divider/divider.S.obj
                0x0000000010004324                __wrap___aeabi_idivmod
                0x0000000010004324                divmod_s32s32
                0x0000000010004324                div_s32s32
                0x0000000010004324                __wrap___aeabi_idiv
                0x000000001000432c                divmod_s32s32_unsafe
                0x0000000010004358                divmod_s32s32_savestate
 .text.__wrap___aeabi_uidiv
                0x0000000010004374       0x4c CMakeFiles/pico_webserver.dir/pico-sdk/src/rp2_common/pico_divider/divider.S.obj
                0x0000000010004374                __wrap___aeabi_uidiv
                0x0000000010004374                __wrap___aeabi_uidivmod
                0x0000000010004374                div_u32u32
                0x0000000010004374                divmod_u32u32
                0x000000001000437c                divmod_u32u32_unsafe
                0x00000000100043a4                divmod_u32u32_savestate
 .text.__wrap___aeabi_ldiv
                0x00000000100043c0      0x424 CMakeFiles/pico_webserver.dir/pico-sdk/src/rp2_common/pico_divider/divider.S.obj
                0x00000000100043c0                div_s64s64
                0x00000000100043c0                divmod_s64s64
                0x00000000100043c0                __wrap___aeabi_ldivmod
                0x00000000100043f0                div_u64u64
                0x00000000100043f0                divmod_u64u64
                0x00000000100043f0                __wrap___aeabi_uldivmod
                0x0000000010004400                divmod_u64u64_savestate
                0x0000000010004420                divmod_s64s64_unsafe
                0x00000000100044a8                divmod_u64u64_unsafe
 .text.__wrap___aeabi_darithmetic
                0x00000000100047e4       0x60 CMakeFiles/pico_webserver.dir/pico-sdk/src/rp2_common/pico_double/double_aeabi.S.obj
                0x00000000100047e4                __wrap___aeabi_drsub
                0x00000000100047ea                __wrap___aeabi_dsub
                0x00000000100047f4                __wrap___aeabi_dadd
                0x00000000100047fe                __wrap___aeabi_ddiv
                0x0000000010004832                __wrap___aeabi_dmul
 .text.__wrap___aeabi_cdcmple
                0x0000000010004844       0x6c CMakeFiles/pico_webserver.dir/pico-sdk/src/rp2_common/pico_double/double_aeabi.S.obj
                0x0000000010004844                __wrap___aeabi_cdrcmple
                0x0000000010004854                __wrap___aeabi_cdcmple
                0x0000000010004854                __wrap___aeabi_cdcmpeq
 .text.__wrap___aeabi_dcmplt
                0x00000000100048b0        0xc CMakeFiles/pico_webserver.dir/pico-sdk/src/rp2_common/pico_double/double_aeabi.S.obj
                0x00000000100048b0                __wrap___aeabi_dcmplt
 .text.__wrap___aeabi_dcmple
                0x00000000100048bc       0x10 CMakeFiles/pico_webserver.dir/pico-sdk/src/rp2_common/pico_double/double_aeabi.S.obj
                0x00000000100048bc                __wrap___aeabi_dcmple
 .text.__wrap___aeabi_dcmpge
                0x00000000100048cc       0x10 CMakeFiles/pico_webserver.dir/pico-sdk/src/rp2_common/pico_double/double_aeabi.S.obj
                0x00000000100048cc                __wrap___aeabi_dcmpge
 .text.__wrap___aeabi_dcmpgt
                0x00000000100048dc        0xa CMakeFiles/pico_webserver.dir/pico-sdk/src/rp2_common/pico_double/double_aeabi.S.obj
                0x00000000100048dc                __wrap___aeabi_dcmpgt
 .text.__wrap___aeabi_dcmpun
                0x00000000100048e6       0x1c CMakeFiles/pico_webserver.dir/pico-sdk/src/rp2_common/pico_double/double_aeabi.S.obj
                0x00000000100048e6                __wrap___aeabi_dcmpun
 *fill*         0x0000000010004902        0x2 
 .text.__wrap___aeabi_i2d
                0x0000000010004904       0x38 CMakeFiles/pico_webserver.dir/pico-sdk/src/rp2_common/pico_double/double_aeabi.S.obj
                0x0000000010004904                __wrap___aeabi_ui2d
                0x000000001000490c                __wrap___aeabi_i2d
 .text.__wrap___aeabi_d2iz
                0x000000001000493c       0x48 CMakeFiles/pico_webserver.dir/pico-sdk/src/rp2_common/pico_double/double_aeabi.S.obj
                0x000000001000493c                __wrap___aeabi_d2iz
                0x000000001000493c                double2int_z
 .text.__wrap___aeabi_d2uiz
                0x0000000010004984       0x10 CMakeFiles/pico_webserver.dir/pico-sdk/src/rp2_common/pico_double/double_aeabi.S.obj
                0x0000000010004984                double2uint
                0x0000000010004984                __wrap___aeabi_d2uiz
 .text.missing_double_func_shim
                0x0000000010004994        0xc CMakeFiles/pico_webserver.dir/pico-sdk/src/rp2_common/pico_double/double_init_rom.c.obj
 .text.__aeabi_double_init
                0x00000000100049a0       0x98 CMakeFiles/pico_webserver.dir/pico-sdk/src/rp2_common/pico_double/double_init_rom.c.obj
                0x00000000100049a0                __aeabi_double_init
 .text.double_table_shim_on_use_helper
                0x0000000010004a38       0x2c CMakeFiles/pico_webserver.dir/pico-sdk/src/rp2_common/pico_double/double_v1_rom_shim.S.obj
                0x0000000010004a38                double_table_shim_on_use_helper
 .text.__aeabi_lmul
                0x0000000010004a64       0x32 CMakeFiles/pico_webserver.dir/pico-sdk/src/rp2_common/pico_int64_ops/pico_int64_ops_aeabi.S.obj
                0x0000000010004a64                __wrap___aeabi_lmul
 *fill*         0x0000000010004a96        0x2 
 .text.missing_float_func_shim
                0x0000000010004a98        0xc CMakeFiles/pico_webserver.dir/pico-sdk/src/rp2_common/pico_float/float_init_rom.c.obj
 .text.__aeabi_float_init
                0x0000000010004aa4       0x5c CMakeFiles/pico_webserver.dir/pico-sdk/src/rp2_common/pico_float/float_init_rom.c.obj
                0x0000000010004aa4                __aeabi_float_init
 .text.__wrap_malloc
                0x0000000010004b00       0x3c CMakeFiles/pico_webserver.dir/pico-sdk/src/rp2_common/pico_malloc/pico_malloc.c.obj
                0x0000000010004b00                __wrap_malloc
 .text.__wrap_calloc
                0x0000000010004b3c       0x40 CMakeFiles/pico_webserver.dir/pico-sdk/src/rp2_common/pico_malloc/pico_malloc.c.obj
                0x0000000010004b3c                __wrap_calloc
 .text.__wrap_free
                0x0000000010004b7c       0x20 CMakeFiles/pico_webserver.dir/pico-sdk/src/rp2_common/pico_malloc/pico_malloc.c.obj
                0x0000000010004b7c                __wrap_free
 .text          0x0000000010004b9c       0x10 CMakeFiles/pico_webserver.dir/pico-sdk/src/rp2_common/pico_mem_ops/mem_ops_aeabi.S.obj
                0x0000000010004b9c                __aeabi_mem_init
 .text.memset   0x0000000010004bac        0xc CMakeFiles/pico_webserver.dir/pico-sdk/src/rp2_common/pico_mem_ops/mem_ops_aeabi.S.obj
                0x0000000010004bac                __wrap_memset
 .text.memcpy   0x0000000010004bb8        0xc CMakeFiles/pico_webserver.dir/pico-sdk/src/rp2_common/pico_mem_ops/mem_ops_aeabi.S.obj
                0x0000000010004bb8                __wrap___aeabi_memcpy
                0x0000000010004bb8                __wrap_memcpy
 .text.stdio_out_chars_no_crlf
                0x0000000010004bc4       0x10 CMakeFiles/pico_webserver.dir/pico-sdk/src/rp2_common/pico_stdio/stdio.c.obj
 .text.stdio_out_chars_crlf
                0x0000000010004bd4       0xb4 CMakeFiles/pico_webserver.dir/pico-sdk/src/rp2_common/pico_stdio/stdio.c.obj
 .text.stdio_buffered_printer
                0x0000000010004c88       0x64 CMakeFiles/pico_webserver.dir/pico-sdk/src/rp2_common/pico_stdio/stdio.c.obj
 .text.stdio_put_string.isra.0
                0x0000000010004cec       0xfc CMakeFiles/pico_webserver.dir/pico-sdk/src/rp2_common/pico_stdio/stdio.c.obj
 .text.__wrap_putchar
                0x0000000010004de8       0x98 CMakeFiles/pico_webserver.dir/pico-sdk/src/rp2_common/pico_stdio/stdio.c.obj
                0x0000000010004de8                __wrap_putchar
 .text.__wrap_puts
                0x0000000010004e80       0x3c CMakeFiles/pico_webserver.dir/pico-sdk/src/rp2_common/pico_stdio/stdio.c.obj
                0x0000000010004e80                __wrap_puts
 .text.__wrap_vprintf
                0x0000000010004ebc       0xd8 CMakeFiles/pico_webserver.dir/pico-sdk/src/rp2_common/pico_stdio/stdio.c.obj
                0x0000000010004ebc                __wrap_vprintf
 .text.__wrap_printf
                0x0000000010004f94       0x18 CMakeFiles/pico_webserver.dir/pico-sdk/src/rp2_common/pico_stdio/stdio.c.obj
                0x0000000010004f94                __wrap_printf
 .text.startup._retrieve_unique_id_on_boot
                0x0000000010004fac       0x10 CMakeFiles/pico_webserver.dir/pico-sdk/src/rp2_common/pico_unique_id/unique_id.c.obj
 .text.pico_get_unique_board_id
                0x0000000010004fbc       0x10 CMakeFiles/pico_webserver.dir/pico-sdk/src/rp2_common/pico_unique_id/unique_id.c.obj
                0x0000000010004fbc                pico_get_unique_board_id
 .text.flash_get_unique_id
                0x0000000010004fcc       0x40 CMakeFiles/pico_webserver.dir/pico-sdk/src/rp2_common/hardware_flash/flash.c.obj
                0x0000000010004fcc                flash_get_unique_id
 .text.dcd_int_enable
                0x000000001000500c        0xc CMakeFiles/pico_webserver.dir/pico-sdk/lib/tinyusb/src/portable/raspberrypi/rp2040/dcd_rp2040.c.obj
                0x000000001000500c                dcd_int_enable
 .text.dcd_set_address
                0x0000000010005018       0x14 CMakeFiles/pico_webserver.dir/pico-sdk/lib/tinyusb/src/portable/raspberrypi/rp2040/dcd_rp2040.c.obj
                0x0000000010005018                dcd_set_address
 .text.dcd_connect
                0x000000001000502c       0x10 CMakeFiles/pico_webserver.dir/pico-sdk/lib/tinyusb/src/portable/raspberrypi/rp2040/dcd_rp2040.c.obj
                0x000000001000502c                dcd_connect
 .text.dcd_init
                0x000000001000503c       0x98 CMakeFiles/pico_webserver.dir/pico-sdk/lib/tinyusb/src/portable/raspberrypi/rp2040/dcd_rp2040.c.obj
                0x000000001000503c                dcd_init
 .text.dcd_edpt0_status_complete
                0x00000000100050d4       0x1c CMakeFiles/pico_webserver.dir/pico-sdk/lib/tinyusb/src/portable/raspberrypi/rp2040/dcd_rp2040.c.obj
                0x00000000100050d4                dcd_edpt0_status_complete
 .text.dcd_edpt_open
                0x00000000100050f0      0x108 CMakeFiles/pico_webserver.dir/pico-sdk/lib/tinyusb/src/portable/raspberrypi/rp2040/dcd_rp2040.c.obj
                0x00000000100050f0                dcd_edpt_open
 .text.dcd_edpt_close_all
                0x00000000100051f8        0x8 CMakeFiles/pico_webserver.dir/pico-sdk/lib/tinyusb/src/portable/raspberrypi/rp2040/dcd_rp2040.c.obj
                0x00000000100051f8                dcd_edpt_close_all
 .text.dcd_edpt_xfer
                0x0000000010005200       0x24 CMakeFiles/pico_webserver.dir/pico-sdk/lib/tinyusb/src/portable/raspberrypi/rp2040/dcd_rp2040.c.obj
                0x0000000010005200                dcd_edpt_xfer
 .text.dcd_edpt_stall
                0x0000000010005224       0x38 CMakeFiles/pico_webserver.dir/pico-sdk/lib/tinyusb/src/portable/raspberrypi/rp2040/dcd_rp2040.c.obj
                0x0000000010005224                dcd_edpt_stall
 .text.dcd_edpt_clear_stall
                0x000000001000525c       0x30 CMakeFiles/pico_webserver.dir/pico-sdk/lib/tinyusb/src/portable/raspberrypi/rp2040/dcd_rp2040.c.obj
                0x000000001000525c                dcd_edpt_clear_stall
 .text.rp2040_usb_init
                0x000000001000528c       0x4c CMakeFiles/pico_webserver.dir/pico-sdk/lib/tinyusb/src/portable/raspberrypi/rp2040/rp2040_usb.c.obj
                0x000000001000528c                rp2040_usb_init
 .text.hw_endpoint_xfer_start
                0x00000000100052d8       0x50 CMakeFiles/pico_webserver.dir/pico-sdk/lib/tinyusb/src/portable/raspberrypi/rp2040/rp2040_usb.c.obj
                0x00000000100052d8                hw_endpoint_xfer_start
 .text.tud_mounted
                0x0000000010005328       0x10 CMakeFiles/pico_webserver.dir/pico-sdk/lib/tinyusb/src/device/usbd.c.obj
                0x0000000010005328                tud_mounted
 .text.tud_suspended
                0x0000000010005338       0x10 CMakeFiles/pico_webserver.dir/pico-sdk/lib/tinyusb/src/device/usbd.c.obj
                0x0000000010005338                tud_suspended
 .text.tud_init
                0x0000000010005348       0xe0 CMakeFiles/pico_webserver.dir/pico-sdk/lib/tinyusb/src/device/usbd.c.obj
                0x0000000010005348                tud_init
 .text.tud_task_ext
                0x0000000010005428      0x7ec CMakeFiles/pico_webserver.dir/pico-sdk/lib/tinyusb/src/device/usbd.c.obj
                0x0000000010005428                tud_task_ext
 .text.usbd_open_edpt_pair
                0x0000000010005c14       0x9c CMakeFiles/pico_webserver.dir/pico-sdk/lib/tinyusb/src/device/usbd.c.obj
                0x0000000010005c14                usbd_open_edpt_pair
 .text.usbd_edpt_open
                0x0000000010005cb0       0x34 CMakeFiles/pico_webserver.dir/pico-sdk/lib/tinyusb/src/device/usbd.c.obj
                0x0000000010005cb0                usbd_edpt_open
 .text.usbd_edpt_xfer
                0x0000000010005ce4       0x4c CMakeFiles/pico_webserver.dir/pico-sdk/lib/tinyusb/src/device/usbd.c.obj
                0x0000000010005ce4                usbd_edpt_xfer
 .text.usbd_edpt_busy
                0x0000000010005d30       0x1c CMakeFiles/pico_webserver.dir/pico-sdk/lib/tinyusb/src/device/usbd.c.obj
                0x0000000010005d30                usbd_edpt_busy
 .text.tud_control_status
                0x0000000010005d4c       0x30 CMakeFiles/pico_webserver.dir/pico-sdk/lib/tinyusb/src/device/usbd_control.c.obj
                0x0000000010005d4c                tud_control_status
 .text.tud_control_xfer
                0x0000000010005d7c       0xbc CMakeFiles/pico_webserver.dir/pico-sdk/lib/tinyusb/src/device/usbd_control.c.obj
                0x0000000010005d7c                tud_control_xfer
 .text.usbd_control_reset
                0x0000000010005e38       0x14 CMakeFiles/pico_webserver.dir/pico-sdk/lib/tinyusb/src/device/usbd_control.c.obj
                0x0000000010005e38                usbd_control_reset
 .text.usbd_control_set_complete_callback
                0x0000000010005e4c        0xc CMakeFiles/pico_webserver.dir/pico-sdk/lib/tinyusb/src/device/usbd_control.c.obj
                0x0000000010005e4c                usbd_control_set_complete_callback
 .text.usbd_control_set_request
                0x0000000010005e58       0x1c CMakeFiles/pico_webserver.dir/pico-sdk/lib/tinyusb/src/device/usbd_control.c.obj
                0x0000000010005e58                usbd_control_set_request
 .text.usbd_control_xfer_cb
                0x0000000010005e74       0xfc CMakeFiles/pico_webserver.dir/pico-sdk/lib/tinyusb/src/device/usbd_control.c.obj
                0x0000000010005e74                usbd_control_xfer_cb
 .text.tud_network_recv_renew
                0x0000000010005f70       0x20 CMakeFiles/pico_webserver.dir/pico-sdk/lib/tinyusb/src/class/net/ecm_rndis_device.c.obj
                0x0000000010005f70                tud_network_recv_renew
 .text.netd_report
                0x0000000010005f90       0x24 CMakeFiles/pico_webserver.dir/pico-sdk/lib/tinyusb/src/class/net/ecm_rndis_device.c.obj
                0x0000000010005f90                netd_report
 .text.netd_init
                0x0000000010005fb4       0x14 CMakeFiles/pico_webserver.dir/pico-sdk/lib/tinyusb/src/class/net/ecm_rndis_device.c.obj
                0x0000000010005fb4                netd_init
 .text.netd_reset
                0x0000000010005fc8       0x14 CMakeFiles/pico_webserver.dir/pico-sdk/lib/tinyusb/src/class/net/ecm_rndis_device.c.obj
                0x0000000010005fc8                netd_reset
 .text.netd_open
                0x0000000010005fdc      0x11c CMakeFiles/pico_webserver.dir/pico-sdk/lib/tinyusb/src/class/net/ecm_rndis_device.c.obj
                0x0000000010005fdc                netd_open
 .text.netd_control_xfer_cb
                0x00000000100060f8      0x174 CMakeFiles/pico_webserver.dir/pico-sdk/lib/tinyusb/src/class/net/ecm_rndis_device.c.obj
                0x00000000100060f8                netd_control_xfer_cb
 .text.netd_xfer_cb
                0x000000001000626c       0xec CMakeFiles/pico_webserver.dir/pico-sdk/lib/tinyusb/src/class/net/ecm_rndis_device.c.obj
                0x000000001000626c                netd_xfer_cb
 .text.tud_network_can_xmit
                0x0000000010006358        0xc CMakeFiles/pico_webserver.dir/pico-sdk/lib/tinyusb/src/class/net/ecm_rndis_device.c.obj
                0x0000000010006358                tud_network_can_xmit
 .text.tud_network_xmit
                0x0000000010006364       0x98 CMakeFiles/pico_webserver.dir/pico-sdk/lib/tinyusb/src/class/net/ecm_rndis_device.c.obj
                0x0000000010006364                tud_network_xmit
 .text.tusb_init
                0x00000000100063fc        0xc CMakeFiles/pico_webserver.dir/pico-sdk/lib/tinyusb/src/tusb.c.obj
                0x00000000100063fc                tusb_init
 .text.tu_edpt_validate
                0x0000000010006408       0x78 CMakeFiles/pico_webserver.dir/pico-sdk/lib/tinyusb/src/tusb.c.obj
                0x0000000010006408                tu_edpt_validate
 .text.tu_edpt_bind_driver
                0x0000000010006480       0x34 CMakeFiles/pico_webserver.dir/pico-sdk/lib/tinyusb/src/tusb.c.obj
                0x0000000010006480                tu_edpt_bind_driver
 .text.tu_fifo_read
                0x00000000100064b4       0xa0 CMakeFiles/pico_webserver.dir/pico-sdk/lib/tinyusb/src/common/tusb_fifo.c.obj
                0x00000000100064b4                tu_fifo_read
 .text.tu_fifo_write
                0x0000000010006554       0x88 CMakeFiles/pico_webserver.dir/pico-sdk/lib/tinyusb/src/common/tusb_fifo.c.obj
                0x0000000010006554                tu_fifo_write
 .text.tu_fifo_clear
                0x00000000100065dc       0x40 CMakeFiles/pico_webserver.dir/pico-sdk/lib/tinyusb/src/common/tusb_fifo.c.obj
                0x00000000100065dc                tu_fifo_clear
 .text.cyw43_arch_set_async_context
                0x000000001000661c        0xc CMakeFiles/pico_webserver.dir/pico-sdk/src/rp2_common/pico_cyw43_arch/cyw43_arch.c.obj
                0x000000001000661c                cyw43_arch_set_async_context
 .text.cyw43_arch_enable_sta_mode
                0x0000000010006628       0x1c CMakeFiles/pico_webserver.dir/pico-sdk/src/rp2_common/pico_cyw43_arch/cyw43_arch.c.obj
                0x0000000010006628                cyw43_arch_enable_sta_mode
 .text.cyw43_arch_wifi_connect_async
                0x0000000010006644       0x48 CMakeFiles/pico_webserver.dir/pico-sdk/src/rp2_common/pico_cyw43_arch/cyw43_arch.c.obj
                0x0000000010006644                cyw43_arch_wifi_connect_async
 .text.cyw43_arch_init_with_country
                0x000000001000668c       0x10 CMakeFiles/pico_webserver.dir/pico-sdk/src/rp2_common/pico_cyw43_arch/cyw43_arch.c.obj
                0x000000001000668c                cyw43_arch_init_with_country
 .text.cyw43_arch_gpio_put
                0x000000001000669c       0x14 CMakeFiles/pico_webserver.dir/pico-sdk/src/rp2_common/pico_cyw43_arch/cyw43_arch.c.obj
                0x000000001000669c                cyw43_arch_gpio_put
 .text.cyw43_arch_async_context
                0x00000000100066b0        0xc CMakeFiles/pico_webserver.dir/pico-sdk/src/rp2_common/pico_cyw43_arch/cyw43_arch.c.obj
                0x00000000100066b0                cyw43_arch_async_context
 .text.cyw43_arch_init
                0x00000000100066bc       0x6c CMakeFiles/pico_webserver.dir/pico-sdk/src/rp2_common/pico_cyw43_arch/cyw43_arch_threadsafe_background.c.obj
                0x00000000100066bc                cyw43_arch_init
 .text.ns_delay.constprop.0
                0x0000000010006728       0x20 CMakeFiles/pico_webserver.dir/pico-sdk/src/rp2_common/pico_cyw43_driver/cyw43_bus_pio_spi.c.obj
 .text.cyw43_spi_deinit
                0x0000000010006748       0x7c CMakeFiles/pico_webserver.dir/pico-sdk/src/rp2_common/pico_cyw43_driver/cyw43_bus_pio_spi.c.obj
                0x0000000010006748                cyw43_spi_deinit
 .text.cyw43_spi_init
                0x00000000100067c4      0x154 CMakeFiles/pico_webserver.dir/pico-sdk/src/rp2_common/pico_cyw43_driver/cyw43_bus_pio_spi.c.obj
                0x00000000100067c4                cyw43_spi_init
 .text.cyw43_spi_transfer
                0x0000000010006918      0x430 CMakeFiles/pico_webserver.dir/pico-sdk/src/rp2_common/pico_cyw43_driver/cyw43_bus_pio_spi.c.obj
                0x0000000010006918                cyw43_spi_transfer
 .text.cyw43_spi_gpio_setup
                0x0000000010006d48       0x3c CMakeFiles/pico_webserver.dir/pico-sdk/src/rp2_common/pico_cyw43_driver/cyw43_bus_pio_spi.c.obj
                0x0000000010006d48                cyw43_spi_gpio_setup
 .text.cyw43_spi_reset
                0x0000000010006d84       0x28 CMakeFiles/pico_webserver.dir/pico-sdk/src/rp2_common/pico_cyw43_driver/cyw43_bus_pio_spi.c.obj
                0x0000000010006d84                cyw43_spi_reset
 .text.read_reg_u32_swap
                0x0000000010006dac       0x3c CMakeFiles/pico_webserver.dir/pico-sdk/src/rp2_common/pico_cyw43_driver/cyw43_bus_pio_spi.c.obj
                0x0000000010006dac                read_reg_u32_swap
 .text.cyw43_read_reg_u32
                0x0000000010006de8       0x6c CMakeFiles/pico_webserver.dir/pico-sdk/src/rp2_common/pico_cyw43_driver/cyw43_bus_pio_spi.c.obj
                0x0000000010006de8                cyw43_read_reg_u32
 .text.cyw43_read_reg_u16
                0x0000000010006e54       0x6c CMakeFiles/pico_webserver.dir/pico-sdk/src/rp2_common/pico_cyw43_driver/cyw43_bus_pio_spi.c.obj
                0x0000000010006e54                cyw43_read_reg_u16
 .text.cyw43_read_reg_u8
                0x0000000010006ec0       0x6c CMakeFiles/pico_webserver.dir/pico-sdk/src/rp2_common/pico_cyw43_driver/cyw43_bus_pio_spi.c.obj
                0x0000000010006ec0                cyw43_read_reg_u8
 .text.write_reg_u32_swap
                0x0000000010006f2c      0x1e0 CMakeFiles/pico_webserver.dir/pico-sdk/src/rp2_common/pico_cyw43_driver/cyw43_bus_pio_spi.c.obj
                0x0000000010006f2c                write_reg_u32_swap
 .text.cyw43_write_reg_u32
                0x000000001000710c      0x200 CMakeFiles/pico_webserver.dir/pico-sdk/src/rp2_common/pico_cyw43_driver/cyw43_bus_pio_spi.c.obj
                0x000000001000710c                cyw43_write_reg_u32
 .text.cyw43_write_reg_u16
                0x000000001000730c      0x200 CMakeFiles/pico_webserver.dir/pico-sdk/src/rp2_common/pico_cyw43_driver/cyw43_bus_pio_spi.c.obj
                0x000000001000730c                cyw43_write_reg_u16
 .text.cyw43_write_reg_u8
                0x000000001000750c      0x200 CMakeFiles/pico_webserver.dir/pico-sdk/src/rp2_common/pico_cyw43_driver/cyw43_bus_pio_spi.c.obj
                0x000000001000750c                cyw43_write_reg_u8
 .text.cyw43_read_bytes
                0x000000001000770c       0x78 CMakeFiles/pico_webserver.dir/pico-sdk/src/rp2_common/pico_cyw43_driver/cyw43_bus_pio_spi.c.obj
                0x000000001000770c                cyw43_read_bytes
 .text.cyw43_write_bytes
                0x0000000010007784       0xec CMakeFiles/pico_webserver.dir/pico-sdk/src/rp2_common/pico_cyw43_driver/cyw43_bus_pio_spi.c.obj
                0x0000000010007784                cyw43_write_bytes
 .text.cyw43_set_backplane_window
                0x0000000010007870       0x64 CMakeFiles/pico_webserver.dir/pico-sdk/lib/cyw43-driver/src/cyw43_ll.c.obj
 .text.cyw43_ll_parse_async_event
                0x00000000100078d4      0x13c CMakeFiles/pico_webserver.dir/pico-sdk/lib/cyw43-driver/src/cyw43_ll.c.obj
 .text.cyw43_kso_set
                0x0000000010007a10       0xa0 CMakeFiles/pico_webserver.dir/pico-sdk/lib/cyw43-driver/src/cyw43_ll.c.obj
 .text.cyw43_ll_sdpcm_poll_device
                0x0000000010007ab0      0x238 CMakeFiles/pico_webserver.dir/pico-sdk/lib/cyw43-driver/src/cyw43_ll.c.obj
 .text.cyw43_sdpcm_send_common
                0x0000000010007ce8       0xf0 CMakeFiles/pico_webserver.dir/pico-sdk/lib/cyw43-driver/src/cyw43_ll.c.obj
 .text.cyw43_do_ioctl.part.0
                0x0000000010007dd8       0xc4 CMakeFiles/pico_webserver.dir/pico-sdk/lib/cyw43-driver/src/cyw43_ll.c.obj
 .text.cyw43_write_iovar_u32
                0x0000000010007e9c       0xa4 CMakeFiles/pico_webserver.dir/pico-sdk/lib/cyw43-driver/src/cyw43_ll.c.obj
 .text.cyw43_write_iovar_u32_u32.constprop.0
                0x0000000010007f40       0xb0 CMakeFiles/pico_webserver.dir/pico-sdk/lib/cyw43-driver/src/cyw43_ll.c.obj
 .text.cyw43_read_backplane.constprop.0
                0x0000000010007ff0       0xdc CMakeFiles/pico_webserver.dir/pico-sdk/lib/cyw43-driver/src/cyw43_ll.c.obj
 .text.cyw43_write_backplane
                0x00000000100080cc      0x104 CMakeFiles/pico_webserver.dir/pico-sdk/lib/cyw43-driver/src/cyw43_ll.c.obj
 .text.reset_device_core.constprop.0
                0x00000000100081d0      0x3f0 CMakeFiles/pico_webserver.dir/pico-sdk/lib/cyw43-driver/src/cyw43_ll.c.obj
 .text.cyw43_ll_init
                0x00000000100085c0       0x1c CMakeFiles/pico_webserver.dir/pico-sdk/lib/cyw43-driver/src/cyw43_ll.c.obj
                0x00000000100085c0                cyw43_ll_init
 .text.cyw43_ll_deinit
                0x00000000100085dc        0x8 CMakeFiles/pico_webserver.dir/pico-sdk/lib/cyw43-driver/src/cyw43_ll.c.obj
                0x00000000100085dc                cyw43_ll_deinit
 .text.cyw43_ll_send_ethernet
                0x00000000100085e4       0x60 CMakeFiles/pico_webserver.dir/pico-sdk/lib/cyw43-driver/src/cyw43_ll.c.obj
                0x00000000100085e4                cyw43_ll_send_ethernet
 .text.cyw43_ll_process_packets
                0x0000000010008644       0x54 CMakeFiles/pico_webserver.dir/pico-sdk/lib/cyw43-driver/src/cyw43_ll.c.obj
                0x0000000010008644                cyw43_ll_process_packets
 .text.cyw43_ll_ioctl
                0x0000000010008698       0x80 CMakeFiles/pico_webserver.dir/pico-sdk/lib/cyw43-driver/src/cyw43_ll.c.obj
                0x0000000010008698                cyw43_ll_ioctl
 .text.cyw43_ll_bus_sleep
                0x0000000010008718       0x34 CMakeFiles/pico_webserver.dir/pico-sdk/lib/cyw43-driver/src/cyw43_ll.c.obj
                0x0000000010008718                cyw43_ll_bus_sleep
 .text.cyw43_ll_wifi_on
                0x000000001000874c      0x220 CMakeFiles/pico_webserver.dir/pico-sdk/lib/cyw43-driver/src/cyw43_ll.c.obj
                0x000000001000874c                cyw43_ll_wifi_on
 .text.cyw43_ll_wifi_get_mac
                0x000000001000896c       0x74 CMakeFiles/pico_webserver.dir/pico-sdk/lib/cyw43-driver/src/cyw43_ll.c.obj
                0x000000001000896c                cyw43_ll_wifi_get_mac
 .text.cyw43_ll_bus_init
                0x00000000100089e0      0xa24 CMakeFiles/pico_webserver.dir/pico-sdk/lib/cyw43-driver/src/cyw43_ll.c.obj
                0x00000000100089e0                cyw43_ll_bus_init
 .text.cyw43_ll_wifi_pm
                0x0000000010009404      0x138 CMakeFiles/pico_webserver.dir/pico-sdk/lib/cyw43-driver/src/cyw43_ll.c.obj
                0x0000000010009404                cyw43_ll_wifi_pm
 .text.cyw43_ll_wifi_join
                0x000000001000953c      0x3ec CMakeFiles/pico_webserver.dir/pico-sdk/lib/cyw43-driver/src/cyw43_ll.c.obj
                0x000000001000953c                cyw43_ll_wifi_join
 .text.cyw43_ll_wifi_set_wpa_auth
                0x0000000010009928       0x4c CMakeFiles/pico_webserver.dir/pico-sdk/lib/cyw43-driver/src/cyw43_ll.c.obj
                0x0000000010009928                cyw43_ll_wifi_set_wpa_auth
 .text.cyw43_ll_wifi_rejoin
                0x0000000010009974       0x58 CMakeFiles/pico_webserver.dir/pico-sdk/lib/cyw43-driver/src/cyw43_ll.c.obj
                0x0000000010009974                cyw43_ll_wifi_rejoin
 .text.cyw43_ll_wifi_ap_init
                0x00000000100099cc      0x2e8 CMakeFiles/pico_webserver.dir/pico-sdk/lib/cyw43-driver/src/cyw43_ll.c.obj
                0x00000000100099cc                cyw43_ll_wifi_ap_init
 .text.cyw43_ll_wifi_ap_set_up
                0x0000000010009cb4       0x80 CMakeFiles/pico_webserver.dir/pico-sdk/lib/cyw43-driver/src/cyw43_ll.c.obj
                0x0000000010009cb4                cyw43_ll_wifi_ap_set_up
 .text.cyw43_ll_gpio_set
                0x0000000010009d34       0x9c CMakeFiles/pico_webserver.dir/pico-sdk/lib/cyw43-driver/src/cyw43_ll.c.obj
                0x0000000010009d34                cyw43_ll_gpio_set
 .text.cyw43_ll_has_work
                0x0000000010009dd0       0x14 CMakeFiles/pico_webserver.dir/pico-sdk/lib/cyw43-driver/src/cyw43_ll.c.obj
                0x0000000010009dd0                cyw43_ll_has_work
 .text.cyw43_poll_func
                0x0000000010009de4       0xc0 CMakeFiles/pico_webserver.dir/pico-sdk/lib/cyw43-driver/src/cyw43_ctrl.c.obj
 .text.cyw43_init
                0x0000000010009ea4       0x6c CMakeFiles/pico_webserver.dir/pico-sdk/lib/cyw43-driver/src/cyw43_ctrl.c.obj
                0x0000000010009ea4                cyw43_init
 .text.cyw43_deinit
                0x0000000010009f10       0x90 CMakeFiles/pico_webserver.dir/pico-sdk/lib/cyw43-driver/src/cyw43_ctrl.c.obj
                0x0000000010009f10                cyw43_deinit
 .text.cyw43_cb_read_host_interrupt_pin
                0x0000000010009fa0        0xc CMakeFiles/pico_webserver.dir/pico-sdk/lib/cyw43-driver/src/cyw43_ctrl.c.obj
                0x0000000010009fa0                cyw43_cb_read_host_interrupt_pin
 .text.cyw43_cb_ensure_awake
                0x0000000010009fac        0xc CMakeFiles/pico_webserver.dir/pico-sdk/lib/cyw43-driver/src/cyw43_ctrl.c.obj
                0x0000000010009fac                cyw43_cb_ensure_awake
 .text.cyw43_cb_process_async_event
                0x0000000010009fb8      0x228 CMakeFiles/pico_webserver.dir/pico-sdk/lib/cyw43-driver/src/cyw43_ctrl.c.obj
                0x0000000010009fb8                cyw43_cb_process_async_event
 .text.cyw43_send_ethernet
                0x000000001000a1e0       0xc0 CMakeFiles/pico_webserver.dir/pico-sdk/lib/cyw43-driver/src/cyw43_ctrl.c.obj
                0x000000001000a1e0                cyw43_send_ethernet
 .text.cyw43_wifi_pm
                0x000000001000a2a0       0xb4 CMakeFiles/pico_webserver.dir/pico-sdk/lib/cyw43-driver/src/cyw43_ctrl.c.obj
                0x000000001000a2a0                cyw43_wifi_pm
 .text.cyw43_wifi_set_up
                0x000000001000a354      0x308 CMakeFiles/pico_webserver.dir/pico-sdk/lib/cyw43-driver/src/cyw43_ctrl.c.obj
                0x000000001000a354                cyw43_wifi_set_up
 .text.cyw43_wifi_join
                0x000000001000a65c       0xf4 CMakeFiles/pico_webserver.dir/pico-sdk/lib/cyw43-driver/src/cyw43_ctrl.c.obj
                0x000000001000a65c                cyw43_wifi_join
 .text.cyw43_gpio_set
                0x000000001000a750       0xa0 CMakeFiles/pico_webserver.dir/pico-sdk/lib/cyw43-driver/src/cyw43_ctrl.c.obj
                0x000000001000a750                cyw43_gpio_set
 .text.pio_sm_unclaim
                0x000000001000a7f0       0x20 CMakeFiles/pico_webserver.dir/pico-sdk/src/rp2_common/hardware_pio/pio.c.obj
                0x000000001000a7f0                pio_sm_unclaim
 .text.pio_claim_unused_sm
                0x000000001000a810       0x3c CMakeFiles/pico_webserver.dir/pico-sdk/src/rp2_common/hardware_pio/pio.c.obj
                0x000000001000a810                pio_claim_unused_sm
 .text.pio_can_add_program
                0x000000001000a84c       0x68 CMakeFiles/pico_webserver.dir/pico-sdk/src/rp2_common/hardware_pio/pio.c.obj
                0x000000001000a84c                pio_can_add_program
 .text.pio_add_program
                0x000000001000a8b4       0xc8 CMakeFiles/pico_webserver.dir/pico-sdk/src/rp2_common/hardware_pio/pio.c.obj
                0x000000001000a8b4                pio_add_program
 .text.pio_remove_program
                0x000000001000a97c       0x34 CMakeFiles/pico_webserver.dir/pico-sdk/src/rp2_common/hardware_pio/pio.c.obj
                0x000000001000a97c                pio_remove_program
 .text.pio_sm_set_pindirs_with_mask
                0x000000001000a9b0       0xa4 CMakeFiles/pico_webserver.dir/pico-sdk/src/rp2_common/hardware_pio/pio.c.obj
                0x000000001000a9b0                pio_sm_set_pindirs_with_mask
 .text.pio_sm_set_consecutive_pindirs
                0x000000001000aa54       0xb0 CMakeFiles/pico_webserver.dir/pico-sdk/src/rp2_common/hardware_pio/pio.c.obj
                0x000000001000aa54                pio_sm_set_consecutive_pindirs
 .text.dma_channel_unclaim
                0x000000001000ab04       0x10 CMakeFiles/pico_webserver.dir/pico-sdk/src/rp2_common/hardware_dma/dma.c.obj
                0x000000001000ab04                dma_channel_unclaim
 .text.dma_claim_unused_channel
                0x000000001000ab14       0x20 CMakeFiles/pico_webserver.dir/pico-sdk/src/rp2_common/hardware_dma/dma.c.obj
                0x000000001000ab14                dma_claim_unused_channel
 .text.dma_channel_cleanup
                0x000000001000ab34       0x60 CMakeFiles/pico_webserver.dir/pico-sdk/src/rp2_common/hardware_dma/dma.c.obj
                0x000000001000ab34                dma_channel_cleanup
 .text.cyw43_sleep_timeout_reached
                0x000000001000ab94       0x10 CMakeFiles/pico_webserver.dir/pico-sdk/src/rp2_common/pico_cyw43_driver/cyw43_driver.c.obj
 .text.cyw43_irq_init
                0x000000001000aba4       0x28 CMakeFiles/pico_webserver.dir/pico-sdk/src/rp2_common/pico_cyw43_driver/cyw43_driver.c.obj
                0x000000001000aba4                cyw43_irq_init
 .text.cyw43_irq_deinit
                0x000000001000abcc       0x20 CMakeFiles/pico_webserver.dir/pico-sdk/src/rp2_common/pico_cyw43_driver/cyw43_driver.c.obj
                0x000000001000abcc                cyw43_irq_deinit
 .text.cyw43_gpio_irq_handler
                0x000000001000abec       0x44 CMakeFiles/pico_webserver.dir/pico-sdk/src/rp2_common/pico_cyw43_driver/cyw43_driver.c.obj
 .text.cyw43_do_poll
                0x000000001000ac30       0x6c CMakeFiles/pico_webserver.dir/pico-sdk/src/rp2_common/pico_cyw43_driver/cyw43_driver.c.obj
 .text.cyw43_post_poll_hook
                0x000000001000ac9c       0x10 CMakeFiles/pico_webserver.dir/pico-sdk/src/rp2_common/pico_cyw43_driver/cyw43_driver.c.obj
                0x000000001000ac9c                cyw43_post_poll_hook
 .text.cyw43_schedule_internal_poll_dispatch
                0x000000001000acac       0x18 CMakeFiles/pico_webserver.dir/pico-sdk/src/rp2_common/pico_cyw43_driver/cyw43_driver.c.obj
                0x000000001000acac                cyw43_schedule_internal_poll_dispatch
 .text.cyw43_driver_init
                0x000000001000acc4       0x38 CMakeFiles/pico_webserver.dir/pico-sdk/src/rp2_common/pico_cyw43_driver/cyw43_driver.c.obj
                0x000000001000acc4                cyw43_driver_init
 .text.cyw43_driver_deinit
                0x000000001000acfc       0x44 CMakeFiles/pico_webserver.dir/pico-sdk/src/rp2_common/pico_cyw43_driver/cyw43_driver.c.obj
                0x000000001000acfc                cyw43_driver_deinit
 .text.cyw43_hal_generate_laa_mac
                0x000000001000ad40       0x28 CMakeFiles/pico_webserver.dir/pico-sdk/src/rp2_common/pico_cyw43_driver/cyw43_driver.c.obj
                0x000000001000ad40                cyw43_hal_generate_laa_mac
 .text.cyw43_hal_get_mac
                0x000000001000ad68       0x1c CMakeFiles/pico_webserver.dir/pico-sdk/src/rp2_common/pico_cyw43_driver/cyw43_driver.c.obj
                0x000000001000ad68                cyw43_hal_get_mac
 .text.cyw43_thread_enter
                0x000000001000ad84       0x14 CMakeFiles/pico_webserver.dir/pico-sdk/src/rp2_common/pico_cyw43_driver/cyw43_driver.c.obj
                0x000000001000ad84                cyw43_thread_enter
 .text.cyw43_thread_exit
                0x000000001000ad98       0x14 CMakeFiles/pico_webserver.dir/pico-sdk/src/rp2_common/pico_cyw43_driver/cyw43_driver.c.obj
                0x000000001000ad98                cyw43_thread_exit
 .text.cyw43_await_background_or_timeout_us
                0x000000001000adac       0x34 CMakeFiles/pico_webserver.dir/pico-sdk/src/rp2_common/pico_cyw43_driver/cyw43_driver.c.obj
                0x000000001000adac                cyw43_await_background_or_timeout_us
 .text.cyw43_delay_ms
                0x000000001000ade0       0x44 CMakeFiles/pico_webserver.dir/pico-sdk/src/rp2_common/pico_cyw43_driver/cyw43_driver.c.obj
                0x000000001000ade0                cyw43_delay_ms
 .text.cyw43_delay_us
                0x000000001000ae24       0x34 CMakeFiles/pico_webserver.dir/pico-sdk/src/rp2_common/pico_cyw43_driver/cyw43_driver.c.obj
                0x000000001000ae24                cyw43_delay_us
 .text.cyw43_cb_tcpip_init
                0x000000001000ae58        0x4 CMakeFiles/pico_webserver.dir/pico-sdk/src/rp2_common/pico_cyw43_driver/cyw43_driver.c.obj
                0x000000001000ae58                cyw43_cb_tcpip_init
 .text.cyw43_cb_tcpip_deinit
                0x000000001000ae5c        0x4 CMakeFiles/pico_webserver.dir/pico-sdk/src/rp2_common/pico_cyw43_driver/cyw43_driver.c.obj
                0x000000001000ae5c                cyw43_cb_tcpip_deinit
 .text.handle_sync_func_call
                0x000000001000ae60       0x24 CMakeFiles/pico_webserver.dir/pico-sdk/src/rp2_common/pico_async_context/async_context_threadsafe_background.c.obj
 .text.async_context_threadsafe_background_acquire_lock_blocking
                0x000000001000ae84        0xc CMakeFiles/pico_webserver.dir/pico-sdk/src/rp2_common/pico_async_context/async_context_threadsafe_background.c.obj
 .text.process_under_lock
                0x000000001000ae90       0xc8 CMakeFiles/pico_webserver.dir/pico-sdk/src/rp2_common/pico_async_context/async_context_threadsafe_background.c.obj
 .text.async_context_threadsafe_background_deinit
                0x000000001000af58       0x64 CMakeFiles/pico_webserver.dir/pico-sdk/src/rp2_common/pico_async_context/async_context_threadsafe_background.c.obj
 .text.low_priority_irq_handler
                0x000000001000afbc       0x3c CMakeFiles/pico_webserver.dir/pico-sdk/src/rp2_common/pico_async_context/async_context_threadsafe_background.c.obj
 .text.async_context_threadsafe_background_wait_for_work_until
                0x000000001000aff8        0xc CMakeFiles/pico_webserver.dir/pico-sdk/src/rp2_common/pico_async_context/async_context_threadsafe_background.c.obj
 .text.async_context_threadsafe_background_wait_until
                0x000000001000b004       0x1c CMakeFiles/pico_webserver.dir/pico-sdk/src/rp2_common/pico_async_context/async_context_threadsafe_background.c.obj
 .text.async_context_threadsafe_background_lock_check
                0x000000001000b020       0x28 CMakeFiles/pico_webserver.dir/pico-sdk/src/rp2_common/pico_async_context/async_context_threadsafe_background.c.obj
 .text.async_context_threadsafe_background_execute_sync
                0x000000001000b048       0xe4 CMakeFiles/pico_webserver.dir/pico-sdk/src/rp2_common/pico_async_context/async_context_threadsafe_background.c.obj
                0x000000001000b048                async_context_threadsafe_background_execute_sync
 .text.async_context_threadsafe_background_set_work_pending
                0x000000001000b12c       0x50 CMakeFiles/pico_webserver.dir/pico-sdk/src/rp2_common/pico_async_context/async_context_threadsafe_background.c.obj
 .text.alarm_handler
                0x000000001000b17c       0x58 CMakeFiles/pico_webserver.dir/pico-sdk/src/rp2_common/pico_async_context/async_context_threadsafe_background.c.obj
 .text.async_context_threadsafe_background_release_lock
                0x000000001000b1d4       0x7c CMakeFiles/pico_webserver.dir/pico-sdk/src/rp2_common/pico_async_context/async_context_threadsafe_background.c.obj
 .text.async_context_threadsafe_background_when_pending_worker
                0x000000001000b250       0x90 CMakeFiles/pico_webserver.dir/pico-sdk/src/rp2_common/pico_async_context/async_context_threadsafe_background.c.obj
 .text.async_context_threadsafe_background_remove_at_time_worker
                0x000000001000b2e0       0x90 CMakeFiles/pico_webserver.dir/pico-sdk/src/rp2_common/pico_async_context/async_context_threadsafe_background.c.obj
 .text.async_context_threadsafe_background_add_when_pending_worker
                0x000000001000b370       0x90 CMakeFiles/pico_webserver.dir/pico-sdk/src/rp2_common/pico_async_context/async_context_threadsafe_background.c.obj
 .text.async_context_threadsafe_background_add_at_time_worker
                0x000000001000b400       0x90 CMakeFiles/pico_webserver.dir/pico-sdk/src/rp2_common/pico_async_context/async_context_threadsafe_background.c.obj
 .text.async_context_threadsafe_background_default_config
                0x000000001000b490        0xc CMakeFiles/pico_webserver.dir/pico-sdk/src/rp2_common/pico_async_context/async_context_threadsafe_background.c.obj
                0x000000001000b490                async_context_threadsafe_background_default_config
 .text.async_context_threadsafe_background_init
                0x000000001000b49c       0xa4 CMakeFiles/pico_webserver.dir/pico-sdk/src/rp2_common/pico_async_context/async_context_threadsafe_background.c.obj
                0x000000001000b49c                async_context_threadsafe_background_init
 .text.async_context_base_add_at_time_worker
                0x000000001000b540       0x28 CMakeFiles/pico_webserver.dir/pico-sdk/src/rp2_common/pico_async_context/async_context_base.c.obj
                0x000000001000b540                async_context_base_add_at_time_worker
 .text.async_context_base_remove_at_time_worker
                0x000000001000b568       0x28 CMakeFiles/pico_webserver.dir/pico-sdk/src/rp2_common/pico_async_context/async_context_base.c.obj
                0x000000001000b568                async_context_base_remove_at_time_worker
 .text.async_context_base_add_when_pending_worker
                0x000000001000b590       0x24 CMakeFiles/pico_webserver.dir/pico-sdk/src/rp2_common/pico_async_context/async_context_base.c.obj
                0x000000001000b590                async_context_base_add_when_pending_worker
 .text.async_context_base_remove_when_pending_worker
                0x000000001000b5b4       0x28 CMakeFiles/pico_webserver.dir/pico-sdk/src/rp2_common/pico_async_context/async_context_base.c.obj
                0x000000001000b5b4                async_context_base_remove_when_pending_worker
 .text.async_context_base_execute_once
                0x000000001000b5dc       0xe8 CMakeFiles/pico_webserver.dir/pico-sdk/src/rp2_common/pico_async_context/async_context_base.c.obj
                0x000000001000b5dc                async_context_base_execute_once
 .text.async_context_base_needs_servicing
                0x000000001000b6c4       0x54 CMakeFiles/pico_webserver.dir/pico-sdk/src/rp2_common/pico_async_context/async_context_base.c.obj
                0x000000001000b6c4                async_context_base_needs_servicing
 .text.core1_trampoline
                0x000000001000b718        0x4 CMakeFiles/pico_webserver.dir/pico-sdk/src/rp2_common/pico_multicore/multicore.c.obj
 .text.core1_wrapper
                0x000000001000b71c        0xc CMakeFiles/pico_webserver.dir/pico-sdk/src/rp2_common/pico_multicore/multicore.c.obj
                0x000000001000b71c                core1_wrapper
 .text.multicore_launch_core1_raw
                0x000000001000b728       0x84 CMakeFiles/pico_webserver.dir/pico-sdk/src/rp2_common/pico_multicore/multicore.c.obj
                0x000000001000b728                multicore_launch_core1_raw
 .text.multicore_launch_core1
                0x000000001000b7ac       0x4c CMakeFiles/pico_webserver.dir/pico-sdk/src/rp2_common/pico_multicore/multicore.c.obj
                0x000000001000b7ac                multicore_launch_core1
 .text          0x000000001000b7f8       0x20 liblwipcore.a(init.c.obj)
                0x000000001000b7f8                lwip_init
 .text          0x000000001000b818      0x1e0 liblwipcore.a(def.c.obj)
                0x000000001000b818                lwip_htons
                0x000000001000b820                lwip_htonl
                0x000000001000b824                lwip_strnstr
                0x000000001000b880                lwip_strnistr
                0x000000001000b908                lwip_stricmp
                0x000000001000b93c                lwip_strnicmp
                0x000000001000b978                lwip_itoa
 .text          0x000000001000b9f8      0x3f0 liblwipcore.a(mem.c.obj)
                0x000000001000b9f8                mem_init
                0x000000001000ba38                mem_free
                0x000000001000bb50                mem_trim
                0x000000001000bc88                mem_malloc
                0x000000001000bdc0                mem_calloc
 .text          0x000000001000bde8      0x1a8 liblwipcore.a(memp.c.obj)
                0x000000001000bde8                memp_init_pool
                0x000000001000be1c                memp_init
                0x000000001000beac                memp_malloc_pool
                0x000000001000beec                memp_malloc
                0x000000001000bf38                memp_free_pool
                0x000000001000bf60                memp_free
 .text          0x000000001000bf90      0x490 liblwipcore.a(netif.c.obj)
                0x000000001000bf98                netif_init
                0x000000001000bf9c                netif_input
                0x000000001000bfb4                netif_set_ipaddr
                0x000000001000c010                netif_set_netmask
                0x000000001000c02c                netif_set_gw
                0x000000001000c048                netif_set_addr
                0x000000001000c114                netif_add
                0x000000001000c1c4                netif_add_noaddr
                0x000000001000c1dc                netif_remove
                0x000000001000c254                netif_set_default
                0x000000001000c260                netif_set_up
                0x000000001000c298                netif_set_down
                0x000000001000c2bc                netif_set_link_up
                0x000000001000c2f4                netif_set_link_down
                0x000000001000c308                netif_name_to_index
                0x000000001000c35c                netif_index_to_name
                0x000000001000c3a4                netif_get_by_index
                0x000000001000c3d0                netif_find
 .text          0x000000001000c420      0xc68 liblwipcore.a(pbuf.c.obj)
                0x000000001000c420                pbuf_free_ooseq
                0x000000001000c454                pbuf_alloc
                0x000000001000c5c4                pbuf_alloc_reference
                0x000000001000c5ec                pbuf_realloc
                0x000000001000c6a8                pbuf_add_header
                0x000000001000c6f4                pbuf_add_header_force
                0x000000001000c740                pbuf_remove_header
                0x000000001000c778                pbuf_header
                0x000000001000c7e4                pbuf_header_force
                0x000000001000c850                pbuf_free_header
                0x000000001000c900                pbuf_free
                0x000000001000c964                pbuf_clen
                0x000000001000c978                pbuf_ref
                0x000000001000c990                pbuf_cat
                0x000000001000c9bc                pbuf_chain
                0x000000001000ca00                pbuf_dechain
                0x000000001000ca8c                pbuf_copy_partial_pbuf
                0x000000001000cba8                pbuf_copy
                0x000000001000cbc0                pbuf_copy_partial
                0x000000001000cc30                pbuf_get_contiguous
                0x000000001000ccd8                pbuf_skip
                0x000000001000ccfc                pbuf_take
                0x000000001000cd50                pbuf_take_at
                0x000000001000cdec                pbuf_coalesce
                0x000000001000cea4                pbuf_clone
                0x000000001000cec4                pbuf_get_at
                0x000000001000cee4                pbuf_try_get_at
                0x000000001000cf0c                pbuf_put_at
                0x000000001000cf28                pbuf_memcmp
                0x000000001000cf9c                pbuf_memfind
                0x000000001000d048                pbuf_strstr
 .text          0x000000001000d088        0x4 liblwipcore.a(stats.c.obj)
                0x000000001000d088                stats_init
 .text          0x000000001000d08c     0x18e8 liblwipcore.a(tcp.c.obj)
                0x000000001000d19c                tcp_init
                0x000000001000d1a0                tcp_free
                0x000000001000d1ac                tcp_bind
                0x000000001000d2a4                tcp_bind_netif
                0x000000001000d2b8                tcp_listen_with_backlog
                0x000000001000d33c                tcp_listen_with_backlog_and_err
                0x000000001000d3dc                tcp_update_rcv_ann_wnd
                0x000000001000d418                tcp_recved
                0x000000001000d490                tcp_connect
                0x000000001000d624                tcp_slowtmr
                0x000000001000da28                tcp_txnow
                0x000000001000da54                tcp_segs_free
                0x000000001000da8c                tcp_seg_free
                0x000000001000daa8                tcp_setprio
                0x000000001000dab0                tcp_seg_copy
                0x000000001000dad0                tcp_arg
                0x000000001000dad8                tcp_recv
                0x000000001000dae4                tcp_sent
                0x000000001000daf0                tcp_err
                0x000000001000dafc                tcp_accept
                0x000000001000db0c                tcp_poll
                0x000000001000db18                tcp_pcb_purge
                0x000000001000db30                tcp_pcb_remove
                0x000000001000dba8                tcp_abandon
                0x000000001000dd24                tcp_abort
                0x000000001000dd40                tcp_alloc
                0x000000001000df38                tcp_new
                0x000000001000e110                tcp_new_ip_type
                0x000000001000e428                tcp_shutdown
                0x000000001000e488                tcp_recv_null
                0x000000001000e530                tcp_process_refused_data
                0x000000001000e618                tcp_fasttmr
                0x000000001000e69c                tcp_tmr
                0x000000001000e6bc                tcp_close
                0x000000001000e81c                tcp_next_iss
                0x000000001000e834                tcp_eff_send_mss_netif
                0x000000001000e85c                tcp_netif_ip_addr_changed
                0x000000001000e8ec                tcp_debug_state_str
                0x000000001000e8fc                tcp_tcp_get_tcp_addrinfo
                0x000000001000e934                tcp_free_ooseq
 .text          0x000000001000e974     0x1760 liblwipcore.a(tcp_in.c.obj)
                0x000000001000f53c                tcp_input
                0x00000000100100c0                tcp_trigger_input_pcb_close
 .text          0x00000000100100d4     0x12b4 liblwipcore.a(tcp_out.c.obj)
                0x0000000010010258                tcp_write
                0x0000000010010550                tcp_split_unsent_seg
                0x00000000100106ec                tcp_send_fin
                0x00000000100107cc                tcp_enqueue_flags
                0x0000000010010874                tcp_rexmit_rto_prepare
                0x0000000010010900                tcp_rexmit
                0x0000000010010990                tcp_rexmit_fast
                0x00000000100109e8                tcp_rst
                0x0000000010010aa4                tcp_rst_netif
                0x0000000010010ba0                tcp_send_empty_ack
                0x0000000010010c7c                tcp_output
                0x000000001001108c                tcp_rexmit_rto_commit
                0x00000000100110a0                tcp_rexmit_rto
                0x0000000010011138                tcp_keepalive
                0x00000000100111fc                tcp_zero_window_probe
 .text          0x0000000010011388      0x320 liblwipcore.a(timeouts.c.obj)
                0x0000000010011488                tcp_timer_needed
                0x00000000100114fc                sys_timeouts_init
                0x0000000010011574                sys_timeout
                0x00000000100115b8                sys_untimeout
                0x00000000100115f8                sys_check_timeouts
                0x0000000010011650                sys_restart_timeouts
                0x0000000010011680                sys_timeouts_sleeptime
 .text          0x00000000100116a8      0x6c4 liblwipcore.a(udp.c.obj)
                0x00000000100116a8                udp_init
                0x00000000100116ac                udp_input
                0x00000000100118b4                udp_bind
                0x00000000100119c0                udp_sendto_if_src
                0x0000000010011ae0                udp_sendto_if
                0x0000000010011b28                udp_sendto
                0x0000000010011ba4                udp_send
                0x0000000010011c1c                udp_bind_netif
                0x0000000010011c30                udp_connect
                0x0000000010011c94                udp_disconnect
                0x0000000010011cac                udp_recv
                0x0000000010011cb8                udp_remove
                0x0000000010011cf4                udp_new
                0x0000000010011d10                udp_new_ip_type
                0x0000000010011d2c                udp_netif_ip_addr_changed
 .text          0x0000000010011d6c     0x2a3c liblwipcore.a(etharp.c.obj)
                0x0000000010013f10                etharp_tmr
                0x0000000010013fa4                etharp_cleanup_netif
                0x000000001001412c                etharp_find_addr
                0x000000001001416c                etharp_get_entry
                0x00000000100141a0                etharp_input
                0x0000000010014340                etharp_query
                0x00000000100144c8                etharp_output
                0x00000000100146e4                etharp_request
 .text          0x00000000100147a8      0x848 liblwipcore.a(ip4_frag.c.obj)
                0x00000000100148e8                ip_reass_tmr
                0x0000000010014988                ip4_reass
                0x0000000010014e90                ip4_frag
 .text          0x0000000010014ff0      0x748 liblwipcore.a(ip4.c.obj)
                0x0000000010014ff0                ip4_route
                0x0000000010015070                ip4_input
                0x00000000100152f4                ip4_output_if
                0x000000001001545c                ip4_output_if_src
                0x00000000100155b4                ip4_output
 .text          0x0000000010015738      0x3bc liblwipcore.a(ip4_addr.c.obj)
                0x0000000010015738                ip4_addr_isbroadcast_u32
                0x0000000010015774                ip4_addr_netmask_valid
                0x00000000100157a4                ip4addr_aton
                0x0000000010015924                ipaddr_addr
                0x0000000010015940                ip4addr_ntoa
                0x0000000010015a1c                ip4addr_ntoa_r
 .text          0x0000000010015af4      0x13c liblwipcore.a(ethernet.c.obj)
                0x0000000010015af4                ethernet_input
                0x0000000010015bc8                ethernet_output
 .text          0x0000000010015c30      0x334 liblwipcore.a(inet_chksum.c.obj)
                0x0000000010015c30                lwip_standard_chksum
                0x0000000010015cb0                inet_chksum_pseudo
                0x0000000010015d64                ip_chksum_pseudo
                0x0000000010015d74                inet_chksum_pseudo_partial
                0x0000000010015e58                ip_chksum_pseudo_partial
                0x0000000010015e6c                inet_chksum
                0x0000000010015ef8                inet_chksum_pbuf
 .text          0x0000000010015f64       0x18 /usr/lib/gcc/arm-none-eabi/10.3.1/../../../arm-none-eabi/lib/thumb/v6-m/nofp/libc.a(lib_a-atoi.o)
                0x0000000010015f64                atoi
                0x0000000010015f70                _atoi_r
 .text          0x0000000010015f7c       0x18 /usr/lib/gcc/arm-none-eabi/10.3.1/../../../arm-none-eabi/lib/thumb/v6-m/nofp/libc.a(lib_a-calloc.o)
                0x0000000010015f7c                calloc
 .text          0x0000000010015f94       0x5c /usr/lib/gcc/arm-none-eabi/10.3.1/../../../arm-none-eabi/lib/thumb/v6-m/nofp/libc.a(lib_a-callocr.o)
                0x0000000010015f94                _calloc_r
 .text          0x0000000010015ff0       0x28 /usr/lib/gcc/arm-none-eabi/10.3.1/../../../arm-none-eabi/lib/thumb/v6-m/nofp/libc.a(lib_a-malloc.o)
                0x0000000010015ff0                malloc
                0x0000000010016004                free
 .text          0x0000000010016018      0x574 /usr/lib/gcc/arm-none-eabi/10.3.1/../../../arm-none-eabi/lib/thumb/v6-m/nofp/libc.a(lib_a-mallocr.o)
                0x0000000010016018                _malloc_r
 .text          0x000000001001658c        0x8 /usr/lib/gcc/arm-none-eabi/10.3.1/../../../arm-none-eabi/lib/thumb/v6-m/nofp/libc.a(lib_a-mlock.o)
                0x000000001001658c                __malloc_lock
                0x0000000010016590                __malloc_unlock
 .text          0x0000000010016594       0x24 /usr/lib/gcc/arm-none-eabi/10.3.1/../../../arm-none-eabi/lib/thumb/v6-m/nofp/libc.a(lib_a-sbrkr.o)
                0x0000000010016594                _sbrk_r
 .text          0x00000000100165b8       0x5c /usr/lib/gcc/arm-none-eabi/10.3.1/../../../arm-none-eabi/lib/thumb/v6-m/nofp/libc.a(lib_a-strlen-stub.o)
                0x00000000100165b8                strlen
 .text          0x0000000010016614       0x74 /usr/lib/gcc/arm-none-eabi/10.3.1/../../../arm-none-eabi/lib/thumb/v6-m/nofp/libc.a(lib_a-strncmp.o)
                0x0000000010016614                strncmp
 .text          0x0000000010016688      0x1b8 /usr/lib/gcc/arm-none-eabi/10.3.1/../../../arm-none-eabi/lib/thumb/v6-m/nofp/libc.a(lib_a-strtol.o)
                0x00000000100167cc                _strtol_r
                0x00000000100167e8                strtol_l
                0x0000000010016814                strtol
 .text          0x0000000010016840        0xc /usr/lib/gcc/arm-none-eabi/10.3.1/../../../arm-none-eabi/lib/thumb/v6-m/nofp/libc.a(lib_a-errno.o)
                0x0000000010016840                __errno
 .text          0x000000001001684c      0x260 /usr/lib/gcc/arm-none-eabi/10.3.1/../../../arm-none-eabi/lib/thumb/v6-m/nofp/libc.a(lib_a-freer.o)
                0x000000001001684c                _malloc_trim_r
                0x00000000100168e8                _free_r
 *(.fini)
 .fini          0x0000000010016aac        0x4 /usr/lib/gcc/arm-none-eabi/10.3.1/thumb/v6-m/nofp/crti.o
                0x0000000010016aac                _fini
 .fini.__stub   0x0000000010016ab0      0x150 linker stubs
 *crtbegin.o(.ctors)
 *crtbegin?.o(.ctors)
 *(EXCLUDE_FILE(*crtend.o *crtend?.o) .ctors)
 *(SORT_BY_NAME(.ctors.*))
 *(.ctors)
 *crtbegin.o(.dtors)
 *crtbegin?.o(.dtors)
 *(EXCLUDE_FILE(*crtend.o *crtend?.o) .dtors)
 *(SORT_BY_NAME(.dtors.*))
 *(.dtors)
 *(.eh_frame*)
 .eh_frame      0x0000000010016c00        0x0 /usr/lib/gcc/arm-none-eabi/10.3.1/thumb/v6-m/nofp/crtbegin.o
                0x0000000010016c00                . = ALIGN (0x4)

.glue_7         0x0000000010016c00        0x0
 .glue_7        0x0000000010016c00        0x0 linker stubs

.glue_7t        0x0000000010016c00        0x0
 .glue_7t       0x0000000010016c00        0x0 linker stubs

.vfp11_veneer   0x0000000010016c00        0x0
 .vfp11_veneer  0x0000000010016c00        0x0 linker stubs

.v4_bx          0x0000000010016c00        0x0
 .v4_bx         0x0000000010016c00        0x0 linker stubs

.iplt           0x0000000010016c00        0x0
 .iplt          0x0000000010016c00        0x0 /usr/lib/gcc/arm-none-eabi/10.3.1/thumb/v6-m/nofp/crtbegin.o

.rodata         0x0000000010016c00    0x382fc
 *(EXCLUDE_FILE(*libm.a: *libc.a:*lib_a-mem*.o *libgcc.a:) .rodata*)
 .rodata.main.str1.4
                0x0000000010016c00       0x32 CMakeFiles/pico_webserver.dir/webserver.c.obj
 *fill*         0x0000000010016c32        0x2 
 .rodata.gateway
                0x0000000010016c34        0x4 CMakeFiles/pico_webserver.dir/tusb_lwip_glue.c.obj
 .rodata.ipaddr
                0x0000000010016c38        0x4 CMakeFiles/pico_webserver.dir/tusb_lwip_glue.c.obj
 .rodata.netmask
                0x0000000010016c3c        0x4 CMakeFiles/pico_webserver.dir/tusb_lwip_glue.c.obj
 .rodata.tud_descriptor_string_cb.str1.4
                0x0000000010016c40       0x11 CMakeFiles/pico_webserver.dir/usb_descriptors.c.obj
 *fill*         0x0000000010016c51        0x3 
 .rodata.str1.4
                0x0000000010016c54       0x3e CMakeFiles/pico_webserver.dir/usb_descriptors.c.obj
 *fill*         0x0000000010016c92        0x2 
 .rodata.__compound_literal.0
                0x0000000010016c94        0x2 CMakeFiles/pico_webserver.dir/usb_descriptors.c.obj
 *fill*         0x0000000010016c96        0x2 
 .rodata.configuration_arr
                0x0000000010016c98        0x8 CMakeFiles/pico_webserver.dir/usb_descriptors.c.obj
 .rodata.desc_device
                0x0000000010016ca0       0x12 CMakeFiles/pico_webserver.dir/usb_descriptors.c.obj
                0x0000000010016ca0                desc_device
 *fill*         0x0000000010016cb2        0x2 
 .rodata.ecm_configuration
                0x0000000010016cb4       0x58 CMakeFiles/pico_webserver.dir/usb_descriptors.c.obj
 .rodata.rndis_configuration
                0x0000000010016d0c       0x4b CMakeFiles/pico_webserver.dir/usb_descriptors.c.obj
 *fill*         0x0000000010016d57        0x1 
 .rodata.string_desc_arr
                0x0000000010016d58       0x14 CMakeFiles/pico_webserver.dir/usb_descriptors.c.obj
 .rodata.rndis_class_set_handler.str1.4
                0x0000000010016d6c        0x8 CMakeFiles/pico_webserver.dir/pico-sdk/lib/tinyusb/lib/networking/rndis_reports.c.obj
 .rodata.rndis_class_set_handler
                0x0000000010016d6c       0x90 CMakeFiles/pico_webserver.dir/pico-sdk/lib/tinyusb/lib/networking/rndis_reports.c.obj
 .rodata.OIDSupportedList
                0x0000000010016dfc       0x58 CMakeFiles/pico_webserver.dir/pico-sdk/lib/tinyusb/lib/networking/rndis_reports.c.obj
 .rodata.core1_entry.str1.4
                0x0000000010016e54       0x11 CMakeFiles/pico_webserver.dir/wifi_code.c.obj
 *fill*         0x0000000010016e65        0x3 
 .rodata.spin_lock_claim_unused.str1.4
                0x0000000010016e68       0x1b CMakeFiles/pico_webserver.dir/pico-sdk/src/rp2_common/hardware_sync/sync.c.obj
 *fill*         0x0000000010016e83        0x1 
 .rodata.user_irq_claim_unused.str1.4
                0x0000000010016e84       0x1b CMakeFiles/pico_webserver.dir/pico-sdk/src/rp2_common/hardware_irq/irq.c.obj
 *fill*         0x0000000010016e9f        0x1 
 .rodata.at_the_end_of_time
                0x0000000010016ea0        0x8 CMakeFiles/pico_webserver.dir/pico-sdk/src/common/pico_time/time.c.obj
                0x0000000010016ea0                at_the_end_of_time
 .rodata.hardware_alarm_claim.str1.4
                0x0000000010016ea8       0x22 CMakeFiles/pico_webserver.dir/pico-sdk/src/rp2_common/hardware_timer/timer.c.obj
 *fill*         0x0000000010016eca        0x2 
 .rodata.hardware_alarm_claim_unused.str1.4
                0x0000000010016ecc       0x14 CMakeFiles/pico_webserver.dir/pico-sdk/src/rp2_common/hardware_timer/timer.c.obj
 .rodata.panic.str1.4
                0x0000000010016ee0       0x10 CMakeFiles/pico_webserver.dir/pico-sdk/src/rp2_common/pico_runtime/runtime.c.obj
                                         0x12 (size before relaxing)
 .rodata.hard_assertion_failure.str1.4
                0x0000000010016ef0        0xc CMakeFiles/pico_webserver.dir/pico-sdk/src/rp2_common/pico_runtime/runtime.c.obj
 .rodata._ftoa.str1.4
                0x0000000010016efc       0x15 CMakeFiles/pico_webserver.dir/pico-sdk/src/rp2_common/pico_printf/printf.c.obj
 *fill*         0x0000000010016f11        0x3 
 .rodata._vsnprintf
                0x0000000010016f14      0x1e0 CMakeFiles/pico_webserver.dir/pico-sdk/src/rp2_common/pico_printf/printf.c.obj
 *fill*         0x00000000100170f4        0x4 
 .rodata.pow10.0
                0x00000000100170f8       0x50 CMakeFiles/pico_webserver.dir/pico-sdk/src/rp2_common/pico_printf/printf.c.obj
 .rodata.missing_double_func_shim.str1.4
                0x0000000010017148       0x18 CMakeFiles/pico_webserver.dir/pico-sdk/src/rp2_common/pico_double/double_init_rom.c.obj
 .rodata.missing_float_func_shim.str1.4
                0x0000000010017160       0x18 CMakeFiles/pico_webserver.dir/pico-sdk/src/rp2_common/pico_float/float_init_rom.c.obj