Archive member included to satisfy reference by file (symbol)

/usr/lib/gcc/arm-none-eabi/10.3.1/thumb/v6-m/nofp/libgcc.a(_dvmd_tls.o)
                              CMakeFiles/PicoPiFi.dir/pico-sdk/src/rp2_common/pico_divider/divider.S.obj (__aeabi_idiv0)
/usr/lib/gcc/arm-none-eabi/10.3.1/../../../arm-none-eabi/lib/thumb/v6-m/nofp/libc.a(lib_a-atexit.o)
                              /usr/lib/gcc/arm-none-eabi/10.3.1/../../../arm-none-eabi/lib/thumb/v6-m/nofp/crt0.o (atexit)
/usr/lib/gcc/arm-none-eabi/10.3.1/../../../arm-none-eabi/lib/thumb/v6-m/nofp/libc.a(lib_a-atoi.o)
                              CMakeFiles/PicoPiFi.dir/pico-sdk/lib/lwip/src/core/netif.c.obj (atoi)
/usr/lib/gcc/arm-none-eabi/10.3.1/../../../arm-none-eabi/lib/thumb/v6-m/nofp/libc.a(lib_a-calloc.o)
                              CMakeFiles/PicoPiFi.dir/pico-sdk/src/rp2_common/pico_malloc/pico_malloc.c.obj (calloc)
/usr/lib/gcc/arm-none-eabi/10.3.1/../../../arm-none-eabi/lib/thumb/v6-m/nofp/libc.a(lib_a-callocr.o)
                              /usr/lib/gcc/arm-none-eabi/10.3.1/../../../arm-none-eabi/lib/thumb/v6-m/nofp/libc.a(lib_a-calloc.o) (_calloc_r)
/usr/lib/gcc/arm-none-eabi/10.3.1/../../../arm-none-eabi/lib/thumb/v6-m/nofp/libc.a(lib_a-ctype_.o)
                              CMakeFiles/PicoPiFi.dir/pico-sdk/lib/lwip/src/core/ipv4/ip4_addr.c.obj (_ctype_)
/usr/lib/gcc/arm-none-eabi/10.3.1/../../../arm-none-eabi/lib/thumb/v6-m/nofp/libc.a(lib_a-fini.o)
                              /usr/lib/gcc/arm-none-eabi/10.3.1/../../../arm-none-eabi/lib/thumb/v6-m/nofp/crt0.o (__libc_fini_array)
/usr/lib/gcc/arm-none-eabi/10.3.1/../../../arm-none-eabi/lib/thumb/v6-m/nofp/libc.a(lib_a-impure.o)
                              /usr/lib/gcc/arm-none-eabi/10.3.1/../../../arm-none-eabi/lib/thumb/v6-m/nofp/libc.a(lib_a-calloc.o) (_impure_ptr)
/usr/lib/gcc/arm-none-eabi/10.3.1/../../../arm-none-eabi/lib/thumb/v6-m/nofp/libc.a(lib_a-init.o)
                              /usr/lib/gcc/arm-none-eabi/10.3.1/../../../arm-none-eabi/lib/thumb/v6-m/nofp/crt0.o (__libc_init_array)
/usr/lib/gcc/arm-none-eabi/10.3.1/../../../arm-none-eabi/lib/thumb/v6-m/nofp/libc.a(lib_a-malloc.o)
                              CMakeFiles/PicoPiFi.dir/pico-sdk/src/rp2_common/pico_malloc/pico_malloc.c.obj (malloc)
/usr/lib/gcc/arm-none-eabi/10.3.1/../../../arm-none-eabi/lib/thumb/v6-m/nofp/libc.a(lib_a-mallocr.o)
                              /usr/lib/gcc/arm-none-eabi/10.3.1/../../../arm-none-eabi/lib/thumb/v6-m/nofp/libc.a(lib_a-callocr.o) (_malloc_r)
/usr/lib/gcc/arm-none-eabi/10.3.1/../../../arm-none-eabi/lib/thumb/v6-m/nofp/libc.a(lib_a-memcmp.o)
                              CMakeFiles/PicoPiFi.dir/src/wifi_tx.c.obj (memcmp)
/usr/lib/gcc/arm-none-eabi/10.3.1/../../../arm-none-eabi/lib/thumb/v6-m/nofp/libc.a(lib_a-memmove.o)
                              CMakeFiles/PicoPiFi.dir/pico-sdk/lib/lwip/src/core/def.c.obj (memmove)
/usr/lib/gcc/arm-none-eabi/10.3.1/../../../arm-none-eabi/lib/thumb/v6-m/nofp/libc.a(lib_a-mlock.o)
                              /usr/lib/gcc/arm-none-eabi/10.3.1/../../../arm-none-eabi/lib/thumb/v6-m/nofp/libc.a(lib_a-mallocr.o) (__malloc_lock)
/usr/lib/gcc/arm-none-eabi/10.3.1/../../../arm-none-eabi/lib/thumb/v6-m/nofp/libc.a(lib_a-realloc.o)
                              CMakeFiles/PicoPiFi.dir/pico-sdk/src/rp2_common/pico_malloc/pico_malloc.c.obj (realloc)
/usr/lib/gcc/arm-none-eabi/10.3.1/../../../arm-none-eabi/lib/thumb/v6-m/nofp/libc.a(lib_a-reallocr.o)
                              /usr/lib/gcc/arm-none-eabi/10.3.1/../../../arm-none-eabi/lib/thumb/v6-m/nofp/libc.a(lib_a-realloc.o) (_realloc_r)
/usr/lib/gcc/arm-none-eabi/10.3.1/../../../arm-none-eabi/lib/thumb/v6-m/nofp/libc.a(lib_a-sbrkr.o)
                              /usr/lib/gcc/arm-none-eabi/10.3.1/../../../arm-none-eabi/lib/thumb/v6-m/nofp/libc.a(lib_a-mallocr.o) (_sbrk_r)
/usr/lib/gcc/arm-none-eabi/10.3.1/../../../arm-none-eabi/lib/thumb/v6-m/nofp/libc.a(lib_a-sscanf.o)
                              CMakeFiles/PicoPiFi.dir/src/main.c.obj (sscanf)
/usr/lib/gcc/arm-none-eabi/10.3.1/../../../arm-none-eabi/lib/thumb/v6-m/nofp/libc.a(lib_a-stdio.o)
                              /usr/lib/gcc/arm-none-eabi/10.3.1/../../../arm-none-eabi/lib/thumb/v6-m/nofp/libc.a(lib_a-sscanf.o) (__seofread)
/usr/lib/gcc/arm-none-eabi/10.3.1/../../../arm-none-eabi/lib/thumb/v6-m/nofp/libc.a(lib_a-strlen-stub.o)
                              CMakeFiles/PicoPiFi.dir/src/main.c.obj (strlen)
/usr/lib/gcc/arm-none-eabi/10.3.1/../../../arm-none-eabi/lib/thumb/v6-m/nofp/libc.a(lib_a-strncmp.o)
                              CMakeFiles/PicoPiFi.dir/pico-sdk/lib/lwip/src/core/def.c.obj (strncmp)
/usr/lib/gcc/arm-none-eabi/10.3.1/../../../arm-none-eabi/lib/thumb/v6-m/nofp/libc.a(lib_a-strtol.o)
                              /usr/lib/gcc/arm-none-eabi/10.3.1/../../../arm-none-eabi/lib/thumb/v6-m/nofp/libc.a(lib_a-atoi.o) (_strtol_r)
/usr/lib/gcc/arm-none-eabi/10.3.1/../../../arm-none-eabi/lib/thumb/v6-m/nofp/libc.a(lib_a-svfscanf.o)
[...]
Memory Configuration

Name             Origin             Length             Attributes
FLASH            0x0000000010000000 0x0000000000200000 xr
RAM              0x0000000020000000 0x0000000000040000 xrw
SCRATCH_X        0x0000000020040000 0x0000000000001000 xrw
SCRATCH_Y        0x0000000020041000 0x0000000000001000 xrw
*default*        0x0000000000000000 0xffffffffffffffff

Linker script and memory map

LOAD /usr/lib/gcc/arm-none-eabi/10.3.1/thumb/v6-m/nofp/crti.o
LOAD /usr/lib/gcc/arm-none-eabi/10.3.1/thumb/v6-m/nofp/crtbegin.o
LOAD /usr/lib/gcc/arm-none-eabi/10.3.1/../../../arm-none-eabi/lib/thumb/v6-m/nofp/crt0.o

.flash_begin    0x0000000010000000        0x0
                0x0000000010000000                __flash_binary_start = .

.boot2          0x0000000010000000      0x100
                0x0000000010000000                __boot2_start__ = .
 *(.boot2)
 .boot2         0x0000000010000000      0x100 /tmp/ccf5NjI0.o
                0x0000000010000100                __boot2_end__ = .
                0x0000000000000001                ASSERT (((__boot2_end__ - __boot2_start__) == 0x100), ERROR: Pico second stage bootloader must be 256 bytes in size)

.text           0x0000000010000100    0x13f58
                0x0000000010000100                __logical_binary_start = .
 *(.vectors)
 .vectors       0x0000000010000100       0xd4 CMakeFiles/PicoPiFi.dir/pico-sdk/src/rp2_common/pico_standard_link/crt0.S.obj
                0x0000000010000100                __vectors
                0x0000000010000100                __VECTOR_TABLE
                0x00000000100001c0                isr_invalid
                0x00000000100001c0                __default_isrs_start
                0x00000000100001c2                isr_nmi
                0x00000000100001c4                isr_hardfault
                0x00000000100001c6                isr_svcall
                0x00000000100001c8                isr_pendsv
                0x00000000100001ca                isr_systick
                0x00000000100001cc                isr_irq30
                0x00000000100001cc                __unhandled_user_irq
                0x00000000100001cc                isr_irq13
                0x00000000100001cc                isr_irq27
                0x00000000100001cc                isr_irq31
                0x00000000100001cc                isr_irq11
                0x00000000100001cc                isr_irq23
                0x00000000100001cc                isr_irq18
                0x00000000100001cc                isr_irq28
                0x00000000100001cc                isr_irq19
                0x00000000100001cc                isr_irq0
                0x00000000100001cc                isr_irq6
                0x00000000100001cc                isr_irq22
                0x00000000100001cc                isr_irq17
                0x00000000100001cc                isr_irq14
                0x00000000100001cc                isr_irq2
                0x00000000100001cc                isr_irq10
                0x00000000100001cc                isr_irq8
                0x00000000100001cc                isr_irq24
                0x00000000100001cc                isr_irq1
                0x00000000100001cc                isr_irq7
                0x00000000100001cc                isr_irq21
                0x00000000100001cc                isr_irq20
                0x00000000100001cc                isr_irq15
                0x00000000100001cc                isr_irq25
                0x00000000100001cc                isr_irq4
                0x00000000100001cc                isr_irq16
                0x00000000100001cc                isr_irq29
                0x00000000100001cc                isr_irq26
                0x00000000100001cc                __default_isrs_end
                0x00000000100001cc                isr_irq3
                0x00000000100001cc                isr_irq12
                0x00000000100001cc                isr_irq9
                0x00000000100001d2                unhandled_user_irq_num_in_r0
 *(.binary_info_header)
 .binary_info_header
                0x00000000100001d4       0x14 CMakeFiles/PicoPiFi.dir/pico-sdk/src/rp2_common/pico_standard_link/crt0.S.obj
                0x00000000100001e8                __binary_info_header_end = .
 *(.reset)
 .reset         0x00000000100001e8       0xa0 CMakeFiles/PicoPiFi.dir/pico-sdk/src/rp2_common/pico_standard_link/crt0.S.obj
                0x00000000100001e8                _entry_point
 .reset         0x0000000010000288       0x30 CMakeFiles/PicoPiFi.dir/pico-sdk/src/rp2_common/pico_standard_link/binary_info.c.obj
 *(.init)
 .init          0x00000000100002b8        0x4 /usr/lib/gcc/arm-none-eabi/10.3.1/thumb/v6-m/nofp/crti.o
                0x00000000100002b8                _init
 *(EXCLUDE_FILE(*libm.a: *libc.a:*lib_a-mem*.o *libgcc.a:) .text*)
 .text          0x00000000100002bc       0x98 /usr/lib/gcc/arm-none-eabi/10.3.1/thumb/v6-m/nofp/crtbegin.o
 .text.core1    0x0000000010000354      0x1ec CMakeFiles/PicoPiFi.dir/src/main.c.obj
                0x0000000010000354                core1
 .text.scan_result
                0x0000000010000540       0x98 CMakeFiles/PicoPiFi.dir/src/main.c.obj
 .text.startup.main
                0x00000000100005d8      0x4bc CMakeFiles/PicoPiFi.dir/src/main.c.obj
                0x00000000100005d8                main
 .text.sys_now  0x0000000010000a94        0xc CMakeFiles/PicoPiFi.dir/src/lwip.c.obj
                0x0000000010000a94                sys_now
 .text.cyw43_cb_tcpip_set_link_up
                0x0000000010000aa0       0x78 CMakeFiles/PicoPiFi.dir/src/wifi_tx.c.obj
                0x0000000010000aa0                cyw43_cb_tcpip_set_link_up
 .text.cyw43_cb_tcpip_set_link_down
                0x0000000010000b18       0x70 CMakeFiles/PicoPiFi.dir/src/wifi_tx.c.obj
                0x0000000010000b18                cyw43_cb_tcpip_set_link_down
 .text.cyw43_cb_process_ethernet
                0x0000000010000b88       0xd8 CMakeFiles/PicoPiFi.dir/src/wifi_tx.c.obj
                0x0000000010000b88                cyw43_cb_process_ethernet
 .text.dma_handler
                0x0000000010000c60       0x30 CMakeFiles/PicoPiFi.dir/src/wifi_tx.c.obj
                0x0000000010000c60                dma_handler
 .text.usbd_cdc_acm_bulk_out
                0x0000000010000c90       0xfc CMakeFiles/PicoPiFi.dir/src/cdc_rndis_device.c.obj
                0x0000000010000c90                usbd_cdc_acm_bulk_out
 .text.usbd_event_handler
                0x0000000010000d8c       0x40 CMakeFiles/PicoPiFi.dir/src/cdc_rndis_device.c.obj
                0x0000000010000d8c                usbd_event_handler
 .text.usbd_cdc_acm_bulk_in
                0x0000000010000dcc       0x24 CMakeFiles/PicoPiFi.dir/src/cdc_rndis_device.c.obj
                0x0000000010000dcc                usbd_cdc_acm_bulk_in
 .text.usbd_rndis_data_recv_done
                0x0000000010000df0        0x4 CMakeFiles/PicoPiFi.dir/src/cdc_rndis_device.c.obj
                0x0000000010000df0                usbd_rndis_data_recv_done
 .text.cdc_rndis_init
                0x0000000010000df4      0x11c CMakeFiles/PicoPiFi.dir/src/cdc_rndis_device.c.obj
                0x0000000010000df4                cdc_rndis_init
 .text.usbd_cdc_acm_set_dtr
                0x0000000010000f10       0x14 CMakeFiles/PicoPiFi.dir/src/cdc_rndis_device.c.obj
                0x0000000010000f10                usbd_cdc_acm_set_dtr
 .text.cdc_acm_data_send_with_dtr
                0x0000000010000f24       0x48 CMakeFiles/PicoPiFi.dir/src/cdc_rndis_device.c.obj
                0x0000000010000f24                cdc_acm_data_send_with_dtr
 .text.rp2040_usb_config_ep
                0x0000000010000f6c       0xd4 CMakeFiles/PicoPiFi.dir/CherryUSB/port/rp2040/usb_dc_rp2040.c.obj
 .text.usb_handle_ep_buff_done
                0x0000000010001040      0x29c CMakeFiles/PicoPiFi.dir/CherryUSB/port/rp2040/usb_dc_rp2040.c.obj
 .text.usb_dc_init
                0x00000000100012dc       0x94 CMakeFiles/PicoPiFi.dir/CherryUSB/port/rp2040/usb_dc_rp2040.c.obj
                0x00000000100012dc                usb_dc_init
 .text.usbd_set_address
                0x0000000010001370       0x10 CMakeFiles/PicoPiFi.dir/CherryUSB/port/rp2040/usb_dc_rp2040.c.obj
                0x0000000010001370                usbd_set_address
 .text.usbd_ep_open
                0x0000000010001380      0x11c CMakeFiles/PicoPiFi.dir/CherryUSB/port/rp2040/usb_dc_rp2040.c.obj
                0x0000000010001380                usbd_ep_open
 .text.usbd_ep_close
                0x000000001000149c       0x84 CMakeFiles/PicoPiFi.dir/CherryUSB/port/rp2040/usb_dc_rp2040.c.obj
                0x000000001000149c                usbd_ep_close
 .text.usbd_ep_set_stall
                0x0000000010001520       0x54 CMakeFiles/PicoPiFi.dir/CherryUSB/port/rp2040/usb_dc_rp2040.c.obj
                0x0000000010001520                usbd_ep_set_stall
 .text.usbd_ep_clear_stall
                0x0000000010001574       0x60 CMakeFiles/PicoPiFi.dir/CherryUSB/port/rp2040/usb_dc_rp2040.c.obj
                0x0000000010001574                usbd_ep_clear_stall
 .text.usbd_ep_is_stalled
                0x00000000100015d4        0x4 CMakeFiles/PicoPiFi.dir/CherryUSB/port/rp2040/usb_dc_rp2040.c.obj
                0x00000000100015d4                usbd_ep_is_stalled
 .text.usbd_ep_start_write
                0x00000000100015d8      0x134 CMakeFiles/PicoPiFi.dir/CherryUSB/port/rp2040/usb_dc_rp2040.c.obj
                0x00000000100015d8                usbd_ep_start_write
 .text.usbd_ep_start_read
                0x000000001000170c      0x1a4 CMakeFiles/PicoPiFi.dir/CherryUSB/port/rp2040/usb_dc_rp2040.c.obj
                0x000000001000170c                usbd_ep_start_read
 .text.isr_irq5
                0x00000000100018b0      0x1d8 CMakeFiles/PicoPiFi.dir/CherryUSB/port/rp2040/usb_dc_rp2040.c.obj
                0x00000000100018b0                isr_irq5
 .text.usbd_cdc_acm_init_intf
                0x0000000010001a88       0x14 CMakeFiles/PicoPiFi.dir/CherryUSB/class/cdc/usbd_cdc.c.obj
                0x0000000010001a88                usbd_cdc_acm_init_intf
 .text.usbd_cdc_acm_set_line_coding
                0x0000000010001a9c        0x4 CMakeFiles/PicoPiFi.dir/CherryUSB/class/cdc/usbd_cdc.c.obj
                0x0000000010001a9c                usbd_cdc_acm_set_line_coding
 .text.usbd_cdc_acm_get_line_coding
                0x0000000010001aa0       0x1c CMakeFiles/PicoPiFi.dir/CherryUSB/class/cdc/usbd_cdc.c.obj
                0x0000000010001aa0                usbd_cdc_acm_get_line_coding
 .text.usbd_cdc_acm_set_rts
                0x0000000010001abc        0x4 CMakeFiles/PicoPiFi.dir/CherryUSB/class/cdc/usbd_cdc.c.obj
                0x0000000010001abc                usbd_cdc_acm_set_rts
 .text.usbd_cdc_acm_send_break
                0x0000000010001ac0        0x4 CMakeFiles/PicoPiFi.dir/CherryUSB/class/cdc/usbd_cdc.c.obj
                0x0000000010001ac0                usbd_cdc_acm_send_break
 .text.cdc_acm_class_interface_request_handler
                0x0000000010001ac4       0xbc CMakeFiles/PicoPiFi.dir/CherryUSB/class/cdc/usbd_cdc.c.obj
 .text.rndis_int_in
                0x0000000010001b80        0x4 CMakeFiles/PicoPiFi.dir/src/usbd_rndis.c.obj
                0x0000000010001b80                rndis_int_in
 .text.rndis_notify_handler
                0x0000000010001b84       0x48 CMakeFiles/PicoPiFi.dir/src/usbd_rndis.c.obj
 .text.rndis_bulk_out
                0x0000000010001bcc       0x4c CMakeFiles/PicoPiFi.dir/src/usbd_rndis.c.obj
                0x0000000010001bcc                rndis_bulk_out
 .text.rndis_bulk_in
                0x0000000010001c18       0x34 CMakeFiles/PicoPiFi.dir/src/usbd_rndis.c.obj
                0x0000000010001c18                rndis_bulk_in
 .text.rndis_class_interface_request_handler
                0x0000000010001c4c      0x3f8 CMakeFiles/PicoPiFi.dir/src/usbd_rndis.c.obj
 .text.usbd_rndis_eth_rx
                0x0000000010002044       0xe8 CMakeFiles/PicoPiFi.dir/src/usbd_rndis.c.obj
                0x0000000010002044                usbd_rndis_eth_rx
 .text.usbd_rndis_eth_tx
                0x000000001000212c      0x1a8 CMakeFiles/PicoPiFi.dir/src/usbd_rndis.c.obj
                0x000000001000212c                usbd_rndis_eth_tx
 .text.usbd_rndis_init_intf
                0x00000000100022d4       0x88 CMakeFiles/PicoPiFi.dir/src/usbd_rndis.c.obj
                0x00000000100022d4                usbd_rndis_init_intf
 .text.usbd_event_ep0_in_complete_handler
                0x000000001000235c       0x50 CMakeFiles/PicoPiFi.dir/CherryUSB/core/usbd_core.c.obj
                0x000000001000235c                usbd_event_ep0_in_complete_handler
 .text.usbd_setup_request_handler
                0x00000000100023ac      0xa18 CMakeFiles/PicoPiFi.dir/CherryUSB/core/usbd_core.c.obj
 .text.usbd_event_ep0_out_complete_handler
                0x0000000010002dc4       0x68 CMakeFiles/PicoPiFi.dir/CherryUSB/core/usbd_core.c.obj
                0x0000000010002dc4                usbd_event_ep0_out_complete_handler
 .text.usbd_event_reset_handler
                0x0000000010002e2c       0xc4 CMakeFiles/PicoPiFi.dir/CherryUSB/core/usbd_core.c.obj
                0x0000000010002e2c                usbd_event_reset_handler
 .text.usbd_event_ep0_setup_complete_handler
                0x0000000010002ef0      0x110 CMakeFiles/PicoPiFi.dir/CherryUSB/core/usbd_core.c.obj
                0x0000000010002ef0                usbd_event_ep0_setup_complete_handler
 .text.usbd_event_ep_in_complete_handler
                0x0000000010003000       0x30 CMakeFiles/PicoPiFi.dir/CherryUSB/core/usbd_core.c.obj
                0x0000000010003000                usbd_event_ep_in_complete_handler
 .text.usbd_event_ep_out_complete_handler
                0x0000000010003030       0x30 CMakeFiles/PicoPiFi.dir/CherryUSB/core/usbd_core.c.obj
                0x0000000010003030                usbd_event_ep_out_complete_handler
 .text.usbd_desc_register
                0x0000000010003060       0x48 CMakeFiles/PicoPiFi.dir/CherryUSB/core/usbd_core.c.obj
                0x0000000010003060                usbd_desc_register
 .text.usbd_add_interface
                0x00000000100030a8       0x40 CMakeFiles/PicoPiFi.dir/CherryUSB/core/usbd_core.c.obj
                0x00000000100030a8                usbd_add_interface
 .text.usbd_add_endpoint
                0x00000000100030e8       0x5c CMakeFiles/PicoPiFi.dir/CherryUSB/core/usbd_core.c.obj
                0x00000000100030e8                usbd_add_endpoint
 .text.usbd_get_ep_mps
                0x0000000010003144       0x50 CMakeFiles/PicoPiFi.dir/CherryUSB/core/usbd_core.c.obj
                0x0000000010003144                usbd_get_ep_mps
 .text.usbd_initialize
                0x0000000010003194       0x88 CMakeFiles/PicoPiFi.dir/CherryUSB/core/usbd_core.c.obj
                0x0000000010003194                usbd_initialize
 .text.set_sys_clock_pll
                0x000000001000321c       0x78 CMakeFiles/PicoPiFi.dir/pico-sdk/src/rp2_common/pico_stdlib/stdlib.c.obj
                0x000000001000321c                set_sys_clock_pll
 .text.check_sys_clock_khz
                0x0000000010003294      0x17c CMakeFiles/PicoPiFi.dir/pico-sdk/src/rp2_common/pico_stdlib/stdlib.c.obj
                0x0000000010003294                check_sys_clock_khz
 .text.gpio_set_function
                0x0000000010003410       0x30 CMakeFiles/PicoPiFi.dir/pico-sdk/src/rp2_common/hardware_gpio/gpio.c.obj
                0x0000000010003410                gpio_set_function
 .text.gpio_set_pulls
                0x0000000010003440       0x30 CMakeFiles/PicoPiFi.dir/pico-sdk/src/rp2_common/hardware_gpio/gpio.c.obj
                0x0000000010003440                gpio_set_pulls
 .text.gpio_set_input_hysteresis_enabled
                0x0000000010003470       0x28 CMakeFiles/PicoPiFi.dir/pico-sdk/src/rp2_common/hardware_gpio/gpio.c.obj
                0x0000000010003470                gpio_set_input_hysteresis_enabled
 .text.gpio_set_irq_enabled
                0x0000000010003498       0x54 CMakeFiles/PicoPiFi.dir/pico-sdk/src/rp2_common/hardware_gpio/gpio.c.obj
                0x0000000010003498                gpio_set_irq_enabled
 .text.gpio_add_raw_irq_handler_with_order_priority_masked
                0x00000000100034ec       0x44 CMakeFiles/PicoPiFi.dir/pico-sdk/src/rp2_common/hardware_gpio/gpio.c.obj
                0x00000000100034ec                gpio_add_raw_irq_handler_with_order_priority_masked
 .text.gpio_remove_raw_irq_handler_masked
                0x0000000010003530       0x20 CMakeFiles/PicoPiFi.dir/pico-sdk/src/rp2_common/hardware_gpio/gpio.c.obj
                0x0000000010003530                gpio_remove_raw_irq_handler_masked
 .text.gpio_init
                0x0000000010003550       0x3c CMakeFiles/PicoPiFi.dir/pico-sdk/src/rp2_common/hardware_gpio/gpio.c.obj
                0x0000000010003550                gpio_init
 .text.running_on_fpga
                0x000000001000358c       0x10 CMakeFiles/PicoPiFi.dir/pico-sdk/src/rp2_common/pico_platform/platform.c.obj
                0x000000001000358c                running_on_fpga
 .text.hw_claim_lock
                0x000000001000359c       0x18 CMakeFiles/PicoPiFi.dir/pico-sdk/src/rp2_common/hardware_claim/claim.c.obj
                0x000000001000359c                hw_claim_lock
 .text.hw_claim_unlock
                0x00000000100035b4       0x14 CMakeFiles/PicoPiFi.dir/pico-sdk/src/rp2_common/hardware_claim/claim.c.obj
                0x00000000100035b4                hw_claim_unlock
 .text.hw_claim_or_assert
                0x00000000100035c8       0x44 CMakeFiles/PicoPiFi.dir/pico-sdk/src/rp2_common/hardware_claim/claim.c.obj
                0x00000000100035c8                hw_claim_or_assert
 .text.hw_claim_unused_from_range
                0x000000001000360c       0x9c CMakeFiles/PicoPiFi.dir/pico-sdk/src/rp2_common/hardware_claim/claim.c.obj
                0x000000001000360c                hw_claim_unused_from_range
 .text.hw_claim_clear
                0x00000000100036a8       0x38 CMakeFiles/PicoPiFi.dir/pico-sdk/src/rp2_common/hardware_claim/claim.c.obj
                0x00000000100036a8                hw_claim_clear
 .text.spin_locks_reset
                0x00000000100036e0       0x1c CMakeFiles/PicoPiFi.dir/pico-sdk/src/rp2_common/hardware_sync/sync.c.obj
                0x00000000100036e0                spin_locks_reset
 .text.next_striped_spin_lock_num
                0x00000000100036fc       0x18 CMakeFiles/PicoPiFi.dir/pico-sdk/src/rp2_common/hardware_sync/sync.c.obj
                0x00000000100036fc                next_striped_spin_lock_num
 .text.irq_set_enabled
                0x0000000010003714       0x24 CMakeFiles/PicoPiFi.dir/pico-sdk/src/rp2_common/hardware_irq/irq.c.obj
                0x0000000010003714                irq_set_enabled
 .text.irq_is_enabled
                0x0000000010003738       0x18 CMakeFiles/PicoPiFi.dir/pico-sdk/src/rp2_common/hardware_irq/irq.c.obj
                0x0000000010003738                irq_is_enabled
 .text.irq_set_pending
                0x0000000010003750       0x10 CMakeFiles/PicoPiFi.dir/pico-sdk/src/rp2_common/hardware_irq/irq.c.obj
                0x0000000010003750                irq_set_pending
 .text.irq_get_vtable_handler
                0x0000000010003760       0x10 CMakeFiles/PicoPiFi.dir/pico-sdk/src/rp2_common/hardware_irq/irq.c.obj
                0x0000000010003760                irq_get_vtable_handler
 .text.irq_set_exclusive_handler
                0x0000000010003770       0x54 CMakeFiles/PicoPiFi.dir/pico-sdk/src/rp2_common/hardware_irq/irq.c.obj
                0x0000000010003770                irq_set_exclusive_handler
 .text.irq_add_shared_handler
                0x00000000100037c4      0x1e8 CMakeFiles/PicoPiFi.dir/pico-sdk/src/rp2_common/hardware_irq/irq.c.obj
                0x00000000100037c4                irq_add_shared_handler
 .text.irq_remove_handler
                0x00000000100039ac      0x1b0 CMakeFiles/PicoPiFi.dir/pico-sdk/src/rp2_common/hardware_irq/irq.c.obj
                0x00000000100039ac                irq_remove_handler
 .text.irq_set_priority
                0x0000000010003b5c       0x28 CMakeFiles/PicoPiFi.dir/pico-sdk/src/rp2_common/hardware_irq/irq.c.obj
                0x0000000010003b5c                irq_set_priority
 .text.irq_add_tail_to_free_list
                0x0000000010003b84       0xb4 CMakeFiles/PicoPiFi.dir/pico-sdk/src/rp2_common/hardware_irq/irq.c.obj
                0x0000000010003b84                irq_add_tail_to_free_list
 .text.irq_init_priorities
                0x0000000010003c38       0x24 CMakeFiles/PicoPiFi.dir/pico-sdk/src/rp2_common/hardware_irq/irq.c.obj
                0x0000000010003c38                irq_init_priorities
 .text.user_irq_unclaim
                0x0000000010003c5c       0x14 CMakeFiles/PicoPiFi.dir/pico-sdk/src/rp2_common/hardware_irq/irq.c.obj
                0x0000000010003c5c                user_irq_unclaim
 .text.user_irq_claim_unused
                0x0000000010003c70       0x28 CMakeFiles/PicoPiFi.dir/pico-sdk/src/rp2_common/hardware_irq/irq.c.obj
                0x0000000010003c70                user_irq_claim_unused
 .text.sem_init
                0x0000000010003c98       0x20 CMakeFiles/PicoPiFi.dir/pico-sdk/src/common/pico_sync/sem.c.obj
                0x0000000010003c98                sem_init
 .text.lock_init
                0x0000000010003cb8       0x10 CMakeFiles/PicoPiFi.dir/pico-sdk/src/common/pico_sync/lock_core.c.obj
                0x0000000010003cb8                lock_init
 .text.mutex_init
                0x0000000010003cc8       0x1c CMakeFiles/PicoPiFi.dir/pico-sdk/src/common/pico_sync/mutex.c.obj
                0x0000000010003cc8                mutex_init
 .text.recursive_mutex_init
                0x0000000010003ce4       0x1c CMakeFiles/PicoPiFi.dir/pico-sdk/src/common/pico_sync/mutex.c.obj
                0x0000000010003ce4                recursive_mutex_init
 .text.timer_pool_entry_comparator
                0x0000000010003d00       0x34 CMakeFiles/PicoPiFi.dir/pico-sdk/src/common/pico_time/time.c.obj
                0x0000000010003d00                timer_pool_entry_comparator
 .text.sleep_until_callback
                0x0000000010003d34       0x30 CMakeFiles/PicoPiFi.dir/pico-sdk/src/common/pico_time/time.c.obj
 .text.add_alarm_under_lock.isra.0
                0x0000000010003d64      0x100 CMakeFiles/PicoPiFi.dir/pico-sdk/src/common/pico_time/time.c.obj
 .text.alarm_pool_alarm_callback
                0x0000000010003e64      0x1bc CMakeFiles/PicoPiFi.dir/pico-sdk/src/common/pico_time/time.c.obj
 .text.alarm_pool_init_default
                0x0000000010004020       0x6c CMakeFiles/PicoPiFi.dir/pico-sdk/src/common/pico_time/time.c.obj
                0x0000000010004020                alarm_pool_init_default
 .text.alarm_pool_get_default
                0x000000001000408c        0x8 CMakeFiles/PicoPiFi.dir/pico-sdk/src/common/pico_time/time.c.obj
                0x000000001000408c                alarm_pool_get_default
 .text.alarm_pool_create_with_unused_hardware_alarm
                0x0000000010004094       0x74 CMakeFiles/PicoPiFi.dir/pico-sdk/src/common/pico_time/time.c.obj
                0x0000000010004094                alarm_pool_create_with_unused_hardware_alarm
 .text.alarm_pool_destroy
                0x0000000010004108       0x44 CMakeFiles/PicoPiFi.dir/pico-sdk/src/common/pico_time/time.c.obj
                0x0000000010004108                alarm_pool_destroy
 .text.alarm_pool_add_alarm_at
                0x000000001000414c      0x178 CMakeFiles/PicoPiFi.dir/pico-sdk/src/common/pico_time/time.c.obj
                0x000000001000414c                alarm_pool_add_alarm_at
 .text.alarm_pool_add_alarm_at_force_in_context
                0x00000000100042c4      0x124 CMakeFiles/PicoPiFi.dir/pico-sdk/src/common/pico_time/time.c.obj
                0x00000000100042c4                alarm_pool_add_alarm_at_force_in_context
 .text.alarm_pool_cancel_alarm
                0x00000000100043e8       0x78 CMakeFiles/PicoPiFi.dir/pico-sdk/src/common/pico_time/time.c.obj
                0x00000000100043e8                alarm_pool_cancel_alarm
 .text.alarm_pool_core_num
                0x0000000010004460        0x4 CMakeFiles/PicoPiFi.dir/pico-sdk/src/common/pico_time/time.c.obj
                0x0000000010004460                alarm_pool_core_num
 .text.sleep_until
                0x0000000010004464       0xc4 CMakeFiles/PicoPiFi.dir/pico-sdk/src/common/pico_time/time.c.obj
                0x0000000010004464                sleep_until
 .text.sleep_ms
                0x0000000010004528       0x34 CMakeFiles/PicoPiFi.dir/pico-sdk/src/common/pico_time/time.c.obj
                0x0000000010004528                sleep_ms
 .text.best_effort_wfe_or_timeout
                0x000000001000455c       0xd4 CMakeFiles/PicoPiFi.dir/pico-sdk/src/common/pico_time/time.c.obj
                0x000000001000455c                best_effort_wfe_or_timeout
 .text.hardware_alarm_irq_handler
                0x0000000010004630       0xbc CMakeFiles/PicoPiFi.dir/pico-sdk/src/rp2_common/hardware_timer/timer.c.obj
 .text.hardware_alarm_claim
                0x00000000100046ec       0x18 CMakeFiles/PicoPiFi.dir/pico-sdk/src/rp2_common/hardware_timer/timer.c.obj
                0x00000000100046ec                hardware_alarm_claim
 .text.hardware_alarm_unclaim
                0x0000000010004704       0x10 CMakeFiles/PicoPiFi.dir/pico-sdk/src/rp2_common/hardware_timer/timer.c.obj
                0x0000000010004704                hardware_alarm_unclaim
 .text.hardware_alarm_claim_unused
                0x0000000010004714       0x20 CMakeFiles/PicoPiFi.dir/pico-sdk/src/rp2_common/hardware_timer/timer.c.obj
                0x0000000010004714                hardware_alarm_claim_unused
 .text.time_us_64
                0x0000000010004734       0x14 CMakeFiles/PicoPiFi.dir/pico-sdk/src/rp2_common/hardware_timer/timer.c.obj
                0x0000000010004734                time_us_64
 .text.busy_wait_us
                0x0000000010004748       0x54 CMakeFiles/PicoPiFi.dir/pico-sdk/src/rp2_common/hardware_timer/timer.c.obj
                0x0000000010004748                busy_wait_us
 .text.busy_wait_until
                0x000000001000479c       0x20 CMakeFiles/PicoPiFi.dir/pico-sdk/src/rp2_common/hardware_timer/timer.c.obj
                0x000000001000479c                busy_wait_until
 .text.hardware_alarm_set_callback
                0x00000000100047bc       0x8c CMakeFiles/PicoPiFi.dir/pico-sdk/src/rp2_common/hardware_timer/timer.c.obj
                0x00000000100047bc                hardware_alarm_set_callback
 .text.hardware_alarm_set_target
                0x0000000010004848       0xd4 CMakeFiles/PicoPiFi.dir/pico-sdk/src/rp2_common/hardware_timer/timer.c.obj
                0x0000000010004848                hardware_alarm_set_target
 .text.hardware_alarm_cancel
                0x000000001000491c       0x3c CMakeFiles/PicoPiFi.dir/pico-sdk/src/rp2_common/hardware_timer/timer.c.obj
                0x000000001000491c                hardware_alarm_cancel
 .text.hardware_alarm_force_irq
                0x0000000010004958       0x3c CMakeFiles/PicoPiFi.dir/pico-sdk/src/rp2_common/hardware_timer/timer.c.obj
                0x0000000010004958                hardware_alarm_force_irq
 .text.ph_merge_nodes
                0x0000000010004994       0x68 CMakeFiles/PicoPiFi.dir/pico-sdk/src/common/pico_util/pheap.c.obj
 .text.ph_create
                0x00000000100049fc       0x60 CMakeFiles/PicoPiFi.dir/pico-sdk/src/common/pico_util/pheap.c.obj
                0x00000000100049fc                ph_create
 .text.ph_post_alloc_init
                0x0000000010004a5c       0x3c CMakeFiles/PicoPiFi.dir/pico-sdk/src/common/pico_util/pheap.c.obj
                0x0000000010004a5c                ph_post_alloc_init
 .text.ph_destroy
                0x0000000010004a98       0x14 CMakeFiles/PicoPiFi.dir/pico-sdk/src/common/pico_util/pheap.c.obj
                0x0000000010004a98                ph_destroy
 .text.ph_merge_two_pass
                0x0000000010004aac       0x90 CMakeFiles/PicoPiFi.dir/pico-sdk/src/common/pico_util/pheap.c.obj
                0x0000000010004aac                ph_merge_two_pass
 .text.ph_remove_any_head
                0x0000000010004b3c      0x100 CMakeFiles/PicoPiFi.dir/pico-sdk/src/common/pico_util/pheap.c.obj
 .text.ph_remove_head
                0x0000000010004c3c      0x104 CMakeFiles/PicoPiFi.dir/pico-sdk/src/common/pico_util/pheap.c.obj
                0x0000000010004c3c                ph_remove_head
 .text.ph_remove_and_free_node
                0x0000000010004d40       0x7c CMakeFiles/PicoPiFi.dir/pico-sdk/src/common/pico_util/pheap.c.obj
                0x0000000010004d40                ph_remove_and_free_node
 .text.clock_configure
                0x0000000010004dbc      0x118 CMakeFiles/PicoPiFi.dir/pico-sdk/src/rp2_common/hardware_clocks/clocks.c.obj
                0x0000000010004dbc                clock_configure
 .text.clocks_init
                0x0000000010004ed4      0x2d0 CMakeFiles/PicoPiFi.dir/pico-sdk/src/rp2_common/hardware_clocks/clocks.c.obj
                0x0000000010004ed4                clocks_init
 .text.clock_get_hz
                0x00000000100051a4        0xc CMakeFiles/PicoPiFi.dir/pico-sdk/src/rp2_common/hardware_clocks/clocks.c.obj
                0x00000000100051a4                clock_get_hz
 .text.pll_init
                0x00000000100051b0       0xa0 CMakeFiles/PicoPiFi.dir/pico-sdk/src/rp2_common/hardware_pll/pll.c.obj
                0x00000000100051b0                pll_init
 .text.watchdog_start_tick
                0x0000000010005250       0x10 CMakeFiles/PicoPiFi.dir/pico-sdk/src/rp2_common/hardware_watchdog/watchdog.c.obj
                0x0000000010005250                watchdog_start_tick
 .text.watchdog_reboot
                0x0000000010005260       0x98 CMakeFiles/PicoPiFi.dir/pico-sdk/src/rp2_common/hardware_watchdog/watchdog.c.obj
                0x0000000010005260                watchdog_reboot
 .text.xosc_init
                0x00000000100052f8       0x28 CMakeFiles/PicoPiFi.dir/pico-sdk/src/rp2_common/hardware_xosc/xosc.c.obj
                0x00000000100052f8                xosc_init
 .text.runtime_init
                0x0000000010005320       0xf0 CMakeFiles/PicoPiFi.dir/pico-sdk/src/rp2_common/pico_runtime/runtime.c.obj
                0x0000000010005320                runtime_init
 .text._exit    0x0000000010005410        0x4 CMakeFiles/PicoPiFi.dir/pico-sdk/src/rp2_common/pico_runtime/runtime.c.obj
                0x0000000010005410                _exit
 .text._sbrk    0x0000000010005414       0x34 CMakeFiles/PicoPiFi.dir/pico-sdk/src/rp2_common/pico_runtime/runtime.c.obj
                0x0000000010005414                _sbrk
 .text.exit     0x0000000010005448        0x8 CMakeFiles/PicoPiFi.dir/pico-sdk/src/rp2_common/pico_runtime/runtime.c.obj
                0x0000000010005448                exit
 .text.__assert_func
                0x0000000010005450       0x34 CMakeFiles/PicoPiFi.dir/pico-sdk/src/rp2_common/pico_runtime/runtime.c.obj
                0x0000000010005450                __assert_func
 .text.panic    0x0000000010005484       0x30 CMakeFiles/PicoPiFi.dir/pico-sdk/src/rp2_common/pico_runtime/runtime.c.obj
                0x0000000010005484                panic
 .text.hard_assertion_failure
                0x00000000100054b4        0xc CMakeFiles/PicoPiFi.dir/pico-sdk/src/rp2_common/pico_runtime/runtime.c.obj
                0x00000000100054b4                hard_assertion_failure
 .text._out_buffer
                0x00000000100054c0        0x8 CMakeFiles/PicoPiFi.dir/pico-sdk/src/rp2_common/pico_printf/printf.c.obj
 .text._out_null
                0x00000000100054c8        0x4 CMakeFiles/PicoPiFi.dir/pico-sdk/src/rp2_common/pico_printf/printf.c.obj
 .text._out_rev
                0x00000000100054cc       0x9c CMakeFiles/PicoPiFi.dir/pico-sdk/src/rp2_common/pico_printf/printf.c.obj
 .text._ntoa_format
                0x0000000010005568      0x1cc CMakeFiles/PicoPiFi.dir/pico-sdk/src/rp2_common/pico_printf/printf.c.obj
 .text._out_char
                0x0000000010005734       0x10 CMakeFiles/PicoPiFi.dir/pico-sdk/src/rp2_common/pico_printf/printf.c.obj
 .text._out_fct
                0x0000000010005744       0x10 CMakeFiles/PicoPiFi.dir/pico-sdk/src/rp2_common/pico_printf/printf.c.obj
 .text._etoa    0x0000000010005754      0x44c CMakeFiles/PicoPiFi.dir/pico-sdk/src/rp2_common/pico_printf/printf.c.obj
 .text._ftoa    0x0000000010005ba0      0x398 CMakeFiles/PicoPiFi.dir/pico-sdk/src/rp2_common/pico_printf/printf.c.obj
 .text._vsnprintf
                0x0000000010005f38      0xb04 CMakeFiles/PicoPiFi.dir/pico-sdk/src/rp2_common/pico_printf/printf.c.obj
 .text.__wrap_sprintf
                0x0000000010006a3c       0x28 CMakeFiles/PicoPiFi.dir/pico-sdk/src/rp2_common/pico_printf/printf.c.obj
                0x0000000010006a3c                __wrap_sprintf
 .text.vfctprintf
                0x0000000010006a64       0x20 CMakeFiles/PicoPiFi.dir/pico-sdk/src/rp2_common/pico_printf/printf.c.obj
                0x0000000010006a64                vfctprintf
 .text.weak_raw_printf
                0x0000000010006a84       0x40 CMakeFiles/PicoPiFi.dir/pico-sdk/src/rp2_common/pico_printf/printf.c.obj
                0x0000000010006a84                weak_raw_printf
 .text.weak_raw_vprintf
                0x0000000010006ac4       0x30 CMakeFiles/PicoPiFi.dir/pico-sdk/src/rp2_common/pico_printf/printf.c.obj
                0x0000000010006ac4                weak_raw_vprintf
 .text          0x0000000010006af4       0x10 CMakeFiles/PicoPiFi.dir/pico-sdk/src/rp2_common/pico_bit_ops/bit_ops_aeabi.S.obj
 .text.ctzsi    0x0000000010006b04        0xc CMakeFiles/PicoPiFi.dir/pico-sdk/src/rp2_common/pico_bit_ops/bit_ops_aeabi.S.obj
                0x0000000010006b04                __wrap___ctzsi2
 .text.rom_func_lookup
                0x0000000010006b10       0x10 CMakeFiles/PicoPiFi.dir/pico-sdk/src/rp2_common/pico_bootrom/bootrom.c.obj
                0x0000000010006b10                rom_func_lookup
 .text.rom_data_lookup
                0x0000000010006b20       0x10 CMakeFiles/PicoPiFi.dir/pico-sdk/src/rp2_common/pico_bootrom/bootrom.c.obj
                0x0000000010006b20                rom_data_lookup
 .text.rom_funcs_lookup
                0x0000000010006b30       0x44 CMakeFiles/PicoPiFi.dir/pico-sdk/src/rp2_common/pico_bootrom/bootrom.c.obj
                0x0000000010006b30                rom_funcs_lookup
 .text.__wrap___aeabi_idiv
                0x0000000010006b74       0x50 CMakeFiles/PicoPiFi.dir/pico-sdk/src/rp2_common/pico_divider/divider.S.obj
                0x0000000010006b74                __wrap___aeabi_idivmod
                0x0000000010006b74                divmod_s32s32
                0x0000000010006b74                div_s32s32
                0x0000000010006b74                __wrap___aeabi_idiv
                0x0000000010006b7c                divmod_s32s32_unsafe
                0x0000000010006ba8                divmod_s32s32_savestate
 .text.__wrap___aeabi_uidiv
                0x0000000010006bc4       0x4c CMakeFiles/PicoPiFi.dir/pico-sdk/src/rp2_common/pico_divider/divider.S.obj
                0x0000000010006bc4                __wrap___aeabi_uidiv
                0x0000000010006bc4                __wrap___aeabi_uidivmod
                0x0000000010006bc4                div_u32u32
                0x0000000010006bc4                divmod_u32u32
                0x0000000010006bcc                divmod_u32u32_unsafe
                0x0000000010006bf4                divmod_u32u32_savestate
 .text.__wrap___aeabi_ldiv
                0x0000000010006c10      0x424 CMakeFiles/PicoPiFi.dir/pico-sdk/src/rp2_common/pico_divider/divider.S.obj
                0x0000000010006c10                div_s64s64
                0x0000000010006c10                divmod_s64s64
                0x0000000010006c10                __wrap___aeabi_ldivmod
                0x0000000010006c40                div_u64u64
                0x0000000010006c40                divmod_u64u64
                0x0000000010006c40                __wrap___aeabi_uldivmod
                0x0000000010006c50                divmod_u64u64_savestate
                0x0000000010006c70                divmod_s64s64_unsafe
                0x0000000010006cf8                divmod_u64u64_unsafe
 .text.__wrap___aeabi_darithmetic
                0x0000000010007034       0x60 CMakeFiles/PicoPiFi.dir/pico-sdk/src/rp2_common/pico_double/double_aeabi.S.obj
                0x0000000010007034                __wrap___aeabi_drsub
                0x000000001000703a                __wrap___aeabi_dsub
                0x0000000010007044                __wrap___aeabi_dadd
                0x000000001000704e                __wrap___aeabi_ddiv
                0x0000000010007082                __wrap___aeabi_dmul
 .text.__wrap___aeabi_cdcmple
                0x0000000010007094       0x6c CMakeFiles/PicoPiFi.dir/pico-sdk/src/rp2_common/pico_double/double_aeabi.S.obj
                0x0000000010007094                __wrap___aeabi_cdrcmple
                0x00000000100070a4                __wrap___aeabi_cdcmple
                0x00000000100070a4                __wrap___aeabi_cdcmpeq
 .text.__wrap___aeabi_dcmpeq
                0x0000000010007100       0x10 CMakeFiles/PicoPiFi.dir/pico-sdk/src/rp2_common/pico_double/double_aeabi.S.obj
                0x0000000010007100                __wrap___aeabi_dcmpeq
 .text.__wrap___aeabi_dcmplt
                0x0000000010007110        0xc CMakeFiles/PicoPiFi.dir/pico-sdk/src/rp2_common/pico_double/double_aeabi.S.obj
                0x0000000010007110                __wrap___aeabi_dcmplt
 .text.__wrap___aeabi_dcmple
                0x000000001000711c       0x10 CMakeFiles/PicoPiFi.dir/pico-sdk/src/rp2_common/pico_double/double_aeabi.S.obj
                0x000000001000711c                __wrap___aeabi_dcmple
 .text.__wrap___aeabi_dcmpge
                0x000000001000712c       0x10 CMakeFiles/PicoPiFi.dir/pico-sdk/src/rp2_common/pico_double/double_aeabi.S.obj
                0x000000001000712c                __wrap___aeabi_dcmpge
 .text.__wrap___aeabi_dcmpgt
                0x000000001000713c        0xa CMakeFiles/PicoPiFi.dir/pico-sdk/src/rp2_common/pico_double/double_aeabi.S.obj
                0x000000001000713c                __wrap___aeabi_dcmpgt
 .text.__wrap___aeabi_dcmpun
                0x0000000010007146       0x1c CMakeFiles/PicoPiFi.dir/pico-sdk/src/rp2_common/pico_double/double_aeabi.S.obj
                0x0000000010007146                __wrap___aeabi_dcmpun
 *fill*         0x0000000010007162        0x2 
 .text.__wrap___aeabi_i2d
                0x0000000010007164       0x38 CMakeFiles/PicoPiFi.dir/pico-sdk/src/rp2_common/pico_double/double_aeabi.S.obj
                0x0000000010007164                __wrap___aeabi_ui2d
                0x000000001000716c                __wrap___aeabi_i2d
 .text.__wrap___aeabi_d2iz
                0x000000001000719c       0x48 CMakeFiles/PicoPiFi.dir/pico-sdk/src/rp2_common/pico_double/double_aeabi.S.obj
                0x000000001000719c                __wrap___aeabi_d2iz
                0x000000001000719c                double2int_z
 .text.__wrap___aeabi_d2uiz
                0x00000000100071e4       0x10 CMakeFiles/PicoPiFi.dir/pico-sdk/src/rp2_common/pico_double/double_aeabi.S.obj
                0x00000000100071e4                double2uint
                0x00000000100071e4                __wrap___aeabi_d2uiz
 .text.__wrap___aeabi_l2d
                0x00000000100071f4       0x10 CMakeFiles/PicoPiFi.dir/pico-sdk/src/rp2_common/pico_double/double_aeabi.S.obj
                0x00000000100071f4                __wrap___aeabi_l2d
 .text.__wrap___aeabi_d2lz
                0x0000000010007204       0x26 CMakeFiles/PicoPiFi.dir/pico-sdk/src/rp2_common/pico_double/double_aeabi.S.obj
                0x0000000010007204                __wrap___aeabi_d2lz
                0x0000000010007204                double2int64_z
 *fill*         0x000000001000722a        0x2 
 .text.double2int64
                0x000000001000722c       0x10 CMakeFiles/PicoPiFi.dir/pico-sdk/src/rp2_common/pico_double/double_aeabi.S.obj
                0x000000001000722c                double2int64
 .text.double2ufix64
                0x000000001000723c       0x10 CMakeFiles/PicoPiFi.dir/pico-sdk/src/rp2_common/pico_double/double_aeabi.S.obj
                0x000000001000723c                double2ufix64
 .text.__wrap___aeabi_d2f
                0x000000001000724c       0x10 CMakeFiles/PicoPiFi.dir/pico-sdk/src/rp2_common/pico_double/double_aeabi.S.obj
                0x000000001000724c                __wrap___aeabi_d2f
 .text.missing_double_func_shim
                0x000000001000725c        0xc CMakeFiles/PicoPiFi.dir/pico-sdk/src/rp2_common/pico_double/double_init_rom.c.obj
 .text.__aeabi_double_init
                0x0000000010007268       0x98 CMakeFiles/PicoPiFi.dir/pico-sdk/src/rp2_common/pico_double/double_init_rom.c.obj
                0x0000000010007268                __aeabi_double_init
 .text.double_table_shim_on_use_helper
                0x0000000010007300       0x2c CMakeFiles/PicoPiFi.dir/pico-sdk/src/rp2_common/pico_double/double_v1_rom_shim.S.obj
                0x0000000010007300                double_table_shim_on_use_helper
 .text.__aeabi_lmul
                0x000000001000732c       0x32 CMakeFiles/PicoPiFi.dir/pico-sdk/src/rp2_common/pico_int64_ops/pico_int64_ops_aeabi.S.obj
                0x000000001000732c                __wrap___aeabi_lmul
 *fill*         0x000000001000735e        0x2 
 .text.__wrap___aeabi_cfcmple
                0x0000000010007360       0x50 CMakeFiles/PicoPiFi.dir/pico-sdk/src/rp2_common/pico_float/float_aeabi.S.obj
                0x0000000010007360                __wrap___aeabi_cfrcmple
                0x000000001000736c                __wrap___aeabi_cfcmpeq
                0x000000001000736c                __wrap___aeabi_cfcmple
 .text.__wrap___aeabi_fcmple
                0x00000000100073b0       0x10 CMakeFiles/PicoPiFi.dir/pico-sdk/src/rp2_common/pico_float/float_aeabi.S.obj
                0x00000000100073b0                __wrap___aeabi_fcmple
 .text.__wrap___aeabi_fcmpun
                0x00000000100073c0       0x18 CMakeFiles/PicoPiFi.dir/pico-sdk/src/rp2_common/pico_float/float_aeabi.S.obj
                0x00000000100073c0                __wrap___aeabi_fcmpun
 .text.missing_float_func_shim
                0x00000000100073d8        0xc CMakeFiles/PicoPiFi.dir/pico-sdk/src/rp2_common/pico_float/float_init_rom.c.obj
 .text.__aeabi_float_init
                0x00000000100073e4       0x5c CMakeFiles/PicoPiFi.dir/pico-sdk/src/rp2_common/pico_float/float_init_rom.c.obj
                0x00000000100073e4                __aeabi_float_init
 .text.__wrap_malloc
                0x0000000010007440       0x3c CMakeFiles/PicoPiFi.dir/pico-sdk/src/rp2_common/pico_malloc/pico_malloc.c.obj
                0x0000000010007440                __wrap_malloc
 .text.__wrap_calloc
                0x000000001000747c       0x40 CMakeFiles/PicoPiFi.dir/pico-sdk/src/rp2_common/pico_malloc/pico_malloc.c.obj
                0x000000001000747c                __wrap_calloc
 .text.__wrap_free
                0x00000000100074bc       0x20 CMakeFiles/PicoPiFi.dir/pico-sdk/src/rp2_common/pico_malloc/pico_malloc.c.obj
                0x00000000100074bc                __wrap_free
 .text          0x00000000100074dc       0x10 CMakeFiles/PicoPiFi.dir/pico-sdk/src/rp2_common/pico_mem_ops/mem_ops_aeabi.S.obj
                0x00000000100074dc                __aeabi_mem_init
 .text.memset   0x00000000100074ec        0xc CMakeFiles/PicoPiFi.dir/pico-sdk/src/rp2_common/pico_mem_ops/mem_ops_aeabi.S.obj
                0x00000000100074ec                __wrap_memset
 .text.memcpy   0x00000000100074f8        0xc CMakeFiles/PicoPiFi.dir/pico-sdk/src/rp2_common/pico_mem_ops/mem_ops_aeabi.S.obj
                0x00000000100074f8                __wrap___aeabi_memcpy
                0x00000000100074f8                __wrap_memcpy
 .text.stdio_out_chars_no_crlf
                0x0000000010007504       0x10 CMakeFiles/PicoPiFi.dir/pico-sdk/src/rp2_common/pico_stdio/stdio.c.obj
 .text.stdio_out_chars_crlf
                0x0000000010007514       0xb4 CMakeFiles/PicoPiFi.dir/pico-sdk/src/rp2_common/pico_stdio/stdio.c.obj
 .text.stdio_buffered_printer
                0x00000000100075c8       0x64 CMakeFiles/PicoPiFi.dir/pico-sdk/src/rp2_common/pico_stdio/stdio.c.obj
 .text.stdio_put_string.isra.0
                0x000000001000762c       0xfc CMakeFiles/PicoPiFi.dir/pico-sdk/src/rp2_common/pico_stdio/stdio.c.obj
 .text.__wrap_putchar
                0x0000000010007728       0x98 CMakeFiles/PicoPiFi.dir/pico-sdk/src/rp2_common/pico_stdio/stdio.c.obj
                0x0000000010007728                __wrap_putchar
 .text.__wrap_puts
                0x00000000100077c0       0x3c CMakeFiles/PicoPiFi.dir/pico-sdk/src/rp2_common/pico_stdio/stdio.c.obj
                0x00000000100077c0                __wrap_puts
 .text._read    0x00000000100077fc       0x94 CMakeFiles/PicoPiFi.dir/pico-sdk/src/rp2_common/pico_stdio/stdio.c.obj
                0x00000000100077fc                _read
 .text._write   0x0000000010007890       0xac CMakeFiles/PicoPiFi.dir/pico-sdk/src/rp2_common/pico_stdio/stdio.c.obj
                0x0000000010007890                _write
 .text._close   0x000000001000793c        0x8 CMakeFiles/PicoPiFi.dir/pico-sdk/src/rp2_common/pico_stdio/stdio.c.obj
                0x000000001000793c                _close
 .text._lseek   0x0000000010007944        0x8 CMakeFiles/PicoPiFi.dir/pico-sdk/src/rp2_common/pico_stdio/stdio.c.obj
                0x0000000010007944                _lseek
 .text.__wrap_vprintf
                0x000000001000794c       0xd8 CMakeFiles/PicoPiFi.dir/pico-sdk/src/rp2_common/pico_stdio/stdio.c.obj
                0x000000001000794c                __wrap_vprintf
 .text.__wrap_printf
                0x0000000010007a24       0x18 CMakeFiles/PicoPiFi.dir/pico-sdk/src/rp2_common/pico_stdio/stdio.c.obj
                0x0000000010007a24                __wrap_printf
 .text.lwip_init
                0x0000000010007a3c       0x1c CMakeFiles/PicoPiFi.dir/pico-sdk/lib/lwip/src/core/init.c.obj
                0x0000000010007a3c                lwip_init
 .text.lwip_htons
                0x0000000010007a58        0x8 CMakeFiles/PicoPiFi.dir/pico-sdk/lib/lwip/src/core/def.c.obj
                0x0000000010007a58                lwip_htons
 .text.mem_init
                0x0000000010007a60       0x4c CMakeFiles/PicoPiFi.dir/pico-sdk/lib/lwip/src/core/mem.c.obj
                0x0000000010007a60                mem_init
 .text.mem_free
                0x0000000010007aac      0x15c CMakeFiles/PicoPiFi.dir/pico-sdk/lib/lwip/src/core/mem.c.obj
                0x0000000010007aac                mem_free
 .text.mem_malloc
                0x0000000010007c08      0x19c CMakeFiles/PicoPiFi.dir/pico-sdk/lib/lwip/src/core/mem.c.obj
                0x0000000010007c08                mem_malloc
 .text.memp_init
                0x0000000010007da4       0x94 CMakeFiles/PicoPiFi.dir/pico-sdk/lib/lwip/src/core/memp.c.obj
                0x0000000010007da4                memp_init
 .text.memp_malloc
                0x0000000010007e38       0x50 CMakeFiles/PicoPiFi.dir/pico-sdk/lib/lwip/src/core/memp.c.obj
                0x0000000010007e38                memp_malloc
 .text.memp_free
                0x0000000010007e88       0x38 CMakeFiles/PicoPiFi.dir/pico-sdk/lib/lwip/src/core/memp.c.obj
                0x0000000010007e88                memp_free
 .text.netif_init
                0x0000000010007ec0        0x4 CMakeFiles/PicoPiFi.dir/pico-sdk/lib/lwip/src/core/netif.c.obj
                0x0000000010007ec0                netif_init
 .text.pbuf_free.part.0
                0x0000000010007ec4       0xb0 CMakeFiles/PicoPiFi.dir/pico-sdk/lib/lwip/src/core/pbuf.c.obj
 .text.pbuf_alloc
                0x0000000010007f74      0x124 CMakeFiles/PicoPiFi.dir/pico-sdk/lib/lwip/src/core/pbuf.c.obj
                0x0000000010007f74                pbuf_alloc
 .text.pbuf_add_header
                0x0000000010008098       0x5c CMakeFiles/PicoPiFi.dir/pico-sdk/lib/lwip/src/core/pbuf.c.obj
                0x0000000010008098                pbuf_add_header
 .text.pbuf_free
                0x00000000100080f4       0x1c CMakeFiles/PicoPiFi.dir/pico-sdk/lib/lwip/src/core/pbuf.c.obj
                0x00000000100080f4                pbuf_free
 .text.pbuf_clen
                0x0000000010008110       0x14 CMakeFiles/PicoPiFi.dir/pico-sdk/lib/lwip/src/core/pbuf.c.obj
                0x0000000010008110                pbuf_clen
 .text.pbuf_copy_partial
                0x0000000010008124       0x70 CMakeFiles/PicoPiFi.dir/pico-sdk/lib/lwip/src/core/pbuf.c.obj
                0x0000000010008124                pbuf_copy_partial
 .text.stats_init
                0x0000000010008194        0x4 CMakeFiles/PicoPiFi.dir/pico-sdk/lib/lwip/src/core/stats.c.obj
                0x0000000010008194                stats_init
 .text.sys_timeout_abs
                0x0000000010008198       0x4c CMakeFiles/PicoPiFi.dir/pico-sdk/lib/lwip/src/core/timeouts.c.obj
 .text.lwip_cyclic_timer
                0x00000000100081e4       0x38 CMakeFiles/PicoPiFi.dir/pico-sdk/lib/lwip/src/core/timeouts.c.obj
 .text.sys_timeouts_init
                0x000000001000821c       0xa4 CMakeFiles/PicoPiFi.dir/pico-sdk/lib/lwip/src/core/timeouts.c.obj
                0x000000001000821c                sys_timeouts_init
 .text.udp_init
                0x00000000100082c0        0x4 CMakeFiles/PicoPiFi.dir/pico-sdk/lib/lwip/src/core/udp.c.obj
                0x00000000100082c0                udp_init
 .text.etharp_raw
                0x00000000100082c4       0xf4 CMakeFiles/PicoPiFi.dir/pico-sdk/lib/lwip/src/core/ipv4/etharp.c.obj
 .text.etharp_tmr
                0x00000000100083b8       0x94 CMakeFiles/PicoPiFi.dir/pico-sdk/lib/lwip/src/core/ipv4/etharp.c.obj
                0x00000000100083b8                etharp_tmr
 .text.ip_reass_free_complete_datagram
                0x000000001000844c      0x108 CMakeFiles/PicoPiFi.dir/pico-sdk/lib/lwip/src/core/ipv4/ip4_frag.c.obj
 .text.ip_reass_tmr
                0x0000000010008554       0x38 CMakeFiles/PicoPiFi.dir/pico-sdk/lib/lwip/src/core/ipv4/ip4_frag.c.obj
                0x0000000010008554                ip_reass_tmr
 .text.ethernet_output
                0x000000001000858c       0x78 CMakeFiles/PicoPiFi.dir/pico-sdk/lib/lwip/src/netif/ethernet.c.obj
                0x000000001000858c                ethernet_output
 .text.core1_trampoline
                0x0000000010008604        0x4 CMakeFiles/PicoPiFi.dir/pico-sdk/src/rp2_common/pico_multicore/multicore.c.obj
 .text.core1_wrapper
                0x0000000010008608        0xc CMakeFiles/PicoPiFi.dir/pico-sdk/src/rp2_common/pico_multicore/multicore.c.obj
                0x0000000010008608                core1_wrapper
 .text.multicore_lockout_handshake
                0x0000000010008614      0x104 CMakeFiles/PicoPiFi.dir/pico-sdk/src/rp2_common/pico_multicore/multicore.c.obj
 .text.multicore_launch_core1_raw
                0x0000000010008718       0x84 CMakeFiles/PicoPiFi.dir/pico-sdk/src/rp2_common/pico_multicore/multicore.c.obj
                0x0000000010008718                multicore_launch_core1_raw
 .text.multicore_launch_core1
                0x000000001000879c       0x4c CMakeFiles/PicoPiFi.dir/pico-sdk/src/rp2_common/pico_multicore/multicore.c.obj
                0x000000001000879c                multicore_launch_core1
 .text.multicore_lockout_victim_init
                0x00000000100087e8       0x4c CMakeFiles/PicoPiFi.dir/pico-sdk/src/rp2_common/pico_multicore/multicore.c.obj
                0x00000000100087e8                multicore_lockout_victim_init
 .text.multicore_lockout_start_blocking
                0x0000000010008834       0x6c CMakeFiles/PicoPiFi.dir/pico-sdk/src/rp2_common/pico_multicore/multicore.c.obj
                0x0000000010008834                multicore_lockout_start_blocking
 .text.multicore_lockout_end_blocking
                0x00000000100088a0       0x50 CMakeFiles/PicoPiFi.dir/pico-sdk/src/rp2_common/pico_multicore/multicore.c.obj
                0x00000000100088a0                multicore_lockout_end_blocking
 .text.cyw43_arch_set_async_context
                0x00000000100088f0        0xc CMakeFiles/PicoPiFi.dir/pico-sdk/src/rp2_common/pico_cyw43_arch/cyw43_arch.c.obj
                0x00000000100088f0                cyw43_arch_set_async_context
 .text.cyw43_arch_enable_sta_mode
                0x00000000100088fc       0x1c CMakeFiles/PicoPiFi.dir/pico-sdk/src/rp2_common/pico_cyw43_arch/cyw43_arch.c.obj
                0x00000000100088fc                cyw43_arch_enable_sta_mode
 .text.cyw43_arch_wifi_connect_async
                0x0000000010008918       0x48 CMakeFiles/PicoPiFi.dir/pico-sdk/src/rp2_common/pico_cyw43_arch/cyw43_arch.c.obj
                0x0000000010008918                cyw43_arch_wifi_connect_async
 .text.cyw43_arch_init_with_country
                0x0000000010008960       0x10 CMakeFiles/PicoPiFi.dir/pico-sdk/src/rp2_common/pico_cyw43_arch/cyw43_arch.c.obj
                0x0000000010008960                cyw43_arch_init_with_country
 .text.cyw43_arch_gpio_put
                0x0000000010008970       0x14 CMakeFiles/PicoPiFi.dir/pico-sdk/src/rp2_common/pico_cyw43_arch/cyw43_arch.c.obj
                0x0000000010008970                cyw43_arch_gpio_put
 .text.cyw43_arch_async_context
                0x0000000010008984        0xc CMakeFiles/PicoPiFi.dir/pico-sdk/src/rp2_common/pico_cyw43_arch/cyw43_arch.c.obj
                0x0000000010008984                cyw43_arch_async_context
 .text.cyw43_arch_init
                0x0000000010008990       0x6c CMakeFiles/PicoPiFi.dir/pico-sdk/src/rp2_common/pico_cyw43_arch/cyw43_arch_threadsafe_background.c.obj
                0x0000000010008990                cyw43_arch_init
 .text.startup._retrieve_unique_id_on_boot
                0x00000000100089fc       0x10 CMakeFiles/PicoPiFi.dir/pico-sdk/src/rp2_common/pico_unique_id/unique_id.c.obj
 .text.pico_get_unique_board_id
                0x0000000010008a0c       0x10 CMakeFiles/PicoPiFi.dir/pico-sdk/src/rp2_common/pico_unique_id/unique_id.c.obj
                0x0000000010008a0c                pico_get_unique_board_id
 .text.flash_get_unique_id
                0x0000000010008a1c       0x40 CMakeFiles/PicoPiFi.dir/pico-sdk/src/rp2_common/hardware_flash/flash.c.obj
                0x0000000010008a1c                flash_get_unique_id
 .text.ns_delay.constprop.0
                0x0000000010008a5c       0x20 CMakeFiles/PicoPiFi.dir/pico-sdk/src/rp2_common/pico_cyw43_driver/cyw43_bus_pio_spi.c.obj
 .text.cyw43_spi_deinit
                0x0000000010008a7c       0x7c CMakeFiles/PicoPiFi.dir/pico-sdk/src/rp2_common/pico_cyw43_driver/cyw43_bus_pio_spi.c.obj
                0x0000000010008a7c                cyw43_spi_deinit
 .text.cyw43_spi_init
                0x0000000010008af8      0x154 CMakeFiles/PicoPiFi.dir/pico-sdk/src/rp2_common/pico_cyw43_driver/cyw43_bus_pio_spi.c.obj
                0x0000000010008af8                cyw43_spi_init
 .text.cyw43_spi_transfer
                0x0000000010008c4c      0x430 CMakeFiles/PicoPiFi.dir/pico-sdk/src/rp2_common/pico_cyw43_driver/cyw43_bus_pio_spi.c.obj
                0x0000000010008c4c                cyw43_spi_transfer
 .text.cyw43_spi_gpio_setup
                0x000000001000907c       0x3c CMakeFiles/PicoPiFi.dir/pico-sdk/src/rp2_common/pico_cyw43_driver/cyw43_bus_pio_spi.c.obj
                0x000000001000907c                cyw43_spi_gpio_setup
 .text.cyw43_spi_reset
                0x00000000100090b8       0x28 CMakeFiles/PicoPiFi.dir/pico-sdk/src/rp2_common/pico_cyw43_driver/cyw43_bus_pio_spi.c.obj
                0x00000000100090b8                cyw43_spi_reset
 .text.read_reg_u32_swap
                0x00000000100090e0       0x3c CMakeFiles/PicoPiFi.dir/pico-sdk/src/rp2_common/pico_cyw43_driver/cyw43_bus_pio_spi.c.obj
                0x00000000100090e0                read_reg_u32_swap
 .text.cyw43_read_reg_u32
                0x000000001000911c       0x6c CMakeFiles/PicoPiFi.dir/pico-sdk/src/rp2_common/pico_cyw43_driver/cyw43_bus_pio_spi.c.obj
                0x000000001000911c                cyw43_read_reg_u32
 .text.cyw43_read_reg_u16
                0x0000000010009188       0x6c CMakeFiles/PicoPiFi.dir/pico-sdk/src/rp2_common/pico_cyw43_driver/cyw43_bus_pio_spi.c.obj
                0x0000000010009188                cyw43_read_reg_u16
 .text.cyw43_read_reg_u8
                0x00000000100091f4       0x6c CMakeFiles/PicoPiFi.dir/pico-sdk/src/rp2_common/pico_cyw43_driver/cyw43_bus_pio_spi.c.obj
                0x00000000100091f4                cyw43_read_reg_u8
 .text.write_reg_u32_swap
                0x0000000010009260      0x1e0 CMakeFiles/PicoPiFi.dir/pico-sdk/src/rp2_common/pico_cyw43_driver/cyw43_bus_pio_spi.c.obj
                0x0000000010009260                write_reg_u32_swap
 .text.cyw43_write_reg_u32
                0x0000000010009440      0x200 CMakeFiles/PicoPiFi.dir/pico-sdk/src/rp2_common/pico_cyw43_driver/cyw43_bus_pio_spi.c.obj
                0x0000000010009440                cyw43_write_reg_u32
 .text.cyw43_write_reg_u16
                0x0000000010009640      0x200 CMakeFiles/PicoPiFi.dir/pico-sdk/src/rp2_common/pico_cyw43_driver/cyw43_bus_pio_spi.c.obj
                0x0000000010009640                cyw43_write_reg_u16
 .text.cyw43_write_reg_u8
                0x0000000010009840      0x200 CMakeFiles/PicoPiFi.dir/pico-sdk/src/rp2_common/pico_cyw43_driver/cyw43_bus_pio_spi.c.obj
                0x0000000010009840                cyw43_write_reg_u8
 .text.cyw43_read_bytes
                0x0000000010009a40       0x78 CMakeFiles/PicoPiFi.dir/pico-sdk/src/rp2_common/pico_cyw43_driver/cyw43_bus_pio_spi.c.obj
                0x0000000010009a40                cyw43_read_bytes
 .text.cyw43_write_bytes
                0x0000000010009ab8       0xec CMakeFiles/PicoPiFi.dir/pico-sdk/src/rp2_common/pico_cyw43_driver/cyw43_bus_pio_spi.c.obj
                0x0000000010009ab8                cyw43_write_bytes
 .text.cyw43_set_backplane_window
                0x0000000010009ba4       0x64 CMakeFiles/PicoPiFi.dir/pico-sdk/lib/cyw43-driver/src/cyw43_ll.c.obj
 .text.cyw43_ll_parse_async_event
                0x0000000010009c08      0x13c CMakeFiles/PicoPiFi.dir/pico-sdk/lib/cyw43-driver/src/cyw43_ll.c.obj
 .text.cyw43_kso_set
                0x0000000010009d44       0xa0 CMakeFiles/PicoPiFi.dir/pico-sdk/lib/cyw43-driver/src/cyw43_ll.c.obj
 .text.cyw43_ll_sdpcm_poll_device
                0x0000000010009de4      0x238 CMakeFiles/PicoPiFi.dir/pico-sdk/lib/cyw43-driver/src/cyw43_ll.c.obj
 .text.cyw43_sdpcm_send_common
                0x000000001000a01c       0xf8 CMakeFiles/PicoPiFi.dir/pico-sdk/lib/cyw43-driver/src/cyw43_ll.c.obj
 .text.cyw43_do_ioctl.part.0
                0x000000001000a114       0xc4 CMakeFiles/PicoPiFi.dir/pico-sdk/lib/cyw43-driver/src/cyw43_ll.c.obj
 .text.cyw43_download_resource
                0x000000001000a1d8       0xd0 CMakeFiles/PicoPiFi.dir/pico-sdk/lib/cyw43-driver/src/cyw43_ll.c.obj
 .text.cyw43_write_iovar_u32
                0x000000001000a2a8       0xa4 CMakeFiles/PicoPiFi.dir/pico-sdk/lib/cyw43-driver/src/cyw43_ll.c.obj
 .text.cyw43_write_iovar_u32_u32.constprop.0
                0x000000001000a34c       0xb0 CMakeFiles/PicoPiFi.dir/pico-sdk/lib/cyw43-driver/src/cyw43_ll.c.obj
 .text.cyw43_read_backplane.constprop.0
                0x000000001000a3fc       0xdc CMakeFiles/PicoPiFi.dir/pico-sdk/lib/cyw43-driver/src/cyw43_ll.c.obj
 .text.cyw43_write_backplane
                0x000000001000a4d8      0x104 CMakeFiles/PicoPiFi.dir/pico-sdk/lib/cyw43-driver/src/cyw43_ll.c.obj
 .text.reset_device_core.constprop.0
                0x000000001000a5dc      0x3f0 CMakeFiles/PicoPiFi.dir/pico-sdk/lib/cyw43-driver/src/cyw43_ll.c.obj
 .text.cyw43_ll_init
                0x000000001000a9cc       0x1c CMakeFiles/PicoPiFi.dir/pico-sdk/lib/cyw43-driver/src/cyw43_ll.c.obj
                0x000000001000a9cc                cyw43_ll_init
 .text.cyw43_ll_deinit
                0x000000001000a9e8        0x8 CMakeFiles/PicoPiFi.dir/pico-sdk/lib/cyw43-driver/src/cyw43_ll.c.obj
                0x000000001000a9e8                cyw43_ll_deinit
 .text.cyw43_ll_send_ethernet
                0x000000001000a9f0       0x60 CMakeFiles/PicoPiFi.dir/pico-sdk/lib/cyw43-driver/src/cyw43_ll.c.obj
                0x000000001000a9f0                cyw43_ll_send_ethernet
 .text.cyw43_ll_process_packets
                0x000000001000aa50       0x54 CMakeFiles/PicoPiFi.dir/pico-sdk/lib/cyw43-driver/src/cyw43_ll.c.obj
                0x000000001000aa50                cyw43_ll_process_packets
 .text.cyw43_ll_ioctl
                0x000000001000aaa4       0x80 CMakeFiles/PicoPiFi.dir/pico-sdk/lib/cyw43-driver/src/cyw43_ll.c.obj
                0x000000001000aaa4                cyw43_ll_ioctl
 .text.cyw43_ll_bus_sleep
                0x000000001000ab24       0x34 CMakeFiles/PicoPiFi.dir/pico-sdk/lib/cyw43-driver/src/cyw43_ll.c.obj
                0x000000001000ab24                cyw43_ll_bus_sleep
 .text.cyw43_ll_wifi_on
                0x000000001000ab58      0x220 CMakeFiles/PicoPiFi.dir/pico-sdk/lib/cyw43-driver/src/cyw43_ll.c.obj
                0x000000001000ab58                cyw43_ll_wifi_on
 .text.cyw43_ll_wifi_get_mac
                0x000000001000ad78       0x74 CMakeFiles/PicoPiFi.dir/pico-sdk/lib/cyw43-driver/src/cyw43_ll.c.obj
                0x000000001000ad78                cyw43_ll_wifi_get_mac
 .text.cyw43_ll_bus_init
                0x000000001000adec      0x950 CMakeFiles/PicoPiFi.dir/pico-sdk/lib/cyw43-driver/src/cyw43_ll.c.obj
                0x000000001000adec                cyw43_ll_bus_init
 .text.cyw43_ll_wifi_pm
                0x000000001000b73c      0x138 CMakeFiles/PicoPiFi.dir/pico-sdk/lib/cyw43-driver/src/cyw43_ll.c.obj
                0x000000001000b73c                cyw43_ll_wifi_pm
 .text.cyw43_ll_wifi_scan
                0x000000001000b874       0xa0 CMakeFiles/PicoPiFi.dir/pico-sdk/lib/cyw43-driver/src/cyw43_ll.c.obj
                0x000000001000b874                cyw43_ll_wifi_scan
 .text.cyw43_ll_wifi_join
                0x000000001000b914      0x3ec CMakeFiles/PicoPiFi.dir/pico-sdk/lib/cyw43-driver/src/cyw43_ll.c.obj
                0x000000001000b914                cyw43_ll_wifi_join
 .text.cyw43_ll_wifi_set_wpa_auth
                0x000000001000bd00       0x4c CMakeFiles/PicoPiFi.dir/pico-sdk/lib/cyw43-driver/src/cyw43_ll.c.obj
                0x000000001000bd00                cyw43_ll_wifi_set_wpa_auth
 .text.cyw43_ll_wifi_rejoin
                0x000000001000bd4c       0x58 CMakeFiles/PicoPiFi.dir/pico-sdk/lib/cyw43-driver/src/cyw43_ll.c.obj
                0x000000001000bd4c                cyw43_ll_wifi_rejoin
 .text.cyw43_ll_wifi_ap_init
                0x000000001000bda4      0x2e8 CMakeFiles/PicoPiFi.dir/pico-sdk/lib/cyw43-driver/src/cyw43_ll.c.obj
                0x000000001000bda4                cyw43_ll_wifi_ap_init
 .text.cyw43_ll_wifi_ap_set_up
                0x000000001000c08c       0x80 CMakeFiles/PicoPiFi.dir/pico-sdk/lib/cyw43-driver/src/cyw43_ll.c.obj
                0x000000001000c08c                cyw43_ll_wifi_ap_set_up
 .text.cyw43_ll_gpio_set
                0x000000001000c10c       0x9c CMakeFiles/PicoPiFi.dir/pico-sdk/lib/cyw43-driver/src/cyw43_ll.c.obj
                0x000000001000c10c                cyw43_ll_gpio_set
 .text.cyw43_ll_has_work
                0x000000001000c1a8       0x14 CMakeFiles/PicoPiFi.dir/pico-sdk/lib/cyw43-driver/src/cyw43_ll.c.obj
                0x000000001000c1a8                cyw43_ll_has_work
 .text.cyw43_poll_func
                0x000000001000c1bc       0xc0 CMakeFiles/PicoPiFi.dir/pico-sdk/lib/cyw43-driver/src/cyw43_ctrl.c.obj
 .text.cyw43_init
                0x000000001000c27c       0x6c CMakeFiles/PicoPiFi.dir/pico-sdk/lib/cyw43-driver/src/cyw43_ctrl.c.obj
                0x000000001000c27c                cyw43_init
 .text.cyw43_deinit
                0x000000001000c2e8       0x90 CMakeFiles/PicoPiFi.dir/pico-sdk/lib/cyw43-driver/src/cyw43_ctrl.c.obj
                0x000000001000c2e8                cyw43_deinit
 .text.cyw43_cb_read_host_interrupt_pin
                0x000000001000c378        0xc CMakeFiles/PicoPiFi.dir/pico-sdk/lib/cyw43-driver/src/cyw43_ctrl.c.obj
                0x000000001000c378                cyw43_cb_read_host_interrupt_pin
 .text.cyw43_cb_ensure_awake
                0x000000001000c384        0xc CMakeFiles/PicoPiFi.dir/pico-sdk/lib/cyw43-driver/src/cyw43_ctrl.c.obj
                0x000000001000c384                cyw43_cb_ensure_awake
 .text.cyw43_cb_process_async_event
                0x000000001000c390      0x228 CMakeFiles/PicoPiFi.dir/pico-sdk/lib/cyw43-driver/src/cyw43_ctrl.c.obj
                0x000000001000c390                cyw43_cb_process_async_event
 .text.cyw43_send_ethernet
                0x000000001000c5b8       0xc0 CMakeFiles/PicoPiFi.dir/pico-sdk/lib/cyw43-driver/src/cyw43_ctrl.c.obj
                0x000000001000c5b8                cyw43_send_ethernet
 .text.cyw43_wifi_pm
                0x000000001000c678       0xb4 CMakeFiles/PicoPiFi.dir/pico-sdk/lib/cyw43-driver/src/cyw43_ctrl.c.obj
                0x000000001000c678                cyw43_wifi_pm
 .text.cyw43_wifi_set_up
                0x000000001000c72c      0x338 CMakeFiles/PicoPiFi.dir/pico-sdk/lib/cyw43-driver/src/cyw43_ctrl.c.obj
                0x000000001000c72c                cyw43_wifi_set_up
 .text.cyw43_wifi_scan
                0x000000001000ca64       0xd4 CMakeFiles/PicoPiFi.dir/pico-sdk/lib/cyw43-driver/src/cyw43_ctrl.c.obj
                0x000000001000ca64                cyw43_wifi_scan
 .text.cyw43_wifi_join
                0x000000001000cb38       0xf4 CMakeFiles/PicoPiFi.dir/pico-sdk/lib/cyw43-driver/src/cyw43_ctrl.c.obj
                0x000000001000cb38                cyw43_wifi_join
 .text.cyw43_wifi_leave
                0x000000001000cc2c       0xa4 CMakeFiles/PicoPiFi.dir/pico-sdk/lib/cyw43-driver/src/cyw43_ctrl.c.obj
                0x000000001000cc2c                cyw43_wifi_leave
 .text.cyw43_gpio_set
                0x000000001000ccd0       0xa0 CMakeFiles/PicoPiFi.dir/pico-sdk/lib/cyw43-driver/src/cyw43_ctrl.c.obj
                0x000000001000ccd0                cyw43_gpio_set
 .text.pio_sm_unclaim
                0x000000001000cd70       0x20 CMakeFiles/PicoPiFi.dir/pico-sdk/src/rp2_common/hardware_pio/pio.c.obj
                0x000000001000cd70                pio_sm_unclaim
 .text.pio_claim_unused_sm
                0x000000001000cd90       0x3c CMakeFiles/PicoPiFi.dir/pico-sdk/src/rp2_common/hardware_pio/pio.c.obj
                0x000000001000cd90                pio_claim_unused_sm
 .text.pio_can_add_program
                0x000000001000cdcc       0x68 CMakeFiles/PicoPiFi.dir/pico-sdk/src/rp2_common/hardware_pio/pio.c.obj
                0x000000001000cdcc                pio_can_add_program
 .text.pio_add_program
                0x000000001000ce34       0xc8 CMakeFiles/PicoPiFi.dir/pico-sdk/src/rp2_common/hardware_pio/pio.c.obj
                0x000000001000ce34                pio_add_program
 .text.pio_remove_program
                0x000000001000cefc       0x34 CMakeFiles/PicoPiFi.dir/pico-sdk/src/rp2_common/hardware_pio/pio.c.obj
                0x000000001000cefc                pio_remove_program
 .text.pio_sm_set_pindirs_with_mask
                0x000000001000cf30       0xa4 CMakeFiles/PicoPiFi.dir/pico-sdk/src/rp2_common/hardware_pio/pio.c.obj
                0x000000001000cf30                pio_sm_set_pindirs_with_mask
 .text.pio_sm_set_consecutive_pindirs
                0x000000001000cfd4       0xb0 CMakeFiles/PicoPiFi.dir/pico-sdk/src/rp2_common/hardware_pio/pio.c.obj
                0x000000001000cfd4                pio_sm_set_consecutive_pindirs
 .text.dma_channel_unclaim
                0x000000001000d084       0x10 CMakeFiles/PicoPiFi.dir/pico-sdk/src/rp2_common/hardware_dma/dma.c.obj
                0x000000001000d084                dma_channel_unclaim
 .text.dma_claim_unused_channel
                0x000000001000d094       0x20 CMakeFiles/PicoPiFi.dir/pico-sdk/src/rp2_common/hardware_dma/dma.c.obj
                0x000000001000d094                dma_claim_unused_channel
 .text.dma_channel_cleanup
                0x000000001000d0b4       0x60 CMakeFiles/PicoPiFi.dir/pico-sdk/src/rp2_common/hardware_dma/dma.c.obj
                0x000000001000d0b4                dma_channel_cleanup
 .text.cyw43_sleep_timeout_reached
                0x000000001000d114       0x10 CMakeFiles/PicoPiFi.dir/pico-sdk/src/rp2_common/pico_cyw43_driver/cyw43_driver.c.obj
 .text.cyw43_irq_init
                0x000000001000d124       0x28 CMakeFiles/PicoPiFi.dir/pico-sdk/src/rp2_common/pico_cyw43_driver/cyw43_driver.c.obj
                0x000000001000d124                cyw43_irq_init
 .text.cyw43_irq_deinit
                0x000000001000d14c       0x20 CMakeFiles/PicoPiFi.dir/pico-sdk/src/rp2_common/pico_cyw43_driver/cyw43_driver.c.obj
                0x000000001000d14c                cyw43_irq_deinit
 .text.cyw43_gpio_irq_handler
                0x000000001000d16c       0x44 CMakeFiles/PicoPiFi.dir/pico-sdk/src/rp2_common/pico_cyw43_driver/cyw43_driver.c.obj
 .text.cyw43_do_poll
                0x000000001000d1b0       0x68 CMakeFiles/PicoPiFi.dir/pico-sdk/src/rp2_common/pico_cyw43_driver/cyw43_driver.c.obj
 .text.cyw43_post_poll_hook
                0x000000001000d218       0x10 CMakeFiles/PicoPiFi.dir/pico-sdk/src/rp2_common/pico_cyw43_driver/cyw43_driver.c.obj
                0x000000001000d218                cyw43_post_poll_hook
 .text.cyw43_schedule_internal_poll_dispatch
                0x000000001000d228       0x18 CMakeFiles/PicoPiFi.dir/pico-sdk/src/rp2_common/pico_cyw43_driver/cyw43_driver.c.obj
                0x000000001000d228                cyw43_schedule_internal_poll_dispatch
 .text.cyw43_driver_init
                0x000000001000d240       0x38 CMakeFiles/PicoPiFi.dir/pico-sdk/src/rp2_common/pico_cyw43_driver/cyw43_driver.c.obj
                0x000000001000d240                cyw43_driver_init
 .text.cyw43_driver_deinit
                0x000000001000d278       0x44 CMakeFiles/PicoPiFi.dir/pico-sdk/src/rp2_common/pico_cyw43_driver/cyw43_driver.c.obj
                0x000000001000d278                cyw43_driver_deinit
 .text.cyw43_hal_generate_laa_mac
                0x000000001000d2bc       0x28 CMakeFiles/PicoPiFi.dir/pico-sdk/src/rp2_common/pico_cyw43_driver/cyw43_driver.c.obj
                0x000000001000d2bc                cyw43_hal_generate_laa_mac
 .text.cyw43_hal_get_mac
                0x000000001000d2e4       0x1c CMakeFiles/PicoPiFi.dir/pico-sdk/src/rp2_common/pico_cyw43_driver/cyw43_driver.c.obj
                0x000000001000d2e4                cyw43_hal_get_mac
 .text.cyw43_thread_enter
                0x000000001000d300       0x14 CMakeFiles/PicoPiFi.dir/pico-sdk/src/rp2_common/pico_cyw43_driver/cyw43_driver.c.obj
                0x000000001000d300                cyw43_thread_enter
 .text.cyw43_thread_exit
                0x000000001000d314       0x14 CMakeFiles/PicoPiFi.dir/pico-sdk/src/rp2_common/pico_cyw43_driver/cyw43_driver.c.obj
                0x000000001000d314                cyw43_thread_exit
 .text.cyw43_await_background_or_timeout_us
                0x000000001000d328       0x34 CMakeFiles/PicoPiFi.dir/pico-sdk/src/rp2_common/pico_cyw43_driver/cyw43_driver.c.obj
                0x000000001000d328                cyw43_await_background_or_timeout_us
 .text.cyw43_delay_ms
                0x000000001000d35c       0x44 CMakeFiles/PicoPiFi.dir/pico-sdk/src/rp2_common/pico_cyw43_driver/cyw43_driver.c.obj
                0x000000001000d35c                cyw43_delay_ms
 .text.cyw43_delay_us
                0x000000001000d3a0       0x34 CMakeFiles/PicoPiFi.dir/pico-sdk/src/rp2_common/pico_cyw43_driver/cyw43_driver.c.obj
                0x000000001000d3a0                cyw43_delay_us
 .text.cyw43_cb_tcpip_init
                0x000000001000d3d4        0x4 CMakeFiles/PicoPiFi.dir/pico-sdk/src/rp2_common/pico_cyw43_driver/cyw43_driver.c.obj
                0x000000001000d3d4                cyw43_cb_tcpip_init
 .text.cyw43_cb_tcpip_deinit
                0x000000001000d3d8        0x4 CMakeFiles/PicoPiFi.dir/pico-sdk/src/rp2_common/pico_cyw43_driver/cyw43_driver.c.obj
                0x000000001000d3d8                cyw43_cb_tcpip_deinit
 .text.handle_sync_func_call
                0x000000001000d3dc       0x24 CMakeFiles/PicoPiFi.dir/pico-sdk/src/rp2_common/pico_async_context/async_context_threadsafe_background.c.obj
 .text.async_context_threadsafe_background_acquire_lock_blocking
                0x000000001000d400        0xc CMakeFiles/PicoPiFi.dir/pico-sdk/src/rp2_common/pico_async_context/async_context_threadsafe_background.c.obj
 .text.process_under_lock
                0x000000001000d40c       0xc8 CMakeFiles/PicoPiFi.dir/pico-sdk/src/rp2_common/pico_async_context/async_context_threadsafe_background.c.obj
 .text.async_context_threadsafe_background_deinit
                0x000000001000d4d4       0x64 CMakeFiles/PicoPiFi.dir/pico-sdk/src/rp2_common/pico_async_context/async_context_threadsafe_background.c.obj
 .text.low_priority_irq_handler
                0x000000001000d538       0x3c CMakeFiles/PicoPiFi.dir/pico-sdk/src/rp2_common/pico_async_context/async_context_threadsafe_background.c.obj
 .text.async_context_threadsafe_background_wait_for_work_until
                0x000000001000d574        0xc CMakeFiles/PicoPiFi.dir/pico-sdk/src/rp2_common/pico_async_context/async_context_threadsafe_background.c.obj
 .text.async_context_threadsafe_background_wait_until
                0x000000001000d580       0x1c CMakeFiles/PicoPiFi.dir/pico-sdk/src/rp2_common/pico_async_context/async_context_threadsafe_background.c.obj
 .text.async_context_threadsafe_background_lock_check
                0x000000001000d59c       0x28 CMakeFiles/PicoPiFi.dir/pico-sdk/src/rp2_common/pico_async_context/async_context_threadsafe_background.c.obj
 .text.async_context_threadsafe_background_execute_sync
                0x000000001000d5c4       0xe4 CMakeFiles/PicoPiFi.dir/pico-sdk/src/rp2_common/pico_async_context/async_context_threadsafe_background.c.obj
                0x000000001000d5c4                async_context_threadsafe_background_execute_sync
 .text.async_context_threadsafe_background_set_work_pending
                0x000000001000d6a8       0x50 CMakeFiles/PicoPiFi.dir/pico-sdk/src/rp2_common/pico_async_context/async_context_threadsafe_background.c.obj
 .text.alarm_handler
                0x000000001000d6f8       0x58 CMakeFiles/PicoPiFi.dir/pico-sdk/src/rp2_common/pico_async_context/async_context_threadsafe_background.c.obj
 .text.async_context_threadsafe_background_release_lock
                0x000000001000d750       0x7c CMakeFiles/PicoPiFi.dir/pico-sdk/src/rp2_common/pico_async_context/async_context_threadsafe_background.c.obj
 .text.async_context_threadsafe_background_when_pending_worker
                0x000000001000d7cc       0x90 CMakeFiles/PicoPiFi.dir/pico-sdk/src/rp2_common/pico_async_context/async_context_threadsafe_background.c.obj
 .text.async_context_threadsafe_background_remove_at_time_worker
                0x000000001000d85c       0x90 CMakeFiles/PicoPiFi.dir/pico-sdk/src/rp2_common/pico_async_context/async_context_threadsafe_background.c.obj
 .text.async_context_threadsafe_background_add_when_pending_worker
                0x000000001000d8ec       0x90 CMakeFiles/PicoPiFi.dir/pico-sdk/src/rp2_common/pico_async_context/async_context_threadsafe_background.c.obj
 .text.async_context_threadsafe_background_add_at_time_worker
                0x000000001000d97c       0x90 CMakeFiles/PicoPiFi.dir/pico-sdk/src/rp2_common/pico_async_context/async_context_threadsafe_background.c.obj
 .text.async_context_threadsafe_background_default_config
                0x000000001000da0c        0xc CMakeFiles/PicoPiFi.dir/pico-sdk/src/rp2_common/pico_async_context/async_context_threadsafe_background.c.obj
                0x000000001000da0c                async_context_threadsafe_background_default_config
 .text.async_context_threadsafe_background_init
                0x000000001000da18       0xa4 CMakeFiles/PicoPiFi.dir/pico-sdk/src/rp2_common/pico_async_context/async_context_threadsafe_background.c.obj
                0x000000001000da18                async_context_threadsafe_background_init
 .text.async_context_base_add_at_time_worker
                0x000000001000dabc       0x28 CMakeFiles/PicoPiFi.dir/pico-sdk/src/rp2_common/pico_async_context/async_context_base.c.obj
                0x000000001000dabc                async_context_base_add_at_time_worker
 .text.async_context_base_remove_at_time_worker
                0x000000001000dae4       0x28 CMakeFiles/PicoPiFi.dir/pico-sdk/src/rp2_common/pico_async_context/async_context_base.c.obj
                0x000000001000dae4                async_context_base_remove_at_time_worker
 .text.async_context_base_add_when_pending_worker
                0x000000001000db0c       0x24 CMakeFiles/PicoPiFi.dir/pico-sdk/src/rp2_common/pico_async_context/async_context_base.c.obj
                0x000000001000db0c                async_context_base_add_when_pending_worker
 .text.async_context_base_remove_when_pending_worker
                0x000000001000db30       0x28 CMakeFiles/PicoPiFi.dir/pico-sdk/src/rp2_common/pico_async_context/async_context_base.c.obj
                0x000000001000db30                async_context_base_remove_when_pending_worker
 .text.async_context_base_execute_once
                0x000000001000db58       0xe8 CMakeFiles/PicoPiFi.dir/pico-sdk/src/rp2_common/pico_async_context/async_context_base.c.obj
                0x000000001000db58                async_context_base_execute_once
 .text.async_context_base_needs_servicing
                0x000000001000dc40       0x54 CMakeFiles/PicoPiFi.dir/pico-sdk/src/rp2_common/pico_async_context/async_context_base.c.obj
                0x000000001000dc40                async_context_base_needs_servicing
 .text          0x000000001000dc94       0x18 /usr/lib/gcc/arm-none-eabi/10.3.1/../../../arm-none-eabi/lib/thumb/v6-m/nofp/libc.a(lib_a-calloc.o)
                0x000000001000dc94                calloc
 .text          0x000000001000dcac       0x5c /usr/lib/gcc/arm-none-eabi/10.3.1/../../../arm-none-eabi/lib/thumb/v6-m/nofp/libc.a(lib_a-callocr.o)
                0x000000001000dcac                _calloc_r
 .text          0x000000001000dd08       0x28 /usr/lib/gcc/arm-none-eabi/10.3.1/../../../arm-none-eabi/lib/thumb/v6-m/nofp/libc.a(lib_a-malloc.o)
                0x000000001000dd08                malloc
                0x000000001000dd1c                free
 .text          0x000000001000dd30      0x574 /usr/lib/gcc/arm-none-eabi/10.3.1/../../../arm-none-eabi/lib/thumb/v6-m/nofp/libc.a(lib_a-mallocr.o)
                0x000000001000dd30                _malloc_r
 .text          0x000000001000e2a4        0x8 /usr/lib/gcc/arm-none-eabi/10.3.1/../../../arm-none-eabi/lib/thumb/v6-m/nofp/libc.a(lib_a-mlock.o)
                0x000000001000e2a4                __malloc_lock
                0x000000001000e2a8                __malloc_unlock
 .text          0x000000001000e2ac      0x354 /usr/lib/gcc/arm-none-eabi/10.3.1/../../../arm-none-eabi/lib/thumb/v6-m/nofp/libc.a(lib_a-reallocr.o)
                0x000000001000e2ac                _realloc_r
 .text          0x000000001000e600       0x24 /usr/lib/gcc/arm-none-eabi/10.3.1/../../../arm-none-eabi/lib/thumb/v6-m/nofp/libc.a(lib_a-sbrkr.o)
                0x000000001000e600                _sbrk_r
 .text          0x000000001000e624       0xa0 /usr/lib/gcc/arm-none-eabi/10.3.1/../../../arm-none-eabi/lib/thumb/v6-m/nofp/libc.a(lib_a-sscanf.o)
                0x000000001000e624                sscanf
                0x000000001000e674                _sscanf_r
 .text          0x000000001000e6c4       0xa4 /usr/lib/gcc/arm-none-eabi/10.3.1/../../../arm-none-eabi/lib/thumb/v6-m/nofp/libc.a(lib_a-stdio.o)
                0x000000001000e6c4                __sread
                0x000000001000e6ec                __seofread
                0x000000001000e6f0                __swrite
                0x000000001000e730                __sseek
                0x000000001000e75c                __sclose
 .text          0x000000001000e768       0x5c /usr/lib/gcc/arm-none-eabi/10.3.1/../../../arm-none-eabi/lib/thumb/v6-m/nofp/libc.a(lib_a-strlen-stub.o)
                0x000000001000e768                strlen
 .text          0x000000001000e7c4       0x74 /usr/lib/gcc/arm-none-eabi/10.3.1/../../../arm-none-eabi/lib/thumb/v6-m/nofp/libc.a(lib_a-strncmp.o)
                0x000000001000e7c4                strncmp
 .text          0x000000001000e838      0x1b8 /usr/lib/gcc/arm-none-eabi/10.3.1/../../../arm-none-eabi/lib/thumb/v6-m/nofp/libc.a(lib_a-strtol.o)
                0x000000001000e97c                _strtol_r
                0x000000001000e998                strtol_l
                0x000000001000e9c4                strtol
 .text          0x000000001000e9f0      0xf70 /usr/lib/gcc/arm-none-eabi/10.3.1/../../../arm-none-eabi/lib/thumb/v6-m/nofp/libc.a(lib_a-svfscanf.o)
                0x000000001000e9f0                __ssvfscanf_r
 .text          0x000000001000f960       0x28 /usr/lib/gcc/arm-none-eabi/10.3.1/../../../arm-none-eabi/lib/thumb/v6-m/nofp/libc.a(lib_a-writer.o)
                0x000000001000f960                _write_r
 .text          0x000000001000f988       0x24 /usr/lib/gcc/arm-none-eabi/10.3.1/../../../arm-none-eabi/lib/thumb/v6-m/nofp/libc.a(lib_a-closer.o)
                0x000000001000f988                _close_r
 .text          0x000000001000f9ac        0xc /usr/lib/gcc/arm-none-eabi/10.3.1/../../../arm-none-eabi/lib/thumb/v6-m/nofp/libc.a(lib_a-errno.o)
                0x000000001000f9ac                __errno
 .text          0x000000001000f9b8      0x260 /usr/lib/gcc/arm-none-eabi/10.3.1/../../../arm-none-eabi/lib/thumb/v6-m/nofp/libc.a(lib_a-freer.o)
                0x000000001000f9b8                _malloc_trim_r
                0x000000001000fa54                _free_r
 .text          0x000000001000fc18        0xc /usr/lib/gcc/arm-none-eabi/10.3.1/../../../arm-none-eabi/lib/thumb/v6-m/nofp/libc.a(lib_a-iswspace.o)
                0x000000001000fc18                iswspace
 .text          0x000000001000fc24       0x18 /usr/lib/gcc/arm-none-eabi/10.3.1/../../../arm-none-eabi/lib/thumb/v6-m/nofp/libc.a(lib_a-iswspace_l.o)
                0x000000001000fc24                iswspace_l
 .text          0x000000001000fc3c       0x98 /usr/lib/gcc/arm-none-eabi/10.3.1/../../../arm-none-eabi/lib/thumb/v6-m/nofp/libc.a(lib_a-locale.o)
                0x000000001000fc3c                _setlocale_r
                0x000000001000fc80                __locale_mb_cur_max
                0x000000001000fc90                setlocale
 .text          0x000000001000fcd4       0x14 /usr/lib/gcc/arm-none-eabi/10.3.1/../../../arm-none-eabi/lib/thumb/v6-m/nofp/libc.a(lib_a-localeconv.o)
                0x000000001000fcd4                __localeconv_l
                0x000000001000fcd8                _localeconv_r
                0x000000001000fce0                localeconv
 .text          0x000000001000fce8       0x28 /usr/lib/gcc/arm-none-eabi/10.3.1/../../../arm-none-eabi/lib/thumb/v6-m/nofp/libc.a(lib_a-lseekr.o)
                0x000000001000fce8                _lseek_r
 .text          0x000000001000fd10       0x9c /usr/lib/gcc/arm-none-eabi/10.3.1/../../../arm-none-eabi/lib/thumb/v6-m/nofp/libc.a(lib_a-mbrtowc.o)
                0x000000001000fd10                _mbrtowc_r
                0x000000001000fd5c                mbrtowc
 .text          0x000000001000fdac       0x44 /usr/lib/gcc/arm-none-eabi/10.3.1/../../../arm-none-eabi/lib/thumb/v6-m/nofp/libc.a(lib_a-mbtowc_r.o)
                0x000000001000fdac                _mbtowc_r
                0x000000001000fdc4                __ascii_mbtowc
 .text          0x000000001000fdf0       0x28 /usr/lib/gcc/arm-none-eabi/10.3.1/../../../arm-none-eabi/lib/thumb/v6-m/nofp/libc.a(lib_a-readr.o)
                0x000000001000fdf0                _read_r
 .text          0x000000001000fe18       0x80 /usr/lib/gcc/arm-none-eabi/10.3.1/../../../arm-none-eabi/lib/thumb/v6-m/nofp/libc.a(lib_a-sccl.o)
                0x000000001000fe18                __sccl
 .text          0x000000001000fe98        0x8 /usr/lib/gcc/arm-none-eabi/10.3.1/../../../arm-none-eabi/lib/thumb/v6-m/nofp/libc.a(lib_a-sf_nan.o)
                0x000000001000fe98                nanf
 .text          0x000000001000fea0       0x88 /usr/lib/gcc/arm-none-eabi/10.3.1/../../../arm-none-eabi/lib/thumb/v6-m/nofp/libc.a(lib_a-strcmp.o)
                0x000000001000fea0                strcmp
 .text          0x000000001000ff28     0x1128 /usr/lib/gcc/arm-none-eabi/10.3.1/../../../arm-none-eabi/lib/thumb/v6-m/nofp/libc.a(lib_a-strtod.o)
                0x000000001000ff28                _strtod_l
                0x0000000010010ea8                _strtod_r
                0x0000000010010eb8                strtod_l
                0x0000000010010ed0                strtod
                0x0000000010010eec                strtof_l
                0x0000000010010f9c                strtof
 .text          0x0000000010011050      0x1d0 /usr/lib/gcc/arm-none-eabi/10.3.1/../../../arm-none-eabi/lib/thumb/v6-m/nofp/libc.a(lib_a-strtoll.o)
                0x00000000100111e8                _strtoll_r
                0x00000000100111f0                strtoll_l
                0x0000000010011208                strtoll
 .text          0x0000000010011220      0x180 /usr/lib/gcc/arm-none-eabi/10.3.1/../../../arm-none-eabi/lib/thumb/v6-m/nofp/libc.a(lib_a-strtoul.o)
                0x0000000010011368                _strtoul_r
                0x0000000010011370                strtoul_l
                0x0000000010011388                strtoul
 .text          0x00000000100113a0      0x1f4 /usr/lib/gcc/arm-none-eabi/10.3.1/../../../arm-none-eabi/lib/thumb/v6-m/nofp/libc.a(lib_a-strtoull.o)
                0x000000001001155c                _strtoull_r
                0x0000000010011564                strtoull_l
                0x000000001001157c                strtoull
 .text          0x0000000010011594      0xf10 /usr/lib/gcc/arm-none-eabi/10.3.1/../../../arm-none-eabi/lib/thumb/v6-m/nofp/libc.a(lib_a-svfiscanf.o)
                0x0000000010011594                _sungetc_r
                0x0000000010011618                __ssrefill_r
                0x0000000010011658                _sfread_r
                0x000000001001171c                __ssvfiscanf_r
 .text          0x00000000100124a4      0x188 /usr/lib/gcc/arm-none-eabi/10.3.1/../../../arm-none-eabi/lib/thumb/v6-m/nofp/libc.a(lib_a-ungetc.o)
                0x00000000100124a4                __submore
                0x0000000010012528                _ungetc_r
                0x0000000010012614                ungetc
 .text          0x000000001001262c       0x2c /usr/lib/gcc/arm-none-eabi/10.3.1/../../../arm-none-eabi/lib/thumb/v6-m/nofp/libc.a(lib_a-wctomb_r.o)
                0x000000001001262c                _wctomb_r
                0x000000001001263c                __ascii_wctomb
 .text          0x0000000010012658      0x1c0 /usr/lib/gcc/arm-none-eabi/10.3.1/../../../arm-none-eabi/lib/thumb/v6-m/nofp/libc.a(lib_a-fflush.o)
                0x0000000010012658                __sflush_r
                0x0000000010012798                _fflush_r
                0x00000000100127c4                fflush
 .text          0x0000000010012818      0x248 /usr/lib/gcc/arm-none-eabi/10.3.1/../../../arm-none-eabi/lib/thumb/v6-m/nofp/libc.a(lib_a-findfp.o)
                0x000000001001281c                _cleanup_r
                0x0000000010012918                __sfmoreglue
                0x0000000010012948                __sfp
                0x00000000100129f8                _cleanup
                0x0000000010012a10                __sinit
                0x0000000010012a20                __sfp_lock_acquire
                0x0000000010012a24                __sfp_lock_release
                0x0000000010012a28                __sinit_lock_acquire
                0x0000000010012a2c                __sinit_lock_release
                0x0000000010012a30                __fp_lock_all
                0x0000000010012a48                __fp_unlock_all
 .text          0x0000000010012a60       0x88 /usr/lib/gcc/arm-none-eabi/10.3.1/../../../arm-none-eabi/lib/thumb/v6-m/nofp/libc.a(lib_a-fwalk.o)
                0x0000000010012a60                _fwalk
                0x0000000010012aa0                _fwalk_reent
 .text          0x0000000010012ae8      0x670 /usr/lib/gcc/arm-none-eabi/10.3.1/../../../arm-none-eabi/lib/thumb/v6-m/nofp/libc.a(lib_a-gdtoa-gethex.o)
                0x0000000010012b8c                __gethex
 .text          0x0000000010013158      0x1fc /usr/lib/gcc/arm-none-eabi/10.3.1/../../../arm-none-eabi/lib/thumb/v6-m/nofp/libc.a(lib_a-gdtoa-hexnan.o)
                0x0000000010013158                __match
                0x0000000010013184                __hexnan
 .text          0x0000000010013354      0xafc /usr/lib/gcc/arm-none-eabi/10.3.1/../../../arm-none-eabi/lib/thumb/v6-m/nofp/libc.a(lib_a-mprec.o)
                0x0000000010013354                _Balloc
                0x00000000100133a4                _Bfree
                0x00000000100133b8                __multadd
                0x0000000010013460                __s2b
                0x0000000010013510                __hi0bits
                0x0000000010013548                __lo0bits
                0x00000000100135a4                __i2b
                0x0000000010013604                __multiply
                0x00000000100137a8                __pow5mult
                0x0000000010013880                __lshift
                0x000000001001397c                __mcmp
                0x00000000100139b0                __mdiff
                0x0000000010013b3c                __ulp
                0x0000000010013b84                __b2d
                0x0000000010013c4c                __d2b
                0x0000000010013d24                __ratio
                0x0000000010013d8c                _mprec_log10
                0x0000000010013dc0                __copybits
                0x0000000010013e00                __any_on
 .text          0x0000000010013e50        0xc /usr/lib/gcc/arm-none-eabi/10.3.1/../../../arm-none-eabi/lib/thumb/v6-m/nofp/libc.a(lib_a-s_nan.o)
                0x0000000010013e50                nan
 .text          0x0000000010013e5c       0xe8 /usr/lib/gcc/arm-none-eabi/10.3.1/../../../arm-none-eabi/lib/thumb/v6-m/nofp/libc.a(lib_a-fclose.o)
                0x0000000010013ecc                _fclose_r
                0x0000000010013f04                fclose
 *(.fini)
 .fini          0x0000000010013f44        0x4 /usr/lib/gcc/arm-none-eabi/10.3.1/thumb/v6-m/nofp/crti.o
                0x0000000010013f44                _fini
 .fini.__stub   0x0000000010013f48      0x110 linker stubs
 *crtbegin.o(.ctors)
 *crtbegin?.o(.ctors)
 *(EXCLUDE_FILE(*crtend.o *crtend?.o) .ctors)
 *(SORT_BY_NAME(.ctors.*))
 *(.ctors)
 *crtbegin.o(.dtors)
 *crtbegin?.o(.dtors)
 *(EXCLUDE_FILE(*crtend.o *crtend?.o) .dtors)
 *(SORT_BY_NAME(.dtors.*))
 *(.dtors)
 *(.eh_frame*)
 .eh_frame      0x0000000010014058        0x0 /usr/lib/gcc/arm-none-eabi/10.3.1/thumb/v6-m/nofp/crtbegin.o
                0x0000000010014058                . = ALIGN (0x4)

.glue_7         0x0000000010014058        0x0
 .glue_7        0x0000000010014058        0x0 linker stubs

.glue_7t        0x0000000010014058        0x0
 .glue_7t       0x0000000010014058        0x0 linker stubs

.vfp11_veneer   0x0000000010014058        0x0
 .vfp11_veneer  0x0000000010014058        0x0 linker stubs

.v4_bx          0x0000000010014058        0x0
 .v4_bx         0x0000000010014058        0x0 linker stubs

.iplt           0x0000000010014058        0x0
 .iplt          0x0000000010014058        0x0 /usr/lib/gcc/arm-none-eabi/10.3.1/thumb/v6-m/nofp/crtbegin.o

.rodata         0x0000000010014058    0x393a8
 *(EXCLUDE_FILE(*libm.a: *libc.a:*lib_a-mem*.o *libgcc.a:) .rodata*)
 .rodata.core1.str1.4
                0x0000000010014058       0x21 CMakeFiles/PicoPiFi.dir/src/main.c.obj
 *fill*         0x0000000010014079        0x3 
 .rodata.scan_result.str1.4
                0x000000001001407c       0x53 CMakeFiles/PicoPiFi.dir/src/main.c.obj
 *fill*         0x00000000100140cf        0x1 
 .rodata.main.str1.4
                0x00000000100140d0       0x32 CMakeFiles/PicoPiFi.dir/src/main.c.obj
 *fill*         0x0000000010014102        0x2 
 .rodata        0x0000000010014104        0x8 CMakeFiles/PicoPiFi.dir/src/main.c.obj
 .rodata.cdc_descriptor
                0x000000001001410c      0x19a CMakeFiles/PicoPiFi.dir/src/cdc_rndis_device.c.obj
 *fill*         0x00000000100142a6        0x2 
 .rodata.rp2040_usb_config_ep.str1.4
                0x00000000100142a8       0xa5 CMakeFiles/PicoPiFi.dir/CherryUSB/port/rp2040/usb_dc_rp2040.c.obj
 *fill*         0x000000001001434d        0x3 
 .rodata.isr_irq5.str1.4
                0x0000000010014350       0x14 CMakeFiles/PicoPiFi.dir/CherryUSB/port/rp2040/usb_dc_rp2040.c.obj
 .rodata.cdc_acm_class_interface_request_handler.str1.4
                0x0000000010014364       0x26 CMakeFiles/PicoPiFi.dir/CherryUSB/class/cdc/usbd_cdc.c.obj
                                         0x3d (size before relaxing)
 *fill*         0x000000001001438a        0x2 
 .rodata.rndis_class_interface_request_handler.str1.4
                0x000000001001438c       0x88 CMakeFiles/PicoPiFi.dir/src/usbd_rndis.c.obj
                                         0xa0 (size before relaxing)
 .rodata.rndis_class_interface_request_handler
                0x0000000010014414       0x8c CMakeFiles/PicoPiFi.dir/src/usbd_rndis.c.obj
 .rodata.oid_supported_list
                0x00000000100144a0       0x74 CMakeFiles/PicoPiFi.dir/src/usbd_rndis.c.obj
                0x00000000100144a0                oid_supported_list
 .rodata.usbd_setup_request_handler.str1.4
                0x0000000010014514      0x120 CMakeFiles/PicoPiFi.dir/CherryUSB/core/usbd_core.c.obj
                                        0x148 (size before relaxing)
 .rodata.usbd_setup_request_handler
                0x0000000010014634       0x28 CMakeFiles/PicoPiFi.dir/CherryUSB/core/usbd_core.c.obj