Archive member included to satisfy reference by file (symbol)

/usr/lib/gcc/arm-none-eabi/10.3.1/thumb/v6-m/nofp/libgcc.a(_dvmd_tls.o)
                              CMakeFiles/pico_webserver.dir/pico-sdk/src/rp2_common/pico_divider/divider.S.obj (__aeabi_idiv0)
/usr/lib/gcc/arm-none-eabi/10.3.1/../../../arm-none-eabi/lib/thumb/v6-m/nofp/libc.a(lib_a-atexit.o)
                              /usr/lib/gcc/arm-none-eabi/10.3.1/../../../arm-none-eabi/lib/thumb/v6-m/nofp/crt0.o (atexit)
/usr/lib/gcc/arm-none-eabi/10.3.1/../../../arm-none-eabi/lib/thumb/v6-m/nofp/libc.a(lib_a-atoi.o)
                              CMakeFiles/pico_webserver.dir/pico-sdk/lib/lwip/src/core/netif.c.obj (atoi)
/usr/lib/gcc/arm-none-eabi/10.3.1/../../../arm-none-eabi/lib/thumb/v6-m/nofp/libc.a(lib_a-calloc.o)
                              CMakeFiles/pico_webserver.dir/pico-sdk/src/rp2_common/pico_malloc/pico_malloc.c.obj (calloc)
/usr/lib/gcc/arm-none-eabi/10.3.1/../../../arm-none-eabi/lib/thumb/v6-m/nofp/libc.a(lib_a-callocr.o)
                              /usr/lib/gcc/arm-none-eabi/10.3.1/../../../arm-none-eabi/lib/thumb/v6-m/nofp/libc.a(lib_a-calloc.o) (_calloc_r)
/usr/lib/gcc/arm-none-eabi/10.3.1/../../../arm-none-eabi/lib/thumb/v6-m/nofp/libc.a(lib_a-ctype_.o)
                              CMakeFiles/pico_webserver.dir/pico-sdk/lib/lwip/src/core/ipv4/ip4_addr.c.obj (_ctype_)
/usr/lib/gcc/arm-none-eabi/10.3.1/../../../arm-none-eabi/lib/thumb/v6-m/nofp/libc.a(lib_a-fini.o)
                              /usr/lib/gcc/arm-none-eabi/10.3.1/../../../arm-none-eabi/lib/thumb/v6-m/nofp/crt0.o (__libc_fini_array)
/usr/lib/gcc/arm-none-eabi/10.3.1/../../../arm-none-eabi/lib/thumb/v6-m/nofp/libc.a(lib_a-impure.o)
                              /usr/lib/gcc/arm-none-eabi/10.3.1/../../../arm-none-eabi/lib/thumb/v6-m/nofp/libc.a(lib_a-calloc.o) (_impure_ptr)
/usr/lib/gcc/arm-none-eabi/10.3.1/../../../arm-none-eabi/lib/thumb/v6-m/nofp/libc.a(lib_a-init.o)
                              /usr/lib/gcc/arm-none-eabi/10.3.1/../../../arm-none-eabi/lib/thumb/v6-m/nofp/crt0.o (__libc_init_array)
/usr/lib/gcc/arm-none-eabi/10.3.1/../../../arm-none-eabi/lib/thumb/v6-m/nofp/libc.a(lib_a-malloc.o)
                              CMakeFiles/pico_webserver.dir/pico-sdk/src/rp2_common/pico_malloc/pico_malloc.c.obj (malloc)
/usr/lib/gcc/arm-none-eabi/10.3.1/../../../arm-none-eabi/lib/thumb/v6-m/nofp/libc.a(lib_a-mallocr.o)
                              /usr/lib/gcc/arm-none-eabi/10.3.1/../../../arm-none-eabi/lib/thumb/v6-m/nofp/libc.a(lib_a-callocr.o) (_malloc_r)
/usr/lib/gcc/arm-none-eabi/10.3.1/../../../arm-none-eabi/lib/thumb/v6-m/nofp/libc.a(lib_a-memcmp.o)
                              CMakeFiles/pico_webserver.dir/pico-sdk/lib/tinyusb/lib/networking/dhserver.c.obj (memcmp)
/usr/lib/gcc/arm-none-eabi/10.3.1/../../../arm-none-eabi/lib/thumb/v6-m/nofp/libc.a(lib_a-memmove.o)
                              CMakeFiles/pico_webserver.dir/pico-sdk/lib/cyw43-driver/src/cyw43_ll.c.obj (memmove)
/usr/lib/gcc/arm-none-eabi/10.3.1/../../../arm-none-eabi/lib/thumb/v6-m/nofp/libc.a(lib_a-mlock.o)
                              /usr/lib/gcc/arm-none-eabi/10.3.1/../../../arm-none-eabi/lib/thumb/v6-m/nofp/libc.a(lib_a-mallocr.o) (__malloc_lock)
/usr/lib/gcc/arm-none-eabi/10.3.1/../../../arm-none-eabi/lib/thumb/v6-m/nofp/libc.a(lib_a-realloc.o)
                              CMakeFiles/pico_webserver.dir/pico-sdk/src/rp2_common/pico_malloc/pico_malloc.c.obj (realloc)
/usr/lib/gcc/arm-none-eabi/10.3.1/../../../arm-none-eabi/lib/thumb/v6-m/nofp/libc.a(lib_a-reallocr.o)
                              /usr/lib/gcc/arm-none-eabi/10.3.1/../../../arm-none-eabi/lib/thumb/v6-m/nofp/libc.a(lib_a-realloc.o) (_realloc_r)
/usr/lib/gcc/arm-none-eabi/10.3.1/../../../arm-none-eabi/lib/thumb/v6-m/nofp/libc.a(lib_a-sbrkr.o)
                              /usr/lib/gcc/arm-none-eabi/10.3.1/../../../arm-none-eabi/lib/thumb/v6-m/nofp/libc.a(lib_a-mallocr.o) (_sbrk_r)
/usr/lib/gcc/arm-none-eabi/10.3.1/../../../arm-none-eabi/lib/thumb/v6-m/nofp/libc.a(lib_a-strcat.o)
                              CMakeFiles/pico_webserver.dir/wifi_code.c.obj (strcat)
/usr/lib/gcc/arm-none-eabi/10.3.1/../../../arm-none-eabi/lib/thumb/v6-m/nofp/libc.a(lib_a-strchr.o)
                              CMakeFiles/pico_webserver.dir/pico-sdk/lib/lwip/src/apps/http/httpd.c.obj (strchr)
/usr/lib/gcc/arm-none-eabi/10.3.1/../../../arm-none-eabi/lib/thumb/v6-m/nofp/libc.a(lib_a-strcmp.o)
                              CMakeFiles/pico_webserver.dir/cgi.cpp.obj (strcmp)
/usr/lib/gcc/arm-none-eabi/10.3.1/../../../arm-none-eabi/lib/thumb/v6-m/nofp/libc.a(lib_a-strcpy.o)
                              CMakeFiles/pico_webserver.dir/cgi.cpp.obj (strcpy)
/usr/lib/gcc/arm-none-eabi/10.3.1/../../../arm-none-eabi/lib/thumb/v6-m/nofp/libc.a(lib_a-strlen-stub.o)
                              CMakeFiles/pico_webserver.dir/usb_descriptors.c.obj (strlen)
/usr/lib/gcc/arm-none-eabi/10.3.1/../../../arm-none-eabi/lib/thumb/v6-m/nofp/libc.a(lib_a-strncmp.o)
[...]
Memory Configuration

Name             Origin             Length             Attributes
FLASH            0x0000000010000000 0x0000000000200000 xr
RAM              0x0000000020000000 0x0000000000040000 xrw
SCRATCH_X        0x0000000020040000 0x0000000000001000 xrw
SCRATCH_Y        0x0000000020041000 0x0000000000001000 xrw
*default*        0x0000000000000000 0xffffffffffffffff

Linker script and memory map

LOAD /usr/lib/gcc/arm-none-eabi/10.3.1/thumb/v6-m/nofp/crti.o
LOAD /usr/lib/gcc/arm-none-eabi/10.3.1/thumb/v6-m/nofp/crtbegin.o
LOAD /usr/lib/gcc/arm-none-eabi/10.3.1/../../../arm-none-eabi/lib/thumb/v6-m/nofp/crt0.o

.flash_begin    0x0000000010000000        0x0
                0x0000000010000000                __flash_binary_start = .

.boot2          0x0000000010000000      0x100
                0x0000000010000000                __boot2_start__ = .
 *(.boot2)
 .boot2         0x0000000010000000      0x100 /tmp/ccFRCrdG.o
                0x0000000010000100                __boot2_end__ = .
                0x0000000000000001                ASSERT (((__boot2_end__ - __boot2_start__) == 0x100), ERROR: Pico second stage bootloader must be 256 bytes in size)

.text           0x0000000010000100    0x18e38
                0x0000000010000100                __logical_binary_start = .
 *(.vectors)
 .vectors       0x0000000010000100       0xd4 CMakeFiles/pico_webserver.dir/pico-sdk/src/rp2_common/pico_standard_link/crt0.S.obj
                0x0000000010000100                __vectors
                0x0000000010000100                __VECTOR_TABLE
                0x00000000100001c0                isr_invalid
                0x00000000100001c0                __default_isrs_start
                0x00000000100001c2                isr_nmi
                0x00000000100001c4                isr_hardfault
                0x00000000100001c6                isr_svcall
                0x00000000100001c8                isr_pendsv
                0x00000000100001ca                isr_systick
                0x00000000100001cc                isr_irq30
                0x00000000100001cc                __unhandled_user_irq
                0x00000000100001cc                isr_irq13
                0x00000000100001cc                isr_irq27
                0x00000000100001cc                isr_irq31
                0x00000000100001cc                isr_irq5
                0x00000000100001cc                isr_irq11
                0x00000000100001cc                isr_irq23
                0x00000000100001cc                isr_irq18
                0x00000000100001cc                isr_irq28
                0x00000000100001cc                isr_irq19
                0x00000000100001cc                isr_irq0
                0x00000000100001cc                isr_irq6
                0x00000000100001cc                isr_irq22
                0x00000000100001cc                isr_irq17
                0x00000000100001cc                isr_irq14
                0x00000000100001cc                isr_irq2
                0x00000000100001cc                isr_irq10
                0x00000000100001cc                isr_irq8
                0x00000000100001cc                isr_irq24
                0x00000000100001cc                isr_irq1
                0x00000000100001cc                isr_irq7
                0x00000000100001cc                isr_irq21
                0x00000000100001cc                isr_irq20
                0x00000000100001cc                isr_irq15
                0x00000000100001cc                isr_irq25
                0x00000000100001cc                isr_irq4
                0x00000000100001cc                isr_irq16
                0x00000000100001cc                isr_irq29
                0x00000000100001cc                isr_irq26
                0x00000000100001cc                __default_isrs_end
                0x00000000100001cc                isr_irq3
                0x00000000100001cc                isr_irq12
                0x00000000100001cc                isr_irq9
                0x00000000100001d2                unhandled_user_irq_num_in_r0
 *(.binary_info_header)
 .binary_info_header
                0x00000000100001d4       0x14 CMakeFiles/pico_webserver.dir/pico-sdk/src/rp2_common/pico_standard_link/crt0.S.obj
                0x00000000100001e8                __binary_info_header_end = .
 *(.reset)
 .reset         0x00000000100001e8       0xa0 CMakeFiles/pico_webserver.dir/pico-sdk/src/rp2_common/pico_standard_link/crt0.S.obj
                0x00000000100001e8                _entry_point
 .reset         0x0000000010000288       0x30 CMakeFiles/pico_webserver.dir/pico-sdk/src/rp2_common/pico_standard_link/binary_info.c.obj
 *(.init)
 .init          0x00000000100002b8        0x4 /usr/lib/gcc/arm-none-eabi/10.3.1/thumb/v6-m/nofp/crti.o
                0x00000000100002b8                _init
 *(EXCLUDE_FILE(*libm.a: *libc.a:*lib_a-mem*.o *libgcc.a:) .text*)
 .text          0x00000000100002bc       0x98 /usr/lib/gcc/arm-none-eabi/10.3.1/thumb/v6-m/nofp/crtbegin.o
 .text.startup.main
                0x0000000010000354       0x98 CMakeFiles/pico_webserver.dir/webserver.c.obj
                0x0000000010000354                main
 .text.netif_init_cb
                0x00000000100003ec       0x30 CMakeFiles/pico_webserver.dir/tusb_lwip_glue.c.obj
 .text.output_fn
                0x000000001000041c        0x8 CMakeFiles/pico_webserver.dir/tusb_lwip_glue.c.obj
 .text.linkoutput_fn
                0x0000000010000424       0x3c CMakeFiles/pico_webserver.dir/tusb_lwip_glue.c.obj
 .text.init_lwip
                0x0000000010000460       0x5c CMakeFiles/pico_webserver.dir/tusb_lwip_glue.c.obj
                0x0000000010000460                init_lwip
 .text.tud_network_init_cb
                0x00000000100004bc       0x18 CMakeFiles/pico_webserver.dir/tusb_lwip_glue.c.obj
                0x00000000100004bc                tud_network_init_cb
 .text.tud_network_recv_cb
                0x00000000100004d4       0x3c CMakeFiles/pico_webserver.dir/tusb_lwip_glue.c.obj
                0x00000000100004d4                tud_network_recv_cb
 .text.tud_network_xmit_cb
                0x0000000010000510       0x30 CMakeFiles/pico_webserver.dir/tusb_lwip_glue.c.obj
                0x0000000010000510                tud_network_xmit_cb
 .text.service_traffic
                0x0000000010000540       0x40 CMakeFiles/pico_webserver.dir/tusb_lwip_glue.c.obj
                0x0000000010000540                service_traffic
 .text.dhcpd_init
                0x0000000010000580       0x14 CMakeFiles/pico_webserver.dir/tusb_lwip_glue.c.obj
                0x0000000010000580                dhcpd_init
 .text.wait_for_netif_is_up
                0x0000000010000594       0x14 CMakeFiles/pico_webserver.dir/tusb_lwip_glue.c.obj
                0x0000000010000594                wait_for_netif_is_up
 .text.sys_arch_protect
                0x00000000100005a8        0x4 CMakeFiles/pico_webserver.dir/tusb_lwip_glue.c.obj
                0x00000000100005a8                sys_arch_protect
 .text.sys_arch_unprotect
                0x00000000100005ac        0x4 CMakeFiles/pico_webserver.dir/tusb_lwip_glue.c.obj
                0x00000000100005ac                sys_arch_unprotect
 .text.sys_now  0x00000000100005b0       0x20 CMakeFiles/pico_webserver.dir/tusb_lwip_glue.c.obj
                0x00000000100005b0                sys_now
 .text.tud_descriptor_device_cb
                0x00000000100005d0        0x8 CMakeFiles/pico_webserver.dir/usb_descriptors.c.obj
                0x00000000100005d0                tud_descriptor_device_cb
 .text.tud_descriptor_configuration_cb
                0x00000000100005d8       0x14 CMakeFiles/pico_webserver.dir/usb_descriptors.c.obj
                0x00000000100005d8                tud_descriptor_configuration_cb
 .text.tud_descriptor_string_cb
                0x00000000100005ec      0x17c CMakeFiles/pico_webserver.dir/usb_descriptors.c.obj
                0x00000000100005ec                tud_descriptor_string_cb
 .text.fill_options
                0x0000000010000768       0xdc CMakeFiles/pico_webserver.dir/pico-sdk/lib/tinyusb/lib/networking/dhserver.c.obj
                0x0000000010000768                fill_options
 .text.udp_recv_proc
                0x0000000010000844      0x2e4 CMakeFiles/pico_webserver.dir/pico-sdk/lib/tinyusb/lib/networking/dhserver.c.obj
 .text.dhserv_init
                0x0000000010000b28       0x64 CMakeFiles/pico_webserver.dir/pico-sdk/lib/tinyusb/lib/networking/dhserver.c.obj
                0x0000000010000b28                dhserv_init
 .text.rndis_class_set_handler
                0x0000000010000b8c      0x2d4 CMakeFiles/pico_webserver.dir/pico-sdk/lib/tinyusb/lib/networking/rndis_reports.c.obj
                0x0000000010000b8c                rndis_class_set_handler
 .text._Z11scan_resultPvPK23_cyw43_ev_scan_result_t
                0x0000000010000e60       0x4c CMakeFiles/pico_webserver.dir/ssi.cpp.obj
                0x0000000010000e60                scan_result(void*, _cyw43_ev_scan_result_t const*)
 .text.ssi_init
                0x0000000010000eac       0x18 CMakeFiles/pico_webserver.dir/ssi.cpp.obj
                0x0000000010000eac                ssi_init
 .text.cgi_handler_basic
                0x0000000010000ec4      0x11c CMakeFiles/pico_webserver.dir/cgi.cpp.obj
                0x0000000010000ec4                cgi_handler_basic
 .text.cgi_handler_extended
                0x0000000010000fe0      0x11c CMakeFiles/pico_webserver.dir/cgi.cpp.obj
                0x0000000010000fe0                cgi_handler_extended
 .text.wifi_cred_set
                0x00000000100010fc       0xa4 CMakeFiles/pico_webserver.dir/cgi.cpp.obj
                0x00000000100010fc                wifi_cred_set
 .text.cgi_toggle_led
                0x00000000100011a0       0x20 CMakeFiles/pico_webserver.dir/cgi.cpp.obj
 .text.cgi_reset_usb_boot
                0x00000000100011c0       0x14 CMakeFiles/pico_webserver.dir/cgi.cpp.obj
 .text.cgi_init
                0x00000000100011d4       0x2c CMakeFiles/pico_webserver.dir/cgi.cpp.obj
                0x00000000100011d4                cgi_init
 .text.cyw43_cb_tcpip_set_link_up
                0x0000000010001200       0x18 CMakeFiles/pico_webserver.dir/wifi_code.c.obj
                0x0000000010001200                cyw43_cb_tcpip_set_link_up
 .text.cyw43_cb_tcpip_set_link_down
                0x0000000010001218       0x18 CMakeFiles/pico_webserver.dir/wifi_code.c.obj
                0x0000000010001218                cyw43_cb_tcpip_set_link_down
 .text.cyw43_cb_process_ethernet
                0x0000000010001230       0x5c CMakeFiles/pico_webserver.dir/wifi_code.c.obj
                0x0000000010001230                cyw43_cb_process_ethernet
 .text.core1_entry
                0x000000001000128c       0xd4 CMakeFiles/pico_webserver.dir/wifi_code.c.obj
                0x000000001000128c                core1_entry
 .text.set_sys_clock_pll
                0x0000000010001360       0x78 CMakeFiles/pico_webserver.dir/pico-sdk/src/rp2_common/pico_stdlib/stdlib.c.obj
                0x0000000010001360                set_sys_clock_pll
 .text.check_sys_clock_khz
                0x00000000100013d8      0x17c CMakeFiles/pico_webserver.dir/pico-sdk/src/rp2_common/pico_stdlib/stdlib.c.obj
                0x00000000100013d8                check_sys_clock_khz
 .text.gpio_set_function
                0x0000000010001554       0x30 CMakeFiles/pico_webserver.dir/pico-sdk/src/rp2_common/hardware_gpio/gpio.c.obj
                0x0000000010001554                gpio_set_function
 .text.gpio_set_pulls
                0x0000000010001584       0x30 CMakeFiles/pico_webserver.dir/pico-sdk/src/rp2_common/hardware_gpio/gpio.c.obj
                0x0000000010001584                gpio_set_pulls
 .text.gpio_set_input_hysteresis_enabled
                0x00000000100015b4       0x28 CMakeFiles/pico_webserver.dir/pico-sdk/src/rp2_common/hardware_gpio/gpio.c.obj
                0x00000000100015b4                gpio_set_input_hysteresis_enabled
 .text.gpio_set_irq_enabled
                0x00000000100015dc       0x54 CMakeFiles/pico_webserver.dir/pico-sdk/src/rp2_common/hardware_gpio/gpio.c.obj
                0x00000000100015dc                gpio_set_irq_enabled
 .text.gpio_add_raw_irq_handler_with_order_priority_masked
                0x0000000010001630       0x44 CMakeFiles/pico_webserver.dir/pico-sdk/src/rp2_common/hardware_gpio/gpio.c.obj
                0x0000000010001630                gpio_add_raw_irq_handler_with_order_priority_masked
 .text.gpio_remove_raw_irq_handler_masked
                0x0000000010001674       0x20 CMakeFiles/pico_webserver.dir/pico-sdk/src/rp2_common/hardware_gpio/gpio.c.obj
                0x0000000010001674                gpio_remove_raw_irq_handler_masked
 .text.gpio_init
                0x0000000010001694       0x3c CMakeFiles/pico_webserver.dir/pico-sdk/src/rp2_common/hardware_gpio/gpio.c.obj
                0x0000000010001694                gpio_init
 .text.running_on_fpga
                0x00000000100016d0       0x10 CMakeFiles/pico_webserver.dir/pico-sdk/src/rp2_common/pico_platform/platform.c.obj
                0x00000000100016d0                running_on_fpga
 .text.hw_claim_lock
                0x00000000100016e0       0x18 CMakeFiles/pico_webserver.dir/pico-sdk/src/rp2_common/hardware_claim/claim.c.obj
                0x00000000100016e0                hw_claim_lock
 .text.hw_claim_unlock
                0x00000000100016f8       0x14 CMakeFiles/pico_webserver.dir/pico-sdk/src/rp2_common/hardware_claim/claim.c.obj
                0x00000000100016f8                hw_claim_unlock
 .text.hw_claim_or_assert
                0x000000001000170c       0x44 CMakeFiles/pico_webserver.dir/pico-sdk/src/rp2_common/hardware_claim/claim.c.obj
                0x000000001000170c                hw_claim_or_assert
 .text.hw_claim_unused_from_range
                0x0000000010001750       0x9c CMakeFiles/pico_webserver.dir/pico-sdk/src/rp2_common/hardware_claim/claim.c.obj
                0x0000000010001750                hw_claim_unused_from_range
 .text.hw_claim_clear
                0x00000000100017ec       0x38 CMakeFiles/pico_webserver.dir/pico-sdk/src/rp2_common/hardware_claim/claim.c.obj
                0x00000000100017ec                hw_claim_clear
 .text.spin_locks_reset
                0x0000000010001824       0x1c CMakeFiles/pico_webserver.dir/pico-sdk/src/rp2_common/hardware_sync/sync.c.obj
                0x0000000010001824                spin_locks_reset
 .text.next_striped_spin_lock_num
                0x0000000010001840       0x18 CMakeFiles/pico_webserver.dir/pico-sdk/src/rp2_common/hardware_sync/sync.c.obj
                0x0000000010001840                next_striped_spin_lock_num
 .text.spin_lock_claim_unused
                0x0000000010001858       0x20 CMakeFiles/pico_webserver.dir/pico-sdk/src/rp2_common/hardware_sync/sync.c.obj
                0x0000000010001858                spin_lock_claim_unused
 .text.irq_set_enabled
                0x0000000010001878       0x24 CMakeFiles/pico_webserver.dir/pico-sdk/src/rp2_common/hardware_irq/irq.c.obj
                0x0000000010001878                irq_set_enabled
 .text.irq_is_enabled
                0x000000001000189c       0x18 CMakeFiles/pico_webserver.dir/pico-sdk/src/rp2_common/hardware_irq/irq.c.obj
                0x000000001000189c                irq_is_enabled
 .text.irq_set_pending
                0x00000000100018b4       0x10 CMakeFiles/pico_webserver.dir/pico-sdk/src/rp2_common/hardware_irq/irq.c.obj
                0x00000000100018b4                irq_set_pending
 .text.irq_get_vtable_handler
                0x00000000100018c4       0x10 CMakeFiles/pico_webserver.dir/pico-sdk/src/rp2_common/hardware_irq/irq.c.obj
                0x00000000100018c4                irq_get_vtable_handler
 .text.irq_set_exclusive_handler
                0x00000000100018d4       0x54 CMakeFiles/pico_webserver.dir/pico-sdk/src/rp2_common/hardware_irq/irq.c.obj
                0x00000000100018d4                irq_set_exclusive_handler
 .text.irq_add_shared_handler
                0x0000000010001928      0x1e8 CMakeFiles/pico_webserver.dir/pico-sdk/src/rp2_common/hardware_irq/irq.c.obj
                0x0000000010001928                irq_add_shared_handler
 .text.irq_remove_handler
                0x0000000010001b10      0x1b0 CMakeFiles/pico_webserver.dir/pico-sdk/src/rp2_common/hardware_irq/irq.c.obj
                0x0000000010001b10                irq_remove_handler
 .text.irq_set_priority
                0x0000000010001cc0       0x28 CMakeFiles/pico_webserver.dir/pico-sdk/src/rp2_common/hardware_irq/irq.c.obj
                0x0000000010001cc0                irq_set_priority
 .text.irq_add_tail_to_free_list
                0x0000000010001ce8       0xb4 CMakeFiles/pico_webserver.dir/pico-sdk/src/rp2_common/hardware_irq/irq.c.obj
                0x0000000010001ce8                irq_add_tail_to_free_list
 .text.irq_init_priorities
                0x0000000010001d9c       0x24 CMakeFiles/pico_webserver.dir/pico-sdk/src/rp2_common/hardware_irq/irq.c.obj
                0x0000000010001d9c                irq_init_priorities
 .text.user_irq_unclaim
                0x0000000010001dc0       0x14 CMakeFiles/pico_webserver.dir/pico-sdk/src/rp2_common/hardware_irq/irq.c.obj
                0x0000000010001dc0                user_irq_unclaim
 .text.user_irq_claim_unused
                0x0000000010001dd4       0x28 CMakeFiles/pico_webserver.dir/pico-sdk/src/rp2_common/hardware_irq/irq.c.obj
                0x0000000010001dd4                user_irq_claim_unused
 .text.sem_init
                0x0000000010001dfc       0x20 CMakeFiles/pico_webserver.dir/pico-sdk/src/common/pico_sync/sem.c.obj
                0x0000000010001dfc                sem_init
 .text.lock_init
                0x0000000010001e1c       0x10 CMakeFiles/pico_webserver.dir/pico-sdk/src/common/pico_sync/lock_core.c.obj
                0x0000000010001e1c                lock_init
 .text.mutex_init
                0x0000000010001e2c       0x1c CMakeFiles/pico_webserver.dir/pico-sdk/src/common/pico_sync/mutex.c.obj
                0x0000000010001e2c                mutex_init
 .text.recursive_mutex_init
                0x0000000010001e48       0x1c CMakeFiles/pico_webserver.dir/pico-sdk/src/common/pico_sync/mutex.c.obj
                0x0000000010001e48                recursive_mutex_init
 .text.critical_section_init
                0x0000000010001e64       0x20 CMakeFiles/pico_webserver.dir/pico-sdk/src/common/pico_sync/critical_section.c.obj
                0x0000000010001e64                critical_section_init
 .text.timer_pool_entry_comparator
                0x0000000010001e84       0x34 CMakeFiles/pico_webserver.dir/pico-sdk/src/common/pico_time/time.c.obj
                0x0000000010001e84                timer_pool_entry_comparator
 .text.sleep_until_callback
                0x0000000010001eb8       0x30 CMakeFiles/pico_webserver.dir/pico-sdk/src/common/pico_time/time.c.obj
 .text.add_alarm_under_lock.isra.0
                0x0000000010001ee8      0x100 CMakeFiles/pico_webserver.dir/pico-sdk/src/common/pico_time/time.c.obj
 .text.alarm_pool_alarm_callback
                0x0000000010001fe8      0x1bc CMakeFiles/pico_webserver.dir/pico-sdk/src/common/pico_time/time.c.obj
 .text.alarm_pool_init_default
                0x00000000100021a4       0x6c CMakeFiles/pico_webserver.dir/pico-sdk/src/common/pico_time/time.c.obj
                0x00000000100021a4                alarm_pool_init_default
 .text.alarm_pool_get_default
                0x0000000010002210        0x8 CMakeFiles/pico_webserver.dir/pico-sdk/src/common/pico_time/time.c.obj
                0x0000000010002210                alarm_pool_get_default
 .text.alarm_pool_create_with_unused_hardware_alarm
                0x0000000010002218       0x74 CMakeFiles/pico_webserver.dir/pico-sdk/src/common/pico_time/time.c.obj
                0x0000000010002218                alarm_pool_create_with_unused_hardware_alarm
 .text.alarm_pool_destroy
                0x000000001000228c       0x44 CMakeFiles/pico_webserver.dir/pico-sdk/src/common/pico_time/time.c.obj
                0x000000001000228c                alarm_pool_destroy
 .text.alarm_pool_add_alarm_at
                0x00000000100022d0      0x178 CMakeFiles/pico_webserver.dir/pico-sdk/src/common/pico_time/time.c.obj
                0x00000000100022d0                alarm_pool_add_alarm_at
 .text.alarm_pool_add_alarm_at_force_in_context
                0x0000000010002448      0x124 CMakeFiles/pico_webserver.dir/pico-sdk/src/common/pico_time/time.c.obj
                0x0000000010002448                alarm_pool_add_alarm_at_force_in_context
 .text.alarm_pool_cancel_alarm
                0x000000001000256c       0x78 CMakeFiles/pico_webserver.dir/pico-sdk/src/common/pico_time/time.c.obj
                0x000000001000256c                alarm_pool_cancel_alarm
 .text.alarm_pool_core_num
                0x00000000100025e4        0x4 CMakeFiles/pico_webserver.dir/pico-sdk/src/common/pico_time/time.c.obj
                0x00000000100025e4                alarm_pool_core_num
 .text.sleep_until
                0x00000000100025e8       0xc4 CMakeFiles/pico_webserver.dir/pico-sdk/src/common/pico_time/time.c.obj
                0x00000000100025e8                sleep_until
 .text.sleep_ms
                0x00000000100026ac       0x34 CMakeFiles/pico_webserver.dir/pico-sdk/src/common/pico_time/time.c.obj
                0x00000000100026ac                sleep_ms
 .text.best_effort_wfe_or_timeout
                0x00000000100026e0       0xd4 CMakeFiles/pico_webserver.dir/pico-sdk/src/common/pico_time/time.c.obj
                0x00000000100026e0                best_effort_wfe_or_timeout
 .text.hardware_alarm_irq_handler
                0x00000000100027b4       0xbc CMakeFiles/pico_webserver.dir/pico-sdk/src/rp2_common/hardware_timer/timer.c.obj
 .text.hardware_alarm_claim
                0x0000000010002870       0x18 CMakeFiles/pico_webserver.dir/pico-sdk/src/rp2_common/hardware_timer/timer.c.obj
                0x0000000010002870                hardware_alarm_claim
 .text.hardware_alarm_unclaim
                0x0000000010002888       0x10 CMakeFiles/pico_webserver.dir/pico-sdk/src/rp2_common/hardware_timer/timer.c.obj
                0x0000000010002888                hardware_alarm_unclaim
 .text.hardware_alarm_claim_unused
                0x0000000010002898       0x20 CMakeFiles/pico_webserver.dir/pico-sdk/src/rp2_common/hardware_timer/timer.c.obj
                0x0000000010002898                hardware_alarm_claim_unused
 .text.time_us_64
                0x00000000100028b8       0x14 CMakeFiles/pico_webserver.dir/pico-sdk/src/rp2_common/hardware_timer/timer.c.obj
                0x00000000100028b8                time_us_64
 .text.busy_wait_until
                0x00000000100028cc       0x20 CMakeFiles/pico_webserver.dir/pico-sdk/src/rp2_common/hardware_timer/timer.c.obj
                0x00000000100028cc                busy_wait_until
 .text.hardware_alarm_set_callback
                0x00000000100028ec       0x8c CMakeFiles/pico_webserver.dir/pico-sdk/src/rp2_common/hardware_timer/timer.c.obj
                0x00000000100028ec                hardware_alarm_set_callback
 .text.hardware_alarm_set_target
                0x0000000010002978       0xd4 CMakeFiles/pico_webserver.dir/pico-sdk/src/rp2_common/hardware_timer/timer.c.obj
                0x0000000010002978                hardware_alarm_set_target
 .text.hardware_alarm_cancel
                0x0000000010002a4c       0x3c CMakeFiles/pico_webserver.dir/pico-sdk/src/rp2_common/hardware_timer/timer.c.obj
                0x0000000010002a4c                hardware_alarm_cancel
 .text.hardware_alarm_force_irq
                0x0000000010002a88       0x3c CMakeFiles/pico_webserver.dir/pico-sdk/src/rp2_common/hardware_timer/timer.c.obj
                0x0000000010002a88                hardware_alarm_force_irq
 .text.ph_merge_nodes
                0x0000000010002ac4       0x68 CMakeFiles/pico_webserver.dir/pico-sdk/src/common/pico_util/pheap.c.obj
 .text.ph_create
                0x0000000010002b2c       0x60 CMakeFiles/pico_webserver.dir/pico-sdk/src/common/pico_util/pheap.c.obj
                0x0000000010002b2c                ph_create
 .text.ph_post_alloc_init
                0x0000000010002b8c       0x3c CMakeFiles/pico_webserver.dir/pico-sdk/src/common/pico_util/pheap.c.obj
                0x0000000010002b8c                ph_post_alloc_init
 .text.ph_destroy
                0x0000000010002bc8       0x14 CMakeFiles/pico_webserver.dir/pico-sdk/src/common/pico_util/pheap.c.obj
                0x0000000010002bc8                ph_destroy
 .text.ph_merge_two_pass
                0x0000000010002bdc       0x90 CMakeFiles/pico_webserver.dir/pico-sdk/src/common/pico_util/pheap.c.obj
                0x0000000010002bdc                ph_merge_two_pass
 .text.ph_remove_any_head
                0x0000000010002c6c      0x100 CMakeFiles/pico_webserver.dir/pico-sdk/src/common/pico_util/pheap.c.obj
 .text.ph_remove_head
                0x0000000010002d6c      0x104 CMakeFiles/pico_webserver.dir/pico-sdk/src/common/pico_util/pheap.c.obj
                0x0000000010002d6c                ph_remove_head
 .text.ph_remove_and_free_node
                0x0000000010002e70       0x7c CMakeFiles/pico_webserver.dir/pico-sdk/src/common/pico_util/pheap.c.obj
                0x0000000010002e70                ph_remove_and_free_node
 .text.queue_init_with_spinlock
                0x0000000010002eec       0x24 CMakeFiles/pico_webserver.dir/pico-sdk/src/common/pico_util/queue.c.obj
                0x0000000010002eec                queue_init_with_spinlock
 .text.clock_configure
                0x0000000010002f10      0x118 CMakeFiles/pico_webserver.dir/pico-sdk/src/rp2_common/hardware_clocks/clocks.c.obj
                0x0000000010002f10                clock_configure
 .text.clocks_init
                0x0000000010003028      0x2d0 CMakeFiles/pico_webserver.dir/pico-sdk/src/rp2_common/hardware_clocks/clocks.c.obj
                0x0000000010003028                clocks_init
 .text.clock_get_hz
                0x00000000100032f8        0xc CMakeFiles/pico_webserver.dir/pico-sdk/src/rp2_common/hardware_clocks/clocks.c.obj
                0x00000000100032f8                clock_get_hz
 .text.pll_init
                0x0000000010003304       0xa0 CMakeFiles/pico_webserver.dir/pico-sdk/src/rp2_common/hardware_pll/pll.c.obj
                0x0000000010003304                pll_init
 .text.watchdog_start_tick
                0x00000000100033a4       0x10 CMakeFiles/pico_webserver.dir/pico-sdk/src/rp2_common/hardware_watchdog/watchdog.c.obj
                0x00000000100033a4                watchdog_start_tick
 .text.xosc_init
                0x00000000100033b4       0x28 CMakeFiles/pico_webserver.dir/pico-sdk/src/rp2_common/hardware_xosc/xosc.c.obj
                0x00000000100033b4                xosc_init
 .text.runtime_init
                0x00000000100033dc       0xf0 CMakeFiles/pico_webserver.dir/pico-sdk/src/rp2_common/pico_runtime/runtime.c.obj
                0x00000000100033dc                runtime_init
 .text._exit    0x00000000100034cc       0x14 CMakeFiles/pico_webserver.dir/pico-sdk/src/rp2_common/pico_runtime/runtime.c.obj
                0x00000000100034cc                _exit
 .text._sbrk    0x00000000100034e0       0x34 CMakeFiles/pico_webserver.dir/pico-sdk/src/rp2_common/pico_runtime/runtime.c.obj
                0x00000000100034e0                _sbrk
 .text.exit     0x0000000010003514        0x8 CMakeFiles/pico_webserver.dir/pico-sdk/src/rp2_common/pico_runtime/runtime.c.obj
                0x0000000010003514                exit
 .text.panic    0x000000001000351c       0x30 CMakeFiles/pico_webserver.dir/pico-sdk/src/rp2_common/pico_runtime/runtime.c.obj
                0x000000001000351c                panic
 .text.hard_assertion_failure
                0x000000001000354c        0xc CMakeFiles/pico_webserver.dir/pico-sdk/src/rp2_common/pico_runtime/runtime.c.obj
                0x000000001000354c                hard_assertion_failure
 .text._out_buffer
                0x0000000010003558        0x8 CMakeFiles/pico_webserver.dir/pico-sdk/src/rp2_common/pico_printf/printf.c.obj
 .text._out_null
                0x0000000010003560        0x4 CMakeFiles/pico_webserver.dir/pico-sdk/src/rp2_common/pico_printf/printf.c.obj
 .text._out_rev
                0x0000000010003564       0x9c CMakeFiles/pico_webserver.dir/pico-sdk/src/rp2_common/pico_printf/printf.c.obj
 .text._ntoa_format
                0x0000000010003600      0x1cc CMakeFiles/pico_webserver.dir/pico-sdk/src/rp2_common/pico_printf/printf.c.obj
 .text._out_char
                0x00000000100037cc       0x10 CMakeFiles/pico_webserver.dir/pico-sdk/src/rp2_common/pico_printf/printf.c.obj
 .text._out_fct
                0x00000000100037dc       0x10 CMakeFiles/pico_webserver.dir/pico-sdk/src/rp2_common/pico_printf/printf.c.obj
 .text._etoa    0x00000000100037ec      0x44c CMakeFiles/pico_webserver.dir/pico-sdk/src/rp2_common/pico_printf/printf.c.obj
 .text._ftoa    0x0000000010003c38      0x398 CMakeFiles/pico_webserver.dir/pico-sdk/src/rp2_common/pico_printf/printf.c.obj
 .text._vsnprintf
                0x0000000010003fd0      0xb04 CMakeFiles/pico_webserver.dir/pico-sdk/src/rp2_common/pico_printf/printf.c.obj
 .text.__wrap_sprintf
                0x0000000010004ad4       0x28 CMakeFiles/pico_webserver.dir/pico-sdk/src/rp2_common/pico_printf/printf.c.obj
                0x0000000010004ad4                __wrap_sprintf
 .text.__wrap_snprintf
                0x0000000010004afc       0x28 CMakeFiles/pico_webserver.dir/pico-sdk/src/rp2_common/pico_printf/printf.c.obj
                0x0000000010004afc                __wrap_snprintf
 .text.vfctprintf
                0x0000000010004b24       0x20 CMakeFiles/pico_webserver.dir/pico-sdk/src/rp2_common/pico_printf/printf.c.obj
                0x0000000010004b24                vfctprintf
 .text.weak_raw_vprintf
                0x0000000010004b44       0x30 CMakeFiles/pico_webserver.dir/pico-sdk/src/rp2_common/pico_printf/printf.c.obj
                0x0000000010004b44                weak_raw_vprintf
 .text          0x0000000010004b74       0x10 CMakeFiles/pico_webserver.dir/pico-sdk/src/rp2_common/pico_bit_ops/bit_ops_aeabi.S.obj
 .text.ctzsi    0x0000000010004b84        0xc CMakeFiles/pico_webserver.dir/pico-sdk/src/rp2_common/pico_bit_ops/bit_ops_aeabi.S.obj
                0x0000000010004b84                __wrap___ctzsi2
 .text.rom_func_lookup
                0x0000000010004b90       0x10 CMakeFiles/pico_webserver.dir/pico-sdk/src/rp2_common/pico_bootrom/bootrom.c.obj
                0x0000000010004b90                rom_func_lookup
 .text.rom_data_lookup
                0x0000000010004ba0       0x10 CMakeFiles/pico_webserver.dir/pico-sdk/src/rp2_common/pico_bootrom/bootrom.c.obj
                0x0000000010004ba0                rom_data_lookup
 .text.rom_funcs_lookup
                0x0000000010004bb0       0x44 CMakeFiles/pico_webserver.dir/pico-sdk/src/rp2_common/pico_bootrom/bootrom.c.obj
                0x0000000010004bb0                rom_funcs_lookup
 .text.__wrap___aeabi_idiv
                0x0000000010004bf4       0x50 CMakeFiles/pico_webserver.dir/pico-sdk/src/rp2_common/pico_divider/divider.S.obj
                0x0000000010004bf4                __wrap___aeabi_idivmod
                0x0000000010004bf4                divmod_s32s32
                0x0000000010004bf4                div_s32s32
                0x0000000010004bf4                __wrap___aeabi_idiv
                0x0000000010004bfc                divmod_s32s32_unsafe
                0x0000000010004c28                divmod_s32s32_savestate
 .text.__wrap___aeabi_uidiv
                0x0000000010004c44       0x4c CMakeFiles/pico_webserver.dir/pico-sdk/src/rp2_common/pico_divider/divider.S.obj
                0x0000000010004c44                __wrap___aeabi_uidiv
                0x0000000010004c44                __wrap___aeabi_uidivmod
                0x0000000010004c44                div_u32u32
                0x0000000010004c44                divmod_u32u32
                0x0000000010004c4c                divmod_u32u32_unsafe
                0x0000000010004c74                divmod_u32u32_savestate
 .text.__wrap___aeabi_ldiv
                0x0000000010004c90      0x424 CMakeFiles/pico_webserver.dir/pico-sdk/src/rp2_common/pico_divider/divider.S.obj
                0x0000000010004c90                div_s64s64
                0x0000000010004c90                divmod_s64s64
                0x0000000010004c90                __wrap___aeabi_ldivmod
                0x0000000010004cc0                div_u64u64
                0x0000000010004cc0                divmod_u64u64
                0x0000000010004cc0                __wrap___aeabi_uldivmod
                0x0000000010004cd0                divmod_u64u64_savestate
                0x0000000010004cf0                divmod_s64s64_unsafe
                0x0000000010004d78                divmod_u64u64_unsafe
 .text.__wrap___aeabi_darithmetic
                0x00000000100050b4       0x60 CMakeFiles/pico_webserver.dir/pico-sdk/src/rp2_common/pico_double/double_aeabi.S.obj
                0x00000000100050b4                __wrap___aeabi_drsub
                0x00000000100050ba                __wrap___aeabi_dsub
                0x00000000100050c4                __wrap___aeabi_dadd
                0x00000000100050ce                __wrap___aeabi_ddiv
                0x0000000010005102                __wrap___aeabi_dmul
 .text.__wrap___aeabi_cdcmple
                0x0000000010005114       0x6c CMakeFiles/pico_webserver.dir/pico-sdk/src/rp2_common/pico_double/double_aeabi.S.obj
                0x0000000010005114                __wrap___aeabi_cdrcmple
                0x0000000010005124                __wrap___aeabi_cdcmple
                0x0000000010005124                __wrap___aeabi_cdcmpeq
 .text.__wrap___aeabi_dcmplt
                0x0000000010005180        0xc CMakeFiles/pico_webserver.dir/pico-sdk/src/rp2_common/pico_double/double_aeabi.S.obj
                0x0000000010005180                __wrap___aeabi_dcmplt
 .text.__wrap___aeabi_dcmple
                0x000000001000518c       0x10 CMakeFiles/pico_webserver.dir/pico-sdk/src/rp2_common/pico_double/double_aeabi.S.obj
                0x000000001000518c                __wrap___aeabi_dcmple
 .text.__wrap___aeabi_dcmpge
                0x000000001000519c       0x10 CMakeFiles/pico_webserver.dir/pico-sdk/src/rp2_common/pico_double/double_aeabi.S.obj
                0x000000001000519c                __wrap___aeabi_dcmpge
 .text.__wrap___aeabi_dcmpgt
                0x00000000100051ac        0xa CMakeFiles/pico_webserver.dir/pico-sdk/src/rp2_common/pico_double/double_aeabi.S.obj
                0x00000000100051ac                __wrap___aeabi_dcmpgt
 .text.__wrap___aeabi_dcmpun
                0x00000000100051b6       0x1c CMakeFiles/pico_webserver.dir/pico-sdk/src/rp2_common/pico_double/double_aeabi.S.obj
                0x00000000100051b6                __wrap___aeabi_dcmpun
 *fill*         0x00000000100051d2        0x2 
 .text.__wrap___aeabi_i2d
                0x00000000100051d4       0x38 CMakeFiles/pico_webserver.dir/pico-sdk/src/rp2_common/pico_double/double_aeabi.S.obj
                0x00000000100051d4                __wrap___aeabi_ui2d
                0x00000000100051dc                __wrap___aeabi_i2d
 .text.__wrap___aeabi_d2iz
                0x000000001000520c       0x48 CMakeFiles/pico_webserver.dir/pico-sdk/src/rp2_common/pico_double/double_aeabi.S.obj
                0x000000001000520c                __wrap___aeabi_d2iz
                0x000000001000520c                double2int_z
 .text.__wrap___aeabi_d2uiz
                0x0000000010005254       0x10 CMakeFiles/pico_webserver.dir/pico-sdk/src/rp2_common/pico_double/double_aeabi.S.obj
                0x0000000010005254                double2uint
                0x0000000010005254                __wrap___aeabi_d2uiz
 .text.missing_double_func_shim
                0x0000000010005264        0xc CMakeFiles/pico_webserver.dir/pico-sdk/src/rp2_common/pico_double/double_init_rom.c.obj
 .text.__aeabi_double_init
                0x0000000010005270       0x98 CMakeFiles/pico_webserver.dir/pico-sdk/src/rp2_common/pico_double/double_init_rom.c.obj
                0x0000000010005270                __aeabi_double_init
 .text.double_table_shim_on_use_helper
                0x0000000010005308       0x2c CMakeFiles/pico_webserver.dir/pico-sdk/src/rp2_common/pico_double/double_v1_rom_shim.S.obj
                0x0000000010005308                double_table_shim_on_use_helper
 .text.__aeabi_lmul
                0x0000000010005334       0x32 CMakeFiles/pico_webserver.dir/pico-sdk/src/rp2_common/pico_int64_ops/pico_int64_ops_aeabi.S.obj
                0x0000000010005334                __wrap___aeabi_lmul
 *fill*         0x0000000010005366        0x2 
 .text.missing_float_func_shim
                0x0000000010005368        0xc CMakeFiles/pico_webserver.dir/pico-sdk/src/rp2_common/pico_float/float_init_rom.c.obj
 .text.__aeabi_float_init
                0x0000000010005374       0x5c CMakeFiles/pico_webserver.dir/pico-sdk/src/rp2_common/pico_float/float_init_rom.c.obj
                0x0000000010005374                __aeabi_float_init
 .text.__wrap_malloc
                0x00000000100053d0       0x3c CMakeFiles/pico_webserver.dir/pico-sdk/src/rp2_common/pico_malloc/pico_malloc.c.obj
                0x00000000100053d0                __wrap_malloc
 .text.__wrap_calloc
                0x000000001000540c       0x40 CMakeFiles/pico_webserver.dir/pico-sdk/src/rp2_common/pico_malloc/pico_malloc.c.obj
                0x000000001000540c                __wrap_calloc
 .text.__wrap_free
                0x000000001000544c       0x20 CMakeFiles/pico_webserver.dir/pico-sdk/src/rp2_common/pico_malloc/pico_malloc.c.obj
                0x000000001000544c                __wrap_free
 .text          0x000000001000546c       0x10 CMakeFiles/pico_webserver.dir/pico-sdk/src/rp2_common/pico_mem_ops/mem_ops_aeabi.S.obj
                0x000000001000546c                __aeabi_mem_init
 .text.memset   0x000000001000547c        0xc CMakeFiles/pico_webserver.dir/pico-sdk/src/rp2_common/pico_mem_ops/mem_ops_aeabi.S.obj
                0x000000001000547c                __wrap_memset
 .text.memcpy   0x0000000010005488        0xc CMakeFiles/pico_webserver.dir/pico-sdk/src/rp2_common/pico_mem_ops/mem_ops_aeabi.S.obj
                0x0000000010005488                __wrap___aeabi_memcpy
                0x0000000010005488                __wrap_memcpy
 .text.stdio_out_chars_no_crlf
                0x0000000010005494       0x10 CMakeFiles/pico_webserver.dir/pico-sdk/src/rp2_common/pico_stdio/stdio.c.obj
 .text.stdio_out_chars_crlf
                0x00000000100054a4       0xb4 CMakeFiles/pico_webserver.dir/pico-sdk/src/rp2_common/pico_stdio/stdio.c.obj
 .text.stdio_buffered_printer
                0x0000000010005558       0x64 CMakeFiles/pico_webserver.dir/pico-sdk/src/rp2_common/pico_stdio/stdio.c.obj
 .text.stdio_put_string.isra.0
                0x00000000100055bc       0xfc CMakeFiles/pico_webserver.dir/pico-sdk/src/rp2_common/pico_stdio/stdio.c.obj
 .text.__wrap_putchar
                0x00000000100056b8       0x98 CMakeFiles/pico_webserver.dir/pico-sdk/src/rp2_common/pico_stdio/stdio.c.obj
                0x00000000100056b8                __wrap_putchar
 .text.__wrap_puts
                0x0000000010005750       0x3c CMakeFiles/pico_webserver.dir/pico-sdk/src/rp2_common/pico_stdio/stdio.c.obj
                0x0000000010005750                __wrap_puts
 .text.__wrap_vprintf
                0x000000001000578c       0xd8 CMakeFiles/pico_webserver.dir/pico-sdk/src/rp2_common/pico_stdio/stdio.c.obj
                0x000000001000578c                __wrap_vprintf
 .text.__wrap_printf
                0x0000000010005864       0x18 CMakeFiles/pico_webserver.dir/pico-sdk/src/rp2_common/pico_stdio/stdio.c.obj
                0x0000000010005864                __wrap_printf
 .text.startup._retrieve_unique_id_on_boot
                0x000000001000587c       0x10 CMakeFiles/pico_webserver.dir/pico-sdk/src/rp2_common/pico_unique_id/unique_id.c.obj
 .text.pico_get_unique_board_id
                0x000000001000588c       0x10 CMakeFiles/pico_webserver.dir/pico-sdk/src/rp2_common/pico_unique_id/unique_id.c.obj
                0x000000001000588c                pico_get_unique_board_id
 .text.flash_get_unique_id
                0x000000001000589c       0x40 CMakeFiles/pico_webserver.dir/pico-sdk/src/rp2_common/hardware_flash/flash.c.obj
                0x000000001000589c                flash_get_unique_id
 .text.dcd_int_enable
                0x00000000100058dc        0xc CMakeFiles/pico_webserver.dir/pico-sdk/lib/tinyusb/src/portable/raspberrypi/rp2040/dcd_rp2040.c.obj
                0x00000000100058dc                dcd_int_enable
 .text.dcd_set_address
                0x00000000100058e8       0x14 CMakeFiles/pico_webserver.dir/pico-sdk/lib/tinyusb/src/portable/raspberrypi/rp2040/dcd_rp2040.c.obj
                0x00000000100058e8                dcd_set_address
 .text.dcd_connect
                0x00000000100058fc       0x10 CMakeFiles/pico_webserver.dir/pico-sdk/lib/tinyusb/src/portable/raspberrypi/rp2040/dcd_rp2040.c.obj
                0x00000000100058fc                dcd_connect
 .text.dcd_init
                0x000000001000590c       0x98 CMakeFiles/pico_webserver.dir/pico-sdk/lib/tinyusb/src/portable/raspberrypi/rp2040/dcd_rp2040.c.obj
                0x000000001000590c                dcd_init
 .text.dcd_edpt0_status_complete
                0x00000000100059a4       0x1c CMakeFiles/pico_webserver.dir/pico-sdk/lib/tinyusb/src/portable/raspberrypi/rp2040/dcd_rp2040.c.obj
                0x00000000100059a4                dcd_edpt0_status_complete
 .text.dcd_edpt_open
                0x00000000100059c0      0x108 CMakeFiles/pico_webserver.dir/pico-sdk/lib/tinyusb/src/portable/raspberrypi/rp2040/dcd_rp2040.c.obj
                0x00000000100059c0                dcd_edpt_open
 .text.dcd_edpt_close_all
                0x0000000010005ac8        0x8 CMakeFiles/pico_webserver.dir/pico-sdk/lib/tinyusb/src/portable/raspberrypi/rp2040/dcd_rp2040.c.obj
                0x0000000010005ac8                dcd_edpt_close_all
 .text.dcd_edpt_xfer
                0x0000000010005ad0       0x24 CMakeFiles/pico_webserver.dir/pico-sdk/lib/tinyusb/src/portable/raspberrypi/rp2040/dcd_rp2040.c.obj
                0x0000000010005ad0                dcd_edpt_xfer
 .text.dcd_edpt_stall
                0x0000000010005af4       0x38 CMakeFiles/pico_webserver.dir/pico-sdk/lib/tinyusb/src/portable/raspberrypi/rp2040/dcd_rp2040.c.obj
                0x0000000010005af4                dcd_edpt_stall
 .text.dcd_edpt_clear_stall
                0x0000000010005b2c       0x30 CMakeFiles/pico_webserver.dir/pico-sdk/lib/tinyusb/src/portable/raspberrypi/rp2040/dcd_rp2040.c.obj
                0x0000000010005b2c                dcd_edpt_clear_stall
 .text.rp2040_usb_init
                0x0000000010005b5c       0x4c CMakeFiles/pico_webserver.dir/pico-sdk/lib/tinyusb/src/portable/raspberrypi/rp2040/rp2040_usb.c.obj
                0x0000000010005b5c                rp2040_usb_init
 .text.hw_endpoint_xfer_start
                0x0000000010005ba8       0x50 CMakeFiles/pico_webserver.dir/pico-sdk/lib/tinyusb/src/portable/raspberrypi/rp2040/rp2040_usb.c.obj
                0x0000000010005ba8                hw_endpoint_xfer_start
 .text.tud_mounted
                0x0000000010005bf8       0x10 CMakeFiles/pico_webserver.dir/pico-sdk/lib/tinyusb/src/device/usbd.c.obj
                0x0000000010005bf8                tud_mounted
 .text.tud_suspended
                0x0000000010005c08       0x10 CMakeFiles/pico_webserver.dir/pico-sdk/lib/tinyusb/src/device/usbd.c.obj
                0x0000000010005c08                tud_suspended
 .text.tud_inited
                0x0000000010005c18       0x14 CMakeFiles/pico_webserver.dir/pico-sdk/lib/tinyusb/src/device/usbd.c.obj
                0x0000000010005c18                tud_inited
 .text.tud_init
                0x0000000010005c2c       0xe4 CMakeFiles/pico_webserver.dir/pico-sdk/lib/tinyusb/src/device/usbd.c.obj
                0x0000000010005c2c                tud_init
 .text.tud_task_ext
                0x0000000010005d10      0x870 CMakeFiles/pico_webserver.dir/pico-sdk/lib/tinyusb/src/device/usbd.c.obj
                0x0000000010005d10                tud_task_ext
 .text.usbd_open_edpt_pair
                0x0000000010006580       0x9c CMakeFiles/pico_webserver.dir/pico-sdk/lib/tinyusb/src/device/usbd.c.obj
                0x0000000010006580                usbd_open_edpt_pair
 .text.usbd_edpt_open
                0x000000001000661c       0x34 CMakeFiles/pico_webserver.dir/pico-sdk/lib/tinyusb/src/device/usbd.c.obj
                0x000000001000661c                usbd_edpt_open
 .text.usbd_edpt_xfer
                0x0000000010006650       0x4c CMakeFiles/pico_webserver.dir/pico-sdk/lib/tinyusb/src/device/usbd.c.obj
                0x0000000010006650                usbd_edpt_xfer
 .text.usbd_edpt_busy
                0x000000001000669c       0x1c CMakeFiles/pico_webserver.dir/pico-sdk/lib/tinyusb/src/device/usbd.c.obj
                0x000000001000669c                usbd_edpt_busy
 .text.tud_control_status
                0x00000000100066b8       0x30 CMakeFiles/pico_webserver.dir/pico-sdk/lib/tinyusb/src/device/usbd_control.c.obj
                0x00000000100066b8                tud_control_status
 .text.tud_control_xfer
                0x00000000100066e8       0xbc CMakeFiles/pico_webserver.dir/pico-sdk/lib/tinyusb/src/device/usbd_control.c.obj
                0x00000000100066e8                tud_control_xfer
 .text.usbd_control_reset
                0x00000000100067a4       0x14 CMakeFiles/pico_webserver.dir/pico-sdk/lib/tinyusb/src/device/usbd_control.c.obj
                0x00000000100067a4                usbd_control_reset
 .text.usbd_control_set_complete_callback
                0x00000000100067b8        0xc CMakeFiles/pico_webserver.dir/pico-sdk/lib/tinyusb/src/device/usbd_control.c.obj
                0x00000000100067b8                usbd_control_set_complete_callback
 .text.usbd_control_set_request
                0x00000000100067c4       0x1c CMakeFiles/pico_webserver.dir/pico-sdk/lib/tinyusb/src/device/usbd_control.c.obj
                0x00000000100067c4                usbd_control_set_request
 .text.usbd_control_xfer_cb
                0x00000000100067e0       0xfc CMakeFiles/pico_webserver.dir/pico-sdk/lib/tinyusb/src/device/usbd_control.c.obj
                0x00000000100067e0                usbd_control_xfer_cb
 .text.tud_network_recv_renew
                0x00000000100068dc       0x20 CMakeFiles/pico_webserver.dir/pico-sdk/lib/tinyusb/src/class/net/ecm_rndis_device.c.obj
                0x00000000100068dc                tud_network_recv_renew
 .text.netd_report
                0x00000000100068fc       0x24 CMakeFiles/pico_webserver.dir/pico-sdk/lib/tinyusb/src/class/net/ecm_rndis_device.c.obj
                0x00000000100068fc                netd_report
 .text.netd_init
                0x0000000010006920       0x14 CMakeFiles/pico_webserver.dir/pico-sdk/lib/tinyusb/src/class/net/ecm_rndis_device.c.obj
                0x0000000010006920                netd_init
 .text.netd_reset
                0x0000000010006934       0x14 CMakeFiles/pico_webserver.dir/pico-sdk/lib/tinyusb/src/class/net/ecm_rndis_device.c.obj
                0x0000000010006934                netd_reset
 .text.netd_open
                0x0000000010006948      0x11c CMakeFiles/pico_webserver.dir/pico-sdk/lib/tinyusb/src/class/net/ecm_rndis_device.c.obj
                0x0000000010006948                netd_open
 .text.netd_control_xfer_cb
                0x0000000010006a64      0x174 CMakeFiles/pico_webserver.dir/pico-sdk/lib/tinyusb/src/class/net/ecm_rndis_device.c.obj
                0x0000000010006a64                netd_control_xfer_cb
 .text.netd_xfer_cb
                0x0000000010006bd8       0xec CMakeFiles/pico_webserver.dir/pico-sdk/lib/tinyusb/src/class/net/ecm_rndis_device.c.obj
                0x0000000010006bd8                netd_xfer_cb
 .text.tud_network_can_xmit
                0x0000000010006cc4        0xc CMakeFiles/pico_webserver.dir/pico-sdk/lib/tinyusb/src/class/net/ecm_rndis_device.c.obj
                0x0000000010006cc4                tud_network_can_xmit
 .text.tud_network_xmit
                0x0000000010006cd0       0x98 CMakeFiles/pico_webserver.dir/pico-sdk/lib/tinyusb/src/class/net/ecm_rndis_device.c.obj
                0x0000000010006cd0                tud_network_xmit
 .text.tusb_init
                0x0000000010006d68        0xc CMakeFiles/pico_webserver.dir/pico-sdk/lib/tinyusb/src/tusb.c.obj
                0x0000000010006d68                tusb_init
 .text.tusb_inited
                0x0000000010006d74        0x8 CMakeFiles/pico_webserver.dir/pico-sdk/lib/tinyusb/src/tusb.c.obj
                0x0000000010006d74                tusb_inited
 .text.tu_edpt_validate
                0x0000000010006d7c       0x78 CMakeFiles/pico_webserver.dir/pico-sdk/lib/tinyusb/src/tusb.c.obj
                0x0000000010006d7c                tu_edpt_validate
 .text.tu_edpt_bind_driver
                0x0000000010006df4       0x34 CMakeFiles/pico_webserver.dir/pico-sdk/lib/tinyusb/src/tusb.c.obj
                0x0000000010006df4                tu_edpt_bind_driver
 .text.tu_fifo_read
                0x0000000010006e28       0xa0 CMakeFiles/pico_webserver.dir/pico-sdk/lib/tinyusb/src/common/tusb_fifo.c.obj
                0x0000000010006e28                tu_fifo_read
 .text.tu_fifo_write
                0x0000000010006ec8       0x88 CMakeFiles/pico_webserver.dir/pico-sdk/lib/tinyusb/src/common/tusb_fifo.c.obj
                0x0000000010006ec8                tu_fifo_write
 .text.tu_fifo_clear
                0x0000000010006f50       0x40 CMakeFiles/pico_webserver.dir/pico-sdk/lib/tinyusb/src/common/tusb_fifo.c.obj
                0x0000000010006f50                tu_fifo_clear
 .text.cyw43_arch_set_async_context
                0x0000000010006f90        0xc CMakeFiles/pico_webserver.dir/pico-sdk/src/rp2_common/pico_cyw43_arch/cyw43_arch.c.obj
                0x0000000010006f90                cyw43_arch_set_async_context
 .text.cyw43_arch_enable_sta_mode
                0x0000000010006f9c       0x1c CMakeFiles/pico_webserver.dir/pico-sdk/src/rp2_common/pico_cyw43_arch/cyw43_arch.c.obj
                0x0000000010006f9c                cyw43_arch_enable_sta_mode
 .text.cyw43_arch_wifi_connect_async
                0x0000000010006fb8       0x48 CMakeFiles/pico_webserver.dir/pico-sdk/src/rp2_common/pico_cyw43_arch/cyw43_arch.c.obj
                0x0000000010006fb8                cyw43_arch_wifi_connect_async
 .text.cyw43_arch_init_with_country
                0x0000000010007000       0x10 CMakeFiles/pico_webserver.dir/pico-sdk/src/rp2_common/pico_cyw43_arch/cyw43_arch.c.obj
                0x0000000010007000                cyw43_arch_init_with_country
 .text.cyw43_arch_gpio_put
                0x0000000010007010       0x14 CMakeFiles/pico_webserver.dir/pico-sdk/src/rp2_common/pico_cyw43_arch/cyw43_arch.c.obj
                0x0000000010007010                cyw43_arch_gpio_put
 .text.cyw43_arch_async_context
                0x0000000010007024        0xc CMakeFiles/pico_webserver.dir/pico-sdk/src/rp2_common/pico_cyw43_arch/cyw43_arch.c.obj
                0x0000000010007024                cyw43_arch_async_context
 .text.cyw43_arch_init
                0x0000000010007030       0x6c CMakeFiles/pico_webserver.dir/pico-sdk/src/rp2_common/pico_cyw43_arch/cyw43_arch_threadsafe_background.c.obj
                0x0000000010007030                cyw43_arch_init
 .text.ns_delay.constprop.0
                0x000000001000709c       0x20 CMakeFiles/pico_webserver.dir/pico-sdk/src/rp2_common/pico_cyw43_driver/cyw43_bus_pio_spi.c.obj
 .text.cyw43_spi_deinit
                0x00000000100070bc       0x7c CMakeFiles/pico_webserver.dir/pico-sdk/src/rp2_common/pico_cyw43_driver/cyw43_bus_pio_spi.c.obj
                0x00000000100070bc                cyw43_spi_deinit
 .text.cyw43_spi_init
                0x0000000010007138      0x154 CMakeFiles/pico_webserver.dir/pico-sdk/src/rp2_common/pico_cyw43_driver/cyw43_bus_pio_spi.c.obj
                0x0000000010007138                cyw43_spi_init
 .text.cyw43_spi_transfer
                0x000000001000728c      0x430 CMakeFiles/pico_webserver.dir/pico-sdk/src/rp2_common/pico_cyw43_driver/cyw43_bus_pio_spi.c.obj
                0x000000001000728c                cyw43_spi_transfer
 .text.cyw43_spi_gpio_setup
                0x00000000100076bc       0x3c CMakeFiles/pico_webserver.dir/pico-sdk/src/rp2_common/pico_cyw43_driver/cyw43_bus_pio_spi.c.obj
                0x00000000100076bc                cyw43_spi_gpio_setup
 .text.cyw43_spi_reset
                0x00000000100076f8       0x28 CMakeFiles/pico_webserver.dir/pico-sdk/src/rp2_common/pico_cyw43_driver/cyw43_bus_pio_spi.c.obj
                0x00000000100076f8                cyw43_spi_reset
 .text.read_reg_u32_swap
                0x0000000010007720       0x3c CMakeFiles/pico_webserver.dir/pico-sdk/src/rp2_common/pico_cyw43_driver/cyw43_bus_pio_spi.c.obj
                0x0000000010007720                read_reg_u32_swap
 .text.cyw43_read_reg_u32
                0x000000001000775c       0x6c CMakeFiles/pico_webserver.dir/pico-sdk/src/rp2_common/pico_cyw43_driver/cyw43_bus_pio_spi.c.obj
                0x000000001000775c                cyw43_read_reg_u32
 .text.cyw43_read_reg_u16
                0x00000000100077c8       0x6c CMakeFiles/pico_webserver.dir/pico-sdk/src/rp2_common/pico_cyw43_driver/cyw43_bus_pio_spi.c.obj
                0x00000000100077c8                cyw43_read_reg_u16
 .text.cyw43_read_reg_u8
                0x0000000010007834       0x6c CMakeFiles/pico_webserver.dir/pico-sdk/src/rp2_common/pico_cyw43_driver/cyw43_bus_pio_spi.c.obj
                0x0000000010007834                cyw43_read_reg_u8
 .text.write_reg_u32_swap
                0x00000000100078a0      0x1e0 CMakeFiles/pico_webserver.dir/pico-sdk/src/rp2_common/pico_cyw43_driver/cyw43_bus_pio_spi.c.obj
                0x00000000100078a0                write_reg_u32_swap
 .text.cyw43_write_reg_u32
                0x0000000010007a80      0x200 CMakeFiles/pico_webserver.dir/pico-sdk/src/rp2_common/pico_cyw43_driver/cyw43_bus_pio_spi.c.obj
                0x0000000010007a80                cyw43_write_reg_u32
 .text.cyw43_write_reg_u16
                0x0000000010007c80      0x200 CMakeFiles/pico_webserver.dir/pico-sdk/src/rp2_common/pico_cyw43_driver/cyw43_bus_pio_spi.c.obj
                0x0000000010007c80                cyw43_write_reg_u16
 .text.cyw43_write_reg_u8
                0x0000000010007e80      0x200 CMakeFiles/pico_webserver.dir/pico-sdk/src/rp2_common/pico_cyw43_driver/cyw43_bus_pio_spi.c.obj
                0x0000000010007e80                cyw43_write_reg_u8
 .text.cyw43_read_bytes
                0x0000000010008080       0x78 CMakeFiles/pico_webserver.dir/pico-sdk/src/rp2_common/pico_cyw43_driver/cyw43_bus_pio_spi.c.obj
                0x0000000010008080                cyw43_read_bytes
 .text.cyw43_write_bytes
                0x00000000100080f8       0xec CMakeFiles/pico_webserver.dir/pico-sdk/src/rp2_common/pico_cyw43_driver/cyw43_bus_pio_spi.c.obj
                0x00000000100080f8                cyw43_write_bytes
 .text.cyw43_set_backplane_window
                0x00000000100081e4       0x64 CMakeFiles/pico_webserver.dir/pico-sdk/lib/cyw43-driver/src/cyw43_ll.c.obj
 .text.cyw43_ll_parse_async_event
                0x0000000010008248      0x13c CMakeFiles/pico_webserver.dir/pico-sdk/lib/cyw43-driver/src/cyw43_ll.c.obj
 .text.cyw43_kso_set
                0x0000000010008384       0xa0 CMakeFiles/pico_webserver.dir/pico-sdk/lib/cyw43-driver/src/cyw43_ll.c.obj
 .text.cyw43_ll_sdpcm_poll_device
                0x0000000010008424      0x238 CMakeFiles/pico_webserver.dir/pico-sdk/lib/cyw43-driver/src/cyw43_ll.c.obj
 .text.cyw43_sdpcm_send_common
                0x000000001000865c       0xf0 CMakeFiles/pico_webserver.dir/pico-sdk/lib/cyw43-driver/src/cyw43_ll.c.obj
 .text.cyw43_do_ioctl
                0x000000001000874c      0x110 CMakeFiles/pico_webserver.dir/pico-sdk/lib/cyw43-driver/src/cyw43_ll.c.obj
 .text.cyw43_do_ioctl.constprop.0
                0x000000001000885c      0x108 CMakeFiles/pico_webserver.dir/pico-sdk/lib/cyw43-driver/src/cyw43_ll.c.obj
 .text.cyw43_read_backplane.constprop.0
                0x0000000010008964       0xdc CMakeFiles/pico_webserver.dir/pico-sdk/lib/cyw43-driver/src/cyw43_ll.c.obj
 .text.reset_device_core.constprop.0
                0x0000000010008a40      0x3f0 CMakeFiles/pico_webserver.dir/pico-sdk/lib/cyw43-driver/src/cyw43_ll.c.obj
 .text.cyw43_ll_init
                0x0000000010008e30       0x1c CMakeFiles/pico_webserver.dir/pico-sdk/lib/cyw43-driver/src/cyw43_ll.c.obj
                0x0000000010008e30                cyw43_ll_init
 .text.cyw43_ll_deinit
                0x0000000010008e4c        0x8 CMakeFiles/pico_webserver.dir/pico-sdk/lib/cyw43-driver/src/cyw43_ll.c.obj
                0x0000000010008e4c                cyw43_ll_deinit
 .text.cyw43_ll_send_ethernet
                0x0000000010008e54       0x60 CMakeFiles/pico_webserver.dir/pico-sdk/lib/cyw43-driver/src/cyw43_ll.c.obj
                0x0000000010008e54                cyw43_ll_send_ethernet
 .text.cyw43_ll_process_packets
                0x0000000010008eb4       0x54 CMakeFiles/pico_webserver.dir/pico-sdk/lib/cyw43-driver/src/cyw43_ll.c.obj
                0x0000000010008eb4                cyw43_ll_process_packets
 .text.cyw43_ll_ioctl
                0x0000000010008f08       0x20 CMakeFiles/pico_webserver.dir/pico-sdk/lib/cyw43-driver/src/cyw43_ll.c.obj
                0x0000000010008f08                cyw43_ll_ioctl
 .text.cyw43_ll_bus_sleep
                0x0000000010008f28       0x34 CMakeFiles/pico_webserver.dir/pico-sdk/lib/cyw43-driver/src/cyw43_ll.c.obj
                0x0000000010008f28                cyw43_ll_bus_sleep
 .text.cyw43_ll_bus_init
                0x0000000010008f5c      0xbf0 CMakeFiles/pico_webserver.dir/pico-sdk/lib/cyw43-driver/src/cyw43_ll.c.obj
                0x0000000010008f5c                cyw43_ll_bus_init
 .text.cyw43_ll_wifi_on
                0x0000000010009b4c      0x240 CMakeFiles/pico_webserver.dir/pico-sdk/lib/cyw43-driver/src/cyw43_ll.c.obj
                0x0000000010009b4c                cyw43_ll_wifi_on
 .text.cyw43_ll_wifi_get_mac
                0x0000000010009d8c       0x44 CMakeFiles/pico_webserver.dir/pico-sdk/lib/cyw43-driver/src/cyw43_ll.c.obj
                0x0000000010009d8c                cyw43_ll_wifi_get_mac
 .text.cyw43_ll_wifi_pm
                0x0000000010009dd0      0x194 CMakeFiles/pico_webserver.dir/pico-sdk/lib/cyw43-driver/src/cyw43_ll.c.obj
                0x0000000010009dd0                cyw43_ll_wifi_pm
 .text.cyw43_ll_wifi_scan
                0x0000000010009f64       0x68 CMakeFiles/pico_webserver.dir/pico-sdk/lib/cyw43-driver/src/cyw43_ll.c.obj
                0x0000000010009f64                cyw43_ll_wifi_scan
 .text.cyw43_ll_wifi_join
                0x0000000010009fcc      0x310 CMakeFiles/pico_webserver.dir/pico-sdk/lib/cyw43-driver/src/cyw43_ll.c.obj
                0x0000000010009fcc                cyw43_ll_wifi_join
 .text.cyw43_ll_wifi_set_wpa_auth
                0x000000001000a2dc       0x2c CMakeFiles/pico_webserver.dir/pico-sdk/lib/cyw43-driver/src/cyw43_ll.c.obj
                0x000000001000a2dc                cyw43_ll_wifi_set_wpa_auth
 .text.cyw43_ll_wifi_rejoin
                0x000000001000a308       0x1c CMakeFiles/pico_webserver.dir/pico-sdk/lib/cyw43-driver/src/cyw43_ll.c.obj
                0x000000001000a308                cyw43_ll_wifi_rejoin
 .text.cyw43_ll_wifi_ap_init
                0x000000001000a324      0x2c4 CMakeFiles/pico_webserver.dir/pico-sdk/lib/cyw43-driver/src/cyw43_ll.c.obj
                0x000000001000a324                cyw43_ll_wifi_ap_init
 .text.cyw43_ll_wifi_ap_set_up
                0x000000001000a5e8       0x54 CMakeFiles/pico_webserver.dir/pico-sdk/lib/cyw43-driver/src/cyw43_ll.c.obj
                0x000000001000a5e8                cyw43_ll_wifi_ap_set_up
 .text.cyw43_ll_gpio_set
                0x000000001000a63c       0x6c CMakeFiles/pico_webserver.dir/pico-sdk/lib/cyw43-driver/src/cyw43_ll.c.obj
                0x000000001000a63c                cyw43_ll_gpio_set
 .text.cyw43_ll_has_work
                0x000000001000a6a8       0x14 CMakeFiles/pico_webserver.dir/pico-sdk/lib/cyw43-driver/src/cyw43_ll.c.obj
                0x000000001000a6a8                cyw43_ll_has_work
 .text.cyw43_poll_func
                0x000000001000a6bc       0xc0 CMakeFiles/pico_webserver.dir/pico-sdk/lib/cyw43-driver/src/cyw43_ctrl.c.obj
 .text.cyw43_init
                0x000000001000a77c       0x6c CMakeFiles/pico_webserver.dir/pico-sdk/lib/cyw43-driver/src/cyw43_ctrl.c.obj
                0x000000001000a77c                cyw43_init
 .text.cyw43_deinit
                0x000000001000a7e8       0x90 CMakeFiles/pico_webserver.dir/pico-sdk/lib/cyw43-driver/src/cyw43_ctrl.c.obj
                0x000000001000a7e8                cyw43_deinit
 .text.cyw43_cb_read_host_interrupt_pin
                0x000000001000a878        0xc CMakeFiles/pico_webserver.dir/pico-sdk/lib/cyw43-driver/src/cyw43_ctrl.c.obj
                0x000000001000a878                cyw43_cb_read_host_interrupt_pin
 .text.cyw43_cb_ensure_awake
                0x000000001000a884        0xc CMakeFiles/pico_webserver.dir/pico-sdk/lib/cyw43-driver/src/cyw43_ctrl.c.obj
                0x000000001000a884                cyw43_cb_ensure_awake
 .text.cyw43_cb_process_async_event
                0x000000001000a890      0x228 CMakeFiles/pico_webserver.dir/pico-sdk/lib/cyw43-driver/src/cyw43_ctrl.c.obj
                0x000000001000a890                cyw43_cb_process_async_event
 .text.cyw43_send_ethernet
                0x000000001000aab8       0xc0 CMakeFiles/pico_webserver.dir/pico-sdk/lib/cyw43-driver/src/cyw43_ctrl.c.obj
                0x000000001000aab8                cyw43_send_ethernet
 .text.cyw43_wifi_pm
                0x000000001000ab78       0xb4 CMakeFiles/pico_webserver.dir/pico-sdk/lib/cyw43-driver/src/cyw43_ctrl.c.obj
                0x000000001000ab78                cyw43_wifi_pm
 .text.cyw43_wifi_set_up
                0x000000001000ac2c      0x308 CMakeFiles/pico_webserver.dir/pico-sdk/lib/cyw43-driver/src/cyw43_ctrl.c.obj
                0x000000001000ac2c                cyw43_wifi_set_up
 .text.cyw43_wifi_scan
                0x000000001000af34       0xd4 CMakeFiles/pico_webserver.dir/pico-sdk/lib/cyw43-driver/src/cyw43_ctrl.c.obj
                0x000000001000af34                cyw43_wifi_scan
 .text.cyw43_wifi_join
                0x000000001000b008       0xf4 CMakeFiles/pico_webserver.dir/pico-sdk/lib/cyw43-driver/src/cyw43_ctrl.c.obj
                0x000000001000b008                cyw43_wifi_join
 .text.cyw43_gpio_set
                0x000000001000b0fc       0xa0 CMakeFiles/pico_webserver.dir/pico-sdk/lib/cyw43-driver/src/cyw43_ctrl.c.obj
                0x000000001000b0fc                cyw43_gpio_set
 .text.pio_sm_unclaim
                0x000000001000b19c       0x20 CMakeFiles/pico_webserver.dir/pico-sdk/src/rp2_common/hardware_pio/pio.c.obj
                0x000000001000b19c                pio_sm_unclaim
 .text.pio_claim_unused_sm
                0x000000001000b1bc       0x3c CMakeFiles/pico_webserver.dir/pico-sdk/src/rp2_common/hardware_pio/pio.c.obj
                0x000000001000b1bc                pio_claim_unused_sm
 .text.pio_can_add_program
                0x000000001000b1f8       0x68 CMakeFiles/pico_webserver.dir/pico-sdk/src/rp2_common/hardware_pio/pio.c.obj
                0x000000001000b1f8                pio_can_add_program
 .text.pio_add_program
                0x000000001000b260       0xc8 CMakeFiles/pico_webserver.dir/pico-sdk/src/rp2_common/hardware_pio/pio.c.obj
                0x000000001000b260                pio_add_program
 .text.pio_remove_program
                0x000000001000b328       0x34 CMakeFiles/pico_webserver.dir/pico-sdk/src/rp2_common/hardware_pio/pio.c.obj
                0x000000001000b328                pio_remove_program
 .text.pio_sm_set_pindirs_with_mask
                0x000000001000b35c       0xa4 CMakeFiles/pico_webserver.dir/pico-sdk/src/rp2_common/hardware_pio/pio.c.obj
                0x000000001000b35c                pio_sm_set_pindirs_with_mask
 .text.pio_sm_set_consecutive_pindirs
                0x000000001000b400       0xb0 CMakeFiles/pico_webserver.dir/pico-sdk/src/rp2_common/hardware_pio/pio.c.obj
                0x000000001000b400                pio_sm_set_consecutive_pindirs
 .text.dma_channel_unclaim
                0x000000001000b4b0       0x10 CMakeFiles/pico_webserver.dir/pico-sdk/src/rp2_common/hardware_dma/dma.c.obj
                0x000000001000b4b0                dma_channel_unclaim
 .text.dma_claim_unused_channel
                0x000000001000b4c0       0x20 CMakeFiles/pico_webserver.dir/pico-sdk/src/rp2_common/hardware_dma/dma.c.obj
                0x000000001000b4c0                dma_claim_unused_channel
 .text.dma_channel_cleanup
                0x000000001000b4e0       0x60 CMakeFiles/pico_webserver.dir/pico-sdk/src/rp2_common/hardware_dma/dma.c.obj
                0x000000001000b4e0                dma_channel_cleanup
 .text.cyw43_sleep_timeout_reached
                0x000000001000b540       0x10 CMakeFiles/pico_webserver.dir/pico-sdk/src/rp2_common/pico_cyw43_driver/cyw43_driver.c.obj
 .text.cyw43_irq_init
                0x000000001000b550       0x28 CMakeFiles/pico_webserver.dir/pico-sdk/src/rp2_common/pico_cyw43_driver/cyw43_driver.c.obj
                0x000000001000b550                cyw43_irq_init
 .text.cyw43_irq_deinit
                0x000000001000b578       0x20 CMakeFiles/pico_webserver.dir/pico-sdk/src/rp2_common/pico_cyw43_driver/cyw43_driver.c.obj
                0x000000001000b578                cyw43_irq_deinit
 .text.cyw43_gpio_irq_handler
                0x000000001000b598       0x44 CMakeFiles/pico_webserver.dir/pico-sdk/src/rp2_common/pico_cyw43_driver/cyw43_driver.c.obj
 .text.cyw43_do_poll
                0x000000001000b5dc       0x6c CMakeFiles/pico_webserver.dir/pico-sdk/src/rp2_common/pico_cyw43_driver/cyw43_driver.c.obj
 .text.cyw43_post_poll_hook
                0x000000001000b648       0x10 CMakeFiles/pico_webserver.dir/pico-sdk/src/rp2_common/pico_cyw43_driver/cyw43_driver.c.obj
                0x000000001000b648                cyw43_post_poll_hook
 .text.cyw43_schedule_internal_poll_dispatch
                0x000000001000b658       0x18 CMakeFiles/pico_webserver.dir/pico-sdk/src/rp2_common/pico_cyw43_driver/cyw43_driver.c.obj
                0x000000001000b658                cyw43_schedule_internal_poll_dispatch
 .text.cyw43_driver_init
                0x000000001000b670       0x38 CMakeFiles/pico_webserver.dir/pico-sdk/src/rp2_common/pico_cyw43_driver/cyw43_driver.c.obj
                0x000000001000b670                cyw43_driver_init
 .text.cyw43_driver_deinit
                0x000000001000b6a8       0x44 CMakeFiles/pico_webserver.dir/pico-sdk/src/rp2_common/pico_cyw43_driver/cyw43_driver.c.obj
                0x000000001000b6a8                cyw43_driver_deinit
 .text.cyw43_hal_generate_laa_mac
                0x000000001000b6ec       0x28 CMakeFiles/pico_webserver.dir/pico-sdk/src/rp2_common/pico_cyw43_driver/cyw43_driver.c.obj
                0x000000001000b6ec                cyw43_hal_generate_laa_mac
 .text.cyw43_hal_get_mac
                0x000000001000b714       0x1c CMakeFiles/pico_webserver.dir/pico-sdk/src/rp2_common/pico_cyw43_driver/cyw43_driver.c.obj
                0x000000001000b714                cyw43_hal_get_mac
 .text.cyw43_thread_enter
                0x000000001000b730       0x14 CMakeFiles/pico_webserver.dir/pico-sdk/src/rp2_common/pico_cyw43_driver/cyw43_driver.c.obj
                0x000000001000b730                cyw43_thread_enter
 .text.cyw43_thread_exit
                0x000000001000b744       0x14 CMakeFiles/pico_webserver.dir/pico-sdk/src/rp2_common/pico_cyw43_driver/cyw43_driver.c.obj
                0x000000001000b744                cyw43_thread_exit
 .text.cyw43_await_background_or_timeout_us
                0x000000001000b758       0x34 CMakeFiles/pico_webserver.dir/pico-sdk/src/rp2_common/pico_cyw43_driver/cyw43_driver.c.obj
                0x000000001000b758                cyw43_await_background_or_timeout_us
 .text.cyw43_delay_ms
                0x000000001000b78c       0x44 CMakeFiles/pico_webserver.dir/pico-sdk/src/rp2_common/pico_cyw43_driver/cyw43_driver.c.obj
                0x000000001000b78c                cyw43_delay_ms
 .text.cyw43_delay_us
                0x000000001000b7d0       0x34 CMakeFiles/pico_webserver.dir/pico-sdk/src/rp2_common/pico_cyw43_driver/cyw43_driver.c.obj
                0x000000001000b7d0                cyw43_delay_us
 .text.cyw43_cb_tcpip_init
                0x000000001000b804        0x4 CMakeFiles/pico_webserver.dir/pico-sdk/src/rp2_common/pico_cyw43_driver/cyw43_driver.c.obj
                0x000000001000b804                cyw43_cb_tcpip_init
 .text.cyw43_cb_tcpip_deinit
                0x000000001000b808        0x4 CMakeFiles/pico_webserver.dir/pico-sdk/src/rp2_common/pico_cyw43_driver/cyw43_driver.c.obj
                0x000000001000b808                cyw43_cb_tcpip_deinit
 .text.handle_sync_func_call
                0x000000001000b80c       0x24 CMakeFiles/pico_webserver.dir/pico-sdk/src/rp2_common/pico_async_context/async_context_threadsafe_background.c.obj
 .text.async_context_threadsafe_background_acquire_lock_blocking
                0x000000001000b830        0xc CMakeFiles/pico_webserver.dir/pico-sdk/src/rp2_common/pico_async_context/async_context_threadsafe_background.c.obj
 .text.process_under_lock
                0x000000001000b83c       0xc8 CMakeFiles/pico_webserver.dir/pico-sdk/src/rp2_common/pico_async_context/async_context_threadsafe_background.c.obj
 .text.async_context_threadsafe_background_deinit
                0x000000001000b904       0x64 CMakeFiles/pico_webserver.dir/pico-sdk/src/rp2_common/pico_async_context/async_context_threadsafe_background.c.obj
 .text.low_priority_irq_handler
                0x000000001000b968       0x3c CMakeFiles/pico_webserver.dir/pico-sdk/src/rp2_common/pico_async_context/async_context_threadsafe_background.c.obj
 .text.async_context_threadsafe_background_wait_for_work_until
                0x000000001000b9a4        0xc CMakeFiles/pico_webserver.dir/pico-sdk/src/rp2_common/pico_async_context/async_context_threadsafe_background.c.obj
 .text.async_context_threadsafe_background_wait_until
                0x000000001000b9b0       0x1c CMakeFiles/pico_webserver.dir/pico-sdk/src/rp2_common/pico_async_context/async_context_threadsafe_background.c.obj
 .text.async_context_threadsafe_background_lock_check
                0x000000001000b9cc       0x28 CMakeFiles/pico_webserver.dir/pico-sdk/src/rp2_common/pico_async_context/async_context_threadsafe_background.c.obj
 .text.async_context_threadsafe_background_execute_sync
                0x000000001000b9f4       0xe4 CMakeFiles/pico_webserver.dir/pico-sdk/src/rp2_common/pico_async_context/async_context_threadsafe_background.c.obj
                0x000000001000b9f4                async_context_threadsafe_background_execute_sync
 .text.async_context_threadsafe_background_set_work_pending
                0x000000001000bad8       0x50 CMakeFiles/pico_webserver.dir/pico-sdk/src/rp2_common/pico_async_context/async_context_threadsafe_background.c.obj
 .text.alarm_handler
                0x000000001000bb28       0x58 CMakeFiles/pico_webserver.dir/pico-sdk/src/rp2_common/pico_async_context/async_context_threadsafe_background.c.obj
 .text.async_context_threadsafe_background_release_lock
                0x000000001000bb80       0x7c CMakeFiles/pico_webserver.dir/pico-sdk/src/rp2_common/pico_async_context/async_context_threadsafe_background.c.obj
 .text.async_context_threadsafe_background_when_pending_worker
                0x000000001000bbfc       0x90 CMakeFiles/pico_webserver.dir/pico-sdk/src/rp2_common/pico_async_context/async_context_threadsafe_background.c.obj
 .text.async_context_threadsafe_background_remove_at_time_worker
                0x000000001000bc8c       0x90 CMakeFiles/pico_webserver.dir/pico-sdk/src/rp2_common/pico_async_context/async_context_threadsafe_background.c.obj
 .text.async_context_threadsafe_background_add_when_pending_worker
                0x000000001000bd1c       0x90 CMakeFiles/pico_webserver.dir/pico-sdk/src/rp2_common/pico_async_context/async_context_threadsafe_background.c.obj
 .text.async_context_threadsafe_background_add_at_time_worker
                0x000000001000bdac       0x90 CMakeFiles/pico_webserver.dir/pico-sdk/src/rp2_common/pico_async_context/async_context_threadsafe_background.c.obj
 .text.async_context_threadsafe_background_default_config
                0x000000001000be3c        0xc CMakeFiles/pico_webserver.dir/pico-sdk/src/rp2_common/pico_async_context/async_context_threadsafe_background.c.obj
                0x000000001000be3c                async_context_threadsafe_background_default_config
 .text.async_context_threadsafe_background_init
                0x000000001000be48       0xa4 CMakeFiles/pico_webserver.dir/pico-sdk/src/rp2_common/pico_async_context/async_context_threadsafe_background.c.obj
                0x000000001000be48                async_context_threadsafe_background_init
 .text.async_context_base_add_at_time_worker
                0x000000001000beec       0x28 CMakeFiles/pico_webserver.dir/pico-sdk/src/rp2_common/pico_async_context/async_context_base.c.obj
                0x000000001000beec                async_context_base_add_at_time_worker
 .text.async_context_base_remove_at_time_worker
                0x000000001000bf14       0x28 CMakeFiles/pico_webserver.dir/pico-sdk/src/rp2_common/pico_async_context/async_context_base.c.obj
                0x000000001000bf14                async_context_base_remove_at_time_worker
 .text.async_context_base_add_when_pending_worker
                0x000000001000bf3c       0x24 CMakeFiles/pico_webserver.dir/pico-sdk/src/rp2_common/pico_async_context/async_context_base.c.obj
                0x000000001000bf3c                async_context_base_add_when_pending_worker
 .text.async_context_base_remove_when_pending_worker
                0x000000001000bf60       0x28 CMakeFiles/pico_webserver.dir/pico-sdk/src/rp2_common/pico_async_context/async_context_base.c.obj
                0x000000001000bf60                async_context_base_remove_when_pending_worker
 .text.async_context_base_execute_once
                0x000000001000bf88       0xe8 CMakeFiles/pico_webserver.dir/pico-sdk/src/rp2_common/pico_async_context/async_context_base.c.obj
                0x000000001000bf88                async_context_base_execute_once
 .text.async_context_base_needs_servicing
                0x000000001000c070       0x54 CMakeFiles/pico_webserver.dir/pico-sdk/src/rp2_common/pico_async_context/async_context_base.c.obj
                0x000000001000c070                async_context_base_needs_servicing
 .text.lwip_init
                0x000000001000c0c4       0x20 CMakeFiles/pico_webserver.dir/pico-sdk/lib/lwip/src/core/init.c.obj
                0x000000001000c0c4                lwip_init
 .text.lwip_htons
                0x000000001000c0e4        0x8 CMakeFiles/pico_webserver.dir/pico-sdk/lib/lwip/src/core/def.c.obj
                0x000000001000c0e4                lwip_htons
 .text.lwip_htonl
                0x000000001000c0ec        0x4 CMakeFiles/pico_webserver.dir/pico-sdk/lib/lwip/src/core/def.c.obj
                0x000000001000c0ec                lwip_htonl
 .text.lwip_strnstr
                0x000000001000c0f0       0x5c CMakeFiles/pico_webserver.dir/pico-sdk/lib/lwip/src/core/def.c.obj
                0x000000001000c0f0                lwip_strnstr
 .text.lwip_stricmp
                0x000000001000c14c       0x34 CMakeFiles/pico_webserver.dir/pico-sdk/lib/lwip/src/core/def.c.obj
                0x000000001000c14c                lwip_stricmp
 .text.lwip_standard_chksum
                0x000000001000c180       0x80 CMakeFiles/pico_webserver.dir/pico-sdk/lib/lwip/src/core/inet_chksum.c.obj
                0x000000001000c180                lwip_standard_chksum
 .text.inet_chksum_pseudo
                0x000000001000c200       0xb4 CMakeFiles/pico_webserver.dir/pico-sdk/lib/lwip/src/core/inet_chksum.c.obj
                0x000000001000c200                inet_chksum_pseudo
 .text.ip_chksum_pseudo
                0x000000001000c2b4       0x10 CMakeFiles/pico_webserver.dir/pico-sdk/lib/lwip/src/core/inet_chksum.c.obj
                0x000000001000c2b4                ip_chksum_pseudo
 .text.inet_chksum
                0x000000001000c2c4       0x8c CMakeFiles/pico_webserver.dir/pico-sdk/lib/lwip/src/core/inet_chksum.c.obj
                0x000000001000c2c4                inet_chksum
 .text.inet_chksum_pbuf
                0x000000001000c350       0x6c CMakeFiles/pico_webserver.dir/pico-sdk/lib/lwip/src/core/inet_chksum.c.obj
                0x000000001000c350                inet_chksum_pbuf
 .text.mem_init
                0x000000001000c3bc       0x48 CMakeFiles/pico_webserver.dir/pico-sdk/lib/lwip/src/core/mem.c.obj
                0x000000001000c3bc                mem_init
 .text.mem_free
                0x000000001000c404      0x128 CMakeFiles/pico_webserver.dir/pico-sdk/lib/lwip/src/core/mem.c.obj
                0x000000001000c404                mem_free
 .text.mem_trim
                0x000000001000c52c      0x144 CMakeFiles/pico_webserver.dir/pico-sdk/lib/lwip/src/core/mem.c.obj
                0x000000001000c52c                mem_trim
 .text.mem_malloc
                0x000000001000c670      0x130 CMakeFiles/pico_webserver.dir/pico-sdk/lib/lwip/src/core/mem.c.obj
                0x000000001000c670                mem_malloc
 .text.memp_init
                0x000000001000c7a0       0x94 CMakeFiles/pico_webserver.dir/pico-sdk/lib/lwip/src/core/memp.c.obj
                0x000000001000c7a0                memp_init
 .text.memp_malloc
                0x000000001000c834       0x4c CMakeFiles/pico_webserver.dir/pico-sdk/lib/lwip/src/core/memp.c.obj
                0x000000001000c834                memp_malloc
 .text.memp_free
                0x000000001000c880       0x30 CMakeFiles/pico_webserver.dir/pico-sdk/lib/lwip/src/core/memp.c.obj
                0x000000001000c880                memp_free
 .text.netif_null_output_ip4
                0x000000001000c8b0        0x8 CMakeFiles/pico_webserver.dir/pico-sdk/lib/lwip/src/core/netif.c.obj
 .text.netif_init
                0x000000001000c8b8        0x4 CMakeFiles/pico_webserver.dir/pico-sdk/lib/lwip/src/core/netif.c.obj
                0x000000001000c8b8                netif_init
 .text.netif_set_addr
                0x000000001000c8bc       0xc4 CMakeFiles/pico_webserver.dir/pico-sdk/lib/lwip/src/core/netif.c.obj
                0x000000001000c8bc                netif_set_addr
 .text.netif_add
                0x000000001000c980       0xf8 CMakeFiles/pico_webserver.dir/pico-sdk/lib/lwip/src/core/netif.c.obj
                0x000000001000c980                netif_add
 .text.netif_set_default
                0x000000001000ca78        0xc CMakeFiles/pico_webserver.dir/pico-sdk/lib/lwip/src/core/netif.c.obj
                0x000000001000ca78                netif_set_default
 .text.netif_get_by_index
                0x000000001000ca84       0x2c CMakeFiles/pico_webserver.dir/pico-sdk/lib/lwip/src/core/netif.c.obj
                0x000000001000ca84                netif_get_by_index
 .text.pbuf_free.part.0
                0x000000001000cab0       0x80 CMakeFiles/pico_webserver.dir/pico-sdk/lib/lwip/src/core/pbuf.c.obj
 .text.pbuf_free_ooseq
                0x000000001000cb30       0x34 CMakeFiles/pico_webserver.dir/pico-sdk/lib/lwip/src/core/pbuf.c.obj
                0x000000001000cb30                pbuf_free_ooseq
 .text.pbuf_alloc
                0x000000001000cb64      0x12c CMakeFiles/pico_webserver.dir/pico-sdk/lib/lwip/src/core/pbuf.c.obj
                0x000000001000cb64                pbuf_alloc
 .text.pbuf_alloced_custom
                0x000000001000cc90       0x38 CMakeFiles/pico_webserver.dir/pico-sdk/lib/lwip/src/core/pbuf.c.obj
                0x000000001000cc90                pbuf_alloced_custom
 .text.pbuf_realloc
                0x000000001000ccc8       0x70 CMakeFiles/pico_webserver.dir/pico-sdk/lib/lwip/src/core/pbuf.c.obj
                0x000000001000ccc8                pbuf_realloc
 .text.pbuf_add_header
                0x000000001000cd38       0x4c CMakeFiles/pico_webserver.dir/pico-sdk/lib/lwip/src/core/pbuf.c.obj
                0x000000001000cd38                pbuf_add_header
 .text.pbuf_remove_header
                0x000000001000cd84       0x38 CMakeFiles/pico_webserver.dir/pico-sdk/lib/lwip/src/core/pbuf.c.obj
                0x000000001000cd84                pbuf_remove_header
 .text.pbuf_header_force
                0x000000001000cdbc       0x6c CMakeFiles/pico_webserver.dir/pico-sdk/lib/lwip/src/core/pbuf.c.obj
                0x000000001000cdbc                pbuf_header_force
 .text.pbuf_free
                0x000000001000ce28       0x10 CMakeFiles/pico_webserver.dir/pico-sdk/lib/lwip/src/core/pbuf.c.obj
                0x000000001000ce28                pbuf_free
 .text.pbuf_clen
                0x000000001000ce38       0x14 CMakeFiles/pico_webserver.dir/pico-sdk/lib/lwip/src/core/pbuf.c.obj
                0x000000001000ce38                pbuf_clen
 .text.pbuf_ref
                0x000000001000ce4c       0x18 CMakeFiles/pico_webserver.dir/pico-sdk/lib/lwip/src/core/pbuf.c.obj
                0x000000001000ce4c                pbuf_ref
 .text.pbuf_cat
                0x000000001000ce64       0x2c CMakeFiles/pico_webserver.dir/pico-sdk/lib/lwip/src/core/pbuf.c.obj
                0x000000001000ce64                pbuf_cat
 .text.pbuf_chain
                0x000000001000ce90       0x44 CMakeFiles/pico_webserver.dir/pico-sdk/lib/lwip/src/core/pbuf.c.obj
                0x000000001000ce90                pbuf_chain
 .text.pbuf_copy_partial_pbuf
                0x000000001000ced4      0x11c CMakeFiles/pico_webserver.dir/pico-sdk/lib/lwip/src/core/pbuf.c.obj
                0x000000001000ced4                pbuf_copy_partial_pbuf
 .text.pbuf_copy
                0x000000001000cff0       0x18 CMakeFiles/pico_webserver.dir/pico-sdk/lib/lwip/src/core/pbuf.c.obj
                0x000000001000cff0                pbuf_copy
 .text.pbuf_copy_partial
                0x000000001000d008       0x70 CMakeFiles/pico_webserver.dir/pico-sdk/lib/lwip/src/core/pbuf.c.obj
                0x000000001000d008                pbuf_copy_partial
 .text.pbuf_clone
                0x000000001000d078       0x20 CMakeFiles/pico_webserver.dir/pico-sdk/lib/lwip/src/core/pbuf.c.obj
                0x000000001000d078                pbuf_clone
 .text.raw_input
                0x000000001000d098      0x12c CMakeFiles/pico_webserver.dir/pico-sdk/lib/lwip/src/core/raw.c.obj
                0x000000001000d098                raw_input
 .text.raw_netif_ip_addr_changed
                0x000000001000d1c4       0x40 CMakeFiles/pico_webserver.dir/pico-sdk/lib/lwip/src/core/raw.c.obj
                0x000000001000d1c4                raw_netif_ip_addr_changed
 .text.stats_init
                0x000000001000d204        0x4 CMakeFiles/pico_webserver.dir/pico-sdk/lib/lwip/src/core/stats.c.obj
                0x000000001000d204                stats_init
 .text.tcp_close_shutdown_fin
                0x000000001000d208       0x4c CMakeFiles/pico_webserver.dir/pico-sdk/lib/lwip/src/core/tcp.c.obj
 .text.tcp_pcb_purge.part.0
                0x000000001000d254       0xc4 CMakeFiles/pico_webserver.dir/pico-sdk/lib/lwip/src/core/tcp.c.obj
 .text.tcp_init
                0x000000001000d318        0x4 CMakeFiles/pico_webserver.dir/pico-sdk/lib/lwip/src/core/tcp.c.obj
                0x000000001000d318                tcp_init
 .text.tcp_free
                0x000000001000d31c        0xc CMakeFiles/pico_webserver.dir/pico-sdk/lib/lwip/src/core/tcp.c.obj
                0x000000001000d31c                tcp_free
 .text.tcp_bind
                0x000000001000d328       0xf8 CMakeFiles/pico_webserver.dir/pico-sdk/lib/lwip/src/core/tcp.c.obj
                0x000000001000d328                tcp_bind
 .text.tcp_listen_with_backlog
                0x000000001000d420       0x88 CMakeFiles/pico_webserver.dir/pico-sdk/lib/lwip/src/core/tcp.c.obj
                0x000000001000d420                tcp_listen_with_backlog
 .text.tcp_update_rcv_ann_wnd
                0x000000001000d4a8       0x3c CMakeFiles/pico_webserver.dir/pico-sdk/lib/lwip/src/core/tcp.c.obj
                0x000000001000d4a8                tcp_update_rcv_ann_wnd
 .text.tcp_recved
                0x000000001000d4e4       0x78 CMakeFiles/pico_webserver.dir/pico-sdk/lib/lwip/src/core/tcp.c.obj
                0x000000001000d4e4                tcp_recved
 .text.tcp_slowtmr
                0x000000001000d55c      0x42c CMakeFiles/pico_webserver.dir/pico-sdk/lib/lwip/src/core/tcp.c.obj
                0x000000001000d55c                tcp_slowtmr
 .text.tcp_segs_free
                0x000000001000d988       0x38 CMakeFiles/pico_webserver.dir/pico-sdk/lib/lwip/src/core/tcp.c.obj
                0x000000001000d988                tcp_segs_free
 .text.tcp_seg_free
                0x000000001000d9c0       0x1c CMakeFiles/pico_webserver.dir/pico-sdk/lib/lwip/src/core/tcp.c.obj
                0x000000001000d9c0                tcp_seg_free
 .text.tcp_setprio
                0x000000001000d9dc        0x8 CMakeFiles/pico_webserver.dir/pico-sdk/lib/lwip/src/core/tcp.c.obj
                0x000000001000d9dc                tcp_setprio
 .text.tcp_seg_copy
                0x000000001000d9e4       0x20 CMakeFiles/pico_webserver.dir/pico-sdk/lib/lwip/src/core/tcp.c.obj
                0x000000001000d9e4                tcp_seg_copy
 .text.tcp_arg  0x000000001000da04        0x8 CMakeFiles/pico_webserver.dir/pico-sdk/lib/lwip/src/core/tcp.c.obj
                0x000000001000da04                tcp_arg
 .text.tcp_recv
                0x000000001000da0c        0xc CMakeFiles/pico_webserver.dir/pico-sdk/lib/lwip/src/core/tcp.c.obj
                0x000000001000da0c                tcp_recv
 .text.tcp_sent
                0x000000001000da18        0xc CMakeFiles/pico_webserver.dir/pico-sdk/lib/lwip/src/core/tcp.c.obj
                0x000000001000da18                tcp_sent
 .text.tcp_err  0x000000001000da24        0xc CMakeFiles/pico_webserver.dir/pico-sdk/lib/lwip/src/core/tcp.c.obj
                0x000000001000da24                tcp_err
 .text.tcp_accept
                0x000000001000da30       0x10 CMakeFiles/pico_webserver.dir/pico-sdk/lib/lwip/src/core/tcp.c.obj
                0x000000001000da30                tcp_accept
 .text.tcp_poll
                0x000000001000da40        0xc CMakeFiles/pico_webserver.dir/pico-sdk/lib/lwip/src/core/tcp.c.obj
                0x000000001000da40                tcp_poll
 .text.tcp_pcb_purge
                0x000000001000da4c       0x18 CMakeFiles/pico_webserver.dir/pico-sdk/lib/lwip/src/core/tcp.c.obj
                0x000000001000da4c                tcp_pcb_purge
 .text.tcp_pcb_remove
                0x000000001000da64       0x78 CMakeFiles/pico_webserver.dir/pico-sdk/lib/lwip/src/core/tcp.c.obj
                0x000000001000da64                tcp_pcb_remove
 .text.tcp_abandon
                0x000000001000dadc      0x184 CMakeFiles/pico_webserver.dir/pico-sdk/lib/lwip/src/core/tcp.c.obj
                0x000000001000dadc                tcp_abandon
 .text.tcp_abort
                0x000000001000dc60        0xc CMakeFiles/pico_webserver.dir/pico-sdk/lib/lwip/src/core/tcp.c.obj
                0x000000001000dc60                tcp_abort
 .text.tcp_accept_null
                0x000000001000dc6c       0x10 CMakeFiles/pico_webserver.dir/pico-sdk/lib/lwip/src/core/tcp.c.obj
 .text.tcp_alloc
                0x000000001000dc7c      0x1f8 CMakeFiles/pico_webserver.dir/pico-sdk/lib/lwip/src/core/tcp.c.obj
                0x000000001000dc7c                tcp_alloc
 .text.tcp_new_ip_type
                0x000000001000de74      0x1d8 CMakeFiles/pico_webserver.dir/pico-sdk/lib/lwip/src/core/tcp.c.obj
                0x000000001000de74                tcp_new_ip_type
 .text.tcp_close_shutdown
                0x000000001000e04c      0x14c CMakeFiles/pico_webserver.dir/pico-sdk/lib/lwip/src/core/tcp.c.obj
 .text.tcp_recv_null
                0x000000001000e198       0xa8 CMakeFiles/pico_webserver.dir/pico-sdk/lib/lwip/src/core/tcp.c.obj
                0x000000001000e198                tcp_recv_null
 .text.tcp_process_refused_data
                0x000000001000e240       0xe8 CMakeFiles/pico_webserver.dir/pico-sdk/lib/lwip/src/core/tcp.c.obj
                0x000000001000e240                tcp_process_refused_data
 .text.tcp_fasttmr
                0x000000001000e328       0x98 CMakeFiles/pico_webserver.dir/pico-sdk/lib/lwip/src/core/tcp.c.obj
                0x000000001000e328                tcp_fasttmr
 .text.tcp_tmr  0x000000001000e3c0       0x20 CMakeFiles/pico_webserver.dir/pico-sdk/lib/lwip/src/core/tcp.c.obj
                0x000000001000e3c0                tcp_tmr
 .text.tcp_close
                0x000000001000e3e0      0x15c CMakeFiles/pico_webserver.dir/pico-sdk/lib/lwip/src/core/tcp.c.obj
                0x000000001000e3e0                tcp_close
 .text.tcp_next_iss
                0x000000001000e53c       0x18 CMakeFiles/pico_webserver.dir/pico-sdk/lib/lwip/src/core/tcp.c.obj
                0x000000001000e53c                tcp_next_iss
 .text.tcp_eff_send_mss_netif
                0x000000001000e554       0x28 CMakeFiles/pico_webserver.dir/pico-sdk/lib/lwip/src/core/tcp.c.obj
                0x000000001000e554                tcp_eff_send_mss_netif
 .text.tcp_netif_ip_addr_changed
                0x000000001000e57c       0x9c CMakeFiles/pico_webserver.dir/pico-sdk/lib/lwip/src/core/tcp.c.obj
                0x000000001000e57c                tcp_netif_ip_addr_changed
 .text.tcp_free_ooseq
                0x000000001000e618       0x40 CMakeFiles/pico_webserver.dir/pico-sdk/lib/lwip/src/core/tcp.c.obj
                0x000000001000e618                tcp_free_ooseq
 .text.tcp_parseopt
                0x000000001000e658      0x180 CMakeFiles/pico_webserver.dir/pico-sdk/lib/lwip/src/core/tcp_in.c.obj
 .text.tcp_oos_insert_segment
                0x000000001000e7d8       0xd4 CMakeFiles/pico_webserver.dir/pico-sdk/lib/lwip/src/core/tcp_in.c.obj
 .text.tcp_receive
                0x000000001000e8ac      0xa3c CMakeFiles/pico_webserver.dir/pico-sdk/lib/lwip/src/core/tcp_in.c.obj
 .text.tcp_input
                0x000000001000f2e8      0xc64 CMakeFiles/pico_webserver.dir/pico-sdk/lib/lwip/src/core/tcp_in.c.obj
                0x000000001000f2e8                tcp_input
 .text.tcp_trigger_input_pcb_close
                0x000000001000ff4c       0x10 CMakeFiles/pico_webserver.dir/pico-sdk/lib/lwip/src/core/tcp_in.c.obj
                0x000000001000ff4c                tcp_trigger_input_pcb_close
 .text.tcp_create_segment
                0x000000001000ff5c       0xd0 CMakeFiles/pico_webserver.dir/pico-sdk/lib/lwip/src/core/tcp_out.c.obj
 .text.tcp_output_control_segment
                0x000000001001002c       0xb4 CMakeFiles/pico_webserver.dir/pico-sdk/lib/lwip/src/core/tcp_out.c.obj
 .text.tcp_write
                0x00000000100100e0      0x600 CMakeFiles/pico_webserver.dir/pico-sdk/lib/lwip/src/core/tcp_out.c.obj
                0x00000000100100e0                tcp_write
 .text.tcp_split_unsent_seg
                0x00000000100106e0      0x19c CMakeFiles/pico_webserver.dir/pico-sdk/lib/lwip/src/core/tcp_out.c.obj
                0x00000000100106e0                tcp_split_unsent_seg
 .text.tcp_send_fin
                0x000000001001087c       0xe0 CMakeFiles/pico_webserver.dir/pico-sdk/lib/lwip/src/core/tcp_out.c.obj
                0x000000001001087c                tcp_send_fin
 .text.tcp_enqueue_flags
                0x000000001001095c       0xa8 CMakeFiles/pico_webserver.dir/pico-sdk/lib/lwip/src/core/tcp_out.c.obj
                0x000000001001095c                tcp_enqueue_flags
 .text.tcp_rexmit_rto_prepare
                0x0000000010010a04       0x8c CMakeFiles/pico_webserver.dir/pico-sdk/lib/lwip/src/core/tcp_out.c.obj
                0x0000000010010a04                tcp_rexmit_rto_prepare
 .text.tcp_rexmit
                0x0000000010010a90       0x90 CMakeFiles/pico_webserver.dir/pico-sdk/lib/lwip/src/core/tcp_out.c.obj
                0x0000000010010a90                tcp_rexmit
 .text.tcp_rexmit_fast
                0x0000000010010b20       0x58 CMakeFiles/pico_webserver.dir/pico-sdk/lib/lwip/src/core/tcp_out.c.obj
                0x0000000010010b20                tcp_rexmit_fast
 .text.tcp_rst  0x0000000010010b78       0xbc CMakeFiles/pico_webserver.dir/pico-sdk/lib/lwip/src/core/tcp_out.c.obj
                0x0000000010010b78                tcp_rst
 .text.tcp_rst_netif
                0x0000000010010c34       0xfc CMakeFiles/pico_webserver.dir/pico-sdk/lib/lwip/src/core/tcp_out.c.obj
                0x0000000010010c34                tcp_rst_netif
 .text.tcp_send_empty_ack
                0x0000000010010d30       0xdc CMakeFiles/pico_webserver.dir/pico-sdk/lib/lwip/src/core/tcp_out.c.obj
                0x0000000010010d30                tcp_send_empty_ack
 .text.tcp_output
                0x0000000010010e0c      0x410 CMakeFiles/pico_webserver.dir/pico-sdk/lib/lwip/src/core/tcp_out.c.obj
                0x0000000010010e0c                tcp_output
 .text.tcp_rexmit_rto_commit
                0x000000001001121c       0x14 CMakeFiles/pico_webserver.dir/pico-sdk/lib/lwip/src/core/tcp_out.c.obj
                0x000000001001121c                tcp_rexmit_rto_commit
 .text.tcp_rexmit_rto
                0x0000000010011230       0x98 CMakeFiles/pico_webserver.dir/pico-sdk/lib/lwip/src/core/tcp_out.c.obj
                0x0000000010011230                tcp_rexmit_rto
 .text.tcp_keepalive
                0x00000000100112c8       0xc4 CMakeFiles/pico_webserver.dir/pico-sdk/lib/lwip/src/core/tcp_out.c.obj
                0x00000000100112c8                tcp_keepalive
 .text.tcp_zero_window_probe