Archive member included to satisfy reference by file (symbol)

/usr/lib/gcc/arm-none-eabi/10.3.1/thumb/v6-m/nofp/libgcc.a(_dvmd_tls.o)
                              CMakeFiles/pico_webserver.dir/pico-sdk/src/rp2_common/pico_divider/divider.S.obj (__aeabi_idiv0)
/usr/lib/gcc/arm-none-eabi/10.3.1/../../../arm-none-eabi/lib/thumb/v6-m/nofp/libc.a(lib_a-atexit.o)
                              /usr/lib/gcc/arm-none-eabi/10.3.1/../../../arm-none-eabi/lib/thumb/v6-m/nofp/crt0.o (atexit)
/usr/lib/gcc/arm-none-eabi/10.3.1/../../../arm-none-eabi/lib/thumb/v6-m/nofp/libc.a(lib_a-atoi.o)
                              CMakeFiles/pico_webserver.dir/pico-sdk/lib/lwip/src/core/netif.c.obj (atoi)
/usr/lib/gcc/arm-none-eabi/10.3.1/../../../arm-none-eabi/lib/thumb/v6-m/nofp/libc.a(lib_a-calloc.o)
                              CMakeFiles/pico_webserver.dir/pico-sdk/src/rp2_common/pico_malloc/pico_malloc.c.obj (calloc)
/usr/lib/gcc/arm-none-eabi/10.3.1/../../../arm-none-eabi/lib/thumb/v6-m/nofp/libc.a(lib_a-callocr.o)
                              /usr/lib/gcc/arm-none-eabi/10.3.1/../../../arm-none-eabi/lib/thumb/v6-m/nofp/libc.a(lib_a-calloc.o) (_calloc_r)
/usr/lib/gcc/arm-none-eabi/10.3.1/../../../arm-none-eabi/lib/thumb/v6-m/nofp/libc.a(lib_a-ctype_.o)
                              CMakeFiles/pico_webserver.dir/pico-sdk/lib/lwip/src/core/ipv4/ip4_addr.c.obj (_ctype_)
/usr/lib/gcc/arm-none-eabi/10.3.1/../../../arm-none-eabi/lib/thumb/v6-m/nofp/libc.a(lib_a-fini.o)
                              /usr/lib/gcc/arm-none-eabi/10.3.1/../../../arm-none-eabi/lib/thumb/v6-m/nofp/crt0.o (__libc_fini_array)
/usr/lib/gcc/arm-none-eabi/10.3.1/../../../arm-none-eabi/lib/thumb/v6-m/nofp/libc.a(lib_a-impure.o)
                              /usr/lib/gcc/arm-none-eabi/10.3.1/../../../arm-none-eabi/lib/thumb/v6-m/nofp/libc.a(lib_a-calloc.o) (_impure_ptr)
/usr/lib/gcc/arm-none-eabi/10.3.1/../../../arm-none-eabi/lib/thumb/v6-m/nofp/libc.a(lib_a-init.o)
                              /usr/lib/gcc/arm-none-eabi/10.3.1/../../../arm-none-eabi/lib/thumb/v6-m/nofp/crt0.o (__libc_init_array)
/usr/lib/gcc/arm-none-eabi/10.3.1/../../../arm-none-eabi/lib/thumb/v6-m/nofp/libc.a(lib_a-malloc.o)
                              CMakeFiles/pico_webserver.dir/pico-sdk/src/rp2_common/pico_malloc/pico_malloc.c.obj (malloc)
/usr/lib/gcc/arm-none-eabi/10.3.1/../../../arm-none-eabi/lib/thumb/v6-m/nofp/libc.a(lib_a-mallocr.o)
                              /usr/lib/gcc/arm-none-eabi/10.3.1/../../../arm-none-eabi/lib/thumb/v6-m/nofp/libc.a(lib_a-callocr.o) (_malloc_r)
/usr/lib/gcc/arm-none-eabi/10.3.1/../../../arm-none-eabi/lib/thumb/v6-m/nofp/libc.a(lib_a-memcmp.o)
                              CMakeFiles/pico_webserver.dir/pico-sdk/lib/tinyusb/lib/networking/dhserver.c.obj (memcmp)
/usr/lib/gcc/arm-none-eabi/10.3.1/../../../arm-none-eabi/lib/thumb/v6-m/nofp/libc.a(lib_a-memmove.o)
                              CMakeFiles/pico_webserver.dir/pico-sdk/lib/cyw43-driver/src/cyw43_ll.c.obj (memmove)
/usr/lib/gcc/arm-none-eabi/10.3.1/../../../arm-none-eabi/lib/thumb/v6-m/nofp/libc.a(lib_a-mlock.o)
                              /usr/lib/gcc/arm-none-eabi/10.3.1/../../../arm-none-eabi/lib/thumb/v6-m/nofp/libc.a(lib_a-mallocr.o) (__malloc_lock)
/usr/lib/gcc/arm-none-eabi/10.3.1/../../../arm-none-eabi/lib/thumb/v6-m/nofp/libc.a(lib_a-rand.o)
                              CMakeFiles/pico_webserver.dir/ssi.cpp.obj (rand)
/usr/lib/gcc/arm-none-eabi/10.3.1/../../../arm-none-eabi/lib/thumb/v6-m/nofp/libc.a(lib_a-realloc.o)
                              CMakeFiles/pico_webserver.dir/pico-sdk/src/rp2_common/pico_malloc/pico_malloc.c.obj (realloc)
/usr/lib/gcc/arm-none-eabi/10.3.1/../../../arm-none-eabi/lib/thumb/v6-m/nofp/libc.a(lib_a-reallocr.o)
                              /usr/lib/gcc/arm-none-eabi/10.3.1/../../../arm-none-eabi/lib/thumb/v6-m/nofp/libc.a(lib_a-realloc.o) (_realloc_r)
/usr/lib/gcc/arm-none-eabi/10.3.1/../../../arm-none-eabi/lib/thumb/v6-m/nofp/libc.a(lib_a-sbrkr.o)
                              /usr/lib/gcc/arm-none-eabi/10.3.1/../../../arm-none-eabi/lib/thumb/v6-m/nofp/libc.a(lib_a-mallocr.o) (_sbrk_r)
/usr/lib/gcc/arm-none-eabi/10.3.1/../../../arm-none-eabi/lib/thumb/v6-m/nofp/libc.a(lib_a-strchr.o)
                              CMakeFiles/pico_webserver.dir/pico-sdk/lib/lwip/src/apps/http/httpd.c.obj (strchr)
/usr/lib/gcc/arm-none-eabi/10.3.1/../../../arm-none-eabi/lib/thumb/v6-m/nofp/libc.a(lib_a-strcmp.o)
                              CMakeFiles/pico_webserver.dir/cgi.cpp.obj (strcmp)
/usr/lib/gcc/arm-none-eabi/10.3.1/../../../arm-none-eabi/lib/thumb/v6-m/nofp/libc.a(lib_a-strcpy.o)
                              CMakeFiles/pico_webserver.dir/cgi.cpp.obj (strcpy)
/usr/lib/gcc/arm-none-eabi/10.3.1/../../../arm-none-eabi/lib/thumb/v6-m/nofp/libc.a(lib_a-strlen-stub.o)
                              CMakeFiles/pico_webserver.dir/usb_descriptors.c.obj (strlen)
/usr/lib/gcc/arm-none-eabi/10.3.1/../../../arm-none-eabi/lib/thumb/v6-m/nofp/libc.a(lib_a-strncmp.o)
[...]
Memory Configuration

Name             Origin             Length             Attributes
FLASH            0x0000000010000000 0x0000000000200000 xr
RAM              0x0000000020000000 0x0000000000040000 xrw
SCRATCH_X        0x0000000020040000 0x0000000000001000 xrw
SCRATCH_Y        0x0000000020041000 0x0000000000001000 xrw
*default*        0x0000000000000000 0xffffffffffffffff

Linker script and memory map

LOAD /usr/lib/gcc/arm-none-eabi/10.3.1/thumb/v6-m/nofp/crti.o
LOAD /usr/lib/gcc/arm-none-eabi/10.3.1/thumb/v6-m/nofp/crtbegin.o
LOAD /usr/lib/gcc/arm-none-eabi/10.3.1/../../../arm-none-eabi/lib/thumb/v6-m/nofp/crt0.o

.flash_begin    0x0000000010000000        0x0
                0x0000000010000000                __flash_binary_start = .

.boot2          0x0000000010000000      0x100
                0x0000000010000000                __boot2_start__ = .
 *(.boot2)
 .boot2         0x0000000010000000      0x100 /tmp/ccRLwmxR.o
                0x0000000010000100                __boot2_end__ = .
                0x0000000000000001                ASSERT (((__boot2_end__ - __boot2_start__) == 0x100), ERROR: Pico second stage bootloader must be 256 bytes in size)

.text           0x0000000010000100    0x189c8
                0x0000000010000100                __logical_binary_start = .
 *(.vectors)
 .vectors       0x0000000010000100       0xd4 CMakeFiles/pico_webserver.dir/pico-sdk/src/rp2_common/pico_standard_link/crt0.S.obj
                0x0000000010000100                __vectors
                0x0000000010000100                __VECTOR_TABLE
                0x00000000100001c0                isr_invalid
                0x00000000100001c0                __default_isrs_start
                0x00000000100001c2                isr_nmi
                0x00000000100001c4                isr_hardfault
                0x00000000100001c6                isr_svcall
                0x00000000100001c8                isr_pendsv
                0x00000000100001ca                isr_systick
                0x00000000100001cc                isr_irq30
                0x00000000100001cc                __unhandled_user_irq
                0x00000000100001cc                isr_irq13
                0x00000000100001cc                isr_irq27
                0x00000000100001cc                isr_irq31
                0x00000000100001cc                isr_irq5
                0x00000000100001cc                isr_irq11
                0x00000000100001cc                isr_irq23
                0x00000000100001cc                isr_irq18
                0x00000000100001cc                isr_irq28
                0x00000000100001cc                isr_irq19
                0x00000000100001cc                isr_irq0
                0x00000000100001cc                isr_irq6
                0x00000000100001cc                isr_irq22
                0x00000000100001cc                isr_irq17
                0x00000000100001cc                isr_irq14
                0x00000000100001cc                isr_irq2
                0x00000000100001cc                isr_irq10
                0x00000000100001cc                isr_irq8
                0x00000000100001cc                isr_irq24
                0x00000000100001cc                isr_irq1
                0x00000000100001cc                isr_irq7
                0x00000000100001cc                isr_irq21
                0x00000000100001cc                isr_irq20
                0x00000000100001cc                isr_irq15
                0x00000000100001cc                isr_irq25
                0x00000000100001cc                isr_irq4
                0x00000000100001cc                isr_irq16
                0x00000000100001cc                isr_irq29
                0x00000000100001cc                isr_irq26
                0x00000000100001cc                __default_isrs_end
                0x00000000100001cc                isr_irq3
                0x00000000100001cc                isr_irq12
                0x00000000100001cc                isr_irq9
                0x00000000100001d2                unhandled_user_irq_num_in_r0
 *(.binary_info_header)
 .binary_info_header
                0x00000000100001d4       0x14 CMakeFiles/pico_webserver.dir/pico-sdk/src/rp2_common/pico_standard_link/crt0.S.obj
                0x00000000100001e8                __binary_info_header_end = .
 *(.reset)
 .reset         0x00000000100001e8       0xa0 CMakeFiles/pico_webserver.dir/pico-sdk/src/rp2_common/pico_standard_link/crt0.S.obj
                0x00000000100001e8                _entry_point
 .reset         0x0000000010000288       0x30 CMakeFiles/pico_webserver.dir/pico-sdk/src/rp2_common/pico_standard_link/binary_info.c.obj
 *(.init)
 .init          0x00000000100002b8        0x4 /usr/lib/gcc/arm-none-eabi/10.3.1/thumb/v6-m/nofp/crti.o
                0x00000000100002b8                _init
 *(EXCLUDE_FILE(*libm.a: *libc.a:*lib_a-mem*.o *libgcc.a:) .text*)
 .text          0x00000000100002bc       0x98 /usr/lib/gcc/arm-none-eabi/10.3.1/thumb/v6-m/nofp/crtbegin.o
 .text.core1_entry
                0x0000000010000354       0x2c CMakeFiles/pico_webserver.dir/webserver.c.obj
                0x0000000010000354                core1_entry
 .text.cyw43_cb_tcpip_set_link_up
                0x0000000010000380       0x18 CMakeFiles/pico_webserver.dir/webserver.c.obj
                0x0000000010000380                cyw43_cb_tcpip_set_link_up
 .text.cyw43_cb_tcpip_set_link_down
                0x0000000010000398       0x18 CMakeFiles/pico_webserver.dir/webserver.c.obj
                0x0000000010000398                cyw43_cb_tcpip_set_link_down
 .text.cyw43_cb_process_ethernet
                0x00000000100003b0       0x34 CMakeFiles/pico_webserver.dir/webserver.c.obj
                0x00000000100003b0                cyw43_cb_process_ethernet
 .text.startup.main
                0x00000000100003e4       0x8c CMakeFiles/pico_webserver.dir/webserver.c.obj
                0x00000000100003e4                main
 .text.netif_init_cb
                0x0000000010000470       0x2c CMakeFiles/pico_webserver.dir/tusb_lwip_glue.c.obj
 .text.output_fn
                0x000000001000049c        0x8 CMakeFiles/pico_webserver.dir/tusb_lwip_glue.c.obj
 .text.linkoutput_fn
                0x00000000100004a4       0x3c CMakeFiles/pico_webserver.dir/tusb_lwip_glue.c.obj
 .text.init_lwip
                0x00000000100004e0       0x64 CMakeFiles/pico_webserver.dir/tusb_lwip_glue.c.obj
                0x00000000100004e0                init_lwip
 .text.tud_network_init_cb
                0x0000000010000544       0x18 CMakeFiles/pico_webserver.dir/tusb_lwip_glue.c.obj
                0x0000000010000544                tud_network_init_cb
 .text.tud_network_recv_cb
                0x000000001000055c       0x3c CMakeFiles/pico_webserver.dir/tusb_lwip_glue.c.obj
                0x000000001000055c                tud_network_recv_cb
 .text.tud_network_xmit_cb
                0x0000000010000598       0x30 CMakeFiles/pico_webserver.dir/tusb_lwip_glue.c.obj
                0x0000000010000598                tud_network_xmit_cb
 .text.service_traffic
                0x00000000100005c8       0x2c CMakeFiles/pico_webserver.dir/tusb_lwip_glue.c.obj
                0x00000000100005c8                service_traffic
 .text.dhcpd_init
                0x00000000100005f4       0x14 CMakeFiles/pico_webserver.dir/tusb_lwip_glue.c.obj
                0x00000000100005f4                dhcpd_init
 .text.wait_for_netif_is_up
                0x0000000010000608       0x14 CMakeFiles/pico_webserver.dir/tusb_lwip_glue.c.obj
                0x0000000010000608                wait_for_netif_is_up
 .text.sys_arch_protect
                0x000000001000061c        0x4 CMakeFiles/pico_webserver.dir/tusb_lwip_glue.c.obj
                0x000000001000061c                sys_arch_protect
 .text.sys_arch_unprotect
                0x0000000010000620        0x4 CMakeFiles/pico_webserver.dir/tusb_lwip_glue.c.obj
                0x0000000010000620                sys_arch_unprotect
 .text.sys_now  0x0000000010000624       0x20 CMakeFiles/pico_webserver.dir/tusb_lwip_glue.c.obj
                0x0000000010000624                sys_now
 .text.tud_descriptor_device_cb
                0x0000000010000644        0x8 CMakeFiles/pico_webserver.dir/usb_descriptors.c.obj
                0x0000000010000644                tud_descriptor_device_cb
 .text.tud_descriptor_configuration_cb
                0x000000001000064c       0x14 CMakeFiles/pico_webserver.dir/usb_descriptors.c.obj
                0x000000001000064c                tud_descriptor_configuration_cb
 .text.tud_descriptor_string_cb
                0x0000000010000660      0x17c CMakeFiles/pico_webserver.dir/usb_descriptors.c.obj
                0x0000000010000660                tud_descriptor_string_cb
 .text.fill_options
                0x00000000100007dc       0xdc CMakeFiles/pico_webserver.dir/pico-sdk/lib/tinyusb/lib/networking/dhserver.c.obj
                0x00000000100007dc                fill_options
 .text.udp_recv_proc
                0x00000000100008b8      0x2e4 CMakeFiles/pico_webserver.dir/pico-sdk/lib/tinyusb/lib/networking/dhserver.c.obj
 .text.dhserv_init
                0x0000000010000b9c       0x64 CMakeFiles/pico_webserver.dir/pico-sdk/lib/tinyusb/lib/networking/dhserver.c.obj
                0x0000000010000b9c                dhserv_init
 .text.rndis_class_set_handler
                0x0000000010000c00      0x2d4 CMakeFiles/pico_webserver.dir/pico-sdk/lib/tinyusb/lib/networking/rndis_reports.c.obj
                0x0000000010000c00                rndis_class_set_handler
 .text._Z11scan_resultPvPK23_cyw43_ev_scan_result_t
                0x0000000010000ed4       0x4c CMakeFiles/pico_webserver.dir/ssi.cpp.obj
                0x0000000010000ed4                scan_result(void*, _cyw43_ev_scan_result_t const*)
 .text.ssi_init
                0x0000000010000f20       0x4c CMakeFiles/pico_webserver.dir/ssi.cpp.obj
                0x0000000010000f20                ssi_init
 .text.cgi_handler_basic
                0x0000000010000f6c      0x11c CMakeFiles/pico_webserver.dir/cgi.cpp.obj
                0x0000000010000f6c                cgi_handler_basic
 .text.cgi_handler_extended
                0x0000000010001088      0x11c CMakeFiles/pico_webserver.dir/cgi.cpp.obj
                0x0000000010001088                cgi_handler_extended
 .text.wifi_cred_set
                0x00000000100011a4       0xa4 CMakeFiles/pico_webserver.dir/cgi.cpp.obj
                0x00000000100011a4                wifi_cred_set
 .text.cgi_toggle_led
                0x0000000010001248       0x20 CMakeFiles/pico_webserver.dir/cgi.cpp.obj
 .text.cgi_reset_usb_boot
                0x0000000010001268       0x14 CMakeFiles/pico_webserver.dir/cgi.cpp.obj
 .text.cgi_init
                0x000000001000127c       0x2c CMakeFiles/pico_webserver.dir/cgi.cpp.obj
                0x000000001000127c                cgi_init
 .text.set_sys_clock_pll
                0x00000000100012a8       0x78 CMakeFiles/pico_webserver.dir/pico-sdk/src/rp2_common/pico_stdlib/stdlib.c.obj
                0x00000000100012a8                set_sys_clock_pll
 .text.check_sys_clock_khz
                0x0000000010001320      0x17c CMakeFiles/pico_webserver.dir/pico-sdk/src/rp2_common/pico_stdlib/stdlib.c.obj
                0x0000000010001320                check_sys_clock_khz
 .text.gpio_set_function
                0x000000001000149c       0x30 CMakeFiles/pico_webserver.dir/pico-sdk/src/rp2_common/hardware_gpio/gpio.c.obj
                0x000000001000149c                gpio_set_function
 .text.gpio_set_pulls
                0x00000000100014cc       0x30 CMakeFiles/pico_webserver.dir/pico-sdk/src/rp2_common/hardware_gpio/gpio.c.obj
                0x00000000100014cc                gpio_set_pulls
 .text.gpio_set_input_hysteresis_enabled
                0x00000000100014fc       0x28 CMakeFiles/pico_webserver.dir/pico-sdk/src/rp2_common/hardware_gpio/gpio.c.obj
                0x00000000100014fc                gpio_set_input_hysteresis_enabled
 .text.gpio_set_irq_enabled
                0x0000000010001524       0x54 CMakeFiles/pico_webserver.dir/pico-sdk/src/rp2_common/hardware_gpio/gpio.c.obj
                0x0000000010001524                gpio_set_irq_enabled
 .text.gpio_add_raw_irq_handler_with_order_priority_masked
                0x0000000010001578       0x44 CMakeFiles/pico_webserver.dir/pico-sdk/src/rp2_common/hardware_gpio/gpio.c.obj
                0x0000000010001578                gpio_add_raw_irq_handler_with_order_priority_masked
 .text.gpio_remove_raw_irq_handler_masked
                0x00000000100015bc       0x20 CMakeFiles/pico_webserver.dir/pico-sdk/src/rp2_common/hardware_gpio/gpio.c.obj
                0x00000000100015bc                gpio_remove_raw_irq_handler_masked
 .text.gpio_set_input_enabled
                0x00000000100015dc       0x28 CMakeFiles/pico_webserver.dir/pico-sdk/src/rp2_common/hardware_gpio/gpio.c.obj
                0x00000000100015dc                gpio_set_input_enabled
 .text.gpio_init
                0x0000000010001604       0x3c CMakeFiles/pico_webserver.dir/pico-sdk/src/rp2_common/hardware_gpio/gpio.c.obj
                0x0000000010001604                gpio_init
 .text.running_on_fpga
                0x0000000010001640       0x10 CMakeFiles/pico_webserver.dir/pico-sdk/src/rp2_common/pico_platform/platform.c.obj
                0x0000000010001640                running_on_fpga
 .text.hw_claim_lock
                0x0000000010001650       0x18 CMakeFiles/pico_webserver.dir/pico-sdk/src/rp2_common/hardware_claim/claim.c.obj
                0x0000000010001650                hw_claim_lock
 .text.hw_claim_unlock
                0x0000000010001668       0x14 CMakeFiles/pico_webserver.dir/pico-sdk/src/rp2_common/hardware_claim/claim.c.obj
                0x0000000010001668                hw_claim_unlock
 .text.hw_claim_or_assert
                0x000000001000167c       0x44 CMakeFiles/pico_webserver.dir/pico-sdk/src/rp2_common/hardware_claim/claim.c.obj
                0x000000001000167c                hw_claim_or_assert
 .text.hw_claim_unused_from_range
                0x00000000100016c0       0x9c CMakeFiles/pico_webserver.dir/pico-sdk/src/rp2_common/hardware_claim/claim.c.obj
                0x00000000100016c0                hw_claim_unused_from_range
 .text.hw_claim_clear
                0x000000001000175c       0x38 CMakeFiles/pico_webserver.dir/pico-sdk/src/rp2_common/hardware_claim/claim.c.obj
                0x000000001000175c                hw_claim_clear
 .text.spin_locks_reset
                0x0000000010001794       0x1c CMakeFiles/pico_webserver.dir/pico-sdk/src/rp2_common/hardware_sync/sync.c.obj
                0x0000000010001794                spin_locks_reset
 .text.next_striped_spin_lock_num
                0x00000000100017b0       0x18 CMakeFiles/pico_webserver.dir/pico-sdk/src/rp2_common/hardware_sync/sync.c.obj
                0x00000000100017b0                next_striped_spin_lock_num
 .text.spin_lock_claim_unused
                0x00000000100017c8       0x20 CMakeFiles/pico_webserver.dir/pico-sdk/src/rp2_common/hardware_sync/sync.c.obj
                0x00000000100017c8                spin_lock_claim_unused
 .text.irq_set_enabled
                0x00000000100017e8       0x24 CMakeFiles/pico_webserver.dir/pico-sdk/src/rp2_common/hardware_irq/irq.c.obj
                0x00000000100017e8                irq_set_enabled
 .text.irq_is_enabled
                0x000000001000180c       0x18 CMakeFiles/pico_webserver.dir/pico-sdk/src/rp2_common/hardware_irq/irq.c.obj
                0x000000001000180c                irq_is_enabled
 .text.irq_set_pending
                0x0000000010001824       0x10 CMakeFiles/pico_webserver.dir/pico-sdk/src/rp2_common/hardware_irq/irq.c.obj
                0x0000000010001824                irq_set_pending
 .text.irq_get_vtable_handler
                0x0000000010001834       0x10 CMakeFiles/pico_webserver.dir/pico-sdk/src/rp2_common/hardware_irq/irq.c.obj
                0x0000000010001834                irq_get_vtable_handler
 .text.irq_set_exclusive_handler
                0x0000000010001844       0x54 CMakeFiles/pico_webserver.dir/pico-sdk/src/rp2_common/hardware_irq/irq.c.obj
                0x0000000010001844                irq_set_exclusive_handler
 .text.irq_add_shared_handler
                0x0000000010001898      0x1e8 CMakeFiles/pico_webserver.dir/pico-sdk/src/rp2_common/hardware_irq/irq.c.obj
                0x0000000010001898                irq_add_shared_handler
 .text.irq_remove_handler
                0x0000000010001a80      0x1b0 CMakeFiles/pico_webserver.dir/pico-sdk/src/rp2_common/hardware_irq/irq.c.obj
                0x0000000010001a80                irq_remove_handler
 .text.irq_set_priority
                0x0000000010001c30       0x28 CMakeFiles/pico_webserver.dir/pico-sdk/src/rp2_common/hardware_irq/irq.c.obj
                0x0000000010001c30                irq_set_priority
 .text.irq_add_tail_to_free_list
                0x0000000010001c58       0xb4 CMakeFiles/pico_webserver.dir/pico-sdk/src/rp2_common/hardware_irq/irq.c.obj
                0x0000000010001c58                irq_add_tail_to_free_list
 .text.irq_init_priorities
                0x0000000010001d0c       0x24 CMakeFiles/pico_webserver.dir/pico-sdk/src/rp2_common/hardware_irq/irq.c.obj
                0x0000000010001d0c                irq_init_priorities
 .text.user_irq_unclaim
                0x0000000010001d30       0x14 CMakeFiles/pico_webserver.dir/pico-sdk/src/rp2_common/hardware_irq/irq.c.obj
                0x0000000010001d30                user_irq_unclaim
 .text.user_irq_claim_unused
                0x0000000010001d44       0x28 CMakeFiles/pico_webserver.dir/pico-sdk/src/rp2_common/hardware_irq/irq.c.obj
                0x0000000010001d44                user_irq_claim_unused
 .text.sem_init
                0x0000000010001d6c       0x20 CMakeFiles/pico_webserver.dir/pico-sdk/src/common/pico_sync/sem.c.obj
                0x0000000010001d6c                sem_init
 .text.lock_init
                0x0000000010001d8c       0x10 CMakeFiles/pico_webserver.dir/pico-sdk/src/common/pico_sync/lock_core.c.obj
                0x0000000010001d8c                lock_init
 .text.mutex_init
                0x0000000010001d9c       0x1c CMakeFiles/pico_webserver.dir/pico-sdk/src/common/pico_sync/mutex.c.obj
                0x0000000010001d9c                mutex_init
 .text.recursive_mutex_init
                0x0000000010001db8       0x1c CMakeFiles/pico_webserver.dir/pico-sdk/src/common/pico_sync/mutex.c.obj
                0x0000000010001db8                recursive_mutex_init
 .text.critical_section_init
                0x0000000010001dd4       0x20 CMakeFiles/pico_webserver.dir/pico-sdk/src/common/pico_sync/critical_section.c.obj
                0x0000000010001dd4                critical_section_init
 .text.timer_pool_entry_comparator
                0x0000000010001df4       0x34 CMakeFiles/pico_webserver.dir/pico-sdk/src/common/pico_time/time.c.obj
                0x0000000010001df4                timer_pool_entry_comparator
 .text.sleep_until_callback
                0x0000000010001e28       0x30 CMakeFiles/pico_webserver.dir/pico-sdk/src/common/pico_time/time.c.obj
 .text.add_alarm_under_lock.isra.0
                0x0000000010001e58      0x100 CMakeFiles/pico_webserver.dir/pico-sdk/src/common/pico_time/time.c.obj
 .text.alarm_pool_alarm_callback
                0x0000000010001f58      0x1bc CMakeFiles/pico_webserver.dir/pico-sdk/src/common/pico_time/time.c.obj
 .text.alarm_pool_init_default
                0x0000000010002114       0x6c CMakeFiles/pico_webserver.dir/pico-sdk/src/common/pico_time/time.c.obj
                0x0000000010002114                alarm_pool_init_default
 .text.alarm_pool_get_default
                0x0000000010002180        0x8 CMakeFiles/pico_webserver.dir/pico-sdk/src/common/pico_time/time.c.obj
                0x0000000010002180                alarm_pool_get_default
 .text.alarm_pool_create_with_unused_hardware_alarm
                0x0000000010002188       0x74 CMakeFiles/pico_webserver.dir/pico-sdk/src/common/pico_time/time.c.obj
                0x0000000010002188                alarm_pool_create_with_unused_hardware_alarm
 .text.alarm_pool_destroy
                0x00000000100021fc       0x44 CMakeFiles/pico_webserver.dir/pico-sdk/src/common/pico_time/time.c.obj
                0x00000000100021fc                alarm_pool_destroy
 .text.alarm_pool_add_alarm_at
                0x0000000010002240      0x178 CMakeFiles/pico_webserver.dir/pico-sdk/src/common/pico_time/time.c.obj
                0x0000000010002240                alarm_pool_add_alarm_at
 .text.alarm_pool_add_alarm_at_force_in_context
                0x00000000100023b8      0x124 CMakeFiles/pico_webserver.dir/pico-sdk/src/common/pico_time/time.c.obj
                0x00000000100023b8                alarm_pool_add_alarm_at_force_in_context
 .text.alarm_pool_cancel_alarm
                0x00000000100024dc       0x78 CMakeFiles/pico_webserver.dir/pico-sdk/src/common/pico_time/time.c.obj
                0x00000000100024dc                alarm_pool_cancel_alarm
 .text.alarm_pool_core_num
                0x0000000010002554        0x4 CMakeFiles/pico_webserver.dir/pico-sdk/src/common/pico_time/time.c.obj
                0x0000000010002554                alarm_pool_core_num
 .text.sleep_until
                0x0000000010002558       0xc4 CMakeFiles/pico_webserver.dir/pico-sdk/src/common/pico_time/time.c.obj
                0x0000000010002558                sleep_until
 .text.sleep_ms
                0x000000001000261c       0x34 CMakeFiles/pico_webserver.dir/pico-sdk/src/common/pico_time/time.c.obj
                0x000000001000261c                sleep_ms
 .text.best_effort_wfe_or_timeout
                0x0000000010002650       0xd4 CMakeFiles/pico_webserver.dir/pico-sdk/src/common/pico_time/time.c.obj
                0x0000000010002650                best_effort_wfe_or_timeout
 .text.hardware_alarm_irq_handler
                0x0000000010002724       0xbc CMakeFiles/pico_webserver.dir/pico-sdk/src/rp2_common/hardware_timer/timer.c.obj
 .text.hardware_alarm_claim
                0x00000000100027e0       0x18 CMakeFiles/pico_webserver.dir/pico-sdk/src/rp2_common/hardware_timer/timer.c.obj
                0x00000000100027e0                hardware_alarm_claim
 .text.hardware_alarm_unclaim
                0x00000000100027f8       0x10 CMakeFiles/pico_webserver.dir/pico-sdk/src/rp2_common/hardware_timer/timer.c.obj
                0x00000000100027f8                hardware_alarm_unclaim
 .text.hardware_alarm_claim_unused
                0x0000000010002808       0x20 CMakeFiles/pico_webserver.dir/pico-sdk/src/rp2_common/hardware_timer/timer.c.obj
                0x0000000010002808                hardware_alarm_claim_unused
 .text.time_us_64
                0x0000000010002828       0x14 CMakeFiles/pico_webserver.dir/pico-sdk/src/rp2_common/hardware_timer/timer.c.obj
                0x0000000010002828                time_us_64
 .text.busy_wait_until
                0x000000001000283c       0x20 CMakeFiles/pico_webserver.dir/pico-sdk/src/rp2_common/hardware_timer/timer.c.obj
                0x000000001000283c                busy_wait_until
 .text.hardware_alarm_set_callback
                0x000000001000285c       0x8c CMakeFiles/pico_webserver.dir/pico-sdk/src/rp2_common/hardware_timer/timer.c.obj
                0x000000001000285c                hardware_alarm_set_callback
 .text.hardware_alarm_set_target
                0x00000000100028e8       0xd4 CMakeFiles/pico_webserver.dir/pico-sdk/src/rp2_common/hardware_timer/timer.c.obj
                0x00000000100028e8                hardware_alarm_set_target
 .text.hardware_alarm_cancel
                0x00000000100029bc       0x3c CMakeFiles/pico_webserver.dir/pico-sdk/src/rp2_common/hardware_timer/timer.c.obj
                0x00000000100029bc                hardware_alarm_cancel
 .text.hardware_alarm_force_irq
                0x00000000100029f8       0x3c CMakeFiles/pico_webserver.dir/pico-sdk/src/rp2_common/hardware_timer/timer.c.obj
                0x00000000100029f8                hardware_alarm_force_irq
 .text.ph_merge_nodes
                0x0000000010002a34       0x68 CMakeFiles/pico_webserver.dir/pico-sdk/src/common/pico_util/pheap.c.obj
 .text.ph_create
                0x0000000010002a9c       0x60 CMakeFiles/pico_webserver.dir/pico-sdk/src/common/pico_util/pheap.c.obj
                0x0000000010002a9c                ph_create
 .text.ph_post_alloc_init
                0x0000000010002afc       0x3c CMakeFiles/pico_webserver.dir/pico-sdk/src/common/pico_util/pheap.c.obj
                0x0000000010002afc                ph_post_alloc_init
 .text.ph_destroy
                0x0000000010002b38       0x14 CMakeFiles/pico_webserver.dir/pico-sdk/src/common/pico_util/pheap.c.obj
                0x0000000010002b38                ph_destroy
 .text.ph_merge_two_pass
                0x0000000010002b4c       0x90 CMakeFiles/pico_webserver.dir/pico-sdk/src/common/pico_util/pheap.c.obj
                0x0000000010002b4c                ph_merge_two_pass
 .text.ph_remove_any_head
                0x0000000010002bdc      0x100 CMakeFiles/pico_webserver.dir/pico-sdk/src/common/pico_util/pheap.c.obj
 .text.ph_remove_head
                0x0000000010002cdc      0x104 CMakeFiles/pico_webserver.dir/pico-sdk/src/common/pico_util/pheap.c.obj
                0x0000000010002cdc                ph_remove_head
 .text.ph_remove_and_free_node
                0x0000000010002de0       0x7c CMakeFiles/pico_webserver.dir/pico-sdk/src/common/pico_util/pheap.c.obj
                0x0000000010002de0                ph_remove_and_free_node
 .text.queue_init_with_spinlock
                0x0000000010002e5c       0x24 CMakeFiles/pico_webserver.dir/pico-sdk/src/common/pico_util/queue.c.obj
                0x0000000010002e5c                queue_init_with_spinlock
 .text.queue_try_add
                0x0000000010002e80       0x70 CMakeFiles/pico_webserver.dir/pico-sdk/src/common/pico_util/queue.c.obj
                0x0000000010002e80                queue_try_add
 .text.clock_configure
                0x0000000010002ef0      0x118 CMakeFiles/pico_webserver.dir/pico-sdk/src/rp2_common/hardware_clocks/clocks.c.obj
                0x0000000010002ef0                clock_configure
 .text.clocks_init
                0x0000000010003008      0x2d0 CMakeFiles/pico_webserver.dir/pico-sdk/src/rp2_common/hardware_clocks/clocks.c.obj
                0x0000000010003008                clocks_init
 .text.clock_get_hz
                0x00000000100032d8        0xc CMakeFiles/pico_webserver.dir/pico-sdk/src/rp2_common/hardware_clocks/clocks.c.obj
                0x00000000100032d8                clock_get_hz
 .text.pll_init
                0x00000000100032e4       0xa0 CMakeFiles/pico_webserver.dir/pico-sdk/src/rp2_common/hardware_pll/pll.c.obj
                0x00000000100032e4                pll_init
 .text.watchdog_start_tick
                0x0000000010003384       0x10 CMakeFiles/pico_webserver.dir/pico-sdk/src/rp2_common/hardware_watchdog/watchdog.c.obj
                0x0000000010003384                watchdog_start_tick
 .text.xosc_init
                0x0000000010003394       0x28 CMakeFiles/pico_webserver.dir/pico-sdk/src/rp2_common/hardware_xosc/xosc.c.obj
                0x0000000010003394                xosc_init
 .text.runtime_init
                0x00000000100033bc       0xf0 CMakeFiles/pico_webserver.dir/pico-sdk/src/rp2_common/pico_runtime/runtime.c.obj
                0x00000000100033bc                runtime_init
 .text._exit    0x00000000100034ac       0x14 CMakeFiles/pico_webserver.dir/pico-sdk/src/rp2_common/pico_runtime/runtime.c.obj
                0x00000000100034ac                _exit
 .text._sbrk    0x00000000100034c0       0x34 CMakeFiles/pico_webserver.dir/pico-sdk/src/rp2_common/pico_runtime/runtime.c.obj
                0x00000000100034c0                _sbrk
 .text.exit     0x00000000100034f4        0x8 CMakeFiles/pico_webserver.dir/pico-sdk/src/rp2_common/pico_runtime/runtime.c.obj
                0x00000000100034f4                exit
 .text.panic    0x00000000100034fc       0x30 CMakeFiles/pico_webserver.dir/pico-sdk/src/rp2_common/pico_runtime/runtime.c.obj
                0x00000000100034fc                panic
 .text.hard_assertion_failure
                0x000000001000352c        0xc CMakeFiles/pico_webserver.dir/pico-sdk/src/rp2_common/pico_runtime/runtime.c.obj
                0x000000001000352c                hard_assertion_failure
 .text._out_buffer
                0x0000000010003538        0x8 CMakeFiles/pico_webserver.dir/pico-sdk/src/rp2_common/pico_printf/printf.c.obj
 .text._out_null
                0x0000000010003540        0x4 CMakeFiles/pico_webserver.dir/pico-sdk/src/rp2_common/pico_printf/printf.c.obj
 .text._out_rev
                0x0000000010003544       0x9c CMakeFiles/pico_webserver.dir/pico-sdk/src/rp2_common/pico_printf/printf.c.obj
 .text._ntoa_format
                0x00000000100035e0      0x1cc CMakeFiles/pico_webserver.dir/pico-sdk/src/rp2_common/pico_printf/printf.c.obj
 .text._out_char
                0x00000000100037ac       0x10 CMakeFiles/pico_webserver.dir/pico-sdk/src/rp2_common/pico_printf/printf.c.obj
 .text._out_fct
                0x00000000100037bc       0x10 CMakeFiles/pico_webserver.dir/pico-sdk/src/rp2_common/pico_printf/printf.c.obj
 .text._etoa    0x00000000100037cc      0x44c CMakeFiles/pico_webserver.dir/pico-sdk/src/rp2_common/pico_printf/printf.c.obj
 .text._ftoa    0x0000000010003c18      0x398 CMakeFiles/pico_webserver.dir/pico-sdk/src/rp2_common/pico_printf/printf.c.obj
 .text._vsnprintf
                0x0000000010003fb0      0xb04 CMakeFiles/pico_webserver.dir/pico-sdk/src/rp2_common/pico_printf/printf.c.obj
 .text.__wrap_sprintf
                0x0000000010004ab4       0x28 CMakeFiles/pico_webserver.dir/pico-sdk/src/rp2_common/pico_printf/printf.c.obj
                0x0000000010004ab4                __wrap_sprintf
 .text.__wrap_snprintf
                0x0000000010004adc       0x28 CMakeFiles/pico_webserver.dir/pico-sdk/src/rp2_common/pico_printf/printf.c.obj
                0x0000000010004adc                __wrap_snprintf
 .text.vfctprintf
                0x0000000010004b04       0x20 CMakeFiles/pico_webserver.dir/pico-sdk/src/rp2_common/pico_printf/printf.c.obj
                0x0000000010004b04                vfctprintf
 .text.weak_raw_vprintf
                0x0000000010004b24       0x30 CMakeFiles/pico_webserver.dir/pico-sdk/src/rp2_common/pico_printf/printf.c.obj
                0x0000000010004b24                weak_raw_vprintf
 .text          0x0000000010004b54       0x10 CMakeFiles/pico_webserver.dir/pico-sdk/src/rp2_common/pico_bit_ops/bit_ops_aeabi.S.obj
 .text.ctzsi    0x0000000010004b64        0xc CMakeFiles/pico_webserver.dir/pico-sdk/src/rp2_common/pico_bit_ops/bit_ops_aeabi.S.obj
                0x0000000010004b64                __wrap___ctzsi2
 .text.rom_func_lookup
                0x0000000010004b70       0x10 CMakeFiles/pico_webserver.dir/pico-sdk/src/rp2_common/pico_bootrom/bootrom.c.obj
                0x0000000010004b70                rom_func_lookup
 .text.rom_data_lookup
                0x0000000010004b80       0x10 CMakeFiles/pico_webserver.dir/pico-sdk/src/rp2_common/pico_bootrom/bootrom.c.obj
                0x0000000010004b80                rom_data_lookup
 .text.rom_funcs_lookup
                0x0000000010004b90       0x44 CMakeFiles/pico_webserver.dir/pico-sdk/src/rp2_common/pico_bootrom/bootrom.c.obj
                0x0000000010004b90                rom_funcs_lookup
 .text.__wrap___aeabi_idiv
                0x0000000010004bd4       0x50 CMakeFiles/pico_webserver.dir/pico-sdk/src/rp2_common/pico_divider/divider.S.obj
                0x0000000010004bd4                __wrap___aeabi_idivmod
                0x0000000010004bd4                divmod_s32s32
                0x0000000010004bd4                div_s32s32
                0x0000000010004bd4                __wrap___aeabi_idiv
                0x0000000010004bdc                divmod_s32s32_unsafe
                0x0000000010004c08                divmod_s32s32_savestate
 .text.__wrap___aeabi_uidiv
                0x0000000010004c24       0x4c CMakeFiles/pico_webserver.dir/pico-sdk/src/rp2_common/pico_divider/divider.S.obj
                0x0000000010004c24                __wrap___aeabi_uidiv
                0x0000000010004c24                __wrap___aeabi_uidivmod
                0x0000000010004c24                div_u32u32
                0x0000000010004c24                divmod_u32u32
                0x0000000010004c2c                divmod_u32u32_unsafe
                0x0000000010004c54                divmod_u32u32_savestate
 .text.__wrap___aeabi_ldiv
                0x0000000010004c70      0x424 CMakeFiles/pico_webserver.dir/pico-sdk/src/rp2_common/pico_divider/divider.S.obj
                0x0000000010004c70                div_s64s64
                0x0000000010004c70                divmod_s64s64
                0x0000000010004c70                __wrap___aeabi_ldivmod
                0x0000000010004ca0                div_u64u64
                0x0000000010004ca0                divmod_u64u64
                0x0000000010004ca0                __wrap___aeabi_uldivmod
                0x0000000010004cb0                divmod_u64u64_savestate
                0x0000000010004cd0                divmod_s64s64_unsafe
                0x0000000010004d58                divmod_u64u64_unsafe
 .text.__wrap___aeabi_darithmetic
                0x0000000010005094       0x60 CMakeFiles/pico_webserver.dir/pico-sdk/src/rp2_common/pico_double/double_aeabi.S.obj
                0x0000000010005094                __wrap___aeabi_drsub
                0x000000001000509a                __wrap___aeabi_dsub
                0x00000000100050a4                __wrap___aeabi_dadd
                0x00000000100050ae                __wrap___aeabi_ddiv
                0x00000000100050e2                __wrap___aeabi_dmul
 .text.__wrap___aeabi_cdcmple
                0x00000000100050f4       0x6c CMakeFiles/pico_webserver.dir/pico-sdk/src/rp2_common/pico_double/double_aeabi.S.obj
                0x00000000100050f4                __wrap___aeabi_cdrcmple
                0x0000000010005104                __wrap___aeabi_cdcmple
                0x0000000010005104                __wrap___aeabi_cdcmpeq
 .text.__wrap___aeabi_dcmplt
                0x0000000010005160        0xc CMakeFiles/pico_webserver.dir/pico-sdk/src/rp2_common/pico_double/double_aeabi.S.obj
                0x0000000010005160                __wrap___aeabi_dcmplt
 .text.__wrap___aeabi_dcmple
                0x000000001000516c       0x10 CMakeFiles/pico_webserver.dir/pico-sdk/src/rp2_common/pico_double/double_aeabi.S.obj
                0x000000001000516c                __wrap___aeabi_dcmple
 .text.__wrap___aeabi_dcmpge
                0x000000001000517c       0x10 CMakeFiles/pico_webserver.dir/pico-sdk/src/rp2_common/pico_double/double_aeabi.S.obj
                0x000000001000517c                __wrap___aeabi_dcmpge
 .text.__wrap___aeabi_dcmpgt
                0x000000001000518c        0xa CMakeFiles/pico_webserver.dir/pico-sdk/src/rp2_common/pico_double/double_aeabi.S.obj
                0x000000001000518c                __wrap___aeabi_dcmpgt
 .text.__wrap___aeabi_dcmpun
                0x0000000010005196       0x1c CMakeFiles/pico_webserver.dir/pico-sdk/src/rp2_common/pico_double/double_aeabi.S.obj
                0x0000000010005196                __wrap___aeabi_dcmpun
 *fill*         0x00000000100051b2        0x2 
 .text.__wrap___aeabi_i2d
                0x00000000100051b4       0x38 CMakeFiles/pico_webserver.dir/pico-sdk/src/rp2_common/pico_double/double_aeabi.S.obj
                0x00000000100051b4                __wrap___aeabi_ui2d
                0x00000000100051bc                __wrap___aeabi_i2d
 .text.__wrap___aeabi_d2iz
                0x00000000100051ec       0x48 CMakeFiles/pico_webserver.dir/pico-sdk/src/rp2_common/pico_double/double_aeabi.S.obj
                0x00000000100051ec                __wrap___aeabi_d2iz
                0x00000000100051ec                double2int_z
 .text.__wrap___aeabi_d2uiz
                0x0000000010005234       0x10 CMakeFiles/pico_webserver.dir/pico-sdk/src/rp2_common/pico_double/double_aeabi.S.obj
                0x0000000010005234                double2uint
                0x0000000010005234                __wrap___aeabi_d2uiz
 .text.missing_double_func_shim
                0x0000000010005244        0xc CMakeFiles/pico_webserver.dir/pico-sdk/src/rp2_common/pico_double/double_init_rom.c.obj
 .text.__aeabi_double_init
                0x0000000010005250       0x98 CMakeFiles/pico_webserver.dir/pico-sdk/src/rp2_common/pico_double/double_init_rom.c.obj
                0x0000000010005250                __aeabi_double_init
 .text.double_table_shim_on_use_helper
                0x00000000100052e8       0x2c CMakeFiles/pico_webserver.dir/pico-sdk/src/rp2_common/pico_double/double_v1_rom_shim.S.obj
                0x00000000100052e8                double_table_shim_on_use_helper
 .text.__aeabi_lmul
                0x0000000010005314       0x32 CMakeFiles/pico_webserver.dir/pico-sdk/src/rp2_common/pico_int64_ops/pico_int64_ops_aeabi.S.obj
                0x0000000010005314                __wrap___aeabi_lmul
 *fill*         0x0000000010005346        0x2 
 .text.__wrap___aeabi_farithmetic
                0x0000000010005348       0x48 CMakeFiles/pico_webserver.dir/pico-sdk/src/rp2_common/pico_float/float_aeabi.S.obj
                0x0000000010005348                __wrap___aeabi_frsub
                0x000000001000534e                __wrap___aeabi_fsub
                0x0000000010005354                __wrap___aeabi_fadd
                0x000000001000535a                __wrap___aeabi_fdiv
                0x0000000010005382                __wrap___aeabi_fmul
 .text.__wrap___aeabi_i2f
                0x0000000010005390       0x44 CMakeFiles/pico_webserver.dir/pico-sdk/src/rp2_common/pico_float/float_aeabi.S.obj
                0x0000000010005390                __wrap___aeabi_i2f
 .text.__wrap___aeabi_f2d
                0x00000000100053d4        0xc CMakeFiles/pico_webserver.dir/pico-sdk/src/rp2_common/pico_float/float_aeabi.S.obj
                0x00000000100053d4                __wrap___aeabi_f2d
 .text.missing_float_func_shim
                0x00000000100053e0        0xc CMakeFiles/pico_webserver.dir/pico-sdk/src/rp2_common/pico_float/float_init_rom.c.obj
 .text.__aeabi_float_init
                0x00000000100053ec       0x5c CMakeFiles/pico_webserver.dir/pico-sdk/src/rp2_common/pico_float/float_init_rom.c.obj
                0x00000000100053ec                __aeabi_float_init
 .text.__wrap_malloc
                0x0000000010005448       0x3c CMakeFiles/pico_webserver.dir/pico-sdk/src/rp2_common/pico_malloc/pico_malloc.c.obj
                0x0000000010005448                __wrap_malloc
 .text.__wrap_calloc
                0x0000000010005484       0x40 CMakeFiles/pico_webserver.dir/pico-sdk/src/rp2_common/pico_malloc/pico_malloc.c.obj
                0x0000000010005484                __wrap_calloc
 .text.__wrap_free
                0x00000000100054c4       0x20 CMakeFiles/pico_webserver.dir/pico-sdk/src/rp2_common/pico_malloc/pico_malloc.c.obj
                0x00000000100054c4                __wrap_free
 .text          0x00000000100054e4       0x10 CMakeFiles/pico_webserver.dir/pico-sdk/src/rp2_common/pico_mem_ops/mem_ops_aeabi.S.obj
                0x00000000100054e4                __aeabi_mem_init
 .text.memset   0x00000000100054f4        0xc CMakeFiles/pico_webserver.dir/pico-sdk/src/rp2_common/pico_mem_ops/mem_ops_aeabi.S.obj
                0x00000000100054f4                __wrap_memset
 .text.memcpy   0x0000000010005500        0xc CMakeFiles/pico_webserver.dir/pico-sdk/src/rp2_common/pico_mem_ops/mem_ops_aeabi.S.obj
                0x0000000010005500                __wrap___aeabi_memcpy
                0x0000000010005500                __wrap_memcpy
 .text.stdio_out_chars_no_crlf
                0x000000001000550c       0x10 CMakeFiles/pico_webserver.dir/pico-sdk/src/rp2_common/pico_stdio/stdio.c.obj
 .text.stdio_out_chars_crlf
                0x000000001000551c       0xb4 CMakeFiles/pico_webserver.dir/pico-sdk/src/rp2_common/pico_stdio/stdio.c.obj
 .text.stdio_buffered_printer
                0x00000000100055d0       0x64 CMakeFiles/pico_webserver.dir/pico-sdk/src/rp2_common/pico_stdio/stdio.c.obj
 .text.stdio_put_string.isra.0
                0x0000000010005634       0xfc CMakeFiles/pico_webserver.dir/pico-sdk/src/rp2_common/pico_stdio/stdio.c.obj
 .text.__wrap_putchar
                0x0000000010005730       0x98 CMakeFiles/pico_webserver.dir/pico-sdk/src/rp2_common/pico_stdio/stdio.c.obj
                0x0000000010005730                __wrap_putchar
 .text.__wrap_puts
                0x00000000100057c8       0x3c CMakeFiles/pico_webserver.dir/pico-sdk/src/rp2_common/pico_stdio/stdio.c.obj
                0x00000000100057c8                __wrap_puts
 .text.__wrap_vprintf
                0x0000000010005804       0xd8 CMakeFiles/pico_webserver.dir/pico-sdk/src/rp2_common/pico_stdio/stdio.c.obj
                0x0000000010005804                __wrap_vprintf
 .text.__wrap_printf
                0x00000000100058dc       0x18 CMakeFiles/pico_webserver.dir/pico-sdk/src/rp2_common/pico_stdio/stdio.c.obj
                0x00000000100058dc                __wrap_printf
 .text.startup._retrieve_unique_id_on_boot
                0x00000000100058f4       0x10 CMakeFiles/pico_webserver.dir/pico-sdk/src/rp2_common/pico_unique_id/unique_id.c.obj
 .text.pico_get_unique_board_id
                0x0000000010005904       0x10 CMakeFiles/pico_webserver.dir/pico-sdk/src/rp2_common/pico_unique_id/unique_id.c.obj
                0x0000000010005904                pico_get_unique_board_id
 .text.flash_get_unique_id
                0x0000000010005914       0x40 CMakeFiles/pico_webserver.dir/pico-sdk/src/rp2_common/hardware_flash/flash.c.obj
                0x0000000010005914                flash_get_unique_id
 .text.dcd_int_enable
                0x0000000010005954        0xc CMakeFiles/pico_webserver.dir/pico-sdk/lib/tinyusb/src/portable/raspberrypi/rp2040/dcd_rp2040.c.obj
                0x0000000010005954                dcd_int_enable
 .text.dcd_set_address
                0x0000000010005960       0x14 CMakeFiles/pico_webserver.dir/pico-sdk/lib/tinyusb/src/portable/raspberrypi/rp2040/dcd_rp2040.c.obj
                0x0000000010005960                dcd_set_address
 .text.dcd_connect
                0x0000000010005974       0x10 CMakeFiles/pico_webserver.dir/pico-sdk/lib/tinyusb/src/portable/raspberrypi/rp2040/dcd_rp2040.c.obj
                0x0000000010005974                dcd_connect
 .text.dcd_init
                0x0000000010005984       0x98 CMakeFiles/pico_webserver.dir/pico-sdk/lib/tinyusb/src/portable/raspberrypi/rp2040/dcd_rp2040.c.obj
                0x0000000010005984                dcd_init
 .text.dcd_edpt0_status_complete
                0x0000000010005a1c       0x1c CMakeFiles/pico_webserver.dir/pico-sdk/lib/tinyusb/src/portable/raspberrypi/rp2040/dcd_rp2040.c.obj
                0x0000000010005a1c                dcd_edpt0_status_complete
 .text.dcd_edpt_open
                0x0000000010005a38      0x108 CMakeFiles/pico_webserver.dir/pico-sdk/lib/tinyusb/src/portable/raspberrypi/rp2040/dcd_rp2040.c.obj
                0x0000000010005a38                dcd_edpt_open
 .text.dcd_edpt_close_all
                0x0000000010005b40        0x8 CMakeFiles/pico_webserver.dir/pico-sdk/lib/tinyusb/src/portable/raspberrypi/rp2040/dcd_rp2040.c.obj
                0x0000000010005b40                dcd_edpt_close_all
 .text.dcd_edpt_xfer
                0x0000000010005b48       0x24 CMakeFiles/pico_webserver.dir/pico-sdk/lib/tinyusb/src/portable/raspberrypi/rp2040/dcd_rp2040.c.obj
                0x0000000010005b48                dcd_edpt_xfer
 .text.dcd_edpt_stall
                0x0000000010005b6c       0x38 CMakeFiles/pico_webserver.dir/pico-sdk/lib/tinyusb/src/portable/raspberrypi/rp2040/dcd_rp2040.c.obj
                0x0000000010005b6c                dcd_edpt_stall
 .text.dcd_edpt_clear_stall
                0x0000000010005ba4       0x30 CMakeFiles/pico_webserver.dir/pico-sdk/lib/tinyusb/src/portable/raspberrypi/rp2040/dcd_rp2040.c.obj
                0x0000000010005ba4                dcd_edpt_clear_stall
 .text.rp2040_usb_init
                0x0000000010005bd4       0x4c CMakeFiles/pico_webserver.dir/pico-sdk/lib/tinyusb/src/portable/raspberrypi/rp2040/rp2040_usb.c.obj
                0x0000000010005bd4                rp2040_usb_init
 .text.hw_endpoint_xfer_start
                0x0000000010005c20       0x50 CMakeFiles/pico_webserver.dir/pico-sdk/lib/tinyusb/src/portable/raspberrypi/rp2040/rp2040_usb.c.obj
                0x0000000010005c20                hw_endpoint_xfer_start
 .text.tud_mounted
                0x0000000010005c70       0x10 CMakeFiles/pico_webserver.dir/pico-sdk/lib/tinyusb/src/device/usbd.c.obj
                0x0000000010005c70                tud_mounted
 .text.tud_suspended
                0x0000000010005c80       0x10 CMakeFiles/pico_webserver.dir/pico-sdk/lib/tinyusb/src/device/usbd.c.obj
                0x0000000010005c80                tud_suspended
 .text.tud_inited
                0x0000000010005c90       0x14 CMakeFiles/pico_webserver.dir/pico-sdk/lib/tinyusb/src/device/usbd.c.obj
                0x0000000010005c90                tud_inited
 .text.tud_init
                0x0000000010005ca4       0xe4 CMakeFiles/pico_webserver.dir/pico-sdk/lib/tinyusb/src/device/usbd.c.obj
                0x0000000010005ca4                tud_init
 .text.tud_task_ext
                0x0000000010005d88      0x870 CMakeFiles/pico_webserver.dir/pico-sdk/lib/tinyusb/src/device/usbd.c.obj
                0x0000000010005d88                tud_task_ext
 .text.usbd_open_edpt_pair
                0x00000000100065f8       0x9c CMakeFiles/pico_webserver.dir/pico-sdk/lib/tinyusb/src/device/usbd.c.obj
                0x00000000100065f8                usbd_open_edpt_pair
 .text.usbd_edpt_open
                0x0000000010006694       0x34 CMakeFiles/pico_webserver.dir/pico-sdk/lib/tinyusb/src/device/usbd.c.obj
                0x0000000010006694                usbd_edpt_open
 .text.usbd_edpt_xfer
                0x00000000100066c8       0x4c CMakeFiles/pico_webserver.dir/pico-sdk/lib/tinyusb/src/device/usbd.c.obj
                0x00000000100066c8                usbd_edpt_xfer
 .text.usbd_edpt_busy
                0x0000000010006714       0x1c CMakeFiles/pico_webserver.dir/pico-sdk/lib/tinyusb/src/device/usbd.c.obj
                0x0000000010006714                usbd_edpt_busy
 .text.tud_control_status
                0x0000000010006730       0x30 CMakeFiles/pico_webserver.dir/pico-sdk/lib/tinyusb/src/device/usbd_control.c.obj
                0x0000000010006730                tud_control_status
 .text.tud_control_xfer
                0x0000000010006760       0xbc CMakeFiles/pico_webserver.dir/pico-sdk/lib/tinyusb/src/device/usbd_control.c.obj
                0x0000000010006760                tud_control_xfer
 .text.usbd_control_reset
                0x000000001000681c       0x14 CMakeFiles/pico_webserver.dir/pico-sdk/lib/tinyusb/src/device/usbd_control.c.obj
                0x000000001000681c                usbd_control_reset
 .text.usbd_control_set_complete_callback
                0x0000000010006830        0xc CMakeFiles/pico_webserver.dir/pico-sdk/lib/tinyusb/src/device/usbd_control.c.obj
                0x0000000010006830                usbd_control_set_complete_callback
 .text.usbd_control_set_request
                0x000000001000683c       0x1c CMakeFiles/pico_webserver.dir/pico-sdk/lib/tinyusb/src/device/usbd_control.c.obj
                0x000000001000683c                usbd_control_set_request
 .text.usbd_control_xfer_cb
                0x0000000010006858       0xfc CMakeFiles/pico_webserver.dir/pico-sdk/lib/tinyusb/src/device/usbd_control.c.obj
                0x0000000010006858                usbd_control_xfer_cb
 .text.tud_network_recv_renew
                0x0000000010006954       0x20 CMakeFiles/pico_webserver.dir/pico-sdk/lib/tinyusb/src/class/net/ecm_rndis_device.c.obj
                0x0000000010006954                tud_network_recv_renew
 .text.netd_report
                0x0000000010006974       0x24 CMakeFiles/pico_webserver.dir/pico-sdk/lib/tinyusb/src/class/net/ecm_rndis_device.c.obj
                0x0000000010006974                netd_report
 .text.netd_init
                0x0000000010006998       0x14 CMakeFiles/pico_webserver.dir/pico-sdk/lib/tinyusb/src/class/net/ecm_rndis_device.c.obj
                0x0000000010006998                netd_init
 .text.netd_reset
                0x00000000100069ac       0x14 CMakeFiles/pico_webserver.dir/pico-sdk/lib/tinyusb/src/class/net/ecm_rndis_device.c.obj
                0x00000000100069ac                netd_reset
 .text.netd_open
                0x00000000100069c0      0x11c CMakeFiles/pico_webserver.dir/pico-sdk/lib/tinyusb/src/class/net/ecm_rndis_device.c.obj
                0x00000000100069c0                netd_open
 .text.netd_control_xfer_cb
                0x0000000010006adc      0x174 CMakeFiles/pico_webserver.dir/pico-sdk/lib/tinyusb/src/class/net/ecm_rndis_device.c.obj
                0x0000000010006adc                netd_control_xfer_cb
 .text.netd_xfer_cb
                0x0000000010006c50       0xec CMakeFiles/pico_webserver.dir/pico-sdk/lib/tinyusb/src/class/net/ecm_rndis_device.c.obj
                0x0000000010006c50                netd_xfer_cb
 .text.tud_network_can_xmit
                0x0000000010006d3c        0xc CMakeFiles/pico_webserver.dir/pico-sdk/lib/tinyusb/src/class/net/ecm_rndis_device.c.obj
                0x0000000010006d3c                tud_network_can_xmit
 .text.tud_network_xmit
                0x0000000010006d48       0x98 CMakeFiles/pico_webserver.dir/pico-sdk/lib/tinyusb/src/class/net/ecm_rndis_device.c.obj
                0x0000000010006d48                tud_network_xmit
 .text.tusb_init
                0x0000000010006de0        0xc CMakeFiles/pico_webserver.dir/pico-sdk/lib/tinyusb/src/tusb.c.obj
                0x0000000010006de0                tusb_init
 .text.tusb_inited
                0x0000000010006dec        0x8 CMakeFiles/pico_webserver.dir/pico-sdk/lib/tinyusb/src/tusb.c.obj
                0x0000000010006dec                tusb_inited
 .text.tu_edpt_validate
                0x0000000010006df4       0x78 CMakeFiles/pico_webserver.dir/pico-sdk/lib/tinyusb/src/tusb.c.obj
                0x0000000010006df4                tu_edpt_validate
 .text.tu_edpt_bind_driver
                0x0000000010006e6c       0x34 CMakeFiles/pico_webserver.dir/pico-sdk/lib/tinyusb/src/tusb.c.obj
                0x0000000010006e6c                tu_edpt_bind_driver
 .text.tu_fifo_read
                0x0000000010006ea0       0xa0 CMakeFiles/pico_webserver.dir/pico-sdk/lib/tinyusb/src/common/tusb_fifo.c.obj
                0x0000000010006ea0                tu_fifo_read
 .text.tu_fifo_write
                0x0000000010006f40       0x88 CMakeFiles/pico_webserver.dir/pico-sdk/lib/tinyusb/src/common/tusb_fifo.c.obj
                0x0000000010006f40                tu_fifo_write
 .text.tu_fifo_clear
                0x0000000010006fc8       0x40 CMakeFiles/pico_webserver.dir/pico-sdk/lib/tinyusb/src/common/tusb_fifo.c.obj
                0x0000000010006fc8                tu_fifo_clear
 .text.cyw43_arch_set_async_context
                0x0000000010007008        0xc CMakeFiles/pico_webserver.dir/pico-sdk/src/rp2_common/pico_cyw43_arch/cyw43_arch.c.obj
                0x0000000010007008                cyw43_arch_set_async_context
 .text.cyw43_arch_enable_sta_mode
                0x0000000010007014       0x1c CMakeFiles/pico_webserver.dir/pico-sdk/src/rp2_common/pico_cyw43_arch/cyw43_arch.c.obj
                0x0000000010007014                cyw43_arch_enable_sta_mode
 .text.cyw43_arch_init_with_country
                0x0000000010007030       0x10 CMakeFiles/pico_webserver.dir/pico-sdk/src/rp2_common/pico_cyw43_arch/cyw43_arch.c.obj
                0x0000000010007030                cyw43_arch_init_with_country
 .text.cyw43_arch_gpio_put
                0x0000000010007040       0x14 CMakeFiles/pico_webserver.dir/pico-sdk/src/rp2_common/pico_cyw43_arch/cyw43_arch.c.obj
                0x0000000010007040                cyw43_arch_gpio_put
 .text.cyw43_arch_async_context
                0x0000000010007054        0xc CMakeFiles/pico_webserver.dir/pico-sdk/src/rp2_common/pico_cyw43_arch/cyw43_arch.c.obj
                0x0000000010007054                cyw43_arch_async_context
 .text.cyw43_arch_init
                0x0000000010007060       0x6c CMakeFiles/pico_webserver.dir/pico-sdk/src/rp2_common/pico_cyw43_arch/cyw43_arch_threadsafe_background.c.obj
                0x0000000010007060                cyw43_arch_init
 .text.ns_delay.constprop.0
                0x00000000100070cc       0x20 CMakeFiles/pico_webserver.dir/pico-sdk/src/rp2_common/pico_cyw43_driver/cyw43_bus_pio_spi.c.obj
 .text.cyw43_spi_deinit
                0x00000000100070ec       0x7c CMakeFiles/pico_webserver.dir/pico-sdk/src/rp2_common/pico_cyw43_driver/cyw43_bus_pio_spi.c.obj
                0x00000000100070ec                cyw43_spi_deinit
 .text.cyw43_spi_init
                0x0000000010007168      0x154 CMakeFiles/pico_webserver.dir/pico-sdk/src/rp2_common/pico_cyw43_driver/cyw43_bus_pio_spi.c.obj
                0x0000000010007168                cyw43_spi_init
 .text.cyw43_spi_transfer
                0x00000000100072bc      0x430 CMakeFiles/pico_webserver.dir/pico-sdk/src/rp2_common/pico_cyw43_driver/cyw43_bus_pio_spi.c.obj
                0x00000000100072bc                cyw43_spi_transfer
 .text.cyw43_spi_gpio_setup
                0x00000000100076ec       0x3c CMakeFiles/pico_webserver.dir/pico-sdk/src/rp2_common/pico_cyw43_driver/cyw43_bus_pio_spi.c.obj
                0x00000000100076ec                cyw43_spi_gpio_setup
 .text.cyw43_spi_reset
                0x0000000010007728       0x28 CMakeFiles/pico_webserver.dir/pico-sdk/src/rp2_common/pico_cyw43_driver/cyw43_bus_pio_spi.c.obj
                0x0000000010007728                cyw43_spi_reset
 .text.read_reg_u32_swap
                0x0000000010007750       0x3c CMakeFiles/pico_webserver.dir/pico-sdk/src/rp2_common/pico_cyw43_driver/cyw43_bus_pio_spi.c.obj
                0x0000000010007750                read_reg_u32_swap
 .text.cyw43_read_reg_u32
                0x000000001000778c       0x6c CMakeFiles/pico_webserver.dir/pico-sdk/src/rp2_common/pico_cyw43_driver/cyw43_bus_pio_spi.c.obj
                0x000000001000778c                cyw43_read_reg_u32
 .text.cyw43_read_reg_u16
                0x00000000100077f8       0x6c CMakeFiles/pico_webserver.dir/pico-sdk/src/rp2_common/pico_cyw43_driver/cyw43_bus_pio_spi.c.obj
                0x00000000100077f8                cyw43_read_reg_u16
 .text.cyw43_read_reg_u8
                0x0000000010007864       0x6c CMakeFiles/pico_webserver.dir/pico-sdk/src/rp2_common/pico_cyw43_driver/cyw43_bus_pio_spi.c.obj
                0x0000000010007864                cyw43_read_reg_u8
 .text.write_reg_u32_swap
                0x00000000100078d0      0x1e0 CMakeFiles/pico_webserver.dir/pico-sdk/src/rp2_common/pico_cyw43_driver/cyw43_bus_pio_spi.c.obj
                0x00000000100078d0                write_reg_u32_swap
 .text.cyw43_write_reg_u32
                0x0000000010007ab0      0x200 CMakeFiles/pico_webserver.dir/pico-sdk/src/rp2_common/pico_cyw43_driver/cyw43_bus_pio_spi.c.obj
                0x0000000010007ab0                cyw43_write_reg_u32
 .text.cyw43_write_reg_u16
                0x0000000010007cb0      0x200 CMakeFiles/pico_webserver.dir/pico-sdk/src/rp2_common/pico_cyw43_driver/cyw43_bus_pio_spi.c.obj
                0x0000000010007cb0                cyw43_write_reg_u16
 .text.cyw43_write_reg_u8
                0x0000000010007eb0      0x200 CMakeFiles/pico_webserver.dir/pico-sdk/src/rp2_common/pico_cyw43_driver/cyw43_bus_pio_spi.c.obj
                0x0000000010007eb0                cyw43_write_reg_u8
 .text.cyw43_read_bytes
                0x00000000100080b0       0x78 CMakeFiles/pico_webserver.dir/pico-sdk/src/rp2_common/pico_cyw43_driver/cyw43_bus_pio_spi.c.obj
                0x00000000100080b0                cyw43_read_bytes
 .text.cyw43_write_bytes
                0x0000000010008128       0xec CMakeFiles/pico_webserver.dir/pico-sdk/src/rp2_common/pico_cyw43_driver/cyw43_bus_pio_spi.c.obj
                0x0000000010008128                cyw43_write_bytes
 .text.cyw43_set_backplane_window
                0x0000000010008214       0x64 CMakeFiles/pico_webserver.dir/pico-sdk/lib/cyw43-driver/src/cyw43_ll.c.obj
 .text.cyw43_ll_parse_async_event
                0x0000000010008278      0x13c CMakeFiles/pico_webserver.dir/pico-sdk/lib/cyw43-driver/src/cyw43_ll.c.obj
 .text.cyw43_kso_set
                0x00000000100083b4       0xa0 CMakeFiles/pico_webserver.dir/pico-sdk/lib/cyw43-driver/src/cyw43_ll.c.obj
 .text.cyw43_ll_sdpcm_poll_device
                0x0000000010008454      0x238 CMakeFiles/pico_webserver.dir/pico-sdk/lib/cyw43-driver/src/cyw43_ll.c.obj
 .text.cyw43_sdpcm_send_common
                0x000000001000868c       0xf0 CMakeFiles/pico_webserver.dir/pico-sdk/lib/cyw43-driver/src/cyw43_ll.c.obj
 .text.cyw43_do_ioctl
                0x000000001000877c      0x110 CMakeFiles/pico_webserver.dir/pico-sdk/lib/cyw43-driver/src/cyw43_ll.c.obj
 .text.cyw43_do_ioctl.constprop.0
                0x000000001000888c      0x108 CMakeFiles/pico_webserver.dir/pico-sdk/lib/cyw43-driver/src/cyw43_ll.c.obj
 .text.cyw43_read_backplane.constprop.0
                0x0000000010008994       0xdc CMakeFiles/pico_webserver.dir/pico-sdk/lib/cyw43-driver/src/cyw43_ll.c.obj
 .text.reset_device_core.constprop.0
                0x0000000010008a70      0x3f0 CMakeFiles/pico_webserver.dir/pico-sdk/lib/cyw43-driver/src/cyw43_ll.c.obj
 .text.cyw43_ll_init
                0x0000000010008e60       0x1c CMakeFiles/pico_webserver.dir/pico-sdk/lib/cyw43-driver/src/cyw43_ll.c.obj
                0x0000000010008e60                cyw43_ll_init
 .text.cyw43_ll_deinit
                0x0000000010008e7c        0x8 CMakeFiles/pico_webserver.dir/pico-sdk/lib/cyw43-driver/src/cyw43_ll.c.obj
                0x0000000010008e7c                cyw43_ll_deinit
 .text.cyw43_ll_process_packets
                0x0000000010008e84       0x54 CMakeFiles/pico_webserver.dir/pico-sdk/lib/cyw43-driver/src/cyw43_ll.c.obj
                0x0000000010008e84                cyw43_ll_process_packets
 .text.cyw43_ll_ioctl
                0x0000000010008ed8       0x20 CMakeFiles/pico_webserver.dir/pico-sdk/lib/cyw43-driver/src/cyw43_ll.c.obj
                0x0000000010008ed8                cyw43_ll_ioctl
 .text.cyw43_ll_bus_sleep
                0x0000000010008ef8       0x34 CMakeFiles/pico_webserver.dir/pico-sdk/lib/cyw43-driver/src/cyw43_ll.c.obj
                0x0000000010008ef8                cyw43_ll_bus_sleep
 .text.cyw43_ll_bus_init
                0x0000000010008f2c      0xbf0 CMakeFiles/pico_webserver.dir/pico-sdk/lib/cyw43-driver/src/cyw43_ll.c.obj
                0x0000000010008f2c                cyw43_ll_bus_init
 .text.cyw43_ll_wifi_on
                0x0000000010009b1c      0x240 CMakeFiles/pico_webserver.dir/pico-sdk/lib/cyw43-driver/src/cyw43_ll.c.obj
                0x0000000010009b1c                cyw43_ll_wifi_on
 .text.cyw43_ll_wifi_get_mac
                0x0000000010009d5c       0x44 CMakeFiles/pico_webserver.dir/pico-sdk/lib/cyw43-driver/src/cyw43_ll.c.obj
                0x0000000010009d5c                cyw43_ll_wifi_get_mac
 .text.cyw43_ll_wifi_pm
                0x0000000010009da0      0x194 CMakeFiles/pico_webserver.dir/pico-sdk/lib/cyw43-driver/src/cyw43_ll.c.obj
                0x0000000010009da0                cyw43_ll_wifi_pm
 .text.cyw43_ll_wifi_scan
                0x0000000010009f34       0x68 CMakeFiles/pico_webserver.dir/pico-sdk/lib/cyw43-driver/src/cyw43_ll.c.obj
                0x0000000010009f34                cyw43_ll_wifi_scan
 .text.cyw43_ll_wifi_set_wpa_auth
                0x0000000010009f9c       0x2c CMakeFiles/pico_webserver.dir/pico-sdk/lib/cyw43-driver/src/cyw43_ll.c.obj
                0x0000000010009f9c                cyw43_ll_wifi_set_wpa_auth
 .text.cyw43_ll_wifi_rejoin
                0x0000000010009fc8       0x1c CMakeFiles/pico_webserver.dir/pico-sdk/lib/cyw43-driver/src/cyw43_ll.c.obj
                0x0000000010009fc8                cyw43_ll_wifi_rejoin
 .text.cyw43_ll_wifi_ap_init
                0x0000000010009fe4      0x2c4 CMakeFiles/pico_webserver.dir/pico-sdk/lib/cyw43-driver/src/cyw43_ll.c.obj
                0x0000000010009fe4                cyw43_ll_wifi_ap_init
 .text.cyw43_ll_wifi_ap_set_up
                0x000000001000a2a8       0x54 CMakeFiles/pico_webserver.dir/pico-sdk/lib/cyw43-driver/src/cyw43_ll.c.obj
                0x000000001000a2a8                cyw43_ll_wifi_ap_set_up
 .text.cyw43_ll_gpio_set
                0x000000001000a2fc       0x6c CMakeFiles/pico_webserver.dir/pico-sdk/lib/cyw43-driver/src/cyw43_ll.c.obj
                0x000000001000a2fc                cyw43_ll_gpio_set
 .text.cyw43_ll_has_work
                0x000000001000a368       0x14 CMakeFiles/pico_webserver.dir/pico-sdk/lib/cyw43-driver/src/cyw43_ll.c.obj
                0x000000001000a368                cyw43_ll_has_work
 .text.cyw43_poll_func
                0x000000001000a37c       0xc0 CMakeFiles/pico_webserver.dir/pico-sdk/lib/cyw43-driver/src/cyw43_ctrl.c.obj
 .text.cyw43_init
                0x000000001000a43c       0x6c CMakeFiles/pico_webserver.dir/pico-sdk/lib/cyw43-driver/src/cyw43_ctrl.c.obj
                0x000000001000a43c                cyw43_init
 .text.cyw43_deinit
                0x000000001000a4a8       0x90 CMakeFiles/pico_webserver.dir/pico-sdk/lib/cyw43-driver/src/cyw43_ctrl.c.obj
                0x000000001000a4a8                cyw43_deinit
 .text.cyw43_cb_read_host_interrupt_pin
                0x000000001000a538        0xc CMakeFiles/pico_webserver.dir/pico-sdk/lib/cyw43-driver/src/cyw43_ctrl.c.obj
                0x000000001000a538                cyw43_cb_read_host_interrupt_pin
 .text.cyw43_cb_ensure_awake
                0x000000001000a544        0xc CMakeFiles/pico_webserver.dir/pico-sdk/lib/cyw43-driver/src/cyw43_ctrl.c.obj
                0x000000001000a544                cyw43_cb_ensure_awake
 .text.cyw43_cb_process_async_event
                0x000000001000a550      0x228 CMakeFiles/pico_webserver.dir/pico-sdk/lib/cyw43-driver/src/cyw43_ctrl.c.obj
                0x000000001000a550                cyw43_cb_process_async_event
 .text.cyw43_wifi_pm
                0x000000001000a778       0xb4 CMakeFiles/pico_webserver.dir/pico-sdk/lib/cyw43-driver/src/cyw43_ctrl.c.obj
                0x000000001000a778                cyw43_wifi_pm
 .text.cyw43_wifi_set_up
                0x000000001000a82c      0x308 CMakeFiles/pico_webserver.dir/pico-sdk/lib/cyw43-driver/src/cyw43_ctrl.c.obj
                0x000000001000a82c                cyw43_wifi_set_up
 .text.cyw43_wifi_scan
                0x000000001000ab34       0xd4 CMakeFiles/pico_webserver.dir/pico-sdk/lib/cyw43-driver/src/cyw43_ctrl.c.obj
                0x000000001000ab34                cyw43_wifi_scan
 .text.cyw43_gpio_set
                0x000000001000ac08       0xa0 CMakeFiles/pico_webserver.dir/pico-sdk/lib/cyw43-driver/src/cyw43_ctrl.c.obj
                0x000000001000ac08                cyw43_gpio_set
 .text.pio_sm_unclaim
                0x000000001000aca8       0x20 CMakeFiles/pico_webserver.dir/pico-sdk/src/rp2_common/hardware_pio/pio.c.obj
                0x000000001000aca8                pio_sm_unclaim
 .text.pio_claim_unused_sm
                0x000000001000acc8       0x3c CMakeFiles/pico_webserver.dir/pico-sdk/src/rp2_common/hardware_pio/pio.c.obj
                0x000000001000acc8                pio_claim_unused_sm
 .text.pio_can_add_program
                0x000000001000ad04       0x68 CMakeFiles/pico_webserver.dir/pico-sdk/src/rp2_common/hardware_pio/pio.c.obj
                0x000000001000ad04                pio_can_add_program
 .text.pio_add_program
                0x000000001000ad6c       0xc8 CMakeFiles/pico_webserver.dir/pico-sdk/src/rp2_common/hardware_pio/pio.c.obj
                0x000000001000ad6c                pio_add_program
 .text.pio_remove_program
                0x000000001000ae34       0x34 CMakeFiles/pico_webserver.dir/pico-sdk/src/rp2_common/hardware_pio/pio.c.obj
                0x000000001000ae34                pio_remove_program
 .text.pio_sm_set_pindirs_with_mask
                0x000000001000ae68       0xa4 CMakeFiles/pico_webserver.dir/pico-sdk/src/rp2_common/hardware_pio/pio.c.obj
                0x000000001000ae68                pio_sm_set_pindirs_with_mask
 .text.pio_sm_set_consecutive_pindirs
                0x000000001000af0c       0xb0 CMakeFiles/pico_webserver.dir/pico-sdk/src/rp2_common/hardware_pio/pio.c.obj
                0x000000001000af0c                pio_sm_set_consecutive_pindirs
 .text.dma_channel_unclaim
                0x000000001000afbc       0x10 CMakeFiles/pico_webserver.dir/pico-sdk/src/rp2_common/hardware_dma/dma.c.obj
                0x000000001000afbc                dma_channel_unclaim
 .text.dma_claim_unused_channel
                0x000000001000afcc       0x20 CMakeFiles/pico_webserver.dir/pico-sdk/src/rp2_common/hardware_dma/dma.c.obj
                0x000000001000afcc                dma_claim_unused_channel
 .text.dma_channel_cleanup
                0x000000001000afec       0x60 CMakeFiles/pico_webserver.dir/pico-sdk/src/rp2_common/hardware_dma/dma.c.obj
                0x000000001000afec                dma_channel_cleanup
 .text.cyw43_sleep_timeout_reached
                0x000000001000b04c       0x10 CMakeFiles/pico_webserver.dir/pico-sdk/src/rp2_common/pico_cyw43_driver/cyw43_driver.c.obj
 .text.cyw43_irq_init
                0x000000001000b05c       0x28 CMakeFiles/pico_webserver.dir/pico-sdk/src/rp2_common/pico_cyw43_driver/cyw43_driver.c.obj
                0x000000001000b05c                cyw43_irq_init
 .text.cyw43_irq_deinit
                0x000000001000b084       0x20 CMakeFiles/pico_webserver.dir/pico-sdk/src/rp2_common/pico_cyw43_driver/cyw43_driver.c.obj
                0x000000001000b084                cyw43_irq_deinit
 .text.cyw43_gpio_irq_handler
                0x000000001000b0a4       0x44 CMakeFiles/pico_webserver.dir/pico-sdk/src/rp2_common/pico_cyw43_driver/cyw43_driver.c.obj
 .text.cyw43_do_poll
                0x000000001000b0e8       0x6c CMakeFiles/pico_webserver.dir/pico-sdk/src/rp2_common/pico_cyw43_driver/cyw43_driver.c.obj
 .text.cyw43_post_poll_hook
                0x000000001000b154       0x10 CMakeFiles/pico_webserver.dir/pico-sdk/src/rp2_common/pico_cyw43_driver/cyw43_driver.c.obj
                0x000000001000b154                cyw43_post_poll_hook
 .text.cyw43_schedule_internal_poll_dispatch
                0x000000001000b164       0x18 CMakeFiles/pico_webserver.dir/pico-sdk/src/rp2_common/pico_cyw43_driver/cyw43_driver.c.obj
                0x000000001000b164                cyw43_schedule_internal_poll_dispatch
 .text.cyw43_driver_init
                0x000000001000b17c       0x38 CMakeFiles/pico_webserver.dir/pico-sdk/src/rp2_common/pico_cyw43_driver/cyw43_driver.c.obj
                0x000000001000b17c                cyw43_driver_init
 .text.cyw43_driver_deinit
                0x000000001000b1b4       0x44 CMakeFiles/pico_webserver.dir/pico-sdk/src/rp2_common/pico_cyw43_driver/cyw43_driver.c.obj
                0x000000001000b1b4                cyw43_driver_deinit
 .text.cyw43_hal_generate_laa_mac
                0x000000001000b1f8       0x28 CMakeFiles/pico_webserver.dir/pico-sdk/src/rp2_common/pico_cyw43_driver/cyw43_driver.c.obj
                0x000000001000b1f8                cyw43_hal_generate_laa_mac
 .text.cyw43_hal_get_mac
                0x000000001000b220       0x1c CMakeFiles/pico_webserver.dir/pico-sdk/src/rp2_common/pico_cyw43_driver/cyw43_driver.c.obj
                0x000000001000b220                cyw43_hal_get_mac
 .text.cyw43_thread_enter
                0x000000001000b23c       0x14 CMakeFiles/pico_webserver.dir/pico-sdk/src/rp2_common/pico_cyw43_driver/cyw43_driver.c.obj
                0x000000001000b23c                cyw43_thread_enter
 .text.cyw43_thread_exit
                0x000000001000b250       0x14 CMakeFiles/pico_webserver.dir/pico-sdk/src/rp2_common/pico_cyw43_driver/cyw43_driver.c.obj
                0x000000001000b250                cyw43_thread_exit
 .text.cyw43_await_background_or_timeout_us
                0x000000001000b264       0x34 CMakeFiles/pico_webserver.dir/pico-sdk/src/rp2_common/pico_cyw43_driver/cyw43_driver.c.obj
                0x000000001000b264                cyw43_await_background_or_timeout_us
 .text.cyw43_delay_ms
                0x000000001000b298       0x44 CMakeFiles/pico_webserver.dir/pico-sdk/src/rp2_common/pico_cyw43_driver/cyw43_driver.c.obj
                0x000000001000b298                cyw43_delay_ms
 .text.cyw43_delay_us
                0x000000001000b2dc       0x34 CMakeFiles/pico_webserver.dir/pico-sdk/src/rp2_common/pico_cyw43_driver/cyw43_driver.c.obj
                0x000000001000b2dc                cyw43_delay_us
 .text.cyw43_cb_tcpip_init
                0x000000001000b310        0x4 CMakeFiles/pico_webserver.dir/pico-sdk/src/rp2_common/pico_cyw43_driver/cyw43_driver.c.obj
                0x000000001000b310                cyw43_cb_tcpip_init
 .text.cyw43_cb_tcpip_deinit
                0x000000001000b314        0x4 CMakeFiles/pico_webserver.dir/pico-sdk/src/rp2_common/pico_cyw43_driver/cyw43_driver.c.obj
                0x000000001000b314                cyw43_cb_tcpip_deinit
 .text.handle_sync_func_call
                0x000000001000b318       0x24 CMakeFiles/pico_webserver.dir/pico-sdk/src/rp2_common/pico_async_context/async_context_threadsafe_background.c.obj
 .text.async_context_threadsafe_background_acquire_lock_blocking
                0x000000001000b33c        0xc CMakeFiles/pico_webserver.dir/pico-sdk/src/rp2_common/pico_async_context/async_context_threadsafe_background.c.obj
 .text.process_under_lock
                0x000000001000b348       0xc8 CMakeFiles/pico_webserver.dir/pico-sdk/src/rp2_common/pico_async_context/async_context_threadsafe_background.c.obj
 .text.async_context_threadsafe_background_deinit
                0x000000001000b410       0x64 CMakeFiles/pico_webserver.dir/pico-sdk/src/rp2_common/pico_async_context/async_context_threadsafe_background.c.obj
 .text.low_priority_irq_handler
                0x000000001000b474       0x3c CMakeFiles/pico_webserver.dir/pico-sdk/src/rp2_common/pico_async_context/async_context_threadsafe_background.c.obj
 .text.async_context_threadsafe_background_wait_for_work_until
                0x000000001000b4b0        0xc CMakeFiles/pico_webserver.dir/pico-sdk/src/rp2_common/pico_async_context/async_context_threadsafe_background.c.obj
 .text.async_context_threadsafe_background_wait_until
                0x000000001000b4bc       0x1c CMakeFiles/pico_webserver.dir/pico-sdk/src/rp2_common/pico_async_context/async_context_threadsafe_background.c.obj
 .text.async_context_threadsafe_background_lock_check
                0x000000001000b4d8       0x28 CMakeFiles/pico_webserver.dir/pico-sdk/src/rp2_common/pico_async_context/async_context_threadsafe_background.c.obj
 .text.async_context_threadsafe_background_execute_sync
                0x000000001000b500       0xe4 CMakeFiles/pico_webserver.dir/pico-sdk/src/rp2_common/pico_async_context/async_context_threadsafe_background.c.obj
                0x000000001000b500                async_context_threadsafe_background_execute_sync
 .text.async_context_threadsafe_background_set_work_pending
                0x000000001000b5e4       0x50 CMakeFiles/pico_webserver.dir/pico-sdk/src/rp2_common/pico_async_context/async_context_threadsafe_background.c.obj
 .text.alarm_handler
                0x000000001000b634       0x58 CMakeFiles/pico_webserver.dir/pico-sdk/src/rp2_common/pico_async_context/async_context_threadsafe_background.c.obj
 .text.async_context_threadsafe_background_release_lock
                0x000000001000b68c       0x7c CMakeFiles/pico_webserver.dir/pico-sdk/src/rp2_common/pico_async_context/async_context_threadsafe_background.c.obj
 .text.async_context_threadsafe_background_when_pending_worker
                0x000000001000b708       0x90 CMakeFiles/pico_webserver.dir/pico-sdk/src/rp2_common/pico_async_context/async_context_threadsafe_background.c.obj
 .text.async_context_threadsafe_background_remove_at_time_worker
                0x000000001000b798       0x90 CMakeFiles/pico_webserver.dir/pico-sdk/src/rp2_common/pico_async_context/async_context_threadsafe_background.c.obj
 .text.async_context_threadsafe_background_add_when_pending_worker
                0x000000001000b828       0x90 CMakeFiles/pico_webserver.dir/pico-sdk/src/rp2_common/pico_async_context/async_context_threadsafe_background.c.obj
 .text.async_context_threadsafe_background_add_at_time_worker
                0x000000001000b8b8       0x90 CMakeFiles/pico_webserver.dir/pico-sdk/src/rp2_common/pico_async_context/async_context_threadsafe_background.c.obj
 .text.async_context_threadsafe_background_default_config
                0x000000001000b948        0xc CMakeFiles/pico_webserver.dir/pico-sdk/src/rp2_common/pico_async_context/async_context_threadsafe_background.c.obj
                0x000000001000b948                async_context_threadsafe_background_default_config
 .text.async_context_threadsafe_background_init
                0x000000001000b954       0xa4 CMakeFiles/pico_webserver.dir/pico-sdk/src/rp2_common/pico_async_context/async_context_threadsafe_background.c.obj
                0x000000001000b954                async_context_threadsafe_background_init
 .text.async_context_base_add_at_time_worker
                0x000000001000b9f8       0x28 CMakeFiles/pico_webserver.dir/pico-sdk/src/rp2_common/pico_async_context/async_context_base.c.obj
                0x000000001000b9f8                async_context_base_add_at_time_worker
 .text.async_context_base_remove_at_time_worker
                0x000000001000ba20       0x28 CMakeFiles/pico_webserver.dir/pico-sdk/src/rp2_common/pico_async_context/async_context_base.c.obj
                0x000000001000ba20                async_context_base_remove_at_time_worker
 .text.async_context_base_add_when_pending_worker
                0x000000001000ba48       0x24 CMakeFiles/pico_webserver.dir/pico-sdk/src/rp2_common/pico_async_context/async_context_base.c.obj
                0x000000001000ba48                async_context_base_add_when_pending_worker
 .text.async_context_base_remove_when_pending_worker
                0x000000001000ba6c       0x28 CMakeFiles/pico_webserver.dir/pico-sdk/src/rp2_common/pico_async_context/async_context_base.c.obj
                0x000000001000ba6c                async_context_base_remove_when_pending_worker
 .text.async_context_base_execute_once
                0x000000001000ba94       0xe8 CMakeFiles/pico_webserver.dir/pico-sdk/src/rp2_common/pico_async_context/async_context_base.c.obj
                0x000000001000ba94                async_context_base_execute_once
 .text.async_context_base_needs_servicing
                0x000000001000bb7c       0x54 CMakeFiles/pico_webserver.dir/pico-sdk/src/rp2_common/pico_async_context/async_context_base.c.obj
                0x000000001000bb7c                async_context_base_needs_servicing
 .text.lwip_init
                0x000000001000bbd0       0x20 CMakeFiles/pico_webserver.dir/pico-sdk/lib/lwip/src/core/init.c.obj
                0x000000001000bbd0                lwip_init
 .text.lwip_htons
                0x000000001000bbf0        0x8 CMakeFiles/pico_webserver.dir/pico-sdk/lib/lwip/src/core/def.c.obj
                0x000000001000bbf0                lwip_htons
 .text.lwip_htonl
                0x000000001000bbf8        0x4 CMakeFiles/pico_webserver.dir/pico-sdk/lib/lwip/src/core/def.c.obj
                0x000000001000bbf8                lwip_htonl
 .text.lwip_strnstr
                0x000000001000bbfc       0x5c CMakeFiles/pico_webserver.dir/pico-sdk/lib/lwip/src/core/def.c.obj
                0x000000001000bbfc                lwip_strnstr
 .text.lwip_stricmp
                0x000000001000bc58       0x34 CMakeFiles/pico_webserver.dir/pico-sdk/lib/lwip/src/core/def.c.obj
                0x000000001000bc58                lwip_stricmp
 .text.lwip_standard_chksum
                0x000000001000bc8c       0x80 CMakeFiles/pico_webserver.dir/pico-sdk/lib/lwip/src/core/inet_chksum.c.obj
                0x000000001000bc8c                lwip_standard_chksum
 .text.inet_chksum_pseudo
                0x000000001000bd0c       0xb4 CMakeFiles/pico_webserver.dir/pico-sdk/lib/lwip/src/core/inet_chksum.c.obj
                0x000000001000bd0c                inet_chksum_pseudo
 .text.ip_chksum_pseudo
                0x000000001000bdc0       0x10 CMakeFiles/pico_webserver.dir/pico-sdk/lib/lwip/src/core/inet_chksum.c.obj
                0x000000001000bdc0                ip_chksum_pseudo
 .text.inet_chksum
                0x000000001000bdd0       0x8c CMakeFiles/pico_webserver.dir/pico-sdk/lib/lwip/src/core/inet_chksum.c.obj
                0x000000001000bdd0                inet_chksum
 .text.inet_chksum_pbuf
                0x000000001000be5c       0x6c CMakeFiles/pico_webserver.dir/pico-sdk/lib/lwip/src/core/inet_chksum.c.obj
                0x000000001000be5c                inet_chksum_pbuf
 .text.mem_init
                0x000000001000bec8       0x48 CMakeFiles/pico_webserver.dir/pico-sdk/lib/lwip/src/core/mem.c.obj
                0x000000001000bec8                mem_init
 .text.mem_free
                0x000000001000bf10      0x128 CMakeFiles/pico_webserver.dir/pico-sdk/lib/lwip/src/core/mem.c.obj
                0x000000001000bf10                mem_free
 .text.mem_trim
                0x000000001000c038      0x144 CMakeFiles/pico_webserver.dir/pico-sdk/lib/lwip/src/core/mem.c.obj
                0x000000001000c038                mem_trim
 .text.mem_malloc
                0x000000001000c17c      0x130 CMakeFiles/pico_webserver.dir/pico-sdk/lib/lwip/src/core/mem.c.obj
                0x000000001000c17c                mem_malloc
 .text.memp_init
                0x000000001000c2ac       0x94 CMakeFiles/pico_webserver.dir/pico-sdk/lib/lwip/src/core/memp.c.obj
                0x000000001000c2ac                memp_init
 .text.memp_malloc
                0x000000001000c340       0x4c CMakeFiles/pico_webserver.dir/pico-sdk/lib/lwip/src/core/memp.c.obj
                0x000000001000c340                memp_malloc
 .text.memp_free
                0x000000001000c38c       0x30 CMakeFiles/pico_webserver.dir/pico-sdk/lib/lwip/src/core/memp.c.obj
                0x000000001000c38c                memp_free
 .text.netif_null_output_ip4
                0x000000001000c3bc        0x8 CMakeFiles/pico_webserver.dir/pico-sdk/lib/lwip/src/core/netif.c.obj
 .text.netif_init
                0x000000001000c3c4        0x4 CMakeFiles/pico_webserver.dir/pico-sdk/lib/lwip/src/core/netif.c.obj
                0x000000001000c3c4                netif_init
 .text.netif_set_addr
                0x000000001000c3c8       0xc4 CMakeFiles/pico_webserver.dir/pico-sdk/lib/lwip/src/core/netif.c.obj
                0x000000001000c3c8                netif_set_addr
 .text.netif_add
                0x000000001000c48c       0xf8 CMakeFiles/pico_webserver.dir/pico-sdk/lib/lwip/src/core/netif.c.obj
                0x000000001000c48c                netif_add
 .text.netif_set_default
                0x000000001000c584        0xc CMakeFiles/pico_webserver.dir/pico-sdk/lib/lwip/src/core/netif.c.obj
                0x000000001000c584                netif_set_default
 .text.netif_get_by_index
                0x000000001000c590       0x2c CMakeFiles/pico_webserver.dir/pico-sdk/lib/lwip/src/core/netif.c.obj
                0x000000001000c590                netif_get_by_index
 .text.pbuf_free.part.0
                0x000000001000c5bc       0x80 CMakeFiles/pico_webserver.dir/pico-sdk/lib/lwip/src/core/pbuf.c.obj
 .text.pbuf_free_ooseq
                0x000000001000c63c       0x34 CMakeFiles/pico_webserver.dir/pico-sdk/lib/lwip/src/core/pbuf.c.obj
                0x000000001000c63c                pbuf_free_ooseq
 .text.pbuf_alloc
                0x000000001000c670      0x12c CMakeFiles/pico_webserver.dir/pico-sdk/lib/lwip/src/core/pbuf.c.obj
                0x000000001000c670                pbuf_alloc
 .text.pbuf_alloced_custom
                0x000000001000c79c       0x38 CMakeFiles/pico_webserver.dir/pico-sdk/lib/lwip/src/core/pbuf.c.obj
                0x000000001000c79c                pbuf_alloced_custom
 .text.pbuf_realloc
                0x000000001000c7d4       0x70 CMakeFiles/pico_webserver.dir/pico-sdk/lib/lwip/src/core/pbuf.c.obj
                0x000000001000c7d4                pbuf_realloc
 .text.pbuf_add_header
                0x000000001000c844       0x4c CMakeFiles/pico_webserver.dir/pico-sdk/lib/lwip/src/core/pbuf.c.obj
                0x000000001000c844                pbuf_add_header
 .text.pbuf_remove_header
                0x000000001000c890       0x38 CMakeFiles/pico_webserver.dir/pico-sdk/lib/lwip/src/core/pbuf.c.obj
                0x000000001000c890                pbuf_remove_header
 .text.pbuf_header_force
                0x000000001000c8c8       0x6c CMakeFiles/pico_webserver.dir/pico-sdk/lib/lwip/src/core/pbuf.c.obj
                0x000000001000c8c8                pbuf_header_force
 .text.pbuf_free
                0x000000001000c934       0x10 CMakeFiles/pico_webserver.dir/pico-sdk/lib/lwip/src/core/pbuf.c.obj
                0x000000001000c934                pbuf_free
 .text.pbuf_clen
                0x000000001000c944       0x14 CMakeFiles/pico_webserver.dir/pico-sdk/lib/lwip/src/core/pbuf.c.obj
                0x000000001000c944                pbuf_clen
 .text.pbuf_ref
                0x000000001000c958       0x18 CMakeFiles/pico_webserver.dir/pico-sdk/lib/lwip/src/core/pbuf.c.obj
                0x000000001000c958                pbuf_ref
 .text.pbuf_cat
                0x000000001000c970       0x2c CMakeFiles/pico_webserver.dir/pico-sdk/lib/lwip/src/core/pbuf.c.obj
                0x000000001000c970                pbuf_cat
 .text.pbuf_chain
                0x000000001000c99c       0x44 CMakeFiles/pico_webserver.dir/pico-sdk/lib/lwip/src/core/pbuf.c.obj
                0x000000001000c99c                pbuf_chain
 .text.pbuf_copy_partial_pbuf
                0x000000001000c9e0      0x11c CMakeFiles/pico_webserver.dir/pico-sdk/lib/lwip/src/core/pbuf.c.obj
                0x000000001000c9e0                pbuf_copy_partial_pbuf
 .text.pbuf_copy
                0x000000001000cafc       0x18 CMakeFiles/pico_webserver.dir/pico-sdk/lib/lwip/src/core/pbuf.c.obj
                0x000000001000cafc                pbuf_copy
 .text.pbuf_copy_partial
                0x000000001000cb14       0x70 CMakeFiles/pico_webserver.dir/pico-sdk/lib/lwip/src/core/pbuf.c.obj
                0x000000001000cb14                pbuf_copy_partial
 .text.pbuf_clone
                0x000000001000cb84       0x20 CMakeFiles/pico_webserver.dir/pico-sdk/lib/lwip/src/core/pbuf.c.obj
                0x000000001000cb84                pbuf_clone
 .text.raw_input
                0x000000001000cba4      0x12c CMakeFiles/pico_webserver.dir/pico-sdk/lib/lwip/src/core/raw.c.obj
                0x000000001000cba4                raw_input
 .text.raw_netif_ip_addr_changed
                0x000000001000ccd0       0x40 CMakeFiles/pico_webserver.dir/pico-sdk/lib/lwip/src/core/raw.c.obj
                0x000000001000ccd0                raw_netif_ip_addr_changed
 .text.stats_init
                0x000000001000cd10        0x4 CMakeFiles/pico_webserver.dir/pico-sdk/lib/lwip/src/core/stats.c.obj
                0x000000001000cd10                stats_init
 .text.tcp_close_shutdown_fin
                0x000000001000cd14       0x4c CMakeFiles/pico_webserver.dir/pico-sdk/lib/lwip/src/core/tcp.c.obj
 .text.tcp_pcb_purge.part.0
                0x000000001000cd60       0xc4 CMakeFiles/pico_webserver.dir/pico-sdk/lib/lwip/src/core/tcp.c.obj
 .text.tcp_init
                0x000000001000ce24        0x4 CMakeFiles/pico_webserver.dir/pico-sdk/lib/lwip/src/core/tcp.c.obj
                0x000000001000ce24                tcp_init
 .text.tcp_free
                0x000000001000ce28        0xc CMakeFiles/pico_webserver.dir/pico-sdk/lib/lwip/src/core/tcp.c.obj
                0x000000001000ce28                tcp_free
 .text.tcp_bind
                0x000000001000ce34       0xf8 CMakeFiles/pico_webserver.dir/pico-sdk/lib/lwip/src/core/tcp.c.obj
                0x000000001000ce34                tcp_bind
 .text.tcp_listen_with_backlog
                0x000000001000cf2c       0x88 CMakeFiles/pico_webserver.dir/pico-sdk/lib/lwip/src/core/tcp.c.obj
                0x000000001000cf2c                tcp_listen_with_backlog
 .text.tcp_update_rcv_ann_wnd
                0x000000001000cfb4       0x3c CMakeFiles/pico_webserver.dir/pico-sdk/lib/lwip/src/core/tcp.c.obj
                0x000000001000cfb4                tcp_update_rcv_ann_wnd
 .text.tcp_recved
                0x000000001000cff0       0x78 CMakeFiles/pico_webserver.dir/pico-sdk/lib/lwip/src/core/tcp.c.obj
                0x000000001000cff0                tcp_recved
 .text.tcp_slowtmr
                0x000000001000d068      0x42c CMakeFiles/pico_webserver.dir/pico-sdk/lib/lwip/src/core/tcp.c.obj
                0x000000001000d068                tcp_slowtmr
 .text.tcp_segs_free
                0x000000001000d494       0x38 CMakeFiles/pico_webserver.dir/pico-sdk/lib/lwip/src/core/tcp.c.obj
                0x000000001000d494                tcp_segs_free
 .text.tcp_seg_free
                0x000000001000d4cc       0x1c CMakeFiles/pico_webserver.dir/pico-sdk/lib/lwip/src/core/tcp.c.obj
                0x000000001000d4cc                tcp_seg_free
 .text.tcp_setprio
                0x000000001000d4e8        0x8 CMakeFiles/pico_webserver.dir/pico-sdk/lib/lwip/src/core/tcp.c.obj
                0x000000001000d4e8                tcp_setprio
 .text.tcp_seg_copy
                0x000000001000d4f0       0x20 CMakeFiles/pico_webserver.dir/pico-sdk/lib/lwip/src/core/tcp.c.obj
                0x000000001000d4f0                tcp_seg_copy
 .text.tcp_arg  0x000000001000d510        0x8 CMakeFiles/pico_webserver.dir/pico-sdk/lib/lwip/src/core/tcp.c.obj
                0x000000001000d510                tcp_arg
 .text.tcp_recv
                0x000000001000d518        0xc CMakeFiles/pico_webserver.dir/pico-sdk/lib/lwip/src/core/tcp.c.obj
                0x000000001000d518                tcp_recv
 .text.tcp_sent
                0x000000001000d524        0xc CMakeFiles/pico_webserver.dir/pico-sdk/lib/lwip/src/core/tcp.c.obj
                0x000000001000d524                tcp_sent
 .text.tcp_err  0x000000001000d530        0xc CMakeFiles/pico_webserver.dir/pico-sdk/lib/lwip/src/core/tcp.c.obj
                0x000000001000d530                tcp_err
 .text.tcp_accept
                0x000000001000d53c       0x10 CMakeFiles/pico_webserver.dir/pico-sdk/lib/lwip/src/core/tcp.c.obj
                0x000000001000d53c                tcp_accept
 .text.tcp_poll
                0x000000001000d54c        0xc CMakeFiles/pico_webserver.dir/pico-sdk/lib/lwip/src/core/tcp.c.obj
                0x000000001000d54c                tcp_poll
 .text.tcp_pcb_purge
                0x000000001000d558       0x18 CMakeFiles/pico_webserver.dir/pico-sdk/lib/lwip/src/core/tcp.c.obj
                0x000000001000d558                tcp_pcb_purge
 .text.tcp_pcb_remove
                0x000000001000d570       0x78 CMakeFiles/pico_webserver.dir/pico-sdk/lib/lwip/src/core/tcp.c.obj
                0x000000001000d570                tcp_pcb_remove
 .text.tcp_abandon
                0x000000001000d5e8      0x184 CMakeFiles/pico_webserver.dir/pico-sdk/lib/lwip/src/core/tcp.c.obj
                0x000000001000d5e8                tcp_abandon
 .text.tcp_abort
                0x000000001000d76c        0xc CMakeFiles/pico_webserver.dir/pico-sdk/lib/lwip/src/core/tcp.c.obj
                0x000000001000d76c                tcp_abort
 .text.tcp_accept_null
                0x000000001000d778       0x10 CMakeFiles/pico_webserver.dir/pico-sdk/lib/lwip/src/core/tcp.c.obj
 .text.tcp_alloc
                0x000000001000d788      0x1f8 CMakeFiles/pico_webserver.dir/pico-sdk/lib/lwip/src/core/tcp.c.obj
                0x000000001000d788                tcp_alloc
 .text.tcp_new_ip_type
                0x000000001000d980      0x1d8 CMakeFiles/pico_webserver.dir/pico-sdk/lib/lwip/src/core/tcp.c.obj
                0x000000001000d980                tcp_new_ip_type
 .text.tcp_close_shutdown
                0x000000001000db58      0x14c CMakeFiles/pico_webserver.dir/pico-sdk/lib/lwip/src/core/tcp.c.obj
 .text.tcp_recv_null
                0x000000001000dca4       0xa8 CMakeFiles/pico_webserver.dir/pico-sdk/lib/lwip/src/core/tcp.c.obj
                0x000000001000dca4                tcp_recv_null
 .text.tcp_process_refused_data
                0x000000001000dd4c       0xe8 CMakeFiles/pico_webserver.dir/pico-sdk/lib/lwip/src/core/tcp.c.obj
                0x000000001000dd4c                tcp_process_refused_data
 .text.tcp_fasttmr
                0x000000001000de34       0x98 CMakeFiles/pico_webserver.dir/pico-sdk/lib/lwip/src/core/tcp.c.obj
                0x000000001000de34                tcp_fasttmr
 .text.tcp_tmr  0x000000001000decc       0x20 CMakeFiles/pico_webserver.dir/pico-sdk/lib/lwip/src/core/tcp.c.obj
                0x000000001000decc                tcp_tmr
 .text.tcp_close
                0x000000001000deec      0x15c CMakeFiles/pico_webserver.dir/pico-sdk/lib/lwip/src/core/tcp.c.obj
                0x000000001000deec                tcp_close
 .text.tcp_next_iss
                0x000000001000e048       0x18 CMakeFiles/pico_webserver.dir/pico-sdk/lib/lwip/src/core/tcp.c.obj
                0x000000001000e048                tcp_next_iss
 .text.tcp_eff_send_mss_netif
                0x000000001000e060       0x28 CMakeFiles/pico_webserver.dir/pico-sdk/lib/lwip/src/core/tcp.c.obj
                0x000000001000e060                tcp_eff_send_mss_netif
 .text.tcp_netif_ip_addr_changed
                0x000000001000e088       0x9c CMakeFiles/pico_webserver.dir/pico-sdk/lib/lwip/src/core/tcp.c.obj
                0x000000001000e088                tcp_netif_ip_addr_changed
 .text.tcp_free_ooseq
                0x000000001000e124       0x40 CMakeFiles/pico_webserver.dir/pico-sdk/lib/lwip/src/core/tcp.c.obj
                0x000000001000e124                tcp_free_ooseq
 .text.tcp_parseopt
                0x000000001000e164      0x180 CMakeFiles/pico_webserver.dir/pico-sdk/lib/lwip/src/core/tcp_in.c.obj
 .text.tcp_oos_insert_segment
                0x000000001000e2e4       0xd4 CMakeFiles/pico_webserver.dir/pico-sdk/lib/lwip/src/core/tcp_in.c.obj
 .text.tcp_receive
                0x000000001000e3b8      0xa3c CMakeFiles/pico_webserver.dir/pico-sdk/lib/lwip/src/core/tcp_in.c.obj
 .text.tcp_input
                0x000000001000edf4      0xc64 CMakeFiles/pico_webserver.dir/pico-sdk/lib/lwip/src/core/tcp_in.c.obj
                0x000000001000edf4                tcp_input
 .text.tcp_trigger_input_pcb_close
                0x000000001000fa58       0x10 CMakeFiles/pico_webserver.dir/pico-sdk/lib/lwip/src/core/tcp_in.c.obj
                0x000000001000fa58                tcp_trigger_input_pcb_close
 .text.tcp_create_segment
                0x000000001000fa68       0xd0 CMakeFiles/pico_webserver.dir/pico-sdk/lib/lwip/src/core/tcp_out.c.obj
 .text.tcp_output_control_segment
                0x000000001000fb38       0xb4 CMakeFiles/pico_webserver.dir/pico-sdk/lib/lwip/src/core/tcp_out.c.obj
 .text.tcp_write
                0x000000001000fbec      0x600 CMakeFiles/pico_webserver.dir/pico-sdk/lib/lwip/src/core/tcp_out.c.obj
                0x000000001000fbec                tcp_write
 .text.tcp_split_unsent_seg
                0x00000000100101ec      0x19c CMakeFiles/pico_webserver.dir/pico-sdk/lib/lwip/src/core/tcp_out.c.obj
                0x00000000100101ec                tcp_split_unsent_seg
 .text.tcp_send_fin
                0x0000000010010388       0xe0 CMakeFiles/pico_webserver.dir/pico-sdk/lib/lwip/src/core/tcp_out.c.obj
                0x0000000010010388                tcp_send_fin
 .text.tcp_enqueue_flags
                0x0000000010010468       0xa8 CMakeFiles/pico_webserver.dir/pico-sdk/lib/lwip/src/core/tcp_out.c.obj
                0x0000000010010468                tcp_enqueue_flags
 .text.tcp_rexmit_rto_prepare
                0x0000000010010510       0x8c CMakeFiles/pico_webserver.dir/pico-sdk/lib/lwip/src/core/tcp_out.c.obj
                0x0000000010010510                tcp_rexmit_rto_prepare
 .text.tcp_rexmit
                0x000000001001059c       0x90 CMakeFiles/pico_webserver.dir/pico-sdk/lib/lwip/src/core/tcp_out.c.obj
                0x000000001001059c                tcp_rexmit
 .text.tcp_rexmit_fast
                0x000000001001062c       0x58 CMakeFiles/pico_webserver.dir/pico-sdk/lib/lwip/src/core/tcp_out.c.obj
                0x000000001001062c                tcp_rexmit_fast
 .text.tcp_rst  0x0000000010010684       0xbc CMakeFiles/pico_webserver.dir/pico-sdk/lib/lwip/src/core/tcp_out.c.obj
                0x0000000010010684                tcp_rst
 .text.tcp_rst_netif
                0x0000000010010740       0xfc CMakeFiles/pico_webserver.dir/pico-sdk/lib/lwip/src/core/tcp_out.c.obj
                0x0000000010010740                tcp_rst_netif
 .text.tcp_send_empty_ack
                0x000000001001083c       0xdc CMakeFiles/pico_webserver.dir/pico-sdk/lib/lwip/src/core/tcp_out.c.obj
                0x000000001001083c                tcp_send_empty_ack
 .text.tcp_output
                0x0000000010010918      0x410 CMakeFiles/pico_webserver.dir/pico-sdk/lib/lwip/src/core/tcp_out.c.obj
                0x0000000010010918                tcp_output
 .text.tcp_rexmit_rto_commit
                0x0000000010010d28       0x14 CMakeFiles/pico_webserver.dir/pico-sdk/lib/lwip/src/core/tcp_out.c.obj
                0x0000000010010d28                tcp_rexmit_rto_commit
 .text.tcp_rexmit_rto
                0x0000000010010d3c       0x98 CMakeFiles/pico_webserver.dir/pico-sdk/lib/lwip/src/core/tcp_out.c.obj