Archive member included to satisfy reference by file (symbol)

liblwipcore.a(init.c.obj)     CMakeFiles/pico_webserver.dir/tusb_lwip_glue.c.obj (lwip_init)
liblwipcore.a(def.c.obj)      CMakeFiles/pico_webserver.dir/pico-sdk/lib/tinyusb/lib/networking/dnserver.c.obj (lwip_htons)
liblwipcore.a(mem.c.obj)      liblwipcore.a(init.c.obj) (mem_init)
liblwipcore.a(memp.c.obj)     liblwipcore.a(init.c.obj) (memp_init)
liblwipcore.a(netif.c.obj)    liblwipcore.a(init.c.obj) (netif_init)
liblwipcore.a(pbuf.c.obj)     CMakeFiles/pico_webserver.dir/tusb_lwip_glue.c.obj (pbuf_alloc)
liblwipcore.a(stats.c.obj)    liblwipcore.a(init.c.obj) (stats_init)
liblwipcore.a(tcp.c.obj)      liblwipcore.a(init.c.obj) (tcp_init)
liblwipcore.a(tcp_in.c.obj)   liblwipcore.a(tcp.c.obj) (tcp_trigger_input_pcb_close)
liblwipcore.a(tcp_out.c.obj)  liblwipcore.a(tcp.c.obj) (tcp_split_unsent_seg)
liblwipcore.a(timeouts.c.obj)
                              liblwipcore.a(tcp.c.obj) (tcp_timer_needed)
liblwipcore.a(udp.c.obj)      CMakeFiles/pico_webserver.dir/pico-sdk/lib/tinyusb/lib/networking/dhserver.c.obj (udp_init)
liblwipcore.a(etharp.c.obj)   liblwipcore.a(timeouts.c.obj) (etharp_tmr)
liblwipcore.a(ip4_frag.c.obj)
                              liblwipcore.a(timeouts.c.obj) (ip_reass_tmr)
liblwipcore.a(ip4.c.obj)      liblwipcore.a(tcp.c.obj) (ip4_route)
liblwipcore.a(ip4_addr.c.obj)
                              liblwipcore.a(tcp_in.c.obj) (ip4_addr_isbroadcast_u32)
liblwipcore.a(ethernet.c.obj)
                              CMakeFiles/pico_webserver.dir/tusb_lwip_glue.c.obj (ethernet_input)
liblwipcore.a(inet_chksum.c.obj)
                              liblwipcore.a(tcp_in.c.obj) (ip_chksum_pseudo)
liblwipcore.a(ip.c.obj)       liblwipcore.a(tcp_in.c.obj) (ip_data)
/usr/lib/gcc/arm-none-eabi/10.3.1/thumb/v6-m/nofp/libgcc.a(_dvmd_tls.o)
                              CMakeFiles/pico_webserver.dir/pico-sdk/src/rp2_common/pico_divider/divider.S.obj (__aeabi_idiv0)
/usr/lib/gcc/arm-none-eabi/10.3.1/../../../arm-none-eabi/lib/thumb/v6-m/nofp/libc.a(lib_a-atexit.o)
                              /usr/lib/gcc/arm-none-eabi/10.3.1/../../../arm-none-eabi/lib/thumb/v6-m/nofp/crt0.o (atexit)
/usr/lib/gcc/arm-none-eabi/10.3.1/../../../arm-none-eabi/lib/thumb/v6-m/nofp/libc.a(lib_a-atoi.o)
                              liblwipcore.a(netif.c.obj) (atoi)
/usr/lib/gcc/arm-none-eabi/10.3.1/../../../arm-none-eabi/lib/thumb/v6-m/nofp/libc.a(lib_a-calloc.o)
                              CMakeFiles/pico_webserver.dir/pico-sdk/src/rp2_common/pico_malloc/pico_malloc.c.obj (calloc)
/usr/lib/gcc/arm-none-eabi/10.3.1/../../../arm-none-eabi/lib/thumb/v6-m/nofp/libc.a(lib_a-callocr.o)
                              /usr/lib/gcc/arm-none-eabi/10.3.1/../../../arm-none-eabi/lib/thumb/v6-m/nofp/libc.a(lib_a-calloc.o) (_calloc_r)
/usr/lib/gcc/arm-none-eabi/10.3.1/../../../arm-none-eabi/lib/thumb/v6-m/nofp/libc.a(lib_a-ctype_.o)
                              liblwipcore.a(ip4_addr.c.obj) (_ctype_)
/usr/lib/gcc/arm-none-eabi/10.3.1/../../../arm-none-eabi/lib/thumb/v6-m/nofp/libc.a(lib_a-fini.o)
                              /usr/lib/gcc/arm-none-eabi/10.3.1/../../../arm-none-eabi/lib/thumb/v6-m/nofp/crt0.o (__libc_fini_array)
/usr/lib/gcc/arm-none-eabi/10.3.1/../../../arm-none-eabi/lib/thumb/v6-m/nofp/libc.a(lib_a-impure.o)
                              /usr/lib/gcc/arm-none-eabi/10.3.1/../../../arm-none-eabi/lib/thumb/v6-m/nofp/libc.a(lib_a-calloc.o) (_impure_ptr)
/usr/lib/gcc/arm-none-eabi/10.3.1/../../../arm-none-eabi/lib/thumb/v6-m/nofp/libc.a(lib_a-init.o)
                              /usr/lib/gcc/arm-none-eabi/10.3.1/../../../arm-none-eabi/lib/thumb/v6-m/nofp/crt0.o (__libc_init_array)
/usr/lib/gcc/arm-none-eabi/10.3.1/../../../arm-none-eabi/lib/thumb/v6-m/nofp/libc.a(lib_a-malloc.o)
                              CMakeFiles/pico_webserver.dir/pico-sdk/src/rp2_common/pico_malloc/pico_malloc.c.obj (malloc)
/usr/lib/gcc/arm-none-eabi/10.3.1/../../../arm-none-eabi/lib/thumb/v6-m/nofp/libc.a(lib_a-mallocr.o)
                              /usr/lib/gcc/arm-none-eabi/10.3.1/../../../arm-none-eabi/lib/thumb/v6-m/nofp/libc.a(lib_a-callocr.o) (_malloc_r)
/usr/lib/gcc/arm-none-eabi/10.3.1/../../../arm-none-eabi/lib/thumb/v6-m/nofp/libc.a(lib_a-memcmp.o)
                              CMakeFiles/pico_webserver.dir/pico-sdk/lib/tinyusb/lib/networking/dhserver.c.obj (memcmp)
/usr/lib/gcc/arm-none-eabi/10.3.1/../../../arm-none-eabi/lib/thumb/v6-m/nofp/libc.a(lib_a-memmove.o)
                              CMakeFiles/pico_webserver.dir/pico-sdk/lib/tinyusb/src/class/msc/msc_device.c.obj (memmove)
/usr/lib/gcc/arm-none-eabi/10.3.1/../../../arm-none-eabi/lib/thumb/v6-m/nofp/libc.a(lib_a-mlock.o)
                              /usr/lib/gcc/arm-none-eabi/10.3.1/../../../arm-none-eabi/lib/thumb/v6-m/nofp/libc.a(lib_a-mallocr.o) (__malloc_lock)
/usr/lib/gcc/arm-none-eabi/10.3.1/../../../arm-none-eabi/lib/thumb/v6-m/nofp/libc.a(lib_a-realloc.o)
[...]
Memory Configuration

Name             Origin             Length             Attributes
FLASH            0x0000000010000000 0x0000000000200000 xr
RAM              0x0000000020000000 0x0000000000040000 xrw
SCRATCH_X        0x0000000020040000 0x0000000000001000 xrw
SCRATCH_Y        0x0000000020041000 0x0000000000001000 xrw
*default*        0x0000000000000000 0xffffffffffffffff

Linker script and memory map

LOAD /usr/lib/gcc/arm-none-eabi/10.3.1/thumb/v6-m/nofp/crti.o
LOAD /usr/lib/gcc/arm-none-eabi/10.3.1/thumb/v6-m/nofp/crtbegin.o
LOAD /usr/lib/gcc/arm-none-eabi/10.3.1/../../../arm-none-eabi/lib/thumb/v6-m/nofp/crt0.o

.flash_begin    0x0000000010000000        0x0
                0x0000000010000000                __flash_binary_start = .

.boot2          0x0000000010000000      0x100
                0x0000000010000000                __boot2_start__ = .
 *(.boot2)
 .boot2         0x0000000010000000      0x100 /tmp/cck7jAHN.o
                0x0000000010000100                __boot2_end__ = .
                0x0000000000000001                ASSERT (((__boot2_end__ - __boot2_start__) == 0x100), ERROR: Pico second stage bootloader must be 256 bytes in size)

.text           0x0000000010000100    0x185a0
                0x0000000010000100                __logical_binary_start = .
 *(.vectors)
 .vectors       0x0000000010000100       0xd4 CMakeFiles/pico_webserver.dir/pico-sdk/src/rp2_common/pico_standard_link/crt0.S.obj
                0x0000000010000100                __vectors
                0x0000000010000100                __VECTOR_TABLE
                0x00000000100001c0                isr_invalid
                0x00000000100001c0                __default_isrs_start
                0x00000000100001c2                isr_nmi
                0x00000000100001c4                isr_hardfault
                0x00000000100001c6                isr_svcall
                0x00000000100001c8                isr_pendsv
                0x00000000100001ca                isr_systick
                0x00000000100001cc                isr_irq30
                0x00000000100001cc                __unhandled_user_irq
                0x00000000100001cc                isr_irq13
                0x00000000100001cc                isr_irq27
                0x00000000100001cc                isr_irq31
                0x00000000100001cc                isr_irq5
                0x00000000100001cc                isr_irq11
                0x00000000100001cc                isr_irq23
                0x00000000100001cc                isr_irq18
                0x00000000100001cc                isr_irq28
                0x00000000100001cc                isr_irq19
                0x00000000100001cc                isr_irq0
                0x00000000100001cc                isr_irq6
                0x00000000100001cc                isr_irq22
                0x00000000100001cc                isr_irq17
                0x00000000100001cc                isr_irq14
                0x00000000100001cc                isr_irq2
                0x00000000100001cc                isr_irq10
                0x00000000100001cc                isr_irq8
                0x00000000100001cc                isr_irq24
                0x00000000100001cc                isr_irq1
                0x00000000100001cc                isr_irq7
                0x00000000100001cc                isr_irq21
                0x00000000100001cc                isr_irq20
                0x00000000100001cc                isr_irq15
                0x00000000100001cc                isr_irq25
                0x00000000100001cc                isr_irq4
                0x00000000100001cc                isr_irq16
                0x00000000100001cc                isr_irq29
                0x00000000100001cc                isr_irq26
                0x00000000100001cc                __default_isrs_end
                0x00000000100001cc                isr_irq3
                0x00000000100001cc                isr_irq12
                0x00000000100001cc                isr_irq9
                0x00000000100001d2                unhandled_user_irq_num_in_r0
 *(.binary_info_header)
 .binary_info_header
                0x00000000100001d4       0x14 CMakeFiles/pico_webserver.dir/pico-sdk/src/rp2_common/pico_standard_link/crt0.S.obj
                0x00000000100001e8                __binary_info_header_end = .
 *(.reset)
 .reset         0x00000000100001e8       0xa0 CMakeFiles/pico_webserver.dir/pico-sdk/src/rp2_common/pico_standard_link/crt0.S.obj
                0x00000000100001e8                _entry_point
 .reset         0x0000000010000288       0x30 CMakeFiles/pico_webserver.dir/pico-sdk/src/rp2_common/pico_standard_link/binary_info.c.obj
 *(.init)
 .init          0x00000000100002b8        0x4 /usr/lib/gcc/arm-none-eabi/10.3.1/thumb/v6-m/nofp/crti.o
                0x00000000100002b8                _init
 *(EXCLUDE_FILE(*libm.a: *libc.a:*lib_a-mem*.o *libgcc.a:) .text*)
 .text          0x00000000100002bc       0x98 /usr/lib/gcc/arm-none-eabi/10.3.1/thumb/v6-m/nofp/crtbegin.o
 .text.startup.main
                0x0000000010000354       0x74 CMakeFiles/pico_webserver.dir/webserver.c.obj
                0x0000000010000354                main
 .text.echo_all
                0x00000000100003c8       0x74 CMakeFiles/pico_webserver.dir/vendor_code.c.obj
                0x00000000100003c8                echo_all
 .text.tud_vendor_control_xfer_cb
                0x000000001000043c       0xb0 CMakeFiles/pico_webserver.dir/vendor_code.c.obj
                0x000000001000043c                tud_vendor_control_xfer_cb
 .text.webserial_task
                0x00000000100004ec       0x34 CMakeFiles/pico_webserver.dir/vendor_code.c.obj
                0x00000000100004ec                webserial_task
 .text.cdc_task
                0x0000000010000520       0x30 CMakeFiles/pico_webserver.dir/cdc.c.obj
                0x0000000010000520                cdc_task
 .text.tud_cdc_line_state_cb
                0x0000000010000550       0x1c CMakeFiles/pico_webserver.dir/cdc.c.obj
                0x0000000010000550                tud_cdc_line_state_cb
 .text.tud_cdc_rx_cb
                0x000000001000056c        0x4 CMakeFiles/pico_webserver.dir/cdc.c.obj
                0x000000001000056c                tud_cdc_rx_cb
 .text.tud_msc_inquiry_cb
                0x0000000010000570       0x58 CMakeFiles/pico_webserver.dir/msc.c.obj
                0x0000000010000570                tud_msc_inquiry_cb
 .text.tud_msc_test_unit_ready_cb
                0x00000000100005c8       0x24 CMakeFiles/pico_webserver.dir/msc.c.obj
                0x00000000100005c8                tud_msc_test_unit_ready_cb
 .text.tud_msc_capacity_cb
                0x00000000100005ec        0xc CMakeFiles/pico_webserver.dir/msc.c.obj
                0x00000000100005ec                tud_msc_capacity_cb
 .text.tud_msc_start_stop_cb
                0x00000000100005f8       0x18 CMakeFiles/pico_webserver.dir/msc.c.obj
                0x00000000100005f8                tud_msc_start_stop_cb
 .text.tud_msc_read10_cb
                0x0000000010000610       0x24 CMakeFiles/pico_webserver.dir/msc.c.obj
                0x0000000010000610                tud_msc_read10_cb
 .text.tud_msc_is_writable_cb
                0x0000000010000634        0x4 CMakeFiles/pico_webserver.dir/msc.c.obj
                0x0000000010000634                tud_msc_is_writable_cb
 .text.tud_msc_write10_cb
                0x0000000010000638       0x28 CMakeFiles/pico_webserver.dir/msc.c.obj
                0x0000000010000638                tud_msc_write10_cb
 .text.tud_msc_scsi_cb
                0x0000000010000660       0x14 CMakeFiles/pico_webserver.dir/msc.c.obj
                0x0000000010000660                tud_msc_scsi_cb
 .text.netif_init_cb
                0x0000000010000674       0x30 CMakeFiles/pico_webserver.dir/tusb_lwip_glue.c.obj
 .text.output_fn
                0x00000000100006a4        0x8 CMakeFiles/pico_webserver.dir/tusb_lwip_glue.c.obj
 .text.linkoutput_fn
                0x00000000100006ac       0x3c CMakeFiles/pico_webserver.dir/tusb_lwip_glue.c.obj
 .text.init_lwip
                0x00000000100006e8       0x8c CMakeFiles/pico_webserver.dir/tusb_lwip_glue.c.obj
                0x00000000100006e8                init_lwip
 .text.tud_network_init_cb
                0x0000000010000774       0x18 CMakeFiles/pico_webserver.dir/tusb_lwip_glue.c.obj
                0x0000000010000774                tud_network_init_cb
 .text.tud_network_recv_cb
                0x000000001000078c       0x3c CMakeFiles/pico_webserver.dir/tusb_lwip_glue.c.obj
                0x000000001000078c                tud_network_recv_cb
 .text.tud_network_xmit_cb
                0x00000000100007c8       0x30 CMakeFiles/pico_webserver.dir/tusb_lwip_glue.c.obj
                0x00000000100007c8                tud_network_xmit_cb
 .text.service_traffic
                0x00000000100007f8       0x48 CMakeFiles/pico_webserver.dir/tusb_lwip_glue.c.obj
                0x00000000100007f8                service_traffic
 .text.wait_for_netif_is_up
                0x0000000010000840       0x14 CMakeFiles/pico_webserver.dir/tusb_lwip_glue.c.obj
                0x0000000010000840                wait_for_netif_is_up
 .text.sys_arch_protect
                0x0000000010000854        0x4 CMakeFiles/pico_webserver.dir/tusb_lwip_glue.c.obj
                0x0000000010000854                sys_arch_protect
 .text.sys_arch_unprotect
                0x0000000010000858        0x4 CMakeFiles/pico_webserver.dir/tusb_lwip_glue.c.obj
                0x0000000010000858                sys_arch_unprotect
 .text.sys_now  0x000000001000085c       0x20 CMakeFiles/pico_webserver.dir/tusb_lwip_glue.c.obj
                0x000000001000085c                sys_now
 .text.tud_cdc_n_connected
                0x000000001000087c       0x34 CMakeFiles/pico_webserver.dir/pico-sdk/lib/tinyusb/src/class/cdc/cdc_device.c.obj
                0x000000001000087c                tud_cdc_n_connected
 .text.tud_cdc_n_available
                0x00000000100008b0       0x20 CMakeFiles/pico_webserver.dir/pico-sdk/lib/tinyusb/src/class/cdc/cdc_device.c.obj
                0x00000000100008b0                tud_cdc_n_available
 .text.tud_cdc_n_read
                0x00000000100008d0       0x8c CMakeFiles/pico_webserver.dir/pico-sdk/lib/tinyusb/src/class/cdc/cdc_device.c.obj
                0x00000000100008d0                tud_cdc_n_read
 .text.tud_cdc_n_write_flush
                0x000000001000095c       0x78 CMakeFiles/pico_webserver.dir/pico-sdk/lib/tinyusb/src/class/cdc/cdc_device.c.obj
                0x000000001000095c                tud_cdc_n_write_flush
 .text.tud_cdc_n_write
                0x00000000100009d4       0x48 CMakeFiles/pico_webserver.dir/pico-sdk/lib/tinyusb/src/class/cdc/cdc_device.c.obj
                0x00000000100009d4                tud_cdc_n_write
 .text.cdcd_init
                0x0000000010000a1c       0x6c CMakeFiles/pico_webserver.dir/pico-sdk/lib/tinyusb/src/class/cdc/cdc_device.c.obj
                0x0000000010000a1c                cdcd_init
 .text.cdcd_reset
                0x0000000010000a88       0x2c CMakeFiles/pico_webserver.dir/pico-sdk/lib/tinyusb/src/class/cdc/cdc_device.c.obj
                0x0000000010000a88                cdcd_reset
 .text.cdcd_open
                0x0000000010000ab4       0xe4 CMakeFiles/pico_webserver.dir/pico-sdk/lib/tinyusb/src/class/cdc/cdc_device.c.obj
                0x0000000010000ab4                cdcd_open
 .text.cdcd_control_xfer_cb
                0x0000000010000b98       0xe4 CMakeFiles/pico_webserver.dir/pico-sdk/lib/tinyusb/src/class/cdc/cdc_device.c.obj
                0x0000000010000b98                cdcd_control_xfer_cb
 .text.cdcd_xfer_cb
                0x0000000010000c7c      0x144 CMakeFiles/pico_webserver.dir/pico-sdk/lib/tinyusb/src/class/cdc/cdc_device.c.obj
                0x0000000010000c7c                cdcd_xfer_cb
 .text.tud_descriptor_device_cb
                0x0000000010000dc0        0x8 CMakeFiles/pico_webserver.dir/usb_descriptors.c.obj
                0x0000000010000dc0                tud_descriptor_device_cb
 .text.tud_descriptor_configuration_cb
                0x0000000010000dc8       0x14 CMakeFiles/pico_webserver.dir/usb_descriptors.c.obj
                0x0000000010000dc8                tud_descriptor_configuration_cb
 .text.tud_descriptor_bos_cb
                0x0000000010000ddc        0x8 CMakeFiles/pico_webserver.dir/usb_descriptors.c.obj
                0x0000000010000ddc                tud_descriptor_bos_cb
 .text.tud_descriptor_string_cb
                0x0000000010000de4       0xdc CMakeFiles/pico_webserver.dir/usb_descriptors.c.obj
                0x0000000010000de4                tud_descriptor_string_cb
 .text.rndis_class_set_handler
                0x0000000010000ec0      0x2d4 CMakeFiles/pico_webserver.dir/pico-sdk/lib/tinyusb/lib/networking/rndis_reports.c.obj
                0x0000000010000ec0                rndis_class_set_handler
 .text.cyw43_cb_tcpip_set_link_up
                0x0000000010001194        0xc CMakeFiles/pico_webserver.dir/wifi_code.c.obj
                0x0000000010001194                cyw43_cb_tcpip_set_link_up
 .text.cyw43_cb_tcpip_set_link_down
                0x00000000100011a0        0xc CMakeFiles/pico_webserver.dir/wifi_code.c.obj
                0x00000000100011a0                cyw43_cb_tcpip_set_link_down
 .text.cyw43_cb_process_ethernet
                0x00000000100011ac       0x64 CMakeFiles/pico_webserver.dir/wifi_code.c.obj
                0x00000000100011ac                cyw43_cb_process_ethernet
 .text.core1_entry
                0x0000000010001210       0xf4 CMakeFiles/pico_webserver.dir/wifi_code.c.obj
                0x0000000010001210                core1_entry
 .text.set_sys_clock_pll
                0x0000000010001304       0x78 CMakeFiles/pico_webserver.dir/pico-sdk/src/rp2_common/pico_stdlib/stdlib.c.obj
                0x0000000010001304                set_sys_clock_pll
 .text.check_sys_clock_khz
                0x000000001000137c      0x17c CMakeFiles/pico_webserver.dir/pico-sdk/src/rp2_common/pico_stdlib/stdlib.c.obj
                0x000000001000137c                check_sys_clock_khz
 .text.gpio_set_function
                0x00000000100014f8       0x30 CMakeFiles/pico_webserver.dir/pico-sdk/src/rp2_common/hardware_gpio/gpio.c.obj
                0x00000000100014f8                gpio_set_function
 .text.gpio_set_pulls
                0x0000000010001528       0x30 CMakeFiles/pico_webserver.dir/pico-sdk/src/rp2_common/hardware_gpio/gpio.c.obj
                0x0000000010001528                gpio_set_pulls
 .text.gpio_set_input_hysteresis_enabled
                0x0000000010001558       0x28 CMakeFiles/pico_webserver.dir/pico-sdk/src/rp2_common/hardware_gpio/gpio.c.obj
                0x0000000010001558                gpio_set_input_hysteresis_enabled
 .text.gpio_set_irq_enabled
                0x0000000010001580       0x54 CMakeFiles/pico_webserver.dir/pico-sdk/src/rp2_common/hardware_gpio/gpio.c.obj
                0x0000000010001580                gpio_set_irq_enabled
 .text.gpio_add_raw_irq_handler_with_order_priority_masked
                0x00000000100015d4       0x44 CMakeFiles/pico_webserver.dir/pico-sdk/src/rp2_common/hardware_gpio/gpio.c.obj
                0x00000000100015d4                gpio_add_raw_irq_handler_with_order_priority_masked
 .text.gpio_remove_raw_irq_handler_masked
                0x0000000010001618       0x20 CMakeFiles/pico_webserver.dir/pico-sdk/src/rp2_common/hardware_gpio/gpio.c.obj
                0x0000000010001618                gpio_remove_raw_irq_handler_masked
 .text.gpio_init
                0x0000000010001638       0x3c CMakeFiles/pico_webserver.dir/pico-sdk/src/rp2_common/hardware_gpio/gpio.c.obj
                0x0000000010001638                gpio_init
 .text.running_on_fpga
                0x0000000010001674       0x10 CMakeFiles/pico_webserver.dir/pico-sdk/src/rp2_common/pico_platform/platform.c.obj
                0x0000000010001674                running_on_fpga
 .text.hw_claim_lock
                0x0000000010001684       0x18 CMakeFiles/pico_webserver.dir/pico-sdk/src/rp2_common/hardware_claim/claim.c.obj
                0x0000000010001684                hw_claim_lock
 .text.hw_claim_unlock
                0x000000001000169c       0x14 CMakeFiles/pico_webserver.dir/pico-sdk/src/rp2_common/hardware_claim/claim.c.obj
                0x000000001000169c                hw_claim_unlock
 .text.hw_claim_or_assert
                0x00000000100016b0       0x44 CMakeFiles/pico_webserver.dir/pico-sdk/src/rp2_common/hardware_claim/claim.c.obj
                0x00000000100016b0                hw_claim_or_assert
 .text.hw_claim_unused_from_range
                0x00000000100016f4       0x9c CMakeFiles/pico_webserver.dir/pico-sdk/src/rp2_common/hardware_claim/claim.c.obj
                0x00000000100016f4                hw_claim_unused_from_range
 .text.hw_claim_clear
                0x0000000010001790       0x38 CMakeFiles/pico_webserver.dir/pico-sdk/src/rp2_common/hardware_claim/claim.c.obj
                0x0000000010001790                hw_claim_clear
 .text.spin_locks_reset
                0x00000000100017c8       0x1c CMakeFiles/pico_webserver.dir/pico-sdk/src/rp2_common/hardware_sync/sync.c.obj
                0x00000000100017c8                spin_locks_reset
 .text.next_striped_spin_lock_num
                0x00000000100017e4       0x18 CMakeFiles/pico_webserver.dir/pico-sdk/src/rp2_common/hardware_sync/sync.c.obj
                0x00000000100017e4                next_striped_spin_lock_num
 .text.spin_lock_claim_unused
                0x00000000100017fc       0x20 CMakeFiles/pico_webserver.dir/pico-sdk/src/rp2_common/hardware_sync/sync.c.obj
                0x00000000100017fc                spin_lock_claim_unused
 .text.irq_set_enabled
                0x000000001000181c       0x24 CMakeFiles/pico_webserver.dir/pico-sdk/src/rp2_common/hardware_irq/irq.c.obj
                0x000000001000181c                irq_set_enabled
 .text.irq_is_enabled
                0x0000000010001840       0x18 CMakeFiles/pico_webserver.dir/pico-sdk/src/rp2_common/hardware_irq/irq.c.obj
                0x0000000010001840                irq_is_enabled
 .text.irq_set_pending
                0x0000000010001858       0x10 CMakeFiles/pico_webserver.dir/pico-sdk/src/rp2_common/hardware_irq/irq.c.obj
                0x0000000010001858                irq_set_pending
 .text.irq_get_vtable_handler
                0x0000000010001868       0x10 CMakeFiles/pico_webserver.dir/pico-sdk/src/rp2_common/hardware_irq/irq.c.obj
                0x0000000010001868                irq_get_vtable_handler
 .text.irq_set_exclusive_handler
                0x0000000010001878       0x54 CMakeFiles/pico_webserver.dir/pico-sdk/src/rp2_common/hardware_irq/irq.c.obj
                0x0000000010001878                irq_set_exclusive_handler
 .text.irq_add_shared_handler
                0x00000000100018cc      0x1e8 CMakeFiles/pico_webserver.dir/pico-sdk/src/rp2_common/hardware_irq/irq.c.obj
                0x00000000100018cc                irq_add_shared_handler
 .text.irq_remove_handler
                0x0000000010001ab4      0x1b0 CMakeFiles/pico_webserver.dir/pico-sdk/src/rp2_common/hardware_irq/irq.c.obj
                0x0000000010001ab4                irq_remove_handler
 .text.irq_set_priority
                0x0000000010001c64       0x28 CMakeFiles/pico_webserver.dir/pico-sdk/src/rp2_common/hardware_irq/irq.c.obj
                0x0000000010001c64                irq_set_priority
 .text.irq_add_tail_to_free_list
                0x0000000010001c8c       0xb4 CMakeFiles/pico_webserver.dir/pico-sdk/src/rp2_common/hardware_irq/irq.c.obj
                0x0000000010001c8c                irq_add_tail_to_free_list
 .text.irq_init_priorities
                0x0000000010001d40       0x24 CMakeFiles/pico_webserver.dir/pico-sdk/src/rp2_common/hardware_irq/irq.c.obj
                0x0000000010001d40                irq_init_priorities
 .text.user_irq_unclaim
                0x0000000010001d64       0x14 CMakeFiles/pico_webserver.dir/pico-sdk/src/rp2_common/hardware_irq/irq.c.obj
                0x0000000010001d64                user_irq_unclaim
 .text.user_irq_claim_unused
                0x0000000010001d78       0x28 CMakeFiles/pico_webserver.dir/pico-sdk/src/rp2_common/hardware_irq/irq.c.obj
                0x0000000010001d78                user_irq_claim_unused
 .text.sem_init
                0x0000000010001da0       0x20 CMakeFiles/pico_webserver.dir/pico-sdk/src/common/pico_sync/sem.c.obj
                0x0000000010001da0                sem_init
 .text.lock_init
                0x0000000010001dc0       0x10 CMakeFiles/pico_webserver.dir/pico-sdk/src/common/pico_sync/lock_core.c.obj
                0x0000000010001dc0                lock_init
 .text.mutex_init
                0x0000000010001dd0       0x1c CMakeFiles/pico_webserver.dir/pico-sdk/src/common/pico_sync/mutex.c.obj
                0x0000000010001dd0                mutex_init
 .text.recursive_mutex_init
                0x0000000010001dec       0x1c CMakeFiles/pico_webserver.dir/pico-sdk/src/common/pico_sync/mutex.c.obj
                0x0000000010001dec                recursive_mutex_init
 .text.critical_section_init
                0x0000000010001e08       0x20 CMakeFiles/pico_webserver.dir/pico-sdk/src/common/pico_sync/critical_section.c.obj
                0x0000000010001e08                critical_section_init
 .text.timer_pool_entry_comparator
                0x0000000010001e28       0x34 CMakeFiles/pico_webserver.dir/pico-sdk/src/common/pico_time/time.c.obj
                0x0000000010001e28                timer_pool_entry_comparator
 .text.sleep_until_callback
                0x0000000010001e5c       0x30 CMakeFiles/pico_webserver.dir/pico-sdk/src/common/pico_time/time.c.obj
 .text.add_alarm_under_lock.isra.0
                0x0000000010001e8c      0x100 CMakeFiles/pico_webserver.dir/pico-sdk/src/common/pico_time/time.c.obj
 .text.alarm_pool_alarm_callback
                0x0000000010001f8c      0x1bc CMakeFiles/pico_webserver.dir/pico-sdk/src/common/pico_time/time.c.obj
 .text.alarm_pool_init_default
                0x0000000010002148       0x6c CMakeFiles/pico_webserver.dir/pico-sdk/src/common/pico_time/time.c.obj
                0x0000000010002148                alarm_pool_init_default
 .text.alarm_pool_get_default
                0x00000000100021b4        0x8 CMakeFiles/pico_webserver.dir/pico-sdk/src/common/pico_time/time.c.obj
                0x00000000100021b4                alarm_pool_get_default
 .text.alarm_pool_create_with_unused_hardware_alarm
                0x00000000100021bc       0x74 CMakeFiles/pico_webserver.dir/pico-sdk/src/common/pico_time/time.c.obj
                0x00000000100021bc                alarm_pool_create_with_unused_hardware_alarm
 .text.alarm_pool_destroy
                0x0000000010002230       0x44 CMakeFiles/pico_webserver.dir/pico-sdk/src/common/pico_time/time.c.obj
                0x0000000010002230                alarm_pool_destroy
 .text.alarm_pool_add_alarm_at
                0x0000000010002274      0x178 CMakeFiles/pico_webserver.dir/pico-sdk/src/common/pico_time/time.c.obj
                0x0000000010002274                alarm_pool_add_alarm_at
 .text.alarm_pool_add_alarm_at_force_in_context
                0x00000000100023ec      0x124 CMakeFiles/pico_webserver.dir/pico-sdk/src/common/pico_time/time.c.obj
                0x00000000100023ec                alarm_pool_add_alarm_at_force_in_context
 .text.alarm_pool_cancel_alarm
                0x0000000010002510       0x78 CMakeFiles/pico_webserver.dir/pico-sdk/src/common/pico_time/time.c.obj
                0x0000000010002510                alarm_pool_cancel_alarm
 .text.alarm_pool_core_num
                0x0000000010002588        0x4 CMakeFiles/pico_webserver.dir/pico-sdk/src/common/pico_time/time.c.obj
                0x0000000010002588                alarm_pool_core_num
 .text.sleep_until
                0x000000001000258c       0xc4 CMakeFiles/pico_webserver.dir/pico-sdk/src/common/pico_time/time.c.obj
                0x000000001000258c                sleep_until
 .text.sleep_ms
                0x0000000010002650       0x34 CMakeFiles/pico_webserver.dir/pico-sdk/src/common/pico_time/time.c.obj
                0x0000000010002650                sleep_ms
 .text.best_effort_wfe_or_timeout
                0x0000000010002684       0xd4 CMakeFiles/pico_webserver.dir/pico-sdk/src/common/pico_time/time.c.obj
                0x0000000010002684                best_effort_wfe_or_timeout
 .text.hardware_alarm_irq_handler
                0x0000000010002758       0xbc CMakeFiles/pico_webserver.dir/pico-sdk/src/rp2_common/hardware_timer/timer.c.obj
 .text.hardware_alarm_claim
                0x0000000010002814       0x18 CMakeFiles/pico_webserver.dir/pico-sdk/src/rp2_common/hardware_timer/timer.c.obj
                0x0000000010002814                hardware_alarm_claim
 .text.hardware_alarm_unclaim
                0x000000001000282c       0x10 CMakeFiles/pico_webserver.dir/pico-sdk/src/rp2_common/hardware_timer/timer.c.obj
                0x000000001000282c                hardware_alarm_unclaim
 .text.hardware_alarm_claim_unused
                0x000000001000283c       0x20 CMakeFiles/pico_webserver.dir/pico-sdk/src/rp2_common/hardware_timer/timer.c.obj
                0x000000001000283c                hardware_alarm_claim_unused
 .text.time_us_64
                0x000000001000285c       0x14 CMakeFiles/pico_webserver.dir/pico-sdk/src/rp2_common/hardware_timer/timer.c.obj
                0x000000001000285c                time_us_64
 .text.busy_wait_until
                0x0000000010002870       0x20 CMakeFiles/pico_webserver.dir/pico-sdk/src/rp2_common/hardware_timer/timer.c.obj
                0x0000000010002870                busy_wait_until
 .text.hardware_alarm_set_callback
                0x0000000010002890       0x8c CMakeFiles/pico_webserver.dir/pico-sdk/src/rp2_common/hardware_timer/timer.c.obj
                0x0000000010002890                hardware_alarm_set_callback
 .text.hardware_alarm_set_target
                0x000000001000291c       0xd4 CMakeFiles/pico_webserver.dir/pico-sdk/src/rp2_common/hardware_timer/timer.c.obj
                0x000000001000291c                hardware_alarm_set_target
 .text.hardware_alarm_cancel
                0x00000000100029f0       0x3c CMakeFiles/pico_webserver.dir/pico-sdk/src/rp2_common/hardware_timer/timer.c.obj
                0x00000000100029f0                hardware_alarm_cancel
 .text.hardware_alarm_force_irq
                0x0000000010002a2c       0x3c CMakeFiles/pico_webserver.dir/pico-sdk/src/rp2_common/hardware_timer/timer.c.obj
                0x0000000010002a2c                hardware_alarm_force_irq
 .text.ph_merge_nodes
                0x0000000010002a68       0x68 CMakeFiles/pico_webserver.dir/pico-sdk/src/common/pico_util/pheap.c.obj
 .text.ph_create
                0x0000000010002ad0       0x60 CMakeFiles/pico_webserver.dir/pico-sdk/src/common/pico_util/pheap.c.obj
                0x0000000010002ad0                ph_create
 .text.ph_post_alloc_init
                0x0000000010002b30       0x3c CMakeFiles/pico_webserver.dir/pico-sdk/src/common/pico_util/pheap.c.obj
                0x0000000010002b30                ph_post_alloc_init
 .text.ph_destroy
                0x0000000010002b6c       0x14 CMakeFiles/pico_webserver.dir/pico-sdk/src/common/pico_util/pheap.c.obj
                0x0000000010002b6c                ph_destroy
 .text.ph_merge_two_pass
                0x0000000010002b80       0x90 CMakeFiles/pico_webserver.dir/pico-sdk/src/common/pico_util/pheap.c.obj
                0x0000000010002b80                ph_merge_two_pass
 .text.ph_remove_any_head
                0x0000000010002c10      0x100 CMakeFiles/pico_webserver.dir/pico-sdk/src/common/pico_util/pheap.c.obj
 .text.ph_remove_head
                0x0000000010002d10      0x104 CMakeFiles/pico_webserver.dir/pico-sdk/src/common/pico_util/pheap.c.obj
                0x0000000010002d10                ph_remove_head
 .text.ph_remove_and_free_node
                0x0000000010002e14       0x7c CMakeFiles/pico_webserver.dir/pico-sdk/src/common/pico_util/pheap.c.obj
                0x0000000010002e14                ph_remove_and_free_node
 .text.clock_configure
                0x0000000010002e90      0x118 CMakeFiles/pico_webserver.dir/pico-sdk/src/rp2_common/hardware_clocks/clocks.c.obj
                0x0000000010002e90                clock_configure
 .text.clocks_init
                0x0000000010002fa8      0x2d0 CMakeFiles/pico_webserver.dir/pico-sdk/src/rp2_common/hardware_clocks/clocks.c.obj
                0x0000000010002fa8                clocks_init
 .text.clock_get_hz
                0x0000000010003278        0xc CMakeFiles/pico_webserver.dir/pico-sdk/src/rp2_common/hardware_clocks/clocks.c.obj
                0x0000000010003278                clock_get_hz
 .text.pll_init
                0x0000000010003284       0xa0 CMakeFiles/pico_webserver.dir/pico-sdk/src/rp2_common/hardware_pll/pll.c.obj
                0x0000000010003284                pll_init
 .text.watchdog_start_tick
                0x0000000010003324       0x10 CMakeFiles/pico_webserver.dir/pico-sdk/src/rp2_common/hardware_watchdog/watchdog.c.obj
                0x0000000010003324                watchdog_start_tick
 .text.xosc_init
                0x0000000010003334       0x28 CMakeFiles/pico_webserver.dir/pico-sdk/src/rp2_common/hardware_xosc/xosc.c.obj
                0x0000000010003334                xosc_init
 .text.runtime_init
                0x000000001000335c       0xf0 CMakeFiles/pico_webserver.dir/pico-sdk/src/rp2_common/pico_runtime/runtime.c.obj
                0x000000001000335c                runtime_init
 .text._exit    0x000000001000344c       0x14 CMakeFiles/pico_webserver.dir/pico-sdk/src/rp2_common/pico_runtime/runtime.c.obj
                0x000000001000344c                _exit
 .text._sbrk    0x0000000010003460       0x34 CMakeFiles/pico_webserver.dir/pico-sdk/src/rp2_common/pico_runtime/runtime.c.obj
                0x0000000010003460                _sbrk
 .text.exit     0x0000000010003494        0x8 CMakeFiles/pico_webserver.dir/pico-sdk/src/rp2_common/pico_runtime/runtime.c.obj
                0x0000000010003494                exit
 .text.panic    0x000000001000349c       0x30 CMakeFiles/pico_webserver.dir/pico-sdk/src/rp2_common/pico_runtime/runtime.c.obj
                0x000000001000349c                panic
 .text.hard_assertion_failure
                0x00000000100034cc        0xc CMakeFiles/pico_webserver.dir/pico-sdk/src/rp2_common/pico_runtime/runtime.c.obj
                0x00000000100034cc                hard_assertion_failure
 .text._out_null
                0x00000000100034d8        0x4 CMakeFiles/pico_webserver.dir/pico-sdk/src/rp2_common/pico_printf/printf.c.obj
 .text._out_rev
                0x00000000100034dc       0x9c CMakeFiles/pico_webserver.dir/pico-sdk/src/rp2_common/pico_printf/printf.c.obj
 .text._ntoa_format
                0x0000000010003578      0x1cc CMakeFiles/pico_webserver.dir/pico-sdk/src/rp2_common/pico_printf/printf.c.obj
 .text._out_char
                0x0000000010003744       0x10 CMakeFiles/pico_webserver.dir/pico-sdk/src/rp2_common/pico_printf/printf.c.obj
 .text._out_fct
                0x0000000010003754       0x10 CMakeFiles/pico_webserver.dir/pico-sdk/src/rp2_common/pico_printf/printf.c.obj
 .text._etoa    0x0000000010003764      0x44c CMakeFiles/pico_webserver.dir/pico-sdk/src/rp2_common/pico_printf/printf.c.obj
 .text._ftoa    0x0000000010003bb0      0x398 CMakeFiles/pico_webserver.dir/pico-sdk/src/rp2_common/pico_printf/printf.c.obj
 .text._vsnprintf
                0x0000000010003f48      0xb04 CMakeFiles/pico_webserver.dir/pico-sdk/src/rp2_common/pico_printf/printf.c.obj
 .text.vfctprintf
                0x0000000010004a4c       0x20 CMakeFiles/pico_webserver.dir/pico-sdk/src/rp2_common/pico_printf/printf.c.obj
                0x0000000010004a4c                vfctprintf
 .text.weak_raw_vprintf
                0x0000000010004a6c       0x30 CMakeFiles/pico_webserver.dir/pico-sdk/src/rp2_common/pico_printf/printf.c.obj
                0x0000000010004a6c                weak_raw_vprintf
 .text          0x0000000010004a9c       0x10 CMakeFiles/pico_webserver.dir/pico-sdk/src/rp2_common/pico_bit_ops/bit_ops_aeabi.S.obj
 .text.ctzsi    0x0000000010004aac        0xc CMakeFiles/pico_webserver.dir/pico-sdk/src/rp2_common/pico_bit_ops/bit_ops_aeabi.S.obj
                0x0000000010004aac                __wrap___ctzsi2
 .text.rom_func_lookup
                0x0000000010004ab8       0x10 CMakeFiles/pico_webserver.dir/pico-sdk/src/rp2_common/pico_bootrom/bootrom.c.obj
                0x0000000010004ab8                rom_func_lookup
 .text.rom_data_lookup
                0x0000000010004ac8       0x10 CMakeFiles/pico_webserver.dir/pico-sdk/src/rp2_common/pico_bootrom/bootrom.c.obj
                0x0000000010004ac8                rom_data_lookup
 .text.rom_funcs_lookup
                0x0000000010004ad8       0x44 CMakeFiles/pico_webserver.dir/pico-sdk/src/rp2_common/pico_bootrom/bootrom.c.obj
                0x0000000010004ad8                rom_funcs_lookup
 .text.__wrap___aeabi_idiv
                0x0000000010004b1c       0x50 CMakeFiles/pico_webserver.dir/pico-sdk/src/rp2_common/pico_divider/divider.S.obj
                0x0000000010004b1c                __wrap___aeabi_idivmod
                0x0000000010004b1c                divmod_s32s32
                0x0000000010004b1c                div_s32s32
                0x0000000010004b1c                __wrap___aeabi_idiv
                0x0000000010004b24                divmod_s32s32_unsafe
                0x0000000010004b50                divmod_s32s32_savestate
 .text.__wrap___aeabi_uidiv
                0x0000000010004b6c       0x4c CMakeFiles/pico_webserver.dir/pico-sdk/src/rp2_common/pico_divider/divider.S.obj
                0x0000000010004b6c                __wrap___aeabi_uidiv
                0x0000000010004b6c                __wrap___aeabi_uidivmod
                0x0000000010004b6c                div_u32u32
                0x0000000010004b6c                divmod_u32u32
                0x0000000010004b74                divmod_u32u32_unsafe
                0x0000000010004b9c                divmod_u32u32_savestate
 .text.__wrap___aeabi_ldiv
                0x0000000010004bb8      0x424 CMakeFiles/pico_webserver.dir/pico-sdk/src/rp2_common/pico_divider/divider.S.obj
                0x0000000010004bb8                div_s64s64
                0x0000000010004bb8                divmod_s64s64
                0x0000000010004bb8                __wrap___aeabi_ldivmod
                0x0000000010004be8                div_u64u64
                0x0000000010004be8                divmod_u64u64
                0x0000000010004be8                __wrap___aeabi_uldivmod
                0x0000000010004bf8                divmod_u64u64_savestate
                0x0000000010004c18                divmod_s64s64_unsafe
                0x0000000010004ca0                divmod_u64u64_unsafe
 .text.__wrap___aeabi_darithmetic
                0x0000000010004fdc       0x60 CMakeFiles/pico_webserver.dir/pico-sdk/src/rp2_common/pico_double/double_aeabi.S.obj
                0x0000000010004fdc                __wrap___aeabi_drsub
                0x0000000010004fe2                __wrap___aeabi_dsub
                0x0000000010004fec                __wrap___aeabi_dadd
                0x0000000010004ff6                __wrap___aeabi_ddiv
                0x000000001000502a                __wrap___aeabi_dmul
 .text.__wrap___aeabi_cdcmple
                0x000000001000503c       0x6c CMakeFiles/pico_webserver.dir/pico-sdk/src/rp2_common/pico_double/double_aeabi.S.obj
                0x000000001000503c                __wrap___aeabi_cdrcmple
                0x000000001000504c                __wrap___aeabi_cdcmple
                0x000000001000504c                __wrap___aeabi_cdcmpeq
 .text.__wrap___aeabi_dcmplt
                0x00000000100050a8        0xc CMakeFiles/pico_webserver.dir/pico-sdk/src/rp2_common/pico_double/double_aeabi.S.obj
                0x00000000100050a8                __wrap___aeabi_dcmplt
 .text.__wrap___aeabi_dcmple
                0x00000000100050b4       0x10 CMakeFiles/pico_webserver.dir/pico-sdk/src/rp2_common/pico_double/double_aeabi.S.obj
                0x00000000100050b4                __wrap___aeabi_dcmple
 .text.__wrap___aeabi_dcmpge
                0x00000000100050c4       0x10 CMakeFiles/pico_webserver.dir/pico-sdk/src/rp2_common/pico_double/double_aeabi.S.obj
                0x00000000100050c4                __wrap___aeabi_dcmpge
 .text.__wrap___aeabi_dcmpgt
                0x00000000100050d4        0xa CMakeFiles/pico_webserver.dir/pico-sdk/src/rp2_common/pico_double/double_aeabi.S.obj
                0x00000000100050d4                __wrap___aeabi_dcmpgt
 .text.__wrap___aeabi_dcmpun
                0x00000000100050de       0x1c CMakeFiles/pico_webserver.dir/pico-sdk/src/rp2_common/pico_double/double_aeabi.S.obj
                0x00000000100050de                __wrap___aeabi_dcmpun
 *fill*         0x00000000100050fa        0x2 
 .text.__wrap___aeabi_i2d
                0x00000000100050fc       0x38 CMakeFiles/pico_webserver.dir/pico-sdk/src/rp2_common/pico_double/double_aeabi.S.obj
                0x00000000100050fc                __wrap___aeabi_ui2d
                0x0000000010005104                __wrap___aeabi_i2d
 .text.__wrap___aeabi_d2iz
                0x0000000010005134       0x48 CMakeFiles/pico_webserver.dir/pico-sdk/src/rp2_common/pico_double/double_aeabi.S.obj
                0x0000000010005134                __wrap___aeabi_d2iz
                0x0000000010005134                double2int_z
 .text.__wrap___aeabi_d2uiz
                0x000000001000517c       0x10 CMakeFiles/pico_webserver.dir/pico-sdk/src/rp2_common/pico_double/double_aeabi.S.obj
                0x000000001000517c                double2uint
                0x000000001000517c                __wrap___aeabi_d2uiz
 .text.missing_double_func_shim
                0x000000001000518c        0xc CMakeFiles/pico_webserver.dir/pico-sdk/src/rp2_common/pico_double/double_init_rom.c.obj
 .text.__aeabi_double_init
                0x0000000010005198       0x98 CMakeFiles/pico_webserver.dir/pico-sdk/src/rp2_common/pico_double/double_init_rom.c.obj
                0x0000000010005198                __aeabi_double_init
 .text.double_table_shim_on_use_helper
                0x0000000010005230       0x2c CMakeFiles/pico_webserver.dir/pico-sdk/src/rp2_common/pico_double/double_v1_rom_shim.S.obj
                0x0000000010005230                double_table_shim_on_use_helper
 .text.__aeabi_lmul
                0x000000001000525c       0x32 CMakeFiles/pico_webserver.dir/pico-sdk/src/rp2_common/pico_int64_ops/pico_int64_ops_aeabi.S.obj
                0x000000001000525c                __wrap___aeabi_lmul
 *fill*         0x000000001000528e        0x2 
 .text.missing_float_func_shim
                0x0000000010005290        0xc CMakeFiles/pico_webserver.dir/pico-sdk/src/rp2_common/pico_float/float_init_rom.c.obj
 .text.__aeabi_float_init
                0x000000001000529c       0x5c CMakeFiles/pico_webserver.dir/pico-sdk/src/rp2_common/pico_float/float_init_rom.c.obj
                0x000000001000529c                __aeabi_float_init
 .text.__wrap_malloc
                0x00000000100052f8       0x3c CMakeFiles/pico_webserver.dir/pico-sdk/src/rp2_common/pico_malloc/pico_malloc.c.obj
                0x00000000100052f8                __wrap_malloc
 .text.__wrap_calloc
                0x0000000010005334       0x40 CMakeFiles/pico_webserver.dir/pico-sdk/src/rp2_common/pico_malloc/pico_malloc.c.obj
                0x0000000010005334                __wrap_calloc
 .text.__wrap_free
                0x0000000010005374       0x20 CMakeFiles/pico_webserver.dir/pico-sdk/src/rp2_common/pico_malloc/pico_malloc.c.obj
                0x0000000010005374                __wrap_free
 .text          0x0000000010005394       0x10 CMakeFiles/pico_webserver.dir/pico-sdk/src/rp2_common/pico_mem_ops/mem_ops_aeabi.S.obj
                0x0000000010005394                __aeabi_mem_init
 .text.memset   0x00000000100053a4        0xc CMakeFiles/pico_webserver.dir/pico-sdk/src/rp2_common/pico_mem_ops/mem_ops_aeabi.S.obj
                0x00000000100053a4                __wrap_memset
 .text.memcpy   0x00000000100053b0        0xc CMakeFiles/pico_webserver.dir/pico-sdk/src/rp2_common/pico_mem_ops/mem_ops_aeabi.S.obj
                0x00000000100053b0                __wrap___aeabi_memcpy
                0x00000000100053b0                __wrap_memcpy
 .text.stdio_out_chars_no_crlf
                0x00000000100053bc       0x10 CMakeFiles/pico_webserver.dir/pico-sdk/src/rp2_common/pico_stdio/stdio.c.obj
 .text.stdio_out_chars_crlf
                0x00000000100053cc       0xb4 CMakeFiles/pico_webserver.dir/pico-sdk/src/rp2_common/pico_stdio/stdio.c.obj
 .text.stdio_buffered_printer
                0x0000000010005480       0x64 CMakeFiles/pico_webserver.dir/pico-sdk/src/rp2_common/pico_stdio/stdio.c.obj
 .text.stdio_put_string.isra.0
                0x00000000100054e4       0xfc CMakeFiles/pico_webserver.dir/pico-sdk/src/rp2_common/pico_stdio/stdio.c.obj
 .text.__wrap_putchar
                0x00000000100055e0       0x98 CMakeFiles/pico_webserver.dir/pico-sdk/src/rp2_common/pico_stdio/stdio.c.obj
                0x00000000100055e0                __wrap_putchar
 .text.__wrap_puts
                0x0000000010005678       0x3c CMakeFiles/pico_webserver.dir/pico-sdk/src/rp2_common/pico_stdio/stdio.c.obj
                0x0000000010005678                __wrap_puts
 .text.__wrap_vprintf
                0x00000000100056b4       0xd8 CMakeFiles/pico_webserver.dir/pico-sdk/src/rp2_common/pico_stdio/stdio.c.obj
                0x00000000100056b4                __wrap_vprintf
 .text.__wrap_printf
                0x000000001000578c       0x18 CMakeFiles/pico_webserver.dir/pico-sdk/src/rp2_common/pico_stdio/stdio.c.obj
                0x000000001000578c                __wrap_printf
 .text.startup._retrieve_unique_id_on_boot
                0x00000000100057a4       0x10 CMakeFiles/pico_webserver.dir/pico-sdk/src/rp2_common/pico_unique_id/unique_id.c.obj
 .text.pico_get_unique_board_id
                0x00000000100057b4       0x10 CMakeFiles/pico_webserver.dir/pico-sdk/src/rp2_common/pico_unique_id/unique_id.c.obj
                0x00000000100057b4                pico_get_unique_board_id
 .text.flash_get_unique_id
                0x00000000100057c4       0x40 CMakeFiles/pico_webserver.dir/pico-sdk/src/rp2_common/hardware_flash/flash.c.obj
                0x00000000100057c4                flash_get_unique_id
 .text.dcd_int_enable
                0x0000000010005804        0xc CMakeFiles/pico_webserver.dir/pico-sdk/lib/tinyusb/src/portable/raspberrypi/rp2040/dcd_rp2040.c.obj
                0x0000000010005804                dcd_int_enable
 .text.dcd_set_address
                0x0000000010005810       0x14 CMakeFiles/pico_webserver.dir/pico-sdk/lib/tinyusb/src/portable/raspberrypi/rp2040/dcd_rp2040.c.obj
                0x0000000010005810                dcd_set_address
 .text.dcd_connect
                0x0000000010005824       0x10 CMakeFiles/pico_webserver.dir/pico-sdk/lib/tinyusb/src/portable/raspberrypi/rp2040/dcd_rp2040.c.obj
                0x0000000010005824                dcd_connect
 .text.dcd_init
                0x0000000010005834       0x98 CMakeFiles/pico_webserver.dir/pico-sdk/lib/tinyusb/src/portable/raspberrypi/rp2040/dcd_rp2040.c.obj
                0x0000000010005834                dcd_init
 .text.dcd_edpt0_status_complete
                0x00000000100058cc       0x1c CMakeFiles/pico_webserver.dir/pico-sdk/lib/tinyusb/src/portable/raspberrypi/rp2040/dcd_rp2040.c.obj
                0x00000000100058cc                dcd_edpt0_status_complete
 .text.dcd_edpt_open
                0x00000000100058e8      0x108 CMakeFiles/pico_webserver.dir/pico-sdk/lib/tinyusb/src/portable/raspberrypi/rp2040/dcd_rp2040.c.obj
                0x00000000100058e8                dcd_edpt_open
 .text.dcd_edpt_close_all
                0x00000000100059f0        0x8 CMakeFiles/pico_webserver.dir/pico-sdk/lib/tinyusb/src/portable/raspberrypi/rp2040/dcd_rp2040.c.obj
                0x00000000100059f0                dcd_edpt_close_all
 .text.dcd_edpt_xfer
                0x00000000100059f8       0x24 CMakeFiles/pico_webserver.dir/pico-sdk/lib/tinyusb/src/portable/raspberrypi/rp2040/dcd_rp2040.c.obj
                0x00000000100059f8                dcd_edpt_xfer
 .text.dcd_edpt_stall
                0x0000000010005a1c       0x38 CMakeFiles/pico_webserver.dir/pico-sdk/lib/tinyusb/src/portable/raspberrypi/rp2040/dcd_rp2040.c.obj
                0x0000000010005a1c                dcd_edpt_stall
 .text.dcd_edpt_clear_stall
                0x0000000010005a54       0x30 CMakeFiles/pico_webserver.dir/pico-sdk/lib/tinyusb/src/portable/raspberrypi/rp2040/dcd_rp2040.c.obj
                0x0000000010005a54                dcd_edpt_clear_stall
 .text.rp2040_usb_init
                0x0000000010005a84       0x4c CMakeFiles/pico_webserver.dir/pico-sdk/lib/tinyusb/src/portable/raspberrypi/rp2040/rp2040_usb.c.obj
                0x0000000010005a84                rp2040_usb_init
 .text.hw_endpoint_xfer_start
                0x0000000010005ad0       0x50 CMakeFiles/pico_webserver.dir/pico-sdk/lib/tinyusb/src/portable/raspberrypi/rp2040/rp2040_usb.c.obj
                0x0000000010005ad0                hw_endpoint_xfer_start
 .text.tud_mounted
                0x0000000010005b20       0x10 CMakeFiles/pico_webserver.dir/pico-sdk/lib/tinyusb/src/device/usbd.c.obj
                0x0000000010005b20                tud_mounted
 .text.tud_suspended
                0x0000000010005b30       0x10 CMakeFiles/pico_webserver.dir/pico-sdk/lib/tinyusb/src/device/usbd.c.obj
                0x0000000010005b30                tud_suspended
 .text.tud_init
                0x0000000010005b40       0xdc CMakeFiles/pico_webserver.dir/pico-sdk/lib/tinyusb/src/device/usbd.c.obj
                0x0000000010005b40                tud_init
 .text.tud_task_ext
                0x0000000010005c1c      0x86c CMakeFiles/pico_webserver.dir/pico-sdk/lib/tinyusb/src/device/usbd.c.obj
                0x0000000010005c1c                tud_task_ext
 .text.usbd_open_edpt_pair
                0x0000000010006488       0x9c CMakeFiles/pico_webserver.dir/pico-sdk/lib/tinyusb/src/device/usbd.c.obj
                0x0000000010006488                usbd_open_edpt_pair
 .text.usbd_edpt_open
                0x0000000010006524       0x34 CMakeFiles/pico_webserver.dir/pico-sdk/lib/tinyusb/src/device/usbd.c.obj
                0x0000000010006524                usbd_edpt_open
 .text.usbd_edpt_claim
                0x0000000010006558       0x28 CMakeFiles/pico_webserver.dir/pico-sdk/lib/tinyusb/src/device/usbd.c.obj
                0x0000000010006558                usbd_edpt_claim
 .text.usbd_edpt_release
                0x0000000010006580       0x28 CMakeFiles/pico_webserver.dir/pico-sdk/lib/tinyusb/src/device/usbd.c.obj
                0x0000000010006580                usbd_edpt_release
 .text.usbd_edpt_xfer
                0x00000000100065a8       0x4c CMakeFiles/pico_webserver.dir/pico-sdk/lib/tinyusb/src/device/usbd.c.obj
                0x00000000100065a8                usbd_edpt_xfer
 .text.usbd_edpt_busy
                0x00000000100065f4       0x1c CMakeFiles/pico_webserver.dir/pico-sdk/lib/tinyusb/src/device/usbd.c.obj
                0x00000000100065f4                usbd_edpt_busy
 .text.usbd_edpt_stall
                0x0000000010006610       0x3c CMakeFiles/pico_webserver.dir/pico-sdk/lib/tinyusb/src/device/usbd.c.obj
                0x0000000010006610                usbd_edpt_stall
 .text.usbd_edpt_stalled
                0x000000001000664c       0x1c CMakeFiles/pico_webserver.dir/pico-sdk/lib/tinyusb/src/device/usbd.c.obj
                0x000000001000664c                usbd_edpt_stalled
 .text.tud_control_status
                0x0000000010006668       0x30 CMakeFiles/pico_webserver.dir/pico-sdk/lib/tinyusb/src/device/usbd_control.c.obj
                0x0000000010006668                tud_control_status
 .text.tud_control_xfer
                0x0000000010006698       0xbc CMakeFiles/pico_webserver.dir/pico-sdk/lib/tinyusb/src/device/usbd_control.c.obj
                0x0000000010006698                tud_control_xfer
 .text.usbd_control_reset
                0x0000000010006754       0x14 CMakeFiles/pico_webserver.dir/pico-sdk/lib/tinyusb/src/device/usbd_control.c.obj
                0x0000000010006754                usbd_control_reset
 .text.usbd_control_set_complete_callback
                0x0000000010006768        0xc CMakeFiles/pico_webserver.dir/pico-sdk/lib/tinyusb/src/device/usbd_control.c.obj
                0x0000000010006768                usbd_control_set_complete_callback
 .text.usbd_control_set_request
                0x0000000010006774       0x1c CMakeFiles/pico_webserver.dir/pico-sdk/lib/tinyusb/src/device/usbd_control.c.obj
                0x0000000010006774                usbd_control_set_request
 .text.usbd_control_xfer_cb
                0x0000000010006790       0xfc CMakeFiles/pico_webserver.dir/pico-sdk/lib/tinyusb/src/device/usbd_control.c.obj
                0x0000000010006790                usbd_control_xfer_cb
 .text.proc_read10_cmd.constprop.0
                0x000000001000688c       0xf0 CMakeFiles/pico_webserver.dir/pico-sdk/lib/tinyusb/src/class/msc/msc_device.c.obj
 .text.proc_write10_cmd.constprop.0
                0x000000001000697c       0x8c CMakeFiles/pico_webserver.dir/pico-sdk/lib/tinyusb/src/class/msc/msc_device.c.obj
 .text.tud_msc_set_sense
                0x0000000010006a08       0x18 CMakeFiles/pico_webserver.dir/pico-sdk/lib/tinyusb/src/class/msc/msc_device.c.obj
                0x0000000010006a08                tud_msc_set_sense
 .text.mscd_init
                0x0000000010006a20       0x14 CMakeFiles/pico_webserver.dir/pico-sdk/lib/tinyusb/src/class/msc/msc_device.c.obj
                0x0000000010006a20                mscd_init
 .text.mscd_reset
                0x0000000010006a34       0x14 CMakeFiles/pico_webserver.dir/pico-sdk/lib/tinyusb/src/class/msc/msc_device.c.obj
                0x0000000010006a34                mscd_reset
 .text.mscd_open
                0x0000000010006a48       0x64 CMakeFiles/pico_webserver.dir/pico-sdk/lib/tinyusb/src/class/msc/msc_device.c.obj
                0x0000000010006a48                mscd_open
 .text.mscd_control_xfer_cb
                0x0000000010006aac      0x13c CMakeFiles/pico_webserver.dir/pico-sdk/lib/tinyusb/src/class/msc/msc_device.c.obj
                0x0000000010006aac                mscd_control_xfer_cb
 .text.mscd_xfer_cb
                0x0000000010006be8      0x72c CMakeFiles/pico_webserver.dir/pico-sdk/lib/tinyusb/src/class/msc/msc_device.c.obj
                0x0000000010006be8                mscd_xfer_cb
 .text.tud_network_recv_renew
                0x0000000010007314       0x20 CMakeFiles/pico_webserver.dir/pico-sdk/lib/tinyusb/src/class/net/ecm_rndis_device.c.obj
                0x0000000010007314                tud_network_recv_renew
 .text.netd_report
                0x0000000010007334       0x24 CMakeFiles/pico_webserver.dir/pico-sdk/lib/tinyusb/src/class/net/ecm_rndis_device.c.obj
                0x0000000010007334                netd_report
 .text.netd_init
                0x0000000010007358       0x14 CMakeFiles/pico_webserver.dir/pico-sdk/lib/tinyusb/src/class/net/ecm_rndis_device.c.obj
                0x0000000010007358                netd_init
 .text.netd_reset
                0x000000001000736c       0x14 CMakeFiles/pico_webserver.dir/pico-sdk/lib/tinyusb/src/class/net/ecm_rndis_device.c.obj
                0x000000001000736c                netd_reset
 .text.netd_open
                0x0000000010007380      0x11c CMakeFiles/pico_webserver.dir/pico-sdk/lib/tinyusb/src/class/net/ecm_rndis_device.c.obj
                0x0000000010007380                netd_open
 .text.netd_control_xfer_cb
                0x000000001000749c      0x174 CMakeFiles/pico_webserver.dir/pico-sdk/lib/tinyusb/src/class/net/ecm_rndis_device.c.obj
                0x000000001000749c                netd_control_xfer_cb
 .text.netd_xfer_cb
                0x0000000010007610       0xec CMakeFiles/pico_webserver.dir/pico-sdk/lib/tinyusb/src/class/net/ecm_rndis_device.c.obj
                0x0000000010007610                netd_xfer_cb
 .text.tud_network_can_xmit
                0x00000000100076fc        0xc CMakeFiles/pico_webserver.dir/pico-sdk/lib/tinyusb/src/class/net/ecm_rndis_device.c.obj
                0x00000000100076fc                tud_network_can_xmit
 .text.tud_network_xmit
                0x0000000010007708       0x98 CMakeFiles/pico_webserver.dir/pico-sdk/lib/tinyusb/src/class/net/ecm_rndis_device.c.obj
                0x0000000010007708                tud_network_xmit
 .text.tud_vendor_n_available
                0x00000000100077a0       0x1c CMakeFiles/pico_webserver.dir/pico-sdk/lib/tinyusb/src/class/vendor/vendor_device.c.obj
                0x00000000100077a0                tud_vendor_n_available
 .text.tud_vendor_n_read
                0x00000000100077bc       0x68 CMakeFiles/pico_webserver.dir/pico-sdk/lib/tinyusb/src/class/vendor/vendor_device.c.obj
                0x00000000100077bc                tud_vendor_n_read
 .text.tud_vendor_n_write_flush
                0x0000000010007824       0x74 CMakeFiles/pico_webserver.dir/pico-sdk/lib/tinyusb/src/class/vendor/vendor_device.c.obj
                0x0000000010007824                tud_vendor_n_write_flush
 .text.tud_vendor_n_write
                0x0000000010007898       0x38 CMakeFiles/pico_webserver.dir/pico-sdk/lib/tinyusb/src/class/vendor/vendor_device.c.obj
                0x0000000010007898                tud_vendor_n_write
 .text.vendord_init
                0x00000000100078d0       0x5c CMakeFiles/pico_webserver.dir/pico-sdk/lib/tinyusb/src/class/vendor/vendor_device.c.obj
                0x00000000100078d0                vendord_init
 .text.vendord_reset
                0x000000001000792c       0x1c CMakeFiles/pico_webserver.dir/pico-sdk/lib/tinyusb/src/class/vendor/vendor_device.c.obj
                0x000000001000792c                vendord_reset
 .text.vendord_open
                0x0000000010007948       0xc4 CMakeFiles/pico_webserver.dir/pico-sdk/lib/tinyusb/src/class/vendor/vendor_device.c.obj
                0x0000000010007948                vendord_open
 .text.vendord_xfer_cb
                0x0000000010007a0c       0x88 CMakeFiles/pico_webserver.dir/pico-sdk/lib/tinyusb/src/class/vendor/vendor_device.c.obj
                0x0000000010007a0c                vendord_xfer_cb
 .text.tusb_init
                0x0000000010007a94        0xc CMakeFiles/pico_webserver.dir/pico-sdk/lib/tinyusb/src/tusb.c.obj
                0x0000000010007a94                tusb_init
 .text.tu_edpt_claim
                0x0000000010007aa0       0x50 CMakeFiles/pico_webserver.dir/pico-sdk/lib/tinyusb/src/tusb.c.obj
                0x0000000010007aa0                tu_edpt_claim
 .text.tu_edpt_release
                0x0000000010007af0       0x38 CMakeFiles/pico_webserver.dir/pico-sdk/lib/tinyusb/src/tusb.c.obj
                0x0000000010007af0                tu_edpt_release
 .text.tu_edpt_validate
                0x0000000010007b28       0x78 CMakeFiles/pico_webserver.dir/pico-sdk/lib/tinyusb/src/tusb.c.obj
                0x0000000010007b28                tu_edpt_validate
 .text.tu_edpt_bind_driver
                0x0000000010007ba0       0x34 CMakeFiles/pico_webserver.dir/pico-sdk/lib/tinyusb/src/tusb.c.obj
                0x0000000010007ba0                tu_edpt_bind_driver
 .text.tu_fifo_config
                0x0000000010007bd4       0x70 CMakeFiles/pico_webserver.dir/pico-sdk/lib/tinyusb/src/common/tusb_fifo.c.obj
                0x0000000010007bd4                tu_fifo_config
 .text.tu_fifo_count
                0x0000000010007c44       0x2c CMakeFiles/pico_webserver.dir/pico-sdk/lib/tinyusb/src/common/tusb_fifo.c.obj
                0x0000000010007c44                tu_fifo_count
 .text.tu_fifo_empty
                0x0000000010007c70       0x10 CMakeFiles/pico_webserver.dir/pico-sdk/lib/tinyusb/src/common/tusb_fifo.c.obj
                0x0000000010007c70                tu_fifo_empty
 .text.tu_fifo_remaining
                0x0000000010007c80       0x2c CMakeFiles/pico_webserver.dir/pico-sdk/lib/tinyusb/src/common/tusb_fifo.c.obj
                0x0000000010007c80                tu_fifo_remaining
 .text.tu_fifo_read
                0x0000000010007cac       0xa0 CMakeFiles/pico_webserver.dir/pico-sdk/lib/tinyusb/src/common/tusb_fifo.c.obj
                0x0000000010007cac                tu_fifo_read
 .text.tu_fifo_read_n
                0x0000000010007d4c       0xec CMakeFiles/pico_webserver.dir/pico-sdk/lib/tinyusb/src/common/tusb_fifo.c.obj
                0x0000000010007d4c                tu_fifo_read_n
 .text.tu_fifo_write
                0x0000000010007e38       0x88 CMakeFiles/pico_webserver.dir/pico-sdk/lib/tinyusb/src/common/tusb_fifo.c.obj
                0x0000000010007e38                tu_fifo_write
 .text.tu_fifo_write_n
                0x0000000010007ec0      0x168 CMakeFiles/pico_webserver.dir/pico-sdk/lib/tinyusb/src/common/tusb_fifo.c.obj
                0x0000000010007ec0                tu_fifo_write_n
 .text.tu_fifo_clear
                0x0000000010008028       0x40 CMakeFiles/pico_webserver.dir/pico-sdk/lib/tinyusb/src/common/tusb_fifo.c.obj
                0x0000000010008028                tu_fifo_clear
 .text.tu_fifo_set_overwritable
                0x0000000010008068       0x48 CMakeFiles/pico_webserver.dir/pico-sdk/lib/tinyusb/src/common/tusb_fifo.c.obj
                0x0000000010008068                tu_fifo_set_overwritable
 .text.cyw43_arch_set_async_context
                0x00000000100080b0        0xc CMakeFiles/pico_webserver.dir/pico-sdk/src/rp2_common/pico_cyw43_arch/cyw43_arch.c.obj
                0x00000000100080b0                cyw43_arch_set_async_context
 .text.cyw43_arch_enable_sta_mode
                0x00000000100080bc       0x1c CMakeFiles/pico_webserver.dir/pico-sdk/src/rp2_common/pico_cyw43_arch/cyw43_arch.c.obj
                0x00000000100080bc                cyw43_arch_enable_sta_mode
 .text.cyw43_arch_wifi_connect_async
                0x00000000100080d8       0x48 CMakeFiles/pico_webserver.dir/pico-sdk/src/rp2_common/pico_cyw43_arch/cyw43_arch.c.obj
                0x00000000100080d8                cyw43_arch_wifi_connect_async
 .text.cyw43_arch_init_with_country
                0x0000000010008120       0x10 CMakeFiles/pico_webserver.dir/pico-sdk/src/rp2_common/pico_cyw43_arch/cyw43_arch.c.obj
                0x0000000010008120                cyw43_arch_init_with_country
 .text.cyw43_arch_gpio_put
                0x0000000010008130       0x14 CMakeFiles/pico_webserver.dir/pico-sdk/src/rp2_common/pico_cyw43_arch/cyw43_arch.c.obj
                0x0000000010008130                cyw43_arch_gpio_put
 .text.cyw43_arch_async_context
                0x0000000010008144        0xc CMakeFiles/pico_webserver.dir/pico-sdk/src/rp2_common/pico_cyw43_arch/cyw43_arch.c.obj
                0x0000000010008144                cyw43_arch_async_context
 .text.cyw43_arch_init
                0x0000000010008150       0x6c CMakeFiles/pico_webserver.dir/pico-sdk/src/rp2_common/pico_cyw43_arch/cyw43_arch_threadsafe_background.c.obj
                0x0000000010008150                cyw43_arch_init
 .text.ns_delay.constprop.0
                0x00000000100081bc       0x20 CMakeFiles/pico_webserver.dir/pico-sdk/src/rp2_common/pico_cyw43_driver/cyw43_bus_pio_spi.c.obj
 .text.cyw43_spi_deinit
                0x00000000100081dc       0x7c CMakeFiles/pico_webserver.dir/pico-sdk/src/rp2_common/pico_cyw43_driver/cyw43_bus_pio_spi.c.obj
                0x00000000100081dc                cyw43_spi_deinit
 .text.cyw43_spi_init
                0x0000000010008258      0x154 CMakeFiles/pico_webserver.dir/pico-sdk/src/rp2_common/pico_cyw43_driver/cyw43_bus_pio_spi.c.obj
                0x0000000010008258                cyw43_spi_init
 .text.cyw43_spi_transfer
                0x00000000100083ac      0x430 CMakeFiles/pico_webserver.dir/pico-sdk/src/rp2_common/pico_cyw43_driver/cyw43_bus_pio_spi.c.obj
                0x00000000100083ac                cyw43_spi_transfer
 .text.cyw43_spi_gpio_setup
                0x00000000100087dc       0x3c CMakeFiles/pico_webserver.dir/pico-sdk/src/rp2_common/pico_cyw43_driver/cyw43_bus_pio_spi.c.obj
                0x00000000100087dc                cyw43_spi_gpio_setup
 .text.cyw43_spi_reset
                0x0000000010008818       0x28 CMakeFiles/pico_webserver.dir/pico-sdk/src/rp2_common/pico_cyw43_driver/cyw43_bus_pio_spi.c.obj
                0x0000000010008818                cyw43_spi_reset
 .text.read_reg_u32_swap
                0x0000000010008840       0x3c CMakeFiles/pico_webserver.dir/pico-sdk/src/rp2_common/pico_cyw43_driver/cyw43_bus_pio_spi.c.obj
                0x0000000010008840                read_reg_u32_swap
 .text.cyw43_read_reg_u32
                0x000000001000887c       0x6c CMakeFiles/pico_webserver.dir/pico-sdk/src/rp2_common/pico_cyw43_driver/cyw43_bus_pio_spi.c.obj
                0x000000001000887c                cyw43_read_reg_u32
 .text.cyw43_read_reg_u16
                0x00000000100088e8       0x6c CMakeFiles/pico_webserver.dir/pico-sdk/src/rp2_common/pico_cyw43_driver/cyw43_bus_pio_spi.c.obj
                0x00000000100088e8                cyw43_read_reg_u16
 .text.cyw43_read_reg_u8
                0x0000000010008954       0x6c CMakeFiles/pico_webserver.dir/pico-sdk/src/rp2_common/pico_cyw43_driver/cyw43_bus_pio_spi.c.obj
                0x0000000010008954                cyw43_read_reg_u8
 .text.write_reg_u32_swap
                0x00000000100089c0      0x1e0 CMakeFiles/pico_webserver.dir/pico-sdk/src/rp2_common/pico_cyw43_driver/cyw43_bus_pio_spi.c.obj
                0x00000000100089c0                write_reg_u32_swap
 .text.cyw43_write_reg_u32
                0x0000000010008ba0      0x200 CMakeFiles/pico_webserver.dir/pico-sdk/src/rp2_common/pico_cyw43_driver/cyw43_bus_pio_spi.c.obj
                0x0000000010008ba0                cyw43_write_reg_u32
 .text.cyw43_write_reg_u16
                0x0000000010008da0      0x200 CMakeFiles/pico_webserver.dir/pico-sdk/src/rp2_common/pico_cyw43_driver/cyw43_bus_pio_spi.c.obj
                0x0000000010008da0                cyw43_write_reg_u16
 .text.cyw43_write_reg_u8
                0x0000000010008fa0      0x200 CMakeFiles/pico_webserver.dir/pico-sdk/src/rp2_common/pico_cyw43_driver/cyw43_bus_pio_spi.c.obj
                0x0000000010008fa0                cyw43_write_reg_u8
 .text.cyw43_read_bytes
                0x00000000100091a0       0x78 CMakeFiles/pico_webserver.dir/pico-sdk/src/rp2_common/pico_cyw43_driver/cyw43_bus_pio_spi.c.obj
                0x00000000100091a0                cyw43_read_bytes
 .text.cyw43_write_bytes
                0x0000000010009218       0xec CMakeFiles/pico_webserver.dir/pico-sdk/src/rp2_common/pico_cyw43_driver/cyw43_bus_pio_spi.c.obj
                0x0000000010009218                cyw43_write_bytes
 .text.cyw43_set_backplane_window
                0x0000000010009304       0x64 CMakeFiles/pico_webserver.dir/pico-sdk/lib/cyw43-driver/src/cyw43_ll.c.obj
 .text.cyw43_ll_parse_async_event
                0x0000000010009368      0x13c CMakeFiles/pico_webserver.dir/pico-sdk/lib/cyw43-driver/src/cyw43_ll.c.obj
 .text.cyw43_kso_set
                0x00000000100094a4       0xa0 CMakeFiles/pico_webserver.dir/pico-sdk/lib/cyw43-driver/src/cyw43_ll.c.obj
 .text.cyw43_ll_sdpcm_poll_device
                0x0000000010009544      0x238 CMakeFiles/pico_webserver.dir/pico-sdk/lib/cyw43-driver/src/cyw43_ll.c.obj
 .text.cyw43_sdpcm_send_common
                0x000000001000977c       0xf0 CMakeFiles/pico_webserver.dir/pico-sdk/lib/cyw43-driver/src/cyw43_ll.c.obj
 .text.cyw43_do_ioctl.part.0
                0x000000001000986c       0xc4 CMakeFiles/pico_webserver.dir/pico-sdk/lib/cyw43-driver/src/cyw43_ll.c.obj
 .text.cyw43_write_iovar_u32
                0x0000000010009930       0xa4 CMakeFiles/pico_webserver.dir/pico-sdk/lib/cyw43-driver/src/cyw43_ll.c.obj
 .text.cyw43_write_iovar_u32_u32.constprop.0
                0x00000000100099d4       0xb0 CMakeFiles/pico_webserver.dir/pico-sdk/lib/cyw43-driver/src/cyw43_ll.c.obj
 .text.cyw43_read_backplane.constprop.0
                0x0000000010009a84       0xdc CMakeFiles/pico_webserver.dir/pico-sdk/lib/cyw43-driver/src/cyw43_ll.c.obj
 .text.cyw43_write_backplane
                0x0000000010009b60      0x104 CMakeFiles/pico_webserver.dir/pico-sdk/lib/cyw43-driver/src/cyw43_ll.c.obj
 .text.reset_device_core.constprop.0
                0x0000000010009c64      0x3f0 CMakeFiles/pico_webserver.dir/pico-sdk/lib/cyw43-driver/src/cyw43_ll.c.obj
 .text.cyw43_ll_init
                0x000000001000a054       0x1c CMakeFiles/pico_webserver.dir/pico-sdk/lib/cyw43-driver/src/cyw43_ll.c.obj
                0x000000001000a054                cyw43_ll_init
 .text.cyw43_ll_deinit
                0x000000001000a070        0x8 CMakeFiles/pico_webserver.dir/pico-sdk/lib/cyw43-driver/src/cyw43_ll.c.obj
                0x000000001000a070                cyw43_ll_deinit
 .text.cyw43_ll_send_ethernet
                0x000000001000a078       0x60 CMakeFiles/pico_webserver.dir/pico-sdk/lib/cyw43-driver/src/cyw43_ll.c.obj
                0x000000001000a078                cyw43_ll_send_ethernet
 .text.cyw43_ll_process_packets
                0x000000001000a0d8       0x54 CMakeFiles/pico_webserver.dir/pico-sdk/lib/cyw43-driver/src/cyw43_ll.c.obj
                0x000000001000a0d8                cyw43_ll_process_packets
 .text.cyw43_ll_ioctl
                0x000000001000a12c       0x80 CMakeFiles/pico_webserver.dir/pico-sdk/lib/cyw43-driver/src/cyw43_ll.c.obj
                0x000000001000a12c                cyw43_ll_ioctl
 .text.cyw43_ll_bus_sleep
                0x000000001000a1ac       0x34 CMakeFiles/pico_webserver.dir/pico-sdk/lib/cyw43-driver/src/cyw43_ll.c.obj
                0x000000001000a1ac                cyw43_ll_bus_sleep
 .text.cyw43_ll_wifi_on
                0x000000001000a1e0      0x220 CMakeFiles/pico_webserver.dir/pico-sdk/lib/cyw43-driver/src/cyw43_ll.c.obj
                0x000000001000a1e0                cyw43_ll_wifi_on
 .text.cyw43_ll_wifi_get_mac
                0x000000001000a400       0x74 CMakeFiles/pico_webserver.dir/pico-sdk/lib/cyw43-driver/src/cyw43_ll.c.obj
                0x000000001000a400                cyw43_ll_wifi_get_mac
 .text.cyw43_ll_bus_init
                0x000000001000a474      0xa24 CMakeFiles/pico_webserver.dir/pico-sdk/lib/cyw43-driver/src/cyw43_ll.c.obj
                0x000000001000a474                cyw43_ll_bus_init
 .text.cyw43_ll_wifi_pm
                0x000000001000ae98      0x138 CMakeFiles/pico_webserver.dir/pico-sdk/lib/cyw43-driver/src/cyw43_ll.c.obj
                0x000000001000ae98                cyw43_ll_wifi_pm
 .text.cyw43_ll_wifi_join
                0x000000001000afd0      0x3ec CMakeFiles/pico_webserver.dir/pico-sdk/lib/cyw43-driver/src/cyw43_ll.c.obj
                0x000000001000afd0                cyw43_ll_wifi_join
 .text.cyw43_ll_wifi_set_wpa_auth
                0x000000001000b3bc       0x4c CMakeFiles/pico_webserver.dir/pico-sdk/lib/cyw43-driver/src/cyw43_ll.c.obj
                0x000000001000b3bc                cyw43_ll_wifi_set_wpa_auth
 .text.cyw43_ll_wifi_rejoin
                0x000000001000b408       0x58 CMakeFiles/pico_webserver.dir/pico-sdk/lib/cyw43-driver/src/cyw43_ll.c.obj
                0x000000001000b408                cyw43_ll_wifi_rejoin
 .text.cyw43_ll_wifi_ap_init
                0x000000001000b460      0x2e8 CMakeFiles/pico_webserver.dir/pico-sdk/lib/cyw43-driver/src/cyw43_ll.c.obj
                0x000000001000b460                cyw43_ll_wifi_ap_init
 .text.cyw43_ll_wifi_ap_set_up
                0x000000001000b748       0x80 CMakeFiles/pico_webserver.dir/pico-sdk/lib/cyw43-driver/src/cyw43_ll.c.obj
                0x000000001000b748                cyw43_ll_wifi_ap_set_up
 .text.cyw43_ll_gpio_set
                0x000000001000b7c8       0x9c CMakeFiles/pico_webserver.dir/pico-sdk/lib/cyw43-driver/src/cyw43_ll.c.obj
                0x000000001000b7c8                cyw43_ll_gpio_set
 .text.cyw43_ll_has_work
                0x000000001000b864       0x14 CMakeFiles/pico_webserver.dir/pico-sdk/lib/cyw43-driver/src/cyw43_ll.c.obj
                0x000000001000b864                cyw43_ll_has_work
 .text.cyw43_poll_func
                0x000000001000b878       0xc0 CMakeFiles/pico_webserver.dir/pico-sdk/lib/cyw43-driver/src/cyw43_ctrl.c.obj
 .text.cyw43_init
                0x000000001000b938       0x6c CMakeFiles/pico_webserver.dir/pico-sdk/lib/cyw43-driver/src/cyw43_ctrl.c.obj
                0x000000001000b938                cyw43_init
 .text.cyw43_deinit
                0x000000001000b9a4       0x90 CMakeFiles/pico_webserver.dir/pico-sdk/lib/cyw43-driver/src/cyw43_ctrl.c.obj
                0x000000001000b9a4                cyw43_deinit
 .text.cyw43_cb_read_host_interrupt_pin
                0x000000001000ba34        0xc CMakeFiles/pico_webserver.dir/pico-sdk/lib/cyw43-driver/src/cyw43_ctrl.c.obj
                0x000000001000ba34                cyw43_cb_read_host_interrupt_pin
 .text.cyw43_cb_ensure_awake
                0x000000001000ba40        0xc CMakeFiles/pico_webserver.dir/pico-sdk/lib/cyw43-driver/src/cyw43_ctrl.c.obj
                0x000000001000ba40                cyw43_cb_ensure_awake
 .text.cyw43_cb_process_async_event
                0x000000001000ba4c      0x228 CMakeFiles/pico_webserver.dir/pico-sdk/lib/cyw43-driver/src/cyw43_ctrl.c.obj
                0x000000001000ba4c                cyw43_cb_process_async_event
 .text.cyw43_send_ethernet
                0x000000001000bc74       0xc0 CMakeFiles/pico_webserver.dir/pico-sdk/lib/cyw43-driver/src/cyw43_ctrl.c.obj
                0x000000001000bc74                cyw43_send_ethernet
 .text.cyw43_wifi_pm
                0x000000001000bd34       0xb4 CMakeFiles/pico_webserver.dir/pico-sdk/lib/cyw43-driver/src/cyw43_ctrl.c.obj
                0x000000001000bd34                cyw43_wifi_pm
 .text.cyw43_wifi_set_up
                0x000000001000bde8      0x308 CMakeFiles/pico_webserver.dir/pico-sdk/lib/cyw43-driver/src/cyw43_ctrl.c.obj
                0x000000001000bde8                cyw43_wifi_set_up
 .text.cyw43_wifi_join
                0x000000001000c0f0       0xf4 CMakeFiles/pico_webserver.dir/pico-sdk/lib/cyw43-driver/src/cyw43_ctrl.c.obj
                0x000000001000c0f0                cyw43_wifi_join
 .text.cyw43_gpio_set
                0x000000001000c1e4       0xa0 CMakeFiles/pico_webserver.dir/pico-sdk/lib/cyw43-driver/src/cyw43_ctrl.c.obj
                0x000000001000c1e4                cyw43_gpio_set
 .text.pio_sm_unclaim
                0x000000001000c284       0x20 CMakeFiles/pico_webserver.dir/pico-sdk/src/rp2_common/hardware_pio/pio.c.obj
                0x000000001000c284                pio_sm_unclaim
 .text.pio_claim_unused_sm
                0x000000001000c2a4       0x3c CMakeFiles/pico_webserver.dir/pico-sdk/src/rp2_common/hardware_pio/pio.c.obj
                0x000000001000c2a4                pio_claim_unused_sm
 .text.pio_can_add_program
                0x000000001000c2e0       0x68 CMakeFiles/pico_webserver.dir/pico-sdk/src/rp2_common/hardware_pio/pio.c.obj
                0x000000001000c2e0                pio_can_add_program
 .text.pio_add_program
                0x000000001000c348       0xc8 CMakeFiles/pico_webserver.dir/pico-sdk/src/rp2_common/hardware_pio/pio.c.obj
                0x000000001000c348                pio_add_program
 .text.pio_remove_program
                0x000000001000c410       0x34 CMakeFiles/pico_webserver.dir/pico-sdk/src/rp2_common/hardware_pio/pio.c.obj
                0x000000001000c410                pio_remove_program
 .text.pio_sm_set_pindirs_with_mask
                0x000000001000c444       0xa4 CMakeFiles/pico_webserver.dir/pico-sdk/src/rp2_common/hardware_pio/pio.c.obj
                0x000000001000c444                pio_sm_set_pindirs_with_mask
 .text.pio_sm_set_consecutive_pindirs
                0x000000001000c4e8       0xb0 CMakeFiles/pico_webserver.dir/pico-sdk/src/rp2_common/hardware_pio/pio.c.obj
                0x000000001000c4e8                pio_sm_set_consecutive_pindirs
 .text.dma_channel_unclaim
                0x000000001000c598       0x10 CMakeFiles/pico_webserver.dir/pico-sdk/src/rp2_common/hardware_dma/dma.c.obj
                0x000000001000c598                dma_channel_unclaim
 .text.dma_claim_unused_channel
                0x000000001000c5a8       0x20 CMakeFiles/pico_webserver.dir/pico-sdk/src/rp2_common/hardware_dma/dma.c.obj
                0x000000001000c5a8                dma_claim_unused_channel
 .text.dma_channel_cleanup
                0x000000001000c5c8       0x60 CMakeFiles/pico_webserver.dir/pico-sdk/src/rp2_common/hardware_dma/dma.c.obj
                0x000000001000c5c8                dma_channel_cleanup
 .text.cyw43_sleep_timeout_reached
                0x000000001000c628       0x10 CMakeFiles/pico_webserver.dir/pico-sdk/src/rp2_common/pico_cyw43_driver/cyw43_driver.c.obj
 .text.cyw43_irq_init
                0x000000001000c638       0x28 CMakeFiles/pico_webserver.dir/pico-sdk/src/rp2_common/pico_cyw43_driver/cyw43_driver.c.obj
                0x000000001000c638                cyw43_irq_init
 .text.cyw43_irq_deinit
                0x000000001000c660       0x20 CMakeFiles/pico_webserver.dir/pico-sdk/src/rp2_common/pico_cyw43_driver/cyw43_driver.c.obj
                0x000000001000c660                cyw43_irq_deinit
 .text.cyw43_gpio_irq_handler
                0x000000001000c680       0x44 CMakeFiles/pico_webserver.dir/pico-sdk/src/rp2_common/pico_cyw43_driver/cyw43_driver.c.obj
 .text.cyw43_do_poll
                0x000000001000c6c4       0x68 CMakeFiles/pico_webserver.dir/pico-sdk/src/rp2_common/pico_cyw43_driver/cyw43_driver.c.obj
 .text.cyw43_post_poll_hook
                0x000000001000c72c       0x10 CMakeFiles/pico_webserver.dir/pico-sdk/src/rp2_common/pico_cyw43_driver/cyw43_driver.c.obj
                0x000000001000c72c                cyw43_post_poll_hook
 .text.cyw43_schedule_internal_poll_dispatch
                0x000000001000c73c       0x18 CMakeFiles/pico_webserver.dir/pico-sdk/src/rp2_common/pico_cyw43_driver/cyw43_driver.c.obj
                0x000000001000c73c                cyw43_schedule_internal_poll_dispatch
 .text.cyw43_driver_init
                0x000000001000c754       0x38 CMakeFiles/pico_webserver.dir/pico-sdk/src/rp2_common/pico_cyw43_driver/cyw43_driver.c.obj
                0x000000001000c754                cyw43_driver_init
 .text.cyw43_driver_deinit
                0x000000001000c78c       0x44 CMakeFiles/pico_webserver.dir/pico-sdk/src/rp2_common/pico_cyw43_driver/cyw43_driver.c.obj
                0x000000001000c78c                cyw43_driver_deinit
 .text.cyw43_hal_generate_laa_mac
                0x000000001000c7d0       0x28 CMakeFiles/pico_webserver.dir/pico-sdk/src/rp2_common/pico_cyw43_driver/cyw43_driver.c.obj
                0x000000001000c7d0                cyw43_hal_generate_laa_mac
 .text.cyw43_hal_get_mac
                0x000000001000c7f8       0x1c CMakeFiles/pico_webserver.dir/pico-sdk/src/rp2_common/pico_cyw43_driver/cyw43_driver.c.obj
                0x000000001000c7f8                cyw43_hal_get_mac
 .text.cyw43_thread_enter
                0x000000001000c814       0x14 CMakeFiles/pico_webserver.dir/pico-sdk/src/rp2_common/pico_cyw43_driver/cyw43_driver.c.obj
                0x000000001000c814                cyw43_thread_enter
 .text.cyw43_thread_exit
                0x000000001000c828       0x14 CMakeFiles/pico_webserver.dir/pico-sdk/src/rp2_common/pico_cyw43_driver/cyw43_driver.c.obj
                0x000000001000c828                cyw43_thread_exit
 .text.cyw43_await_background_or_timeout_us
                0x000000001000c83c       0x34 CMakeFiles/pico_webserver.dir/pico-sdk/src/rp2_common/pico_cyw43_driver/cyw43_driver.c.obj
                0x000000001000c83c                cyw43_await_background_or_timeout_us
 .text.cyw43_delay_ms
                0x000000001000c870       0x44 CMakeFiles/pico_webserver.dir/pico-sdk/src/rp2_common/pico_cyw43_driver/cyw43_driver.c.obj
                0x000000001000c870                cyw43_delay_ms
 .text.cyw43_delay_us
                0x000000001000c8b4       0x34 CMakeFiles/pico_webserver.dir/pico-sdk/src/rp2_common/pico_cyw43_driver/cyw43_driver.c.obj
                0x000000001000c8b4                cyw43_delay_us
 .text.cyw43_cb_tcpip_init
                0x000000001000c8e8        0x4 CMakeFiles/pico_webserver.dir/pico-sdk/src/rp2_common/pico_cyw43_driver/cyw43_driver.c.obj
                0x000000001000c8e8                cyw43_cb_tcpip_init
 .text.cyw43_cb_tcpip_deinit
                0x000000001000c8ec        0x4 CMakeFiles/pico_webserver.dir/pico-sdk/src/rp2_common/pico_cyw43_driver/cyw43_driver.c.obj
                0x000000001000c8ec                cyw43_cb_tcpip_deinit
 .text.handle_sync_func_call
                0x000000001000c8f0       0x24 CMakeFiles/pico_webserver.dir/pico-sdk/src/rp2_common/pico_async_context/async_context_threadsafe_background.c.obj
 .text.async_context_threadsafe_background_acquire_lock_blocking
                0x000000001000c914        0xc CMakeFiles/pico_webserver.dir/pico-sdk/src/rp2_common/pico_async_context/async_context_threadsafe_background.c.obj
 .text.process_under_lock
                0x000000001000c920       0xc8 CMakeFiles/pico_webserver.dir/pico-sdk/src/rp2_common/pico_async_context/async_context_threadsafe_background.c.obj
 .text.async_context_threadsafe_background_deinit
                0x000000001000c9e8       0x64 CMakeFiles/pico_webserver.dir/pico-sdk/src/rp2_common/pico_async_context/async_context_threadsafe_background.c.obj
 .text.low_priority_irq_handler
                0x000000001000ca4c       0x3c CMakeFiles/pico_webserver.dir/pico-sdk/src/rp2_common/pico_async_context/async_context_threadsafe_background.c.obj
 .text.async_context_threadsafe_background_wait_for_work_until
                0x000000001000ca88        0xc CMakeFiles/pico_webserver.dir/pico-sdk/src/rp2_common/pico_async_context/async_context_threadsafe_background.c.obj
 .text.async_context_threadsafe_background_wait_until
                0x000000001000ca94       0x1c CMakeFiles/pico_webserver.dir/pico-sdk/src/rp2_common/pico_async_context/async_context_threadsafe_background.c.obj
 .text.async_context_threadsafe_background_lock_check
                0x000000001000cab0       0x28 CMakeFiles/pico_webserver.dir/pico-sdk/src/rp2_common/pico_async_context/async_context_threadsafe_background.c.obj
 .text.async_context_threadsafe_background_execute_sync
                0x000000001000cad8       0xe4 CMakeFiles/pico_webserver.dir/pico-sdk/src/rp2_common/pico_async_context/async_context_threadsafe_background.c.obj
                0x000000001000cad8                async_context_threadsafe_background_execute_sync
 .text.async_context_threadsafe_background_set_work_pending
                0x000000001000cbbc       0x50 CMakeFiles/pico_webserver.dir/pico-sdk/src/rp2_common/pico_async_context/async_context_threadsafe_background.c.obj
 .text.alarm_handler
                0x000000001000cc0c       0x58 CMakeFiles/pico_webserver.dir/pico-sdk/src/rp2_common/pico_async_context/async_context_threadsafe_background.c.obj
 .text.async_context_threadsafe_background_release_lock
                0x000000001000cc64       0x7c CMakeFiles/pico_webserver.dir/pico-sdk/src/rp2_common/pico_async_context/async_context_threadsafe_background.c.obj
 .text.async_context_threadsafe_background_when_pending_worker
                0x000000001000cce0       0x90 CMakeFiles/pico_webserver.dir/pico-sdk/src/rp2_common/pico_async_context/async_context_threadsafe_background.c.obj
 .text.async_context_threadsafe_background_remove_at_time_worker
                0x000000001000cd70       0x90 CMakeFiles/pico_webserver.dir/pico-sdk/src/rp2_common/pico_async_context/async_context_threadsafe_background.c.obj
 .text.async_context_threadsafe_background_add_when_pending_worker
                0x000000001000ce00       0x90 CMakeFiles/pico_webserver.dir/pico-sdk/src/rp2_common/pico_async_context/async_context_threadsafe_background.c.obj
 .text.async_context_threadsafe_background_add_at_time_worker
                0x000000001000ce90       0x90 CMakeFiles/pico_webserver.dir/pico-sdk/src/rp2_common/pico_async_context/async_context_threadsafe_background.c.obj
 .text.async_context_threadsafe_background_default_config
                0x000000001000cf20        0xc CMakeFiles/pico_webserver.dir/pico-sdk/src/rp2_common/pico_async_context/async_context_threadsafe_background.c.obj
                0x000000001000cf20                async_context_threadsafe_background_default_config
 .text.async_context_threadsafe_background_init
                0x000000001000cf2c       0xa4 CMakeFiles/pico_webserver.dir/pico-sdk/src/rp2_common/pico_async_context/async_context_threadsafe_background.c.obj
                0x000000001000cf2c                async_context_threadsafe_background_init
 .text.async_context_base_add_at_time_worker
                0x000000001000cfd0       0x28 CMakeFiles/pico_webserver.dir/pico-sdk/src/rp2_common/pico_async_context/async_context_base.c.obj
                0x000000001000cfd0                async_context_base_add_at_time_worker
 .text.async_context_base_remove_at_time_worker
                0x000000001000cff8       0x28 CMakeFiles/pico_webserver.dir/pico-sdk/src/rp2_common/pico_async_context/async_context_base.c.obj
                0x000000001000cff8                async_context_base_remove_at_time_worker
 .text.async_context_base_add_when_pending_worker
                0x000000001000d020       0x24 CMakeFiles/pico_webserver.dir/pico-sdk/src/rp2_common/pico_async_context/async_context_base.c.obj
                0x000000001000d020                async_context_base_add_when_pending_worker
 .text.async_context_base_remove_when_pending_worker
                0x000000001000d044       0x28 CMakeFiles/pico_webserver.dir/pico-sdk/src/rp2_common/pico_async_context/async_context_base.c.obj
                0x000000001000d044                async_context_base_remove_when_pending_worker
 .text.async_context_base_execute_once
                0x000000001000d06c       0xe8 CMakeFiles/pico_webserver.dir/pico-sdk/src/rp2_common/pico_async_context/async_context_base.c.obj
                0x000000001000d06c                async_context_base_execute_once
 .text.async_context_base_needs_servicing
                0x000000001000d154       0x54 CMakeFiles/pico_webserver.dir/pico-sdk/src/rp2_common/pico_async_context/async_context_base.c.obj
                0x000000001000d154                async_context_base_needs_servicing
 .text.core1_trampoline
                0x000000001000d1a8        0x4 CMakeFiles/pico_webserver.dir/pico-sdk/src/rp2_common/pico_multicore/multicore.c.obj
 .text.core1_wrapper
                0x000000001000d1ac        0xc CMakeFiles/pico_webserver.dir/pico-sdk/src/rp2_common/pico_multicore/multicore.c.obj
                0x000000001000d1ac                core1_wrapper
 .text.multicore_launch_core1_raw
                0x000000001000d1b8       0x84 CMakeFiles/pico_webserver.dir/pico-sdk/src/rp2_common/pico_multicore/multicore.c.obj
                0x000000001000d1b8                multicore_launch_core1_raw
 .text.multicore_launch_core1
                0x000000001000d23c       0x4c CMakeFiles/pico_webserver.dir/pico-sdk/src/rp2_common/pico_multicore/multicore.c.obj
                0x000000001000d23c                multicore_launch_core1
 .text          0x000000001000d288       0x20 liblwipcore.a(init.c.obj)
                0x000000001000d288                lwip_init
 .text          0x000000001000d2a8      0x1e0 liblwipcore.a(def.c.obj)
                0x000000001000d2a8                lwip_htons
                0x000000001000d2b0                lwip_htonl
                0x000000001000d2b4                lwip_strnstr
                0x000000001000d310                lwip_strnistr
                0x000000001000d398                lwip_stricmp
                0x000000001000d3cc                lwip_strnicmp
                0x000000001000d408                lwip_itoa
 .text          0x000000001000d488      0x3f0 liblwipcore.a(mem.c.obj)
                0x000000001000d488                mem_init
                0x000000001000d4c8                mem_free
                0x000000001000d5e0                mem_trim
                0x000000001000d718                mem_malloc
                0x000000001000d850                mem_calloc
 .text          0x000000001000d878      0x1a8 liblwipcore.a(memp.c.obj)
                0x000000001000d878                memp_init_pool
                0x000000001000d8ac                memp_init
                0x000000001000d93c                memp_malloc_pool
                0x000000001000d97c                memp_malloc
                0x000000001000d9c8                memp_free_pool
                0x000000001000d9f0                memp_free
 .text          0x000000001000da20      0x490 liblwipcore.a(netif.c.obj)
                0x000000001000da28                netif_init
                0x000000001000da2c                netif_input
                0x000000001000da44                netif_set_ipaddr
                0x000000001000daa0                netif_set_netmask
                0x000000001000dabc                netif_set_gw
                0x000000001000dad8                netif_set_addr
                0x000000001000dba4                netif_add
                0x000000001000dc54                netif_add_noaddr
                0x000000001000dc6c                netif_remove
                0x000000001000dce4                netif_set_default
                0x000000001000dcf0                netif_set_up
                0x000000001000dd28                netif_set_down
                0x000000001000dd4c                netif_set_link_up
                0x000000001000dd84                netif_set_link_down
                0x000000001000dd98                netif_name_to_index
                0x000000001000ddec                netif_index_to_name
                0x000000001000de34                netif_get_by_index
                0x000000001000de60                netif_find
 .text          0x000000001000deb0      0xc68 liblwipcore.a(pbuf.c.obj)
                0x000000001000deb0                pbuf_free_ooseq
                0x000000001000dee4                pbuf_alloc
                0x000000001000e054                pbuf_alloc_reference
                0x000000001000e07c                pbuf_realloc
                0x000000001000e138                pbuf_add_header
                0x000000001000e184                pbuf_add_header_force
                0x000000001000e1d0                pbuf_remove_header
                0x000000001000e208                pbuf_header
                0x000000001000e274                pbuf_header_force
                0x000000001000e2e0                pbuf_free_header
                0x000000001000e390                pbuf_free
                0x000000001000e3f4                pbuf_clen
                0x000000001000e408                pbuf_ref
                0x000000001000e420                pbuf_cat
                0x000000001000e44c                pbuf_chain
                0x000000001000e490                pbuf_dechain
                0x000000001000e51c                pbuf_copy_partial_pbuf
                0x000000001000e638                pbuf_copy
                0x000000001000e650                pbuf_copy_partial
                0x000000001000e6c0                pbuf_get_contiguous
                0x000000001000e768                pbuf_skip
                0x000000001000e78c                pbuf_take
                0x000000001000e7e0                pbuf_take_at
                0x000000001000e87c                pbuf_coalesce
                0x000000001000e934                pbuf_clone
                0x000000001000e954                pbuf_get_at
                0x000000001000e974                pbuf_try_get_at
                0x000000001000e99c                pbuf_put_at
                0x000000001000e9b8                pbuf_memcmp
                0x000000001000ea2c                pbuf_memfind
                0x000000001000ead8                pbuf_strstr
 .text          0x000000001000eb18        0x4 liblwipcore.a(stats.c.obj)
                0x000000001000eb18                stats_init
 .text          0x000000001000eb1c     0x18e8 liblwipcore.a(tcp.c.obj)
                0x000000001000ec2c                tcp_init
                0x000000001000ec30                tcp_free
                0x000000001000ec3c                tcp_bind
                0x000000001000ed34                tcp_bind_netif
                0x000000001000ed48                tcp_listen_with_backlog
                0x000000001000edcc                tcp_listen_with_backlog_and_err
                0x000000001000ee6c                tcp_update_rcv_ann_wnd
                0x000000001000eea8                tcp_recved
                0x000000001000ef20                tcp_connect
                0x000000001000f0b4                tcp_slowtmr
                0x000000001000f4b8                tcp_txnow
                0x000000001000f4e4                tcp_segs_free
                0x000000001000f51c                tcp_seg_free
                0x000000001000f538                tcp_setprio
                0x000000001000f540                tcp_seg_copy
                0x000000001000f560                tcp_arg
                0x000000001000f568                tcp_recv
                0x000000001000f574                tcp_sent
                0x000000001000f580                tcp_err
                0x000000001000f58c                tcp_accept
                0x000000001000f59c                tcp_poll
                0x000000001000f5a8                tcp_pcb_purge
                0x000000001000f5c0                tcp_pcb_remove
                0x000000001000f638                tcp_abandon
                0x000000001000f7b4                tcp_abort
                0x000000001000f7d0                tcp_alloc
                0x000000001000f9c8                tcp_new
                0x000000001000fba0                tcp_new_ip_type
                0x000000001000feb8                tcp_shutdown
                0x000000001000ff18                tcp_recv_null
                0x000000001000ffc0                tcp_process_refused_data
                0x00000000100100a8                tcp_fasttmr
                0x000000001001012c                tcp_tmr
                0x000000001001014c                tcp_close
                0x00000000100102ac                tcp_next_iss
                0x00000000100102c4                tcp_eff_send_mss_netif
                0x00000000100102ec                tcp_netif_ip_addr_changed
                0x000000001001037c                tcp_debug_state_str
                0x000000001001038c                tcp_tcp_get_tcp_addrinfo
                0x00000000100103c4                tcp_free_ooseq
 .text          0x0000000010010404     0x1760 liblwipcore.a(tcp_in.c.obj)
                0x0000000010010fcc                tcp_input
                0x0000000010011b50                tcp_trigger_input_pcb_close
 .text          0x0000000010011b64     0x12b4 liblwipcore.a(tcp_out.c.obj)
                0x0000000010011ce8                tcp_write
                0x0000000010011fe0                tcp_split_unsent_seg
                0x000000001001217c                tcp_send_fin
                0x000000001001225c                tcp_enqueue_flags
                0x0000000010012304                tcp_rexmit_rto_prepare
                0x0000000010012390                tcp_rexmit
                0x0000000010012420                tcp_rexmit_fast
                0x0000000010012478                tcp_rst
                0x0000000010012534                tcp_rst_netif
                0x0000000010012630                tcp_send_empty_ack
                0x000000001001270c                tcp_output
                0x0000000010012b1c                tcp_rexmit_rto_commit
                0x0000000010012b30                tcp_rexmit_rto
                0x0000000010012bc8                tcp_keepalive
                0x0000000010012c8c                tcp_zero_window_probe
 .text          0x0000000010012e18      0x320 liblwipcore.a(timeouts.c.obj)
                0x0000000010012f18                tcp_timer_needed
                0x0000000010012f8c                sys_timeouts_init
                0x0000000010013004                sys_timeout
                0x0000000010013048                sys_untimeout
                0x0000000010013088                sys_check_timeouts
                0x00000000100130e0                sys_restart_timeouts
                0x0000000010013110                sys_timeouts_sleeptime
 .text          0x0000000010013138      0x6c4 liblwipcore.a(udp.c.obj)
                0x0000000010013138                udp_init
                0x000000001001313c                udp_input
                0x0000000010013344                udp_bind
                0x0000000010013450                udp_sendto_if_src
                0x0000000010013570                udp_sendto_if
                0x00000000100135b8                udp_sendto
                0x0000000010013634                udp_send
                0x00000000100136ac                udp_bind_netif
                0x00000000100136c0                udp_connect
                0x0000000010013724                udp_disconnect
                0x000000001001373c                udp_recv
                0x0000000010013748                udp_remove
                0x0000000010013784                udp_new
                0x00000000100137a0                udp_new_ip_type
                0x00000000100137bc                udp_netif_ip_addr_changed
 .text          0x00000000100137fc     0x2a3c liblwipcore.a(etharp.c.obj)
                0x00000000100159a0                etharp_tmr
                0x0000000010015a34                etharp_cleanup_netif
                0x0000000010015bbc                etharp_find_addr
                0x0000000010015bfc                etharp_get_entry