Archive member included to satisfy reference by file (symbol)

liblwipcore.a(init.c.obj)     CMakeFiles/pico_webserver.dir/tusb_lwip_glue.c.obj (lwip_init)
liblwipcore.a(def.c.obj)      CMakeFiles/pico_webserver.dir/pico-sdk/lib/tinyusb/lib/networking/dnserver.c.obj (lwip_htons)
liblwipcore.a(mem.c.obj)      liblwipcore.a(init.c.obj) (mem_init)
liblwipcore.a(memp.c.obj)     liblwipcore.a(init.c.obj) (memp_init)
liblwipcore.a(netif.c.obj)    liblwipcore.a(init.c.obj) (netif_init)
liblwipcore.a(pbuf.c.obj)     CMakeFiles/pico_webserver.dir/tusb_lwip_glue.c.obj (pbuf_alloc)
liblwipcore.a(stats.c.obj)    liblwipcore.a(init.c.obj) (stats_init)
liblwipcore.a(tcp.c.obj)      liblwipcore.a(init.c.obj) (tcp_init)
liblwipcore.a(tcp_in.c.obj)   liblwipcore.a(tcp.c.obj) (tcp_trigger_input_pcb_close)
liblwipcore.a(tcp_out.c.obj)  liblwipcore.a(tcp.c.obj) (tcp_split_unsent_seg)
liblwipcore.a(timeouts.c.obj)
                              liblwipcore.a(tcp.c.obj) (tcp_timer_needed)
liblwipcore.a(udp.c.obj)      CMakeFiles/pico_webserver.dir/pico-sdk/lib/tinyusb/lib/networking/dhserver.c.obj (udp_init)
liblwipcore.a(etharp.c.obj)   liblwipcore.a(timeouts.c.obj) (etharp_tmr)
liblwipcore.a(ip4_frag.c.obj)
                              liblwipcore.a(timeouts.c.obj) (ip_reass_tmr)
liblwipcore.a(ip4.c.obj)      liblwipcore.a(tcp.c.obj) (ip4_route)
liblwipcore.a(ip4_addr.c.obj)
                              liblwipcore.a(tcp_in.c.obj) (ip4_addr_isbroadcast_u32)
liblwipcore.a(ethernet.c.obj)
                              CMakeFiles/pico_webserver.dir/tusb_lwip_glue.c.obj (ethernet_input)
liblwipcore.a(inet_chksum.c.obj)
                              liblwipcore.a(tcp_in.c.obj) (ip_chksum_pseudo)
liblwipcore.a(ip.c.obj)       liblwipcore.a(tcp_in.c.obj) (ip_data)
/usr/lib/gcc/arm-none-eabi/10.3.1/thumb/v6-m/nofp/libgcc.a(_dvmd_tls.o)
                              CMakeFiles/pico_webserver.dir/pico-sdk/src/rp2_common/pico_divider/divider.S.obj (__aeabi_idiv0)
/usr/lib/gcc/arm-none-eabi/10.3.1/../../../arm-none-eabi/lib/thumb/v6-m/nofp/libc.a(lib_a-atexit.o)
                              /usr/lib/gcc/arm-none-eabi/10.3.1/../../../arm-none-eabi/lib/thumb/v6-m/nofp/crt0.o (atexit)
/usr/lib/gcc/arm-none-eabi/10.3.1/../../../arm-none-eabi/lib/thumb/v6-m/nofp/libc.a(lib_a-atoi.o)
                              liblwipcore.a(netif.c.obj) (atoi)
/usr/lib/gcc/arm-none-eabi/10.3.1/../../../arm-none-eabi/lib/thumb/v6-m/nofp/libc.a(lib_a-calloc.o)
                              CMakeFiles/pico_webserver.dir/pico-sdk/src/rp2_common/pico_malloc/pico_malloc.c.obj (calloc)
/usr/lib/gcc/arm-none-eabi/10.3.1/../../../arm-none-eabi/lib/thumb/v6-m/nofp/libc.a(lib_a-callocr.o)
                              /usr/lib/gcc/arm-none-eabi/10.3.1/../../../arm-none-eabi/lib/thumb/v6-m/nofp/libc.a(lib_a-calloc.o) (_calloc_r)
/usr/lib/gcc/arm-none-eabi/10.3.1/../../../arm-none-eabi/lib/thumb/v6-m/nofp/libc.a(lib_a-ctype_.o)
                              liblwipcore.a(ip4_addr.c.obj) (_ctype_)
/usr/lib/gcc/arm-none-eabi/10.3.1/../../../arm-none-eabi/lib/thumb/v6-m/nofp/libc.a(lib_a-fini.o)
                              /usr/lib/gcc/arm-none-eabi/10.3.1/../../../arm-none-eabi/lib/thumb/v6-m/nofp/crt0.o (__libc_fini_array)
/usr/lib/gcc/arm-none-eabi/10.3.1/../../../arm-none-eabi/lib/thumb/v6-m/nofp/libc.a(lib_a-impure.o)
                              /usr/lib/gcc/arm-none-eabi/10.3.1/../../../arm-none-eabi/lib/thumb/v6-m/nofp/libc.a(lib_a-calloc.o) (_impure_ptr)
/usr/lib/gcc/arm-none-eabi/10.3.1/../../../arm-none-eabi/lib/thumb/v6-m/nofp/libc.a(lib_a-init.o)
                              /usr/lib/gcc/arm-none-eabi/10.3.1/../../../arm-none-eabi/lib/thumb/v6-m/nofp/crt0.o (__libc_init_array)
/usr/lib/gcc/arm-none-eabi/10.3.1/../../../arm-none-eabi/lib/thumb/v6-m/nofp/libc.a(lib_a-malloc.o)
                              CMakeFiles/pico_webserver.dir/pico-sdk/src/rp2_common/pico_malloc/pico_malloc.c.obj (malloc)
/usr/lib/gcc/arm-none-eabi/10.3.1/../../../arm-none-eabi/lib/thumb/v6-m/nofp/libc.a(lib_a-mallocr.o)
                              /usr/lib/gcc/arm-none-eabi/10.3.1/../../../arm-none-eabi/lib/thumb/v6-m/nofp/libc.a(lib_a-callocr.o) (_malloc_r)
/usr/lib/gcc/arm-none-eabi/10.3.1/../../../arm-none-eabi/lib/thumb/v6-m/nofp/libc.a(lib_a-memcmp.o)
                              CMakeFiles/pico_webserver.dir/pico-sdk/lib/tinyusb/lib/networking/dhserver.c.obj (memcmp)
/usr/lib/gcc/arm-none-eabi/10.3.1/../../../arm-none-eabi/lib/thumb/v6-m/nofp/libc.a(lib_a-memmove.o)
                              CMakeFiles/pico_webserver.dir/pico-sdk/lib/cyw43-driver/src/cyw43_ll.c.obj (memmove)
/usr/lib/gcc/arm-none-eabi/10.3.1/../../../arm-none-eabi/lib/thumb/v6-m/nofp/libc.a(lib_a-mlock.o)
                              /usr/lib/gcc/arm-none-eabi/10.3.1/../../../arm-none-eabi/lib/thumb/v6-m/nofp/libc.a(lib_a-mallocr.o) (__malloc_lock)
/usr/lib/gcc/arm-none-eabi/10.3.1/../../../arm-none-eabi/lib/thumb/v6-m/nofp/libc.a(lib_a-realloc.o)
[...]
Memory Configuration

Name             Origin             Length             Attributes
FLASH            0x0000000010000000 0x0000000000200000 xr
RAM              0x0000000020000000 0x0000000000040000 xrw
SCRATCH_X        0x0000000020040000 0x0000000000001000 xrw
SCRATCH_Y        0x0000000020041000 0x0000000000001000 xrw
*default*        0x0000000000000000 0xffffffffffffffff

Linker script and memory map

LOAD /usr/lib/gcc/arm-none-eabi/10.3.1/thumb/v6-m/nofp/crti.o
LOAD /usr/lib/gcc/arm-none-eabi/10.3.1/thumb/v6-m/nofp/crtbegin.o
LOAD /usr/lib/gcc/arm-none-eabi/10.3.1/../../../arm-none-eabi/lib/thumb/v6-m/nofp/crt0.o

.flash_begin    0x0000000010000000        0x0
                0x0000000010000000                __flash_binary_start = .

.boot2          0x0000000010000000      0x100
                0x0000000010000000                __boot2_start__ = .
 *(.boot2)
 .boot2         0x0000000010000000      0x100 /tmp/ccaowfZ8.o
                0x0000000010000100                __boot2_end__ = .
                0x0000000000000001                ASSERT (((__boot2_end__ - __boot2_start__) == 0x100), ERROR: Pico second stage bootloader must be 256 bytes in size)

.text           0x0000000010000100    0x179b0
                0x0000000010000100                __logical_binary_start = .
 *(.vectors)
 .vectors       0x0000000010000100       0xd4 CMakeFiles/pico_webserver.dir/pico-sdk/src/rp2_common/pico_standard_link/crt0.S.obj
                0x0000000010000100                __vectors
                0x0000000010000100                __VECTOR_TABLE
                0x00000000100001c0                isr_invalid
                0x00000000100001c0                __default_isrs_start
                0x00000000100001c2                isr_nmi
                0x00000000100001c4                isr_hardfault
                0x00000000100001c6                isr_svcall
                0x00000000100001c8                isr_pendsv
                0x00000000100001ca                isr_systick
                0x00000000100001cc                isr_irq30
                0x00000000100001cc                __unhandled_user_irq
                0x00000000100001cc                isr_irq13
                0x00000000100001cc                isr_irq27
                0x00000000100001cc                isr_irq31
                0x00000000100001cc                isr_irq5
                0x00000000100001cc                isr_irq11
                0x00000000100001cc                isr_irq23
                0x00000000100001cc                isr_irq18
                0x00000000100001cc                isr_irq28
                0x00000000100001cc                isr_irq19
                0x00000000100001cc                isr_irq0
                0x00000000100001cc                isr_irq6
                0x00000000100001cc                isr_irq22
                0x00000000100001cc                isr_irq17
                0x00000000100001cc                isr_irq14
                0x00000000100001cc                isr_irq2
                0x00000000100001cc                isr_irq10
                0x00000000100001cc                isr_irq8
                0x00000000100001cc                isr_irq24
                0x00000000100001cc                isr_irq1
                0x00000000100001cc                isr_irq7
                0x00000000100001cc                isr_irq21
                0x00000000100001cc                isr_irq20
                0x00000000100001cc                isr_irq15
                0x00000000100001cc                isr_irq25
                0x00000000100001cc                isr_irq4
                0x00000000100001cc                isr_irq16
                0x00000000100001cc                isr_irq29
                0x00000000100001cc                isr_irq26
                0x00000000100001cc                __default_isrs_end
                0x00000000100001cc                isr_irq3
                0x00000000100001cc                isr_irq12
                0x00000000100001cc                isr_irq9
                0x00000000100001d2                unhandled_user_irq_num_in_r0
 *(.binary_info_header)
 .binary_info_header
                0x00000000100001d4       0x14 CMakeFiles/pico_webserver.dir/pico-sdk/src/rp2_common/pico_standard_link/crt0.S.obj
                0x00000000100001e8                __binary_info_header_end = .
 *(.reset)
 .reset         0x00000000100001e8       0xa0 CMakeFiles/pico_webserver.dir/pico-sdk/src/rp2_common/pico_standard_link/crt0.S.obj
                0x00000000100001e8                _entry_point
 .reset         0x0000000010000288       0x30 CMakeFiles/pico_webserver.dir/pico-sdk/src/rp2_common/pico_standard_link/binary_info.c.obj
 *(.init)
 .init          0x00000000100002b8        0x4 /usr/lib/gcc/arm-none-eabi/10.3.1/thumb/v6-m/nofp/crti.o
                0x00000000100002b8                _init
 *(EXCLUDE_FILE(*libm.a: *libc.a:*lib_a-mem*.o *libgcc.a:) .text*)
 .text          0x00000000100002bc       0x98 /usr/lib/gcc/arm-none-eabi/10.3.1/thumb/v6-m/nofp/crtbegin.o
 .text.startup.main
                0x0000000010000354       0x74 CMakeFiles/pico_webserver.dir/webserver.c.obj
                0x0000000010000354                main
 .text.echo_all
                0x00000000100003c8       0x74 CMakeFiles/pico_webserver.dir/vendor_code.c.obj
                0x00000000100003c8                echo_all
 .text.tud_vendor_control_xfer_cb
                0x000000001000043c       0xb0 CMakeFiles/pico_webserver.dir/vendor_code.c.obj
                0x000000001000043c                tud_vendor_control_xfer_cb
 .text.webserial_task
                0x00000000100004ec       0x34 CMakeFiles/pico_webserver.dir/vendor_code.c.obj
                0x00000000100004ec                webserial_task
 .text.cdc_task
                0x0000000010000520       0x30 CMakeFiles/pico_webserver.dir/cdc.c.obj
                0x0000000010000520                cdc_task
 .text.tud_cdc_line_state_cb
                0x0000000010000550       0x1c CMakeFiles/pico_webserver.dir/cdc.c.obj
                0x0000000010000550                tud_cdc_line_state_cb
 .text.tud_cdc_rx_cb
                0x000000001000056c        0x4 CMakeFiles/pico_webserver.dir/cdc.c.obj
                0x000000001000056c                tud_cdc_rx_cb
 .text.netif_init_cb
                0x0000000010000570       0x30 CMakeFiles/pico_webserver.dir/tusb_lwip_glue.c.obj
 .text.output_fn
                0x00000000100005a0        0x8 CMakeFiles/pico_webserver.dir/tusb_lwip_glue.c.obj
 .text.linkoutput_fn
                0x00000000100005a8       0x3c CMakeFiles/pico_webserver.dir/tusb_lwip_glue.c.obj
 .text.init_lwip
                0x00000000100005e4       0x8c CMakeFiles/pico_webserver.dir/tusb_lwip_glue.c.obj
                0x00000000100005e4                init_lwip
 .text.tud_network_init_cb
                0x0000000010000670       0x18 CMakeFiles/pico_webserver.dir/tusb_lwip_glue.c.obj
                0x0000000010000670                tud_network_init_cb
 .text.tud_network_recv_cb
                0x0000000010000688       0x3c CMakeFiles/pico_webserver.dir/tusb_lwip_glue.c.obj
                0x0000000010000688                tud_network_recv_cb
 .text.tud_network_xmit_cb
                0x00000000100006c4       0x30 CMakeFiles/pico_webserver.dir/tusb_lwip_glue.c.obj
                0x00000000100006c4                tud_network_xmit_cb
 .text.service_traffic
                0x00000000100006f4       0x48 CMakeFiles/pico_webserver.dir/tusb_lwip_glue.c.obj
                0x00000000100006f4                service_traffic
 .text.wait_for_netif_is_up
                0x000000001000073c       0x14 CMakeFiles/pico_webserver.dir/tusb_lwip_glue.c.obj
                0x000000001000073c                wait_for_netif_is_up
 .text.sys_arch_protect
                0x0000000010000750        0x4 CMakeFiles/pico_webserver.dir/tusb_lwip_glue.c.obj
                0x0000000010000750                sys_arch_protect
 .text.sys_arch_unprotect
                0x0000000010000754        0x4 CMakeFiles/pico_webserver.dir/tusb_lwip_glue.c.obj
                0x0000000010000754                sys_arch_unprotect
 .text.sys_now  0x0000000010000758       0x20 CMakeFiles/pico_webserver.dir/tusb_lwip_glue.c.obj
                0x0000000010000758                sys_now
 .text.tud_cdc_n_connected
                0x0000000010000778       0x34 CMakeFiles/pico_webserver.dir/pico-sdk/lib/tinyusb/src/class/cdc/cdc_device.c.obj
                0x0000000010000778                tud_cdc_n_connected
 .text.tud_cdc_n_available
                0x00000000100007ac       0x20 CMakeFiles/pico_webserver.dir/pico-sdk/lib/tinyusb/src/class/cdc/cdc_device.c.obj
                0x00000000100007ac                tud_cdc_n_available
 .text.tud_cdc_n_read
                0x00000000100007cc       0x8c CMakeFiles/pico_webserver.dir/pico-sdk/lib/tinyusb/src/class/cdc/cdc_device.c.obj
                0x00000000100007cc                tud_cdc_n_read
 .text.tud_cdc_n_write_flush
                0x0000000010000858       0x78 CMakeFiles/pico_webserver.dir/pico-sdk/lib/tinyusb/src/class/cdc/cdc_device.c.obj
                0x0000000010000858                tud_cdc_n_write_flush
 .text.tud_cdc_n_write
                0x00000000100008d0       0x48 CMakeFiles/pico_webserver.dir/pico-sdk/lib/tinyusb/src/class/cdc/cdc_device.c.obj
                0x00000000100008d0                tud_cdc_n_write
 .text.cdcd_init
                0x0000000010000918       0x6c CMakeFiles/pico_webserver.dir/pico-sdk/lib/tinyusb/src/class/cdc/cdc_device.c.obj
                0x0000000010000918                cdcd_init
 .text.cdcd_reset
                0x0000000010000984       0x2c CMakeFiles/pico_webserver.dir/pico-sdk/lib/tinyusb/src/class/cdc/cdc_device.c.obj
                0x0000000010000984                cdcd_reset
 .text.cdcd_open
                0x00000000100009b0       0xe4 CMakeFiles/pico_webserver.dir/pico-sdk/lib/tinyusb/src/class/cdc/cdc_device.c.obj
                0x00000000100009b0                cdcd_open
 .text.cdcd_control_xfer_cb
                0x0000000010000a94       0xe4 CMakeFiles/pico_webserver.dir/pico-sdk/lib/tinyusb/src/class/cdc/cdc_device.c.obj
                0x0000000010000a94                cdcd_control_xfer_cb
 .text.cdcd_xfer_cb
                0x0000000010000b78      0x144 CMakeFiles/pico_webserver.dir/pico-sdk/lib/tinyusb/src/class/cdc/cdc_device.c.obj
                0x0000000010000b78                cdcd_xfer_cb
 .text.tud_descriptor_device_cb
                0x0000000010000cbc        0x8 CMakeFiles/pico_webserver.dir/usb_descriptors.c.obj
                0x0000000010000cbc                tud_descriptor_device_cb
 .text.tud_descriptor_configuration_cb
                0x0000000010000cc4       0x14 CMakeFiles/pico_webserver.dir/usb_descriptors.c.obj
                0x0000000010000cc4                tud_descriptor_configuration_cb
 .text.tud_descriptor_bos_cb
                0x0000000010000cd8        0x8 CMakeFiles/pico_webserver.dir/usb_descriptors.c.obj
                0x0000000010000cd8                tud_descriptor_bos_cb
 .text.tud_descriptor_string_cb
                0x0000000010000ce0       0xdc CMakeFiles/pico_webserver.dir/usb_descriptors.c.obj
                0x0000000010000ce0                tud_descriptor_string_cb
 .text.rndis_class_set_handler
                0x0000000010000dbc      0x2d4 CMakeFiles/pico_webserver.dir/pico-sdk/lib/tinyusb/lib/networking/rndis_reports.c.obj
                0x0000000010000dbc                rndis_class_set_handler
 .text.cyw43_cb_tcpip_set_link_up
                0x0000000010001090        0xc CMakeFiles/pico_webserver.dir/wifi_code.c.obj
                0x0000000010001090                cyw43_cb_tcpip_set_link_up
 .text.cyw43_cb_tcpip_set_link_down
                0x000000001000109c        0xc CMakeFiles/pico_webserver.dir/wifi_code.c.obj
                0x000000001000109c                cyw43_cb_tcpip_set_link_down
 .text.cyw43_cb_process_ethernet
                0x00000000100010a8       0x64 CMakeFiles/pico_webserver.dir/wifi_code.c.obj
                0x00000000100010a8                cyw43_cb_process_ethernet
 .text.core1_entry
                0x000000001000110c       0xf4 CMakeFiles/pico_webserver.dir/wifi_code.c.obj
                0x000000001000110c                core1_entry
 .text.set_sys_clock_pll
                0x0000000010001200       0x78 CMakeFiles/pico_webserver.dir/pico-sdk/src/rp2_common/pico_stdlib/stdlib.c.obj
                0x0000000010001200                set_sys_clock_pll
 .text.check_sys_clock_khz
                0x0000000010001278      0x17c CMakeFiles/pico_webserver.dir/pico-sdk/src/rp2_common/pico_stdlib/stdlib.c.obj
                0x0000000010001278                check_sys_clock_khz
 .text.gpio_set_function
                0x00000000100013f4       0x30 CMakeFiles/pico_webserver.dir/pico-sdk/src/rp2_common/hardware_gpio/gpio.c.obj
                0x00000000100013f4                gpio_set_function
 .text.gpio_set_pulls
                0x0000000010001424       0x30 CMakeFiles/pico_webserver.dir/pico-sdk/src/rp2_common/hardware_gpio/gpio.c.obj
                0x0000000010001424                gpio_set_pulls
 .text.gpio_set_input_hysteresis_enabled
                0x0000000010001454       0x28 CMakeFiles/pico_webserver.dir/pico-sdk/src/rp2_common/hardware_gpio/gpio.c.obj
                0x0000000010001454                gpio_set_input_hysteresis_enabled
 .text.gpio_set_irq_enabled
                0x000000001000147c       0x54 CMakeFiles/pico_webserver.dir/pico-sdk/src/rp2_common/hardware_gpio/gpio.c.obj
                0x000000001000147c                gpio_set_irq_enabled
 .text.gpio_add_raw_irq_handler_with_order_priority_masked
                0x00000000100014d0       0x44 CMakeFiles/pico_webserver.dir/pico-sdk/src/rp2_common/hardware_gpio/gpio.c.obj
                0x00000000100014d0                gpio_add_raw_irq_handler_with_order_priority_masked
 .text.gpio_remove_raw_irq_handler_masked
                0x0000000010001514       0x20 CMakeFiles/pico_webserver.dir/pico-sdk/src/rp2_common/hardware_gpio/gpio.c.obj
                0x0000000010001514                gpio_remove_raw_irq_handler_masked
 .text.gpio_init
                0x0000000010001534       0x3c CMakeFiles/pico_webserver.dir/pico-sdk/src/rp2_common/hardware_gpio/gpio.c.obj
                0x0000000010001534                gpio_init
 .text.running_on_fpga
                0x0000000010001570       0x10 CMakeFiles/pico_webserver.dir/pico-sdk/src/rp2_common/pico_platform/platform.c.obj
                0x0000000010001570                running_on_fpga
 .text.hw_claim_lock
                0x0000000010001580       0x18 CMakeFiles/pico_webserver.dir/pico-sdk/src/rp2_common/hardware_claim/claim.c.obj
                0x0000000010001580                hw_claim_lock
 .text.hw_claim_unlock
                0x0000000010001598       0x14 CMakeFiles/pico_webserver.dir/pico-sdk/src/rp2_common/hardware_claim/claim.c.obj
                0x0000000010001598                hw_claim_unlock
 .text.hw_claim_or_assert
                0x00000000100015ac       0x44 CMakeFiles/pico_webserver.dir/pico-sdk/src/rp2_common/hardware_claim/claim.c.obj
                0x00000000100015ac                hw_claim_or_assert
 .text.hw_claim_unused_from_range
                0x00000000100015f0       0x9c CMakeFiles/pico_webserver.dir/pico-sdk/src/rp2_common/hardware_claim/claim.c.obj
                0x00000000100015f0                hw_claim_unused_from_range
 .text.hw_claim_clear
                0x000000001000168c       0x38 CMakeFiles/pico_webserver.dir/pico-sdk/src/rp2_common/hardware_claim/claim.c.obj
                0x000000001000168c                hw_claim_clear
 .text.spin_locks_reset
                0x00000000100016c4       0x1c CMakeFiles/pico_webserver.dir/pico-sdk/src/rp2_common/hardware_sync/sync.c.obj
                0x00000000100016c4                spin_locks_reset
 .text.next_striped_spin_lock_num
                0x00000000100016e0       0x18 CMakeFiles/pico_webserver.dir/pico-sdk/src/rp2_common/hardware_sync/sync.c.obj
                0x00000000100016e0                next_striped_spin_lock_num
 .text.spin_lock_claim_unused
                0x00000000100016f8       0x20 CMakeFiles/pico_webserver.dir/pico-sdk/src/rp2_common/hardware_sync/sync.c.obj
                0x00000000100016f8                spin_lock_claim_unused
 .text.irq_set_enabled
                0x0000000010001718       0x24 CMakeFiles/pico_webserver.dir/pico-sdk/src/rp2_common/hardware_irq/irq.c.obj
                0x0000000010001718                irq_set_enabled
 .text.irq_is_enabled
                0x000000001000173c       0x18 CMakeFiles/pico_webserver.dir/pico-sdk/src/rp2_common/hardware_irq/irq.c.obj
                0x000000001000173c                irq_is_enabled
 .text.irq_set_pending
                0x0000000010001754       0x10 CMakeFiles/pico_webserver.dir/pico-sdk/src/rp2_common/hardware_irq/irq.c.obj
                0x0000000010001754                irq_set_pending
 .text.irq_get_vtable_handler
                0x0000000010001764       0x10 CMakeFiles/pico_webserver.dir/pico-sdk/src/rp2_common/hardware_irq/irq.c.obj
                0x0000000010001764                irq_get_vtable_handler
 .text.irq_set_exclusive_handler
                0x0000000010001774       0x54 CMakeFiles/pico_webserver.dir/pico-sdk/src/rp2_common/hardware_irq/irq.c.obj
                0x0000000010001774                irq_set_exclusive_handler
 .text.irq_add_shared_handler
                0x00000000100017c8      0x1e8 CMakeFiles/pico_webserver.dir/pico-sdk/src/rp2_common/hardware_irq/irq.c.obj
                0x00000000100017c8                irq_add_shared_handler
 .text.irq_remove_handler
                0x00000000100019b0      0x1b0 CMakeFiles/pico_webserver.dir/pico-sdk/src/rp2_common/hardware_irq/irq.c.obj
                0x00000000100019b0                irq_remove_handler
 .text.irq_set_priority
                0x0000000010001b60       0x28 CMakeFiles/pico_webserver.dir/pico-sdk/src/rp2_common/hardware_irq/irq.c.obj
                0x0000000010001b60                irq_set_priority
 .text.irq_add_tail_to_free_list
                0x0000000010001b88       0xb4 CMakeFiles/pico_webserver.dir/pico-sdk/src/rp2_common/hardware_irq/irq.c.obj
                0x0000000010001b88                irq_add_tail_to_free_list
 .text.irq_init_priorities
                0x0000000010001c3c       0x24 CMakeFiles/pico_webserver.dir/pico-sdk/src/rp2_common/hardware_irq/irq.c.obj
                0x0000000010001c3c                irq_init_priorities
 .text.user_irq_unclaim
                0x0000000010001c60       0x14 CMakeFiles/pico_webserver.dir/pico-sdk/src/rp2_common/hardware_irq/irq.c.obj
                0x0000000010001c60                user_irq_unclaim
 .text.user_irq_claim_unused
                0x0000000010001c74       0x28 CMakeFiles/pico_webserver.dir/pico-sdk/src/rp2_common/hardware_irq/irq.c.obj
                0x0000000010001c74                user_irq_claim_unused
 .text.sem_init
                0x0000000010001c9c       0x20 CMakeFiles/pico_webserver.dir/pico-sdk/src/common/pico_sync/sem.c.obj
                0x0000000010001c9c                sem_init
 .text.lock_init
                0x0000000010001cbc       0x10 CMakeFiles/pico_webserver.dir/pico-sdk/src/common/pico_sync/lock_core.c.obj
                0x0000000010001cbc                lock_init
 .text.mutex_init
                0x0000000010001ccc       0x1c CMakeFiles/pico_webserver.dir/pico-sdk/src/common/pico_sync/mutex.c.obj
                0x0000000010001ccc                mutex_init
 .text.recursive_mutex_init
                0x0000000010001ce8       0x1c CMakeFiles/pico_webserver.dir/pico-sdk/src/common/pico_sync/mutex.c.obj
                0x0000000010001ce8                recursive_mutex_init
 .text.critical_section_init
                0x0000000010001d04       0x20 CMakeFiles/pico_webserver.dir/pico-sdk/src/common/pico_sync/critical_section.c.obj
                0x0000000010001d04                critical_section_init
 .text.timer_pool_entry_comparator
                0x0000000010001d24       0x34 CMakeFiles/pico_webserver.dir/pico-sdk/src/common/pico_time/time.c.obj
                0x0000000010001d24                timer_pool_entry_comparator
 .text.sleep_until_callback
                0x0000000010001d58       0x30 CMakeFiles/pico_webserver.dir/pico-sdk/src/common/pico_time/time.c.obj
 .text.add_alarm_under_lock.isra.0
                0x0000000010001d88      0x100 CMakeFiles/pico_webserver.dir/pico-sdk/src/common/pico_time/time.c.obj
 .text.alarm_pool_alarm_callback
                0x0000000010001e88      0x1bc CMakeFiles/pico_webserver.dir/pico-sdk/src/common/pico_time/time.c.obj
 .text.alarm_pool_init_default
                0x0000000010002044       0x6c CMakeFiles/pico_webserver.dir/pico-sdk/src/common/pico_time/time.c.obj
                0x0000000010002044                alarm_pool_init_default
 .text.alarm_pool_get_default
                0x00000000100020b0        0x8 CMakeFiles/pico_webserver.dir/pico-sdk/src/common/pico_time/time.c.obj
                0x00000000100020b0                alarm_pool_get_default
 .text.alarm_pool_create_with_unused_hardware_alarm
                0x00000000100020b8       0x74 CMakeFiles/pico_webserver.dir/pico-sdk/src/common/pico_time/time.c.obj
                0x00000000100020b8                alarm_pool_create_with_unused_hardware_alarm
 .text.alarm_pool_destroy
                0x000000001000212c       0x44 CMakeFiles/pico_webserver.dir/pico-sdk/src/common/pico_time/time.c.obj
                0x000000001000212c                alarm_pool_destroy
 .text.alarm_pool_add_alarm_at
                0x0000000010002170      0x178 CMakeFiles/pico_webserver.dir/pico-sdk/src/common/pico_time/time.c.obj
                0x0000000010002170                alarm_pool_add_alarm_at
 .text.alarm_pool_add_alarm_at_force_in_context
                0x00000000100022e8      0x124 CMakeFiles/pico_webserver.dir/pico-sdk/src/common/pico_time/time.c.obj
                0x00000000100022e8                alarm_pool_add_alarm_at_force_in_context
 .text.alarm_pool_cancel_alarm
                0x000000001000240c       0x78 CMakeFiles/pico_webserver.dir/pico-sdk/src/common/pico_time/time.c.obj
                0x000000001000240c                alarm_pool_cancel_alarm
 .text.alarm_pool_core_num
                0x0000000010002484        0x4 CMakeFiles/pico_webserver.dir/pico-sdk/src/common/pico_time/time.c.obj
                0x0000000010002484                alarm_pool_core_num
 .text.sleep_until
                0x0000000010002488       0xc4 CMakeFiles/pico_webserver.dir/pico-sdk/src/common/pico_time/time.c.obj
                0x0000000010002488                sleep_until
 .text.sleep_ms
                0x000000001000254c       0x34 CMakeFiles/pico_webserver.dir/pico-sdk/src/common/pico_time/time.c.obj
                0x000000001000254c                sleep_ms
 .text.best_effort_wfe_or_timeout
                0x0000000010002580       0xd4 CMakeFiles/pico_webserver.dir/pico-sdk/src/common/pico_time/time.c.obj
                0x0000000010002580                best_effort_wfe_or_timeout
 .text.hardware_alarm_irq_handler
                0x0000000010002654       0xbc CMakeFiles/pico_webserver.dir/pico-sdk/src/rp2_common/hardware_timer/timer.c.obj
 .text.hardware_alarm_claim
                0x0000000010002710       0x18 CMakeFiles/pico_webserver.dir/pico-sdk/src/rp2_common/hardware_timer/timer.c.obj
                0x0000000010002710                hardware_alarm_claim
 .text.hardware_alarm_unclaim
                0x0000000010002728       0x10 CMakeFiles/pico_webserver.dir/pico-sdk/src/rp2_common/hardware_timer/timer.c.obj
                0x0000000010002728                hardware_alarm_unclaim
 .text.hardware_alarm_claim_unused
                0x0000000010002738       0x20 CMakeFiles/pico_webserver.dir/pico-sdk/src/rp2_common/hardware_timer/timer.c.obj
                0x0000000010002738                hardware_alarm_claim_unused
 .text.time_us_64
                0x0000000010002758       0x14 CMakeFiles/pico_webserver.dir/pico-sdk/src/rp2_common/hardware_timer/timer.c.obj
                0x0000000010002758                time_us_64
 .text.busy_wait_until
                0x000000001000276c       0x20 CMakeFiles/pico_webserver.dir/pico-sdk/src/rp2_common/hardware_timer/timer.c.obj
                0x000000001000276c                busy_wait_until
 .text.hardware_alarm_set_callback
                0x000000001000278c       0x8c CMakeFiles/pico_webserver.dir/pico-sdk/src/rp2_common/hardware_timer/timer.c.obj
                0x000000001000278c                hardware_alarm_set_callback
 .text.hardware_alarm_set_target
                0x0000000010002818       0xd4 CMakeFiles/pico_webserver.dir/pico-sdk/src/rp2_common/hardware_timer/timer.c.obj
                0x0000000010002818                hardware_alarm_set_target
 .text.hardware_alarm_cancel
                0x00000000100028ec       0x3c CMakeFiles/pico_webserver.dir/pico-sdk/src/rp2_common/hardware_timer/timer.c.obj
                0x00000000100028ec                hardware_alarm_cancel
 .text.hardware_alarm_force_irq
                0x0000000010002928       0x3c CMakeFiles/pico_webserver.dir/pico-sdk/src/rp2_common/hardware_timer/timer.c.obj
                0x0000000010002928                hardware_alarm_force_irq
 .text.ph_merge_nodes
                0x0000000010002964       0x68 CMakeFiles/pico_webserver.dir/pico-sdk/src/common/pico_util/pheap.c.obj
 .text.ph_create
                0x00000000100029cc       0x60 CMakeFiles/pico_webserver.dir/pico-sdk/src/common/pico_util/pheap.c.obj
                0x00000000100029cc                ph_create
 .text.ph_post_alloc_init
                0x0000000010002a2c       0x3c CMakeFiles/pico_webserver.dir/pico-sdk/src/common/pico_util/pheap.c.obj
                0x0000000010002a2c                ph_post_alloc_init
 .text.ph_destroy
                0x0000000010002a68       0x14 CMakeFiles/pico_webserver.dir/pico-sdk/src/common/pico_util/pheap.c.obj
                0x0000000010002a68                ph_destroy
 .text.ph_merge_two_pass
                0x0000000010002a7c       0x90 CMakeFiles/pico_webserver.dir/pico-sdk/src/common/pico_util/pheap.c.obj
                0x0000000010002a7c                ph_merge_two_pass
 .text.ph_remove_any_head
                0x0000000010002b0c      0x100 CMakeFiles/pico_webserver.dir/pico-sdk/src/common/pico_util/pheap.c.obj
 .text.ph_remove_head
                0x0000000010002c0c      0x104 CMakeFiles/pico_webserver.dir/pico-sdk/src/common/pico_util/pheap.c.obj
                0x0000000010002c0c                ph_remove_head
 .text.ph_remove_and_free_node
                0x0000000010002d10       0x7c CMakeFiles/pico_webserver.dir/pico-sdk/src/common/pico_util/pheap.c.obj
                0x0000000010002d10                ph_remove_and_free_node
 .text.clock_configure
                0x0000000010002d8c      0x118 CMakeFiles/pico_webserver.dir/pico-sdk/src/rp2_common/hardware_clocks/clocks.c.obj
                0x0000000010002d8c                clock_configure
 .text.clocks_init
                0x0000000010002ea4      0x2d0 CMakeFiles/pico_webserver.dir/pico-sdk/src/rp2_common/hardware_clocks/clocks.c.obj
                0x0000000010002ea4                clocks_init
 .text.clock_get_hz
                0x0000000010003174        0xc CMakeFiles/pico_webserver.dir/pico-sdk/src/rp2_common/hardware_clocks/clocks.c.obj
                0x0000000010003174                clock_get_hz
 .text.pll_init
                0x0000000010003180       0xa0 CMakeFiles/pico_webserver.dir/pico-sdk/src/rp2_common/hardware_pll/pll.c.obj
                0x0000000010003180                pll_init
 .text.watchdog_start_tick
                0x0000000010003220       0x10 CMakeFiles/pico_webserver.dir/pico-sdk/src/rp2_common/hardware_watchdog/watchdog.c.obj
                0x0000000010003220                watchdog_start_tick
 .text.xosc_init
                0x0000000010003230       0x28 CMakeFiles/pico_webserver.dir/pico-sdk/src/rp2_common/hardware_xosc/xosc.c.obj
                0x0000000010003230                xosc_init
 .text.runtime_init
                0x0000000010003258       0xf0 CMakeFiles/pico_webserver.dir/pico-sdk/src/rp2_common/pico_runtime/runtime.c.obj
                0x0000000010003258                runtime_init
 .text._exit    0x0000000010003348       0x14 CMakeFiles/pico_webserver.dir/pico-sdk/src/rp2_common/pico_runtime/runtime.c.obj
                0x0000000010003348                _exit
 .text._sbrk    0x000000001000335c       0x34 CMakeFiles/pico_webserver.dir/pico-sdk/src/rp2_common/pico_runtime/runtime.c.obj
                0x000000001000335c                _sbrk
 .text.exit     0x0000000010003390        0x8 CMakeFiles/pico_webserver.dir/pico-sdk/src/rp2_common/pico_runtime/runtime.c.obj
                0x0000000010003390                exit
 .text.panic    0x0000000010003398       0x30 CMakeFiles/pico_webserver.dir/pico-sdk/src/rp2_common/pico_runtime/runtime.c.obj
                0x0000000010003398                panic
 .text.hard_assertion_failure
                0x00000000100033c8        0xc CMakeFiles/pico_webserver.dir/pico-sdk/src/rp2_common/pico_runtime/runtime.c.obj
                0x00000000100033c8                hard_assertion_failure
 .text._out_null
                0x00000000100033d4        0x4 CMakeFiles/pico_webserver.dir/pico-sdk/src/rp2_common/pico_printf/printf.c.obj
 .text._out_rev
                0x00000000100033d8       0x9c CMakeFiles/pico_webserver.dir/pico-sdk/src/rp2_common/pico_printf/printf.c.obj
 .text._ntoa_format
                0x0000000010003474      0x1cc CMakeFiles/pico_webserver.dir/pico-sdk/src/rp2_common/pico_printf/printf.c.obj
 .text._out_char
                0x0000000010003640       0x10 CMakeFiles/pico_webserver.dir/pico-sdk/src/rp2_common/pico_printf/printf.c.obj
 .text._out_fct
                0x0000000010003650       0x10 CMakeFiles/pico_webserver.dir/pico-sdk/src/rp2_common/pico_printf/printf.c.obj
 .text._etoa    0x0000000010003660      0x44c CMakeFiles/pico_webserver.dir/pico-sdk/src/rp2_common/pico_printf/printf.c.obj
 .text._ftoa    0x0000000010003aac      0x398 CMakeFiles/pico_webserver.dir/pico-sdk/src/rp2_common/pico_printf/printf.c.obj
 .text._vsnprintf
                0x0000000010003e44      0xb04 CMakeFiles/pico_webserver.dir/pico-sdk/src/rp2_common/pico_printf/printf.c.obj
 .text.vfctprintf
                0x0000000010004948       0x20 CMakeFiles/pico_webserver.dir/pico-sdk/src/rp2_common/pico_printf/printf.c.obj
                0x0000000010004948                vfctprintf
 .text.weak_raw_vprintf
                0x0000000010004968       0x30 CMakeFiles/pico_webserver.dir/pico-sdk/src/rp2_common/pico_printf/printf.c.obj
                0x0000000010004968                weak_raw_vprintf
 .text          0x0000000010004998       0x10 CMakeFiles/pico_webserver.dir/pico-sdk/src/rp2_common/pico_bit_ops/bit_ops_aeabi.S.obj
 .text.ctzsi    0x00000000100049a8        0xc CMakeFiles/pico_webserver.dir/pico-sdk/src/rp2_common/pico_bit_ops/bit_ops_aeabi.S.obj
                0x00000000100049a8                __wrap___ctzsi2
 .text.rom_func_lookup
                0x00000000100049b4       0x10 CMakeFiles/pico_webserver.dir/pico-sdk/src/rp2_common/pico_bootrom/bootrom.c.obj
                0x00000000100049b4                rom_func_lookup
 .text.rom_data_lookup
                0x00000000100049c4       0x10 CMakeFiles/pico_webserver.dir/pico-sdk/src/rp2_common/pico_bootrom/bootrom.c.obj
                0x00000000100049c4                rom_data_lookup
 .text.rom_funcs_lookup
                0x00000000100049d4       0x44 CMakeFiles/pico_webserver.dir/pico-sdk/src/rp2_common/pico_bootrom/bootrom.c.obj
                0x00000000100049d4                rom_funcs_lookup
 .text.__wrap___aeabi_idiv
                0x0000000010004a18       0x50 CMakeFiles/pico_webserver.dir/pico-sdk/src/rp2_common/pico_divider/divider.S.obj
                0x0000000010004a18                __wrap___aeabi_idivmod
                0x0000000010004a18                divmod_s32s32
                0x0000000010004a18                div_s32s32
                0x0000000010004a18                __wrap___aeabi_idiv
                0x0000000010004a20                divmod_s32s32_unsafe
                0x0000000010004a4c                divmod_s32s32_savestate
 .text.__wrap___aeabi_uidiv
                0x0000000010004a68       0x4c CMakeFiles/pico_webserver.dir/pico-sdk/src/rp2_common/pico_divider/divider.S.obj
                0x0000000010004a68                __wrap___aeabi_uidiv
                0x0000000010004a68                __wrap___aeabi_uidivmod
                0x0000000010004a68                div_u32u32
                0x0000000010004a68                divmod_u32u32
                0x0000000010004a70                divmod_u32u32_unsafe
                0x0000000010004a98                divmod_u32u32_savestate
 .text.__wrap___aeabi_ldiv
                0x0000000010004ab4      0x424 CMakeFiles/pico_webserver.dir/pico-sdk/src/rp2_common/pico_divider/divider.S.obj
                0x0000000010004ab4                div_s64s64
                0x0000000010004ab4                divmod_s64s64
                0x0000000010004ab4                __wrap___aeabi_ldivmod
                0x0000000010004ae4                div_u64u64
                0x0000000010004ae4                divmod_u64u64
                0x0000000010004ae4                __wrap___aeabi_uldivmod
                0x0000000010004af4                divmod_u64u64_savestate
                0x0000000010004b14                divmod_s64s64_unsafe
                0x0000000010004b9c                divmod_u64u64_unsafe
 .text.__wrap___aeabi_darithmetic
                0x0000000010004ed8       0x60 CMakeFiles/pico_webserver.dir/pico-sdk/src/rp2_common/pico_double/double_aeabi.S.obj
                0x0000000010004ed8                __wrap___aeabi_drsub
                0x0000000010004ede                __wrap___aeabi_dsub
                0x0000000010004ee8                __wrap___aeabi_dadd
                0x0000000010004ef2                __wrap___aeabi_ddiv
                0x0000000010004f26                __wrap___aeabi_dmul
 .text.__wrap___aeabi_cdcmple
                0x0000000010004f38       0x6c CMakeFiles/pico_webserver.dir/pico-sdk/src/rp2_common/pico_double/double_aeabi.S.obj
                0x0000000010004f38                __wrap___aeabi_cdrcmple
                0x0000000010004f48                __wrap___aeabi_cdcmple
                0x0000000010004f48                __wrap___aeabi_cdcmpeq
 .text.__wrap___aeabi_dcmplt
                0x0000000010004fa4        0xc CMakeFiles/pico_webserver.dir/pico-sdk/src/rp2_common/pico_double/double_aeabi.S.obj
                0x0000000010004fa4                __wrap___aeabi_dcmplt
 .text.__wrap___aeabi_dcmple
                0x0000000010004fb0       0x10 CMakeFiles/pico_webserver.dir/pico-sdk/src/rp2_common/pico_double/double_aeabi.S.obj
                0x0000000010004fb0                __wrap___aeabi_dcmple
 .text.__wrap___aeabi_dcmpge
                0x0000000010004fc0       0x10 CMakeFiles/pico_webserver.dir/pico-sdk/src/rp2_common/pico_double/double_aeabi.S.obj
                0x0000000010004fc0                __wrap___aeabi_dcmpge
 .text.__wrap___aeabi_dcmpgt
                0x0000000010004fd0        0xa CMakeFiles/pico_webserver.dir/pico-sdk/src/rp2_common/pico_double/double_aeabi.S.obj
                0x0000000010004fd0                __wrap___aeabi_dcmpgt
 .text.__wrap___aeabi_dcmpun
                0x0000000010004fda       0x1c CMakeFiles/pico_webserver.dir/pico-sdk/src/rp2_common/pico_double/double_aeabi.S.obj
                0x0000000010004fda                __wrap___aeabi_dcmpun
 *fill*         0x0000000010004ff6        0x2 
 .text.__wrap___aeabi_i2d
                0x0000000010004ff8       0x38 CMakeFiles/pico_webserver.dir/pico-sdk/src/rp2_common/pico_double/double_aeabi.S.obj
                0x0000000010004ff8                __wrap___aeabi_ui2d
                0x0000000010005000                __wrap___aeabi_i2d
 .text.__wrap___aeabi_d2iz
                0x0000000010005030       0x48 CMakeFiles/pico_webserver.dir/pico-sdk/src/rp2_common/pico_double/double_aeabi.S.obj
                0x0000000010005030                __wrap___aeabi_d2iz
                0x0000000010005030                double2int_z
 .text.__wrap___aeabi_d2uiz
                0x0000000010005078       0x10 CMakeFiles/pico_webserver.dir/pico-sdk/src/rp2_common/pico_double/double_aeabi.S.obj
                0x0000000010005078                double2uint
                0x0000000010005078                __wrap___aeabi_d2uiz
 .text.missing_double_func_shim
                0x0000000010005088        0xc CMakeFiles/pico_webserver.dir/pico-sdk/src/rp2_common/pico_double/double_init_rom.c.obj
 .text.__aeabi_double_init
                0x0000000010005094       0x98 CMakeFiles/pico_webserver.dir/pico-sdk/src/rp2_common/pico_double/double_init_rom.c.obj
                0x0000000010005094                __aeabi_double_init
 .text.double_table_shim_on_use_helper
                0x000000001000512c       0x2c CMakeFiles/pico_webserver.dir/pico-sdk/src/rp2_common/pico_double/double_v1_rom_shim.S.obj
                0x000000001000512c                double_table_shim_on_use_helper
 .text.__aeabi_lmul
                0x0000000010005158       0x32 CMakeFiles/pico_webserver.dir/pico-sdk/src/rp2_common/pico_int64_ops/pico_int64_ops_aeabi.S.obj
                0x0000000010005158                __wrap___aeabi_lmul
 *fill*         0x000000001000518a        0x2 
 .text.missing_float_func_shim
                0x000000001000518c        0xc CMakeFiles/pico_webserver.dir/pico-sdk/src/rp2_common/pico_float/float_init_rom.c.obj
 .text.__aeabi_float_init
                0x0000000010005198       0x5c CMakeFiles/pico_webserver.dir/pico-sdk/src/rp2_common/pico_float/float_init_rom.c.obj
                0x0000000010005198                __aeabi_float_init
 .text.__wrap_malloc
                0x00000000100051f4       0x3c CMakeFiles/pico_webserver.dir/pico-sdk/src/rp2_common/pico_malloc/pico_malloc.c.obj
                0x00000000100051f4                __wrap_malloc
 .text.__wrap_calloc
                0x0000000010005230       0x40 CMakeFiles/pico_webserver.dir/pico-sdk/src/rp2_common/pico_malloc/pico_malloc.c.obj
                0x0000000010005230                __wrap_calloc
 .text.__wrap_free
                0x0000000010005270       0x20 CMakeFiles/pico_webserver.dir/pico-sdk/src/rp2_common/pico_malloc/pico_malloc.c.obj
                0x0000000010005270                __wrap_free
 .text          0x0000000010005290       0x10 CMakeFiles/pico_webserver.dir/pico-sdk/src/rp2_common/pico_mem_ops/mem_ops_aeabi.S.obj
                0x0000000010005290                __aeabi_mem_init
 .text.memset   0x00000000100052a0        0xc CMakeFiles/pico_webserver.dir/pico-sdk/src/rp2_common/pico_mem_ops/mem_ops_aeabi.S.obj
                0x00000000100052a0                __wrap_memset
 .text.memcpy   0x00000000100052ac        0xc CMakeFiles/pico_webserver.dir/pico-sdk/src/rp2_common/pico_mem_ops/mem_ops_aeabi.S.obj
                0x00000000100052ac                __wrap___aeabi_memcpy
                0x00000000100052ac                __wrap_memcpy
 .text.stdio_out_chars_no_crlf
                0x00000000100052b8       0x10 CMakeFiles/pico_webserver.dir/pico-sdk/src/rp2_common/pico_stdio/stdio.c.obj
 .text.stdio_out_chars_crlf
                0x00000000100052c8       0xb4 CMakeFiles/pico_webserver.dir/pico-sdk/src/rp2_common/pico_stdio/stdio.c.obj
 .text.stdio_buffered_printer
                0x000000001000537c       0x64 CMakeFiles/pico_webserver.dir/pico-sdk/src/rp2_common/pico_stdio/stdio.c.obj
 .text.stdio_put_string.isra.0
                0x00000000100053e0       0xfc CMakeFiles/pico_webserver.dir/pico-sdk/src/rp2_common/pico_stdio/stdio.c.obj
 .text.__wrap_putchar
                0x00000000100054dc       0x98 CMakeFiles/pico_webserver.dir/pico-sdk/src/rp2_common/pico_stdio/stdio.c.obj
                0x00000000100054dc                __wrap_putchar
 .text.__wrap_puts
                0x0000000010005574       0x3c CMakeFiles/pico_webserver.dir/pico-sdk/src/rp2_common/pico_stdio/stdio.c.obj
                0x0000000010005574                __wrap_puts
 .text.__wrap_vprintf
                0x00000000100055b0       0xd8 CMakeFiles/pico_webserver.dir/pico-sdk/src/rp2_common/pico_stdio/stdio.c.obj
                0x00000000100055b0                __wrap_vprintf
 .text.__wrap_printf
                0x0000000010005688       0x18 CMakeFiles/pico_webserver.dir/pico-sdk/src/rp2_common/pico_stdio/stdio.c.obj
                0x0000000010005688                __wrap_printf
 .text.startup._retrieve_unique_id_on_boot
                0x00000000100056a0       0x10 CMakeFiles/pico_webserver.dir/pico-sdk/src/rp2_common/pico_unique_id/unique_id.c.obj
 .text.pico_get_unique_board_id
                0x00000000100056b0       0x10 CMakeFiles/pico_webserver.dir/pico-sdk/src/rp2_common/pico_unique_id/unique_id.c.obj
                0x00000000100056b0                pico_get_unique_board_id
 .text.flash_get_unique_id
                0x00000000100056c0       0x40 CMakeFiles/pico_webserver.dir/pico-sdk/src/rp2_common/hardware_flash/flash.c.obj
                0x00000000100056c0                flash_get_unique_id
 .text.dcd_int_enable
                0x0000000010005700        0xc CMakeFiles/pico_webserver.dir/pico-sdk/lib/tinyusb/src/portable/raspberrypi/rp2040/dcd_rp2040.c.obj
                0x0000000010005700                dcd_int_enable
 .text.dcd_set_address
                0x000000001000570c       0x14 CMakeFiles/pico_webserver.dir/pico-sdk/lib/tinyusb/src/portable/raspberrypi/rp2040/dcd_rp2040.c.obj
                0x000000001000570c                dcd_set_address
 .text.dcd_connect
                0x0000000010005720       0x10 CMakeFiles/pico_webserver.dir/pico-sdk/lib/tinyusb/src/portable/raspberrypi/rp2040/dcd_rp2040.c.obj
                0x0000000010005720                dcd_connect
 .text.dcd_init
                0x0000000010005730       0x98 CMakeFiles/pico_webserver.dir/pico-sdk/lib/tinyusb/src/portable/raspberrypi/rp2040/dcd_rp2040.c.obj
                0x0000000010005730                dcd_init
 .text.dcd_edpt0_status_complete
                0x00000000100057c8       0x1c CMakeFiles/pico_webserver.dir/pico-sdk/lib/tinyusb/src/portable/raspberrypi/rp2040/dcd_rp2040.c.obj
                0x00000000100057c8                dcd_edpt0_status_complete
 .text.dcd_edpt_open
                0x00000000100057e4      0x108 CMakeFiles/pico_webserver.dir/pico-sdk/lib/tinyusb/src/portable/raspberrypi/rp2040/dcd_rp2040.c.obj
                0x00000000100057e4                dcd_edpt_open
 .text.dcd_edpt_close_all
                0x00000000100058ec        0x8 CMakeFiles/pico_webserver.dir/pico-sdk/lib/tinyusb/src/portable/raspberrypi/rp2040/dcd_rp2040.c.obj
                0x00000000100058ec                dcd_edpt_close_all
 .text.dcd_edpt_xfer
                0x00000000100058f4       0x24 CMakeFiles/pico_webserver.dir/pico-sdk/lib/tinyusb/src/portable/raspberrypi/rp2040/dcd_rp2040.c.obj
                0x00000000100058f4                dcd_edpt_xfer
 .text.dcd_edpt_stall
                0x0000000010005918       0x38 CMakeFiles/pico_webserver.dir/pico-sdk/lib/tinyusb/src/portable/raspberrypi/rp2040/dcd_rp2040.c.obj
                0x0000000010005918                dcd_edpt_stall
 .text.dcd_edpt_clear_stall
                0x0000000010005950       0x30 CMakeFiles/pico_webserver.dir/pico-sdk/lib/tinyusb/src/portable/raspberrypi/rp2040/dcd_rp2040.c.obj
                0x0000000010005950                dcd_edpt_clear_stall
 .text.rp2040_usb_init
                0x0000000010005980       0x4c CMakeFiles/pico_webserver.dir/pico-sdk/lib/tinyusb/src/portable/raspberrypi/rp2040/rp2040_usb.c.obj
                0x0000000010005980                rp2040_usb_init
 .text.hw_endpoint_xfer_start
                0x00000000100059cc       0x50 CMakeFiles/pico_webserver.dir/pico-sdk/lib/tinyusb/src/portable/raspberrypi/rp2040/rp2040_usb.c.obj
                0x00000000100059cc                hw_endpoint_xfer_start
 .text.tud_mounted
                0x0000000010005a1c       0x10 CMakeFiles/pico_webserver.dir/pico-sdk/lib/tinyusb/src/device/usbd.c.obj
                0x0000000010005a1c                tud_mounted
 .text.tud_suspended
                0x0000000010005a2c       0x10 CMakeFiles/pico_webserver.dir/pico-sdk/lib/tinyusb/src/device/usbd.c.obj
                0x0000000010005a2c                tud_suspended
 .text.tud_init
                0x0000000010005a3c       0xdc CMakeFiles/pico_webserver.dir/pico-sdk/lib/tinyusb/src/device/usbd.c.obj
                0x0000000010005a3c                tud_init
 .text.tud_task_ext
                0x0000000010005b18      0x86c CMakeFiles/pico_webserver.dir/pico-sdk/lib/tinyusb/src/device/usbd.c.obj
                0x0000000010005b18                tud_task_ext
 .text.usbd_open_edpt_pair
                0x0000000010006384       0x9c CMakeFiles/pico_webserver.dir/pico-sdk/lib/tinyusb/src/device/usbd.c.obj
                0x0000000010006384                usbd_open_edpt_pair
 .text.usbd_edpt_open
                0x0000000010006420       0x34 CMakeFiles/pico_webserver.dir/pico-sdk/lib/tinyusb/src/device/usbd.c.obj
                0x0000000010006420                usbd_edpt_open
 .text.usbd_edpt_claim
                0x0000000010006454       0x28 CMakeFiles/pico_webserver.dir/pico-sdk/lib/tinyusb/src/device/usbd.c.obj
                0x0000000010006454                usbd_edpt_claim
 .text.usbd_edpt_release
                0x000000001000647c       0x28 CMakeFiles/pico_webserver.dir/pico-sdk/lib/tinyusb/src/device/usbd.c.obj
                0x000000001000647c                usbd_edpt_release
 .text.usbd_edpt_xfer
                0x00000000100064a4       0x4c CMakeFiles/pico_webserver.dir/pico-sdk/lib/tinyusb/src/device/usbd.c.obj
                0x00000000100064a4                usbd_edpt_xfer
 .text.usbd_edpt_busy
                0x00000000100064f0       0x1c CMakeFiles/pico_webserver.dir/pico-sdk/lib/tinyusb/src/device/usbd.c.obj
                0x00000000100064f0                usbd_edpt_busy
 .text.tud_control_status
                0x000000001000650c       0x30 CMakeFiles/pico_webserver.dir/pico-sdk/lib/tinyusb/src/device/usbd_control.c.obj
                0x000000001000650c                tud_control_status
 .text.tud_control_xfer
                0x000000001000653c       0xbc CMakeFiles/pico_webserver.dir/pico-sdk/lib/tinyusb/src/device/usbd_control.c.obj
                0x000000001000653c                tud_control_xfer
 .text.usbd_control_reset
                0x00000000100065f8       0x14 CMakeFiles/pico_webserver.dir/pico-sdk/lib/tinyusb/src/device/usbd_control.c.obj
                0x00000000100065f8                usbd_control_reset
 .text.usbd_control_set_complete_callback
                0x000000001000660c        0xc CMakeFiles/pico_webserver.dir/pico-sdk/lib/tinyusb/src/device/usbd_control.c.obj
                0x000000001000660c                usbd_control_set_complete_callback
 .text.usbd_control_set_request
                0x0000000010006618       0x1c CMakeFiles/pico_webserver.dir/pico-sdk/lib/tinyusb/src/device/usbd_control.c.obj
                0x0000000010006618                usbd_control_set_request
 .text.usbd_control_xfer_cb
                0x0000000010006634       0xfc CMakeFiles/pico_webserver.dir/pico-sdk/lib/tinyusb/src/device/usbd_control.c.obj
                0x0000000010006634                usbd_control_xfer_cb
 .text.tud_network_recv_renew
                0x0000000010006730       0x20 CMakeFiles/pico_webserver.dir/pico-sdk/lib/tinyusb/src/class/net/ecm_rndis_device.c.obj
                0x0000000010006730                tud_network_recv_renew
 .text.netd_report
                0x0000000010006750       0x24 CMakeFiles/pico_webserver.dir/pico-sdk/lib/tinyusb/src/class/net/ecm_rndis_device.c.obj
                0x0000000010006750                netd_report
 .text.netd_init
                0x0000000010006774       0x14 CMakeFiles/pico_webserver.dir/pico-sdk/lib/tinyusb/src/class/net/ecm_rndis_device.c.obj
                0x0000000010006774                netd_init
 .text.netd_reset
                0x0000000010006788       0x14 CMakeFiles/pico_webserver.dir/pico-sdk/lib/tinyusb/src/class/net/ecm_rndis_device.c.obj
                0x0000000010006788                netd_reset
 .text.netd_open
                0x000000001000679c      0x11c CMakeFiles/pico_webserver.dir/pico-sdk/lib/tinyusb/src/class/net/ecm_rndis_device.c.obj
                0x000000001000679c                netd_open
 .text.netd_control_xfer_cb
                0x00000000100068b8      0x174 CMakeFiles/pico_webserver.dir/pico-sdk/lib/tinyusb/src/class/net/ecm_rndis_device.c.obj
                0x00000000100068b8                netd_control_xfer_cb
 .text.netd_xfer_cb
                0x0000000010006a2c       0xec CMakeFiles/pico_webserver.dir/pico-sdk/lib/tinyusb/src/class/net/ecm_rndis_device.c.obj
                0x0000000010006a2c                netd_xfer_cb
 .text.tud_network_can_xmit
                0x0000000010006b18        0xc CMakeFiles/pico_webserver.dir/pico-sdk/lib/tinyusb/src/class/net/ecm_rndis_device.c.obj
                0x0000000010006b18                tud_network_can_xmit
 .text.tud_network_xmit
                0x0000000010006b24       0x98 CMakeFiles/pico_webserver.dir/pico-sdk/lib/tinyusb/src/class/net/ecm_rndis_device.c.obj
                0x0000000010006b24                tud_network_xmit
 .text.tud_vendor_n_available
                0x0000000010006bbc       0x1c CMakeFiles/pico_webserver.dir/pico-sdk/lib/tinyusb/src/class/vendor/vendor_device.c.obj
                0x0000000010006bbc                tud_vendor_n_available
 .text.tud_vendor_n_read
                0x0000000010006bd8       0x68 CMakeFiles/pico_webserver.dir/pico-sdk/lib/tinyusb/src/class/vendor/vendor_device.c.obj
                0x0000000010006bd8                tud_vendor_n_read
 .text.tud_vendor_n_write_flush
                0x0000000010006c40       0x74 CMakeFiles/pico_webserver.dir/pico-sdk/lib/tinyusb/src/class/vendor/vendor_device.c.obj
                0x0000000010006c40                tud_vendor_n_write_flush
 .text.tud_vendor_n_write
                0x0000000010006cb4       0x38 CMakeFiles/pico_webserver.dir/pico-sdk/lib/tinyusb/src/class/vendor/vendor_device.c.obj
                0x0000000010006cb4                tud_vendor_n_write
 .text.vendord_init
                0x0000000010006cec       0x5c CMakeFiles/pico_webserver.dir/pico-sdk/lib/tinyusb/src/class/vendor/vendor_device.c.obj
                0x0000000010006cec                vendord_init
 .text.vendord_reset
                0x0000000010006d48       0x1c CMakeFiles/pico_webserver.dir/pico-sdk/lib/tinyusb/src/class/vendor/vendor_device.c.obj
                0x0000000010006d48                vendord_reset
 .text.vendord_open
                0x0000000010006d64       0xc4 CMakeFiles/pico_webserver.dir/pico-sdk/lib/tinyusb/src/class/vendor/vendor_device.c.obj
                0x0000000010006d64                vendord_open
 .text.vendord_xfer_cb
                0x0000000010006e28       0x88 CMakeFiles/pico_webserver.dir/pico-sdk/lib/tinyusb/src/class/vendor/vendor_device.c.obj
                0x0000000010006e28                vendord_xfer_cb
 .text.tusb_init
                0x0000000010006eb0        0xc CMakeFiles/pico_webserver.dir/pico-sdk/lib/tinyusb/src/tusb.c.obj
                0x0000000010006eb0                tusb_init
 .text.tu_edpt_claim
                0x0000000010006ebc       0x50 CMakeFiles/pico_webserver.dir/pico-sdk/lib/tinyusb/src/tusb.c.obj
                0x0000000010006ebc                tu_edpt_claim
 .text.tu_edpt_release
                0x0000000010006f0c       0x38 CMakeFiles/pico_webserver.dir/pico-sdk/lib/tinyusb/src/tusb.c.obj
                0x0000000010006f0c                tu_edpt_release
 .text.tu_edpt_validate
                0x0000000010006f44       0x78 CMakeFiles/pico_webserver.dir/pico-sdk/lib/tinyusb/src/tusb.c.obj
                0x0000000010006f44                tu_edpt_validate
 .text.tu_edpt_bind_driver
                0x0000000010006fbc       0x34 CMakeFiles/pico_webserver.dir/pico-sdk/lib/tinyusb/src/tusb.c.obj
                0x0000000010006fbc                tu_edpt_bind_driver
 .text.tu_fifo_config
                0x0000000010006ff0       0x70 CMakeFiles/pico_webserver.dir/pico-sdk/lib/tinyusb/src/common/tusb_fifo.c.obj
                0x0000000010006ff0                tu_fifo_config
 .text.tu_fifo_count
                0x0000000010007060       0x2c CMakeFiles/pico_webserver.dir/pico-sdk/lib/tinyusb/src/common/tusb_fifo.c.obj
                0x0000000010007060                tu_fifo_count
 .text.tu_fifo_empty
                0x000000001000708c       0x10 CMakeFiles/pico_webserver.dir/pico-sdk/lib/tinyusb/src/common/tusb_fifo.c.obj
                0x000000001000708c                tu_fifo_empty
 .text.tu_fifo_remaining
                0x000000001000709c       0x2c CMakeFiles/pico_webserver.dir/pico-sdk/lib/tinyusb/src/common/tusb_fifo.c.obj
                0x000000001000709c                tu_fifo_remaining
 .text.tu_fifo_read
                0x00000000100070c8       0xa0 CMakeFiles/pico_webserver.dir/pico-sdk/lib/tinyusb/src/common/tusb_fifo.c.obj
                0x00000000100070c8                tu_fifo_read
 .text.tu_fifo_read_n
                0x0000000010007168       0xec CMakeFiles/pico_webserver.dir/pico-sdk/lib/tinyusb/src/common/tusb_fifo.c.obj
                0x0000000010007168                tu_fifo_read_n
 .text.tu_fifo_write
                0x0000000010007254       0x88 CMakeFiles/pico_webserver.dir/pico-sdk/lib/tinyusb/src/common/tusb_fifo.c.obj
                0x0000000010007254                tu_fifo_write
 .text.tu_fifo_write_n
                0x00000000100072dc      0x168 CMakeFiles/pico_webserver.dir/pico-sdk/lib/tinyusb/src/common/tusb_fifo.c.obj
                0x00000000100072dc                tu_fifo_write_n
 .text.tu_fifo_clear
                0x0000000010007444       0x40 CMakeFiles/pico_webserver.dir/pico-sdk/lib/tinyusb/src/common/tusb_fifo.c.obj
                0x0000000010007444                tu_fifo_clear
 .text.tu_fifo_set_overwritable
                0x0000000010007484       0x48 CMakeFiles/pico_webserver.dir/pico-sdk/lib/tinyusb/src/common/tusb_fifo.c.obj
                0x0000000010007484                tu_fifo_set_overwritable
 .text.cyw43_arch_set_async_context
                0x00000000100074cc        0xc CMakeFiles/pico_webserver.dir/pico-sdk/src/rp2_common/pico_cyw43_arch/cyw43_arch.c.obj
                0x00000000100074cc                cyw43_arch_set_async_context
 .text.cyw43_arch_enable_sta_mode
                0x00000000100074d8       0x1c CMakeFiles/pico_webserver.dir/pico-sdk/src/rp2_common/pico_cyw43_arch/cyw43_arch.c.obj
                0x00000000100074d8                cyw43_arch_enable_sta_mode
 .text.cyw43_arch_wifi_connect_async
                0x00000000100074f4       0x48 CMakeFiles/pico_webserver.dir/pico-sdk/src/rp2_common/pico_cyw43_arch/cyw43_arch.c.obj
                0x00000000100074f4                cyw43_arch_wifi_connect_async
 .text.cyw43_arch_init_with_country
                0x000000001000753c       0x10 CMakeFiles/pico_webserver.dir/pico-sdk/src/rp2_common/pico_cyw43_arch/cyw43_arch.c.obj
                0x000000001000753c                cyw43_arch_init_with_country
 .text.cyw43_arch_gpio_put
                0x000000001000754c       0x14 CMakeFiles/pico_webserver.dir/pico-sdk/src/rp2_common/pico_cyw43_arch/cyw43_arch.c.obj
                0x000000001000754c                cyw43_arch_gpio_put
 .text.cyw43_arch_async_context
                0x0000000010007560        0xc CMakeFiles/pico_webserver.dir/pico-sdk/src/rp2_common/pico_cyw43_arch/cyw43_arch.c.obj
                0x0000000010007560                cyw43_arch_async_context
 .text.cyw43_arch_init
                0x000000001000756c       0x6c CMakeFiles/pico_webserver.dir/pico-sdk/src/rp2_common/pico_cyw43_arch/cyw43_arch_threadsafe_background.c.obj
                0x000000001000756c                cyw43_arch_init
 .text.ns_delay.constprop.0
                0x00000000100075d8       0x20 CMakeFiles/pico_webserver.dir/pico-sdk/src/rp2_common/pico_cyw43_driver/cyw43_bus_pio_spi.c.obj
 .text.cyw43_spi_deinit
                0x00000000100075f8       0x7c CMakeFiles/pico_webserver.dir/pico-sdk/src/rp2_common/pico_cyw43_driver/cyw43_bus_pio_spi.c.obj
                0x00000000100075f8                cyw43_spi_deinit
 .text.cyw43_spi_init
                0x0000000010007674      0x154 CMakeFiles/pico_webserver.dir/pico-sdk/src/rp2_common/pico_cyw43_driver/cyw43_bus_pio_spi.c.obj
                0x0000000010007674                cyw43_spi_init
 .text.cyw43_spi_transfer
                0x00000000100077c8      0x430 CMakeFiles/pico_webserver.dir/pico-sdk/src/rp2_common/pico_cyw43_driver/cyw43_bus_pio_spi.c.obj
                0x00000000100077c8                cyw43_spi_transfer
 .text.cyw43_spi_gpio_setup
                0x0000000010007bf8       0x3c CMakeFiles/pico_webserver.dir/pico-sdk/src/rp2_common/pico_cyw43_driver/cyw43_bus_pio_spi.c.obj
                0x0000000010007bf8                cyw43_spi_gpio_setup
 .text.cyw43_spi_reset
                0x0000000010007c34       0x28 CMakeFiles/pico_webserver.dir/pico-sdk/src/rp2_common/pico_cyw43_driver/cyw43_bus_pio_spi.c.obj
                0x0000000010007c34                cyw43_spi_reset
 .text.read_reg_u32_swap
                0x0000000010007c5c       0x3c CMakeFiles/pico_webserver.dir/pico-sdk/src/rp2_common/pico_cyw43_driver/cyw43_bus_pio_spi.c.obj
                0x0000000010007c5c                read_reg_u32_swap
 .text.cyw43_read_reg_u32
                0x0000000010007c98       0x6c CMakeFiles/pico_webserver.dir/pico-sdk/src/rp2_common/pico_cyw43_driver/cyw43_bus_pio_spi.c.obj
                0x0000000010007c98                cyw43_read_reg_u32
 .text.cyw43_read_reg_u16
                0x0000000010007d04       0x6c CMakeFiles/pico_webserver.dir/pico-sdk/src/rp2_common/pico_cyw43_driver/cyw43_bus_pio_spi.c.obj
                0x0000000010007d04                cyw43_read_reg_u16
 .text.cyw43_read_reg_u8
                0x0000000010007d70       0x6c CMakeFiles/pico_webserver.dir/pico-sdk/src/rp2_common/pico_cyw43_driver/cyw43_bus_pio_spi.c.obj
                0x0000000010007d70                cyw43_read_reg_u8
 .text.write_reg_u32_swap
                0x0000000010007ddc      0x1e0 CMakeFiles/pico_webserver.dir/pico-sdk/src/rp2_common/pico_cyw43_driver/cyw43_bus_pio_spi.c.obj
                0x0000000010007ddc                write_reg_u32_swap
 .text.cyw43_write_reg_u32
                0x0000000010007fbc      0x200 CMakeFiles/pico_webserver.dir/pico-sdk/src/rp2_common/pico_cyw43_driver/cyw43_bus_pio_spi.c.obj
                0x0000000010007fbc                cyw43_write_reg_u32
 .text.cyw43_write_reg_u16
                0x00000000100081bc      0x200 CMakeFiles/pico_webserver.dir/pico-sdk/src/rp2_common/pico_cyw43_driver/cyw43_bus_pio_spi.c.obj
                0x00000000100081bc                cyw43_write_reg_u16
 .text.cyw43_write_reg_u8
                0x00000000100083bc      0x200 CMakeFiles/pico_webserver.dir/pico-sdk/src/rp2_common/pico_cyw43_driver/cyw43_bus_pio_spi.c.obj
                0x00000000100083bc                cyw43_write_reg_u8
 .text.cyw43_read_bytes
                0x00000000100085bc       0x78 CMakeFiles/pico_webserver.dir/pico-sdk/src/rp2_common/pico_cyw43_driver/cyw43_bus_pio_spi.c.obj
                0x00000000100085bc                cyw43_read_bytes
 .text.cyw43_write_bytes
                0x0000000010008634       0xec CMakeFiles/pico_webserver.dir/pico-sdk/src/rp2_common/pico_cyw43_driver/cyw43_bus_pio_spi.c.obj
                0x0000000010008634                cyw43_write_bytes
 .text.cyw43_set_backplane_window
                0x0000000010008720       0x64 CMakeFiles/pico_webserver.dir/pico-sdk/lib/cyw43-driver/src/cyw43_ll.c.obj
 .text.cyw43_ll_parse_async_event
                0x0000000010008784      0x13c CMakeFiles/pico_webserver.dir/pico-sdk/lib/cyw43-driver/src/cyw43_ll.c.obj
 .text.cyw43_kso_set
                0x00000000100088c0       0xa0 CMakeFiles/pico_webserver.dir/pico-sdk/lib/cyw43-driver/src/cyw43_ll.c.obj
 .text.cyw43_ll_sdpcm_poll_device
                0x0000000010008960      0x238 CMakeFiles/pico_webserver.dir/pico-sdk/lib/cyw43-driver/src/cyw43_ll.c.obj
 .text.cyw43_sdpcm_send_common
                0x0000000010008b98       0xf0 CMakeFiles/pico_webserver.dir/pico-sdk/lib/cyw43-driver/src/cyw43_ll.c.obj
 .text.cyw43_do_ioctl.part.0
                0x0000000010008c88       0xc4 CMakeFiles/pico_webserver.dir/pico-sdk/lib/cyw43-driver/src/cyw43_ll.c.obj
 .text.cyw43_write_iovar_u32
                0x0000000010008d4c       0xa4 CMakeFiles/pico_webserver.dir/pico-sdk/lib/cyw43-driver/src/cyw43_ll.c.obj
 .text.cyw43_write_iovar_u32_u32.constprop.0
                0x0000000010008df0       0xb0 CMakeFiles/pico_webserver.dir/pico-sdk/lib/cyw43-driver/src/cyw43_ll.c.obj
 .text.cyw43_read_backplane.constprop.0
                0x0000000010008ea0       0xdc CMakeFiles/pico_webserver.dir/pico-sdk/lib/cyw43-driver/src/cyw43_ll.c.obj
 .text.cyw43_write_backplane
                0x0000000010008f7c      0x104 CMakeFiles/pico_webserver.dir/pico-sdk/lib/cyw43-driver/src/cyw43_ll.c.obj
 .text.reset_device_core.constprop.0
                0x0000000010009080      0x3f0 CMakeFiles/pico_webserver.dir/pico-sdk/lib/cyw43-driver/src/cyw43_ll.c.obj
 .text.cyw43_ll_init
                0x0000000010009470       0x1c CMakeFiles/pico_webserver.dir/pico-sdk/lib/cyw43-driver/src/cyw43_ll.c.obj
                0x0000000010009470                cyw43_ll_init
 .text.cyw43_ll_deinit
                0x000000001000948c        0x8 CMakeFiles/pico_webserver.dir/pico-sdk/lib/cyw43-driver/src/cyw43_ll.c.obj
                0x000000001000948c                cyw43_ll_deinit
 .text.cyw43_ll_send_ethernet
                0x0000000010009494       0x60 CMakeFiles/pico_webserver.dir/pico-sdk/lib/cyw43-driver/src/cyw43_ll.c.obj
                0x0000000010009494                cyw43_ll_send_ethernet
 .text.cyw43_ll_process_packets
                0x00000000100094f4       0x54 CMakeFiles/pico_webserver.dir/pico-sdk/lib/cyw43-driver/src/cyw43_ll.c.obj
                0x00000000100094f4                cyw43_ll_process_packets
 .text.cyw43_ll_ioctl
                0x0000000010009548       0x80 CMakeFiles/pico_webserver.dir/pico-sdk/lib/cyw43-driver/src/cyw43_ll.c.obj
                0x0000000010009548                cyw43_ll_ioctl
 .text.cyw43_ll_bus_sleep
                0x00000000100095c8       0x34 CMakeFiles/pico_webserver.dir/pico-sdk/lib/cyw43-driver/src/cyw43_ll.c.obj
                0x00000000100095c8                cyw43_ll_bus_sleep
 .text.cyw43_ll_wifi_on
                0x00000000100095fc      0x220 CMakeFiles/pico_webserver.dir/pico-sdk/lib/cyw43-driver/src/cyw43_ll.c.obj
                0x00000000100095fc                cyw43_ll_wifi_on
 .text.cyw43_ll_wifi_get_mac
                0x000000001000981c       0x74 CMakeFiles/pico_webserver.dir/pico-sdk/lib/cyw43-driver/src/cyw43_ll.c.obj
                0x000000001000981c                cyw43_ll_wifi_get_mac
 .text.cyw43_ll_bus_init
                0x0000000010009890      0xa24 CMakeFiles/pico_webserver.dir/pico-sdk/lib/cyw43-driver/src/cyw43_ll.c.obj
                0x0000000010009890                cyw43_ll_bus_init
 .text.cyw43_ll_wifi_pm
                0x000000001000a2b4      0x138 CMakeFiles/pico_webserver.dir/pico-sdk/lib/cyw43-driver/src/cyw43_ll.c.obj
                0x000000001000a2b4                cyw43_ll_wifi_pm
 .text.cyw43_ll_wifi_join
                0x000000001000a3ec      0x3ec CMakeFiles/pico_webserver.dir/pico-sdk/lib/cyw43-driver/src/cyw43_ll.c.obj
                0x000000001000a3ec                cyw43_ll_wifi_join
 .text.cyw43_ll_wifi_set_wpa_auth
                0x000000001000a7d8       0x4c CMakeFiles/pico_webserver.dir/pico-sdk/lib/cyw43-driver/src/cyw43_ll.c.obj
                0x000000001000a7d8                cyw43_ll_wifi_set_wpa_auth
 .text.cyw43_ll_wifi_rejoin
                0x000000001000a824       0x58 CMakeFiles/pico_webserver.dir/pico-sdk/lib/cyw43-driver/src/cyw43_ll.c.obj
                0x000000001000a824                cyw43_ll_wifi_rejoin
 .text.cyw43_ll_wifi_ap_init
                0x000000001000a87c      0x2e8 CMakeFiles/pico_webserver.dir/pico-sdk/lib/cyw43-driver/src/cyw43_ll.c.obj
                0x000000001000a87c                cyw43_ll_wifi_ap_init
 .text.cyw43_ll_wifi_ap_set_up
                0x000000001000ab64       0x80 CMakeFiles/pico_webserver.dir/pico-sdk/lib/cyw43-driver/src/cyw43_ll.c.obj
                0x000000001000ab64                cyw43_ll_wifi_ap_set_up
 .text.cyw43_ll_gpio_set
                0x000000001000abe4       0x9c CMakeFiles/pico_webserver.dir/pico-sdk/lib/cyw43-driver/src/cyw43_ll.c.obj
                0x000000001000abe4                cyw43_ll_gpio_set
 .text.cyw43_ll_has_work
                0x000000001000ac80       0x14 CMakeFiles/pico_webserver.dir/pico-sdk/lib/cyw43-driver/src/cyw43_ll.c.obj
                0x000000001000ac80                cyw43_ll_has_work
 .text.cyw43_poll_func
                0x000000001000ac94       0xc0 CMakeFiles/pico_webserver.dir/pico-sdk/lib/cyw43-driver/src/cyw43_ctrl.c.obj
 .text.cyw43_init
                0x000000001000ad54       0x6c CMakeFiles/pico_webserver.dir/pico-sdk/lib/cyw43-driver/src/cyw43_ctrl.c.obj
                0x000000001000ad54                cyw43_init
 .text.cyw43_deinit
                0x000000001000adc0       0x90 CMakeFiles/pico_webserver.dir/pico-sdk/lib/cyw43-driver/src/cyw43_ctrl.c.obj
                0x000000001000adc0                cyw43_deinit
 .text.cyw43_cb_read_host_interrupt_pin
                0x000000001000ae50        0xc CMakeFiles/pico_webserver.dir/pico-sdk/lib/cyw43-driver/src/cyw43_ctrl.c.obj
                0x000000001000ae50                cyw43_cb_read_host_interrupt_pin
 .text.cyw43_cb_ensure_awake
                0x000000001000ae5c        0xc CMakeFiles/pico_webserver.dir/pico-sdk/lib/cyw43-driver/src/cyw43_ctrl.c.obj
                0x000000001000ae5c                cyw43_cb_ensure_awake
 .text.cyw43_cb_process_async_event
                0x000000001000ae68      0x228 CMakeFiles/pico_webserver.dir/pico-sdk/lib/cyw43-driver/src/cyw43_ctrl.c.obj
                0x000000001000ae68                cyw43_cb_process_async_event
 .text.cyw43_send_ethernet
                0x000000001000b090       0xc0 CMakeFiles/pico_webserver.dir/pico-sdk/lib/cyw43-driver/src/cyw43_ctrl.c.obj
                0x000000001000b090                cyw43_send_ethernet
 .text.cyw43_wifi_pm
                0x000000001000b150       0xb4 CMakeFiles/pico_webserver.dir/pico-sdk/lib/cyw43-driver/src/cyw43_ctrl.c.obj
                0x000000001000b150                cyw43_wifi_pm
 .text.cyw43_wifi_set_up
                0x000000001000b204      0x308 CMakeFiles/pico_webserver.dir/pico-sdk/lib/cyw43-driver/src/cyw43_ctrl.c.obj
                0x000000001000b204                cyw43_wifi_set_up
 .text.cyw43_wifi_join
                0x000000001000b50c       0xf4 CMakeFiles/pico_webserver.dir/pico-sdk/lib/cyw43-driver/src/cyw43_ctrl.c.obj
                0x000000001000b50c                cyw43_wifi_join
 .text.cyw43_gpio_set
                0x000000001000b600       0xa0 CMakeFiles/pico_webserver.dir/pico-sdk/lib/cyw43-driver/src/cyw43_ctrl.c.obj
                0x000000001000b600                cyw43_gpio_set
 .text.pio_sm_unclaim
                0x000000001000b6a0       0x20 CMakeFiles/pico_webserver.dir/pico-sdk/src/rp2_common/hardware_pio/pio.c.obj
                0x000000001000b6a0                pio_sm_unclaim
 .text.pio_claim_unused_sm
                0x000000001000b6c0       0x3c CMakeFiles/pico_webserver.dir/pico-sdk/src/rp2_common/hardware_pio/pio.c.obj
                0x000000001000b6c0                pio_claim_unused_sm
 .text.pio_can_add_program
                0x000000001000b6fc       0x68 CMakeFiles/pico_webserver.dir/pico-sdk/src/rp2_common/hardware_pio/pio.c.obj
                0x000000001000b6fc                pio_can_add_program
 .text.pio_add_program
                0x000000001000b764       0xc8 CMakeFiles/pico_webserver.dir/pico-sdk/src/rp2_common/hardware_pio/pio.c.obj
                0x000000001000b764                pio_add_program
 .text.pio_remove_program
                0x000000001000b82c       0x34 CMakeFiles/pico_webserver.dir/pico-sdk/src/rp2_common/hardware_pio/pio.c.obj
                0x000000001000b82c                pio_remove_program
 .text.pio_sm_set_pindirs_with_mask
                0x000000001000b860       0xa4 CMakeFiles/pico_webserver.dir/pico-sdk/src/rp2_common/hardware_pio/pio.c.obj
                0x000000001000b860                pio_sm_set_pindirs_with_mask
 .text.pio_sm_set_consecutive_pindirs
                0x000000001000b904       0xb0 CMakeFiles/pico_webserver.dir/pico-sdk/src/rp2_common/hardware_pio/pio.c.obj
                0x000000001000b904                pio_sm_set_consecutive_pindirs
 .text.dma_channel_unclaim
                0x000000001000b9b4       0x10 CMakeFiles/pico_webserver.dir/pico-sdk/src/rp2_common/hardware_dma/dma.c.obj
                0x000000001000b9b4                dma_channel_unclaim
 .text.dma_claim_unused_channel
                0x000000001000b9c4       0x20 CMakeFiles/pico_webserver.dir/pico-sdk/src/rp2_common/hardware_dma/dma.c.obj
                0x000000001000b9c4                dma_claim_unused_channel
 .text.dma_channel_cleanup
                0x000000001000b9e4       0x60 CMakeFiles/pico_webserver.dir/pico-sdk/src/rp2_common/hardware_dma/dma.c.obj
                0x000000001000b9e4                dma_channel_cleanup
 .text.cyw43_sleep_timeout_reached
                0x000000001000ba44       0x10 CMakeFiles/pico_webserver.dir/pico-sdk/src/rp2_common/pico_cyw43_driver/cyw43_driver.c.obj
 .text.cyw43_irq_init
                0x000000001000ba54       0x28 CMakeFiles/pico_webserver.dir/pico-sdk/src/rp2_common/pico_cyw43_driver/cyw43_driver.c.obj
                0x000000001000ba54                cyw43_irq_init
 .text.cyw43_irq_deinit
                0x000000001000ba7c       0x20 CMakeFiles/pico_webserver.dir/pico-sdk/src/rp2_common/pico_cyw43_driver/cyw43_driver.c.obj
                0x000000001000ba7c                cyw43_irq_deinit
 .text.cyw43_gpio_irq_handler
                0x000000001000ba9c       0x44 CMakeFiles/pico_webserver.dir/pico-sdk/src/rp2_common/pico_cyw43_driver/cyw43_driver.c.obj
 .text.cyw43_do_poll
                0x000000001000bae0       0x68 CMakeFiles/pico_webserver.dir/pico-sdk/src/rp2_common/pico_cyw43_driver/cyw43_driver.c.obj
 .text.cyw43_post_poll_hook
                0x000000001000bb48       0x10 CMakeFiles/pico_webserver.dir/pico-sdk/src/rp2_common/pico_cyw43_driver/cyw43_driver.c.obj
                0x000000001000bb48                cyw43_post_poll_hook
 .text.cyw43_schedule_internal_poll_dispatch
                0x000000001000bb58       0x18 CMakeFiles/pico_webserver.dir/pico-sdk/src/rp2_common/pico_cyw43_driver/cyw43_driver.c.obj
                0x000000001000bb58                cyw43_schedule_internal_poll_dispatch
 .text.cyw43_driver_init
                0x000000001000bb70       0x38 CMakeFiles/pico_webserver.dir/pico-sdk/src/rp2_common/pico_cyw43_driver/cyw43_driver.c.obj
                0x000000001000bb70                cyw43_driver_init
 .text.cyw43_driver_deinit
                0x000000001000bba8       0x44 CMakeFiles/pico_webserver.dir/pico-sdk/src/rp2_common/pico_cyw43_driver/cyw43_driver.c.obj
                0x000000001000bba8                cyw43_driver_deinit
 .text.cyw43_hal_generate_laa_mac
                0x000000001000bbec       0x28 CMakeFiles/pico_webserver.dir/pico-sdk/src/rp2_common/pico_cyw43_driver/cyw43_driver.c.obj
                0x000000001000bbec                cyw43_hal_generate_laa_mac
 .text.cyw43_hal_get_mac
                0x000000001000bc14       0x1c CMakeFiles/pico_webserver.dir/pico-sdk/src/rp2_common/pico_cyw43_driver/cyw43_driver.c.obj
                0x000000001000bc14                cyw43_hal_get_mac
 .text.cyw43_thread_enter
                0x000000001000bc30       0x14 CMakeFiles/pico_webserver.dir/pico-sdk/src/rp2_common/pico_cyw43_driver/cyw43_driver.c.obj
                0x000000001000bc30                cyw43_thread_enter
 .text.cyw43_thread_exit
                0x000000001000bc44       0x14 CMakeFiles/pico_webserver.dir/pico-sdk/src/rp2_common/pico_cyw43_driver/cyw43_driver.c.obj
                0x000000001000bc44                cyw43_thread_exit
 .text.cyw43_await_background_or_timeout_us
                0x000000001000bc58       0x34 CMakeFiles/pico_webserver.dir/pico-sdk/src/rp2_common/pico_cyw43_driver/cyw43_driver.c.obj
                0x000000001000bc58                cyw43_await_background_or_timeout_us
 .text.cyw43_delay_ms
                0x000000001000bc8c       0x44 CMakeFiles/pico_webserver.dir/pico-sdk/src/rp2_common/pico_cyw43_driver/cyw43_driver.c.obj
                0x000000001000bc8c                cyw43_delay_ms
 .text.cyw43_delay_us
                0x000000001000bcd0       0x34 CMakeFiles/pico_webserver.dir/pico-sdk/src/rp2_common/pico_cyw43_driver/cyw43_driver.c.obj
                0x000000001000bcd0                cyw43_delay_us
 .text.cyw43_cb_tcpip_init
                0x000000001000bd04        0x4 CMakeFiles/pico_webserver.dir/pico-sdk/src/rp2_common/pico_cyw43_driver/cyw43_driver.c.obj
                0x000000001000bd04                cyw43_cb_tcpip_init
 .text.cyw43_cb_tcpip_deinit
                0x000000001000bd08        0x4 CMakeFiles/pico_webserver.dir/pico-sdk/src/rp2_common/pico_cyw43_driver/cyw43_driver.c.obj
                0x000000001000bd08                cyw43_cb_tcpip_deinit
 .text.handle_sync_func_call
                0x000000001000bd0c       0x24 CMakeFiles/pico_webserver.dir/pico-sdk/src/rp2_common/pico_async_context/async_context_threadsafe_background.c.obj
 .text.async_context_threadsafe_background_acquire_lock_blocking
                0x000000001000bd30        0xc CMakeFiles/pico_webserver.dir/pico-sdk/src/rp2_common/pico_async_context/async_context_threadsafe_background.c.obj
 .text.process_under_lock
                0x000000001000bd3c       0xc8 CMakeFiles/pico_webserver.dir/pico-sdk/src/rp2_common/pico_async_context/async_context_threadsafe_background.c.obj
 .text.async_context_threadsafe_background_deinit
                0x000000001000be04       0x64 CMakeFiles/pico_webserver.dir/pico-sdk/src/rp2_common/pico_async_context/async_context_threadsafe_background.c.obj
 .text.low_priority_irq_handler
                0x000000001000be68       0x3c CMakeFiles/pico_webserver.dir/pico-sdk/src/rp2_common/pico_async_context/async_context_threadsafe_background.c.obj
 .text.async_context_threadsafe_background_wait_for_work_until
                0x000000001000bea4        0xc CMakeFiles/pico_webserver.dir/pico-sdk/src/rp2_common/pico_async_context/async_context_threadsafe_background.c.obj
 .text.async_context_threadsafe_background_wait_until
                0x000000001000beb0       0x1c CMakeFiles/pico_webserver.dir/pico-sdk/src/rp2_common/pico_async_context/async_context_threadsafe_background.c.obj
 .text.async_context_threadsafe_background_lock_check
                0x000000001000becc       0x28 CMakeFiles/pico_webserver.dir/pico-sdk/src/rp2_common/pico_async_context/async_context_threadsafe_background.c.obj
 .text.async_context_threadsafe_background_execute_sync
                0x000000001000bef4       0xe4 CMakeFiles/pico_webserver.dir/pico-sdk/src/rp2_common/pico_async_context/async_context_threadsafe_background.c.obj
                0x000000001000bef4                async_context_threadsafe_background_execute_sync
 .text.async_context_threadsafe_background_set_work_pending
                0x000000001000bfd8       0x50 CMakeFiles/pico_webserver.dir/pico-sdk/src/rp2_common/pico_async_context/async_context_threadsafe_background.c.obj
 .text.alarm_handler
                0x000000001000c028       0x58 CMakeFiles/pico_webserver.dir/pico-sdk/src/rp2_common/pico_async_context/async_context_threadsafe_background.c.obj
 .text.async_context_threadsafe_background_release_lock
                0x000000001000c080       0x7c CMakeFiles/pico_webserver.dir/pico-sdk/src/rp2_common/pico_async_context/async_context_threadsafe_background.c.obj
 .text.async_context_threadsafe_background_when_pending_worker
                0x000000001000c0fc       0x90 CMakeFiles/pico_webserver.dir/pico-sdk/src/rp2_common/pico_async_context/async_context_threadsafe_background.c.obj
 .text.async_context_threadsafe_background_remove_at_time_worker
                0x000000001000c18c       0x90 CMakeFiles/pico_webserver.dir/pico-sdk/src/rp2_common/pico_async_context/async_context_threadsafe_background.c.obj
 .text.async_context_threadsafe_background_add_when_pending_worker
                0x000000001000c21c       0x90 CMakeFiles/pico_webserver.dir/pico-sdk/src/rp2_common/pico_async_context/async_context_threadsafe_background.c.obj
 .text.async_context_threadsafe_background_add_at_time_worker
                0x000000001000c2ac       0x90 CMakeFiles/pico_webserver.dir/pico-sdk/src/rp2_common/pico_async_context/async_context_threadsafe_background.c.obj
 .text.async_context_threadsafe_background_default_config
                0x000000001000c33c        0xc CMakeFiles/pico_webserver.dir/pico-sdk/src/rp2_common/pico_async_context/async_context_threadsafe_background.c.obj
                0x000000001000c33c                async_context_threadsafe_background_default_config
 .text.async_context_threadsafe_background_init
                0x000000001000c348       0xa4 CMakeFiles/pico_webserver.dir/pico-sdk/src/rp2_common/pico_async_context/async_context_threadsafe_background.c.obj
                0x000000001000c348                async_context_threadsafe_background_init
 .text.async_context_base_add_at_time_worker
                0x000000001000c3ec       0x28 CMakeFiles/pico_webserver.dir/pico-sdk/src/rp2_common/pico_async_context/async_context_base.c.obj
                0x000000001000c3ec                async_context_base_add_at_time_worker
 .text.async_context_base_remove_at_time_worker
                0x000000001000c414       0x28 CMakeFiles/pico_webserver.dir/pico-sdk/src/rp2_common/pico_async_context/async_context_base.c.obj
                0x000000001000c414                async_context_base_remove_at_time_worker
 .text.async_context_base_add_when_pending_worker
                0x000000001000c43c       0x24 CMakeFiles/pico_webserver.dir/pico-sdk/src/rp2_common/pico_async_context/async_context_base.c.obj
                0x000000001000c43c                async_context_base_add_when_pending_worker
 .text.async_context_base_remove_when_pending_worker
                0x000000001000c460       0x28 CMakeFiles/pico_webserver.dir/pico-sdk/src/rp2_common/pico_async_context/async_context_base.c.obj
                0x000000001000c460                async_context_base_remove_when_pending_worker
 .text.async_context_base_execute_once
                0x000000001000c488       0xe8 CMakeFiles/pico_webserver.dir/pico-sdk/src/rp2_common/pico_async_context/async_context_base.c.obj
                0x000000001000c488                async_context_base_execute_once
 .text.async_context_base_needs_servicing
                0x000000001000c570       0x54 CMakeFiles/pico_webserver.dir/pico-sdk/src/rp2_common/pico_async_context/async_context_base.c.obj
                0x000000001000c570                async_context_base_needs_servicing
 .text.core1_trampoline
                0x000000001000c5c4        0x4 CMakeFiles/pico_webserver.dir/pico-sdk/src/rp2_common/pico_multicore/multicore.c.obj
 .text.core1_wrapper
                0x000000001000c5c8        0xc CMakeFiles/pico_webserver.dir/pico-sdk/src/rp2_common/pico_multicore/multicore.c.obj
                0x000000001000c5c8                core1_wrapper
 .text.multicore_launch_core1_raw
                0x000000001000c5d4       0x84 CMakeFiles/pico_webserver.dir/pico-sdk/src/rp2_common/pico_multicore/multicore.c.obj
                0x000000001000c5d4                multicore_launch_core1_raw
 .text.multicore_launch_core1
                0x000000001000c658       0x4c CMakeFiles/pico_webserver.dir/pico-sdk/src/rp2_common/pico_multicore/multicore.c.obj
                0x000000001000c658                multicore_launch_core1
 .text          0x000000001000c6a4       0x20 liblwipcore.a(init.c.obj)
                0x000000001000c6a4                lwip_init
 .text          0x000000001000c6c4      0x1e0 liblwipcore.a(def.c.obj)
                0x000000001000c6c4                lwip_htons
                0x000000001000c6cc                lwip_htonl
                0x000000001000c6d0                lwip_strnstr
                0x000000001000c72c                lwip_strnistr
                0x000000001000c7b4                lwip_stricmp
                0x000000001000c7e8                lwip_strnicmp
                0x000000001000c824                lwip_itoa
 .text          0x000000001000c8a4      0x3f0 liblwipcore.a(mem.c.obj)
                0x000000001000c8a4                mem_init
                0x000000001000c8e4                mem_free
                0x000000001000c9fc                mem_trim
                0x000000001000cb34                mem_malloc
                0x000000001000cc6c                mem_calloc
 .text          0x000000001000cc94      0x1a8 liblwipcore.a(memp.c.obj)
                0x000000001000cc94                memp_init_pool
                0x000000001000ccc8                memp_init
                0x000000001000cd58                memp_malloc_pool
                0x000000001000cd98                memp_malloc
                0x000000001000cde4                memp_free_pool
                0x000000001000ce0c                memp_free
 .text          0x000000001000ce3c      0x490 liblwipcore.a(netif.c.obj)
                0x000000001000ce44                netif_init
                0x000000001000ce48                netif_input
                0x000000001000ce60                netif_set_ipaddr
                0x000000001000cebc                netif_set_netmask
                0x000000001000ced8                netif_set_gw
                0x000000001000cef4                netif_set_addr
                0x000000001000cfc0                netif_add
                0x000000001000d070                netif_add_noaddr
                0x000000001000d088                netif_remove
                0x000000001000d100                netif_set_default
                0x000000001000d10c                netif_set_up
                0x000000001000d144                netif_set_down
                0x000000001000d168                netif_set_link_up
                0x000000001000d1a0                netif_set_link_down
                0x000000001000d1b4                netif_name_to_index
                0x000000001000d208                netif_index_to_name
                0x000000001000d250                netif_get_by_index
                0x000000001000d27c                netif_find
 .text          0x000000001000d2cc      0xc68 liblwipcore.a(pbuf.c.obj)
                0x000000001000d2cc                pbuf_free_ooseq
                0x000000001000d300                pbuf_alloc
                0x000000001000d470                pbuf_alloc_reference
                0x000000001000d498                pbuf_realloc
                0x000000001000d554                pbuf_add_header
                0x000000001000d5a0                pbuf_add_header_force
                0x000000001000d5ec                pbuf_remove_header
                0x000000001000d624                pbuf_header
                0x000000001000d690                pbuf_header_force
                0x000000001000d6fc                pbuf_free_header
                0x000000001000d7ac                pbuf_free
                0x000000001000d810                pbuf_clen
                0x000000001000d824                pbuf_ref
                0x000000001000d83c                pbuf_cat
                0x000000001000d868                pbuf_chain
                0x000000001000d8ac                pbuf_dechain
                0x000000001000d938                pbuf_copy_partial_pbuf
                0x000000001000da54                pbuf_copy
                0x000000001000da6c                pbuf_copy_partial
                0x000000001000dadc                pbuf_get_contiguous
                0x000000001000db84                pbuf_skip
                0x000000001000dba8                pbuf_take
                0x000000001000dbfc                pbuf_take_at
                0x000000001000dc98                pbuf_coalesce
                0x000000001000dd50                pbuf_clone
                0x000000001000dd70                pbuf_get_at
                0x000000001000dd90                pbuf_try_get_at
                0x000000001000ddb8                pbuf_put_at
                0x000000001000ddd4                pbuf_memcmp
                0x000000001000de48                pbuf_memfind
                0x000000001000def4                pbuf_strstr
 .text          0x000000001000df34        0x4 liblwipcore.a(stats.c.obj)
                0x000000001000df34                stats_init
 .text          0x000000001000df38     0x18e8 liblwipcore.a(tcp.c.obj)
                0x000000001000e048                tcp_init
                0x000000001000e04c                tcp_free
                0x000000001000e058                tcp_bind
                0x000000001000e150                tcp_bind_netif
                0x000000001000e164                tcp_listen_with_backlog
                0x000000001000e1e8                tcp_listen_with_backlog_and_err
                0x000000001000e288                tcp_update_rcv_ann_wnd
                0x000000001000e2c4                tcp_recved
                0x000000001000e33c                tcp_connect
                0x000000001000e4d0                tcp_slowtmr
                0x000000001000e8d4                tcp_txnow
                0x000000001000e900                tcp_segs_free
                0x000000001000e938                tcp_seg_free
                0x000000001000e954                tcp_setprio
                0x000000001000e95c                tcp_seg_copy
                0x000000001000e97c                tcp_arg
                0x000000001000e984                tcp_recv
                0x000000001000e990                tcp_sent
                0x000000001000e99c                tcp_err
                0x000000001000e9a8                tcp_accept
                0x000000001000e9b8                tcp_poll
                0x000000001000e9c4                tcp_pcb_purge
                0x000000001000e9dc                tcp_pcb_remove
                0x000000001000ea54                tcp_abandon
                0x000000001000ebd0                tcp_abort
                0x000000001000ebec                tcp_alloc
                0x000000001000ede4                tcp_new
                0x000000001000efbc                tcp_new_ip_type
                0x000000001000f2d4                tcp_shutdown
                0x000000001000f334                tcp_recv_null
                0x000000001000f3dc                tcp_process_refused_data
                0x000000001000f4c4                tcp_fasttmr
                0x000000001000f548                tcp_tmr
                0x000000001000f568                tcp_close
                0x000000001000f6c8                tcp_next_iss
                0x000000001000f6e0                tcp_eff_send_mss_netif
                0x000000001000f708                tcp_netif_ip_addr_changed
                0x000000001000f798                tcp_debug_state_str
                0x000000001000f7a8                tcp_tcp_get_tcp_addrinfo
                0x000000001000f7e0                tcp_free_ooseq
 .text          0x000000001000f820     0x1760 liblwipcore.a(tcp_in.c.obj)
                0x00000000100103e8                tcp_input
                0x0000000010010f6c                tcp_trigger_input_pcb_close
 .text          0x0000000010010f80     0x12b4 liblwipcore.a(tcp_out.c.obj)
                0x0000000010011104                tcp_write
                0x00000000100113fc                tcp_split_unsent_seg
                0x0000000010011598                tcp_send_fin
                0x0000000010011678                tcp_enqueue_flags
                0x0000000010011720                tcp_rexmit_rto_prepare
                0x00000000100117ac                tcp_rexmit
                0x000000001001183c                tcp_rexmit_fast
                0x0000000010011894                tcp_rst
                0x0000000010011950                tcp_rst_netif
                0x0000000010011a4c                tcp_send_empty_ack
                0x0000000010011b28                tcp_output
                0x0000000010011f38                tcp_rexmit_rto_commit
                0x0000000010011f4c                tcp_rexmit_rto
                0x0000000010011fe4                tcp_keepalive
                0x00000000100120a8                tcp_zero_window_probe
 .text          0x0000000010012234      0x320 liblwipcore.a(timeouts.c.obj)
                0x0000000010012334                tcp_timer_needed
                0x00000000100123a8                sys_timeouts_init
                0x0000000010012420                sys_timeout
                0x0000000010012464                sys_untimeout
                0x00000000100124a4                sys_check_timeouts
                0x00000000100124fc                sys_restart_timeouts
                0x000000001001252c                sys_timeouts_sleeptime
 .text          0x0000000010012554      0x6c4 liblwipcore.a(udp.c.obj)
                0x0000000010012554                udp_init
                0x0000000010012558                udp_input
                0x0000000010012760                udp_bind
                0x000000001001286c                udp_sendto_if_src
                0x000000001001298c                udp_sendto_if
                0x00000000100129d4                udp_sendto
                0x0000000010012a50                udp_send
                0x0000000010012ac8                udp_bind_netif
                0x0000000010012adc                udp_connect
                0x0000000010012b40                udp_disconnect
                0x0000000010012b58                udp_recv
                0x0000000010012b64                udp_remove
                0x0000000010012ba0                udp_new
                0x0000000010012bbc                udp_new_ip_type
                0x0000000010012bd8                udp_netif_ip_addr_changed
 .text          0x0000000010012c18     0x2a3c liblwipcore.a(etharp.c.obj)
                0x0000000010014dbc                etharp_tmr
                0x0000000010014e50                etharp_cleanup_netif
                0x0000000010014fd8                etharp_find_addr
                0x0000000010015018                etharp_get_entry
                0x000000001001504c                etharp_input
                0x00000000100151ec                etharp_query
                0x0000000010015374                etharp_output
                0x0000000010015590                etharp_request
 .text          0x0000000010015654      0x848 liblwipcore.a(ip4_frag.c.obj)
                0x0000000010015794                ip_reass_tmr
                0x0000000010015834                ip4_reass
                0x0000000010015d3c                ip4_frag
 .text          0x0000000010015e9c      0x748 liblwipcore.a(ip4.c.obj)
                0x0000000010015e9c                ip4_route
                0x0000000010015f1c                ip4_input
                0x00000000100161a0                ip4_output_if
                0x0000000010016308                ip4_output_if_src
                0x0000000010016460                ip4_output
 .text          0x00000000100165e4      0x3bc liblwipcore.a(ip4_addr.c.obj)
                0x00000000100165e4                ip4_addr_isbroadcast_u32
                0x0000000010016620                ip4_addr_netmask_valid
                0x0000000010016650                ip4addr_aton
                0x00000000100167d0                ipaddr_addr
                0x00000000100167ec                ip4addr_ntoa
                0x00000000100168c8                ip4addr_ntoa_r
 .text          0x00000000100169a0      0x13c liblwipcore.a(ethernet.c.obj)
                0x00000000100169a0                ethernet_input
                0x0000000010016a74                ethernet_output
 .text          0x0000000010016adc      0x334 liblwipcore.a(inet_chksum.c.obj)
                0x0000000010016adc                lwip_standard_chksum
                0x0000000010016b5c                inet_chksum_pseudo
                0x0000000010016c10                ip_chksum_pseudo
                0x0000000010016c20                inet_chksum_pseudo_partial
                0x0000000010016d04                ip_chksum_pseudo_partial
                0x0000000010016d18                inet_chksum
                0x0000000010016da4                inet_chksum_pbuf
 .text          0x0000000010016e10       0x18 /usr/lib/gcc/arm-none-eabi/10.3.1/../../../arm-none-eabi/lib/thumb/v6-m/nofp/libc.a(lib_a-atoi.o)
                0x0000000010016e10                atoi
                0x0000000010016e1c                _atoi_r
 .text          0x0000000010016e28       0x18 /usr/lib/gcc/arm-none-eabi/10.3.1/../../../arm-none-eabi/lib/thumb/v6-m/nofp/libc.a(lib_a-calloc.o)
                0x0000000010016e28                calloc
 .text          0x0000000010016e40       0x5c /usr/lib/gcc/arm-none-eabi/10.3.1/../../../arm-none-eabi/lib/thumb/v6-m/nofp/libc.a(lib_a-callocr.o)
                0x0000000010016e40                _calloc_r
 .text          0x0000000010016e9c       0x28 /usr/lib/gcc/arm-none-eabi/10.3.1/../../../arm-none-eabi/lib/thumb/v6-m/nofp/libc.a(lib_a-malloc.o)
                0x0000000010016e9c                malloc
                0x0000000010016eb0                free
 .text          0x0000000010016ec4      0x574 /usr/lib/gcc/arm-none-eabi/10.3.1/../../../arm-none-eabi/lib/thumb/v6-m/nofp/libc.a(lib_a-mallocr.o)
                0x0000000010016ec4                _malloc_r
 .text          0x0000000010017438        0x8 /usr/lib/gcc/arm-none-eabi/10.3.1/../../../arm-none-eabi/lib/thumb/v6-m/nofp/libc.a(lib_a-mlock.o)
                0x0000000010017438                __malloc_lock