Archive member included to satisfy reference by file (symbol)

/usr/lib/gcc/arm-none-eabi/10.3.1/thumb/v6-m/nofp/libgcc.a(_dvmd_tls.o)
                              CMakeFiles/pico_webserver.dir/pico-sdk/src/rp2_common/pico_divider/divider.S.obj (__aeabi_idiv0)
/usr/lib/gcc/arm-none-eabi/10.3.1/../../../arm-none-eabi/lib/thumb/v6-m/nofp/libc.a(lib_a-atexit.o)
                              /usr/lib/gcc/arm-none-eabi/10.3.1/../../../arm-none-eabi/lib/thumb/v6-m/nofp/crt0.o (atexit)
/usr/lib/gcc/arm-none-eabi/10.3.1/../../../arm-none-eabi/lib/thumb/v6-m/nofp/libc.a(lib_a-atoi.o)
                              CMakeFiles/pico_webserver.dir/pico-sdk/lib/lwip/src/core/netif.c.obj (atoi)
/usr/lib/gcc/arm-none-eabi/10.3.1/../../../arm-none-eabi/lib/thumb/v6-m/nofp/libc.a(lib_a-calloc.o)
                              CMakeFiles/pico_webserver.dir/pico-sdk/src/rp2_common/pico_malloc/pico_malloc.c.obj (calloc)
/usr/lib/gcc/arm-none-eabi/10.3.1/../../../arm-none-eabi/lib/thumb/v6-m/nofp/libc.a(lib_a-callocr.o)
                              /usr/lib/gcc/arm-none-eabi/10.3.1/../../../arm-none-eabi/lib/thumb/v6-m/nofp/libc.a(lib_a-calloc.o) (_calloc_r)
/usr/lib/gcc/arm-none-eabi/10.3.1/../../../arm-none-eabi/lib/thumb/v6-m/nofp/libc.a(lib_a-ctype_.o)
                              CMakeFiles/pico_webserver.dir/pico-sdk/lib/lwip/src/core/ipv4/ip4_addr.c.obj (_ctype_)
/usr/lib/gcc/arm-none-eabi/10.3.1/../../../arm-none-eabi/lib/thumb/v6-m/nofp/libc.a(lib_a-fini.o)
                              /usr/lib/gcc/arm-none-eabi/10.3.1/../../../arm-none-eabi/lib/thumb/v6-m/nofp/crt0.o (__libc_fini_array)
/usr/lib/gcc/arm-none-eabi/10.3.1/../../../arm-none-eabi/lib/thumb/v6-m/nofp/libc.a(lib_a-impure.o)
                              /usr/lib/gcc/arm-none-eabi/10.3.1/../../../arm-none-eabi/lib/thumb/v6-m/nofp/libc.a(lib_a-calloc.o) (_impure_ptr)
/usr/lib/gcc/arm-none-eabi/10.3.1/../../../arm-none-eabi/lib/thumb/v6-m/nofp/libc.a(lib_a-init.o)
                              /usr/lib/gcc/arm-none-eabi/10.3.1/../../../arm-none-eabi/lib/thumb/v6-m/nofp/crt0.o (__libc_init_array)
/usr/lib/gcc/arm-none-eabi/10.3.1/../../../arm-none-eabi/lib/thumb/v6-m/nofp/libc.a(lib_a-malloc.o)
                              CMakeFiles/pico_webserver.dir/pico-sdk/src/rp2_common/pico_malloc/pico_malloc.c.obj (malloc)
/usr/lib/gcc/arm-none-eabi/10.3.1/../../../arm-none-eabi/lib/thumb/v6-m/nofp/libc.a(lib_a-mallocr.o)
                              /usr/lib/gcc/arm-none-eabi/10.3.1/../../../arm-none-eabi/lib/thumb/v6-m/nofp/libc.a(lib_a-callocr.o) (_malloc_r)
/usr/lib/gcc/arm-none-eabi/10.3.1/../../../arm-none-eabi/lib/thumb/v6-m/nofp/libc.a(lib_a-memcmp.o)
                              CMakeFiles/pico_webserver.dir/pico-sdk/lib/tinyusb/lib/networking/dhserver.c.obj (memcmp)
/usr/lib/gcc/arm-none-eabi/10.3.1/../../../arm-none-eabi/lib/thumb/v6-m/nofp/libc.a(lib_a-memmove.o)
                              CMakeFiles/pico_webserver.dir/pico-sdk/lib/lwip/src/core/def.c.obj (memmove)
/usr/lib/gcc/arm-none-eabi/10.3.1/../../../arm-none-eabi/lib/thumb/v6-m/nofp/libc.a(lib_a-mlock.o)
                              /usr/lib/gcc/arm-none-eabi/10.3.1/../../../arm-none-eabi/lib/thumb/v6-m/nofp/libc.a(lib_a-mallocr.o) (__malloc_lock)
/usr/lib/gcc/arm-none-eabi/10.3.1/../../../arm-none-eabi/lib/thumb/v6-m/nofp/libc.a(lib_a-rand.o)
                              CMakeFiles/pico_webserver.dir/ssi.cpp.obj (rand)
/usr/lib/gcc/arm-none-eabi/10.3.1/../../../arm-none-eabi/lib/thumb/v6-m/nofp/libc.a(lib_a-realloc.o)
                              CMakeFiles/pico_webserver.dir/pico-sdk/src/rp2_common/pico_malloc/pico_malloc.c.obj (realloc)
/usr/lib/gcc/arm-none-eabi/10.3.1/../../../arm-none-eabi/lib/thumb/v6-m/nofp/libc.a(lib_a-reallocr.o)
                              /usr/lib/gcc/arm-none-eabi/10.3.1/../../../arm-none-eabi/lib/thumb/v6-m/nofp/libc.a(lib_a-realloc.o) (_realloc_r)
/usr/lib/gcc/arm-none-eabi/10.3.1/../../../arm-none-eabi/lib/thumb/v6-m/nofp/libc.a(lib_a-sbrkr.o)
                              /usr/lib/gcc/arm-none-eabi/10.3.1/../../../arm-none-eabi/lib/thumb/v6-m/nofp/libc.a(lib_a-mallocr.o) (_sbrk_r)
/usr/lib/gcc/arm-none-eabi/10.3.1/../../../arm-none-eabi/lib/thumb/v6-m/nofp/libc.a(lib_a-strchr.o)
                              CMakeFiles/pico_webserver.dir/pico-sdk/lib/lwip/src/apps/http/httpd.c.obj (strchr)
/usr/lib/gcc/arm-none-eabi/10.3.1/../../../arm-none-eabi/lib/thumb/v6-m/nofp/libc.a(lib_a-strcmp.o)
                              CMakeFiles/pico_webserver.dir/cgi.cpp.obj (strcmp)
/usr/lib/gcc/arm-none-eabi/10.3.1/../../../arm-none-eabi/lib/thumb/v6-m/nofp/libc.a(lib_a-strlen-stub.o)
                              CMakeFiles/pico_webserver.dir/usb_descriptors.c.obj (strlen)
/usr/lib/gcc/arm-none-eabi/10.3.1/../../../arm-none-eabi/lib/thumb/v6-m/nofp/libc.a(lib_a-strncmp.o)
                              CMakeFiles/pico_webserver.dir/pico-sdk/lib/lwip/src/core/def.c.obj (strncmp)
[...]
Memory Configuration

Name             Origin             Length             Attributes
FLASH            0x0000000010000000 0x0000000000200000 xr
RAM              0x0000000020000000 0x0000000000040000 xrw
SCRATCH_X        0x0000000020040000 0x0000000000001000 xrw
SCRATCH_Y        0x0000000020041000 0x0000000000001000 xrw
*default*        0x0000000000000000 0xffffffffffffffff

Linker script and memory map

LOAD /usr/lib/gcc/arm-none-eabi/10.3.1/thumb/v6-m/nofp/crti.o
LOAD /usr/lib/gcc/arm-none-eabi/10.3.1/thumb/v6-m/nofp/crtbegin.o
LOAD /usr/lib/gcc/arm-none-eabi/10.3.1/../../../arm-none-eabi/lib/thumb/v6-m/nofp/crt0.o

.flash_begin    0x0000000010000000        0x0
                0x0000000010000000                __flash_binary_start = .

.boot2          0x0000000010000000      0x100
                0x0000000010000000                __boot2_start__ = .
 *(.boot2)
 .boot2         0x0000000010000000      0x100 /tmp/ccSszsOO.o
                0x0000000010000100                __boot2_end__ = .
                0x0000000000000001                ASSERT (((__boot2_end__ - __boot2_start__) == 0x100), ERROR: Pico second stage bootloader must be 256 bytes in size)

.text           0x0000000010000100    0x189b0
                0x0000000010000100                __logical_binary_start = .
 *(.vectors)
 .vectors       0x0000000010000100       0xd4 CMakeFiles/pico_webserver.dir/pico-sdk/src/rp2_common/pico_standard_link/crt0.S.obj
                0x0000000010000100                __vectors
                0x0000000010000100                __VECTOR_TABLE
                0x00000000100001c0                isr_invalid
                0x00000000100001c0                __default_isrs_start
                0x00000000100001c2                isr_nmi
                0x00000000100001c4                isr_hardfault
                0x00000000100001c6                isr_svcall
                0x00000000100001c8                isr_pendsv
                0x00000000100001ca                isr_systick
                0x00000000100001cc                isr_irq30
                0x00000000100001cc                __unhandled_user_irq
                0x00000000100001cc                isr_irq13
                0x00000000100001cc                isr_irq27
                0x00000000100001cc                isr_irq31
                0x00000000100001cc                isr_irq5
                0x00000000100001cc                isr_irq11
                0x00000000100001cc                isr_irq23
                0x00000000100001cc                isr_irq18
                0x00000000100001cc                isr_irq28
                0x00000000100001cc                isr_irq19
                0x00000000100001cc                isr_irq0
                0x00000000100001cc                isr_irq6
                0x00000000100001cc                isr_irq22
                0x00000000100001cc                isr_irq17
                0x00000000100001cc                isr_irq14
                0x00000000100001cc                isr_irq2
                0x00000000100001cc                isr_irq10
                0x00000000100001cc                isr_irq8
                0x00000000100001cc                isr_irq24
                0x00000000100001cc                isr_irq1
                0x00000000100001cc                isr_irq7
                0x00000000100001cc                isr_irq21
                0x00000000100001cc                isr_irq20
                0x00000000100001cc                isr_irq15
                0x00000000100001cc                isr_irq25
                0x00000000100001cc                isr_irq4
                0x00000000100001cc                isr_irq16
                0x00000000100001cc                isr_irq29
                0x00000000100001cc                isr_irq26
                0x00000000100001cc                __default_isrs_end
                0x00000000100001cc                isr_irq3
                0x00000000100001cc                isr_irq12
                0x00000000100001cc                isr_irq9
                0x00000000100001d2                unhandled_user_irq_num_in_r0
 *(.binary_info_header)
 .binary_info_header
                0x00000000100001d4       0x14 CMakeFiles/pico_webserver.dir/pico-sdk/src/rp2_common/pico_standard_link/crt0.S.obj
                0x00000000100001e8                __binary_info_header_end = .
 *(.reset)
 .reset         0x00000000100001e8       0xa0 CMakeFiles/pico_webserver.dir/pico-sdk/src/rp2_common/pico_standard_link/crt0.S.obj
                0x00000000100001e8                _entry_point
 .reset         0x0000000010000288       0x30 CMakeFiles/pico_webserver.dir/pico-sdk/src/rp2_common/pico_standard_link/binary_info.c.obj
 *(.init)
 .init          0x00000000100002b8        0x4 /usr/lib/gcc/arm-none-eabi/10.3.1/thumb/v6-m/nofp/crti.o
                0x00000000100002b8                _init
 *(EXCLUDE_FILE(*libm.a: *libc.a:*lib_a-mem*.o *libgcc.a:) .text*)
 .text          0x00000000100002bc       0x98 /usr/lib/gcc/arm-none-eabi/10.3.1/thumb/v6-m/nofp/crtbegin.o
 .text.core1_entry
                0x0000000010000354       0x38 CMakeFiles/pico_webserver.dir/webserver.c.obj
                0x0000000010000354                core1_entry
 .text.cgi_toggle_led
                0x000000001000038c       0x20 CMakeFiles/pico_webserver.dir/webserver.c.obj
 .text.cgi_reset_usb_boot
                0x00000000100003ac       0x14 CMakeFiles/pico_webserver.dir/webserver.c.obj
 .text.startup.main
                0x00000000100003c0       0x74 CMakeFiles/pico_webserver.dir/webserver.c.obj
                0x00000000100003c0                main
 .text.netif_init_cb
                0x0000000010000434       0x30 CMakeFiles/pico_webserver.dir/tusb_lwip_glue.c.obj
 .text.output_fn
                0x0000000010000464        0x8 CMakeFiles/pico_webserver.dir/tusb_lwip_glue.c.obj
 .text.linkoutput_fn
                0x000000001000046c       0x3c CMakeFiles/pico_webserver.dir/tusb_lwip_glue.c.obj
 .text.init_lwip
                0x00000000100004a8       0x60 CMakeFiles/pico_webserver.dir/tusb_lwip_glue.c.obj
                0x00000000100004a8                init_lwip
 .text.tud_network_init_cb
                0x0000000010000508       0x18 CMakeFiles/pico_webserver.dir/tusb_lwip_glue.c.obj
                0x0000000010000508                tud_network_init_cb
 .text.tud_network_recv_cb
                0x0000000010000520       0x3c CMakeFiles/pico_webserver.dir/tusb_lwip_glue.c.obj
                0x0000000010000520                tud_network_recv_cb
 .text.tud_network_xmit_cb
                0x000000001000055c       0x30 CMakeFiles/pico_webserver.dir/tusb_lwip_glue.c.obj
                0x000000001000055c                tud_network_xmit_cb
 .text.service_traffic
                0x000000001000058c       0x2c CMakeFiles/pico_webserver.dir/tusb_lwip_glue.c.obj
                0x000000001000058c                service_traffic
 .text.dhcpd_init
                0x00000000100005b8       0x14 CMakeFiles/pico_webserver.dir/tusb_lwip_glue.c.obj
                0x00000000100005b8                dhcpd_init
 .text.wait_for_netif_is_up
                0x00000000100005cc       0x14 CMakeFiles/pico_webserver.dir/tusb_lwip_glue.c.obj
                0x00000000100005cc                wait_for_netif_is_up
 .text.tud_descriptor_device_cb
                0x00000000100005e0        0x8 CMakeFiles/pico_webserver.dir/usb_descriptors.c.obj
                0x00000000100005e0                tud_descriptor_device_cb
 .text.tud_descriptor_configuration_cb
                0x00000000100005e8       0x14 CMakeFiles/pico_webserver.dir/usb_descriptors.c.obj
                0x00000000100005e8                tud_descriptor_configuration_cb
 .text.tud_descriptor_string_cb
                0x00000000100005fc      0x17c CMakeFiles/pico_webserver.dir/usb_descriptors.c.obj
                0x00000000100005fc                tud_descriptor_string_cb
 .text.fill_options
                0x0000000010000778       0xdc CMakeFiles/pico_webserver.dir/pico-sdk/lib/tinyusb/lib/networking/dhserver.c.obj
                0x0000000010000778                fill_options
 .text.udp_recv_proc
                0x0000000010000854      0x2e4 CMakeFiles/pico_webserver.dir/pico-sdk/lib/tinyusb/lib/networking/dhserver.c.obj
 .text.dhserv_init
                0x0000000010000b38       0x64 CMakeFiles/pico_webserver.dir/pico-sdk/lib/tinyusb/lib/networking/dhserver.c.obj
                0x0000000010000b38                dhserv_init
 .text.rndis_class_set_handler
                0x0000000010000b9c      0x2d4 CMakeFiles/pico_webserver.dir/pico-sdk/lib/tinyusb/lib/networking/rndis_reports.c.obj
                0x0000000010000b9c                rndis_class_set_handler
 .text.set_sys_clock_pll
                0x0000000010000e70       0x78 CMakeFiles/pico_webserver.dir/pico-sdk/src/rp2_common/pico_stdlib/stdlib.c.obj
                0x0000000010000e70                set_sys_clock_pll
 .text.check_sys_clock_khz
                0x0000000010000ee8      0x17c CMakeFiles/pico_webserver.dir/pico-sdk/src/rp2_common/pico_stdlib/stdlib.c.obj
                0x0000000010000ee8                check_sys_clock_khz
 .text.gpio_set_function
                0x0000000010001064       0x30 CMakeFiles/pico_webserver.dir/pico-sdk/src/rp2_common/hardware_gpio/gpio.c.obj
                0x0000000010001064                gpio_set_function
 .text.gpio_set_pulls
                0x0000000010001094       0x30 CMakeFiles/pico_webserver.dir/pico-sdk/src/rp2_common/hardware_gpio/gpio.c.obj
                0x0000000010001094                gpio_set_pulls
 .text.gpio_set_input_hysteresis_enabled
                0x00000000100010c4       0x28 CMakeFiles/pico_webserver.dir/pico-sdk/src/rp2_common/hardware_gpio/gpio.c.obj
                0x00000000100010c4                gpio_set_input_hysteresis_enabled
 .text.gpio_set_irq_enabled
                0x00000000100010ec       0x54 CMakeFiles/pico_webserver.dir/pico-sdk/src/rp2_common/hardware_gpio/gpio.c.obj
                0x00000000100010ec                gpio_set_irq_enabled
 .text.gpio_add_raw_irq_handler_with_order_priority_masked
                0x0000000010001140       0x44 CMakeFiles/pico_webserver.dir/pico-sdk/src/rp2_common/hardware_gpio/gpio.c.obj
                0x0000000010001140                gpio_add_raw_irq_handler_with_order_priority_masked
 .text.gpio_remove_raw_irq_handler_masked
                0x0000000010001184       0x20 CMakeFiles/pico_webserver.dir/pico-sdk/src/rp2_common/hardware_gpio/gpio.c.obj
                0x0000000010001184                gpio_remove_raw_irq_handler_masked
 .text.gpio_init
                0x00000000100011a4       0x3c CMakeFiles/pico_webserver.dir/pico-sdk/src/rp2_common/hardware_gpio/gpio.c.obj
                0x00000000100011a4                gpio_init
 .text.running_on_fpga
                0x00000000100011e0       0x10 CMakeFiles/pico_webserver.dir/pico-sdk/src/rp2_common/pico_platform/platform.c.obj
                0x00000000100011e0                running_on_fpga
 .text.hw_claim_lock
                0x00000000100011f0       0x18 CMakeFiles/pico_webserver.dir/pico-sdk/src/rp2_common/hardware_claim/claim.c.obj
                0x00000000100011f0                hw_claim_lock
 .text.hw_claim_unlock
                0x0000000010001208       0x14 CMakeFiles/pico_webserver.dir/pico-sdk/src/rp2_common/hardware_claim/claim.c.obj
                0x0000000010001208                hw_claim_unlock
 .text.hw_claim_or_assert
                0x000000001000121c       0x44 CMakeFiles/pico_webserver.dir/pico-sdk/src/rp2_common/hardware_claim/claim.c.obj
                0x000000001000121c                hw_claim_or_assert
 .text.hw_claim_unused_from_range
                0x0000000010001260       0x9c CMakeFiles/pico_webserver.dir/pico-sdk/src/rp2_common/hardware_claim/claim.c.obj
                0x0000000010001260                hw_claim_unused_from_range
 .text.hw_claim_clear
                0x00000000100012fc       0x38 CMakeFiles/pico_webserver.dir/pico-sdk/src/rp2_common/hardware_claim/claim.c.obj
                0x00000000100012fc                hw_claim_clear
 .text.spin_locks_reset
                0x0000000010001334       0x1c CMakeFiles/pico_webserver.dir/pico-sdk/src/rp2_common/hardware_sync/sync.c.obj
                0x0000000010001334                spin_locks_reset
 .text.next_striped_spin_lock_num
                0x0000000010001350       0x18 CMakeFiles/pico_webserver.dir/pico-sdk/src/rp2_common/hardware_sync/sync.c.obj
                0x0000000010001350                next_striped_spin_lock_num
 .text.spin_lock_claim_unused
                0x0000000010001368       0x20 CMakeFiles/pico_webserver.dir/pico-sdk/src/rp2_common/hardware_sync/sync.c.obj
                0x0000000010001368                spin_lock_claim_unused
 .text.irq_set_enabled
                0x0000000010001388       0x24 CMakeFiles/pico_webserver.dir/pico-sdk/src/rp2_common/hardware_irq/irq.c.obj
                0x0000000010001388                irq_set_enabled
 .text.irq_is_enabled
                0x00000000100013ac       0x18 CMakeFiles/pico_webserver.dir/pico-sdk/src/rp2_common/hardware_irq/irq.c.obj
                0x00000000100013ac                irq_is_enabled
 .text.irq_set_pending
                0x00000000100013c4       0x10 CMakeFiles/pico_webserver.dir/pico-sdk/src/rp2_common/hardware_irq/irq.c.obj
                0x00000000100013c4                irq_set_pending
 .text.irq_get_vtable_handler
                0x00000000100013d4       0x10 CMakeFiles/pico_webserver.dir/pico-sdk/src/rp2_common/hardware_irq/irq.c.obj
                0x00000000100013d4                irq_get_vtable_handler
 .text.irq_set_exclusive_handler
                0x00000000100013e4       0x54 CMakeFiles/pico_webserver.dir/pico-sdk/src/rp2_common/hardware_irq/irq.c.obj
                0x00000000100013e4                irq_set_exclusive_handler
 .text.irq_add_shared_handler
                0x0000000010001438      0x1e8 CMakeFiles/pico_webserver.dir/pico-sdk/src/rp2_common/hardware_irq/irq.c.obj
                0x0000000010001438                irq_add_shared_handler
 .text.irq_remove_handler
                0x0000000010001620      0x1b0 CMakeFiles/pico_webserver.dir/pico-sdk/src/rp2_common/hardware_irq/irq.c.obj
                0x0000000010001620                irq_remove_handler
 .text.irq_set_priority
                0x00000000100017d0       0x28 CMakeFiles/pico_webserver.dir/pico-sdk/src/rp2_common/hardware_irq/irq.c.obj
                0x00000000100017d0                irq_set_priority
 .text.irq_add_tail_to_free_list
                0x00000000100017f8       0xb4 CMakeFiles/pico_webserver.dir/pico-sdk/src/rp2_common/hardware_irq/irq.c.obj
                0x00000000100017f8                irq_add_tail_to_free_list
 .text.irq_init_priorities
                0x00000000100018ac       0x24 CMakeFiles/pico_webserver.dir/pico-sdk/src/rp2_common/hardware_irq/irq.c.obj
                0x00000000100018ac                irq_init_priorities
 .text.user_irq_unclaim
                0x00000000100018d0       0x14 CMakeFiles/pico_webserver.dir/pico-sdk/src/rp2_common/hardware_irq/irq.c.obj
                0x00000000100018d0                user_irq_unclaim
 .text.user_irq_claim_unused
                0x00000000100018e4       0x28 CMakeFiles/pico_webserver.dir/pico-sdk/src/rp2_common/hardware_irq/irq.c.obj
                0x00000000100018e4                user_irq_claim_unused
 .text.sem_init
                0x000000001000190c       0x20 CMakeFiles/pico_webserver.dir/pico-sdk/src/common/pico_sync/sem.c.obj
                0x000000001000190c                sem_init
 .text.lock_init
                0x000000001000192c       0x10 CMakeFiles/pico_webserver.dir/pico-sdk/src/common/pico_sync/lock_core.c.obj
                0x000000001000192c                lock_init
 .text.mutex_init
                0x000000001000193c       0x1c CMakeFiles/pico_webserver.dir/pico-sdk/src/common/pico_sync/mutex.c.obj
                0x000000001000193c                mutex_init
 .text.recursive_mutex_init
                0x0000000010001958       0x1c CMakeFiles/pico_webserver.dir/pico-sdk/src/common/pico_sync/mutex.c.obj
                0x0000000010001958                recursive_mutex_init
 .text.critical_section_init
                0x0000000010001974       0x20 CMakeFiles/pico_webserver.dir/pico-sdk/src/common/pico_sync/critical_section.c.obj
                0x0000000010001974                critical_section_init
 .text.timer_pool_entry_comparator
                0x0000000010001994       0x34 CMakeFiles/pico_webserver.dir/pico-sdk/src/common/pico_time/time.c.obj
                0x0000000010001994                timer_pool_entry_comparator
 .text.sleep_until_callback
                0x00000000100019c8       0x30 CMakeFiles/pico_webserver.dir/pico-sdk/src/common/pico_time/time.c.obj
 .text.add_alarm_under_lock.isra.0
                0x00000000100019f8      0x100 CMakeFiles/pico_webserver.dir/pico-sdk/src/common/pico_time/time.c.obj
 .text.alarm_pool_alarm_callback
                0x0000000010001af8      0x1bc CMakeFiles/pico_webserver.dir/pico-sdk/src/common/pico_time/time.c.obj
 .text.alarm_pool_init_default
                0x0000000010001cb4       0x6c CMakeFiles/pico_webserver.dir/pico-sdk/src/common/pico_time/time.c.obj
                0x0000000010001cb4                alarm_pool_init_default
 .text.alarm_pool_get_default
                0x0000000010001d20        0x8 CMakeFiles/pico_webserver.dir/pico-sdk/src/common/pico_time/time.c.obj
                0x0000000010001d20                alarm_pool_get_default
 .text.alarm_pool_create_with_unused_hardware_alarm
                0x0000000010001d28       0x74 CMakeFiles/pico_webserver.dir/pico-sdk/src/common/pico_time/time.c.obj
                0x0000000010001d28                alarm_pool_create_with_unused_hardware_alarm
 .text.alarm_pool_destroy
                0x0000000010001d9c       0x44 CMakeFiles/pico_webserver.dir/pico-sdk/src/common/pico_time/time.c.obj
                0x0000000010001d9c                alarm_pool_destroy
 .text.alarm_pool_add_alarm_at
                0x0000000010001de0      0x178 CMakeFiles/pico_webserver.dir/pico-sdk/src/common/pico_time/time.c.obj
                0x0000000010001de0                alarm_pool_add_alarm_at
 .text.alarm_pool_add_alarm_at_force_in_context
                0x0000000010001f58      0x124 CMakeFiles/pico_webserver.dir/pico-sdk/src/common/pico_time/time.c.obj
                0x0000000010001f58                alarm_pool_add_alarm_at_force_in_context
 .text.alarm_pool_cancel_alarm
                0x000000001000207c       0x78 CMakeFiles/pico_webserver.dir/pico-sdk/src/common/pico_time/time.c.obj
                0x000000001000207c                alarm_pool_cancel_alarm
 .text.alarm_pool_core_num
                0x00000000100020f4        0x4 CMakeFiles/pico_webserver.dir/pico-sdk/src/common/pico_time/time.c.obj
                0x00000000100020f4                alarm_pool_core_num
 .text.sleep_until
                0x00000000100020f8       0xc4 CMakeFiles/pico_webserver.dir/pico-sdk/src/common/pico_time/time.c.obj
                0x00000000100020f8                sleep_until
 .text.sleep_ms
                0x00000000100021bc       0x34 CMakeFiles/pico_webserver.dir/pico-sdk/src/common/pico_time/time.c.obj
                0x00000000100021bc                sleep_ms
 .text.best_effort_wfe_or_timeout
                0x00000000100021f0       0xd4 CMakeFiles/pico_webserver.dir/pico-sdk/src/common/pico_time/time.c.obj
                0x00000000100021f0                best_effort_wfe_or_timeout
 .text.hardware_alarm_irq_handler
                0x00000000100022c4       0xbc CMakeFiles/pico_webserver.dir/pico-sdk/src/rp2_common/hardware_timer/timer.c.obj
 .text.hardware_alarm_claim
                0x0000000010002380       0x18 CMakeFiles/pico_webserver.dir/pico-sdk/src/rp2_common/hardware_timer/timer.c.obj
                0x0000000010002380                hardware_alarm_claim
 .text.hardware_alarm_unclaim
                0x0000000010002398       0x10 CMakeFiles/pico_webserver.dir/pico-sdk/src/rp2_common/hardware_timer/timer.c.obj
                0x0000000010002398                hardware_alarm_unclaim
 .text.hardware_alarm_claim_unused
                0x00000000100023a8       0x20 CMakeFiles/pico_webserver.dir/pico-sdk/src/rp2_common/hardware_timer/timer.c.obj
                0x00000000100023a8                hardware_alarm_claim_unused
 .text.time_us_64
                0x00000000100023c8       0x14 CMakeFiles/pico_webserver.dir/pico-sdk/src/rp2_common/hardware_timer/timer.c.obj
                0x00000000100023c8                time_us_64
 .text.busy_wait_until
                0x00000000100023dc       0x20 CMakeFiles/pico_webserver.dir/pico-sdk/src/rp2_common/hardware_timer/timer.c.obj
                0x00000000100023dc                busy_wait_until
 .text.hardware_alarm_set_callback
                0x00000000100023fc       0x8c CMakeFiles/pico_webserver.dir/pico-sdk/src/rp2_common/hardware_timer/timer.c.obj
                0x00000000100023fc                hardware_alarm_set_callback
 .text.hardware_alarm_set_target
                0x0000000010002488       0xd4 CMakeFiles/pico_webserver.dir/pico-sdk/src/rp2_common/hardware_timer/timer.c.obj
                0x0000000010002488                hardware_alarm_set_target
 .text.hardware_alarm_cancel
                0x000000001000255c       0x3c CMakeFiles/pico_webserver.dir/pico-sdk/src/rp2_common/hardware_timer/timer.c.obj
                0x000000001000255c                hardware_alarm_cancel
 .text.hardware_alarm_force_irq
                0x0000000010002598       0x3c CMakeFiles/pico_webserver.dir/pico-sdk/src/rp2_common/hardware_timer/timer.c.obj
                0x0000000010002598                hardware_alarm_force_irq
 .text.ph_merge_nodes
                0x00000000100025d4       0x68 CMakeFiles/pico_webserver.dir/pico-sdk/src/common/pico_util/pheap.c.obj
 .text.ph_create
                0x000000001000263c       0x60 CMakeFiles/pico_webserver.dir/pico-sdk/src/common/pico_util/pheap.c.obj
                0x000000001000263c                ph_create
 .text.ph_post_alloc_init
                0x000000001000269c       0x3c CMakeFiles/pico_webserver.dir/pico-sdk/src/common/pico_util/pheap.c.obj
                0x000000001000269c                ph_post_alloc_init
 .text.ph_destroy
                0x00000000100026d8       0x14 CMakeFiles/pico_webserver.dir/pico-sdk/src/common/pico_util/pheap.c.obj
                0x00000000100026d8                ph_destroy
 .text.ph_merge_two_pass
                0x00000000100026ec       0x90 CMakeFiles/pico_webserver.dir/pico-sdk/src/common/pico_util/pheap.c.obj
                0x00000000100026ec                ph_merge_two_pass
 .text.ph_remove_any_head
                0x000000001000277c      0x100 CMakeFiles/pico_webserver.dir/pico-sdk/src/common/pico_util/pheap.c.obj
 .text.ph_remove_head
                0x000000001000287c      0x104 CMakeFiles/pico_webserver.dir/pico-sdk/src/common/pico_util/pheap.c.obj
                0x000000001000287c                ph_remove_head
 .text.ph_remove_and_free_node
                0x0000000010002980       0x7c CMakeFiles/pico_webserver.dir/pico-sdk/src/common/pico_util/pheap.c.obj
                0x0000000010002980                ph_remove_and_free_node
 .text.clock_configure
                0x00000000100029fc      0x118 CMakeFiles/pico_webserver.dir/pico-sdk/src/rp2_common/hardware_clocks/clocks.c.obj
                0x00000000100029fc                clock_configure
 .text.clocks_init
                0x0000000010002b14      0x2d0 CMakeFiles/pico_webserver.dir/pico-sdk/src/rp2_common/hardware_clocks/clocks.c.obj
                0x0000000010002b14                clocks_init
 .text.clock_get_hz
                0x0000000010002de4        0xc CMakeFiles/pico_webserver.dir/pico-sdk/src/rp2_common/hardware_clocks/clocks.c.obj
                0x0000000010002de4                clock_get_hz
 .text.pll_init
                0x0000000010002df0       0xa0 CMakeFiles/pico_webserver.dir/pico-sdk/src/rp2_common/hardware_pll/pll.c.obj
                0x0000000010002df0                pll_init
 .text.watchdog_start_tick
                0x0000000010002e90       0x10 CMakeFiles/pico_webserver.dir/pico-sdk/src/rp2_common/hardware_watchdog/watchdog.c.obj
                0x0000000010002e90                watchdog_start_tick
 .text.xosc_init
                0x0000000010002ea0       0x28 CMakeFiles/pico_webserver.dir/pico-sdk/src/rp2_common/hardware_xosc/xosc.c.obj
                0x0000000010002ea0                xosc_init
 .text.runtime_init
                0x0000000010002ec8       0xf0 CMakeFiles/pico_webserver.dir/pico-sdk/src/rp2_common/pico_runtime/runtime.c.obj
                0x0000000010002ec8                runtime_init
 .text._exit    0x0000000010002fb8       0x14 CMakeFiles/pico_webserver.dir/pico-sdk/src/rp2_common/pico_runtime/runtime.c.obj
                0x0000000010002fb8                _exit
 .text._sbrk    0x0000000010002fcc       0x34 CMakeFiles/pico_webserver.dir/pico-sdk/src/rp2_common/pico_runtime/runtime.c.obj
                0x0000000010002fcc                _sbrk
 .text.exit     0x0000000010003000        0x8 CMakeFiles/pico_webserver.dir/pico-sdk/src/rp2_common/pico_runtime/runtime.c.obj
                0x0000000010003000                exit
 .text.panic    0x0000000010003008       0x30 CMakeFiles/pico_webserver.dir/pico-sdk/src/rp2_common/pico_runtime/runtime.c.obj
                0x0000000010003008                panic
 .text.hard_assertion_failure
                0x0000000010003038        0xc CMakeFiles/pico_webserver.dir/pico-sdk/src/rp2_common/pico_runtime/runtime.c.obj
                0x0000000010003038                hard_assertion_failure
 .text._out_null
                0x0000000010003044        0x4 CMakeFiles/pico_webserver.dir/pico-sdk/src/rp2_common/pico_printf/printf.c.obj
 .text._out_rev
                0x0000000010003048       0x9c CMakeFiles/pico_webserver.dir/pico-sdk/src/rp2_common/pico_printf/printf.c.obj
 .text._ntoa_format
                0x00000000100030e4      0x1cc CMakeFiles/pico_webserver.dir/pico-sdk/src/rp2_common/pico_printf/printf.c.obj
 .text._out_char
                0x00000000100032b0       0x10 CMakeFiles/pico_webserver.dir/pico-sdk/src/rp2_common/pico_printf/printf.c.obj
 .text._out_fct
                0x00000000100032c0       0x10 CMakeFiles/pico_webserver.dir/pico-sdk/src/rp2_common/pico_printf/printf.c.obj
 .text._etoa    0x00000000100032d0      0x44c CMakeFiles/pico_webserver.dir/pico-sdk/src/rp2_common/pico_printf/printf.c.obj
 .text._ftoa    0x000000001000371c      0x398 CMakeFiles/pico_webserver.dir/pico-sdk/src/rp2_common/pico_printf/printf.c.obj
 .text._vsnprintf
                0x0000000010003ab4      0xb04 CMakeFiles/pico_webserver.dir/pico-sdk/src/rp2_common/pico_printf/printf.c.obj
 .text.vfctprintf
                0x00000000100045b8       0x20 CMakeFiles/pico_webserver.dir/pico-sdk/src/rp2_common/pico_printf/printf.c.obj
                0x00000000100045b8                vfctprintf
 .text.weak_raw_vprintf
                0x00000000100045d8       0x30 CMakeFiles/pico_webserver.dir/pico-sdk/src/rp2_common/pico_printf/printf.c.obj
                0x00000000100045d8                weak_raw_vprintf
 .text          0x0000000010004608       0x10 CMakeFiles/pico_webserver.dir/pico-sdk/src/rp2_common/pico_bit_ops/bit_ops_aeabi.S.obj
 .text.ctzsi    0x0000000010004618        0xc CMakeFiles/pico_webserver.dir/pico-sdk/src/rp2_common/pico_bit_ops/bit_ops_aeabi.S.obj
                0x0000000010004618                __wrap___ctzsi2
 .text.rom_func_lookup
                0x0000000010004624       0x10 CMakeFiles/pico_webserver.dir/pico-sdk/src/rp2_common/pico_bootrom/bootrom.c.obj
                0x0000000010004624                rom_func_lookup
 .text.rom_data_lookup
                0x0000000010004634       0x10 CMakeFiles/pico_webserver.dir/pico-sdk/src/rp2_common/pico_bootrom/bootrom.c.obj
                0x0000000010004634                rom_data_lookup
 .text.rom_funcs_lookup
                0x0000000010004644       0x44 CMakeFiles/pico_webserver.dir/pico-sdk/src/rp2_common/pico_bootrom/bootrom.c.obj
                0x0000000010004644                rom_funcs_lookup
 .text.__wrap___aeabi_idiv
                0x0000000010004688       0x50 CMakeFiles/pico_webserver.dir/pico-sdk/src/rp2_common/pico_divider/divider.S.obj
                0x0000000010004688                __wrap___aeabi_idivmod
                0x0000000010004688                divmod_s32s32
                0x0000000010004688                div_s32s32
                0x0000000010004688                __wrap___aeabi_idiv
                0x0000000010004690                divmod_s32s32_unsafe
                0x00000000100046bc                divmod_s32s32_savestate
 .text.__wrap___aeabi_uidiv
                0x00000000100046d8       0x4c CMakeFiles/pico_webserver.dir/pico-sdk/src/rp2_common/pico_divider/divider.S.obj
                0x00000000100046d8                __wrap___aeabi_uidiv
                0x00000000100046d8                __wrap___aeabi_uidivmod
                0x00000000100046d8                div_u32u32
                0x00000000100046d8                divmod_u32u32
                0x00000000100046e0                divmod_u32u32_unsafe
                0x0000000010004708                divmod_u32u32_savestate
 .text.__wrap___aeabi_ldiv
                0x0000000010004724      0x424 CMakeFiles/pico_webserver.dir/pico-sdk/src/rp2_common/pico_divider/divider.S.obj
                0x0000000010004724                div_s64s64
                0x0000000010004724                divmod_s64s64
                0x0000000010004724                __wrap___aeabi_ldivmod
                0x0000000010004754                div_u64u64
                0x0000000010004754                divmod_u64u64
                0x0000000010004754                __wrap___aeabi_uldivmod
                0x0000000010004764                divmod_u64u64_savestate
                0x0000000010004784                divmod_s64s64_unsafe
                0x000000001000480c                divmod_u64u64_unsafe
 .text.__wrap___aeabi_darithmetic
                0x0000000010004b48       0x60 CMakeFiles/pico_webserver.dir/pico-sdk/src/rp2_common/pico_double/double_aeabi.S.obj
                0x0000000010004b48                __wrap___aeabi_drsub
                0x0000000010004b4e                __wrap___aeabi_dsub
                0x0000000010004b58                __wrap___aeabi_dadd
                0x0000000010004b62                __wrap___aeabi_ddiv
                0x0000000010004b96                __wrap___aeabi_dmul
 .text.__wrap___aeabi_cdcmple
                0x0000000010004ba8       0x6c CMakeFiles/pico_webserver.dir/pico-sdk/src/rp2_common/pico_double/double_aeabi.S.obj
                0x0000000010004ba8                __wrap___aeabi_cdrcmple
                0x0000000010004bb8                __wrap___aeabi_cdcmple
                0x0000000010004bb8                __wrap___aeabi_cdcmpeq
 .text.__wrap___aeabi_dcmplt
                0x0000000010004c14        0xc CMakeFiles/pico_webserver.dir/pico-sdk/src/rp2_common/pico_double/double_aeabi.S.obj
                0x0000000010004c14                __wrap___aeabi_dcmplt
 .text.__wrap___aeabi_dcmple
                0x0000000010004c20       0x10 CMakeFiles/pico_webserver.dir/pico-sdk/src/rp2_common/pico_double/double_aeabi.S.obj
                0x0000000010004c20                __wrap___aeabi_dcmple
 .text.__wrap___aeabi_dcmpge
                0x0000000010004c30       0x10 CMakeFiles/pico_webserver.dir/pico-sdk/src/rp2_common/pico_double/double_aeabi.S.obj
                0x0000000010004c30                __wrap___aeabi_dcmpge
 .text.__wrap___aeabi_dcmpgt
                0x0000000010004c40        0xa CMakeFiles/pico_webserver.dir/pico-sdk/src/rp2_common/pico_double/double_aeabi.S.obj
                0x0000000010004c40                __wrap___aeabi_dcmpgt
 .text.__wrap___aeabi_dcmpun
                0x0000000010004c4a       0x1c CMakeFiles/pico_webserver.dir/pico-sdk/src/rp2_common/pico_double/double_aeabi.S.obj
                0x0000000010004c4a                __wrap___aeabi_dcmpun
 *fill*         0x0000000010004c66        0x2 
 .text.__wrap___aeabi_i2d
                0x0000000010004c68       0x38 CMakeFiles/pico_webserver.dir/pico-sdk/src/rp2_common/pico_double/double_aeabi.S.obj
                0x0000000010004c68                __wrap___aeabi_ui2d
                0x0000000010004c70                __wrap___aeabi_i2d
 .text.__wrap___aeabi_d2iz
                0x0000000010004ca0       0x48 CMakeFiles/pico_webserver.dir/pico-sdk/src/rp2_common/pico_double/double_aeabi.S.obj
                0x0000000010004ca0                __wrap___aeabi_d2iz
                0x0000000010004ca0                double2int_z
 .text.__wrap___aeabi_d2uiz
                0x0000000010004ce8       0x10 CMakeFiles/pico_webserver.dir/pico-sdk/src/rp2_common/pico_double/double_aeabi.S.obj
                0x0000000010004ce8                double2uint
                0x0000000010004ce8                __wrap___aeabi_d2uiz
 .text.missing_double_func_shim
                0x0000000010004cf8        0xc CMakeFiles/pico_webserver.dir/pico-sdk/src/rp2_common/pico_double/double_init_rom.c.obj
 .text.__aeabi_double_init
                0x0000000010004d04       0x98 CMakeFiles/pico_webserver.dir/pico-sdk/src/rp2_common/pico_double/double_init_rom.c.obj
                0x0000000010004d04                __aeabi_double_init
 .text.double_table_shim_on_use_helper
                0x0000000010004d9c       0x2c CMakeFiles/pico_webserver.dir/pico-sdk/src/rp2_common/pico_double/double_v1_rom_shim.S.obj
                0x0000000010004d9c                double_table_shim_on_use_helper
 .text.__aeabi_lmul
                0x0000000010004dc8       0x32 CMakeFiles/pico_webserver.dir/pico-sdk/src/rp2_common/pico_int64_ops/pico_int64_ops_aeabi.S.obj
                0x0000000010004dc8                __wrap___aeabi_lmul
 *fill*         0x0000000010004dfa        0x2 
 .text.missing_float_func_shim
                0x0000000010004dfc        0xc CMakeFiles/pico_webserver.dir/pico-sdk/src/rp2_common/pico_float/float_init_rom.c.obj
 .text.__aeabi_float_init
                0x0000000010004e08       0x5c CMakeFiles/pico_webserver.dir/pico-sdk/src/rp2_common/pico_float/float_init_rom.c.obj
                0x0000000010004e08                __aeabi_float_init
 .text.__wrap_malloc
                0x0000000010004e64       0x3c CMakeFiles/pico_webserver.dir/pico-sdk/src/rp2_common/pico_malloc/pico_malloc.c.obj
                0x0000000010004e64                __wrap_malloc
 .text.__wrap_calloc
                0x0000000010004ea0       0x40 CMakeFiles/pico_webserver.dir/pico-sdk/src/rp2_common/pico_malloc/pico_malloc.c.obj
                0x0000000010004ea0                __wrap_calloc
 .text.__wrap_free
                0x0000000010004ee0       0x20 CMakeFiles/pico_webserver.dir/pico-sdk/src/rp2_common/pico_malloc/pico_malloc.c.obj
                0x0000000010004ee0                __wrap_free
 .text          0x0000000010004f00       0x10 CMakeFiles/pico_webserver.dir/pico-sdk/src/rp2_common/pico_mem_ops/mem_ops_aeabi.S.obj
                0x0000000010004f00                __aeabi_mem_init
 .text.memset   0x0000000010004f10        0xc CMakeFiles/pico_webserver.dir/pico-sdk/src/rp2_common/pico_mem_ops/mem_ops_aeabi.S.obj
                0x0000000010004f10                __wrap_memset
 .text.memcpy   0x0000000010004f1c        0xc CMakeFiles/pico_webserver.dir/pico-sdk/src/rp2_common/pico_mem_ops/mem_ops_aeabi.S.obj
                0x0000000010004f1c                __wrap___aeabi_memcpy
                0x0000000010004f1c                __wrap_memcpy
 .text.stdio_out_chars_no_crlf
                0x0000000010004f28       0x10 CMakeFiles/pico_webserver.dir/pico-sdk/src/rp2_common/pico_stdio/stdio.c.obj
 .text.stdio_out_chars_crlf
                0x0000000010004f38       0xb4 CMakeFiles/pico_webserver.dir/pico-sdk/src/rp2_common/pico_stdio/stdio.c.obj
 .text.stdio_buffered_printer
                0x0000000010004fec       0x64 CMakeFiles/pico_webserver.dir/pico-sdk/src/rp2_common/pico_stdio/stdio.c.obj
 .text.stdio_put_string.isra.0
                0x0000000010005050       0xfc CMakeFiles/pico_webserver.dir/pico-sdk/src/rp2_common/pico_stdio/stdio.c.obj
 .text.__wrap_putchar
                0x000000001000514c       0x98 CMakeFiles/pico_webserver.dir/pico-sdk/src/rp2_common/pico_stdio/stdio.c.obj
                0x000000001000514c                __wrap_putchar
 .text.__wrap_puts
                0x00000000100051e4       0x3c CMakeFiles/pico_webserver.dir/pico-sdk/src/rp2_common/pico_stdio/stdio.c.obj
                0x00000000100051e4                __wrap_puts
 .text.__wrap_vprintf
                0x0000000010005220       0xd8 CMakeFiles/pico_webserver.dir/pico-sdk/src/rp2_common/pico_stdio/stdio.c.obj
                0x0000000010005220                __wrap_vprintf
 .text.__wrap_printf
                0x00000000100052f8       0x18 CMakeFiles/pico_webserver.dir/pico-sdk/src/rp2_common/pico_stdio/stdio.c.obj
                0x00000000100052f8                __wrap_printf
 .text.startup._retrieve_unique_id_on_boot
                0x0000000010005310       0x10 CMakeFiles/pico_webserver.dir/pico-sdk/src/rp2_common/pico_unique_id/unique_id.c.obj
 .text.pico_get_unique_board_id
                0x0000000010005320       0x10 CMakeFiles/pico_webserver.dir/pico-sdk/src/rp2_common/pico_unique_id/unique_id.c.obj
                0x0000000010005320                pico_get_unique_board_id
 .text.flash_get_unique_id
                0x0000000010005330       0x40 CMakeFiles/pico_webserver.dir/pico-sdk/src/rp2_common/hardware_flash/flash.c.obj
                0x0000000010005330                flash_get_unique_id
 .text.dcd_int_enable
                0x0000000010005370        0xc CMakeFiles/pico_webserver.dir/pico-sdk/lib/tinyusb/src/portable/raspberrypi/rp2040/dcd_rp2040.c.obj
                0x0000000010005370                dcd_int_enable
 .text.dcd_set_address
                0x000000001000537c       0x14 CMakeFiles/pico_webserver.dir/pico-sdk/lib/tinyusb/src/portable/raspberrypi/rp2040/dcd_rp2040.c.obj
                0x000000001000537c                dcd_set_address
 .text.dcd_connect
                0x0000000010005390       0x10 CMakeFiles/pico_webserver.dir/pico-sdk/lib/tinyusb/src/portable/raspberrypi/rp2040/dcd_rp2040.c.obj
                0x0000000010005390                dcd_connect
 .text.dcd_init
                0x00000000100053a0       0x98 CMakeFiles/pico_webserver.dir/pico-sdk/lib/tinyusb/src/portable/raspberrypi/rp2040/dcd_rp2040.c.obj
                0x00000000100053a0                dcd_init
 .text.dcd_edpt0_status_complete
                0x0000000010005438       0x1c CMakeFiles/pico_webserver.dir/pico-sdk/lib/tinyusb/src/portable/raspberrypi/rp2040/dcd_rp2040.c.obj
                0x0000000010005438                dcd_edpt0_status_complete
 .text.dcd_edpt_open
                0x0000000010005454      0x108 CMakeFiles/pico_webserver.dir/pico-sdk/lib/tinyusb/src/portable/raspberrypi/rp2040/dcd_rp2040.c.obj
                0x0000000010005454                dcd_edpt_open
 .text.dcd_edpt_close_all
                0x000000001000555c        0x8 CMakeFiles/pico_webserver.dir/pico-sdk/lib/tinyusb/src/portable/raspberrypi/rp2040/dcd_rp2040.c.obj
                0x000000001000555c                dcd_edpt_close_all
 .text.dcd_edpt_xfer
                0x0000000010005564       0x24 CMakeFiles/pico_webserver.dir/pico-sdk/lib/tinyusb/src/portable/raspberrypi/rp2040/dcd_rp2040.c.obj
                0x0000000010005564                dcd_edpt_xfer
 .text.dcd_edpt_stall
                0x0000000010005588       0x38 CMakeFiles/pico_webserver.dir/pico-sdk/lib/tinyusb/src/portable/raspberrypi/rp2040/dcd_rp2040.c.obj
                0x0000000010005588                dcd_edpt_stall
 .text.dcd_edpt_clear_stall
                0x00000000100055c0       0x30 CMakeFiles/pico_webserver.dir/pico-sdk/lib/tinyusb/src/portable/raspberrypi/rp2040/dcd_rp2040.c.obj
                0x00000000100055c0                dcd_edpt_clear_stall
 .text.rp2040_usb_init
                0x00000000100055f0       0x4c CMakeFiles/pico_webserver.dir/pico-sdk/lib/tinyusb/src/portable/raspberrypi/rp2040/rp2040_usb.c.obj
                0x00000000100055f0                rp2040_usb_init
 .text.hw_endpoint_xfer_start
                0x000000001000563c       0x50 CMakeFiles/pico_webserver.dir/pico-sdk/lib/tinyusb/src/portable/raspberrypi/rp2040/rp2040_usb.c.obj
                0x000000001000563c                hw_endpoint_xfer_start
 .text.tud_mounted
                0x000000001000568c       0x10 CMakeFiles/pico_webserver.dir/pico-sdk/lib/tinyusb/src/device/usbd.c.obj
                0x000000001000568c                tud_mounted
 .text.tud_suspended
                0x000000001000569c       0x10 CMakeFiles/pico_webserver.dir/pico-sdk/lib/tinyusb/src/device/usbd.c.obj
                0x000000001000569c                tud_suspended
 .text.tud_inited
                0x00000000100056ac       0x14 CMakeFiles/pico_webserver.dir/pico-sdk/lib/tinyusb/src/device/usbd.c.obj
                0x00000000100056ac                tud_inited
 .text.tud_init
                0x00000000100056c0       0xe4 CMakeFiles/pico_webserver.dir/pico-sdk/lib/tinyusb/src/device/usbd.c.obj
                0x00000000100056c0                tud_init
 .text.tud_task_ext
                0x00000000100057a4      0x870 CMakeFiles/pico_webserver.dir/pico-sdk/lib/tinyusb/src/device/usbd.c.obj
                0x00000000100057a4                tud_task_ext
 .text.usbd_open_edpt_pair
                0x0000000010006014       0x9c CMakeFiles/pico_webserver.dir/pico-sdk/lib/tinyusb/src/device/usbd.c.obj
                0x0000000010006014                usbd_open_edpt_pair
 .text.usbd_edpt_open
                0x00000000100060b0       0x34 CMakeFiles/pico_webserver.dir/pico-sdk/lib/tinyusb/src/device/usbd.c.obj
                0x00000000100060b0                usbd_edpt_open
 .text.usbd_edpt_xfer
                0x00000000100060e4       0x4c CMakeFiles/pico_webserver.dir/pico-sdk/lib/tinyusb/src/device/usbd.c.obj
                0x00000000100060e4                usbd_edpt_xfer
 .text.usbd_edpt_busy
                0x0000000010006130       0x1c CMakeFiles/pico_webserver.dir/pico-sdk/lib/tinyusb/src/device/usbd.c.obj
                0x0000000010006130                usbd_edpt_busy
 .text.tud_control_status
                0x000000001000614c       0x30 CMakeFiles/pico_webserver.dir/pico-sdk/lib/tinyusb/src/device/usbd_control.c.obj
                0x000000001000614c                tud_control_status
 .text.tud_control_xfer
                0x000000001000617c       0xbc CMakeFiles/pico_webserver.dir/pico-sdk/lib/tinyusb/src/device/usbd_control.c.obj
                0x000000001000617c                tud_control_xfer
 .text.usbd_control_reset
                0x0000000010006238       0x14 CMakeFiles/pico_webserver.dir/pico-sdk/lib/tinyusb/src/device/usbd_control.c.obj
                0x0000000010006238                usbd_control_reset
 .text.usbd_control_set_complete_callback
                0x000000001000624c        0xc CMakeFiles/pico_webserver.dir/pico-sdk/lib/tinyusb/src/device/usbd_control.c.obj
                0x000000001000624c                usbd_control_set_complete_callback
 .text.usbd_control_set_request
                0x0000000010006258       0x1c CMakeFiles/pico_webserver.dir/pico-sdk/lib/tinyusb/src/device/usbd_control.c.obj
                0x0000000010006258                usbd_control_set_request
 .text.usbd_control_xfer_cb
                0x0000000010006274       0xfc CMakeFiles/pico_webserver.dir/pico-sdk/lib/tinyusb/src/device/usbd_control.c.obj
                0x0000000010006274                usbd_control_xfer_cb
 .text.tud_network_recv_renew
                0x0000000010006370       0x20 CMakeFiles/pico_webserver.dir/pico-sdk/lib/tinyusb/src/class/net/ecm_rndis_device.c.obj
                0x0000000010006370                tud_network_recv_renew
 .text.netd_report
                0x0000000010006390       0x24 CMakeFiles/pico_webserver.dir/pico-sdk/lib/tinyusb/src/class/net/ecm_rndis_device.c.obj
                0x0000000010006390                netd_report
 .text.netd_init
                0x00000000100063b4       0x14 CMakeFiles/pico_webserver.dir/pico-sdk/lib/tinyusb/src/class/net/ecm_rndis_device.c.obj
                0x00000000100063b4                netd_init
 .text.netd_reset
                0x00000000100063c8       0x14 CMakeFiles/pico_webserver.dir/pico-sdk/lib/tinyusb/src/class/net/ecm_rndis_device.c.obj
                0x00000000100063c8                netd_reset
 .text.netd_open
                0x00000000100063dc      0x11c CMakeFiles/pico_webserver.dir/pico-sdk/lib/tinyusb/src/class/net/ecm_rndis_device.c.obj
                0x00000000100063dc                netd_open
 .text.netd_control_xfer_cb
                0x00000000100064f8      0x174 CMakeFiles/pico_webserver.dir/pico-sdk/lib/tinyusb/src/class/net/ecm_rndis_device.c.obj
                0x00000000100064f8                netd_control_xfer_cb
 .text.netd_xfer_cb
                0x000000001000666c       0xec CMakeFiles/pico_webserver.dir/pico-sdk/lib/tinyusb/src/class/net/ecm_rndis_device.c.obj
                0x000000001000666c                netd_xfer_cb
 .text.tud_network_can_xmit
                0x0000000010006758        0xc CMakeFiles/pico_webserver.dir/pico-sdk/lib/tinyusb/src/class/net/ecm_rndis_device.c.obj
                0x0000000010006758                tud_network_can_xmit
 .text.tud_network_xmit
                0x0000000010006764       0x98 CMakeFiles/pico_webserver.dir/pico-sdk/lib/tinyusb/src/class/net/ecm_rndis_device.c.obj
                0x0000000010006764                tud_network_xmit
 .text.tusb_init
                0x00000000100067fc        0xc CMakeFiles/pico_webserver.dir/pico-sdk/lib/tinyusb/src/tusb.c.obj
                0x00000000100067fc                tusb_init
 .text.tusb_inited
                0x0000000010006808        0x8 CMakeFiles/pico_webserver.dir/pico-sdk/lib/tinyusb/src/tusb.c.obj
                0x0000000010006808                tusb_inited
 .text.tu_edpt_validate
                0x0000000010006810       0x78 CMakeFiles/pico_webserver.dir/pico-sdk/lib/tinyusb/src/tusb.c.obj
                0x0000000010006810                tu_edpt_validate
 .text.tu_edpt_bind_driver
                0x0000000010006888       0x34 CMakeFiles/pico_webserver.dir/pico-sdk/lib/tinyusb/src/tusb.c.obj
                0x0000000010006888                tu_edpt_bind_driver
 .text.tu_fifo_read
                0x00000000100068bc       0xa0 CMakeFiles/pico_webserver.dir/pico-sdk/lib/tinyusb/src/common/tusb_fifo.c.obj
                0x00000000100068bc                tu_fifo_read
 .text.tu_fifo_write
                0x000000001000695c       0x88 CMakeFiles/pico_webserver.dir/pico-sdk/lib/tinyusb/src/common/tusb_fifo.c.obj
                0x000000001000695c                tu_fifo_write
 .text.tu_fifo_clear
                0x00000000100069e4       0x40 CMakeFiles/pico_webserver.dir/pico-sdk/lib/tinyusb/src/common/tusb_fifo.c.obj
                0x00000000100069e4                tu_fifo_clear
 .text.lwip_timeout_reached
                0x0000000010006a24        0x8 CMakeFiles/pico_webserver.dir/pico-sdk/src/rp2_common/pico_lwip/lwip_nosys.c.obj
 .text.update_next_timeout
                0x0000000010006a2c       0x6c CMakeFiles/pico_webserver.dir/pico-sdk/src/rp2_common/pico_lwip/lwip_nosys.c.obj
 .text.lwip_nosys_init
                0x0000000010006a98       0x30 CMakeFiles/pico_webserver.dir/pico-sdk/src/rp2_common/pico_lwip/lwip_nosys.c.obj
                0x0000000010006a98                lwip_nosys_init
 .text.lwip_nosys_deinit
                0x0000000010006ac8       0x20 CMakeFiles/pico_webserver.dir/pico-sdk/src/rp2_common/pico_lwip/lwip_nosys.c.obj
                0x0000000010006ac8                lwip_nosys_deinit
 .text.sys_arch_protect
                0x0000000010006ae8        0x4 CMakeFiles/pico_webserver.dir/pico-sdk/src/rp2_common/pico_lwip/lwip_nosys.c.obj
                0x0000000010006ae8                sys_arch_protect
 .text.sys_arch_unprotect
                0x0000000010006aec        0x4 CMakeFiles/pico_webserver.dir/pico-sdk/src/rp2_common/pico_lwip/lwip_nosys.c.obj
                0x0000000010006aec                sys_arch_unprotect
 .text.sys_now  0x0000000010006af0       0x20 CMakeFiles/pico_webserver.dir/pico-sdk/src/rp2_common/pico_lwip/lwip_nosys.c.obj
                0x0000000010006af0                sys_now
 .text.async_context_base_add_at_time_worker
                0x0000000010006b10       0x28 CMakeFiles/pico_webserver.dir/pico-sdk/src/rp2_common/pico_async_context/async_context_base.c.obj
                0x0000000010006b10                async_context_base_add_at_time_worker
 .text.async_context_base_remove_at_time_worker
                0x0000000010006b38       0x28 CMakeFiles/pico_webserver.dir/pico-sdk/src/rp2_common/pico_async_context/async_context_base.c.obj
                0x0000000010006b38                async_context_base_remove_at_time_worker
 .text.async_context_base_add_when_pending_worker
                0x0000000010006b60       0x24 CMakeFiles/pico_webserver.dir/pico-sdk/src/rp2_common/pico_async_context/async_context_base.c.obj
                0x0000000010006b60                async_context_base_add_when_pending_worker
 .text.async_context_base_remove_when_pending_worker
                0x0000000010006b84       0x28 CMakeFiles/pico_webserver.dir/pico-sdk/src/rp2_common/pico_async_context/async_context_base.c.obj
                0x0000000010006b84                async_context_base_remove_when_pending_worker
 .text.async_context_base_execute_once
                0x0000000010006bac       0xe8 CMakeFiles/pico_webserver.dir/pico-sdk/src/rp2_common/pico_async_context/async_context_base.c.obj
                0x0000000010006bac                async_context_base_execute_once
 .text.async_context_base_needs_servicing
                0x0000000010006c94       0x54 CMakeFiles/pico_webserver.dir/pico-sdk/src/rp2_common/pico_async_context/async_context_base.c.obj
                0x0000000010006c94                async_context_base_needs_servicing
 .text.lwip_init
                0x0000000010006ce8       0x20 CMakeFiles/pico_webserver.dir/pico-sdk/lib/lwip/src/core/init.c.obj
                0x0000000010006ce8                lwip_init
 .text.lwip_htons
                0x0000000010006d08        0x8 CMakeFiles/pico_webserver.dir/pico-sdk/lib/lwip/src/core/def.c.obj
                0x0000000010006d08                lwip_htons
 .text.lwip_htonl
                0x0000000010006d10        0x4 CMakeFiles/pico_webserver.dir/pico-sdk/lib/lwip/src/core/def.c.obj
                0x0000000010006d10                lwip_htonl
 .text.lwip_strnstr
                0x0000000010006d14       0x5c CMakeFiles/pico_webserver.dir/pico-sdk/lib/lwip/src/core/def.c.obj
                0x0000000010006d14                lwip_strnstr
 .text.lwip_stricmp
                0x0000000010006d70       0x34 CMakeFiles/pico_webserver.dir/pico-sdk/lib/lwip/src/core/def.c.obj
                0x0000000010006d70                lwip_stricmp
 .text.lwip_standard_chksum
                0x0000000010006da4       0x80 CMakeFiles/pico_webserver.dir/pico-sdk/lib/lwip/src/core/inet_chksum.c.obj
                0x0000000010006da4                lwip_standard_chksum
 .text.inet_chksum_pseudo
                0x0000000010006e24       0xb4 CMakeFiles/pico_webserver.dir/pico-sdk/lib/lwip/src/core/inet_chksum.c.obj
                0x0000000010006e24                inet_chksum_pseudo
 .text.ip_chksum_pseudo
                0x0000000010006ed8       0x10 CMakeFiles/pico_webserver.dir/pico-sdk/lib/lwip/src/core/inet_chksum.c.obj
                0x0000000010006ed8                ip_chksum_pseudo
 .text.inet_chksum
                0x0000000010006ee8       0x8c CMakeFiles/pico_webserver.dir/pico-sdk/lib/lwip/src/core/inet_chksum.c.obj
                0x0000000010006ee8                inet_chksum
 .text.inet_chksum_pbuf
                0x0000000010006f74       0x6c CMakeFiles/pico_webserver.dir/pico-sdk/lib/lwip/src/core/inet_chksum.c.obj
                0x0000000010006f74                inet_chksum_pbuf
 .text.mem_init
                0x0000000010006fe0       0x48 CMakeFiles/pico_webserver.dir/pico-sdk/lib/lwip/src/core/mem.c.obj
                0x0000000010006fe0                mem_init
 .text.mem_free
                0x0000000010007028      0x128 CMakeFiles/pico_webserver.dir/pico-sdk/lib/lwip/src/core/mem.c.obj
                0x0000000010007028                mem_free
 .text.mem_trim
                0x0000000010007150      0x144 CMakeFiles/pico_webserver.dir/pico-sdk/lib/lwip/src/core/mem.c.obj
                0x0000000010007150                mem_trim
 .text.mem_malloc
                0x0000000010007294      0x130 CMakeFiles/pico_webserver.dir/pico-sdk/lib/lwip/src/core/mem.c.obj
                0x0000000010007294                mem_malloc
 .text.memp_init
                0x00000000100073c4       0x94 CMakeFiles/pico_webserver.dir/pico-sdk/lib/lwip/src/core/memp.c.obj
                0x00000000100073c4                memp_init
 .text.memp_malloc
                0x0000000010007458       0x4c CMakeFiles/pico_webserver.dir/pico-sdk/lib/lwip/src/core/memp.c.obj
                0x0000000010007458                memp_malloc
 .text.memp_free
                0x00000000100074a4       0x30 CMakeFiles/pico_webserver.dir/pico-sdk/lib/lwip/src/core/memp.c.obj
                0x00000000100074a4                memp_free
 .text.netif_null_output_ip4
                0x00000000100074d4        0x8 CMakeFiles/pico_webserver.dir/pico-sdk/lib/lwip/src/core/netif.c.obj
 .text.netif_init
                0x00000000100074dc        0x4 CMakeFiles/pico_webserver.dir/pico-sdk/lib/lwip/src/core/netif.c.obj
                0x00000000100074dc                netif_init
 .text.netif_set_addr
                0x00000000100074e0       0xc4 CMakeFiles/pico_webserver.dir/pico-sdk/lib/lwip/src/core/netif.c.obj
                0x00000000100074e0                netif_set_addr
 .text.netif_add
                0x00000000100075a4       0xf8 CMakeFiles/pico_webserver.dir/pico-sdk/lib/lwip/src/core/netif.c.obj
                0x00000000100075a4                netif_add
 .text.netif_remove
                0x000000001000769c       0x88 CMakeFiles/pico_webserver.dir/pico-sdk/lib/lwip/src/core/netif.c.obj
                0x000000001000769c                netif_remove
 .text.netif_set_default
                0x0000000010007724        0xc CMakeFiles/pico_webserver.dir/pico-sdk/lib/lwip/src/core/netif.c.obj
                0x0000000010007724                netif_set_default
 .text.netif_set_up
                0x0000000010007730       0x14 CMakeFiles/pico_webserver.dir/pico-sdk/lib/lwip/src/core/netif.c.obj
                0x0000000010007730                netif_set_up
 .text.netif_set_link_up
                0x0000000010007744       0x1c CMakeFiles/pico_webserver.dir/pico-sdk/lib/lwip/src/core/netif.c.obj
                0x0000000010007744                netif_set_link_up
 .text.netif_set_link_down
                0x0000000010007760       0x1c CMakeFiles/pico_webserver.dir/pico-sdk/lib/lwip/src/core/netif.c.obj
                0x0000000010007760                netif_set_link_down
 .text.netif_get_by_index
                0x000000001000777c       0x2c CMakeFiles/pico_webserver.dir/pico-sdk/lib/lwip/src/core/netif.c.obj
                0x000000001000777c                netif_get_by_index
 .text.pbuf_free.part.0
                0x00000000100077a8       0x80 CMakeFiles/pico_webserver.dir/pico-sdk/lib/lwip/src/core/pbuf.c.obj
 .text.pbuf_free_ooseq
                0x0000000010007828       0x34 CMakeFiles/pico_webserver.dir/pico-sdk/lib/lwip/src/core/pbuf.c.obj
                0x0000000010007828                pbuf_free_ooseq
 .text.pbuf_alloc
                0x000000001000785c      0x12c CMakeFiles/pico_webserver.dir/pico-sdk/lib/lwip/src/core/pbuf.c.obj
                0x000000001000785c                pbuf_alloc
 .text.pbuf_alloced_custom
                0x0000000010007988       0x38 CMakeFiles/pico_webserver.dir/pico-sdk/lib/lwip/src/core/pbuf.c.obj
                0x0000000010007988                pbuf_alloced_custom
 .text.pbuf_realloc
                0x00000000100079c0       0x70 CMakeFiles/pico_webserver.dir/pico-sdk/lib/lwip/src/core/pbuf.c.obj
                0x00000000100079c0                pbuf_realloc
 .text.pbuf_add_header
                0x0000000010007a30       0x4c CMakeFiles/pico_webserver.dir/pico-sdk/lib/lwip/src/core/pbuf.c.obj
                0x0000000010007a30                pbuf_add_header
 .text.pbuf_remove_header
                0x0000000010007a7c       0x38 CMakeFiles/pico_webserver.dir/pico-sdk/lib/lwip/src/core/pbuf.c.obj
                0x0000000010007a7c                pbuf_remove_header
 .text.pbuf_header_force
                0x0000000010007ab4       0x6c CMakeFiles/pico_webserver.dir/pico-sdk/lib/lwip/src/core/pbuf.c.obj
                0x0000000010007ab4                pbuf_header_force
 .text.pbuf_free
                0x0000000010007b20       0x10 CMakeFiles/pico_webserver.dir/pico-sdk/lib/lwip/src/core/pbuf.c.obj
                0x0000000010007b20                pbuf_free
 .text.pbuf_clen
                0x0000000010007b30       0x14 CMakeFiles/pico_webserver.dir/pico-sdk/lib/lwip/src/core/pbuf.c.obj
                0x0000000010007b30                pbuf_clen
 .text.pbuf_ref
                0x0000000010007b44       0x18 CMakeFiles/pico_webserver.dir/pico-sdk/lib/lwip/src/core/pbuf.c.obj
                0x0000000010007b44                pbuf_ref
 .text.pbuf_cat
                0x0000000010007b5c       0x2c CMakeFiles/pico_webserver.dir/pico-sdk/lib/lwip/src/core/pbuf.c.obj
                0x0000000010007b5c                pbuf_cat
 .text.pbuf_chain
                0x0000000010007b88       0x44 CMakeFiles/pico_webserver.dir/pico-sdk/lib/lwip/src/core/pbuf.c.obj
                0x0000000010007b88                pbuf_chain
 .text.pbuf_copy_partial_pbuf
                0x0000000010007bcc      0x11c CMakeFiles/pico_webserver.dir/pico-sdk/lib/lwip/src/core/pbuf.c.obj
                0x0000000010007bcc                pbuf_copy_partial_pbuf
 .text.pbuf_copy
                0x0000000010007ce8       0x18 CMakeFiles/pico_webserver.dir/pico-sdk/lib/lwip/src/core/pbuf.c.obj
                0x0000000010007ce8                pbuf_copy
 .text.pbuf_copy_partial
                0x0000000010007d00       0x70 CMakeFiles/pico_webserver.dir/pico-sdk/lib/lwip/src/core/pbuf.c.obj
                0x0000000010007d00                pbuf_copy_partial
 .text.pbuf_take
                0x0000000010007d70       0x54 CMakeFiles/pico_webserver.dir/pico-sdk/lib/lwip/src/core/pbuf.c.obj
                0x0000000010007d70                pbuf_take
 .text.pbuf_clone
                0x0000000010007dc4       0x20 CMakeFiles/pico_webserver.dir/pico-sdk/lib/lwip/src/core/pbuf.c.obj
                0x0000000010007dc4                pbuf_clone
 .text.raw_input
                0x0000000010007de4      0x12c CMakeFiles/pico_webserver.dir/pico-sdk/lib/lwip/src/core/raw.c.obj
                0x0000000010007de4                raw_input
 .text.raw_netif_ip_addr_changed
                0x0000000010007f10       0x40 CMakeFiles/pico_webserver.dir/pico-sdk/lib/lwip/src/core/raw.c.obj
                0x0000000010007f10                raw_netif_ip_addr_changed
 .text.stats_init
                0x0000000010007f50        0x4 CMakeFiles/pico_webserver.dir/pico-sdk/lib/lwip/src/core/stats.c.obj
                0x0000000010007f50                stats_init
 .text.tcp_close_shutdown_fin
                0x0000000010007f54       0x4c CMakeFiles/pico_webserver.dir/pico-sdk/lib/lwip/src/core/tcp.c.obj
 .text.tcp_pcb_purge.part.0
                0x0000000010007fa0       0xc4 CMakeFiles/pico_webserver.dir/pico-sdk/lib/lwip/src/core/tcp.c.obj
 .text.tcp_init
                0x0000000010008064        0x4 CMakeFiles/pico_webserver.dir/pico-sdk/lib/lwip/src/core/tcp.c.obj
                0x0000000010008064                tcp_init
 .text.tcp_free
                0x0000000010008068        0xc CMakeFiles/pico_webserver.dir/pico-sdk/lib/lwip/src/core/tcp.c.obj
                0x0000000010008068                tcp_free
 .text.tcp_bind
                0x0000000010008074       0xf8 CMakeFiles/pico_webserver.dir/pico-sdk/lib/lwip/src/core/tcp.c.obj
                0x0000000010008074                tcp_bind
 .text.tcp_listen_with_backlog
                0x000000001000816c       0x88 CMakeFiles/pico_webserver.dir/pico-sdk/lib/lwip/src/core/tcp.c.obj
                0x000000001000816c                tcp_listen_with_backlog
 .text.tcp_update_rcv_ann_wnd
                0x00000000100081f4       0x3c CMakeFiles/pico_webserver.dir/pico-sdk/lib/lwip/src/core/tcp.c.obj
                0x00000000100081f4                tcp_update_rcv_ann_wnd
 .text.tcp_recved
                0x0000000010008230       0x78 CMakeFiles/pico_webserver.dir/pico-sdk/lib/lwip/src/core/tcp.c.obj
                0x0000000010008230                tcp_recved
 .text.tcp_slowtmr
                0x00000000100082a8      0x42c CMakeFiles/pico_webserver.dir/pico-sdk/lib/lwip/src/core/tcp.c.obj
                0x00000000100082a8                tcp_slowtmr
 .text.tcp_segs_free
                0x00000000100086d4       0x38 CMakeFiles/pico_webserver.dir/pico-sdk/lib/lwip/src/core/tcp.c.obj
                0x00000000100086d4                tcp_segs_free
 .text.tcp_seg_free
                0x000000001000870c       0x1c CMakeFiles/pico_webserver.dir/pico-sdk/lib/lwip/src/core/tcp.c.obj
                0x000000001000870c                tcp_seg_free
 .text.tcp_setprio
                0x0000000010008728        0x8 CMakeFiles/pico_webserver.dir/pico-sdk/lib/lwip/src/core/tcp.c.obj
                0x0000000010008728                tcp_setprio
 .text.tcp_seg_copy
                0x0000000010008730       0x20 CMakeFiles/pico_webserver.dir/pico-sdk/lib/lwip/src/core/tcp.c.obj
                0x0000000010008730                tcp_seg_copy
 .text.tcp_arg  0x0000000010008750        0x8 CMakeFiles/pico_webserver.dir/pico-sdk/lib/lwip/src/core/tcp.c.obj
                0x0000000010008750                tcp_arg
 .text.tcp_recv
                0x0000000010008758        0xc CMakeFiles/pico_webserver.dir/pico-sdk/lib/lwip/src/core/tcp.c.obj
                0x0000000010008758                tcp_recv
 .text.tcp_sent
                0x0000000010008764        0xc CMakeFiles/pico_webserver.dir/pico-sdk/lib/lwip/src/core/tcp.c.obj
                0x0000000010008764                tcp_sent
 .text.tcp_err  0x0000000010008770        0xc CMakeFiles/pico_webserver.dir/pico-sdk/lib/lwip/src/core/tcp.c.obj
                0x0000000010008770                tcp_err
 .text.tcp_accept
                0x000000001000877c       0x10 CMakeFiles/pico_webserver.dir/pico-sdk/lib/lwip/src/core/tcp.c.obj
                0x000000001000877c                tcp_accept
 .text.tcp_poll
                0x000000001000878c        0xc CMakeFiles/pico_webserver.dir/pico-sdk/lib/lwip/src/core/tcp.c.obj
                0x000000001000878c                tcp_poll
 .text.tcp_pcb_purge
                0x0000000010008798       0x18 CMakeFiles/pico_webserver.dir/pico-sdk/lib/lwip/src/core/tcp.c.obj
                0x0000000010008798                tcp_pcb_purge
 .text.tcp_pcb_remove
                0x00000000100087b0       0x78 CMakeFiles/pico_webserver.dir/pico-sdk/lib/lwip/src/core/tcp.c.obj
                0x00000000100087b0                tcp_pcb_remove
 .text.tcp_abandon
                0x0000000010008828      0x184 CMakeFiles/pico_webserver.dir/pico-sdk/lib/lwip/src/core/tcp.c.obj
                0x0000000010008828                tcp_abandon
 .text.tcp_abort
                0x00000000100089ac        0xc CMakeFiles/pico_webserver.dir/pico-sdk/lib/lwip/src/core/tcp.c.obj
                0x00000000100089ac                tcp_abort
 .text.tcp_accept_null
                0x00000000100089b8       0x10 CMakeFiles/pico_webserver.dir/pico-sdk/lib/lwip/src/core/tcp.c.obj
 .text.tcp_alloc
                0x00000000100089c8      0x1f8 CMakeFiles/pico_webserver.dir/pico-sdk/lib/lwip/src/core/tcp.c.obj
                0x00000000100089c8                tcp_alloc
 .text.tcp_new_ip_type
                0x0000000010008bc0      0x1d8 CMakeFiles/pico_webserver.dir/pico-sdk/lib/lwip/src/core/tcp.c.obj
                0x0000000010008bc0                tcp_new_ip_type
 .text.tcp_close_shutdown
                0x0000000010008d98      0x14c CMakeFiles/pico_webserver.dir/pico-sdk/lib/lwip/src/core/tcp.c.obj
 .text.tcp_recv_null
                0x0000000010008ee4       0xa8 CMakeFiles/pico_webserver.dir/pico-sdk/lib/lwip/src/core/tcp.c.obj
                0x0000000010008ee4                tcp_recv_null
 .text.tcp_process_refused_data
                0x0000000010008f8c       0xe8 CMakeFiles/pico_webserver.dir/pico-sdk/lib/lwip/src/core/tcp.c.obj
                0x0000000010008f8c                tcp_process_refused_data
 .text.tcp_fasttmr
                0x0000000010009074       0x98 CMakeFiles/pico_webserver.dir/pico-sdk/lib/lwip/src/core/tcp.c.obj
                0x0000000010009074                tcp_fasttmr
 .text.tcp_tmr  0x000000001000910c       0x20 CMakeFiles/pico_webserver.dir/pico-sdk/lib/lwip/src/core/tcp.c.obj
                0x000000001000910c                tcp_tmr
 .text.tcp_close
                0x000000001000912c      0x15c CMakeFiles/pico_webserver.dir/pico-sdk/lib/lwip/src/core/tcp.c.obj
                0x000000001000912c                tcp_close
 .text.tcp_next_iss
                0x0000000010009288       0x18 CMakeFiles/pico_webserver.dir/pico-sdk/lib/lwip/src/core/tcp.c.obj
                0x0000000010009288                tcp_next_iss
 .text.tcp_eff_send_mss_netif
                0x00000000100092a0       0x28 CMakeFiles/pico_webserver.dir/pico-sdk/lib/lwip/src/core/tcp.c.obj
                0x00000000100092a0                tcp_eff_send_mss_netif
 .text.tcp_netif_ip_addr_changed
                0x00000000100092c8       0x9c CMakeFiles/pico_webserver.dir/pico-sdk/lib/lwip/src/core/tcp.c.obj
                0x00000000100092c8                tcp_netif_ip_addr_changed
 .text.tcp_free_ooseq
                0x0000000010009364       0x40 CMakeFiles/pico_webserver.dir/pico-sdk/lib/lwip/src/core/tcp.c.obj
                0x0000000010009364                tcp_free_ooseq
 .text.tcp_parseopt
                0x00000000100093a4      0x180 CMakeFiles/pico_webserver.dir/pico-sdk/lib/lwip/src/core/tcp_in.c.obj
 .text.tcp_oos_insert_segment
                0x0000000010009524       0xd4 CMakeFiles/pico_webserver.dir/pico-sdk/lib/lwip/src/core/tcp_in.c.obj
 .text.tcp_receive
                0x00000000100095f8      0xa3c CMakeFiles/pico_webserver.dir/pico-sdk/lib/lwip/src/core/tcp_in.c.obj
 .text.tcp_input
                0x000000001000a034      0xc64 CMakeFiles/pico_webserver.dir/pico-sdk/lib/lwip/src/core/tcp_in.c.obj
                0x000000001000a034                tcp_input
 .text.tcp_trigger_input_pcb_close
                0x000000001000ac98       0x10 CMakeFiles/pico_webserver.dir/pico-sdk/lib/lwip/src/core/tcp_in.c.obj
                0x000000001000ac98                tcp_trigger_input_pcb_close
 .text.tcp_create_segment
                0x000000001000aca8       0xd0 CMakeFiles/pico_webserver.dir/pico-sdk/lib/lwip/src/core/tcp_out.c.obj
 .text.tcp_output_control_segment
                0x000000001000ad78       0xb4 CMakeFiles/pico_webserver.dir/pico-sdk/lib/lwip/src/core/tcp_out.c.obj
 .text.tcp_write
                0x000000001000ae2c      0x600 CMakeFiles/pico_webserver.dir/pico-sdk/lib/lwip/src/core/tcp_out.c.obj
                0x000000001000ae2c                tcp_write
 .text.tcp_split_unsent_seg
                0x000000001000b42c      0x19c CMakeFiles/pico_webserver.dir/pico-sdk/lib/lwip/src/core/tcp_out.c.obj
                0x000000001000b42c                tcp_split_unsent_seg
 .text.tcp_send_fin
                0x000000001000b5c8       0xe0 CMakeFiles/pico_webserver.dir/pico-sdk/lib/lwip/src/core/tcp_out.c.obj
                0x000000001000b5c8                tcp_send_fin
 .text.tcp_enqueue_flags
                0x000000001000b6a8       0xa8 CMakeFiles/pico_webserver.dir/pico-sdk/lib/lwip/src/core/tcp_out.c.obj
                0x000000001000b6a8                tcp_enqueue_flags
 .text.tcp_rexmit_rto_prepare
                0x000000001000b750       0x8c CMakeFiles/pico_webserver.dir/pico-sdk/lib/lwip/src/core/tcp_out.c.obj
                0x000000001000b750                tcp_rexmit_rto_prepare
 .text.tcp_rexmit
                0x000000001000b7dc       0x90 CMakeFiles/pico_webserver.dir/pico-sdk/lib/lwip/src/core/tcp_out.c.obj
                0x000000001000b7dc                tcp_rexmit
 .text.tcp_rexmit_fast
                0x000000001000b86c       0x58 CMakeFiles/pico_webserver.dir/pico-sdk/lib/lwip/src/core/tcp_out.c.obj
                0x000000001000b86c                tcp_rexmit_fast
 .text.tcp_rst  0x000000001000b8c4       0xbc CMakeFiles/pico_webserver.dir/pico-sdk/lib/lwip/src/core/tcp_out.c.obj
                0x000000001000b8c4                tcp_rst
 .text.tcp_rst_netif
                0x000000001000b980       0xfc CMakeFiles/pico_webserver.dir/pico-sdk/lib/lwip/src/core/tcp_out.c.obj
                0x000000001000b980                tcp_rst_netif
 .text.tcp_send_empty_ack
                0x000000001000ba7c       0xdc CMakeFiles/pico_webserver.dir/pico-sdk/lib/lwip/src/core/tcp_out.c.obj
                0x000000001000ba7c                tcp_send_empty_ack
 .text.tcp_output
                0x000000001000bb58      0x410 CMakeFiles/pico_webserver.dir/pico-sdk/lib/lwip/src/core/tcp_out.c.obj
                0x000000001000bb58                tcp_output
 .text.tcp_rexmit_rto_commit
                0x000000001000bf68       0x14 CMakeFiles/pico_webserver.dir/pico-sdk/lib/lwip/src/core/tcp_out.c.obj
                0x000000001000bf68                tcp_rexmit_rto_commit
 .text.tcp_rexmit_rto
                0x000000001000bf7c       0x98 CMakeFiles/pico_webserver.dir/pico-sdk/lib/lwip/src/core/tcp_out.c.obj
                0x000000001000bf7c                tcp_rexmit_rto
 .text.tcp_keepalive
                0x000000001000c014       0xc4 CMakeFiles/pico_webserver.dir/pico-sdk/lib/lwip/src/core/tcp_out.c.obj
                0x000000001000c014                tcp_keepalive
 .text.tcp_zero_window_probe
                0x000000001000c0d8      0x18c CMakeFiles/pico_webserver.dir/pico-sdk/lib/lwip/src/core/tcp_out.c.obj
                0x000000001000c0d8                tcp_zero_window_probe
 .text.tcpip_tcp_timer
                0x000000001000c264       0x6c CMakeFiles/pico_webserver.dir/pico-sdk/lib/lwip/src/core/timeouts.c.obj
 .text.lwip_cyclic_timer
                0x000000001000c2d0       0x90 CMakeFiles/pico_webserver.dir/pico-sdk/lib/lwip/src/core/timeouts.c.obj
 .text.tcp_timer_needed
                0x000000001000c360       0x70 CMakeFiles/pico_webserver.dir/pico-sdk/lib/lwip/src/core/timeouts.c.obj
                0x000000001000c360                tcp_timer_needed
 .text.sys_timeouts_init
                0x000000001000c3d0       0x78 CMakeFiles/pico_webserver.dir/pico-sdk/lib/lwip/src/core/timeouts.c.obj
                0x000000001000c3d0                sys_timeouts_init
 .text.sys_check_timeouts
                0x000000001000c448       0x68 CMakeFiles/pico_webserver.dir/pico-sdk/lib/lwip/src/core/timeouts.c.obj
                0x000000001000c448                sys_check_timeouts
 .text.sys_timeouts_sleeptime
                0x000000001000c4b0       0x28 CMakeFiles/pico_webserver.dir/pico-sdk/lib/lwip/src/core/timeouts.c.obj
                0x000000001000c4b0                sys_timeouts_sleeptime
 .text.udp_init
                0x000000001000c4d8        0x4 CMakeFiles/pico_webserver.dir/pico-sdk/lib/lwip/src/core/udp.c.obj
                0x000000001000c4d8                udp_init
 .text.udp_input
                0x000000001000c4dc      0x234 CMakeFiles/pico_webserver.dir/pico-sdk/lib/lwip/src/core/udp.c.obj
                0x000000001000c4dc                udp_input
 .text.udp_bind
                0x000000001000c710      0x10c CMakeFiles/pico_webserver.dir/pico-sdk/lib/lwip/src/core/udp.c.obj
                0x000000001000c710                udp_bind
 .text.udp_sendto_if_src
                0x000000001000c81c      0x120 CMakeFiles/pico_webserver.dir/pico-sdk/lib/lwip/src/core/udp.c.obj
                0x000000001000c81c                udp_sendto_if_src
 .text.udp_sendto_if
                0x000000001000c93c       0x48 CMakeFiles/pico_webserver.dir/pico-sdk/lib/lwip/src/core/udp.c.obj
                0x000000001000c93c                udp_sendto_if
 .text.udp_sendto
                0x000000001000c984       0x7c CMakeFiles/pico_webserver.dir/pico-sdk/lib/lwip/src/core/udp.c.obj
                0x000000001000c984                udp_sendto
 .text.udp_connect
                0x000000001000ca00       0x64 CMakeFiles/pico_webserver.dir/pico-sdk/lib/lwip/src/core/udp.c.obj
                0x000000001000ca00                udp_connect
 .text.udp_recv
                0x000000001000ca64        0xc CMakeFiles/pico_webserver.dir/pico-sdk/lib/lwip/src/core/udp.c.obj
                0x000000001000ca64                udp_recv
 .text.udp_remove
                0x000000001000ca70       0x3c CMakeFiles/pico_webserver.dir/pico-sdk/lib/lwip/src/core/udp.c.obj
                0x000000001000ca70                udp_remove
 .text.udp_new  0x000000001000caac       0x1c CMakeFiles/pico_webserver.dir/pico-sdk/lib/lwip/src/core/udp.c.obj
                0x000000001000caac                udp_new
 .text.udp_netif_ip_addr_changed
                0x000000001000cac8       0x40 CMakeFiles/pico_webserver.dir/pico-sdk/lib/lwip/src/core/udp.c.obj
                0x000000001000cac8                udp_netif_ip_addr_changed
 .text.dhcp_create_msg
                0x000000001000cb08      0x144 CMakeFiles/pico_webserver.dir/pico-sdk/lib/lwip/src/core/ipv4/dhcp.c.obj
 .text.dhcp_bind
                0x000000001000cc4c      0x140 CMakeFiles/pico_webserver.dir/pico-sdk/lib/lwip/src/core/ipv4/dhcp.c.obj
 .text.dhcp_handle_ack.isra.0
                0x000000001000cd8c       0xa0 CMakeFiles/pico_webserver.dir/pico-sdk/lib/lwip/src/core/ipv4/dhcp.c.obj
 .text.dhcp_discover
                0x000000001000ce2c      0x10c CMakeFiles/pico_webserver.dir/pico-sdk/lib/lwip/src/core/ipv4/dhcp.c.obj
 .text.dhcp_reboot.isra.0
                0x000000001000cf38      0x1e0 CMakeFiles/pico_webserver.dir/pico-sdk/lib/lwip/src/core/ipv4/dhcp.c.obj
 .text.dhcp_select.isra.0
                0x000000001000d118      0x244 CMakeFiles/pico_webserver.dir/pico-sdk/lib/lwip/src/core/ipv4/dhcp.c.obj
 .text.dhcp_recv
                0x000000001000d35c      0x414 CMakeFiles/pico_webserver.dir/pico-sdk/lib/lwip/src/core/ipv4/dhcp.c.obj
 .text.dhcp_conflict_callback
                0x000000001000d770      0x124 CMakeFiles/pico_webserver.dir/pico-sdk/lib/lwip/src/core/ipv4/dhcp.c.obj
 .text.dhcp_set_struct
                0x000000001000d894       0x18 CMakeFiles/pico_webserver.dir/pico-sdk/lib/lwip/src/core/ipv4/dhcp.c.obj
                0x000000001000d894                dhcp_set_struct
 .text.dhcp_network_changed_link_up
                0x000000001000d8ac       0x30 CMakeFiles/pico_webserver.dir/pico-sdk/lib/lwip/src/core/ipv4/dhcp.c.obj
                0x000000001000d8ac                dhcp_network_changed_link_up
 .text.dhcp_renew
                0x000000001000d8dc      0x1a0 CMakeFiles/pico_webserver.dir/pico-sdk/lib/lwip/src/core/ipv4/dhcp.c.obj
                0x000000001000d8dc                dhcp_renew
 .text.dhcp_release_and_stop
                0x000000001000da7c      0x14c CMakeFiles/pico_webserver.dir/pico-sdk/lib/lwip/src/core/ipv4/dhcp.c.obj
                0x000000001000da7c                dhcp_release_and_stop
 .text.dhcp_start
                0x000000001000dbc8      0x10c CMakeFiles/pico_webserver.dir/pico-sdk/lib/lwip/src/core/ipv4/dhcp.c.obj
                0x000000001000dbc8                dhcp_start
 .text.dhcp_coarse_tmr
                0x000000001000dcd4      0x238 CMakeFiles/pico_webserver.dir/pico-sdk/lib/lwip/src/core/ipv4/dhcp.c.obj
                0x000000001000dcd4                dhcp_coarse_tmr
 .text.dhcp_fine_tmr
                0x000000001000df0c       0x78 CMakeFiles/pico_webserver.dir/pico-sdk/lib/lwip/src/core/ipv4/dhcp.c.obj
                0x000000001000df0c                dhcp_fine_tmr
 .text.dhcp_stop
                0x000000001000df84      0x14c CMakeFiles/pico_webserver.dir/pico-sdk/lib/lwip/src/core/ipv4/dhcp.c.obj
                0x000000001000df84                dhcp_stop
 .text.etharp_find_entry
                0x000000001000e0d0     0x1dcc CMakeFiles/pico_webserver.dir/pico-sdk/lib/lwip/src/core/ipv4/etharp.c.obj
 .text.etharp_raw
                0x000000001000fe9c       0xc0 CMakeFiles/pico_webserver.dir/pico-sdk/lib/lwip/src/core/ipv4/etharp.c.obj
 .text.etharp_output_to_arp_index
                0x000000001000ff5c       0xd8 CMakeFiles/pico_webserver.dir/pico-sdk/lib/lwip/src/core/ipv4/etharp.c.obj
 .text.etharp_tmr
                0x0000000010010034       0xa4 CMakeFiles/pico_webserver.dir/pico-sdk/lib/lwip/src/core/ipv4/etharp.c.obj
                0x0000000010010034                etharp_tmr
 .text.etharp_cleanup_netif
                0x00000000100100d8      0x188 CMakeFiles/pico_webserver.dir/pico-sdk/lib/lwip/src/core/ipv4/etharp.c.obj
                0x00000000100100d8                etharp_cleanup_netif
 .text.etharp_input
                0x0000000010010260      0x1ac CMakeFiles/pico_webserver.dir/pico-sdk/lib/lwip/src/core/ipv4/etharp.c.obj
                0x0000000010010260                etharp_input
 .text.etharp_query
                0x000000001001040c      0x188 CMakeFiles/pico_webserver.dir/pico-sdk/lib/lwip/src/core/ipv4/etharp.c.obj
                0x000000001001040c                etharp_query
 .text.etharp_output
                0x0000000010010594      0x21c CMakeFiles/pico_webserver.dir/pico-sdk/lib/lwip/src/core/ipv4/etharp.c.obj
                0x0000000010010594                etharp_output
 .text.etharp_acd_probe
                0x00000000100107b0       0xc0 CMakeFiles/pico_webserver.dir/pico-sdk/lib/lwip/src/core/ipv4/etharp.c.obj
                0x00000000100107b0                etharp_acd_probe
 .text.etharp_acd_announce
                0x0000000010010870       0xbc CMakeFiles/pico_webserver.dir/pico-sdk/lib/lwip/src/core/ipv4/etharp.c.obj
                0x0000000010010870                etharp_acd_announce
 .text.icmp_input
                0x000000001001092c      0x1d8 CMakeFiles/pico_webserver.dir/pico-sdk/lib/lwip/src/core/ipv4/icmp.c.obj
                0x000000001001092c                icmp_input
 .text.icmp_dest_unreach
                0x0000000010010b04       0xbc CMakeFiles/pico_webserver.dir/pico-sdk/lib/lwip/src/core/ipv4/icmp.c.obj
                0x0000000010010b04                icmp_dest_unreach
 .text.icmp_time_exceeded
                0x0000000010010bc0       0xbc CMakeFiles/pico_webserver.dir/pico-sdk/lib/lwip/src/core/ipv4/icmp.c.obj
                0x0000000010010bc0                icmp_time_exceeded
 .text.ip_reass_free_complete_datagram
                0x0000000010010c7c       0xb8 CMakeFiles/pico_webserver.dir/pico-sdk/lib/lwip/src/core/ipv4/ip4_frag.c.obj
 .text.ip_reass_remove_oldest_datagram
                0x0000000010010d34       0xd8 CMakeFiles/pico_webserver.dir/pico-sdk/lib/lwip/src/core/ipv4/ip4_frag.c.obj
 .text.ipfrag_free_pbuf_custom
                0x0000000010010e0c       0x18 CMakeFiles/pico_webserver.dir/pico-sdk/lib/lwip/src/core/ipv4/ip4_frag.c.obj
 .text.ip_reass_tmr
                0x0000000010010e24       0x38 CMakeFiles/pico_webserver.dir/pico-sdk/lib/lwip/src/core/ipv4/ip4_frag.c.obj
                0x0000000010010e24                ip_reass_tmr
 .text.ip4_reass
                0x0000000010010e5c      0x510 CMakeFiles/pico_webserver.dir/pico-sdk/lib/lwip/src/core/ipv4/ip4_frag.c.obj
                0x0000000010010e5c                ip4_reass
 .text.ip4_frag
                0x000000001001136c      0x1e8 CMakeFiles/pico_webserver.dir/pico-sdk/lib/lwip/src/core/ipv4/ip4_frag.c.obj
                0x000000001001136c                ip4_frag
 .text.ip4_route
                0x0000000010011554       0x80 CMakeFiles/pico_webserver.dir/pico-sdk/lib/lwip/src/core/ipv4/ip4.c.obj
                0x0000000010011554                ip4_route
 .text.ip4_input
                0x00000000100115d4      0x2e8 CMakeFiles/pico_webserver.dir/pico-sdk/lib/lwip/src/core/ipv4/ip4.c.obj
                0x00000000100115d4                ip4_input
 .text.ip4_output_if
                0x00000000100118bc      0x168 CMakeFiles/pico_webserver.dir/pico-sdk/lib/lwip/src/core/ipv4/ip4.c.obj
                0x00000000100118bc                ip4_output_if
 .text.ip4_output_if_src
                0x0000000010011a24      0x158 CMakeFiles/pico_webserver.dir/pico-sdk/lib/lwip/src/core/ipv4/ip4.c.obj
                0x0000000010011a24                ip4_output_if_src
 .text.ip4_addr_isbroadcast_u32
                0x0000000010011b7c       0x3c CMakeFiles/pico_webserver.dir/pico-sdk/lib/lwip/src/core/ipv4/ip4_addr.c.obj
                0x0000000010011b7c                ip4_addr_isbroadcast_u32
 .text.acd_add  0x0000000010011bb8       0x24 CMakeFiles/pico_webserver.dir/pico-sdk/lib/lwip/src/core/ipv4/acd.c.obj
                0x0000000010011bb8                acd_add
 .text.acd_remove
                0x0000000010011bdc       0x28 CMakeFiles/pico_webserver.dir/pico-sdk/lib/lwip/src/core/ipv4/acd.c.obj
                0x0000000010011bdc                acd_remove
 .text.acd_start
                0x0000000010011c04       0x38 CMakeFiles/pico_webserver.dir/pico-sdk/lib/lwip/src/core/ipv4/acd.c.obj
                0x0000000010011c04                acd_start
 .text.acd_network_changed_link_down
                0x0000000010011c3c       0x14 CMakeFiles/pico_webserver.dir/pico-sdk/lib/lwip/src/core/ipv4/acd.c.obj
                0x0000000010011c3c                acd_network_changed_link_down
 .text.acd_tmr  0x0000000010011c50      0x110 CMakeFiles/pico_webserver.dir/pico-sdk/lib/lwip/src/core/ipv4/acd.c.obj
                0x0000000010011c50                acd_tmr
 .text.acd_arp_reply
                0x0000000010011d60       0xf4 CMakeFiles/pico_webserver.dir/pico-sdk/lib/lwip/src/core/ipv4/acd.c.obj
                0x0000000010011d60                acd_arp_reply
 .text.acd_netif_ip_addr_changed
                0x0000000010011e54       0x8c CMakeFiles/pico_webserver.dir/pico-sdk/lib/lwip/src/core/ipv4/acd.c.obj
                0x0000000010011e54                acd_netif_ip_addr_changed
 .text.ethernet_input
                0x0000000010011ee0       0xd0 CMakeFiles/pico_webserver.dir/pico-sdk/lib/lwip/src/netif/ethernet.c.obj
                0x0000000010011ee0                ethernet_input
 .text.ethernet_output
                0x0000000010011fb0       0x64 CMakeFiles/pico_webserver.dir/pico-sdk/lib/lwip/src/netif/ethernet.c.obj
                0x0000000010011fb0                ethernet_output
 .text.cyw43_arch_set_async_context
                0x0000000010012014        0xc CMakeFiles/pico_webserver.dir/pico-sdk/src/rp2_common/pico_cyw43_arch/cyw43_arch.c.obj
                0x0000000010012014                cyw43_arch_set_async_context
 .text.cyw43_arch_enable_sta_mode
                0x0000000010012020       0x1c CMakeFiles/pico_webserver.dir/pico-sdk/src/rp2_common/pico_cyw43_arch/cyw43_arch.c.obj
                0x0000000010012020                cyw43_arch_enable_sta_mode
 .text.cyw43_arch_init_with_country
                0x000000001001203c       0x10 CMakeFiles/pico_webserver.dir/pico-sdk/src/rp2_common/pico_cyw43_arch/cyw43_arch.c.obj
                0x000000001001203c                cyw43_arch_init_with_country
 .text.cyw43_arch_gpio_put
                0x000000001001204c       0x14 CMakeFiles/pico_webserver.dir/pico-sdk/src/rp2_common/pico_cyw43_arch/cyw43_arch.c.obj
                0x000000001001204c                cyw43_arch_gpio_put
 .text.cyw43_arch_async_context
                0x0000000010012060        0xc CMakeFiles/pico_webserver.dir/pico-sdk/src/rp2_common/pico_cyw43_arch/cyw43_arch.c.obj
                0x0000000010012060                cyw43_arch_async_context
 .text.cyw43_arch_init
                0x000000001001206c       0x80 CMakeFiles/pico_webserver.dir/pico-sdk/src/rp2_common/pico_cyw43_arch/cyw43_arch_threadsafe_background.c.obj
                0x000000001001206c                cyw43_arch_init
 .text.ns_delay.constprop.0
                0x00000000100120ec       0x20 CMakeFiles/pico_webserver.dir/pico-sdk/src/rp2_common/pico_cyw43_driver/cyw43_bus_pio_spi.c.obj
 .text.cyw43_spi_deinit
                0x000000001001210c       0x7c CMakeFiles/pico_webserver.dir/pico-sdk/src/rp2_common/pico_cyw43_driver/cyw43_bus_pio_spi.c.obj
                0x000000001001210c                cyw43_spi_deinit
 .text.cyw43_spi_init
                0x0000000010012188      0x154 CMakeFiles/pico_webserver.dir/pico-sdk/src/rp2_common/pico_cyw43_driver/cyw43_bus_pio_spi.c.obj
                0x0000000010012188                cyw43_spi_init
 .text.cyw43_spi_transfer
                0x00000000100122dc      0x430 CMakeFiles/pico_webserver.dir/pico-sdk/src/rp2_common/pico_cyw43_driver/cyw43_bus_pio_spi.c.obj
                0x00000000100122dc                cyw43_spi_transfer
 .text.cyw43_spi_gpio_setup
                0x000000001001270c       0x3c CMakeFiles/pico_webserver.dir/pico-sdk/src/rp2_common/pico_cyw43_driver/cyw43_bus_pio_spi.c.obj
                0x000000001001270c                cyw43_spi_gpio_setup
 .text.cyw43_spi_reset
                0x0000000010012748       0x28 CMakeFiles/pico_webserver.dir/pico-sdk/src/rp2_common/pico_cyw43_driver/cyw43_bus_pio_spi.c.obj
                0x0000000010012748                cyw43_spi_reset
 .text.read_reg_u32_swap
                0x0000000010012770       0x3c CMakeFiles/pico_webserver.dir/pico-sdk/src/rp2_common/pico_cyw43_driver/cyw43_bus_pio_spi.c.obj
                0x0000000010012770                read_reg_u32_swap
 .text.cyw43_read_reg_u32
                0x00000000100127ac       0x6c CMakeFiles/pico_webserver.dir/pico-sdk/src/rp2_common/pico_cyw43_driver/cyw43_bus_pio_spi.c.obj
                0x00000000100127ac                cyw43_read_reg_u32
 .text.cyw43_read_reg_u16
                0x0000000010012818       0x6c CMakeFiles/pico_webserver.dir/pico-sdk/src/rp2_common/pico_cyw43_driver/cyw43_bus_pio_spi.c.obj
                0x0000000010012818                cyw43_read_reg_u16
 .text.cyw43_read_reg_u8
                0x0000000010012884       0x6c CMakeFiles/pico_webserver.dir/pico-sdk/src/rp2_common/pico_cyw43_driver/cyw43_bus_pio_spi.c.obj
                0x0000000010012884                cyw43_read_reg_u8
 .text.write_reg_u32_swap
                0x00000000100128f0      0x1e0 CMakeFiles/pico_webserver.dir/pico-sdk/src/rp2_common/pico_cyw43_driver/cyw43_bus_pio_spi.c.obj
                0x00000000100128f0                write_reg_u32_swap
 .text.cyw43_write_reg_u32
                0x0000000010012ad0      0x200 CMakeFiles/pico_webserver.dir/pico-sdk/src/rp2_common/pico_cyw43_driver/cyw43_bus_pio_spi.c.obj
                0x0000000010012ad0                cyw43_write_reg_u32
 .text.cyw43_write_reg_u16
                0x0000000010012cd0      0x200 CMakeFiles/pico_webserver.dir/pico-sdk/src/rp2_common/pico_cyw43_driver/cyw43_bus_pio_spi.c.obj
                0x0000000010012cd0                cyw43_write_reg_u16
 .text.cyw43_write_reg_u8
                0x0000000010012ed0      0x200 CMakeFiles/pico_webserver.dir/pico-sdk/src/rp2_common/pico_cyw43_driver/cyw43_bus_pio_spi.c.obj
                0x0000000010012ed0                cyw43_write_reg_u8
 .text.cyw43_read_bytes
                0x00000000100130d0       0x78 CMakeFiles/pico_webserver.dir/pico-sdk/src/rp2_common/pico_cyw43_driver/cyw43_bus_pio_spi.c.obj
                0x00000000100130d0                cyw43_read_bytes
 .text.cyw43_write_bytes
                0x0000000010013148       0xec CMakeFiles/pico_webserver.dir/pico-sdk/src/rp2_common/pico_cyw43_driver/cyw43_bus_pio_spi.c.obj
                0x0000000010013148                cyw43_write_bytes
 .text.cyw43_set_backplane_window
                0x0000000010013234       0x64 CMakeFiles/pico_webserver.dir/pico-sdk/lib/cyw43-driver/src/cyw43_ll.c.obj
 .text.cyw43_ll_parse_async_event
                0x0000000010013298      0x13c CMakeFiles/pico_webserver.dir/pico-sdk/lib/cyw43-driver/src/cyw43_ll.c.obj
 .text.cyw43_kso_set
                0x00000000100133d4       0xa0 CMakeFiles/pico_webserver.dir/pico-sdk/lib/cyw43-driver/src/cyw43_ll.c.obj
 .text.cyw43_ll_sdpcm_poll_device
                0x0000000010013474      0x238 CMakeFiles/pico_webserver.dir/pico-sdk/lib/cyw43-driver/src/cyw43_ll.c.obj
 .text.cyw43_sdpcm_send_common
                0x00000000100136ac       0xf0 CMakeFiles/pico_webserver.dir/pico-sdk/lib/cyw43-driver/src/cyw43_ll.c.obj
 .text.cyw43_do_ioctl
                0x000000001001379c      0x110 CMakeFiles/pico_webserver.dir/pico-sdk/lib/cyw43-driver/src/cyw43_ll.c.obj
 .text.cyw43_do_ioctl.constprop.0
                0x00000000100138ac      0x108 CMakeFiles/pico_webserver.dir/pico-sdk/lib/cyw43-driver/src/cyw43_ll.c.obj
 .text.cyw43_read_backplane.constprop.0
                0x00000000100139b4       0xdc CMakeFiles/pico_webserver.dir/pico-sdk/lib/cyw43-driver/src/cyw43_ll.c.obj
 .text.reset_device_core.constprop.0
                0x0000000010013a90      0x3f0 CMakeFiles/pico_webserver.dir/pico-sdk/lib/cyw43-driver/src/cyw43_ll.c.obj
 .text.cyw43_ll_init
                0x0000000010013e80       0x1c CMakeFiles/pico_webserver.dir/pico-sdk/lib/cyw43-driver/src/cyw43_ll.c.obj
                0x0000000010013e80                cyw43_ll_init
 .text.cyw43_ll_deinit
                0x0000000010013e9c        0x8 CMakeFiles/pico_webserver.dir/pico-sdk/lib/cyw43-driver/src/cyw43_ll.c.obj
                0x0000000010013e9c                cyw43_ll_deinit
 .text.cyw43_ll_send_ethernet
                0x0000000010013ea4       0x60 CMakeFiles/pico_webserver.dir/pico-sdk/lib/cyw43-driver/src/cyw43_ll.c.obj
                0x0000000010013ea4                cyw43_ll_send_ethernet
 .text.cyw43_ll_process_packets
                0x0000000010013f04       0x54 CMakeFiles/pico_webserver.dir/pico-sdk/lib/cyw43-driver/src/cyw43_ll.c.obj
                0x0000000010013f04                cyw43_ll_process_packets
 .text.cyw43_ll_ioctl
                0x0000000010013f58       0x20 CMakeFiles/pico_webserver.dir/pico-sdk/lib/cyw43-driver/src/cyw43_ll.c.obj
                0x0000000010013f58                cyw43_ll_ioctl
 .text.cyw43_ll_bus_sleep
                0x0000000010013f78       0x34 CMakeFiles/pico_webserver.dir/pico-sdk/lib/cyw43-driver/src/cyw43_ll.c.obj
                0x0000000010013f78                cyw43_ll_bus_sleep
 .text.cyw43_ll_bus_init
                0x0000000010013fac      0xbf0 CMakeFiles/pico_webserver.dir/pico-sdk/lib/cyw43-driver/src/cyw43_ll.c.obj
                0x0000000010013fac                cyw43_ll_bus_init
 .text.cyw43_ll_wifi_on
                0x0000000010014b9c      0x240 CMakeFiles/pico_webserver.dir/pico-sdk/lib/cyw43-driver/src/cyw43_ll.c.obj
                0x0000000010014b9c                cyw43_ll_wifi_on
 .text.cyw43_ll_wifi_get_mac
                0x0000000010014ddc       0x44 CMakeFiles/pico_webserver.dir/pico-sdk/lib/cyw43-driver/src/cyw43_ll.c.obj
                0x0000000010014ddc                cyw43_ll_wifi_get_mac
 .text.cyw43_ll_wifi_pm
                0x0000000010014e20      0x194 CMakeFiles/pico_webserver.dir/pico-sdk/lib/cyw43-driver/src/cyw43_ll.c.obj
                0x0000000010014e20                cyw43_ll_wifi_pm
 .text.cyw43_ll_wifi_set_wpa_auth
                0x0000000010014fb4       0x2c CMakeFiles/pico_webserver.dir/pico-sdk/lib/cyw43-driver/src/cyw43_ll.c.obj
                0x0000000010014fb4                cyw43_ll_wifi_set_wpa_auth
 .text.cyw43_ll_wifi_rejoin
                0x0000000010014fe0       0x1c CMakeFiles/pico_webserver.dir/pico-sdk/lib/cyw43-driver/src/cyw43_ll.c.obj
                0x0000000010014fe0                cyw43_ll_wifi_rejoin
 .text.cyw43_ll_wifi_ap_init
                0x0000000010014ffc      0x2c4 CMakeFiles/pico_webserver.dir/pico-sdk/lib/cyw43-driver/src/cyw43_ll.c.obj
                0x0000000010014ffc                cyw43_ll_wifi_ap_init
 .text.cyw43_ll_wifi_ap_set_up
                0x00000000100152c0       0x54 CMakeFiles/pico_webserver.dir/pico-sdk/lib/cyw43-driver/src/cyw43_ll.c.obj
                0x00000000100152c0                cyw43_ll_wifi_ap_set_up
 .text.cyw43_ll_gpio_set
                0x0000000010015314       0x6c CMakeFiles/pico_webserver.dir/pico-sdk/lib/cyw43-driver/src/cyw43_ll.c.obj
                0x0000000010015314                cyw43_ll_gpio_set
 .text.cyw43_ll_has_work
                0x0000000010015380       0x14 CMakeFiles/pico_webserver.dir/pico-sdk/lib/cyw43-driver/src/cyw43_ll.c.obj
                0x0000000010015380                cyw43_ll_has_work
 .text.cyw43_netif_init
                0x0000000010015394       0x3c CMakeFiles/pico_webserver.dir/pico-sdk/lib/cyw43-driver/src/cyw43_lwip.c.obj
 .text.cyw43_netif_output
                0x00000000100153d0       0x34 CMakeFiles/pico_webserver.dir/pico-sdk/lib/cyw43-driver/src/cyw43_lwip.c.obj
 .text.cyw43_cb_tcpip_init
                0x0000000010015404       0xf4 CMakeFiles/pico_webserver.dir/pico-sdk/lib/cyw43-driver/src/cyw43_lwip.c.obj
                0x0000000010015404                cyw43_cb_tcpip_init
 .text.cyw43_cb_tcpip_deinit
                0x00000000100154f8       0x4c CMakeFiles/pico_webserver.dir/pico-sdk/lib/cyw43-driver/src/cyw43_lwip.c.obj
                0x00000000100154f8                cyw43_cb_tcpip_deinit
 .text.cyw43_cb_process_ethernet
                0x0000000010015544       0x68 CMakeFiles/pico_webserver.dir/pico-sdk/lib/cyw43-driver/src/cyw43_lwip.c.obj
                0x0000000010015544                cyw43_cb_process_ethernet
 .text.cyw43_cb_tcpip_set_link_up
                0x00000000100155ac       0x18 CMakeFiles/pico_webserver.dir/pico-sdk/lib/cyw43-driver/src/cyw43_lwip.c.obj
                0x00000000100155ac                cyw43_cb_tcpip_set_link_up
 .text.cyw43_cb_tcpip_set_link_down
                0x00000000100155c4       0x18 CMakeFiles/pico_webserver.dir/pico-sdk/lib/cyw43-driver/src/cyw43_lwip.c.obj
                0x00000000100155c4                cyw43_cb_tcpip_set_link_down
 .text.cyw43_poll_func