Archive member included to satisfy reference by file (symbol)

/usr/lib/gcc/arm-none-eabi/10.3.1/thumb/v6-m/nofp/libgcc.a(_dvmd_tls.o)
                              CMakeFiles/pico_webserver.dir/pico-sdk/src/rp2_common/pico_divider/divider.S.obj (__aeabi_idiv0)
/usr/lib/gcc/arm-none-eabi/10.3.1/../../../arm-none-eabi/lib/thumb/v6-m/nofp/libc.a(lib_a-atexit.o)
                              /usr/lib/gcc/arm-none-eabi/10.3.1/../../../arm-none-eabi/lib/thumb/v6-m/nofp/crt0.o (atexit)
/usr/lib/gcc/arm-none-eabi/10.3.1/../../../arm-none-eabi/lib/thumb/v6-m/nofp/libc.a(lib_a-atoi.o)
                              CMakeFiles/pico_webserver.dir/pico-sdk/lib/lwip/src/core/netif.c.obj (atoi)
/usr/lib/gcc/arm-none-eabi/10.3.1/../../../arm-none-eabi/lib/thumb/v6-m/nofp/libc.a(lib_a-calloc.o)
                              CMakeFiles/pico_webserver.dir/pico-sdk/src/rp2_common/pico_malloc/pico_malloc.c.obj (calloc)
/usr/lib/gcc/arm-none-eabi/10.3.1/../../../arm-none-eabi/lib/thumb/v6-m/nofp/libc.a(lib_a-callocr.o)
                              /usr/lib/gcc/arm-none-eabi/10.3.1/../../../arm-none-eabi/lib/thumb/v6-m/nofp/libc.a(lib_a-calloc.o) (_calloc_r)
/usr/lib/gcc/arm-none-eabi/10.3.1/../../../arm-none-eabi/lib/thumb/v6-m/nofp/libc.a(lib_a-ctype_.o)
                              CMakeFiles/pico_webserver.dir/pico-sdk/lib/lwip/src/core/ipv4/ip4_addr.c.obj (_ctype_)
/usr/lib/gcc/arm-none-eabi/10.3.1/../../../arm-none-eabi/lib/thumb/v6-m/nofp/libc.a(lib_a-fini.o)
                              /usr/lib/gcc/arm-none-eabi/10.3.1/../../../arm-none-eabi/lib/thumb/v6-m/nofp/crt0.o (__libc_fini_array)
/usr/lib/gcc/arm-none-eabi/10.3.1/../../../arm-none-eabi/lib/thumb/v6-m/nofp/libc.a(lib_a-impure.o)
                              /usr/lib/gcc/arm-none-eabi/10.3.1/../../../arm-none-eabi/lib/thumb/v6-m/nofp/libc.a(lib_a-calloc.o) (_impure_ptr)
/usr/lib/gcc/arm-none-eabi/10.3.1/../../../arm-none-eabi/lib/thumb/v6-m/nofp/libc.a(lib_a-init.o)
                              /usr/lib/gcc/arm-none-eabi/10.3.1/../../../arm-none-eabi/lib/thumb/v6-m/nofp/crt0.o (__libc_init_array)
/usr/lib/gcc/arm-none-eabi/10.3.1/../../../arm-none-eabi/lib/thumb/v6-m/nofp/libc.a(lib_a-malloc.o)
                              CMakeFiles/pico_webserver.dir/pico-sdk/src/rp2_common/pico_malloc/pico_malloc.c.obj (malloc)
/usr/lib/gcc/arm-none-eabi/10.3.1/../../../arm-none-eabi/lib/thumb/v6-m/nofp/libc.a(lib_a-mallocr.o)
                              /usr/lib/gcc/arm-none-eabi/10.3.1/../../../arm-none-eabi/lib/thumb/v6-m/nofp/libc.a(lib_a-callocr.o) (_malloc_r)
/usr/lib/gcc/arm-none-eabi/10.3.1/../../../arm-none-eabi/lib/thumb/v6-m/nofp/libc.a(lib_a-memcmp.o)
                              CMakeFiles/pico_webserver.dir/pico-sdk/lib/tinyusb/lib/networking/dhserver.c.obj (memcmp)
/usr/lib/gcc/arm-none-eabi/10.3.1/../../../arm-none-eabi/lib/thumb/v6-m/nofp/libc.a(lib_a-memmove.o)
                              CMakeFiles/pico_webserver.dir/pico-sdk/lib/lwip/src/core/def.c.obj (memmove)
/usr/lib/gcc/arm-none-eabi/10.3.1/../../../arm-none-eabi/lib/thumb/v6-m/nofp/libc.a(lib_a-mlock.o)
                              /usr/lib/gcc/arm-none-eabi/10.3.1/../../../arm-none-eabi/lib/thumb/v6-m/nofp/libc.a(lib_a-mallocr.o) (__malloc_lock)
/usr/lib/gcc/arm-none-eabi/10.3.1/../../../arm-none-eabi/lib/thumb/v6-m/nofp/libc.a(lib_a-rand.o)
                              CMakeFiles/pico_webserver.dir/ssi.cpp.obj (rand)
/usr/lib/gcc/arm-none-eabi/10.3.1/../../../arm-none-eabi/lib/thumb/v6-m/nofp/libc.a(lib_a-realloc.o)
                              CMakeFiles/pico_webserver.dir/pico-sdk/src/rp2_common/pico_malloc/pico_malloc.c.obj (realloc)
/usr/lib/gcc/arm-none-eabi/10.3.1/../../../arm-none-eabi/lib/thumb/v6-m/nofp/libc.a(lib_a-reallocr.o)
                              /usr/lib/gcc/arm-none-eabi/10.3.1/../../../arm-none-eabi/lib/thumb/v6-m/nofp/libc.a(lib_a-realloc.o) (_realloc_r)
/usr/lib/gcc/arm-none-eabi/10.3.1/../../../arm-none-eabi/lib/thumb/v6-m/nofp/libc.a(lib_a-sbrkr.o)
                              /usr/lib/gcc/arm-none-eabi/10.3.1/../../../arm-none-eabi/lib/thumb/v6-m/nofp/libc.a(lib_a-mallocr.o) (_sbrk_r)
/usr/lib/gcc/arm-none-eabi/10.3.1/../../../arm-none-eabi/lib/thumb/v6-m/nofp/libc.a(lib_a-strchr.o)
                              CMakeFiles/pico_webserver.dir/pico-sdk/lib/lwip/src/apps/http/httpd.c.obj (strchr)
/usr/lib/gcc/arm-none-eabi/10.3.1/../../../arm-none-eabi/lib/thumb/v6-m/nofp/libc.a(lib_a-strcmp.o)
                              CMakeFiles/pico_webserver.dir/cgi.cpp.obj (strcmp)
/usr/lib/gcc/arm-none-eabi/10.3.1/../../../arm-none-eabi/lib/thumb/v6-m/nofp/libc.a(lib_a-strcpy.o)
                              CMakeFiles/pico_webserver.dir/cgi.cpp.obj (strcpy)
/usr/lib/gcc/arm-none-eabi/10.3.1/../../../arm-none-eabi/lib/thumb/v6-m/nofp/libc.a(lib_a-strlen-stub.o)
                              CMakeFiles/pico_webserver.dir/usb_descriptors.c.obj (strlen)
/usr/lib/gcc/arm-none-eabi/10.3.1/../../../arm-none-eabi/lib/thumb/v6-m/nofp/libc.a(lib_a-strncmp.o)
[...]
Memory Configuration

Name             Origin             Length             Attributes
FLASH            0x0000000010000000 0x0000000000200000 xr
RAM              0x0000000020000000 0x0000000000040000 xrw
SCRATCH_X        0x0000000020040000 0x0000000000001000 xrw
SCRATCH_Y        0x0000000020041000 0x0000000000001000 xrw
*default*        0x0000000000000000 0xffffffffffffffff

Linker script and memory map

LOAD /usr/lib/gcc/arm-none-eabi/10.3.1/thumb/v6-m/nofp/crti.o
LOAD /usr/lib/gcc/arm-none-eabi/10.3.1/thumb/v6-m/nofp/crtbegin.o
LOAD /usr/lib/gcc/arm-none-eabi/10.3.1/../../../arm-none-eabi/lib/thumb/v6-m/nofp/crt0.o

.flash_begin    0x0000000010000000        0x0
                0x0000000010000000                __flash_binary_start = .

.boot2          0x0000000010000000      0x100
                0x0000000010000000                __boot2_start__ = .
 *(.boot2)
 .boot2         0x0000000010000000      0x100 /tmp/cciK8mwo.o
                0x0000000010000100                __boot2_end__ = .
                0x0000000000000001                ASSERT (((__boot2_end__ - __boot2_start__) == 0x100), ERROR: Pico second stage bootloader must be 256 bytes in size)

.text           0x0000000010000100    0x191d0
                0x0000000010000100                __logical_binary_start = .
 *(.vectors)
 .vectors       0x0000000010000100       0xd4 CMakeFiles/pico_webserver.dir/pico-sdk/src/rp2_common/pico_standard_link/crt0.S.obj
                0x0000000010000100                __vectors
                0x0000000010000100                __VECTOR_TABLE
                0x00000000100001c0                isr_invalid
                0x00000000100001c0                __default_isrs_start
                0x00000000100001c2                isr_nmi
                0x00000000100001c4                isr_hardfault
                0x00000000100001c6                isr_svcall
                0x00000000100001c8                isr_pendsv
                0x00000000100001ca                isr_systick
                0x00000000100001cc                isr_irq30
                0x00000000100001cc                __unhandled_user_irq
                0x00000000100001cc                isr_irq13
                0x00000000100001cc                isr_irq27
                0x00000000100001cc                isr_irq31
                0x00000000100001cc                isr_irq5
                0x00000000100001cc                isr_irq11
                0x00000000100001cc                isr_irq23
                0x00000000100001cc                isr_irq18
                0x00000000100001cc                isr_irq28
                0x00000000100001cc                isr_irq19
                0x00000000100001cc                isr_irq0
                0x00000000100001cc                isr_irq6
                0x00000000100001cc                isr_irq22
                0x00000000100001cc                isr_irq17
                0x00000000100001cc                isr_irq14
                0x00000000100001cc                isr_irq2
                0x00000000100001cc                isr_irq10
                0x00000000100001cc                isr_irq8
                0x00000000100001cc                isr_irq24
                0x00000000100001cc                isr_irq1
                0x00000000100001cc                isr_irq7
                0x00000000100001cc                isr_irq21
                0x00000000100001cc                isr_irq20
                0x00000000100001cc                isr_irq15
                0x00000000100001cc                isr_irq25
                0x00000000100001cc                isr_irq4
                0x00000000100001cc                isr_irq16
                0x00000000100001cc                isr_irq29
                0x00000000100001cc                isr_irq26
                0x00000000100001cc                __default_isrs_end
                0x00000000100001cc                isr_irq3
                0x00000000100001cc                isr_irq12
                0x00000000100001cc                isr_irq9
                0x00000000100001d2                unhandled_user_irq_num_in_r0
 *(.binary_info_header)
 .binary_info_header
                0x00000000100001d4       0x14 CMakeFiles/pico_webserver.dir/pico-sdk/src/rp2_common/pico_standard_link/crt0.S.obj
                0x00000000100001e8                __binary_info_header_end = .
 *(.reset)
 .reset         0x00000000100001e8       0xa0 CMakeFiles/pico_webserver.dir/pico-sdk/src/rp2_common/pico_standard_link/crt0.S.obj
                0x00000000100001e8                _entry_point
 .reset         0x0000000010000288       0x30 CMakeFiles/pico_webserver.dir/pico-sdk/src/rp2_common/pico_standard_link/binary_info.c.obj
 *(.init)
 .init          0x00000000100002b8        0x4 /usr/lib/gcc/arm-none-eabi/10.3.1/thumb/v6-m/nofp/crti.o
                0x00000000100002b8                _init
 *(EXCLUDE_FILE(*libm.a: *libc.a:*lib_a-mem*.o *libgcc.a:) .text*)
 .text          0x00000000100002bc       0x98 /usr/lib/gcc/arm-none-eabi/10.3.1/thumb/v6-m/nofp/crtbegin.o
 .text.startup.main
                0x0000000010000354       0x8c CMakeFiles/pico_webserver.dir/webserver.c.obj
                0x0000000010000354                main
 .text.netif_init_cb
                0x00000000100003e0       0x30 CMakeFiles/pico_webserver.dir/tusb_lwip_glue.c.obj
 .text.output_fn
                0x0000000010000410        0x8 CMakeFiles/pico_webserver.dir/tusb_lwip_glue.c.obj
 .text.linkoutput_fn
                0x0000000010000418       0x3c CMakeFiles/pico_webserver.dir/tusb_lwip_glue.c.obj
 .text.init_lwip
                0x0000000010000454       0x5c CMakeFiles/pico_webserver.dir/tusb_lwip_glue.c.obj
                0x0000000010000454                init_lwip
 .text.tud_network_init_cb
                0x00000000100004b0       0x18 CMakeFiles/pico_webserver.dir/tusb_lwip_glue.c.obj
                0x00000000100004b0                tud_network_init_cb
 .text.tud_network_recv_cb
                0x00000000100004c8       0x48 CMakeFiles/pico_webserver.dir/tusb_lwip_glue.c.obj
                0x00000000100004c8                tud_network_recv_cb
 .text.tud_network_xmit_cb
                0x0000000010000510       0x3c CMakeFiles/pico_webserver.dir/tusb_lwip_glue.c.obj
                0x0000000010000510                tud_network_xmit_cb
 .text.service_traffic
                0x000000001000054c       0x2c CMakeFiles/pico_webserver.dir/tusb_lwip_glue.c.obj
                0x000000001000054c                service_traffic
 .text.dhcpd_init
                0x0000000010000578       0x14 CMakeFiles/pico_webserver.dir/tusb_lwip_glue.c.obj
                0x0000000010000578                dhcpd_init
 .text.wait_for_netif_is_up
                0x000000001000058c       0x14 CMakeFiles/pico_webserver.dir/tusb_lwip_glue.c.obj
                0x000000001000058c                wait_for_netif_is_up
 .text.tud_descriptor_device_cb
                0x00000000100005a0        0x8 CMakeFiles/pico_webserver.dir/usb_descriptors.c.obj
                0x00000000100005a0                tud_descriptor_device_cb
 .text.tud_descriptor_configuration_cb
                0x00000000100005a8       0x14 CMakeFiles/pico_webserver.dir/usb_descriptors.c.obj
                0x00000000100005a8                tud_descriptor_configuration_cb
 .text.tud_descriptor_string_cb
                0x00000000100005bc      0x17c CMakeFiles/pico_webserver.dir/usb_descriptors.c.obj
                0x00000000100005bc                tud_descriptor_string_cb
 .text.fill_options
                0x0000000010000738       0xdc CMakeFiles/pico_webserver.dir/pico-sdk/lib/tinyusb/lib/networking/dhserver.c.obj
                0x0000000010000738                fill_options
 .text.udp_recv_proc
                0x0000000010000814      0x2e4 CMakeFiles/pico_webserver.dir/pico-sdk/lib/tinyusb/lib/networking/dhserver.c.obj
 .text.dhserv_init
                0x0000000010000af8       0x64 CMakeFiles/pico_webserver.dir/pico-sdk/lib/tinyusb/lib/networking/dhserver.c.obj
                0x0000000010000af8                dhserv_init
 .text.rndis_class_set_handler
                0x0000000010000b5c      0x2d4 CMakeFiles/pico_webserver.dir/pico-sdk/lib/tinyusb/lib/networking/rndis_reports.c.obj
                0x0000000010000b5c                rndis_class_set_handler
 .text._Z11scan_resultPvPK23_cyw43_ev_scan_result_t
                0x0000000010000e30       0x4c CMakeFiles/pico_webserver.dir/ssi.cpp.obj
                0x0000000010000e30                scan_result(void*, _cyw43_ev_scan_result_t const*)
 .text.ssi_init
                0x0000000010000e7c       0x4c CMakeFiles/pico_webserver.dir/ssi.cpp.obj
                0x0000000010000e7c                ssi_init
 .text.cgi_handler_basic
                0x0000000010000ec8      0x11c CMakeFiles/pico_webserver.dir/cgi.cpp.obj
                0x0000000010000ec8                cgi_handler_basic
 .text.cgi_handler_extended
                0x0000000010000fe4      0x11c CMakeFiles/pico_webserver.dir/cgi.cpp.obj
                0x0000000010000fe4                cgi_handler_extended
 .text.wifi_cred_set
                0x0000000010001100       0xa4 CMakeFiles/pico_webserver.dir/cgi.cpp.obj
                0x0000000010001100                wifi_cred_set
 .text.cgi_toggle_led
                0x00000000100011a4       0x20 CMakeFiles/pico_webserver.dir/cgi.cpp.obj
 .text.cgi_reset_usb_boot
                0x00000000100011c4       0x14 CMakeFiles/pico_webserver.dir/cgi.cpp.obj
 .text.cgi_init
                0x00000000100011d8       0x2c CMakeFiles/pico_webserver.dir/cgi.cpp.obj
                0x00000000100011d8                cgi_init
 .text.core1_entry
                0x0000000010001204       0x30 CMakeFiles/pico_webserver.dir/wifi_code.c.obj
                0x0000000010001204                core1_entry
 .text.set_sys_clock_pll
                0x0000000010001234       0x78 CMakeFiles/pico_webserver.dir/pico-sdk/src/rp2_common/pico_stdlib/stdlib.c.obj
                0x0000000010001234                set_sys_clock_pll
 .text.check_sys_clock_khz
                0x00000000100012ac      0x17c CMakeFiles/pico_webserver.dir/pico-sdk/src/rp2_common/pico_stdlib/stdlib.c.obj
                0x00000000100012ac                check_sys_clock_khz
 .text.gpio_set_function
                0x0000000010001428       0x30 CMakeFiles/pico_webserver.dir/pico-sdk/src/rp2_common/hardware_gpio/gpio.c.obj
                0x0000000010001428                gpio_set_function
 .text.gpio_set_pulls
                0x0000000010001458       0x30 CMakeFiles/pico_webserver.dir/pico-sdk/src/rp2_common/hardware_gpio/gpio.c.obj
                0x0000000010001458                gpio_set_pulls
 .text.gpio_set_input_hysteresis_enabled
                0x0000000010001488       0x28 CMakeFiles/pico_webserver.dir/pico-sdk/src/rp2_common/hardware_gpio/gpio.c.obj
                0x0000000010001488                gpio_set_input_hysteresis_enabled
 .text.gpio_set_irq_enabled
                0x00000000100014b0       0x54 CMakeFiles/pico_webserver.dir/pico-sdk/src/rp2_common/hardware_gpio/gpio.c.obj
                0x00000000100014b0                gpio_set_irq_enabled
 .text.gpio_add_raw_irq_handler_with_order_priority_masked
                0x0000000010001504       0x44 CMakeFiles/pico_webserver.dir/pico-sdk/src/rp2_common/hardware_gpio/gpio.c.obj
                0x0000000010001504                gpio_add_raw_irq_handler_with_order_priority_masked
 .text.gpio_remove_raw_irq_handler_masked
                0x0000000010001548       0x20 CMakeFiles/pico_webserver.dir/pico-sdk/src/rp2_common/hardware_gpio/gpio.c.obj
                0x0000000010001548                gpio_remove_raw_irq_handler_masked
 .text.gpio_set_input_enabled
                0x0000000010001568       0x28 CMakeFiles/pico_webserver.dir/pico-sdk/src/rp2_common/hardware_gpio/gpio.c.obj
                0x0000000010001568                gpio_set_input_enabled
 .text.gpio_init
                0x0000000010001590       0x3c CMakeFiles/pico_webserver.dir/pico-sdk/src/rp2_common/hardware_gpio/gpio.c.obj
                0x0000000010001590                gpio_init
 .text.running_on_fpga
                0x00000000100015cc       0x10 CMakeFiles/pico_webserver.dir/pico-sdk/src/rp2_common/pico_platform/platform.c.obj
                0x00000000100015cc                running_on_fpga
 .text.hw_claim_lock
                0x00000000100015dc       0x18 CMakeFiles/pico_webserver.dir/pico-sdk/src/rp2_common/hardware_claim/claim.c.obj
                0x00000000100015dc                hw_claim_lock
 .text.hw_claim_unlock
                0x00000000100015f4       0x14 CMakeFiles/pico_webserver.dir/pico-sdk/src/rp2_common/hardware_claim/claim.c.obj
                0x00000000100015f4                hw_claim_unlock
 .text.hw_claim_or_assert
                0x0000000010001608       0x44 CMakeFiles/pico_webserver.dir/pico-sdk/src/rp2_common/hardware_claim/claim.c.obj
                0x0000000010001608                hw_claim_or_assert
 .text.hw_claim_unused_from_range
                0x000000001000164c       0x9c CMakeFiles/pico_webserver.dir/pico-sdk/src/rp2_common/hardware_claim/claim.c.obj
                0x000000001000164c                hw_claim_unused_from_range
 .text.hw_claim_clear
                0x00000000100016e8       0x38 CMakeFiles/pico_webserver.dir/pico-sdk/src/rp2_common/hardware_claim/claim.c.obj
                0x00000000100016e8                hw_claim_clear
 .text.spin_locks_reset
                0x0000000010001720       0x1c CMakeFiles/pico_webserver.dir/pico-sdk/src/rp2_common/hardware_sync/sync.c.obj
                0x0000000010001720                spin_locks_reset
 .text.next_striped_spin_lock_num
                0x000000001000173c       0x18 CMakeFiles/pico_webserver.dir/pico-sdk/src/rp2_common/hardware_sync/sync.c.obj
                0x000000001000173c                next_striped_spin_lock_num
 .text.spin_lock_claim_unused
                0x0000000010001754       0x20 CMakeFiles/pico_webserver.dir/pico-sdk/src/rp2_common/hardware_sync/sync.c.obj
                0x0000000010001754                spin_lock_claim_unused
 .text.irq_set_enabled
                0x0000000010001774       0x24 CMakeFiles/pico_webserver.dir/pico-sdk/src/rp2_common/hardware_irq/irq.c.obj
                0x0000000010001774                irq_set_enabled
 .text.irq_is_enabled
                0x0000000010001798       0x18 CMakeFiles/pico_webserver.dir/pico-sdk/src/rp2_common/hardware_irq/irq.c.obj
                0x0000000010001798                irq_is_enabled
 .text.irq_set_pending
                0x00000000100017b0       0x10 CMakeFiles/pico_webserver.dir/pico-sdk/src/rp2_common/hardware_irq/irq.c.obj
                0x00000000100017b0                irq_set_pending
 .text.irq_get_vtable_handler
                0x00000000100017c0       0x10 CMakeFiles/pico_webserver.dir/pico-sdk/src/rp2_common/hardware_irq/irq.c.obj
                0x00000000100017c0                irq_get_vtable_handler
 .text.irq_set_exclusive_handler
                0x00000000100017d0       0x54 CMakeFiles/pico_webserver.dir/pico-sdk/src/rp2_common/hardware_irq/irq.c.obj
                0x00000000100017d0                irq_set_exclusive_handler
 .text.irq_add_shared_handler
                0x0000000010001824      0x1e8 CMakeFiles/pico_webserver.dir/pico-sdk/src/rp2_common/hardware_irq/irq.c.obj
                0x0000000010001824                irq_add_shared_handler
 .text.irq_remove_handler
                0x0000000010001a0c      0x1b0 CMakeFiles/pico_webserver.dir/pico-sdk/src/rp2_common/hardware_irq/irq.c.obj
                0x0000000010001a0c                irq_remove_handler
 .text.irq_set_priority
                0x0000000010001bbc       0x28 CMakeFiles/pico_webserver.dir/pico-sdk/src/rp2_common/hardware_irq/irq.c.obj
                0x0000000010001bbc                irq_set_priority
 .text.irq_add_tail_to_free_list
                0x0000000010001be4       0xb4 CMakeFiles/pico_webserver.dir/pico-sdk/src/rp2_common/hardware_irq/irq.c.obj
                0x0000000010001be4                irq_add_tail_to_free_list
 .text.irq_init_priorities
                0x0000000010001c98       0x24 CMakeFiles/pico_webserver.dir/pico-sdk/src/rp2_common/hardware_irq/irq.c.obj
                0x0000000010001c98                irq_init_priorities
 .text.user_irq_unclaim
                0x0000000010001cbc       0x14 CMakeFiles/pico_webserver.dir/pico-sdk/src/rp2_common/hardware_irq/irq.c.obj
                0x0000000010001cbc                user_irq_unclaim
 .text.user_irq_claim_unused
                0x0000000010001cd0       0x28 CMakeFiles/pico_webserver.dir/pico-sdk/src/rp2_common/hardware_irq/irq.c.obj
                0x0000000010001cd0                user_irq_claim_unused
 .text.sem_init
                0x0000000010001cf8       0x20 CMakeFiles/pico_webserver.dir/pico-sdk/src/common/pico_sync/sem.c.obj
                0x0000000010001cf8                sem_init
 .text.lock_init
                0x0000000010001d18       0x10 CMakeFiles/pico_webserver.dir/pico-sdk/src/common/pico_sync/lock_core.c.obj
                0x0000000010001d18                lock_init
 .text.mutex_init
                0x0000000010001d28       0x1c CMakeFiles/pico_webserver.dir/pico-sdk/src/common/pico_sync/mutex.c.obj
                0x0000000010001d28                mutex_init
 .text.recursive_mutex_init
                0x0000000010001d44       0x1c CMakeFiles/pico_webserver.dir/pico-sdk/src/common/pico_sync/mutex.c.obj
                0x0000000010001d44                recursive_mutex_init
 .text.critical_section_init
                0x0000000010001d60       0x20 CMakeFiles/pico_webserver.dir/pico-sdk/src/common/pico_sync/critical_section.c.obj
                0x0000000010001d60                critical_section_init
 .text.timer_pool_entry_comparator
                0x0000000010001d80       0x34 CMakeFiles/pico_webserver.dir/pico-sdk/src/common/pico_time/time.c.obj
                0x0000000010001d80                timer_pool_entry_comparator
 .text.sleep_until_callback
                0x0000000010001db4       0x30 CMakeFiles/pico_webserver.dir/pico-sdk/src/common/pico_time/time.c.obj
 .text.add_alarm_under_lock.isra.0
                0x0000000010001de4      0x100 CMakeFiles/pico_webserver.dir/pico-sdk/src/common/pico_time/time.c.obj
 .text.alarm_pool_alarm_callback
                0x0000000010001ee4      0x1bc CMakeFiles/pico_webserver.dir/pico-sdk/src/common/pico_time/time.c.obj
 .text.alarm_pool_init_default
                0x00000000100020a0       0x6c CMakeFiles/pico_webserver.dir/pico-sdk/src/common/pico_time/time.c.obj
                0x00000000100020a0                alarm_pool_init_default
 .text.alarm_pool_get_default
                0x000000001000210c        0x8 CMakeFiles/pico_webserver.dir/pico-sdk/src/common/pico_time/time.c.obj
                0x000000001000210c                alarm_pool_get_default
 .text.alarm_pool_create_with_unused_hardware_alarm
                0x0000000010002114       0x74 CMakeFiles/pico_webserver.dir/pico-sdk/src/common/pico_time/time.c.obj
                0x0000000010002114                alarm_pool_create_with_unused_hardware_alarm
 .text.alarm_pool_destroy
                0x0000000010002188       0x44 CMakeFiles/pico_webserver.dir/pico-sdk/src/common/pico_time/time.c.obj
                0x0000000010002188                alarm_pool_destroy
 .text.alarm_pool_add_alarm_at
                0x00000000100021cc      0x178 CMakeFiles/pico_webserver.dir/pico-sdk/src/common/pico_time/time.c.obj
                0x00000000100021cc                alarm_pool_add_alarm_at
 .text.alarm_pool_add_alarm_at_force_in_context
                0x0000000010002344      0x124 CMakeFiles/pico_webserver.dir/pico-sdk/src/common/pico_time/time.c.obj
                0x0000000010002344                alarm_pool_add_alarm_at_force_in_context
 .text.alarm_pool_cancel_alarm
                0x0000000010002468       0x78 CMakeFiles/pico_webserver.dir/pico-sdk/src/common/pico_time/time.c.obj
                0x0000000010002468                alarm_pool_cancel_alarm
 .text.alarm_pool_core_num
                0x00000000100024e0        0x4 CMakeFiles/pico_webserver.dir/pico-sdk/src/common/pico_time/time.c.obj
                0x00000000100024e0                alarm_pool_core_num
 .text.sleep_until
                0x00000000100024e4       0xc4 CMakeFiles/pico_webserver.dir/pico-sdk/src/common/pico_time/time.c.obj
                0x00000000100024e4                sleep_until
 .text.sleep_ms
                0x00000000100025a8       0x34 CMakeFiles/pico_webserver.dir/pico-sdk/src/common/pico_time/time.c.obj
                0x00000000100025a8                sleep_ms
 .text.best_effort_wfe_or_timeout
                0x00000000100025dc       0xd4 CMakeFiles/pico_webserver.dir/pico-sdk/src/common/pico_time/time.c.obj
                0x00000000100025dc                best_effort_wfe_or_timeout
 .text.hardware_alarm_irq_handler
                0x00000000100026b0       0xbc CMakeFiles/pico_webserver.dir/pico-sdk/src/rp2_common/hardware_timer/timer.c.obj
 .text.hardware_alarm_claim
                0x000000001000276c       0x18 CMakeFiles/pico_webserver.dir/pico-sdk/src/rp2_common/hardware_timer/timer.c.obj
                0x000000001000276c                hardware_alarm_claim
 .text.hardware_alarm_unclaim
                0x0000000010002784       0x10 CMakeFiles/pico_webserver.dir/pico-sdk/src/rp2_common/hardware_timer/timer.c.obj
                0x0000000010002784                hardware_alarm_unclaim
 .text.hardware_alarm_claim_unused
                0x0000000010002794       0x20 CMakeFiles/pico_webserver.dir/pico-sdk/src/rp2_common/hardware_timer/timer.c.obj
                0x0000000010002794                hardware_alarm_claim_unused
 .text.time_us_64
                0x00000000100027b4       0x14 CMakeFiles/pico_webserver.dir/pico-sdk/src/rp2_common/hardware_timer/timer.c.obj
                0x00000000100027b4                time_us_64
 .text.busy_wait_until
                0x00000000100027c8       0x20 CMakeFiles/pico_webserver.dir/pico-sdk/src/rp2_common/hardware_timer/timer.c.obj
                0x00000000100027c8                busy_wait_until
 .text.hardware_alarm_set_callback
                0x00000000100027e8       0x8c CMakeFiles/pico_webserver.dir/pico-sdk/src/rp2_common/hardware_timer/timer.c.obj
                0x00000000100027e8                hardware_alarm_set_callback
 .text.hardware_alarm_set_target
                0x0000000010002874       0xd4 CMakeFiles/pico_webserver.dir/pico-sdk/src/rp2_common/hardware_timer/timer.c.obj
                0x0000000010002874                hardware_alarm_set_target
 .text.hardware_alarm_cancel
                0x0000000010002948       0x3c CMakeFiles/pico_webserver.dir/pico-sdk/src/rp2_common/hardware_timer/timer.c.obj
                0x0000000010002948                hardware_alarm_cancel
 .text.hardware_alarm_force_irq
                0x0000000010002984       0x3c CMakeFiles/pico_webserver.dir/pico-sdk/src/rp2_common/hardware_timer/timer.c.obj
                0x0000000010002984                hardware_alarm_force_irq
 .text.ph_merge_nodes
                0x00000000100029c0       0x68 CMakeFiles/pico_webserver.dir/pico-sdk/src/common/pico_util/pheap.c.obj
 .text.ph_create
                0x0000000010002a28       0x60 CMakeFiles/pico_webserver.dir/pico-sdk/src/common/pico_util/pheap.c.obj
                0x0000000010002a28                ph_create
 .text.ph_post_alloc_init
                0x0000000010002a88       0x3c CMakeFiles/pico_webserver.dir/pico-sdk/src/common/pico_util/pheap.c.obj
                0x0000000010002a88                ph_post_alloc_init
 .text.ph_destroy
                0x0000000010002ac4       0x14 CMakeFiles/pico_webserver.dir/pico-sdk/src/common/pico_util/pheap.c.obj
                0x0000000010002ac4                ph_destroy
 .text.ph_merge_two_pass
                0x0000000010002ad8       0x90 CMakeFiles/pico_webserver.dir/pico-sdk/src/common/pico_util/pheap.c.obj
                0x0000000010002ad8                ph_merge_two_pass
 .text.ph_remove_any_head
                0x0000000010002b68      0x100 CMakeFiles/pico_webserver.dir/pico-sdk/src/common/pico_util/pheap.c.obj
 .text.ph_remove_head
                0x0000000010002c68      0x104 CMakeFiles/pico_webserver.dir/pico-sdk/src/common/pico_util/pheap.c.obj
                0x0000000010002c68                ph_remove_head
 .text.ph_remove_and_free_node
                0x0000000010002d6c       0x7c CMakeFiles/pico_webserver.dir/pico-sdk/src/common/pico_util/pheap.c.obj
                0x0000000010002d6c                ph_remove_and_free_node
 .text.queue_init_with_spinlock
                0x0000000010002de8       0x24 CMakeFiles/pico_webserver.dir/pico-sdk/src/common/pico_util/queue.c.obj
                0x0000000010002de8                queue_init_with_spinlock
 .text.clock_configure
                0x0000000010002e0c      0x118 CMakeFiles/pico_webserver.dir/pico-sdk/src/rp2_common/hardware_clocks/clocks.c.obj
                0x0000000010002e0c                clock_configure
 .text.clocks_init
                0x0000000010002f24      0x2d0 CMakeFiles/pico_webserver.dir/pico-sdk/src/rp2_common/hardware_clocks/clocks.c.obj
                0x0000000010002f24                clocks_init
 .text.clock_get_hz
                0x00000000100031f4        0xc CMakeFiles/pico_webserver.dir/pico-sdk/src/rp2_common/hardware_clocks/clocks.c.obj
                0x00000000100031f4                clock_get_hz
 .text.pll_init
                0x0000000010003200       0xa0 CMakeFiles/pico_webserver.dir/pico-sdk/src/rp2_common/hardware_pll/pll.c.obj
                0x0000000010003200                pll_init
 .text.watchdog_start_tick
                0x00000000100032a0       0x10 CMakeFiles/pico_webserver.dir/pico-sdk/src/rp2_common/hardware_watchdog/watchdog.c.obj
                0x00000000100032a0                watchdog_start_tick
 .text.xosc_init
                0x00000000100032b0       0x28 CMakeFiles/pico_webserver.dir/pico-sdk/src/rp2_common/hardware_xosc/xosc.c.obj
                0x00000000100032b0                xosc_init
 .text.runtime_init
                0x00000000100032d8       0xf0 CMakeFiles/pico_webserver.dir/pico-sdk/src/rp2_common/pico_runtime/runtime.c.obj
                0x00000000100032d8                runtime_init
 .text._exit    0x00000000100033c8       0x14 CMakeFiles/pico_webserver.dir/pico-sdk/src/rp2_common/pico_runtime/runtime.c.obj
                0x00000000100033c8                _exit
 .text._sbrk    0x00000000100033dc       0x34 CMakeFiles/pico_webserver.dir/pico-sdk/src/rp2_common/pico_runtime/runtime.c.obj
                0x00000000100033dc                _sbrk
 .text.exit     0x0000000010003410        0x8 CMakeFiles/pico_webserver.dir/pico-sdk/src/rp2_common/pico_runtime/runtime.c.obj
                0x0000000010003410                exit
 .text.panic    0x0000000010003418       0x30 CMakeFiles/pico_webserver.dir/pico-sdk/src/rp2_common/pico_runtime/runtime.c.obj
                0x0000000010003418                panic
 .text.hard_assertion_failure
                0x0000000010003448        0xc CMakeFiles/pico_webserver.dir/pico-sdk/src/rp2_common/pico_runtime/runtime.c.obj
                0x0000000010003448                hard_assertion_failure
 .text._out_buffer
                0x0000000010003454        0x8 CMakeFiles/pico_webserver.dir/pico-sdk/src/rp2_common/pico_printf/printf.c.obj
 .text._out_null
                0x000000001000345c        0x4 CMakeFiles/pico_webserver.dir/pico-sdk/src/rp2_common/pico_printf/printf.c.obj
 .text._out_rev
                0x0000000010003460       0x9c CMakeFiles/pico_webserver.dir/pico-sdk/src/rp2_common/pico_printf/printf.c.obj
 .text._ntoa_format
                0x00000000100034fc      0x1cc CMakeFiles/pico_webserver.dir/pico-sdk/src/rp2_common/pico_printf/printf.c.obj
 .text._out_char
                0x00000000100036c8       0x10 CMakeFiles/pico_webserver.dir/pico-sdk/src/rp2_common/pico_printf/printf.c.obj
 .text._out_fct
                0x00000000100036d8       0x10 CMakeFiles/pico_webserver.dir/pico-sdk/src/rp2_common/pico_printf/printf.c.obj
 .text._etoa    0x00000000100036e8      0x44c CMakeFiles/pico_webserver.dir/pico-sdk/src/rp2_common/pico_printf/printf.c.obj
 .text._ftoa    0x0000000010003b34      0x398 CMakeFiles/pico_webserver.dir/pico-sdk/src/rp2_common/pico_printf/printf.c.obj
 .text._vsnprintf
                0x0000000010003ecc      0xb04 CMakeFiles/pico_webserver.dir/pico-sdk/src/rp2_common/pico_printf/printf.c.obj
 .text.__wrap_sprintf
                0x00000000100049d0       0x28 CMakeFiles/pico_webserver.dir/pico-sdk/src/rp2_common/pico_printf/printf.c.obj
                0x00000000100049d0                __wrap_sprintf
 .text.__wrap_snprintf
                0x00000000100049f8       0x28 CMakeFiles/pico_webserver.dir/pico-sdk/src/rp2_common/pico_printf/printf.c.obj
                0x00000000100049f8                __wrap_snprintf
 .text.vfctprintf
                0x0000000010004a20       0x20 CMakeFiles/pico_webserver.dir/pico-sdk/src/rp2_common/pico_printf/printf.c.obj
                0x0000000010004a20                vfctprintf
 .text.weak_raw_vprintf
                0x0000000010004a40       0x30 CMakeFiles/pico_webserver.dir/pico-sdk/src/rp2_common/pico_printf/printf.c.obj
                0x0000000010004a40                weak_raw_vprintf
 .text          0x0000000010004a70       0x10 CMakeFiles/pico_webserver.dir/pico-sdk/src/rp2_common/pico_bit_ops/bit_ops_aeabi.S.obj
 .text.ctzsi    0x0000000010004a80        0xc CMakeFiles/pico_webserver.dir/pico-sdk/src/rp2_common/pico_bit_ops/bit_ops_aeabi.S.obj
                0x0000000010004a80                __wrap___ctzsi2
 .text.rom_func_lookup
                0x0000000010004a8c       0x10 CMakeFiles/pico_webserver.dir/pico-sdk/src/rp2_common/pico_bootrom/bootrom.c.obj
                0x0000000010004a8c                rom_func_lookup
 .text.rom_data_lookup
                0x0000000010004a9c       0x10 CMakeFiles/pico_webserver.dir/pico-sdk/src/rp2_common/pico_bootrom/bootrom.c.obj
                0x0000000010004a9c                rom_data_lookup
 .text.rom_funcs_lookup
                0x0000000010004aac       0x44 CMakeFiles/pico_webserver.dir/pico-sdk/src/rp2_common/pico_bootrom/bootrom.c.obj
                0x0000000010004aac                rom_funcs_lookup
 .text.__wrap___aeabi_idiv
                0x0000000010004af0       0x50 CMakeFiles/pico_webserver.dir/pico-sdk/src/rp2_common/pico_divider/divider.S.obj
                0x0000000010004af0                __wrap___aeabi_idivmod
                0x0000000010004af0                divmod_s32s32
                0x0000000010004af0                div_s32s32
                0x0000000010004af0                __wrap___aeabi_idiv
                0x0000000010004af8                divmod_s32s32_unsafe
                0x0000000010004b24                divmod_s32s32_savestate
 .text.__wrap___aeabi_uidiv
                0x0000000010004b40       0x4c CMakeFiles/pico_webserver.dir/pico-sdk/src/rp2_common/pico_divider/divider.S.obj
                0x0000000010004b40                __wrap___aeabi_uidiv
                0x0000000010004b40                __wrap___aeabi_uidivmod
                0x0000000010004b40                div_u32u32
                0x0000000010004b40                divmod_u32u32
                0x0000000010004b48                divmod_u32u32_unsafe
                0x0000000010004b70                divmod_u32u32_savestate
 .text.__wrap___aeabi_ldiv
                0x0000000010004b8c      0x424 CMakeFiles/pico_webserver.dir/pico-sdk/src/rp2_common/pico_divider/divider.S.obj
                0x0000000010004b8c                div_s64s64
                0x0000000010004b8c                divmod_s64s64
                0x0000000010004b8c                __wrap___aeabi_ldivmod
                0x0000000010004bbc                div_u64u64
                0x0000000010004bbc                divmod_u64u64
                0x0000000010004bbc                __wrap___aeabi_uldivmod
                0x0000000010004bcc                divmod_u64u64_savestate
                0x0000000010004bec                divmod_s64s64_unsafe
                0x0000000010004c74                divmod_u64u64_unsafe
 .text.__wrap___aeabi_darithmetic
                0x0000000010004fb0       0x60 CMakeFiles/pico_webserver.dir/pico-sdk/src/rp2_common/pico_double/double_aeabi.S.obj
                0x0000000010004fb0                __wrap___aeabi_drsub
                0x0000000010004fb6                __wrap___aeabi_dsub
                0x0000000010004fc0                __wrap___aeabi_dadd
                0x0000000010004fca                __wrap___aeabi_ddiv
                0x0000000010004ffe                __wrap___aeabi_dmul
 .text.__wrap___aeabi_cdcmple
                0x0000000010005010       0x6c CMakeFiles/pico_webserver.dir/pico-sdk/src/rp2_common/pico_double/double_aeabi.S.obj
                0x0000000010005010                __wrap___aeabi_cdrcmple
                0x0000000010005020                __wrap___aeabi_cdcmple
                0x0000000010005020                __wrap___aeabi_cdcmpeq
 .text.__wrap___aeabi_dcmplt
                0x000000001000507c        0xc CMakeFiles/pico_webserver.dir/pico-sdk/src/rp2_common/pico_double/double_aeabi.S.obj
                0x000000001000507c                __wrap___aeabi_dcmplt
 .text.__wrap___aeabi_dcmple
                0x0000000010005088       0x10 CMakeFiles/pico_webserver.dir/pico-sdk/src/rp2_common/pico_double/double_aeabi.S.obj
                0x0000000010005088                __wrap___aeabi_dcmple
 .text.__wrap___aeabi_dcmpge
                0x0000000010005098       0x10 CMakeFiles/pico_webserver.dir/pico-sdk/src/rp2_common/pico_double/double_aeabi.S.obj
                0x0000000010005098                __wrap___aeabi_dcmpge
 .text.__wrap___aeabi_dcmpgt
                0x00000000100050a8        0xa CMakeFiles/pico_webserver.dir/pico-sdk/src/rp2_common/pico_double/double_aeabi.S.obj
                0x00000000100050a8                __wrap___aeabi_dcmpgt
 .text.__wrap___aeabi_dcmpun
                0x00000000100050b2       0x1c CMakeFiles/pico_webserver.dir/pico-sdk/src/rp2_common/pico_double/double_aeabi.S.obj
                0x00000000100050b2                __wrap___aeabi_dcmpun
 *fill*         0x00000000100050ce        0x2 
 .text.__wrap___aeabi_i2d
                0x00000000100050d0       0x38 CMakeFiles/pico_webserver.dir/pico-sdk/src/rp2_common/pico_double/double_aeabi.S.obj
                0x00000000100050d0                __wrap___aeabi_ui2d
                0x00000000100050d8                __wrap___aeabi_i2d
 .text.__wrap___aeabi_d2iz
                0x0000000010005108       0x48 CMakeFiles/pico_webserver.dir/pico-sdk/src/rp2_common/pico_double/double_aeabi.S.obj
                0x0000000010005108                __wrap___aeabi_d2iz
                0x0000000010005108                double2int_z
 .text.__wrap___aeabi_d2uiz
                0x0000000010005150       0x10 CMakeFiles/pico_webserver.dir/pico-sdk/src/rp2_common/pico_double/double_aeabi.S.obj
                0x0000000010005150                double2uint
                0x0000000010005150                __wrap___aeabi_d2uiz
 .text.missing_double_func_shim
                0x0000000010005160        0xc CMakeFiles/pico_webserver.dir/pico-sdk/src/rp2_common/pico_double/double_init_rom.c.obj
 .text.__aeabi_double_init
                0x000000001000516c       0x98 CMakeFiles/pico_webserver.dir/pico-sdk/src/rp2_common/pico_double/double_init_rom.c.obj
                0x000000001000516c                __aeabi_double_init
 .text.double_table_shim_on_use_helper
                0x0000000010005204       0x2c CMakeFiles/pico_webserver.dir/pico-sdk/src/rp2_common/pico_double/double_v1_rom_shim.S.obj
                0x0000000010005204                double_table_shim_on_use_helper
 .text.__aeabi_lmul
                0x0000000010005230       0x32 CMakeFiles/pico_webserver.dir/pico-sdk/src/rp2_common/pico_int64_ops/pico_int64_ops_aeabi.S.obj
                0x0000000010005230                __wrap___aeabi_lmul
 *fill*         0x0000000010005262        0x2 
 .text.__wrap___aeabi_farithmetic
                0x0000000010005264       0x48 CMakeFiles/pico_webserver.dir/pico-sdk/src/rp2_common/pico_float/float_aeabi.S.obj
                0x0000000010005264                __wrap___aeabi_frsub
                0x000000001000526a                __wrap___aeabi_fsub
                0x0000000010005270                __wrap___aeabi_fadd
                0x0000000010005276                __wrap___aeabi_fdiv
                0x000000001000529e                __wrap___aeabi_fmul
 .text.__wrap___aeabi_i2f
                0x00000000100052ac       0x44 CMakeFiles/pico_webserver.dir/pico-sdk/src/rp2_common/pico_float/float_aeabi.S.obj
                0x00000000100052ac                __wrap___aeabi_i2f
 .text.__wrap___aeabi_f2d
                0x00000000100052f0        0xc CMakeFiles/pico_webserver.dir/pico-sdk/src/rp2_common/pico_float/float_aeabi.S.obj
                0x00000000100052f0                __wrap___aeabi_f2d
 .text.missing_float_func_shim
                0x00000000100052fc        0xc CMakeFiles/pico_webserver.dir/pico-sdk/src/rp2_common/pico_float/float_init_rom.c.obj
 .text.__aeabi_float_init
                0x0000000010005308       0x5c CMakeFiles/pico_webserver.dir/pico-sdk/src/rp2_common/pico_float/float_init_rom.c.obj
                0x0000000010005308                __aeabi_float_init
 .text.__wrap_malloc
                0x0000000010005364       0x3c CMakeFiles/pico_webserver.dir/pico-sdk/src/rp2_common/pico_malloc/pico_malloc.c.obj
                0x0000000010005364                __wrap_malloc
 .text.__wrap_calloc
                0x00000000100053a0       0x40 CMakeFiles/pico_webserver.dir/pico-sdk/src/rp2_common/pico_malloc/pico_malloc.c.obj
                0x00000000100053a0                __wrap_calloc
 .text.__wrap_free
                0x00000000100053e0       0x20 CMakeFiles/pico_webserver.dir/pico-sdk/src/rp2_common/pico_malloc/pico_malloc.c.obj
                0x00000000100053e0                __wrap_free
 .text          0x0000000010005400       0x10 CMakeFiles/pico_webserver.dir/pico-sdk/src/rp2_common/pico_mem_ops/mem_ops_aeabi.S.obj
                0x0000000010005400                __aeabi_mem_init
 .text.memset   0x0000000010005410        0xc CMakeFiles/pico_webserver.dir/pico-sdk/src/rp2_common/pico_mem_ops/mem_ops_aeabi.S.obj
                0x0000000010005410                __wrap_memset
 .text.memcpy   0x000000001000541c        0xc CMakeFiles/pico_webserver.dir/pico-sdk/src/rp2_common/pico_mem_ops/mem_ops_aeabi.S.obj
                0x000000001000541c                __wrap___aeabi_memcpy
                0x000000001000541c                __wrap_memcpy
 .text.stdio_out_chars_no_crlf
                0x0000000010005428       0x10 CMakeFiles/pico_webserver.dir/pico-sdk/src/rp2_common/pico_stdio/stdio.c.obj
 .text.stdio_out_chars_crlf
                0x0000000010005438       0xb4 CMakeFiles/pico_webserver.dir/pico-sdk/src/rp2_common/pico_stdio/stdio.c.obj
 .text.stdio_buffered_printer
                0x00000000100054ec       0x64 CMakeFiles/pico_webserver.dir/pico-sdk/src/rp2_common/pico_stdio/stdio.c.obj
 .text.stdio_put_string.isra.0
                0x0000000010005550       0xfc CMakeFiles/pico_webserver.dir/pico-sdk/src/rp2_common/pico_stdio/stdio.c.obj
 .text.__wrap_putchar
                0x000000001000564c       0x98 CMakeFiles/pico_webserver.dir/pico-sdk/src/rp2_common/pico_stdio/stdio.c.obj
                0x000000001000564c                __wrap_putchar
 .text.__wrap_puts
                0x00000000100056e4       0x3c CMakeFiles/pico_webserver.dir/pico-sdk/src/rp2_common/pico_stdio/stdio.c.obj
                0x00000000100056e4                __wrap_puts
 .text.__wrap_vprintf
                0x0000000010005720       0xd8 CMakeFiles/pico_webserver.dir/pico-sdk/src/rp2_common/pico_stdio/stdio.c.obj
                0x0000000010005720                __wrap_vprintf
 .text.__wrap_printf
                0x00000000100057f8       0x18 CMakeFiles/pico_webserver.dir/pico-sdk/src/rp2_common/pico_stdio/stdio.c.obj
                0x00000000100057f8                __wrap_printf
 .text.startup._retrieve_unique_id_on_boot
                0x0000000010005810       0x10 CMakeFiles/pico_webserver.dir/pico-sdk/src/rp2_common/pico_unique_id/unique_id.c.obj
 .text.pico_get_unique_board_id
                0x0000000010005820       0x10 CMakeFiles/pico_webserver.dir/pico-sdk/src/rp2_common/pico_unique_id/unique_id.c.obj
                0x0000000010005820                pico_get_unique_board_id
 .text.flash_get_unique_id
                0x0000000010005830       0x40 CMakeFiles/pico_webserver.dir/pico-sdk/src/rp2_common/hardware_flash/flash.c.obj
                0x0000000010005830                flash_get_unique_id
 .text.dcd_int_enable
                0x0000000010005870        0xc CMakeFiles/pico_webserver.dir/pico-sdk/lib/tinyusb/src/portable/raspberrypi/rp2040/dcd_rp2040.c.obj
                0x0000000010005870                dcd_int_enable
 .text.dcd_set_address
                0x000000001000587c       0x14 CMakeFiles/pico_webserver.dir/pico-sdk/lib/tinyusb/src/portable/raspberrypi/rp2040/dcd_rp2040.c.obj
                0x000000001000587c                dcd_set_address
 .text.dcd_connect
                0x0000000010005890       0x10 CMakeFiles/pico_webserver.dir/pico-sdk/lib/tinyusb/src/portable/raspberrypi/rp2040/dcd_rp2040.c.obj
                0x0000000010005890                dcd_connect
 .text.dcd_init
                0x00000000100058a0       0x98 CMakeFiles/pico_webserver.dir/pico-sdk/lib/tinyusb/src/portable/raspberrypi/rp2040/dcd_rp2040.c.obj
                0x00000000100058a0                dcd_init
 .text.dcd_edpt0_status_complete
                0x0000000010005938       0x1c CMakeFiles/pico_webserver.dir/pico-sdk/lib/tinyusb/src/portable/raspberrypi/rp2040/dcd_rp2040.c.obj
                0x0000000010005938                dcd_edpt0_status_complete
 .text.dcd_edpt_open
                0x0000000010005954      0x108 CMakeFiles/pico_webserver.dir/pico-sdk/lib/tinyusb/src/portable/raspberrypi/rp2040/dcd_rp2040.c.obj
                0x0000000010005954                dcd_edpt_open
 .text.dcd_edpt_close_all
                0x0000000010005a5c        0x8 CMakeFiles/pico_webserver.dir/pico-sdk/lib/tinyusb/src/portable/raspberrypi/rp2040/dcd_rp2040.c.obj
                0x0000000010005a5c                dcd_edpt_close_all
 .text.dcd_edpt_xfer
                0x0000000010005a64       0x24 CMakeFiles/pico_webserver.dir/pico-sdk/lib/tinyusb/src/portable/raspberrypi/rp2040/dcd_rp2040.c.obj
                0x0000000010005a64                dcd_edpt_xfer
 .text.dcd_edpt_stall
                0x0000000010005a88       0x38 CMakeFiles/pico_webserver.dir/pico-sdk/lib/tinyusb/src/portable/raspberrypi/rp2040/dcd_rp2040.c.obj
                0x0000000010005a88                dcd_edpt_stall
 .text.dcd_edpt_clear_stall
                0x0000000010005ac0       0x30 CMakeFiles/pico_webserver.dir/pico-sdk/lib/tinyusb/src/portable/raspberrypi/rp2040/dcd_rp2040.c.obj
                0x0000000010005ac0                dcd_edpt_clear_stall
 .text.rp2040_usb_init
                0x0000000010005af0       0x4c CMakeFiles/pico_webserver.dir/pico-sdk/lib/tinyusb/src/portable/raspberrypi/rp2040/rp2040_usb.c.obj
                0x0000000010005af0                rp2040_usb_init
 .text.hw_endpoint_xfer_start
                0x0000000010005b3c       0x50 CMakeFiles/pico_webserver.dir/pico-sdk/lib/tinyusb/src/portable/raspberrypi/rp2040/rp2040_usb.c.obj
                0x0000000010005b3c                hw_endpoint_xfer_start
 .text.tud_mounted
                0x0000000010005b8c       0x10 CMakeFiles/pico_webserver.dir/pico-sdk/lib/tinyusb/src/device/usbd.c.obj
                0x0000000010005b8c                tud_mounted
 .text.tud_suspended
                0x0000000010005b9c       0x10 CMakeFiles/pico_webserver.dir/pico-sdk/lib/tinyusb/src/device/usbd.c.obj
                0x0000000010005b9c                tud_suspended
 .text.tud_inited
                0x0000000010005bac       0x14 CMakeFiles/pico_webserver.dir/pico-sdk/lib/tinyusb/src/device/usbd.c.obj
                0x0000000010005bac                tud_inited
 .text.tud_init
                0x0000000010005bc0       0xe4 CMakeFiles/pico_webserver.dir/pico-sdk/lib/tinyusb/src/device/usbd.c.obj
                0x0000000010005bc0                tud_init
 .text.tud_task_ext
                0x0000000010005ca4      0x870 CMakeFiles/pico_webserver.dir/pico-sdk/lib/tinyusb/src/device/usbd.c.obj
                0x0000000010005ca4                tud_task_ext
 .text.usbd_open_edpt_pair
                0x0000000010006514       0x9c CMakeFiles/pico_webserver.dir/pico-sdk/lib/tinyusb/src/device/usbd.c.obj
                0x0000000010006514                usbd_open_edpt_pair
 .text.usbd_edpt_open
                0x00000000100065b0       0x34 CMakeFiles/pico_webserver.dir/pico-sdk/lib/tinyusb/src/device/usbd.c.obj
                0x00000000100065b0                usbd_edpt_open
 .text.usbd_edpt_xfer
                0x00000000100065e4       0x4c CMakeFiles/pico_webserver.dir/pico-sdk/lib/tinyusb/src/device/usbd.c.obj
                0x00000000100065e4                usbd_edpt_xfer
 .text.usbd_edpt_busy
                0x0000000010006630       0x1c CMakeFiles/pico_webserver.dir/pico-sdk/lib/tinyusb/src/device/usbd.c.obj
                0x0000000010006630                usbd_edpt_busy
 .text.tud_control_status
                0x000000001000664c       0x30 CMakeFiles/pico_webserver.dir/pico-sdk/lib/tinyusb/src/device/usbd_control.c.obj
                0x000000001000664c                tud_control_status
 .text.tud_control_xfer
                0x000000001000667c       0xbc CMakeFiles/pico_webserver.dir/pico-sdk/lib/tinyusb/src/device/usbd_control.c.obj
                0x000000001000667c                tud_control_xfer
 .text.usbd_control_reset
                0x0000000010006738       0x14 CMakeFiles/pico_webserver.dir/pico-sdk/lib/tinyusb/src/device/usbd_control.c.obj
                0x0000000010006738                usbd_control_reset
 .text.usbd_control_set_complete_callback
                0x000000001000674c        0xc CMakeFiles/pico_webserver.dir/pico-sdk/lib/tinyusb/src/device/usbd_control.c.obj
                0x000000001000674c                usbd_control_set_complete_callback
 .text.usbd_control_set_request
                0x0000000010006758       0x1c CMakeFiles/pico_webserver.dir/pico-sdk/lib/tinyusb/src/device/usbd_control.c.obj
                0x0000000010006758                usbd_control_set_request
 .text.usbd_control_xfer_cb
                0x0000000010006774       0xfc CMakeFiles/pico_webserver.dir/pico-sdk/lib/tinyusb/src/device/usbd_control.c.obj
                0x0000000010006774                usbd_control_xfer_cb
 .text.tud_network_recv_renew
                0x0000000010006870       0x20 CMakeFiles/pico_webserver.dir/pico-sdk/lib/tinyusb/src/class/net/ecm_rndis_device.c.obj
                0x0000000010006870                tud_network_recv_renew
 .text.netd_report
                0x0000000010006890       0x24 CMakeFiles/pico_webserver.dir/pico-sdk/lib/tinyusb/src/class/net/ecm_rndis_device.c.obj
                0x0000000010006890                netd_report
 .text.netd_init
                0x00000000100068b4       0x14 CMakeFiles/pico_webserver.dir/pico-sdk/lib/tinyusb/src/class/net/ecm_rndis_device.c.obj
                0x00000000100068b4                netd_init
 .text.netd_reset
                0x00000000100068c8       0x14 CMakeFiles/pico_webserver.dir/pico-sdk/lib/tinyusb/src/class/net/ecm_rndis_device.c.obj
                0x00000000100068c8                netd_reset
 .text.netd_open
                0x00000000100068dc      0x11c CMakeFiles/pico_webserver.dir/pico-sdk/lib/tinyusb/src/class/net/ecm_rndis_device.c.obj
                0x00000000100068dc                netd_open
 .text.netd_control_xfer_cb
                0x00000000100069f8      0x174 CMakeFiles/pico_webserver.dir/pico-sdk/lib/tinyusb/src/class/net/ecm_rndis_device.c.obj
                0x00000000100069f8                netd_control_xfer_cb
 .text.netd_xfer_cb
                0x0000000010006b6c       0xec CMakeFiles/pico_webserver.dir/pico-sdk/lib/tinyusb/src/class/net/ecm_rndis_device.c.obj
                0x0000000010006b6c                netd_xfer_cb
 .text.tud_network_can_xmit
                0x0000000010006c58        0xc CMakeFiles/pico_webserver.dir/pico-sdk/lib/tinyusb/src/class/net/ecm_rndis_device.c.obj
                0x0000000010006c58                tud_network_can_xmit
 .text.tud_network_xmit
                0x0000000010006c64       0x98 CMakeFiles/pico_webserver.dir/pico-sdk/lib/tinyusb/src/class/net/ecm_rndis_device.c.obj
                0x0000000010006c64                tud_network_xmit
 .text.tusb_init
                0x0000000010006cfc        0xc CMakeFiles/pico_webserver.dir/pico-sdk/lib/tinyusb/src/tusb.c.obj
                0x0000000010006cfc                tusb_init
 .text.tusb_inited
                0x0000000010006d08        0x8 CMakeFiles/pico_webserver.dir/pico-sdk/lib/tinyusb/src/tusb.c.obj
                0x0000000010006d08                tusb_inited
 .text.tu_edpt_validate
                0x0000000010006d10       0x78 CMakeFiles/pico_webserver.dir/pico-sdk/lib/tinyusb/src/tusb.c.obj
                0x0000000010006d10                tu_edpt_validate
 .text.tu_edpt_bind_driver
                0x0000000010006d88       0x34 CMakeFiles/pico_webserver.dir/pico-sdk/lib/tinyusb/src/tusb.c.obj
                0x0000000010006d88                tu_edpt_bind_driver
 .text.tu_fifo_read
                0x0000000010006dbc       0xa0 CMakeFiles/pico_webserver.dir/pico-sdk/lib/tinyusb/src/common/tusb_fifo.c.obj
                0x0000000010006dbc                tu_fifo_read
 .text.tu_fifo_write
                0x0000000010006e5c       0x88 CMakeFiles/pico_webserver.dir/pico-sdk/lib/tinyusb/src/common/tusb_fifo.c.obj
                0x0000000010006e5c                tu_fifo_write
 .text.tu_fifo_clear
                0x0000000010006ee4       0x40 CMakeFiles/pico_webserver.dir/pico-sdk/lib/tinyusb/src/common/tusb_fifo.c.obj
                0x0000000010006ee4                tu_fifo_clear
 .text.lwip_timeout_reached
                0x0000000010006f24        0x8 CMakeFiles/pico_webserver.dir/pico-sdk/src/rp2_common/pico_lwip/lwip_nosys.c.obj
 .text.update_next_timeout
                0x0000000010006f2c       0x6c CMakeFiles/pico_webserver.dir/pico-sdk/src/rp2_common/pico_lwip/lwip_nosys.c.obj
 .text.lwip_nosys_init
                0x0000000010006f98       0x30 CMakeFiles/pico_webserver.dir/pico-sdk/src/rp2_common/pico_lwip/lwip_nosys.c.obj
                0x0000000010006f98                lwip_nosys_init
 .text.lwip_nosys_deinit
                0x0000000010006fc8       0x20 CMakeFiles/pico_webserver.dir/pico-sdk/src/rp2_common/pico_lwip/lwip_nosys.c.obj
                0x0000000010006fc8                lwip_nosys_deinit
 .text.sys_arch_protect
                0x0000000010006fe8        0x4 CMakeFiles/pico_webserver.dir/pico-sdk/src/rp2_common/pico_lwip/lwip_nosys.c.obj
                0x0000000010006fe8                sys_arch_protect
 .text.sys_arch_unprotect
                0x0000000010006fec        0x4 CMakeFiles/pico_webserver.dir/pico-sdk/src/rp2_common/pico_lwip/lwip_nosys.c.obj
                0x0000000010006fec                sys_arch_unprotect
 .text.sys_now  0x0000000010006ff0       0x20 CMakeFiles/pico_webserver.dir/pico-sdk/src/rp2_common/pico_lwip/lwip_nosys.c.obj
                0x0000000010006ff0                sys_now
 .text.async_context_base_add_at_time_worker
                0x0000000010007010       0x28 CMakeFiles/pico_webserver.dir/pico-sdk/src/rp2_common/pico_async_context/async_context_base.c.obj
                0x0000000010007010                async_context_base_add_at_time_worker
 .text.async_context_base_remove_at_time_worker
                0x0000000010007038       0x28 CMakeFiles/pico_webserver.dir/pico-sdk/src/rp2_common/pico_async_context/async_context_base.c.obj
                0x0000000010007038                async_context_base_remove_at_time_worker
 .text.async_context_base_add_when_pending_worker
                0x0000000010007060       0x24 CMakeFiles/pico_webserver.dir/pico-sdk/src/rp2_common/pico_async_context/async_context_base.c.obj
                0x0000000010007060                async_context_base_add_when_pending_worker
 .text.async_context_base_remove_when_pending_worker
                0x0000000010007084       0x28 CMakeFiles/pico_webserver.dir/pico-sdk/src/rp2_common/pico_async_context/async_context_base.c.obj
                0x0000000010007084                async_context_base_remove_when_pending_worker
 .text.async_context_base_execute_once
                0x00000000100070ac       0xe8 CMakeFiles/pico_webserver.dir/pico-sdk/src/rp2_common/pico_async_context/async_context_base.c.obj
                0x00000000100070ac                async_context_base_execute_once
 .text.async_context_base_needs_servicing
                0x0000000010007194       0x54 CMakeFiles/pico_webserver.dir/pico-sdk/src/rp2_common/pico_async_context/async_context_base.c.obj
                0x0000000010007194                async_context_base_needs_servicing
 .text.lwip_init
                0x00000000100071e8       0x20 CMakeFiles/pico_webserver.dir/pico-sdk/lib/lwip/src/core/init.c.obj
                0x00000000100071e8                lwip_init
 .text.lwip_htons
                0x0000000010007208        0x8 CMakeFiles/pico_webserver.dir/pico-sdk/lib/lwip/src/core/def.c.obj
                0x0000000010007208                lwip_htons
 .text.lwip_htonl
                0x0000000010007210        0x4 CMakeFiles/pico_webserver.dir/pico-sdk/lib/lwip/src/core/def.c.obj
                0x0000000010007210                lwip_htonl
 .text.lwip_strnstr
                0x0000000010007214       0x5c CMakeFiles/pico_webserver.dir/pico-sdk/lib/lwip/src/core/def.c.obj
                0x0000000010007214                lwip_strnstr
 .text.lwip_stricmp
                0x0000000010007270       0x34 CMakeFiles/pico_webserver.dir/pico-sdk/lib/lwip/src/core/def.c.obj
                0x0000000010007270                lwip_stricmp
 .text.lwip_standard_chksum
                0x00000000100072a4       0x80 CMakeFiles/pico_webserver.dir/pico-sdk/lib/lwip/src/core/inet_chksum.c.obj
                0x00000000100072a4                lwip_standard_chksum
 .text.inet_chksum_pseudo
                0x0000000010007324       0xb4 CMakeFiles/pico_webserver.dir/pico-sdk/lib/lwip/src/core/inet_chksum.c.obj
                0x0000000010007324                inet_chksum_pseudo
 .text.ip_chksum_pseudo
                0x00000000100073d8       0x10 CMakeFiles/pico_webserver.dir/pico-sdk/lib/lwip/src/core/inet_chksum.c.obj
                0x00000000100073d8                ip_chksum_pseudo
 .text.inet_chksum
                0x00000000100073e8       0x8c CMakeFiles/pico_webserver.dir/pico-sdk/lib/lwip/src/core/inet_chksum.c.obj
                0x00000000100073e8                inet_chksum
 .text.inet_chksum_pbuf
                0x0000000010007474       0x6c CMakeFiles/pico_webserver.dir/pico-sdk/lib/lwip/src/core/inet_chksum.c.obj
                0x0000000010007474                inet_chksum_pbuf
 .text.mem_init
                0x00000000100074e0       0x48 CMakeFiles/pico_webserver.dir/pico-sdk/lib/lwip/src/core/mem.c.obj
                0x00000000100074e0                mem_init
 .text.mem_free
                0x0000000010007528      0x128 CMakeFiles/pico_webserver.dir/pico-sdk/lib/lwip/src/core/mem.c.obj
                0x0000000010007528                mem_free
 .text.mem_trim
                0x0000000010007650      0x144 CMakeFiles/pico_webserver.dir/pico-sdk/lib/lwip/src/core/mem.c.obj
                0x0000000010007650                mem_trim
 .text.mem_malloc
                0x0000000010007794      0x130 CMakeFiles/pico_webserver.dir/pico-sdk/lib/lwip/src/core/mem.c.obj
                0x0000000010007794                mem_malloc
 .text.memp_init
                0x00000000100078c4       0x94 CMakeFiles/pico_webserver.dir/pico-sdk/lib/lwip/src/core/memp.c.obj
                0x00000000100078c4                memp_init
 .text.memp_malloc
                0x0000000010007958       0x4c CMakeFiles/pico_webserver.dir/pico-sdk/lib/lwip/src/core/memp.c.obj
                0x0000000010007958                memp_malloc
 .text.memp_free
                0x00000000100079a4       0x30 CMakeFiles/pico_webserver.dir/pico-sdk/lib/lwip/src/core/memp.c.obj
                0x00000000100079a4                memp_free
 .text.netif_null_output_ip4
                0x00000000100079d4        0x8 CMakeFiles/pico_webserver.dir/pico-sdk/lib/lwip/src/core/netif.c.obj
 .text.netif_init
                0x00000000100079dc        0x4 CMakeFiles/pico_webserver.dir/pico-sdk/lib/lwip/src/core/netif.c.obj
                0x00000000100079dc                netif_init
 .text.netif_set_addr
                0x00000000100079e0       0xc4 CMakeFiles/pico_webserver.dir/pico-sdk/lib/lwip/src/core/netif.c.obj
                0x00000000100079e0                netif_set_addr
 .text.netif_add
                0x0000000010007aa4       0xf8 CMakeFiles/pico_webserver.dir/pico-sdk/lib/lwip/src/core/netif.c.obj
                0x0000000010007aa4                netif_add
 .text.netif_remove
                0x0000000010007b9c       0x88 CMakeFiles/pico_webserver.dir/pico-sdk/lib/lwip/src/core/netif.c.obj
                0x0000000010007b9c                netif_remove
 .text.netif_set_default
                0x0000000010007c24        0xc CMakeFiles/pico_webserver.dir/pico-sdk/lib/lwip/src/core/netif.c.obj
                0x0000000010007c24                netif_set_default
 .text.netif_set_up
                0x0000000010007c30       0x14 CMakeFiles/pico_webserver.dir/pico-sdk/lib/lwip/src/core/netif.c.obj
                0x0000000010007c30                netif_set_up
 .text.netif_set_link_up
                0x0000000010007c44       0x1c CMakeFiles/pico_webserver.dir/pico-sdk/lib/lwip/src/core/netif.c.obj
                0x0000000010007c44                netif_set_link_up
 .text.netif_set_link_down
                0x0000000010007c60       0x1c CMakeFiles/pico_webserver.dir/pico-sdk/lib/lwip/src/core/netif.c.obj
                0x0000000010007c60                netif_set_link_down
 .text.netif_get_by_index
                0x0000000010007c7c       0x2c CMakeFiles/pico_webserver.dir/pico-sdk/lib/lwip/src/core/netif.c.obj
                0x0000000010007c7c                netif_get_by_index
 .text.pbuf_free.part.0
                0x0000000010007ca8       0x80 CMakeFiles/pico_webserver.dir/pico-sdk/lib/lwip/src/core/pbuf.c.obj
 .text.pbuf_free_ooseq
                0x0000000010007d28       0x34 CMakeFiles/pico_webserver.dir/pico-sdk/lib/lwip/src/core/pbuf.c.obj
                0x0000000010007d28                pbuf_free_ooseq
 .text.pbuf_alloc
                0x0000000010007d5c      0x12c CMakeFiles/pico_webserver.dir/pico-sdk/lib/lwip/src/core/pbuf.c.obj
                0x0000000010007d5c                pbuf_alloc
 .text.pbuf_alloced_custom
                0x0000000010007e88       0x38 CMakeFiles/pico_webserver.dir/pico-sdk/lib/lwip/src/core/pbuf.c.obj
                0x0000000010007e88                pbuf_alloced_custom
 .text.pbuf_realloc
                0x0000000010007ec0       0x70 CMakeFiles/pico_webserver.dir/pico-sdk/lib/lwip/src/core/pbuf.c.obj
                0x0000000010007ec0                pbuf_realloc
 .text.pbuf_add_header
                0x0000000010007f30       0x4c CMakeFiles/pico_webserver.dir/pico-sdk/lib/lwip/src/core/pbuf.c.obj
                0x0000000010007f30                pbuf_add_header
 .text.pbuf_remove_header
                0x0000000010007f7c       0x38 CMakeFiles/pico_webserver.dir/pico-sdk/lib/lwip/src/core/pbuf.c.obj
                0x0000000010007f7c                pbuf_remove_header
 .text.pbuf_header_force
                0x0000000010007fb4       0x6c CMakeFiles/pico_webserver.dir/pico-sdk/lib/lwip/src/core/pbuf.c.obj
                0x0000000010007fb4                pbuf_header_force
 .text.pbuf_free
                0x0000000010008020       0x10 CMakeFiles/pico_webserver.dir/pico-sdk/lib/lwip/src/core/pbuf.c.obj
                0x0000000010008020                pbuf_free
 .text.pbuf_clen
                0x0000000010008030       0x14 CMakeFiles/pico_webserver.dir/pico-sdk/lib/lwip/src/core/pbuf.c.obj
                0x0000000010008030                pbuf_clen
 .text.pbuf_ref
                0x0000000010008044       0x18 CMakeFiles/pico_webserver.dir/pico-sdk/lib/lwip/src/core/pbuf.c.obj
                0x0000000010008044                pbuf_ref
 .text.pbuf_cat
                0x000000001000805c       0x2c CMakeFiles/pico_webserver.dir/pico-sdk/lib/lwip/src/core/pbuf.c.obj
                0x000000001000805c                pbuf_cat
 .text.pbuf_chain
                0x0000000010008088       0x44 CMakeFiles/pico_webserver.dir/pico-sdk/lib/lwip/src/core/pbuf.c.obj
                0x0000000010008088                pbuf_chain
 .text.pbuf_copy_partial_pbuf
                0x00000000100080cc      0x11c CMakeFiles/pico_webserver.dir/pico-sdk/lib/lwip/src/core/pbuf.c.obj
                0x00000000100080cc                pbuf_copy_partial_pbuf
 .text.pbuf_copy
                0x00000000100081e8       0x18 CMakeFiles/pico_webserver.dir/pico-sdk/lib/lwip/src/core/pbuf.c.obj
                0x00000000100081e8                pbuf_copy
 .text.pbuf_copy_partial
                0x0000000010008200       0x70 CMakeFiles/pico_webserver.dir/pico-sdk/lib/lwip/src/core/pbuf.c.obj
                0x0000000010008200                pbuf_copy_partial
 .text.pbuf_take
                0x0000000010008270       0x54 CMakeFiles/pico_webserver.dir/pico-sdk/lib/lwip/src/core/pbuf.c.obj
                0x0000000010008270                pbuf_take
 .text.pbuf_clone
                0x00000000100082c4       0x20 CMakeFiles/pico_webserver.dir/pico-sdk/lib/lwip/src/core/pbuf.c.obj
                0x00000000100082c4                pbuf_clone
 .text.raw_input
                0x00000000100082e4      0x12c CMakeFiles/pico_webserver.dir/pico-sdk/lib/lwip/src/core/raw.c.obj
                0x00000000100082e4                raw_input
 .text.raw_netif_ip_addr_changed
                0x0000000010008410       0x40 CMakeFiles/pico_webserver.dir/pico-sdk/lib/lwip/src/core/raw.c.obj
                0x0000000010008410                raw_netif_ip_addr_changed
 .text.stats_init
                0x0000000010008450        0x4 CMakeFiles/pico_webserver.dir/pico-sdk/lib/lwip/src/core/stats.c.obj
                0x0000000010008450                stats_init
 .text.tcp_close_shutdown_fin
                0x0000000010008454       0x4c CMakeFiles/pico_webserver.dir/pico-sdk/lib/lwip/src/core/tcp.c.obj
 .text.tcp_pcb_purge.part.0
                0x00000000100084a0       0xc4 CMakeFiles/pico_webserver.dir/pico-sdk/lib/lwip/src/core/tcp.c.obj
 .text.tcp_init
                0x0000000010008564        0x4 CMakeFiles/pico_webserver.dir/pico-sdk/lib/lwip/src/core/tcp.c.obj
                0x0000000010008564                tcp_init
 .text.tcp_free
                0x0000000010008568        0xc CMakeFiles/pico_webserver.dir/pico-sdk/lib/lwip/src/core/tcp.c.obj
                0x0000000010008568                tcp_free
 .text.tcp_bind
                0x0000000010008574       0xf8 CMakeFiles/pico_webserver.dir/pico-sdk/lib/lwip/src/core/tcp.c.obj
                0x0000000010008574                tcp_bind
 .text.tcp_listen_with_backlog
                0x000000001000866c       0x88 CMakeFiles/pico_webserver.dir/pico-sdk/lib/lwip/src/core/tcp.c.obj
                0x000000001000866c                tcp_listen_with_backlog
 .text.tcp_update_rcv_ann_wnd
                0x00000000100086f4       0x3c CMakeFiles/pico_webserver.dir/pico-sdk/lib/lwip/src/core/tcp.c.obj
                0x00000000100086f4                tcp_update_rcv_ann_wnd
 .text.tcp_recved
                0x0000000010008730       0x78 CMakeFiles/pico_webserver.dir/pico-sdk/lib/lwip/src/core/tcp.c.obj
                0x0000000010008730                tcp_recved
 .text.tcp_slowtmr
                0x00000000100087a8      0x42c CMakeFiles/pico_webserver.dir/pico-sdk/lib/lwip/src/core/tcp.c.obj
                0x00000000100087a8                tcp_slowtmr
 .text.tcp_segs_free
                0x0000000010008bd4       0x38 CMakeFiles/pico_webserver.dir/pico-sdk/lib/lwip/src/core/tcp.c.obj
                0x0000000010008bd4                tcp_segs_free
 .text.tcp_seg_free
                0x0000000010008c0c       0x1c CMakeFiles/pico_webserver.dir/pico-sdk/lib/lwip/src/core/tcp.c.obj
                0x0000000010008c0c                tcp_seg_free
 .text.tcp_setprio
                0x0000000010008c28        0x8 CMakeFiles/pico_webserver.dir/pico-sdk/lib/lwip/src/core/tcp.c.obj
                0x0000000010008c28                tcp_setprio
 .text.tcp_seg_copy
                0x0000000010008c30       0x20 CMakeFiles/pico_webserver.dir/pico-sdk/lib/lwip/src/core/tcp.c.obj
                0x0000000010008c30                tcp_seg_copy
 .text.tcp_arg  0x0000000010008c50        0x8 CMakeFiles/pico_webserver.dir/pico-sdk/lib/lwip/src/core/tcp.c.obj
                0x0000000010008c50                tcp_arg
 .text.tcp_recv
                0x0000000010008c58        0xc CMakeFiles/pico_webserver.dir/pico-sdk/lib/lwip/src/core/tcp.c.obj
                0x0000000010008c58                tcp_recv
 .text.tcp_sent
                0x0000000010008c64        0xc CMakeFiles/pico_webserver.dir/pico-sdk/lib/lwip/src/core/tcp.c.obj
                0x0000000010008c64                tcp_sent
 .text.tcp_err  0x0000000010008c70        0xc CMakeFiles/pico_webserver.dir/pico-sdk/lib/lwip/src/core/tcp.c.obj
                0x0000000010008c70                tcp_err
 .text.tcp_accept
                0x0000000010008c7c       0x10 CMakeFiles/pico_webserver.dir/pico-sdk/lib/lwip/src/core/tcp.c.obj
                0x0000000010008c7c                tcp_accept
 .text.tcp_poll
                0x0000000010008c8c        0xc CMakeFiles/pico_webserver.dir/pico-sdk/lib/lwip/src/core/tcp.c.obj
                0x0000000010008c8c                tcp_poll
 .text.tcp_pcb_purge
                0x0000000010008c98       0x18 CMakeFiles/pico_webserver.dir/pico-sdk/lib/lwip/src/core/tcp.c.obj
                0x0000000010008c98                tcp_pcb_purge
 .text.tcp_pcb_remove
                0x0000000010008cb0       0x78 CMakeFiles/pico_webserver.dir/pico-sdk/lib/lwip/src/core/tcp.c.obj
                0x0000000010008cb0                tcp_pcb_remove
 .text.tcp_abandon
                0x0000000010008d28      0x184 CMakeFiles/pico_webserver.dir/pico-sdk/lib/lwip/src/core/tcp.c.obj
                0x0000000010008d28                tcp_abandon
 .text.tcp_abort
                0x0000000010008eac        0xc CMakeFiles/pico_webserver.dir/pico-sdk/lib/lwip/src/core/tcp.c.obj
                0x0000000010008eac                tcp_abort
 .text.tcp_accept_null
                0x0000000010008eb8       0x10 CMakeFiles/pico_webserver.dir/pico-sdk/lib/lwip/src/core/tcp.c.obj
 .text.tcp_alloc
                0x0000000010008ec8      0x1f8 CMakeFiles/pico_webserver.dir/pico-sdk/lib/lwip/src/core/tcp.c.obj
                0x0000000010008ec8                tcp_alloc
 .text.tcp_new_ip_type
                0x00000000100090c0      0x1d8 CMakeFiles/pico_webserver.dir/pico-sdk/lib/lwip/src/core/tcp.c.obj
                0x00000000100090c0                tcp_new_ip_type
 .text.tcp_close_shutdown
                0x0000000010009298      0x14c CMakeFiles/pico_webserver.dir/pico-sdk/lib/lwip/src/core/tcp.c.obj
 .text.tcp_recv_null
                0x00000000100093e4       0xa8 CMakeFiles/pico_webserver.dir/pico-sdk/lib/lwip/src/core/tcp.c.obj
                0x00000000100093e4                tcp_recv_null
 .text.tcp_process_refused_data
                0x000000001000948c       0xe8 CMakeFiles/pico_webserver.dir/pico-sdk/lib/lwip/src/core/tcp.c.obj
                0x000000001000948c                tcp_process_refused_data
 .text.tcp_fasttmr
                0x0000000010009574       0x98 CMakeFiles/pico_webserver.dir/pico-sdk/lib/lwip/src/core/tcp.c.obj
                0x0000000010009574                tcp_fasttmr
 .text.tcp_tmr  0x000000001000960c       0x20 CMakeFiles/pico_webserver.dir/pico-sdk/lib/lwip/src/core/tcp.c.obj
                0x000000001000960c                tcp_tmr
 .text.tcp_close
                0x000000001000962c      0x15c CMakeFiles/pico_webserver.dir/pico-sdk/lib/lwip/src/core/tcp.c.obj
                0x000000001000962c                tcp_close
 .text.tcp_next_iss
                0x0000000010009788       0x18 CMakeFiles/pico_webserver.dir/pico-sdk/lib/lwip/src/core/tcp.c.obj
                0x0000000010009788                tcp_next_iss
 .text.tcp_eff_send_mss_netif
                0x00000000100097a0       0x28 CMakeFiles/pico_webserver.dir/pico-sdk/lib/lwip/src/core/tcp.c.obj
                0x00000000100097a0                tcp_eff_send_mss_netif
 .text.tcp_netif_ip_addr_changed
                0x00000000100097c8       0x9c CMakeFiles/pico_webserver.dir/pico-sdk/lib/lwip/src/core/tcp.c.obj
                0x00000000100097c8                tcp_netif_ip_addr_changed
 .text.tcp_free_ooseq
                0x0000000010009864       0x40 CMakeFiles/pico_webserver.dir/pico-sdk/lib/lwip/src/core/tcp.c.obj
                0x0000000010009864                tcp_free_ooseq
 .text.tcp_parseopt
                0x00000000100098a4      0x180 CMakeFiles/pico_webserver.dir/pico-sdk/lib/lwip/src/core/tcp_in.c.obj
 .text.tcp_oos_insert_segment
                0x0000000010009a24       0xd4 CMakeFiles/pico_webserver.dir/pico-sdk/lib/lwip/src/core/tcp_in.c.obj
 .text.tcp_receive
                0x0000000010009af8      0xa3c CMakeFiles/pico_webserver.dir/pico-sdk/lib/lwip/src/core/tcp_in.c.obj
 .text.tcp_input
                0x000000001000a534      0xc64 CMakeFiles/pico_webserver.dir/pico-sdk/lib/lwip/src/core/tcp_in.c.obj
                0x000000001000a534                tcp_input
 .text.tcp_trigger_input_pcb_close
                0x000000001000b198       0x10 CMakeFiles/pico_webserver.dir/pico-sdk/lib/lwip/src/core/tcp_in.c.obj
                0x000000001000b198                tcp_trigger_input_pcb_close
 .text.tcp_create_segment
                0x000000001000b1a8       0xd0 CMakeFiles/pico_webserver.dir/pico-sdk/lib/lwip/src/core/tcp_out.c.obj
 .text.tcp_output_control_segment
                0x000000001000b278       0xb4 CMakeFiles/pico_webserver.dir/pico-sdk/lib/lwip/src/core/tcp_out.c.obj
 .text.tcp_write
                0x000000001000b32c      0x600 CMakeFiles/pico_webserver.dir/pico-sdk/lib/lwip/src/core/tcp_out.c.obj
                0x000000001000b32c                tcp_write
 .text.tcp_split_unsent_seg
                0x000000001000b92c      0x19c CMakeFiles/pico_webserver.dir/pico-sdk/lib/lwip/src/core/tcp_out.c.obj
                0x000000001000b92c                tcp_split_unsent_seg
 .text.tcp_send_fin
                0x000000001000bac8       0xe0 CMakeFiles/pico_webserver.dir/pico-sdk/lib/lwip/src/core/tcp_out.c.obj
                0x000000001000bac8                tcp_send_fin
 .text.tcp_enqueue_flags
                0x000000001000bba8       0xa8 CMakeFiles/pico_webserver.dir/pico-sdk/lib/lwip/src/core/tcp_out.c.obj
                0x000000001000bba8                tcp_enqueue_flags
 .text.tcp_rexmit_rto_prepare
                0x000000001000bc50       0x8c CMakeFiles/pico_webserver.dir/pico-sdk/lib/lwip/src/core/tcp_out.c.obj
                0x000000001000bc50                tcp_rexmit_rto_prepare
 .text.tcp_rexmit
                0x000000001000bcdc       0x90 CMakeFiles/pico_webserver.dir/pico-sdk/lib/lwip/src/core/tcp_out.c.obj
                0x000000001000bcdc                tcp_rexmit
 .text.tcp_rexmit_fast
                0x000000001000bd6c       0x58 CMakeFiles/pico_webserver.dir/pico-sdk/lib/lwip/src/core/tcp_out.c.obj
                0x000000001000bd6c                tcp_rexmit_fast
 .text.tcp_rst  0x000000001000bdc4       0xbc CMakeFiles/pico_webserver.dir/pico-sdk/lib/lwip/src/core/tcp_out.c.obj
                0x000000001000bdc4                tcp_rst
 .text.tcp_rst_netif
                0x000000001000be80       0xfc CMakeFiles/pico_webserver.dir/pico-sdk/lib/lwip/src/core/tcp_out.c.obj
                0x000000001000be80                tcp_rst_netif
 .text.tcp_send_empty_ack
                0x000000001000bf7c       0xdc CMakeFiles/pico_webserver.dir/pico-sdk/lib/lwip/src/core/tcp_out.c.obj
                0x000000001000bf7c                tcp_send_empty_ack
 .text.tcp_output
                0x000000001000c058      0x410 CMakeFiles/pico_webserver.dir/pico-sdk/lib/lwip/src/core/tcp_out.c.obj
                0x000000001000c058                tcp_output
 .text.tcp_rexmit_rto_commit
                0x000000001000c468       0x14 CMakeFiles/pico_webserver.dir/pico-sdk/lib/lwip/src/core/tcp_out.c.obj
                0x000000001000c468                tcp_rexmit_rto_commit
 .text.tcp_rexmit_rto
                0x000000001000c47c       0x98 CMakeFiles/pico_webserver.dir/pico-sdk/lib/lwip/src/core/tcp_out.c.obj
                0x000000001000c47c                tcp_rexmit_rto
 .text.tcp_keepalive
                0x000000001000c514       0xc4 CMakeFiles/pico_webserver.dir/pico-sdk/lib/lwip/src/core/tcp_out.c.obj
                0x000000001000c514                tcp_keepalive
 .text.tcp_zero_window_probe
                0x000000001000c5d8      0x18c CMakeFiles/pico_webserver.dir/pico-sdk/lib/lwip/src/core/tcp_out.c.obj
                0x000000001000c5d8                tcp_zero_window_probe
 .text.tcpip_tcp_timer
                0x000000001000c764       0x6c CMakeFiles/pico_webserver.dir/pico-sdk/lib/lwip/src/core/timeouts.c.obj
 .text.lwip_cyclic_timer
                0x000000001000c7d0       0x90 CMakeFiles/pico_webserver.dir/pico-sdk/lib/lwip/src/core/timeouts.c.obj
 .text.tcp_timer_needed
                0x000000001000c860       0x70 CMakeFiles/pico_webserver.dir/pico-sdk/lib/lwip/src/core/timeouts.c.obj
                0x000000001000c860                tcp_timer_needed
 .text.sys_timeouts_init
                0x000000001000c8d0       0x78 CMakeFiles/pico_webserver.dir/pico-sdk/lib/lwip/src/core/timeouts.c.obj
                0x000000001000c8d0                sys_timeouts_init
 .text.sys_check_timeouts
                0x000000001000c948       0x68 CMakeFiles/pico_webserver.dir/pico-sdk/lib/lwip/src/core/timeouts.c.obj
                0x000000001000c948                sys_check_timeouts
 .text.sys_timeouts_sleeptime
                0x000000001000c9b0       0x28 CMakeFiles/pico_webserver.dir/pico-sdk/lib/lwip/src/core/timeouts.c.obj
                0x000000001000c9b0                sys_timeouts_sleeptime
 .text.udp_init
                0x000000001000c9d8        0x4 CMakeFiles/pico_webserver.dir/pico-sdk/lib/lwip/src/core/udp.c.obj
                0x000000001000c9d8                udp_init
 .text.udp_input
                0x000000001000c9dc      0x234 CMakeFiles/pico_webserver.dir/pico-sdk/lib/lwip/src/core/udp.c.obj
                0x000000001000c9dc                udp_input
 .text.udp_bind
                0x000000001000cc10      0x10c CMakeFiles/pico_webserver.dir/pico-sdk/lib/lwip/src/core/udp.c.obj
                0x000000001000cc10                udp_bind
 .text.udp_sendto_if_src
                0x000000001000cd1c      0x120 CMakeFiles/pico_webserver.dir/pico-sdk/lib/lwip/src/core/udp.c.obj
                0x000000001000cd1c                udp_sendto_if_src
 .text.udp_sendto_if
                0x000000001000ce3c       0x48 CMakeFiles/pico_webserver.dir/pico-sdk/lib/lwip/src/core/udp.c.obj
                0x000000001000ce3c                udp_sendto_if
 .text.udp_sendto
                0x000000001000ce84       0x7c CMakeFiles/pico_webserver.dir/pico-sdk/lib/lwip/src/core/udp.c.obj
                0x000000001000ce84                udp_sendto
 .text.udp_connect
                0x000000001000cf00       0x64 CMakeFiles/pico_webserver.dir/pico-sdk/lib/lwip/src/core/udp.c.obj
                0x000000001000cf00                udp_connect
 .text.udp_recv
                0x000000001000cf64        0xc CMakeFiles/pico_webserver.dir/pico-sdk/lib/lwip/src/core/udp.c.obj
                0x000000001000cf64                udp_recv
 .text.udp_remove
                0x000000001000cf70       0x3c CMakeFiles/pico_webserver.dir/pico-sdk/lib/lwip/src/core/udp.c.obj
                0x000000001000cf70                udp_remove
 .text.udp_new  0x000000001000cfac       0x1c CMakeFiles/pico_webserver.dir/pico-sdk/lib/lwip/src/core/udp.c.obj
                0x000000001000cfac                udp_new
 .text.udp_netif_ip_addr_changed
                0x000000001000cfc8       0x40 CMakeFiles/pico_webserver.dir/pico-sdk/lib/lwip/src/core/udp.c.obj
                0x000000001000cfc8                udp_netif_ip_addr_changed
 .text.dhcp_create_msg
                0x000000001000d008      0x144 CMakeFiles/pico_webserver.dir/pico-sdk/lib/lwip/src/core/ipv4/dhcp.c.obj
 .text.dhcp_bind
                0x000000001000d14c      0x140 CMakeFiles/pico_webserver.dir/pico-sdk/lib/lwip/src/core/ipv4/dhcp.c.obj
 .text.dhcp_handle_ack.isra.0
                0x000000001000d28c       0xa0 CMakeFiles/pico_webserver.dir/pico-sdk/lib/lwip/src/core/ipv4/dhcp.c.obj
 .text.dhcp_discover
                0x000000001000d32c      0x10c CMakeFiles/pico_webserver.dir/pico-sdk/lib/lwip/src/core/ipv4/dhcp.c.obj
 .text.dhcp_reboot.isra.0
                0x000000001000d438      0x1e0 CMakeFiles/pico_webserver.dir/pico-sdk/lib/lwip/src/core/ipv4/dhcp.c.obj
 .text.dhcp_select.isra.0
                0x000000001000d618      0x244 CMakeFiles/pico_webserver.dir/pico-sdk/lib/lwip/src/core/ipv4/dhcp.c.obj
 .text.dhcp_recv
                0x000000001000d85c      0x414 CMakeFiles/pico_webserver.dir/pico-sdk/lib/lwip/src/core/ipv4/dhcp.c.obj
 .text.dhcp_conflict_callback
                0x000000001000dc70      0x124 CMakeFiles/pico_webserver.dir/pico-sdk/lib/lwip/src/core/ipv4/dhcp.c.obj
 .text.dhcp_set_struct
                0x000000001000dd94       0x18 CMakeFiles/pico_webserver.dir/pico-sdk/lib/lwip/src/core/ipv4/dhcp.c.obj
                0x000000001000dd94                dhcp_set_struct
 .text.dhcp_network_changed_link_up
                0x000000001000ddac       0x30 CMakeFiles/pico_webserver.dir/pico-sdk/lib/lwip/src/core/ipv4/dhcp.c.obj
                0x000000001000ddac                dhcp_network_changed_link_up
 .text.dhcp_renew
                0x000000001000dddc      0x1a0 CMakeFiles/pico_webserver.dir/pico-sdk/lib/lwip/src/core/ipv4/dhcp.c.obj
                0x000000001000dddc                dhcp_renew
 .text.dhcp_release_and_stop
                0x000000001000df7c      0x14c CMakeFiles/pico_webserver.dir/pico-sdk/lib/lwip/src/core/ipv4/dhcp.c.obj
                0x000000001000df7c                dhcp_release_and_stop
 .text.dhcp_start
                0x000000001000e0c8      0x10c CMakeFiles/pico_webserver.dir/pico-sdk/lib/lwip/src/core/ipv4/dhcp.c.obj
                0x000000001000e0c8                dhcp_start
 .text.dhcp_coarse_tmr
                0x000000001000e1d4      0x238 CMakeFiles/pico_webserver.dir/pico-sdk/lib/lwip/src/core/ipv4/dhcp.c.obj
                0x000000001000e1d4                dhcp_coarse_tmr
 .text.dhcp_fine_tmr
                0x000000001000e40c       0x78 CMakeFiles/pico_webserver.dir/pico-sdk/lib/lwip/src/core/ipv4/dhcp.c.obj
                0x000000001000e40c                dhcp_fine_tmr
 .text.dhcp_stop
                0x000000001000e484      0x14c CMakeFiles/pico_webserver.dir/pico-sdk/lib/lwip/src/core/ipv4/dhcp.c.obj
                0x000000001000e484                dhcp_stop
 .text.etharp_find_entry
                0x000000001000e5d0     0x1dcc CMakeFiles/pico_webserver.dir/pico-sdk/lib/lwip/src/core/ipv4/etharp.c.obj
 .text.etharp_raw
                0x000000001001039c       0xc0 CMakeFiles/pico_webserver.dir/pico-sdk/lib/lwip/src/core/ipv4/etharp.c.obj
 .text.etharp_output_to_arp_index
                0x000000001001045c       0xd8 CMakeFiles/pico_webserver.dir/pico-sdk/lib/lwip/src/core/ipv4/etharp.c.obj
 .text.etharp_tmr
                0x0000000010010534       0xa4 CMakeFiles/pico_webserver.dir/pico-sdk/lib/lwip/src/core/ipv4/etharp.c.obj
                0x0000000010010534                etharp_tmr
 .text.etharp_cleanup_netif
                0x00000000100105d8      0x188 CMakeFiles/pico_webserver.dir/pico-sdk/lib/lwip/src/core/ipv4/etharp.c.obj
                0x00000000100105d8                etharp_cleanup_netif
 .text.etharp_input
                0x0000000010010760      0x1ac CMakeFiles/pico_webserver.dir/pico-sdk/lib/lwip/src/core/ipv4/etharp.c.obj
                0x0000000010010760                etharp_input
 .text.etharp_query
                0x000000001001090c      0x188 CMakeFiles/pico_webserver.dir/pico-sdk/lib/lwip/src/core/ipv4/etharp.c.obj
                0x000000001001090c                etharp_query
 .text.etharp_output
                0x0000000010010a94      0x21c CMakeFiles/pico_webserver.dir/pico-sdk/lib/lwip/src/core/ipv4/etharp.c.obj
                0x0000000010010a94                etharp_output
 .text.etharp_acd_probe
                0x0000000010010cb0       0xc0 CMakeFiles/pico_webserver.dir/pico-sdk/lib/lwip/src/core/ipv4/etharp.c.obj
                0x0000000010010cb0                etharp_acd_probe
 .text.etharp_acd_announce
                0x0000000010010d70       0xbc CMakeFiles/pico_webserver.dir/pico-sdk/lib/lwip/src/core/ipv4/etharp.c.obj
                0x0000000010010d70                etharp_acd_announce
 .text.icmp_input
                0x0000000010010e2c      0x1d8 CMakeFiles/pico_webserver.dir/pico-sdk/lib/lwip/src/core/ipv4/icmp.c.obj
                0x0000000010010e2c                icmp_input
 .text.icmp_dest_unreach
                0x0000000010011004       0xbc CMakeFiles/pico_webserver.dir/pico-sdk/lib/lwip/src/core/ipv4/icmp.c.obj
                0x0000000010011004                icmp_dest_unreach
 .text.icmp_time_exceeded
                0x00000000100110c0       0xbc CMakeFiles/pico_webserver.dir/pico-sdk/lib/lwip/src/core/ipv4/icmp.c.obj
                0x00000000100110c0                icmp_time_exceeded
 .text.ip_reass_free_complete_datagram
                0x000000001001117c       0xb8 CMakeFiles/pico_webserver.dir/pico-sdk/lib/lwip/src/core/ipv4/ip4_frag.c.obj
 .text.ip_reass_remove_oldest_datagram
                0x0000000010011234       0xd8 CMakeFiles/pico_webserver.dir/pico-sdk/lib/lwip/src/core/ipv4/ip4_frag.c.obj
 .text.ipfrag_free_pbuf_custom
                0x000000001001130c       0x18 CMakeFiles/pico_webserver.dir/pico-sdk/lib/lwip/src/core/ipv4/ip4_frag.c.obj
 .text.ip_reass_tmr
                0x0000000010011324       0x38 CMakeFiles/pico_webserver.dir/pico-sdk/lib/lwip/src/core/ipv4/ip4_frag.c.obj
                0x0000000010011324                ip_reass_tmr
 .text.ip4_reass
                0x000000001001135c      0x510 CMakeFiles/pico_webserver.dir/pico-sdk/lib/lwip/src/core/ipv4/ip4_frag.c.obj
                0x000000001001135c                ip4_reass
 .text.ip4_frag
                0x000000001001186c      0x1e8 CMakeFiles/pico_webserver.dir/pico-sdk/lib/lwip/src/core/ipv4/ip4_frag.c.obj
                0x000000001001186c                ip4_frag
 .text.ip4_route
                0x0000000010011a54       0x80 CMakeFiles/pico_webserver.dir/pico-sdk/lib/lwip/src/core/ipv4/ip4.c.obj
                0x0000000010011a54                ip4_route
 .text.ip4_input
                0x0000000010011ad4      0x3e4 CMakeFiles/pico_webserver.dir/pico-sdk/lib/lwip/src/core/ipv4/ip4.c.obj
                0x0000000010011ad4                ip4_input
 .text.ip4_output_if
                0x0000000010011eb8      0x168 CMakeFiles/pico_webserver.dir/pico-sdk/lib/lwip/src/core/ipv4/ip4.c.obj
                0x0000000010011eb8                ip4_output_if
 .text.ip4_output_if_src
                0x0000000010012020      0x158 CMakeFiles/pico_webserver.dir/pico-sdk/lib/lwip/src/core/ipv4/ip4.c.obj
                0x0000000010012020                ip4_output_if_src
 .text.ip4_addr_isbroadcast_u32
                0x0000000010012178       0x3c CMakeFiles/pico_webserver.dir/pico-sdk/lib/lwip/src/core/ipv4/ip4_addr.c.obj
                0x0000000010012178                ip4_addr_isbroadcast_u32
 .text.acd_add  0x00000000100121b4       0x24 CMakeFiles/pico_webserver.dir/pico-sdk/lib/lwip/src/core/ipv4/acd.c.obj
                0x00000000100121b4                acd_add
 .text.acd_remove
                0x00000000100121d8       0x28 CMakeFiles/pico_webserver.dir/pico-sdk/lib/lwip/src/core/ipv4/acd.c.obj
                0x00000000100121d8                acd_remove
 .text.acd_start
                0x0000000010012200       0x38 CMakeFiles/pico_webserver.dir/pico-sdk/lib/lwip/src/core/ipv4/acd.c.obj
                0x0000000010012200                acd_start
 .text.acd_network_changed_link_down
                0x0000000010012238       0x14 CMakeFiles/pico_webserver.dir/pico-sdk/lib/lwip/src/core/ipv4/acd.c.obj
                0x0000000010012238                acd_network_changed_link_down
 .text.acd_tmr  0x000000001001224c      0x110 CMakeFiles/pico_webserver.dir/pico-sdk/lib/lwip/src/core/ipv4/acd.c.obj
                0x000000001001224c                acd_tmr
 .text.acd_arp_reply
                0x000000001001235c       0xf4 CMakeFiles/pico_webserver.dir/pico-sdk/lib/lwip/src/core/ipv4/acd.c.obj
                0x000000001001235c                acd_arp_reply
 .text.acd_netif_ip_addr_changed
                0x0000000010012450       0x8c CMakeFiles/pico_webserver.dir/pico-sdk/lib/lwip/src/core/ipv4/acd.c.obj
                0x0000000010012450                acd_netif_ip_addr_changed
 .text.ethernet_input
                0x00000000100124dc       0xd0 CMakeFiles/pico_webserver.dir/pico-sdk/lib/lwip/src/netif/ethernet.c.obj
                0x00000000100124dc                ethernet_input
 .text.ethernet_output
                0x00000000100125ac       0x64 CMakeFiles/pico_webserver.dir/pico-sdk/lib/lwip/src/netif/ethernet.c.obj
                0x00000000100125ac                ethernet_output
 .text.cyw43_arch_set_async_context
                0x0000000010012610        0xc CMakeFiles/pico_webserver.dir/pico-sdk/src/rp2_common/pico_cyw43_arch/cyw43_arch.c.obj
                0x0000000010012610                cyw43_arch_set_async_context
 .text.cyw43_arch_enable_sta_mode
                0x000000001001261c       0x1c CMakeFiles/pico_webserver.dir/pico-sdk/src/rp2_common/pico_cyw43_arch/cyw43_arch.c.obj
                0x000000001001261c                cyw43_arch_enable_sta_mode
 .text.cyw43_arch_init_with_country
                0x0000000010012638       0x10 CMakeFiles/pico_webserver.dir/pico-sdk/src/rp2_common/pico_cyw43_arch/cyw43_arch.c.obj
                0x0000000010012638                cyw43_arch_init_with_country
 .text.cyw43_arch_gpio_put
                0x0000000010012648       0x14 CMakeFiles/pico_webserver.dir/pico-sdk/src/rp2_common/pico_cyw43_arch/cyw43_arch.c.obj
                0x0000000010012648                cyw43_arch_gpio_put
 .text.cyw43_arch_async_context
                0x000000001001265c        0xc CMakeFiles/pico_webserver.dir/pico-sdk/src/rp2_common/pico_cyw43_arch/cyw43_arch.c.obj
                0x000000001001265c                cyw43_arch_async_context
 .text.cyw43_arch_init
                0x0000000010012668       0x80 CMakeFiles/pico_webserver.dir/pico-sdk/src/rp2_common/pico_cyw43_arch/cyw43_arch_threadsafe_background.c.obj
                0x0000000010012668                cyw43_arch_init
 .text.ns_delay.constprop.0
                0x00000000100126e8       0x20 CMakeFiles/pico_webserver.dir/pico-sdk/src/rp2_common/pico_cyw43_driver/cyw43_bus_pio_spi.c.obj
 .text.cyw43_spi_deinit
                0x0000000010012708       0x7c CMakeFiles/pico_webserver.dir/pico-sdk/src/rp2_common/pico_cyw43_driver/cyw43_bus_pio_spi.c.obj
                0x0000000010012708                cyw43_spi_deinit
 .text.cyw43_spi_init
                0x0000000010012784      0x154 CMakeFiles/pico_webserver.dir/pico-sdk/src/rp2_common/pico_cyw43_driver/cyw43_bus_pio_spi.c.obj
                0x0000000010012784                cyw43_spi_init
 .text.cyw43_spi_transfer
                0x00000000100128d8      0x430 CMakeFiles/pico_webserver.dir/pico-sdk/src/rp2_common/pico_cyw43_driver/cyw43_bus_pio_spi.c.obj
                0x00000000100128d8                cyw43_spi_transfer
 .text.cyw43_spi_gpio_setup
                0x0000000010012d08       0x3c CMakeFiles/pico_webserver.dir/pico-sdk/src/rp2_common/pico_cyw43_driver/cyw43_bus_pio_spi.c.obj
                0x0000000010012d08                cyw43_spi_gpio_setup
 .text.cyw43_spi_reset
                0x0000000010012d44       0x28 CMakeFiles/pico_webserver.dir/pico-sdk/src/rp2_common/pico_cyw43_driver/cyw43_bus_pio_spi.c.obj
                0x0000000010012d44                cyw43_spi_reset
 .text.read_reg_u32_swap
                0x0000000010012d6c       0x3c CMakeFiles/pico_webserver.dir/pico-sdk/src/rp2_common/pico_cyw43_driver/cyw43_bus_pio_spi.c.obj
                0x0000000010012d6c                read_reg_u32_swap
 .text.cyw43_read_reg_u32
                0x0000000010012da8       0x6c CMakeFiles/pico_webserver.dir/pico-sdk/src/rp2_common/pico_cyw43_driver/cyw43_bus_pio_spi.c.obj
                0x0000000010012da8                cyw43_read_reg_u32
 .text.cyw43_read_reg_u16
                0x0000000010012e14       0x6c CMakeFiles/pico_webserver.dir/pico-sdk/src/rp2_common/pico_cyw43_driver/cyw43_bus_pio_spi.c.obj
                0x0000000010012e14                cyw43_read_reg_u16
 .text.cyw43_read_reg_u8
                0x0000000010012e80       0x6c CMakeFiles/pico_webserver.dir/pico-sdk/src/rp2_common/pico_cyw43_driver/cyw43_bus_pio_spi.c.obj
                0x0000000010012e80                cyw43_read_reg_u8
 .text.write_reg_u32_swap
                0x0000000010012eec      0x1e0 CMakeFiles/pico_webserver.dir/pico-sdk/src/rp2_common/pico_cyw43_driver/cyw43_bus_pio_spi.c.obj
                0x0000000010012eec                write_reg_u32_swap
 .text.cyw43_write_reg_u32
                0x00000000100130cc      0x200 CMakeFiles/pico_webserver.dir/pico-sdk/src/rp2_common/pico_cyw43_driver/cyw43_bus_pio_spi.c.obj
                0x00000000100130cc                cyw43_write_reg_u32
 .text.cyw43_write_reg_u16
                0x00000000100132cc      0x200 CMakeFiles/pico_webserver.dir/pico-sdk/src/rp2_common/pico_cyw43_driver/cyw43_bus_pio_spi.c.obj
                0x00000000100132cc                cyw43_write_reg_u16
 .text.cyw43_write_reg_u8
                0x00000000100134cc      0x200 CMakeFiles/pico_webserver.dir/pico-sdk/src/rp2_common/pico_cyw43_driver/cyw43_bus_pio_spi.c.obj
                0x00000000100134cc                cyw43_write_reg_u8
 .text.cyw43_read_bytes
                0x00000000100136cc       0x78 CMakeFiles/pico_webserver.dir/pico-sdk/src/rp2_common/pico_cyw43_driver/cyw43_bus_pio_spi.c.obj
                0x00000000100136cc                cyw43_read_bytes
 .text.cyw43_write_bytes
                0x0000000010013744       0xec CMakeFiles/pico_webserver.dir/pico-sdk/src/rp2_common/pico_cyw43_driver/cyw43_bus_pio_spi.c.obj
                0x0000000010013744                cyw43_write_bytes
 .text.cyw43_set_backplane_window
                0x0000000010013830       0x64 CMakeFiles/pico_webserver.dir/pico-sdk/lib/cyw43-driver/src/cyw43_ll.c.obj
 .text.cyw43_ll_parse_async_event
                0x0000000010013894      0x13c CMakeFiles/pico_webserver.dir/pico-sdk/lib/cyw43-driver/src/cyw43_ll.c.obj
 .text.cyw43_kso_set
                0x00000000100139d0       0xa0 CMakeFiles/pico_webserver.dir/pico-sdk/lib/cyw43-driver/src/cyw43_ll.c.obj
 .text.cyw43_ll_sdpcm_poll_device
                0x0000000010013a70      0x238 CMakeFiles/pico_webserver.dir/pico-sdk/lib/cyw43-driver/src/cyw43_ll.c.obj
 .text.cyw43_sdpcm_send_common
                0x0000000010013ca8       0xf0 CMakeFiles/pico_webserver.dir/pico-sdk/lib/cyw43-driver/src/cyw43_ll.c.obj
 .text.cyw43_do_ioctl
                0x0000000010013d98      0x110 CMakeFiles/pico_webserver.dir/pico-sdk/lib/cyw43-driver/src/cyw43_ll.c.obj
 .text.cyw43_do_ioctl.constprop.0
                0x0000000010013ea8      0x108 CMakeFiles/pico_webserver.dir/pico-sdk/lib/cyw43-driver/src/cyw43_ll.c.obj
 .text.cyw43_read_backplane.constprop.0
                0x0000000010013fb0       0xdc CMakeFiles/pico_webserver.dir/pico-sdk/lib/cyw43-driver/src/cyw43_ll.c.obj
 .text.reset_device_core.constprop.0
                0x000000001001408c      0x3f0 CMakeFiles/pico_webserver.dir/pico-sdk/lib/cyw43-driver/src/cyw43_ll.c.obj
 .text.cyw43_ll_init
                0x000000001001447c       0x1c CMakeFiles/pico_webserver.dir/pico-sdk/lib/cyw43-driver/src/cyw43_ll.c.obj
                0x000000001001447c                cyw43_ll_init
 .text.cyw43_ll_deinit
                0x0000000010014498        0x8 CMakeFiles/pico_webserver.dir/pico-sdk/lib/cyw43-driver/src/cyw43_ll.c.obj
                0x0000000010014498                cyw43_ll_deinit
 .text.cyw43_ll_send_ethernet
                0x00000000100144a0       0x60 CMakeFiles/pico_webserver.dir/pico-sdk/lib/cyw43-driver/src/cyw43_ll.c.obj
                0x00000000100144a0                cyw43_ll_send_ethernet
 .text.cyw43_ll_process_packets
                0x0000000010014500       0x54 CMakeFiles/pico_webserver.dir/pico-sdk/lib/cyw43-driver/src/cyw43_ll.c.obj
                0x0000000010014500                cyw43_ll_process_packets
 .text.cyw43_ll_ioctl
                0x0000000010014554       0x20 CMakeFiles/pico_webserver.dir/pico-sdk/lib/cyw43-driver/src/cyw43_ll.c.obj
                0x0000000010014554                cyw43_ll_ioctl
 .text.cyw43_ll_bus_sleep
                0x0000000010014574       0x34 CMakeFiles/pico_webserver.dir/pico-sdk/lib/cyw43-driver/src/cyw43_ll.c.obj
                0x0000000010014574                cyw43_ll_bus_sleep
 .text.cyw43_ll_bus_init
                0x00000000100145a8      0xbf0 CMakeFiles/pico_webserver.dir/pico-sdk/lib/cyw43-driver/src/cyw43_ll.c.obj
                0x00000000100145a8                cyw43_ll_bus_init
 .text.cyw43_ll_wifi_on
                0x0000000010015198      0x240 CMakeFiles/pico_webserver.dir/pico-sdk/lib/cyw43-driver/src/cyw43_ll.c.obj
                0x0000000010015198                cyw43_ll_wifi_on
 .text.cyw43_ll_wifi_get_mac
                0x00000000100153d8       0x44 CMakeFiles/pico_webserver.dir/pico-sdk/lib/cyw43-driver/src/cyw43_ll.c.obj
                0x00000000100153d8                cyw43_ll_wifi_get_mac
 .text.cyw43_ll_wifi_pm