Archive member included to satisfy reference by file (symbol)

/usr/lib/gcc/arm-none-eabi/10.3.1/thumb/v6-m/nofp/libgcc.a(_dvmd_tls.o)
                              CMakeFiles/pico_webserver.dir/pico-sdk/src/rp2_common/pico_divider/divider.S.obj (__aeabi_idiv0)
/usr/lib/gcc/arm-none-eabi/10.3.1/../../../arm-none-eabi/lib/thumb/v6-m/nofp/libc.a(lib_a-atexit.o)
                              /usr/lib/gcc/arm-none-eabi/10.3.1/../../../arm-none-eabi/lib/thumb/v6-m/nofp/crt0.o (atexit)
/usr/lib/gcc/arm-none-eabi/10.3.1/../../../arm-none-eabi/lib/thumb/v6-m/nofp/libc.a(lib_a-atoi.o)
                              CMakeFiles/pico_webserver.dir/pico-sdk/lib/lwip/src/core/netif.c.obj (atoi)
/usr/lib/gcc/arm-none-eabi/10.3.1/../../../arm-none-eabi/lib/thumb/v6-m/nofp/libc.a(lib_a-calloc.o)
                              CMakeFiles/pico_webserver.dir/pico-sdk/src/rp2_common/pico_malloc/pico_malloc.c.obj (calloc)
/usr/lib/gcc/arm-none-eabi/10.3.1/../../../arm-none-eabi/lib/thumb/v6-m/nofp/libc.a(lib_a-callocr.o)
                              /usr/lib/gcc/arm-none-eabi/10.3.1/../../../arm-none-eabi/lib/thumb/v6-m/nofp/libc.a(lib_a-calloc.o) (_calloc_r)
/usr/lib/gcc/arm-none-eabi/10.3.1/../../../arm-none-eabi/lib/thumb/v6-m/nofp/libc.a(lib_a-ctype_.o)
                              CMakeFiles/pico_webserver.dir/pico-sdk/lib/lwip/src/core/ipv4/ip4_addr.c.obj (_ctype_)
/usr/lib/gcc/arm-none-eabi/10.3.1/../../../arm-none-eabi/lib/thumb/v6-m/nofp/libc.a(lib_a-fini.o)
                              /usr/lib/gcc/arm-none-eabi/10.3.1/../../../arm-none-eabi/lib/thumb/v6-m/nofp/crt0.o (__libc_fini_array)
/usr/lib/gcc/arm-none-eabi/10.3.1/../../../arm-none-eabi/lib/thumb/v6-m/nofp/libc.a(lib_a-impure.o)
                              /usr/lib/gcc/arm-none-eabi/10.3.1/../../../arm-none-eabi/lib/thumb/v6-m/nofp/libc.a(lib_a-calloc.o) (_impure_ptr)
/usr/lib/gcc/arm-none-eabi/10.3.1/../../../arm-none-eabi/lib/thumb/v6-m/nofp/libc.a(lib_a-init.o)
                              /usr/lib/gcc/arm-none-eabi/10.3.1/../../../arm-none-eabi/lib/thumb/v6-m/nofp/crt0.o (__libc_init_array)
/usr/lib/gcc/arm-none-eabi/10.3.1/../../../arm-none-eabi/lib/thumb/v6-m/nofp/libc.a(lib_a-malloc.o)
                              CMakeFiles/pico_webserver.dir/pico-sdk/src/rp2_common/pico_malloc/pico_malloc.c.obj (malloc)
/usr/lib/gcc/arm-none-eabi/10.3.1/../../../arm-none-eabi/lib/thumb/v6-m/nofp/libc.a(lib_a-mallocr.o)
                              /usr/lib/gcc/arm-none-eabi/10.3.1/../../../arm-none-eabi/lib/thumb/v6-m/nofp/libc.a(lib_a-callocr.o) (_malloc_r)
/usr/lib/gcc/arm-none-eabi/10.3.1/../../../arm-none-eabi/lib/thumb/v6-m/nofp/libc.a(lib_a-memcmp.o)
                              CMakeFiles/pico_webserver.dir/pico-sdk/lib/tinyusb/lib/networking/dhserver.c.obj (memcmp)
/usr/lib/gcc/arm-none-eabi/10.3.1/../../../arm-none-eabi/lib/thumb/v6-m/nofp/libc.a(lib_a-memmove.o)
                              CMakeFiles/pico_webserver.dir/pico-sdk/lib/lwip/src/core/def.c.obj (memmove)
/usr/lib/gcc/arm-none-eabi/10.3.1/../../../arm-none-eabi/lib/thumb/v6-m/nofp/libc.a(lib_a-mlock.o)
                              /usr/lib/gcc/arm-none-eabi/10.3.1/../../../arm-none-eabi/lib/thumb/v6-m/nofp/libc.a(lib_a-mallocr.o) (__malloc_lock)
/usr/lib/gcc/arm-none-eabi/10.3.1/../../../arm-none-eabi/lib/thumb/v6-m/nofp/libc.a(lib_a-rand.o)
                              CMakeFiles/pico_webserver.dir/ssi.cpp.obj (rand)
/usr/lib/gcc/arm-none-eabi/10.3.1/../../../arm-none-eabi/lib/thumb/v6-m/nofp/libc.a(lib_a-realloc.o)
                              CMakeFiles/pico_webserver.dir/pico-sdk/src/rp2_common/pico_malloc/pico_malloc.c.obj (realloc)
/usr/lib/gcc/arm-none-eabi/10.3.1/../../../arm-none-eabi/lib/thumb/v6-m/nofp/libc.a(lib_a-reallocr.o)
                              /usr/lib/gcc/arm-none-eabi/10.3.1/../../../arm-none-eabi/lib/thumb/v6-m/nofp/libc.a(lib_a-realloc.o) (_realloc_r)
/usr/lib/gcc/arm-none-eabi/10.3.1/../../../arm-none-eabi/lib/thumb/v6-m/nofp/libc.a(lib_a-sbrkr.o)
                              /usr/lib/gcc/arm-none-eabi/10.3.1/../../../arm-none-eabi/lib/thumb/v6-m/nofp/libc.a(lib_a-mallocr.o) (_sbrk_r)
/usr/lib/gcc/arm-none-eabi/10.3.1/../../../arm-none-eabi/lib/thumb/v6-m/nofp/libc.a(lib_a-strchr.o)
                              CMakeFiles/pico_webserver.dir/pico-sdk/lib/lwip/src/apps/http/httpd.c.obj (strchr)
/usr/lib/gcc/arm-none-eabi/10.3.1/../../../arm-none-eabi/lib/thumb/v6-m/nofp/libc.a(lib_a-strcmp.o)
                              CMakeFiles/pico_webserver.dir/cgi.cpp.obj (strcmp)
/usr/lib/gcc/arm-none-eabi/10.3.1/../../../arm-none-eabi/lib/thumb/v6-m/nofp/libc.a(lib_a-strcpy.o)
                              CMakeFiles/pico_webserver.dir/cgi.cpp.obj (strcpy)
/usr/lib/gcc/arm-none-eabi/10.3.1/../../../arm-none-eabi/lib/thumb/v6-m/nofp/libc.a(lib_a-strlen-stub.o)
                              CMakeFiles/pico_webserver.dir/usb_descriptors.c.obj (strlen)
/usr/lib/gcc/arm-none-eabi/10.3.1/../../../arm-none-eabi/lib/thumb/v6-m/nofp/libc.a(lib_a-strncmp.o)
[...]
Memory Configuration

Name             Origin             Length             Attributes
FLASH            0x0000000010000000 0x0000000000200000 xr
RAM              0x0000000020000000 0x0000000000040000 xrw
SCRATCH_X        0x0000000020040000 0x0000000000001000 xrw
SCRATCH_Y        0x0000000020041000 0x0000000000001000 xrw
*default*        0x0000000000000000 0xffffffffffffffff

Linker script and memory map

LOAD /usr/lib/gcc/arm-none-eabi/10.3.1/thumb/v6-m/nofp/crti.o
LOAD /usr/lib/gcc/arm-none-eabi/10.3.1/thumb/v6-m/nofp/crtbegin.o
LOAD /usr/lib/gcc/arm-none-eabi/10.3.1/../../../arm-none-eabi/lib/thumb/v6-m/nofp/crt0.o

.flash_begin    0x0000000010000000        0x0
                0x0000000010000000                __flash_binary_start = .

.boot2          0x0000000010000000      0x100
                0x0000000010000000                __boot2_start__ = .
 *(.boot2)
 .boot2         0x0000000010000000      0x100 /tmp/ccU0OrEj.o
                0x0000000010000100                __boot2_end__ = .
                0x0000000000000001                ASSERT (((__boot2_end__ - __boot2_start__) == 0x100), ERROR: Pico second stage bootloader must be 256 bytes in size)

.text           0x0000000010000100    0x19070
                0x0000000010000100                __logical_binary_start = .
 *(.vectors)
 .vectors       0x0000000010000100       0xd4 CMakeFiles/pico_webserver.dir/pico-sdk/src/rp2_common/pico_standard_link/crt0.S.obj
                0x0000000010000100                __vectors
                0x0000000010000100                __VECTOR_TABLE
                0x00000000100001c0                isr_invalid
                0x00000000100001c0                __default_isrs_start
                0x00000000100001c2                isr_nmi
                0x00000000100001c4                isr_hardfault
                0x00000000100001c6                isr_svcall
                0x00000000100001c8                isr_pendsv
                0x00000000100001ca                isr_systick
                0x00000000100001cc                isr_irq30
                0x00000000100001cc                __unhandled_user_irq
                0x00000000100001cc                isr_irq13
                0x00000000100001cc                isr_irq27
                0x00000000100001cc                isr_irq31
                0x00000000100001cc                isr_irq5
                0x00000000100001cc                isr_irq11
                0x00000000100001cc                isr_irq23
                0x00000000100001cc                isr_irq18
                0x00000000100001cc                isr_irq28
                0x00000000100001cc                isr_irq19
                0x00000000100001cc                isr_irq0
                0x00000000100001cc                isr_irq6
                0x00000000100001cc                isr_irq22
                0x00000000100001cc                isr_irq17
                0x00000000100001cc                isr_irq14
                0x00000000100001cc                isr_irq2
                0x00000000100001cc                isr_irq10
                0x00000000100001cc                isr_irq8
                0x00000000100001cc                isr_irq24
                0x00000000100001cc                isr_irq1
                0x00000000100001cc                isr_irq7
                0x00000000100001cc                isr_irq21
                0x00000000100001cc                isr_irq20
                0x00000000100001cc                isr_irq15
                0x00000000100001cc                isr_irq25
                0x00000000100001cc                isr_irq4
                0x00000000100001cc                isr_irq16
                0x00000000100001cc                isr_irq29
                0x00000000100001cc                isr_irq26
                0x00000000100001cc                __default_isrs_end
                0x00000000100001cc                isr_irq3
                0x00000000100001cc                isr_irq12
                0x00000000100001cc                isr_irq9
                0x00000000100001d2                unhandled_user_irq_num_in_r0
 *(.binary_info_header)
 .binary_info_header
                0x00000000100001d4       0x14 CMakeFiles/pico_webserver.dir/pico-sdk/src/rp2_common/pico_standard_link/crt0.S.obj
                0x00000000100001e8                __binary_info_header_end = .
 *(.reset)
 .reset         0x00000000100001e8       0xa0 CMakeFiles/pico_webserver.dir/pico-sdk/src/rp2_common/pico_standard_link/crt0.S.obj
                0x00000000100001e8                _entry_point
 .reset         0x0000000010000288       0x30 CMakeFiles/pico_webserver.dir/pico-sdk/src/rp2_common/pico_standard_link/binary_info.c.obj
 *(.init)
 .init          0x00000000100002b8        0x4 /usr/lib/gcc/arm-none-eabi/10.3.1/thumb/v6-m/nofp/crti.o
                0x00000000100002b8                _init
 *(EXCLUDE_FILE(*libm.a: *libc.a:*lib_a-mem*.o *libgcc.a:) .text*)
 .text          0x00000000100002bc       0x98 /usr/lib/gcc/arm-none-eabi/10.3.1/thumb/v6-m/nofp/crtbegin.o
 .text.core1_entry
                0x0000000010000354       0x2c CMakeFiles/pico_webserver.dir/webserver.c.obj
                0x0000000010000354                core1_entry
 .text.startup.main
                0x0000000010000380       0x60 CMakeFiles/pico_webserver.dir/webserver.c.obj
                0x0000000010000380                main
 .text.netif_init_cb
                0x00000000100003e0       0x30 CMakeFiles/pico_webserver.dir/tusb_lwip_glue.c.obj
 .text.output_fn
                0x0000000010000410        0x8 CMakeFiles/pico_webserver.dir/tusb_lwip_glue.c.obj
 .text.linkoutput_fn
                0x0000000010000418       0x3c CMakeFiles/pico_webserver.dir/tusb_lwip_glue.c.obj
 .text.init_lwip
                0x0000000010000454       0x60 CMakeFiles/pico_webserver.dir/tusb_lwip_glue.c.obj
                0x0000000010000454                init_lwip
 .text.tud_network_init_cb
                0x00000000100004b4       0x18 CMakeFiles/pico_webserver.dir/tusb_lwip_glue.c.obj
                0x00000000100004b4                tud_network_init_cb
 .text.tud_network_recv_cb
                0x00000000100004cc       0x3c CMakeFiles/pico_webserver.dir/tusb_lwip_glue.c.obj
                0x00000000100004cc                tud_network_recv_cb
 .text.tud_network_xmit_cb
                0x0000000010000508       0x30 CMakeFiles/pico_webserver.dir/tusb_lwip_glue.c.obj
                0x0000000010000508                tud_network_xmit_cb
 .text.service_traffic
                0x0000000010000538       0x2c CMakeFiles/pico_webserver.dir/tusb_lwip_glue.c.obj
                0x0000000010000538                service_traffic
 .text.dhcpd_init
                0x0000000010000564       0x14 CMakeFiles/pico_webserver.dir/tusb_lwip_glue.c.obj
                0x0000000010000564                dhcpd_init
 .text.wait_for_netif_is_up
                0x0000000010000578       0x14 CMakeFiles/pico_webserver.dir/tusb_lwip_glue.c.obj
                0x0000000010000578                wait_for_netif_is_up
 .text.tud_descriptor_device_cb
                0x000000001000058c        0x8 CMakeFiles/pico_webserver.dir/usb_descriptors.c.obj
                0x000000001000058c                tud_descriptor_device_cb
 .text.tud_descriptor_configuration_cb
                0x0000000010000594       0x14 CMakeFiles/pico_webserver.dir/usb_descriptors.c.obj
                0x0000000010000594                tud_descriptor_configuration_cb
 .text.tud_descriptor_string_cb
                0x00000000100005a8      0x17c CMakeFiles/pico_webserver.dir/usb_descriptors.c.obj
                0x00000000100005a8                tud_descriptor_string_cb
 .text.fill_options
                0x0000000010000724       0xdc CMakeFiles/pico_webserver.dir/pico-sdk/lib/tinyusb/lib/networking/dhserver.c.obj
                0x0000000010000724                fill_options
 .text.udp_recv_proc
                0x0000000010000800      0x2e4 CMakeFiles/pico_webserver.dir/pico-sdk/lib/tinyusb/lib/networking/dhserver.c.obj
 .text.dhserv_init
                0x0000000010000ae4       0x64 CMakeFiles/pico_webserver.dir/pico-sdk/lib/tinyusb/lib/networking/dhserver.c.obj
                0x0000000010000ae4                dhserv_init
 .text.rndis_class_set_handler
                0x0000000010000b48      0x2d4 CMakeFiles/pico_webserver.dir/pico-sdk/lib/tinyusb/lib/networking/rndis_reports.c.obj
                0x0000000010000b48                rndis_class_set_handler
 .text._Z11scan_resultPvPK23_cyw43_ev_scan_result_t
                0x0000000010000e1c       0x4c CMakeFiles/pico_webserver.dir/ssi.cpp.obj
                0x0000000010000e1c                scan_result(void*, _cyw43_ev_scan_result_t const*)
 .text.ssi_init
                0x0000000010000e68       0x4c CMakeFiles/pico_webserver.dir/ssi.cpp.obj
                0x0000000010000e68                ssi_init
 .text.cgi_handler_basic
                0x0000000010000eb4      0x11c CMakeFiles/pico_webserver.dir/cgi.cpp.obj
                0x0000000010000eb4                cgi_handler_basic
 .text.cgi_handler_extended
                0x0000000010000fd0      0x11c CMakeFiles/pico_webserver.dir/cgi.cpp.obj
                0x0000000010000fd0                cgi_handler_extended
 .text.wifi_cred_set
                0x00000000100010ec       0xa4 CMakeFiles/pico_webserver.dir/cgi.cpp.obj
                0x00000000100010ec                wifi_cred_set
 .text.cgi_toggle_led
                0x0000000010001190       0x20 CMakeFiles/pico_webserver.dir/cgi.cpp.obj
 .text.cgi_reset_usb_boot
                0x00000000100011b0       0x14 CMakeFiles/pico_webserver.dir/cgi.cpp.obj
 .text.cgi_init
                0x00000000100011c4       0x2c CMakeFiles/pico_webserver.dir/cgi.cpp.obj
                0x00000000100011c4                cgi_init
 .text.set_sys_clock_pll
                0x00000000100011f0       0x78 CMakeFiles/pico_webserver.dir/pico-sdk/src/rp2_common/pico_stdlib/stdlib.c.obj
                0x00000000100011f0                set_sys_clock_pll
 .text.check_sys_clock_khz
                0x0000000010001268      0x17c CMakeFiles/pico_webserver.dir/pico-sdk/src/rp2_common/pico_stdlib/stdlib.c.obj
                0x0000000010001268                check_sys_clock_khz
 .text.gpio_set_function
                0x00000000100013e4       0x30 CMakeFiles/pico_webserver.dir/pico-sdk/src/rp2_common/hardware_gpio/gpio.c.obj
                0x00000000100013e4                gpio_set_function
 .text.gpio_set_pulls
                0x0000000010001414       0x30 CMakeFiles/pico_webserver.dir/pico-sdk/src/rp2_common/hardware_gpio/gpio.c.obj
                0x0000000010001414                gpio_set_pulls
 .text.gpio_set_input_hysteresis_enabled
                0x0000000010001444       0x28 CMakeFiles/pico_webserver.dir/pico-sdk/src/rp2_common/hardware_gpio/gpio.c.obj
                0x0000000010001444                gpio_set_input_hysteresis_enabled
 .text.gpio_set_irq_enabled
                0x000000001000146c       0x54 CMakeFiles/pico_webserver.dir/pico-sdk/src/rp2_common/hardware_gpio/gpio.c.obj
                0x000000001000146c                gpio_set_irq_enabled
 .text.gpio_add_raw_irq_handler_with_order_priority_masked
                0x00000000100014c0       0x44 CMakeFiles/pico_webserver.dir/pico-sdk/src/rp2_common/hardware_gpio/gpio.c.obj
                0x00000000100014c0                gpio_add_raw_irq_handler_with_order_priority_masked
 .text.gpio_remove_raw_irq_handler_masked
                0x0000000010001504       0x20 CMakeFiles/pico_webserver.dir/pico-sdk/src/rp2_common/hardware_gpio/gpio.c.obj
                0x0000000010001504                gpio_remove_raw_irq_handler_masked
 .text.gpio_set_input_enabled
                0x0000000010001524       0x28 CMakeFiles/pico_webserver.dir/pico-sdk/src/rp2_common/hardware_gpio/gpio.c.obj
                0x0000000010001524                gpio_set_input_enabled
 .text.gpio_init
                0x000000001000154c       0x3c CMakeFiles/pico_webserver.dir/pico-sdk/src/rp2_common/hardware_gpio/gpio.c.obj
                0x000000001000154c                gpio_init
 .text.running_on_fpga
                0x0000000010001588       0x10 CMakeFiles/pico_webserver.dir/pico-sdk/src/rp2_common/pico_platform/platform.c.obj
                0x0000000010001588                running_on_fpga
 .text.hw_claim_lock
                0x0000000010001598       0x18 CMakeFiles/pico_webserver.dir/pico-sdk/src/rp2_common/hardware_claim/claim.c.obj
                0x0000000010001598                hw_claim_lock
 .text.hw_claim_unlock
                0x00000000100015b0       0x14 CMakeFiles/pico_webserver.dir/pico-sdk/src/rp2_common/hardware_claim/claim.c.obj
                0x00000000100015b0                hw_claim_unlock
 .text.hw_claim_or_assert
                0x00000000100015c4       0x44 CMakeFiles/pico_webserver.dir/pico-sdk/src/rp2_common/hardware_claim/claim.c.obj
                0x00000000100015c4                hw_claim_or_assert
 .text.hw_claim_unused_from_range
                0x0000000010001608       0x9c CMakeFiles/pico_webserver.dir/pico-sdk/src/rp2_common/hardware_claim/claim.c.obj
                0x0000000010001608                hw_claim_unused_from_range
 .text.hw_claim_clear
                0x00000000100016a4       0x38 CMakeFiles/pico_webserver.dir/pico-sdk/src/rp2_common/hardware_claim/claim.c.obj
                0x00000000100016a4                hw_claim_clear
 .text.spin_locks_reset
                0x00000000100016dc       0x1c CMakeFiles/pico_webserver.dir/pico-sdk/src/rp2_common/hardware_sync/sync.c.obj
                0x00000000100016dc                spin_locks_reset
 .text.next_striped_spin_lock_num
                0x00000000100016f8       0x18 CMakeFiles/pico_webserver.dir/pico-sdk/src/rp2_common/hardware_sync/sync.c.obj
                0x00000000100016f8                next_striped_spin_lock_num
 .text.spin_lock_claim_unused
                0x0000000010001710       0x20 CMakeFiles/pico_webserver.dir/pico-sdk/src/rp2_common/hardware_sync/sync.c.obj
                0x0000000010001710                spin_lock_claim_unused
 .text.irq_set_enabled
                0x0000000010001730       0x24 CMakeFiles/pico_webserver.dir/pico-sdk/src/rp2_common/hardware_irq/irq.c.obj
                0x0000000010001730                irq_set_enabled
 .text.irq_is_enabled
                0x0000000010001754       0x18 CMakeFiles/pico_webserver.dir/pico-sdk/src/rp2_common/hardware_irq/irq.c.obj
                0x0000000010001754                irq_is_enabled
 .text.irq_set_pending
                0x000000001000176c       0x10 CMakeFiles/pico_webserver.dir/pico-sdk/src/rp2_common/hardware_irq/irq.c.obj
                0x000000001000176c                irq_set_pending
 .text.irq_get_vtable_handler
                0x000000001000177c       0x10 CMakeFiles/pico_webserver.dir/pico-sdk/src/rp2_common/hardware_irq/irq.c.obj
                0x000000001000177c                irq_get_vtable_handler
 .text.irq_set_exclusive_handler
                0x000000001000178c       0x54 CMakeFiles/pico_webserver.dir/pico-sdk/src/rp2_common/hardware_irq/irq.c.obj
                0x000000001000178c                irq_set_exclusive_handler
 .text.irq_add_shared_handler
                0x00000000100017e0      0x1e8 CMakeFiles/pico_webserver.dir/pico-sdk/src/rp2_common/hardware_irq/irq.c.obj
                0x00000000100017e0                irq_add_shared_handler
 .text.irq_remove_handler
                0x00000000100019c8      0x1b0 CMakeFiles/pico_webserver.dir/pico-sdk/src/rp2_common/hardware_irq/irq.c.obj
                0x00000000100019c8                irq_remove_handler
 .text.irq_set_priority
                0x0000000010001b78       0x28 CMakeFiles/pico_webserver.dir/pico-sdk/src/rp2_common/hardware_irq/irq.c.obj
                0x0000000010001b78                irq_set_priority
 .text.irq_add_tail_to_free_list
                0x0000000010001ba0       0xb4 CMakeFiles/pico_webserver.dir/pico-sdk/src/rp2_common/hardware_irq/irq.c.obj
                0x0000000010001ba0                irq_add_tail_to_free_list
 .text.irq_init_priorities
                0x0000000010001c54       0x24 CMakeFiles/pico_webserver.dir/pico-sdk/src/rp2_common/hardware_irq/irq.c.obj
                0x0000000010001c54                irq_init_priorities
 .text.user_irq_unclaim
                0x0000000010001c78       0x14 CMakeFiles/pico_webserver.dir/pico-sdk/src/rp2_common/hardware_irq/irq.c.obj
                0x0000000010001c78                user_irq_unclaim
 .text.user_irq_claim_unused
                0x0000000010001c8c       0x28 CMakeFiles/pico_webserver.dir/pico-sdk/src/rp2_common/hardware_irq/irq.c.obj
                0x0000000010001c8c                user_irq_claim_unused
 .text.sem_init
                0x0000000010001cb4       0x20 CMakeFiles/pico_webserver.dir/pico-sdk/src/common/pico_sync/sem.c.obj
                0x0000000010001cb4                sem_init
 .text.lock_init
                0x0000000010001cd4       0x10 CMakeFiles/pico_webserver.dir/pico-sdk/src/common/pico_sync/lock_core.c.obj
                0x0000000010001cd4                lock_init
 .text.mutex_init
                0x0000000010001ce4       0x1c CMakeFiles/pico_webserver.dir/pico-sdk/src/common/pico_sync/mutex.c.obj
                0x0000000010001ce4                mutex_init
 .text.recursive_mutex_init
                0x0000000010001d00       0x1c CMakeFiles/pico_webserver.dir/pico-sdk/src/common/pico_sync/mutex.c.obj
                0x0000000010001d00                recursive_mutex_init
 .text.critical_section_init
                0x0000000010001d1c       0x20 CMakeFiles/pico_webserver.dir/pico-sdk/src/common/pico_sync/critical_section.c.obj
                0x0000000010001d1c                critical_section_init
 .text.timer_pool_entry_comparator
                0x0000000010001d3c       0x34 CMakeFiles/pico_webserver.dir/pico-sdk/src/common/pico_time/time.c.obj
                0x0000000010001d3c                timer_pool_entry_comparator
 .text.sleep_until_callback
                0x0000000010001d70       0x30 CMakeFiles/pico_webserver.dir/pico-sdk/src/common/pico_time/time.c.obj
 .text.add_alarm_under_lock.isra.0
                0x0000000010001da0      0x100 CMakeFiles/pico_webserver.dir/pico-sdk/src/common/pico_time/time.c.obj
 .text.alarm_pool_alarm_callback
                0x0000000010001ea0      0x1bc CMakeFiles/pico_webserver.dir/pico-sdk/src/common/pico_time/time.c.obj
 .text.alarm_pool_init_default
                0x000000001000205c       0x6c CMakeFiles/pico_webserver.dir/pico-sdk/src/common/pico_time/time.c.obj
                0x000000001000205c                alarm_pool_init_default
 .text.alarm_pool_get_default
                0x00000000100020c8        0x8 CMakeFiles/pico_webserver.dir/pico-sdk/src/common/pico_time/time.c.obj
                0x00000000100020c8                alarm_pool_get_default
 .text.alarm_pool_create_with_unused_hardware_alarm
                0x00000000100020d0       0x74 CMakeFiles/pico_webserver.dir/pico-sdk/src/common/pico_time/time.c.obj
                0x00000000100020d0                alarm_pool_create_with_unused_hardware_alarm
 .text.alarm_pool_destroy
                0x0000000010002144       0x44 CMakeFiles/pico_webserver.dir/pico-sdk/src/common/pico_time/time.c.obj
                0x0000000010002144                alarm_pool_destroy
 .text.alarm_pool_add_alarm_at
                0x0000000010002188      0x178 CMakeFiles/pico_webserver.dir/pico-sdk/src/common/pico_time/time.c.obj
                0x0000000010002188                alarm_pool_add_alarm_at
 .text.alarm_pool_add_alarm_at_force_in_context
                0x0000000010002300      0x124 CMakeFiles/pico_webserver.dir/pico-sdk/src/common/pico_time/time.c.obj
                0x0000000010002300                alarm_pool_add_alarm_at_force_in_context
 .text.alarm_pool_cancel_alarm
                0x0000000010002424       0x78 CMakeFiles/pico_webserver.dir/pico-sdk/src/common/pico_time/time.c.obj
                0x0000000010002424                alarm_pool_cancel_alarm
 .text.alarm_pool_core_num
                0x000000001000249c        0x4 CMakeFiles/pico_webserver.dir/pico-sdk/src/common/pico_time/time.c.obj
                0x000000001000249c                alarm_pool_core_num
 .text.sleep_until
                0x00000000100024a0       0xc4 CMakeFiles/pico_webserver.dir/pico-sdk/src/common/pico_time/time.c.obj
                0x00000000100024a0                sleep_until
 .text.sleep_ms
                0x0000000010002564       0x34 CMakeFiles/pico_webserver.dir/pico-sdk/src/common/pico_time/time.c.obj
                0x0000000010002564                sleep_ms
 .text.best_effort_wfe_or_timeout
                0x0000000010002598       0xd4 CMakeFiles/pico_webserver.dir/pico-sdk/src/common/pico_time/time.c.obj
                0x0000000010002598                best_effort_wfe_or_timeout
 .text.hardware_alarm_irq_handler
                0x000000001000266c       0xbc CMakeFiles/pico_webserver.dir/pico-sdk/src/rp2_common/hardware_timer/timer.c.obj
 .text.hardware_alarm_claim
                0x0000000010002728       0x18 CMakeFiles/pico_webserver.dir/pico-sdk/src/rp2_common/hardware_timer/timer.c.obj
                0x0000000010002728                hardware_alarm_claim
 .text.hardware_alarm_unclaim
                0x0000000010002740       0x10 CMakeFiles/pico_webserver.dir/pico-sdk/src/rp2_common/hardware_timer/timer.c.obj
                0x0000000010002740                hardware_alarm_unclaim
 .text.hardware_alarm_claim_unused
                0x0000000010002750       0x20 CMakeFiles/pico_webserver.dir/pico-sdk/src/rp2_common/hardware_timer/timer.c.obj
                0x0000000010002750                hardware_alarm_claim_unused
 .text.time_us_64
                0x0000000010002770       0x14 CMakeFiles/pico_webserver.dir/pico-sdk/src/rp2_common/hardware_timer/timer.c.obj
                0x0000000010002770                time_us_64
 .text.busy_wait_until
                0x0000000010002784       0x20 CMakeFiles/pico_webserver.dir/pico-sdk/src/rp2_common/hardware_timer/timer.c.obj
                0x0000000010002784                busy_wait_until
 .text.hardware_alarm_set_callback
                0x00000000100027a4       0x8c CMakeFiles/pico_webserver.dir/pico-sdk/src/rp2_common/hardware_timer/timer.c.obj
                0x00000000100027a4                hardware_alarm_set_callback
 .text.hardware_alarm_set_target
                0x0000000010002830       0xd4 CMakeFiles/pico_webserver.dir/pico-sdk/src/rp2_common/hardware_timer/timer.c.obj
                0x0000000010002830                hardware_alarm_set_target
 .text.hardware_alarm_cancel
                0x0000000010002904       0x3c CMakeFiles/pico_webserver.dir/pico-sdk/src/rp2_common/hardware_timer/timer.c.obj
                0x0000000010002904                hardware_alarm_cancel
 .text.hardware_alarm_force_irq
                0x0000000010002940       0x3c CMakeFiles/pico_webserver.dir/pico-sdk/src/rp2_common/hardware_timer/timer.c.obj
                0x0000000010002940                hardware_alarm_force_irq
 .text.ph_merge_nodes
                0x000000001000297c       0x68 CMakeFiles/pico_webserver.dir/pico-sdk/src/common/pico_util/pheap.c.obj
 .text.ph_create
                0x00000000100029e4       0x60 CMakeFiles/pico_webserver.dir/pico-sdk/src/common/pico_util/pheap.c.obj
                0x00000000100029e4                ph_create
 .text.ph_post_alloc_init
                0x0000000010002a44       0x3c CMakeFiles/pico_webserver.dir/pico-sdk/src/common/pico_util/pheap.c.obj
                0x0000000010002a44                ph_post_alloc_init
 .text.ph_destroy
                0x0000000010002a80       0x14 CMakeFiles/pico_webserver.dir/pico-sdk/src/common/pico_util/pheap.c.obj
                0x0000000010002a80                ph_destroy
 .text.ph_merge_two_pass
                0x0000000010002a94       0x90 CMakeFiles/pico_webserver.dir/pico-sdk/src/common/pico_util/pheap.c.obj
                0x0000000010002a94                ph_merge_two_pass
 .text.ph_remove_any_head
                0x0000000010002b24      0x100 CMakeFiles/pico_webserver.dir/pico-sdk/src/common/pico_util/pheap.c.obj
 .text.ph_remove_head
                0x0000000010002c24      0x104 CMakeFiles/pico_webserver.dir/pico-sdk/src/common/pico_util/pheap.c.obj
                0x0000000010002c24                ph_remove_head
 .text.ph_remove_and_free_node
                0x0000000010002d28       0x7c CMakeFiles/pico_webserver.dir/pico-sdk/src/common/pico_util/pheap.c.obj
                0x0000000010002d28                ph_remove_and_free_node
 .text.clock_configure
                0x0000000010002da4      0x118 CMakeFiles/pico_webserver.dir/pico-sdk/src/rp2_common/hardware_clocks/clocks.c.obj
                0x0000000010002da4                clock_configure
 .text.clocks_init
                0x0000000010002ebc      0x2d0 CMakeFiles/pico_webserver.dir/pico-sdk/src/rp2_common/hardware_clocks/clocks.c.obj
                0x0000000010002ebc                clocks_init
 .text.clock_get_hz
                0x000000001000318c        0xc CMakeFiles/pico_webserver.dir/pico-sdk/src/rp2_common/hardware_clocks/clocks.c.obj
                0x000000001000318c                clock_get_hz
 .text.pll_init
                0x0000000010003198       0xa0 CMakeFiles/pico_webserver.dir/pico-sdk/src/rp2_common/hardware_pll/pll.c.obj
                0x0000000010003198                pll_init
 .text.watchdog_start_tick
                0x0000000010003238       0x10 CMakeFiles/pico_webserver.dir/pico-sdk/src/rp2_common/hardware_watchdog/watchdog.c.obj
                0x0000000010003238                watchdog_start_tick
 .text.xosc_init
                0x0000000010003248       0x28 CMakeFiles/pico_webserver.dir/pico-sdk/src/rp2_common/hardware_xosc/xosc.c.obj
                0x0000000010003248                xosc_init
 .text.runtime_init
                0x0000000010003270       0xf0 CMakeFiles/pico_webserver.dir/pico-sdk/src/rp2_common/pico_runtime/runtime.c.obj
                0x0000000010003270                runtime_init
 .text._exit    0x0000000010003360       0x14 CMakeFiles/pico_webserver.dir/pico-sdk/src/rp2_common/pico_runtime/runtime.c.obj
                0x0000000010003360                _exit
 .text._sbrk    0x0000000010003374       0x34 CMakeFiles/pico_webserver.dir/pico-sdk/src/rp2_common/pico_runtime/runtime.c.obj
                0x0000000010003374                _sbrk
 .text.exit     0x00000000100033a8        0x8 CMakeFiles/pico_webserver.dir/pico-sdk/src/rp2_common/pico_runtime/runtime.c.obj
                0x00000000100033a8                exit
 .text.panic    0x00000000100033b0       0x30 CMakeFiles/pico_webserver.dir/pico-sdk/src/rp2_common/pico_runtime/runtime.c.obj
                0x00000000100033b0                panic
 .text.hard_assertion_failure
                0x00000000100033e0        0xc CMakeFiles/pico_webserver.dir/pico-sdk/src/rp2_common/pico_runtime/runtime.c.obj
                0x00000000100033e0                hard_assertion_failure
 .text._out_buffer
                0x00000000100033ec        0x8 CMakeFiles/pico_webserver.dir/pico-sdk/src/rp2_common/pico_printf/printf.c.obj
 .text._out_null
                0x00000000100033f4        0x4 CMakeFiles/pico_webserver.dir/pico-sdk/src/rp2_common/pico_printf/printf.c.obj
 .text._out_rev
                0x00000000100033f8       0x9c CMakeFiles/pico_webserver.dir/pico-sdk/src/rp2_common/pico_printf/printf.c.obj
 .text._ntoa_format
                0x0000000010003494      0x1cc CMakeFiles/pico_webserver.dir/pico-sdk/src/rp2_common/pico_printf/printf.c.obj
 .text._out_char
                0x0000000010003660       0x10 CMakeFiles/pico_webserver.dir/pico-sdk/src/rp2_common/pico_printf/printf.c.obj
 .text._out_fct
                0x0000000010003670       0x10 CMakeFiles/pico_webserver.dir/pico-sdk/src/rp2_common/pico_printf/printf.c.obj
 .text._etoa    0x0000000010003680      0x44c CMakeFiles/pico_webserver.dir/pico-sdk/src/rp2_common/pico_printf/printf.c.obj
 .text._ftoa    0x0000000010003acc      0x398 CMakeFiles/pico_webserver.dir/pico-sdk/src/rp2_common/pico_printf/printf.c.obj
 .text._vsnprintf
                0x0000000010003e64      0xb04 CMakeFiles/pico_webserver.dir/pico-sdk/src/rp2_common/pico_printf/printf.c.obj
 .text.__wrap_sprintf
                0x0000000010004968       0x28 CMakeFiles/pico_webserver.dir/pico-sdk/src/rp2_common/pico_printf/printf.c.obj
                0x0000000010004968                __wrap_sprintf
 .text.__wrap_snprintf
                0x0000000010004990       0x28 CMakeFiles/pico_webserver.dir/pico-sdk/src/rp2_common/pico_printf/printf.c.obj
                0x0000000010004990                __wrap_snprintf
 .text.vfctprintf
                0x00000000100049b8       0x20 CMakeFiles/pico_webserver.dir/pico-sdk/src/rp2_common/pico_printf/printf.c.obj
                0x00000000100049b8                vfctprintf
 .text.weak_raw_vprintf
                0x00000000100049d8       0x30 CMakeFiles/pico_webserver.dir/pico-sdk/src/rp2_common/pico_printf/printf.c.obj
                0x00000000100049d8                weak_raw_vprintf
 .text          0x0000000010004a08       0x10 CMakeFiles/pico_webserver.dir/pico-sdk/src/rp2_common/pico_bit_ops/bit_ops_aeabi.S.obj
 .text.ctzsi    0x0000000010004a18        0xc CMakeFiles/pico_webserver.dir/pico-sdk/src/rp2_common/pico_bit_ops/bit_ops_aeabi.S.obj
                0x0000000010004a18                __wrap___ctzsi2
 .text.rom_func_lookup
                0x0000000010004a24       0x10 CMakeFiles/pico_webserver.dir/pico-sdk/src/rp2_common/pico_bootrom/bootrom.c.obj
                0x0000000010004a24                rom_func_lookup
 .text.rom_data_lookup
                0x0000000010004a34       0x10 CMakeFiles/pico_webserver.dir/pico-sdk/src/rp2_common/pico_bootrom/bootrom.c.obj
                0x0000000010004a34                rom_data_lookup
 .text.rom_funcs_lookup
                0x0000000010004a44       0x44 CMakeFiles/pico_webserver.dir/pico-sdk/src/rp2_common/pico_bootrom/bootrom.c.obj
                0x0000000010004a44                rom_funcs_lookup
 .text.__wrap___aeabi_idiv
                0x0000000010004a88       0x50 CMakeFiles/pico_webserver.dir/pico-sdk/src/rp2_common/pico_divider/divider.S.obj
                0x0000000010004a88                __wrap___aeabi_idivmod
                0x0000000010004a88                divmod_s32s32
                0x0000000010004a88                div_s32s32
                0x0000000010004a88                __wrap___aeabi_idiv
                0x0000000010004a90                divmod_s32s32_unsafe
                0x0000000010004abc                divmod_s32s32_savestate
 .text.__wrap___aeabi_uidiv
                0x0000000010004ad8       0x4c CMakeFiles/pico_webserver.dir/pico-sdk/src/rp2_common/pico_divider/divider.S.obj
                0x0000000010004ad8                __wrap___aeabi_uidiv
                0x0000000010004ad8                __wrap___aeabi_uidivmod
                0x0000000010004ad8                div_u32u32
                0x0000000010004ad8                divmod_u32u32
                0x0000000010004ae0                divmod_u32u32_unsafe
                0x0000000010004b08                divmod_u32u32_savestate
 .text.__wrap___aeabi_ldiv
                0x0000000010004b24      0x424 CMakeFiles/pico_webserver.dir/pico-sdk/src/rp2_common/pico_divider/divider.S.obj
                0x0000000010004b24                div_s64s64
                0x0000000010004b24                divmod_s64s64
                0x0000000010004b24                __wrap___aeabi_ldivmod
                0x0000000010004b54                div_u64u64
                0x0000000010004b54                divmod_u64u64
                0x0000000010004b54                __wrap___aeabi_uldivmod
                0x0000000010004b64                divmod_u64u64_savestate
                0x0000000010004b84                divmod_s64s64_unsafe
                0x0000000010004c0c                divmod_u64u64_unsafe
 .text.__wrap___aeabi_darithmetic
                0x0000000010004f48       0x60 CMakeFiles/pico_webserver.dir/pico-sdk/src/rp2_common/pico_double/double_aeabi.S.obj
                0x0000000010004f48                __wrap___aeabi_drsub
                0x0000000010004f4e                __wrap___aeabi_dsub
                0x0000000010004f58                __wrap___aeabi_dadd
                0x0000000010004f62                __wrap___aeabi_ddiv
                0x0000000010004f96                __wrap___aeabi_dmul
 .text.__wrap___aeabi_cdcmple
                0x0000000010004fa8       0x6c CMakeFiles/pico_webserver.dir/pico-sdk/src/rp2_common/pico_double/double_aeabi.S.obj
                0x0000000010004fa8                __wrap___aeabi_cdrcmple
                0x0000000010004fb8                __wrap___aeabi_cdcmple
                0x0000000010004fb8                __wrap___aeabi_cdcmpeq
 .text.__wrap___aeabi_dcmplt
                0x0000000010005014        0xc CMakeFiles/pico_webserver.dir/pico-sdk/src/rp2_common/pico_double/double_aeabi.S.obj
                0x0000000010005014                __wrap___aeabi_dcmplt
 .text.__wrap___aeabi_dcmple
                0x0000000010005020       0x10 CMakeFiles/pico_webserver.dir/pico-sdk/src/rp2_common/pico_double/double_aeabi.S.obj
                0x0000000010005020                __wrap___aeabi_dcmple
 .text.__wrap___aeabi_dcmpge
                0x0000000010005030       0x10 CMakeFiles/pico_webserver.dir/pico-sdk/src/rp2_common/pico_double/double_aeabi.S.obj
                0x0000000010005030                __wrap___aeabi_dcmpge
 .text.__wrap___aeabi_dcmpgt
                0x0000000010005040        0xa CMakeFiles/pico_webserver.dir/pico-sdk/src/rp2_common/pico_double/double_aeabi.S.obj
                0x0000000010005040                __wrap___aeabi_dcmpgt
 .text.__wrap___aeabi_dcmpun
                0x000000001000504a       0x1c CMakeFiles/pico_webserver.dir/pico-sdk/src/rp2_common/pico_double/double_aeabi.S.obj
                0x000000001000504a                __wrap___aeabi_dcmpun
 *fill*         0x0000000010005066        0x2 
 .text.__wrap___aeabi_i2d
                0x0000000010005068       0x38 CMakeFiles/pico_webserver.dir/pico-sdk/src/rp2_common/pico_double/double_aeabi.S.obj
                0x0000000010005068                __wrap___aeabi_ui2d
                0x0000000010005070                __wrap___aeabi_i2d
 .text.__wrap___aeabi_d2iz
                0x00000000100050a0       0x48 CMakeFiles/pico_webserver.dir/pico-sdk/src/rp2_common/pico_double/double_aeabi.S.obj
                0x00000000100050a0                __wrap___aeabi_d2iz
                0x00000000100050a0                double2int_z
 .text.__wrap___aeabi_d2uiz
                0x00000000100050e8       0x10 CMakeFiles/pico_webserver.dir/pico-sdk/src/rp2_common/pico_double/double_aeabi.S.obj
                0x00000000100050e8                double2uint
                0x00000000100050e8                __wrap___aeabi_d2uiz
 .text.missing_double_func_shim
                0x00000000100050f8        0xc CMakeFiles/pico_webserver.dir/pico-sdk/src/rp2_common/pico_double/double_init_rom.c.obj
 .text.__aeabi_double_init
                0x0000000010005104       0x98 CMakeFiles/pico_webserver.dir/pico-sdk/src/rp2_common/pico_double/double_init_rom.c.obj
                0x0000000010005104                __aeabi_double_init
 .text.double_table_shim_on_use_helper
                0x000000001000519c       0x2c CMakeFiles/pico_webserver.dir/pico-sdk/src/rp2_common/pico_double/double_v1_rom_shim.S.obj
                0x000000001000519c                double_table_shim_on_use_helper
 .text.__aeabi_lmul
                0x00000000100051c8       0x32 CMakeFiles/pico_webserver.dir/pico-sdk/src/rp2_common/pico_int64_ops/pico_int64_ops_aeabi.S.obj
                0x00000000100051c8                __wrap___aeabi_lmul
 *fill*         0x00000000100051fa        0x2 
 .text.__wrap___aeabi_farithmetic
                0x00000000100051fc       0x48 CMakeFiles/pico_webserver.dir/pico-sdk/src/rp2_common/pico_float/float_aeabi.S.obj
                0x00000000100051fc                __wrap___aeabi_frsub
                0x0000000010005202                __wrap___aeabi_fsub
                0x0000000010005208                __wrap___aeabi_fadd
                0x000000001000520e                __wrap___aeabi_fdiv
                0x0000000010005236                __wrap___aeabi_fmul
 .text.__wrap___aeabi_i2f
                0x0000000010005244       0x44 CMakeFiles/pico_webserver.dir/pico-sdk/src/rp2_common/pico_float/float_aeabi.S.obj
                0x0000000010005244                __wrap___aeabi_i2f
 .text.__wrap___aeabi_f2d
                0x0000000010005288        0xc CMakeFiles/pico_webserver.dir/pico-sdk/src/rp2_common/pico_float/float_aeabi.S.obj
                0x0000000010005288                __wrap___aeabi_f2d
 .text.missing_float_func_shim
                0x0000000010005294        0xc CMakeFiles/pico_webserver.dir/pico-sdk/src/rp2_common/pico_float/float_init_rom.c.obj
 .text.__aeabi_float_init
                0x00000000100052a0       0x5c CMakeFiles/pico_webserver.dir/pico-sdk/src/rp2_common/pico_float/float_init_rom.c.obj
                0x00000000100052a0                __aeabi_float_init
 .text.__wrap_malloc
                0x00000000100052fc       0x3c CMakeFiles/pico_webserver.dir/pico-sdk/src/rp2_common/pico_malloc/pico_malloc.c.obj
                0x00000000100052fc                __wrap_malloc
 .text.__wrap_calloc
                0x0000000010005338       0x40 CMakeFiles/pico_webserver.dir/pico-sdk/src/rp2_common/pico_malloc/pico_malloc.c.obj
                0x0000000010005338                __wrap_calloc
 .text.__wrap_free
                0x0000000010005378       0x20 CMakeFiles/pico_webserver.dir/pico-sdk/src/rp2_common/pico_malloc/pico_malloc.c.obj
                0x0000000010005378                __wrap_free
 .text          0x0000000010005398       0x10 CMakeFiles/pico_webserver.dir/pico-sdk/src/rp2_common/pico_mem_ops/mem_ops_aeabi.S.obj
                0x0000000010005398                __aeabi_mem_init
 .text.memset   0x00000000100053a8        0xc CMakeFiles/pico_webserver.dir/pico-sdk/src/rp2_common/pico_mem_ops/mem_ops_aeabi.S.obj
                0x00000000100053a8                __wrap_memset
 .text.memcpy   0x00000000100053b4        0xc CMakeFiles/pico_webserver.dir/pico-sdk/src/rp2_common/pico_mem_ops/mem_ops_aeabi.S.obj
                0x00000000100053b4                __wrap___aeabi_memcpy
                0x00000000100053b4                __wrap_memcpy
 .text.stdio_out_chars_no_crlf
                0x00000000100053c0       0x10 CMakeFiles/pico_webserver.dir/pico-sdk/src/rp2_common/pico_stdio/stdio.c.obj
 .text.stdio_out_chars_crlf
                0x00000000100053d0       0xb4 CMakeFiles/pico_webserver.dir/pico-sdk/src/rp2_common/pico_stdio/stdio.c.obj
 .text.stdio_buffered_printer
                0x0000000010005484       0x64 CMakeFiles/pico_webserver.dir/pico-sdk/src/rp2_common/pico_stdio/stdio.c.obj
 .text.stdio_put_string.isra.0
                0x00000000100054e8       0xfc CMakeFiles/pico_webserver.dir/pico-sdk/src/rp2_common/pico_stdio/stdio.c.obj
 .text.__wrap_putchar
                0x00000000100055e4       0x98 CMakeFiles/pico_webserver.dir/pico-sdk/src/rp2_common/pico_stdio/stdio.c.obj
                0x00000000100055e4                __wrap_putchar
 .text.__wrap_puts
                0x000000001000567c       0x3c CMakeFiles/pico_webserver.dir/pico-sdk/src/rp2_common/pico_stdio/stdio.c.obj
                0x000000001000567c                __wrap_puts
 .text.__wrap_vprintf
                0x00000000100056b8       0xd8 CMakeFiles/pico_webserver.dir/pico-sdk/src/rp2_common/pico_stdio/stdio.c.obj
                0x00000000100056b8                __wrap_vprintf
 .text.__wrap_printf
                0x0000000010005790       0x18 CMakeFiles/pico_webserver.dir/pico-sdk/src/rp2_common/pico_stdio/stdio.c.obj
                0x0000000010005790                __wrap_printf
 .text.startup._retrieve_unique_id_on_boot
                0x00000000100057a8       0x10 CMakeFiles/pico_webserver.dir/pico-sdk/src/rp2_common/pico_unique_id/unique_id.c.obj
 .text.pico_get_unique_board_id
                0x00000000100057b8       0x10 CMakeFiles/pico_webserver.dir/pico-sdk/src/rp2_common/pico_unique_id/unique_id.c.obj
                0x00000000100057b8                pico_get_unique_board_id
 .text.flash_get_unique_id
                0x00000000100057c8       0x40 CMakeFiles/pico_webserver.dir/pico-sdk/src/rp2_common/hardware_flash/flash.c.obj
                0x00000000100057c8                flash_get_unique_id
 .text.dcd_int_enable
                0x0000000010005808        0xc CMakeFiles/pico_webserver.dir/pico-sdk/lib/tinyusb/src/portable/raspberrypi/rp2040/dcd_rp2040.c.obj
                0x0000000010005808                dcd_int_enable
 .text.dcd_set_address
                0x0000000010005814       0x14 CMakeFiles/pico_webserver.dir/pico-sdk/lib/tinyusb/src/portable/raspberrypi/rp2040/dcd_rp2040.c.obj
                0x0000000010005814                dcd_set_address
 .text.dcd_connect
                0x0000000010005828       0x10 CMakeFiles/pico_webserver.dir/pico-sdk/lib/tinyusb/src/portable/raspberrypi/rp2040/dcd_rp2040.c.obj
                0x0000000010005828                dcd_connect
 .text.dcd_init
                0x0000000010005838       0x98 CMakeFiles/pico_webserver.dir/pico-sdk/lib/tinyusb/src/portable/raspberrypi/rp2040/dcd_rp2040.c.obj
                0x0000000010005838                dcd_init
 .text.dcd_edpt0_status_complete
                0x00000000100058d0       0x1c CMakeFiles/pico_webserver.dir/pico-sdk/lib/tinyusb/src/portable/raspberrypi/rp2040/dcd_rp2040.c.obj
                0x00000000100058d0                dcd_edpt0_status_complete
 .text.dcd_edpt_open
                0x00000000100058ec      0x108 CMakeFiles/pico_webserver.dir/pico-sdk/lib/tinyusb/src/portable/raspberrypi/rp2040/dcd_rp2040.c.obj
                0x00000000100058ec                dcd_edpt_open
 .text.dcd_edpt_close_all
                0x00000000100059f4        0x8 CMakeFiles/pico_webserver.dir/pico-sdk/lib/tinyusb/src/portable/raspberrypi/rp2040/dcd_rp2040.c.obj
                0x00000000100059f4                dcd_edpt_close_all
 .text.dcd_edpt_xfer
                0x00000000100059fc       0x24 CMakeFiles/pico_webserver.dir/pico-sdk/lib/tinyusb/src/portable/raspberrypi/rp2040/dcd_rp2040.c.obj
                0x00000000100059fc                dcd_edpt_xfer
 .text.dcd_edpt_stall
                0x0000000010005a20       0x38 CMakeFiles/pico_webserver.dir/pico-sdk/lib/tinyusb/src/portable/raspberrypi/rp2040/dcd_rp2040.c.obj
                0x0000000010005a20                dcd_edpt_stall
 .text.dcd_edpt_clear_stall
                0x0000000010005a58       0x30 CMakeFiles/pico_webserver.dir/pico-sdk/lib/tinyusb/src/portable/raspberrypi/rp2040/dcd_rp2040.c.obj
                0x0000000010005a58                dcd_edpt_clear_stall
 .text.rp2040_usb_init
                0x0000000010005a88       0x4c CMakeFiles/pico_webserver.dir/pico-sdk/lib/tinyusb/src/portable/raspberrypi/rp2040/rp2040_usb.c.obj
                0x0000000010005a88                rp2040_usb_init
 .text.hw_endpoint_xfer_start
                0x0000000010005ad4       0x50 CMakeFiles/pico_webserver.dir/pico-sdk/lib/tinyusb/src/portable/raspberrypi/rp2040/rp2040_usb.c.obj
                0x0000000010005ad4                hw_endpoint_xfer_start
 .text.tud_mounted
                0x0000000010005b24       0x10 CMakeFiles/pico_webserver.dir/pico-sdk/lib/tinyusb/src/device/usbd.c.obj
                0x0000000010005b24                tud_mounted
 .text.tud_suspended
                0x0000000010005b34       0x10 CMakeFiles/pico_webserver.dir/pico-sdk/lib/tinyusb/src/device/usbd.c.obj
                0x0000000010005b34                tud_suspended
 .text.tud_inited
                0x0000000010005b44       0x14 CMakeFiles/pico_webserver.dir/pico-sdk/lib/tinyusb/src/device/usbd.c.obj
                0x0000000010005b44                tud_inited
 .text.tud_init
                0x0000000010005b58       0xe4 CMakeFiles/pico_webserver.dir/pico-sdk/lib/tinyusb/src/device/usbd.c.obj
                0x0000000010005b58                tud_init
 .text.tud_task_ext
                0x0000000010005c3c      0x870 CMakeFiles/pico_webserver.dir/pico-sdk/lib/tinyusb/src/device/usbd.c.obj
                0x0000000010005c3c                tud_task_ext
 .text.usbd_open_edpt_pair
                0x00000000100064ac       0x9c CMakeFiles/pico_webserver.dir/pico-sdk/lib/tinyusb/src/device/usbd.c.obj
                0x00000000100064ac                usbd_open_edpt_pair
 .text.usbd_edpt_open
                0x0000000010006548       0x34 CMakeFiles/pico_webserver.dir/pico-sdk/lib/tinyusb/src/device/usbd.c.obj
                0x0000000010006548                usbd_edpt_open
 .text.usbd_edpt_xfer
                0x000000001000657c       0x4c CMakeFiles/pico_webserver.dir/pico-sdk/lib/tinyusb/src/device/usbd.c.obj
                0x000000001000657c                usbd_edpt_xfer
 .text.usbd_edpt_busy
                0x00000000100065c8       0x1c CMakeFiles/pico_webserver.dir/pico-sdk/lib/tinyusb/src/device/usbd.c.obj
                0x00000000100065c8                usbd_edpt_busy
 .text.tud_control_status
                0x00000000100065e4       0x30 CMakeFiles/pico_webserver.dir/pico-sdk/lib/tinyusb/src/device/usbd_control.c.obj
                0x00000000100065e4                tud_control_status
 .text.tud_control_xfer
                0x0000000010006614       0xbc CMakeFiles/pico_webserver.dir/pico-sdk/lib/tinyusb/src/device/usbd_control.c.obj
                0x0000000010006614                tud_control_xfer
 .text.usbd_control_reset
                0x00000000100066d0       0x14 CMakeFiles/pico_webserver.dir/pico-sdk/lib/tinyusb/src/device/usbd_control.c.obj
                0x00000000100066d0                usbd_control_reset
 .text.usbd_control_set_complete_callback
                0x00000000100066e4        0xc CMakeFiles/pico_webserver.dir/pico-sdk/lib/tinyusb/src/device/usbd_control.c.obj
                0x00000000100066e4                usbd_control_set_complete_callback
 .text.usbd_control_set_request
                0x00000000100066f0       0x1c CMakeFiles/pico_webserver.dir/pico-sdk/lib/tinyusb/src/device/usbd_control.c.obj
                0x00000000100066f0                usbd_control_set_request
 .text.usbd_control_xfer_cb
                0x000000001000670c       0xfc CMakeFiles/pico_webserver.dir/pico-sdk/lib/tinyusb/src/device/usbd_control.c.obj
                0x000000001000670c                usbd_control_xfer_cb
 .text.tud_network_recv_renew
                0x0000000010006808       0x20 CMakeFiles/pico_webserver.dir/pico-sdk/lib/tinyusb/src/class/net/ecm_rndis_device.c.obj
                0x0000000010006808                tud_network_recv_renew
 .text.netd_report
                0x0000000010006828       0x24 CMakeFiles/pico_webserver.dir/pico-sdk/lib/tinyusb/src/class/net/ecm_rndis_device.c.obj
                0x0000000010006828                netd_report
 .text.netd_init
                0x000000001000684c       0x14 CMakeFiles/pico_webserver.dir/pico-sdk/lib/tinyusb/src/class/net/ecm_rndis_device.c.obj
                0x000000001000684c                netd_init
 .text.netd_reset
                0x0000000010006860       0x14 CMakeFiles/pico_webserver.dir/pico-sdk/lib/tinyusb/src/class/net/ecm_rndis_device.c.obj
                0x0000000010006860                netd_reset
 .text.netd_open
                0x0000000010006874      0x11c CMakeFiles/pico_webserver.dir/pico-sdk/lib/tinyusb/src/class/net/ecm_rndis_device.c.obj
                0x0000000010006874                netd_open
 .text.netd_control_xfer_cb
                0x0000000010006990      0x174 CMakeFiles/pico_webserver.dir/pico-sdk/lib/tinyusb/src/class/net/ecm_rndis_device.c.obj
                0x0000000010006990                netd_control_xfer_cb
 .text.netd_xfer_cb
                0x0000000010006b04       0xec CMakeFiles/pico_webserver.dir/pico-sdk/lib/tinyusb/src/class/net/ecm_rndis_device.c.obj
                0x0000000010006b04                netd_xfer_cb
 .text.tud_network_can_xmit
                0x0000000010006bf0        0xc CMakeFiles/pico_webserver.dir/pico-sdk/lib/tinyusb/src/class/net/ecm_rndis_device.c.obj
                0x0000000010006bf0                tud_network_can_xmit
 .text.tud_network_xmit
                0x0000000010006bfc       0x98 CMakeFiles/pico_webserver.dir/pico-sdk/lib/tinyusb/src/class/net/ecm_rndis_device.c.obj
                0x0000000010006bfc                tud_network_xmit
 .text.tusb_init
                0x0000000010006c94        0xc CMakeFiles/pico_webserver.dir/pico-sdk/lib/tinyusb/src/tusb.c.obj
                0x0000000010006c94                tusb_init
 .text.tusb_inited
                0x0000000010006ca0        0x8 CMakeFiles/pico_webserver.dir/pico-sdk/lib/tinyusb/src/tusb.c.obj
                0x0000000010006ca0                tusb_inited
 .text.tu_edpt_validate
                0x0000000010006ca8       0x78 CMakeFiles/pico_webserver.dir/pico-sdk/lib/tinyusb/src/tusb.c.obj
                0x0000000010006ca8                tu_edpt_validate
 .text.tu_edpt_bind_driver
                0x0000000010006d20       0x34 CMakeFiles/pico_webserver.dir/pico-sdk/lib/tinyusb/src/tusb.c.obj
                0x0000000010006d20                tu_edpt_bind_driver
 .text.tu_fifo_read
                0x0000000010006d54       0xa0 CMakeFiles/pico_webserver.dir/pico-sdk/lib/tinyusb/src/common/tusb_fifo.c.obj
                0x0000000010006d54                tu_fifo_read
 .text.tu_fifo_write
                0x0000000010006df4       0x88 CMakeFiles/pico_webserver.dir/pico-sdk/lib/tinyusb/src/common/tusb_fifo.c.obj
                0x0000000010006df4                tu_fifo_write
 .text.tu_fifo_clear
                0x0000000010006e7c       0x40 CMakeFiles/pico_webserver.dir/pico-sdk/lib/tinyusb/src/common/tusb_fifo.c.obj
                0x0000000010006e7c                tu_fifo_clear
 .text.lwip_timeout_reached
                0x0000000010006ebc        0x8 CMakeFiles/pico_webserver.dir/pico-sdk/src/rp2_common/pico_lwip/lwip_nosys.c.obj
 .text.update_next_timeout
                0x0000000010006ec4       0x6c CMakeFiles/pico_webserver.dir/pico-sdk/src/rp2_common/pico_lwip/lwip_nosys.c.obj
 .text.lwip_nosys_init
                0x0000000010006f30       0x30 CMakeFiles/pico_webserver.dir/pico-sdk/src/rp2_common/pico_lwip/lwip_nosys.c.obj
                0x0000000010006f30                lwip_nosys_init
 .text.lwip_nosys_deinit
                0x0000000010006f60       0x20 CMakeFiles/pico_webserver.dir/pico-sdk/src/rp2_common/pico_lwip/lwip_nosys.c.obj
                0x0000000010006f60                lwip_nosys_deinit
 .text.sys_arch_protect
                0x0000000010006f80        0x4 CMakeFiles/pico_webserver.dir/pico-sdk/src/rp2_common/pico_lwip/lwip_nosys.c.obj
                0x0000000010006f80                sys_arch_protect
 .text.sys_arch_unprotect
                0x0000000010006f84        0x4 CMakeFiles/pico_webserver.dir/pico-sdk/src/rp2_common/pico_lwip/lwip_nosys.c.obj
                0x0000000010006f84                sys_arch_unprotect
 .text.sys_now  0x0000000010006f88       0x20 CMakeFiles/pico_webserver.dir/pico-sdk/src/rp2_common/pico_lwip/lwip_nosys.c.obj
                0x0000000010006f88                sys_now
 .text.async_context_base_add_at_time_worker
                0x0000000010006fa8       0x28 CMakeFiles/pico_webserver.dir/pico-sdk/src/rp2_common/pico_async_context/async_context_base.c.obj
                0x0000000010006fa8                async_context_base_add_at_time_worker
 .text.async_context_base_remove_at_time_worker
                0x0000000010006fd0       0x28 CMakeFiles/pico_webserver.dir/pico-sdk/src/rp2_common/pico_async_context/async_context_base.c.obj
                0x0000000010006fd0                async_context_base_remove_at_time_worker
 .text.async_context_base_add_when_pending_worker
                0x0000000010006ff8       0x24 CMakeFiles/pico_webserver.dir/pico-sdk/src/rp2_common/pico_async_context/async_context_base.c.obj
                0x0000000010006ff8                async_context_base_add_when_pending_worker
 .text.async_context_base_remove_when_pending_worker
                0x000000001000701c       0x28 CMakeFiles/pico_webserver.dir/pico-sdk/src/rp2_common/pico_async_context/async_context_base.c.obj
                0x000000001000701c                async_context_base_remove_when_pending_worker
 .text.async_context_base_execute_once
                0x0000000010007044       0xe8 CMakeFiles/pico_webserver.dir/pico-sdk/src/rp2_common/pico_async_context/async_context_base.c.obj
                0x0000000010007044                async_context_base_execute_once
 .text.async_context_base_needs_servicing
                0x000000001000712c       0x54 CMakeFiles/pico_webserver.dir/pico-sdk/src/rp2_common/pico_async_context/async_context_base.c.obj
                0x000000001000712c                async_context_base_needs_servicing
 .text.lwip_init
                0x0000000010007180       0x20 CMakeFiles/pico_webserver.dir/pico-sdk/lib/lwip/src/core/init.c.obj
                0x0000000010007180                lwip_init
 .text.lwip_htons
                0x00000000100071a0        0x8 CMakeFiles/pico_webserver.dir/pico-sdk/lib/lwip/src/core/def.c.obj
                0x00000000100071a0                lwip_htons
 .text.lwip_htonl
                0x00000000100071a8        0x4 CMakeFiles/pico_webserver.dir/pico-sdk/lib/lwip/src/core/def.c.obj
                0x00000000100071a8                lwip_htonl
 .text.lwip_strnstr
                0x00000000100071ac       0x5c CMakeFiles/pico_webserver.dir/pico-sdk/lib/lwip/src/core/def.c.obj
                0x00000000100071ac                lwip_strnstr
 .text.lwip_stricmp
                0x0000000010007208       0x34 CMakeFiles/pico_webserver.dir/pico-sdk/lib/lwip/src/core/def.c.obj
                0x0000000010007208                lwip_stricmp
 .text.lwip_standard_chksum
                0x000000001000723c       0x80 CMakeFiles/pico_webserver.dir/pico-sdk/lib/lwip/src/core/inet_chksum.c.obj
                0x000000001000723c                lwip_standard_chksum
 .text.inet_chksum_pseudo
                0x00000000100072bc       0xb4 CMakeFiles/pico_webserver.dir/pico-sdk/lib/lwip/src/core/inet_chksum.c.obj
                0x00000000100072bc                inet_chksum_pseudo
 .text.ip_chksum_pseudo
                0x0000000010007370       0x10 CMakeFiles/pico_webserver.dir/pico-sdk/lib/lwip/src/core/inet_chksum.c.obj
                0x0000000010007370                ip_chksum_pseudo
 .text.inet_chksum
                0x0000000010007380       0x8c CMakeFiles/pico_webserver.dir/pico-sdk/lib/lwip/src/core/inet_chksum.c.obj
                0x0000000010007380                inet_chksum
 .text.inet_chksum_pbuf
                0x000000001000740c       0x6c CMakeFiles/pico_webserver.dir/pico-sdk/lib/lwip/src/core/inet_chksum.c.obj
                0x000000001000740c                inet_chksum_pbuf
 .text.mem_init
                0x0000000010007478       0x48 CMakeFiles/pico_webserver.dir/pico-sdk/lib/lwip/src/core/mem.c.obj
                0x0000000010007478                mem_init
 .text.mem_free
                0x00000000100074c0      0x128 CMakeFiles/pico_webserver.dir/pico-sdk/lib/lwip/src/core/mem.c.obj
                0x00000000100074c0                mem_free
 .text.mem_trim
                0x00000000100075e8      0x144 CMakeFiles/pico_webserver.dir/pico-sdk/lib/lwip/src/core/mem.c.obj
                0x00000000100075e8                mem_trim
 .text.mem_malloc
                0x000000001000772c      0x130 CMakeFiles/pico_webserver.dir/pico-sdk/lib/lwip/src/core/mem.c.obj
                0x000000001000772c                mem_malloc
 .text.memp_init
                0x000000001000785c       0x94 CMakeFiles/pico_webserver.dir/pico-sdk/lib/lwip/src/core/memp.c.obj
                0x000000001000785c                memp_init
 .text.memp_malloc
                0x00000000100078f0       0x4c CMakeFiles/pico_webserver.dir/pico-sdk/lib/lwip/src/core/memp.c.obj
                0x00000000100078f0                memp_malloc
 .text.memp_free
                0x000000001000793c       0x30 CMakeFiles/pico_webserver.dir/pico-sdk/lib/lwip/src/core/memp.c.obj
                0x000000001000793c                memp_free
 .text.netif_null_output_ip4
                0x000000001000796c        0x8 CMakeFiles/pico_webserver.dir/pico-sdk/lib/lwip/src/core/netif.c.obj
 .text.netif_init
                0x0000000010007974        0x4 CMakeFiles/pico_webserver.dir/pico-sdk/lib/lwip/src/core/netif.c.obj
                0x0000000010007974                netif_init
 .text.netif_set_addr
                0x0000000010007978       0xc4 CMakeFiles/pico_webserver.dir/pico-sdk/lib/lwip/src/core/netif.c.obj
                0x0000000010007978                netif_set_addr
 .text.netif_add
                0x0000000010007a3c       0xf8 CMakeFiles/pico_webserver.dir/pico-sdk/lib/lwip/src/core/netif.c.obj
                0x0000000010007a3c                netif_add
 .text.netif_remove
                0x0000000010007b34       0x88 CMakeFiles/pico_webserver.dir/pico-sdk/lib/lwip/src/core/netif.c.obj
                0x0000000010007b34                netif_remove
 .text.netif_set_default
                0x0000000010007bbc        0xc CMakeFiles/pico_webserver.dir/pico-sdk/lib/lwip/src/core/netif.c.obj
                0x0000000010007bbc                netif_set_default
 .text.netif_set_up
                0x0000000010007bc8       0x14 CMakeFiles/pico_webserver.dir/pico-sdk/lib/lwip/src/core/netif.c.obj
                0x0000000010007bc8                netif_set_up
 .text.netif_set_link_up
                0x0000000010007bdc       0x1c CMakeFiles/pico_webserver.dir/pico-sdk/lib/lwip/src/core/netif.c.obj
                0x0000000010007bdc                netif_set_link_up
 .text.netif_set_link_down
                0x0000000010007bf8       0x1c CMakeFiles/pico_webserver.dir/pico-sdk/lib/lwip/src/core/netif.c.obj
                0x0000000010007bf8                netif_set_link_down
 .text.netif_get_by_index
                0x0000000010007c14       0x2c CMakeFiles/pico_webserver.dir/pico-sdk/lib/lwip/src/core/netif.c.obj
                0x0000000010007c14                netif_get_by_index
 .text.pbuf_free.part.0
                0x0000000010007c40       0x80 CMakeFiles/pico_webserver.dir/pico-sdk/lib/lwip/src/core/pbuf.c.obj
 .text.pbuf_free_ooseq
                0x0000000010007cc0       0x34 CMakeFiles/pico_webserver.dir/pico-sdk/lib/lwip/src/core/pbuf.c.obj
                0x0000000010007cc0                pbuf_free_ooseq
 .text.pbuf_alloc
                0x0000000010007cf4      0x12c CMakeFiles/pico_webserver.dir/pico-sdk/lib/lwip/src/core/pbuf.c.obj
                0x0000000010007cf4                pbuf_alloc
 .text.pbuf_alloced_custom
                0x0000000010007e20       0x38 CMakeFiles/pico_webserver.dir/pico-sdk/lib/lwip/src/core/pbuf.c.obj
                0x0000000010007e20                pbuf_alloced_custom
 .text.pbuf_realloc
                0x0000000010007e58       0x70 CMakeFiles/pico_webserver.dir/pico-sdk/lib/lwip/src/core/pbuf.c.obj
                0x0000000010007e58                pbuf_realloc
 .text.pbuf_add_header
                0x0000000010007ec8       0x4c CMakeFiles/pico_webserver.dir/pico-sdk/lib/lwip/src/core/pbuf.c.obj
                0x0000000010007ec8                pbuf_add_header
 .text.pbuf_remove_header
                0x0000000010007f14       0x38 CMakeFiles/pico_webserver.dir/pico-sdk/lib/lwip/src/core/pbuf.c.obj
                0x0000000010007f14                pbuf_remove_header
 .text.pbuf_header_force
                0x0000000010007f4c       0x6c CMakeFiles/pico_webserver.dir/pico-sdk/lib/lwip/src/core/pbuf.c.obj
                0x0000000010007f4c                pbuf_header_force
 .text.pbuf_free
                0x0000000010007fb8       0x10 CMakeFiles/pico_webserver.dir/pico-sdk/lib/lwip/src/core/pbuf.c.obj
                0x0000000010007fb8                pbuf_free
 .text.pbuf_clen
                0x0000000010007fc8       0x14 CMakeFiles/pico_webserver.dir/pico-sdk/lib/lwip/src/core/pbuf.c.obj
                0x0000000010007fc8                pbuf_clen
 .text.pbuf_ref
                0x0000000010007fdc       0x18 CMakeFiles/pico_webserver.dir/pico-sdk/lib/lwip/src/core/pbuf.c.obj
                0x0000000010007fdc                pbuf_ref
 .text.pbuf_cat
                0x0000000010007ff4       0x2c CMakeFiles/pico_webserver.dir/pico-sdk/lib/lwip/src/core/pbuf.c.obj
                0x0000000010007ff4                pbuf_cat
 .text.pbuf_chain
                0x0000000010008020       0x44 CMakeFiles/pico_webserver.dir/pico-sdk/lib/lwip/src/core/pbuf.c.obj
                0x0000000010008020                pbuf_chain
 .text.pbuf_copy_partial_pbuf
                0x0000000010008064      0x11c CMakeFiles/pico_webserver.dir/pico-sdk/lib/lwip/src/core/pbuf.c.obj
                0x0000000010008064                pbuf_copy_partial_pbuf
 .text.pbuf_copy
                0x0000000010008180       0x18 CMakeFiles/pico_webserver.dir/pico-sdk/lib/lwip/src/core/pbuf.c.obj
                0x0000000010008180                pbuf_copy
 .text.pbuf_copy_partial
                0x0000000010008198       0x70 CMakeFiles/pico_webserver.dir/pico-sdk/lib/lwip/src/core/pbuf.c.obj
                0x0000000010008198                pbuf_copy_partial
 .text.pbuf_take
                0x0000000010008208       0x54 CMakeFiles/pico_webserver.dir/pico-sdk/lib/lwip/src/core/pbuf.c.obj
                0x0000000010008208                pbuf_take
 .text.pbuf_clone
                0x000000001000825c       0x20 CMakeFiles/pico_webserver.dir/pico-sdk/lib/lwip/src/core/pbuf.c.obj
                0x000000001000825c                pbuf_clone
 .text.raw_input
                0x000000001000827c      0x12c CMakeFiles/pico_webserver.dir/pico-sdk/lib/lwip/src/core/raw.c.obj
                0x000000001000827c                raw_input
 .text.raw_netif_ip_addr_changed
                0x00000000100083a8       0x40 CMakeFiles/pico_webserver.dir/pico-sdk/lib/lwip/src/core/raw.c.obj
                0x00000000100083a8                raw_netif_ip_addr_changed
 .text.stats_init
                0x00000000100083e8        0x4 CMakeFiles/pico_webserver.dir/pico-sdk/lib/lwip/src/core/stats.c.obj
                0x00000000100083e8                stats_init
 .text.tcp_close_shutdown_fin
                0x00000000100083ec       0x4c CMakeFiles/pico_webserver.dir/pico-sdk/lib/lwip/src/core/tcp.c.obj
 .text.tcp_pcb_purge.part.0
                0x0000000010008438       0xc4 CMakeFiles/pico_webserver.dir/pico-sdk/lib/lwip/src/core/tcp.c.obj
 .text.tcp_init
                0x00000000100084fc        0x4 CMakeFiles/pico_webserver.dir/pico-sdk/lib/lwip/src/core/tcp.c.obj
                0x00000000100084fc                tcp_init
 .text.tcp_free
                0x0000000010008500        0xc CMakeFiles/pico_webserver.dir/pico-sdk/lib/lwip/src/core/tcp.c.obj
                0x0000000010008500                tcp_free
 .text.tcp_bind
                0x000000001000850c       0xf8 CMakeFiles/pico_webserver.dir/pico-sdk/lib/lwip/src/core/tcp.c.obj
                0x000000001000850c                tcp_bind
 .text.tcp_listen_with_backlog
                0x0000000010008604       0x88 CMakeFiles/pico_webserver.dir/pico-sdk/lib/lwip/src/core/tcp.c.obj
                0x0000000010008604                tcp_listen_with_backlog
 .text.tcp_update_rcv_ann_wnd
                0x000000001000868c       0x3c CMakeFiles/pico_webserver.dir/pico-sdk/lib/lwip/src/core/tcp.c.obj
                0x000000001000868c                tcp_update_rcv_ann_wnd
 .text.tcp_recved
                0x00000000100086c8       0x78 CMakeFiles/pico_webserver.dir/pico-sdk/lib/lwip/src/core/tcp.c.obj
                0x00000000100086c8                tcp_recved
 .text.tcp_slowtmr
                0x0000000010008740      0x42c CMakeFiles/pico_webserver.dir/pico-sdk/lib/lwip/src/core/tcp.c.obj
                0x0000000010008740                tcp_slowtmr
 .text.tcp_segs_free
                0x0000000010008b6c       0x38 CMakeFiles/pico_webserver.dir/pico-sdk/lib/lwip/src/core/tcp.c.obj
                0x0000000010008b6c                tcp_segs_free
 .text.tcp_seg_free
                0x0000000010008ba4       0x1c CMakeFiles/pico_webserver.dir/pico-sdk/lib/lwip/src/core/tcp.c.obj
                0x0000000010008ba4                tcp_seg_free
 .text.tcp_setprio
                0x0000000010008bc0        0x8 CMakeFiles/pico_webserver.dir/pico-sdk/lib/lwip/src/core/tcp.c.obj
                0x0000000010008bc0                tcp_setprio
 .text.tcp_seg_copy
                0x0000000010008bc8       0x20 CMakeFiles/pico_webserver.dir/pico-sdk/lib/lwip/src/core/tcp.c.obj
                0x0000000010008bc8                tcp_seg_copy
 .text.tcp_arg  0x0000000010008be8        0x8 CMakeFiles/pico_webserver.dir/pico-sdk/lib/lwip/src/core/tcp.c.obj
                0x0000000010008be8                tcp_arg
 .text.tcp_recv
                0x0000000010008bf0        0xc CMakeFiles/pico_webserver.dir/pico-sdk/lib/lwip/src/core/tcp.c.obj
                0x0000000010008bf0                tcp_recv
 .text.tcp_sent
                0x0000000010008bfc        0xc CMakeFiles/pico_webserver.dir/pico-sdk/lib/lwip/src/core/tcp.c.obj
                0x0000000010008bfc                tcp_sent
 .text.tcp_err  0x0000000010008c08        0xc CMakeFiles/pico_webserver.dir/pico-sdk/lib/lwip/src/core/tcp.c.obj
                0x0000000010008c08                tcp_err
 .text.tcp_accept
                0x0000000010008c14       0x10 CMakeFiles/pico_webserver.dir/pico-sdk/lib/lwip/src/core/tcp.c.obj
                0x0000000010008c14                tcp_accept
 .text.tcp_poll
                0x0000000010008c24        0xc CMakeFiles/pico_webserver.dir/pico-sdk/lib/lwip/src/core/tcp.c.obj
                0x0000000010008c24                tcp_poll
 .text.tcp_pcb_purge
                0x0000000010008c30       0x18 CMakeFiles/pico_webserver.dir/pico-sdk/lib/lwip/src/core/tcp.c.obj
                0x0000000010008c30                tcp_pcb_purge
 .text.tcp_pcb_remove
                0x0000000010008c48       0x78 CMakeFiles/pico_webserver.dir/pico-sdk/lib/lwip/src/core/tcp.c.obj
                0x0000000010008c48                tcp_pcb_remove
 .text.tcp_abandon
                0x0000000010008cc0      0x184 CMakeFiles/pico_webserver.dir/pico-sdk/lib/lwip/src/core/tcp.c.obj
                0x0000000010008cc0                tcp_abandon
 .text.tcp_abort
                0x0000000010008e44        0xc CMakeFiles/pico_webserver.dir/pico-sdk/lib/lwip/src/core/tcp.c.obj
                0x0000000010008e44                tcp_abort
 .text.tcp_accept_null
                0x0000000010008e50       0x10 CMakeFiles/pico_webserver.dir/pico-sdk/lib/lwip/src/core/tcp.c.obj
 .text.tcp_alloc
                0x0000000010008e60      0x1f8 CMakeFiles/pico_webserver.dir/pico-sdk/lib/lwip/src/core/tcp.c.obj
                0x0000000010008e60                tcp_alloc
 .text.tcp_new_ip_type
                0x0000000010009058      0x1d8 CMakeFiles/pico_webserver.dir/pico-sdk/lib/lwip/src/core/tcp.c.obj
                0x0000000010009058                tcp_new_ip_type
 .text.tcp_close_shutdown
                0x0000000010009230      0x14c CMakeFiles/pico_webserver.dir/pico-sdk/lib/lwip/src/core/tcp.c.obj
 .text.tcp_recv_null
                0x000000001000937c       0xa8 CMakeFiles/pico_webserver.dir/pico-sdk/lib/lwip/src/core/tcp.c.obj
                0x000000001000937c                tcp_recv_null
 .text.tcp_process_refused_data
                0x0000000010009424       0xe8 CMakeFiles/pico_webserver.dir/pico-sdk/lib/lwip/src/core/tcp.c.obj
                0x0000000010009424                tcp_process_refused_data
 .text.tcp_fasttmr
                0x000000001000950c       0x98 CMakeFiles/pico_webserver.dir/pico-sdk/lib/lwip/src/core/tcp.c.obj
                0x000000001000950c                tcp_fasttmr
 .text.tcp_tmr  0x00000000100095a4       0x20 CMakeFiles/pico_webserver.dir/pico-sdk/lib/lwip/src/core/tcp.c.obj
                0x00000000100095a4                tcp_tmr
 .text.tcp_close
                0x00000000100095c4      0x15c CMakeFiles/pico_webserver.dir/pico-sdk/lib/lwip/src/core/tcp.c.obj
                0x00000000100095c4                tcp_close
 .text.tcp_next_iss
                0x0000000010009720       0x18 CMakeFiles/pico_webserver.dir/pico-sdk/lib/lwip/src/core/tcp.c.obj
                0x0000000010009720                tcp_next_iss
 .text.tcp_eff_send_mss_netif
                0x0000000010009738       0x28 CMakeFiles/pico_webserver.dir/pico-sdk/lib/lwip/src/core/tcp.c.obj
                0x0000000010009738                tcp_eff_send_mss_netif
 .text.tcp_netif_ip_addr_changed
                0x0000000010009760       0x9c CMakeFiles/pico_webserver.dir/pico-sdk/lib/lwip/src/core/tcp.c.obj
                0x0000000010009760                tcp_netif_ip_addr_changed
 .text.tcp_free_ooseq
                0x00000000100097fc       0x40 CMakeFiles/pico_webserver.dir/pico-sdk/lib/lwip/src/core/tcp.c.obj
                0x00000000100097fc                tcp_free_ooseq
 .text.tcp_parseopt
                0x000000001000983c      0x180 CMakeFiles/pico_webserver.dir/pico-sdk/lib/lwip/src/core/tcp_in.c.obj
 .text.tcp_oos_insert_segment
                0x00000000100099bc       0xd4 CMakeFiles/pico_webserver.dir/pico-sdk/lib/lwip/src/core/tcp_in.c.obj
 .text.tcp_receive
                0x0000000010009a90      0xa3c CMakeFiles/pico_webserver.dir/pico-sdk/lib/lwip/src/core/tcp_in.c.obj
 .text.tcp_input
                0x000000001000a4cc      0xc64 CMakeFiles/pico_webserver.dir/pico-sdk/lib/lwip/src/core/tcp_in.c.obj
                0x000000001000a4cc                tcp_input
 .text.tcp_trigger_input_pcb_close
                0x000000001000b130       0x10 CMakeFiles/pico_webserver.dir/pico-sdk/lib/lwip/src/core/tcp_in.c.obj
                0x000000001000b130                tcp_trigger_input_pcb_close
 .text.tcp_create_segment
                0x000000001000b140       0xd0 CMakeFiles/pico_webserver.dir/pico-sdk/lib/lwip/src/core/tcp_out.c.obj
 .text.tcp_output_control_segment
                0x000000001000b210       0xb4 CMakeFiles/pico_webserver.dir/pico-sdk/lib/lwip/src/core/tcp_out.c.obj
 .text.tcp_write
                0x000000001000b2c4      0x600 CMakeFiles/pico_webserver.dir/pico-sdk/lib/lwip/src/core/tcp_out.c.obj
                0x000000001000b2c4                tcp_write
 .text.tcp_split_unsent_seg
                0x000000001000b8c4      0x19c CMakeFiles/pico_webserver.dir/pico-sdk/lib/lwip/src/core/tcp_out.c.obj
                0x000000001000b8c4                tcp_split_unsent_seg
 .text.tcp_send_fin
                0x000000001000ba60       0xe0 CMakeFiles/pico_webserver.dir/pico-sdk/lib/lwip/src/core/tcp_out.c.obj
                0x000000001000ba60                tcp_send_fin
 .text.tcp_enqueue_flags
                0x000000001000bb40       0xa8 CMakeFiles/pico_webserver.dir/pico-sdk/lib/lwip/src/core/tcp_out.c.obj
                0x000000001000bb40                tcp_enqueue_flags
 .text.tcp_rexmit_rto_prepare
                0x000000001000bbe8       0x8c CMakeFiles/pico_webserver.dir/pico-sdk/lib/lwip/src/core/tcp_out.c.obj
                0x000000001000bbe8                tcp_rexmit_rto_prepare
 .text.tcp_rexmit
                0x000000001000bc74       0x90 CMakeFiles/pico_webserver.dir/pico-sdk/lib/lwip/src/core/tcp_out.c.obj
                0x000000001000bc74                tcp_rexmit
 .text.tcp_rexmit_fast
                0x000000001000bd04       0x58 CMakeFiles/pico_webserver.dir/pico-sdk/lib/lwip/src/core/tcp_out.c.obj
                0x000000001000bd04                tcp_rexmit_fast
 .text.tcp_rst  0x000000001000bd5c       0xbc CMakeFiles/pico_webserver.dir/pico-sdk/lib/lwip/src/core/tcp_out.c.obj
                0x000000001000bd5c                tcp_rst
 .text.tcp_rst_netif
                0x000000001000be18       0xfc CMakeFiles/pico_webserver.dir/pico-sdk/lib/lwip/src/core/tcp_out.c.obj
                0x000000001000be18                tcp_rst_netif
 .text.tcp_send_empty_ack
                0x000000001000bf14       0xdc CMakeFiles/pico_webserver.dir/pico-sdk/lib/lwip/src/core/tcp_out.c.obj
                0x000000001000bf14                tcp_send_empty_ack
 .text.tcp_output
                0x000000001000bff0      0x410 CMakeFiles/pico_webserver.dir/pico-sdk/lib/lwip/src/core/tcp_out.c.obj
                0x000000001000bff0                tcp_output
 .text.tcp_rexmit_rto_commit
                0x000000001000c400       0x14 CMakeFiles/pico_webserver.dir/pico-sdk/lib/lwip/src/core/tcp_out.c.obj
                0x000000001000c400                tcp_rexmit_rto_commit
 .text.tcp_rexmit_rto
                0x000000001000c414       0x98 CMakeFiles/pico_webserver.dir/pico-sdk/lib/lwip/src/core/tcp_out.c.obj
                0x000000001000c414                tcp_rexmit_rto
 .text.tcp_keepalive
                0x000000001000c4ac       0xc4 CMakeFiles/pico_webserver.dir/pico-sdk/lib/lwip/src/core/tcp_out.c.obj
                0x000000001000c4ac                tcp_keepalive
 .text.tcp_zero_window_probe
                0x000000001000c570      0x18c CMakeFiles/pico_webserver.dir/pico-sdk/lib/lwip/src/core/tcp_out.c.obj
                0x000000001000c570                tcp_zero_window_probe
 .text.tcpip_tcp_timer
                0x000000001000c6fc       0x6c CMakeFiles/pico_webserver.dir/pico-sdk/lib/lwip/src/core/timeouts.c.obj
 .text.lwip_cyclic_timer
                0x000000001000c768       0x90 CMakeFiles/pico_webserver.dir/pico-sdk/lib/lwip/src/core/timeouts.c.obj
 .text.tcp_timer_needed
                0x000000001000c7f8       0x70 CMakeFiles/pico_webserver.dir/pico-sdk/lib/lwip/src/core/timeouts.c.obj
                0x000000001000c7f8                tcp_timer_needed
 .text.sys_timeouts_init
                0x000000001000c868       0x78 CMakeFiles/pico_webserver.dir/pico-sdk/lib/lwip/src/core/timeouts.c.obj
                0x000000001000c868                sys_timeouts_init
 .text.sys_check_timeouts
                0x000000001000c8e0       0x68 CMakeFiles/pico_webserver.dir/pico-sdk/lib/lwip/src/core/timeouts.c.obj
                0x000000001000c8e0                sys_check_timeouts
 .text.sys_timeouts_sleeptime
                0x000000001000c948       0x28 CMakeFiles/pico_webserver.dir/pico-sdk/lib/lwip/src/core/timeouts.c.obj
                0x000000001000c948                sys_timeouts_sleeptime
 .text.udp_init
                0x000000001000c970        0x4 CMakeFiles/pico_webserver.dir/pico-sdk/lib/lwip/src/core/udp.c.obj
                0x000000001000c970                udp_init
 .text.udp_input
                0x000000001000c974      0x234 CMakeFiles/pico_webserver.dir/pico-sdk/lib/lwip/src/core/udp.c.obj
                0x000000001000c974                udp_input
 .text.udp_bind
                0x000000001000cba8      0x10c CMakeFiles/pico_webserver.dir/pico-sdk/lib/lwip/src/core/udp.c.obj
                0x000000001000cba8                udp_bind
 .text.udp_sendto_if_src
                0x000000001000ccb4      0x120 CMakeFiles/pico_webserver.dir/pico-sdk/lib/lwip/src/core/udp.c.obj
                0x000000001000ccb4                udp_sendto_if_src
 .text.udp_sendto_if
                0x000000001000cdd4       0x48 CMakeFiles/pico_webserver.dir/pico-sdk/lib/lwip/src/core/udp.c.obj
                0x000000001000cdd4                udp_sendto_if
 .text.udp_sendto
                0x000000001000ce1c       0x7c CMakeFiles/pico_webserver.dir/pico-sdk/lib/lwip/src/core/udp.c.obj
                0x000000001000ce1c                udp_sendto
 .text.udp_connect
                0x000000001000ce98       0x64 CMakeFiles/pico_webserver.dir/pico-sdk/lib/lwip/src/core/udp.c.obj
                0x000000001000ce98                udp_connect
 .text.udp_recv
                0x000000001000cefc        0xc CMakeFiles/pico_webserver.dir/pico-sdk/lib/lwip/src/core/udp.c.obj
                0x000000001000cefc                udp_recv
 .text.udp_remove
                0x000000001000cf08       0x3c CMakeFiles/pico_webserver.dir/pico-sdk/lib/lwip/src/core/udp.c.obj
                0x000000001000cf08                udp_remove
 .text.udp_new  0x000000001000cf44       0x1c CMakeFiles/pico_webserver.dir/pico-sdk/lib/lwip/src/core/udp.c.obj
                0x000000001000cf44                udp_new
 .text.udp_netif_ip_addr_changed
                0x000000001000cf60       0x40 CMakeFiles/pico_webserver.dir/pico-sdk/lib/lwip/src/core/udp.c.obj
                0x000000001000cf60                udp_netif_ip_addr_changed
 .text.dhcp_create_msg
                0x000000001000cfa0      0x144 CMakeFiles/pico_webserver.dir/pico-sdk/lib/lwip/src/core/ipv4/dhcp.c.obj
 .text.dhcp_bind
                0x000000001000d0e4      0x140 CMakeFiles/pico_webserver.dir/pico-sdk/lib/lwip/src/core/ipv4/dhcp.c.obj
 .text.dhcp_handle_ack.isra.0
                0x000000001000d224       0xa0 CMakeFiles/pico_webserver.dir/pico-sdk/lib/lwip/src/core/ipv4/dhcp.c.obj
 .text.dhcp_discover
                0x000000001000d2c4      0x10c CMakeFiles/pico_webserver.dir/pico-sdk/lib/lwip/src/core/ipv4/dhcp.c.obj
 .text.dhcp_reboot.isra.0
                0x000000001000d3d0      0x1e0 CMakeFiles/pico_webserver.dir/pico-sdk/lib/lwip/src/core/ipv4/dhcp.c.obj
 .text.dhcp_select.isra.0
                0x000000001000d5b0      0x244 CMakeFiles/pico_webserver.dir/pico-sdk/lib/lwip/src/core/ipv4/dhcp.c.obj
 .text.dhcp_recv
                0x000000001000d7f4      0x414 CMakeFiles/pico_webserver.dir/pico-sdk/lib/lwip/src/core/ipv4/dhcp.c.obj
 .text.dhcp_conflict_callback
                0x000000001000dc08      0x124 CMakeFiles/pico_webserver.dir/pico-sdk/lib/lwip/src/core/ipv4/dhcp.c.obj
 .text.dhcp_set_struct
                0x000000001000dd2c       0x18 CMakeFiles/pico_webserver.dir/pico-sdk/lib/lwip/src/core/ipv4/dhcp.c.obj
                0x000000001000dd2c                dhcp_set_struct
 .text.dhcp_network_changed_link_up
                0x000000001000dd44       0x30 CMakeFiles/pico_webserver.dir/pico-sdk/lib/lwip/src/core/ipv4/dhcp.c.obj
                0x000000001000dd44                dhcp_network_changed_link_up
 .text.dhcp_renew
                0x000000001000dd74      0x1a0 CMakeFiles/pico_webserver.dir/pico-sdk/lib/lwip/src/core/ipv4/dhcp.c.obj
                0x000000001000dd74                dhcp_renew
 .text.dhcp_release_and_stop
                0x000000001000df14      0x14c CMakeFiles/pico_webserver.dir/pico-sdk/lib/lwip/src/core/ipv4/dhcp.c.obj
                0x000000001000df14                dhcp_release_and_stop
 .text.dhcp_start
                0x000000001000e060      0x10c CMakeFiles/pico_webserver.dir/pico-sdk/lib/lwip/src/core/ipv4/dhcp.c.obj
                0x000000001000e060                dhcp_start
 .text.dhcp_coarse_tmr
                0x000000001000e16c      0x238 CMakeFiles/pico_webserver.dir/pico-sdk/lib/lwip/src/core/ipv4/dhcp.c.obj
                0x000000001000e16c                dhcp_coarse_tmr
 .text.dhcp_fine_tmr
                0x000000001000e3a4       0x78 CMakeFiles/pico_webserver.dir/pico-sdk/lib/lwip/src/core/ipv4/dhcp.c.obj
                0x000000001000e3a4                dhcp_fine_tmr
 .text.dhcp_stop
                0x000000001000e41c      0x14c CMakeFiles/pico_webserver.dir/pico-sdk/lib/lwip/src/core/ipv4/dhcp.c.obj
                0x000000001000e41c                dhcp_stop
 .text.etharp_find_entry
                0x000000001000e568     0x1dcc CMakeFiles/pico_webserver.dir/pico-sdk/lib/lwip/src/core/ipv4/etharp.c.obj
 .text.etharp_raw
                0x0000000010010334       0xc0 CMakeFiles/pico_webserver.dir/pico-sdk/lib/lwip/src/core/ipv4/etharp.c.obj
 .text.etharp_output_to_arp_index
                0x00000000100103f4       0xd8 CMakeFiles/pico_webserver.dir/pico-sdk/lib/lwip/src/core/ipv4/etharp.c.obj
 .text.etharp_tmr
                0x00000000100104cc       0xa4 CMakeFiles/pico_webserver.dir/pico-sdk/lib/lwip/src/core/ipv4/etharp.c.obj
                0x00000000100104cc                etharp_tmr
 .text.etharp_cleanup_netif
                0x0000000010010570      0x188 CMakeFiles/pico_webserver.dir/pico-sdk/lib/lwip/src/core/ipv4/etharp.c.obj
                0x0000000010010570                etharp_cleanup_netif
 .text.etharp_input
                0x00000000100106f8      0x1ac CMakeFiles/pico_webserver.dir/pico-sdk/lib/lwip/src/core/ipv4/etharp.c.obj
                0x00000000100106f8                etharp_input
 .text.etharp_query
                0x00000000100108a4      0x188 CMakeFiles/pico_webserver.dir/pico-sdk/lib/lwip/src/core/ipv4/etharp.c.obj
                0x00000000100108a4                etharp_query
 .text.etharp_output
                0x0000000010010a2c      0x21c CMakeFiles/pico_webserver.dir/pico-sdk/lib/lwip/src/core/ipv4/etharp.c.obj
                0x0000000010010a2c                etharp_output
 .text.etharp_acd_probe
                0x0000000010010c48       0xc0 CMakeFiles/pico_webserver.dir/pico-sdk/lib/lwip/src/core/ipv4/etharp.c.obj
                0x0000000010010c48                etharp_acd_probe
 .text.etharp_acd_announce
                0x0000000010010d08       0xbc CMakeFiles/pico_webserver.dir/pico-sdk/lib/lwip/src/core/ipv4/etharp.c.obj
                0x0000000010010d08                etharp_acd_announce
 .text.icmp_input
                0x0000000010010dc4      0x1d8 CMakeFiles/pico_webserver.dir/pico-sdk/lib/lwip/src/core/ipv4/icmp.c.obj
                0x0000000010010dc4                icmp_input
 .text.icmp_dest_unreach
                0x0000000010010f9c       0xbc CMakeFiles/pico_webserver.dir/pico-sdk/lib/lwip/src/core/ipv4/icmp.c.obj
                0x0000000010010f9c                icmp_dest_unreach
 .text.icmp_time_exceeded
                0x0000000010011058       0xbc CMakeFiles/pico_webserver.dir/pico-sdk/lib/lwip/src/core/ipv4/icmp.c.obj
                0x0000000010011058                icmp_time_exceeded
 .text.ip_reass_free_complete_datagram
                0x0000000010011114       0xb8 CMakeFiles/pico_webserver.dir/pico-sdk/lib/lwip/src/core/ipv4/ip4_frag.c.obj
 .text.ip_reass_remove_oldest_datagram
                0x00000000100111cc       0xd8 CMakeFiles/pico_webserver.dir/pico-sdk/lib/lwip/src/core/ipv4/ip4_frag.c.obj
 .text.ipfrag_free_pbuf_custom
                0x00000000100112a4       0x18 CMakeFiles/pico_webserver.dir/pico-sdk/lib/lwip/src/core/ipv4/ip4_frag.c.obj
 .text.ip_reass_tmr
                0x00000000100112bc       0x38 CMakeFiles/pico_webserver.dir/pico-sdk/lib/lwip/src/core/ipv4/ip4_frag.c.obj
                0x00000000100112bc                ip_reass_tmr
 .text.ip4_reass
                0x00000000100112f4      0x510 CMakeFiles/pico_webserver.dir/pico-sdk/lib/lwip/src/core/ipv4/ip4_frag.c.obj
                0x00000000100112f4                ip4_reass
 .text.ip4_frag
                0x0000000010011804      0x1e8 CMakeFiles/pico_webserver.dir/pico-sdk/lib/lwip/src/core/ipv4/ip4_frag.c.obj
                0x0000000010011804                ip4_frag
 .text.ip4_route
                0x00000000100119ec       0x80 CMakeFiles/pico_webserver.dir/pico-sdk/lib/lwip/src/core/ipv4/ip4.c.obj
                0x00000000100119ec                ip4_route
 .text.ip4_input
                0x0000000010011a6c      0x2e8 CMakeFiles/pico_webserver.dir/pico-sdk/lib/lwip/src/core/ipv4/ip4.c.obj
                0x0000000010011a6c                ip4_input
 .text.ip4_output_if
                0x0000000010011d54      0x168 CMakeFiles/pico_webserver.dir/pico-sdk/lib/lwip/src/core/ipv4/ip4.c.obj
                0x0000000010011d54                ip4_output_if
 .text.ip4_output_if_src
                0x0000000010011ebc      0x158 CMakeFiles/pico_webserver.dir/pico-sdk/lib/lwip/src/core/ipv4/ip4.c.obj
                0x0000000010011ebc                ip4_output_if_src
 .text.ip4_addr_isbroadcast_u32
                0x0000000010012014       0x3c CMakeFiles/pico_webserver.dir/pico-sdk/lib/lwip/src/core/ipv4/ip4_addr.c.obj
                0x0000000010012014                ip4_addr_isbroadcast_u32
 .text.acd_add  0x0000000010012050       0x24 CMakeFiles/pico_webserver.dir/pico-sdk/lib/lwip/src/core/ipv4/acd.c.obj
                0x0000000010012050                acd_add
 .text.acd_remove
                0x0000000010012074       0x28 CMakeFiles/pico_webserver.dir/pico-sdk/lib/lwip/src/core/ipv4/acd.c.obj
                0x0000000010012074                acd_remove
 .text.acd_start
                0x000000001001209c       0x38 CMakeFiles/pico_webserver.dir/pico-sdk/lib/lwip/src/core/ipv4/acd.c.obj
                0x000000001001209c                acd_start
 .text.acd_network_changed_link_down
                0x00000000100120d4       0x14 CMakeFiles/pico_webserver.dir/pico-sdk/lib/lwip/src/core/ipv4/acd.c.obj
                0x00000000100120d4                acd_network_changed_link_down
 .text.acd_tmr  0x00000000100120e8      0x110 CMakeFiles/pico_webserver.dir/pico-sdk/lib/lwip/src/core/ipv4/acd.c.obj
                0x00000000100120e8                acd_tmr
 .text.acd_arp_reply
                0x00000000100121f8       0xf4 CMakeFiles/pico_webserver.dir/pico-sdk/lib/lwip/src/core/ipv4/acd.c.obj
                0x00000000100121f8                acd_arp_reply
 .text.acd_netif_ip_addr_changed
                0x00000000100122ec       0x8c CMakeFiles/pico_webserver.dir/pico-sdk/lib/lwip/src/core/ipv4/acd.c.obj
                0x00000000100122ec                acd_netif_ip_addr_changed
 .text.ethernet_input
                0x0000000010012378       0xd0 CMakeFiles/pico_webserver.dir/pico-sdk/lib/lwip/src/netif/ethernet.c.obj
                0x0000000010012378                ethernet_input
 .text.ethernet_output
                0x0000000010012448       0x64 CMakeFiles/pico_webserver.dir/pico-sdk/lib/lwip/src/netif/ethernet.c.obj
                0x0000000010012448                ethernet_output
 .text.cyw43_arch_set_async_context
                0x00000000100124ac        0xc CMakeFiles/pico_webserver.dir/pico-sdk/src/rp2_common/pico_cyw43_arch/cyw43_arch.c.obj
                0x00000000100124ac                cyw43_arch_set_async_context
 .text.cyw43_arch_enable_sta_mode
                0x00000000100124b8       0x1c CMakeFiles/pico_webserver.dir/pico-sdk/src/rp2_common/pico_cyw43_arch/cyw43_arch.c.obj
                0x00000000100124b8                cyw43_arch_enable_sta_mode
 .text.cyw43_arch_init_with_country
                0x00000000100124d4       0x10 CMakeFiles/pico_webserver.dir/pico-sdk/src/rp2_common/pico_cyw43_arch/cyw43_arch.c.obj
                0x00000000100124d4                cyw43_arch_init_with_country
 .text.cyw43_arch_gpio_put
                0x00000000100124e4       0x14 CMakeFiles/pico_webserver.dir/pico-sdk/src/rp2_common/pico_cyw43_arch/cyw43_arch.c.obj
                0x00000000100124e4                cyw43_arch_gpio_put
 .text.cyw43_arch_async_context
                0x00000000100124f8        0xc CMakeFiles/pico_webserver.dir/pico-sdk/src/rp2_common/pico_cyw43_arch/cyw43_arch.c.obj
                0x00000000100124f8                cyw43_arch_async_context
 .text.cyw43_arch_init
                0x0000000010012504       0x80 CMakeFiles/pico_webserver.dir/pico-sdk/src/rp2_common/pico_cyw43_arch/cyw43_arch_threadsafe_background.c.obj
                0x0000000010012504                cyw43_arch_init
 .text.ns_delay.constprop.0
                0x0000000010012584       0x20 CMakeFiles/pico_webserver.dir/pico-sdk/src/rp2_common/pico_cyw43_driver/cyw43_bus_pio_spi.c.obj
 .text.cyw43_spi_deinit
                0x00000000100125a4       0x7c CMakeFiles/pico_webserver.dir/pico-sdk/src/rp2_common/pico_cyw43_driver/cyw43_bus_pio_spi.c.obj
                0x00000000100125a4                cyw43_spi_deinit
 .text.cyw43_spi_init
                0x0000000010012620      0x154 CMakeFiles/pico_webserver.dir/pico-sdk/src/rp2_common/pico_cyw43_driver/cyw43_bus_pio_spi.c.obj
                0x0000000010012620                cyw43_spi_init
 .text.cyw43_spi_transfer
                0x0000000010012774      0x430 CMakeFiles/pico_webserver.dir/pico-sdk/src/rp2_common/pico_cyw43_driver/cyw43_bus_pio_spi.c.obj
                0x0000000010012774                cyw43_spi_transfer
 .text.cyw43_spi_gpio_setup
                0x0000000010012ba4       0x3c CMakeFiles/pico_webserver.dir/pico-sdk/src/rp2_common/pico_cyw43_driver/cyw43_bus_pio_spi.c.obj
                0x0000000010012ba4                cyw43_spi_gpio_setup
 .text.cyw43_spi_reset
                0x0000000010012be0       0x28 CMakeFiles/pico_webserver.dir/pico-sdk/src/rp2_common/pico_cyw43_driver/cyw43_bus_pio_spi.c.obj
                0x0000000010012be0                cyw43_spi_reset
 .text.read_reg_u32_swap
                0x0000000010012c08       0x3c CMakeFiles/pico_webserver.dir/pico-sdk/src/rp2_common/pico_cyw43_driver/cyw43_bus_pio_spi.c.obj
                0x0000000010012c08                read_reg_u32_swap
 .text.cyw43_read_reg_u32
                0x0000000010012c44       0x6c CMakeFiles/pico_webserver.dir/pico-sdk/src/rp2_common/pico_cyw43_driver/cyw43_bus_pio_spi.c.obj
                0x0000000010012c44                cyw43_read_reg_u32
 .text.cyw43_read_reg_u16
                0x0000000010012cb0       0x6c CMakeFiles/pico_webserver.dir/pico-sdk/src/rp2_common/pico_cyw43_driver/cyw43_bus_pio_spi.c.obj
                0x0000000010012cb0                cyw43_read_reg_u16
 .text.cyw43_read_reg_u8
                0x0000000010012d1c       0x6c CMakeFiles/pico_webserver.dir/pico-sdk/src/rp2_common/pico_cyw43_driver/cyw43_bus_pio_spi.c.obj
                0x0000000010012d1c                cyw43_read_reg_u8
 .text.write_reg_u32_swap
                0x0000000010012d88      0x1e0 CMakeFiles/pico_webserver.dir/pico-sdk/src/rp2_common/pico_cyw43_driver/cyw43_bus_pio_spi.c.obj
                0x0000000010012d88                write_reg_u32_swap
 .text.cyw43_write_reg_u32
                0x0000000010012f68      0x200 CMakeFiles/pico_webserver.dir/pico-sdk/src/rp2_common/pico_cyw43_driver/cyw43_bus_pio_spi.c.obj
                0x0000000010012f68                cyw43_write_reg_u32
 .text.cyw43_write_reg_u16
                0x0000000010013168      0x200 CMakeFiles/pico_webserver.dir/pico-sdk/src/rp2_common/pico_cyw43_driver/cyw43_bus_pio_spi.c.obj
                0x0000000010013168                cyw43_write_reg_u16
 .text.cyw43_write_reg_u8
                0x0000000010013368      0x200 CMakeFiles/pico_webserver.dir/pico-sdk/src/rp2_common/pico_cyw43_driver/cyw43_bus_pio_spi.c.obj
                0x0000000010013368                cyw43_write_reg_u8
 .text.cyw43_read_bytes
                0x0000000010013568       0x78 CMakeFiles/pico_webserver.dir/pico-sdk/src/rp2_common/pico_cyw43_driver/cyw43_bus_pio_spi.c.obj
                0x0000000010013568                cyw43_read_bytes
 .text.cyw43_write_bytes
                0x00000000100135e0       0xec CMakeFiles/pico_webserver.dir/pico-sdk/src/rp2_common/pico_cyw43_driver/cyw43_bus_pio_spi.c.obj
                0x00000000100135e0                cyw43_write_bytes
 .text.cyw43_set_backplane_window
                0x00000000100136cc       0x64 CMakeFiles/pico_webserver.dir/pico-sdk/lib/cyw43-driver/src/cyw43_ll.c.obj
 .text.cyw43_ll_parse_async_event
                0x0000000010013730      0x13c CMakeFiles/pico_webserver.dir/pico-sdk/lib/cyw43-driver/src/cyw43_ll.c.obj
 .text.cyw43_kso_set
                0x000000001001386c       0xa0 CMakeFiles/pico_webserver.dir/pico-sdk/lib/cyw43-driver/src/cyw43_ll.c.obj
 .text.cyw43_ll_sdpcm_poll_device
                0x000000001001390c      0x238 CMakeFiles/pico_webserver.dir/pico-sdk/lib/cyw43-driver/src/cyw43_ll.c.obj
 .text.cyw43_sdpcm_send_common
                0x0000000010013b44       0xf0 CMakeFiles/pico_webserver.dir/pico-sdk/lib/cyw43-driver/src/cyw43_ll.c.obj
 .text.cyw43_do_ioctl
                0x0000000010013c34      0x110 CMakeFiles/pico_webserver.dir/pico-sdk/lib/cyw43-driver/src/cyw43_ll.c.obj
 .text.cyw43_do_ioctl.constprop.0
                0x0000000010013d44      0x108 CMakeFiles/pico_webserver.dir/pico-sdk/lib/cyw43-driver/src/cyw43_ll.c.obj
 .text.cyw43_read_backplane.constprop.0
                0x0000000010013e4c       0xdc CMakeFiles/pico_webserver.dir/pico-sdk/lib/cyw43-driver/src/cyw43_ll.c.obj
 .text.reset_device_core.constprop.0
                0x0000000010013f28      0x3f0 CMakeFiles/pico_webserver.dir/pico-sdk/lib/cyw43-driver/src/cyw43_ll.c.obj
 .text.cyw43_ll_init
                0x0000000010014318       0x1c CMakeFiles/pico_webserver.dir/pico-sdk/lib/cyw43-driver/src/cyw43_ll.c.obj
                0x0000000010014318                cyw43_ll_init
 .text.cyw43_ll_deinit
                0x0000000010014334        0x8 CMakeFiles/pico_webserver.dir/pico-sdk/lib/cyw43-driver/src/cyw43_ll.c.obj
                0x0000000010014334                cyw43_ll_deinit
 .text.cyw43_ll_send_ethernet
                0x000000001001433c       0x60 CMakeFiles/pico_webserver.dir/pico-sdk/lib/cyw43-driver/src/cyw43_ll.c.obj
                0x000000001001433c                cyw43_ll_send_ethernet
 .text.cyw43_ll_process_packets
                0x000000001001439c       0x54 CMakeFiles/pico_webserver.dir/pico-sdk/lib/cyw43-driver/src/cyw43_ll.c.obj
                0x000000001001439c                cyw43_ll_process_packets
 .text.cyw43_ll_ioctl
                0x00000000100143f0       0x20 CMakeFiles/pico_webserver.dir/pico-sdk/lib/cyw43-driver/src/cyw43_ll.c.obj
                0x00000000100143f0                cyw43_ll_ioctl
 .text.cyw43_ll_bus_sleep
                0x0000000010014410       0x34 CMakeFiles/pico_webserver.dir/pico-sdk/lib/cyw43-driver/src/cyw43_ll.c.obj
                0x0000000010014410                cyw43_ll_bus_sleep
 .text.cyw43_ll_bus_init
                0x0000000010014444      0xbf0 CMakeFiles/pico_webserver.dir/pico-sdk/lib/cyw43-driver/src/cyw43_ll.c.obj
                0x0000000010014444                cyw43_ll_bus_init
 .text.cyw43_ll_wifi_on
                0x0000000010015034      0x240 CMakeFiles/pico_webserver.dir/pico-sdk/lib/cyw43-driver/src/cyw43_ll.c.obj
                0x0000000010015034                cyw43_ll_wifi_on
 .text.cyw43_ll_wifi_get_mac
                0x0000000010015274       0x44 CMakeFiles/pico_webserver.dir/pico-sdk/lib/cyw43-driver/src/cyw43_ll.c.obj
                0x0000000010015274                cyw43_ll_wifi_get_mac
 .text.cyw43_ll_wifi_pm
                0x00000000100152b8      0x194 CMakeFiles/pico_webserver.dir/pico-sdk/lib/cyw43-driver/src/cyw43_ll.c.obj
                0x00000000100152b8                cyw43_ll_wifi_pm
 .text.cyw43_ll_wifi_scan