Archive member included to satisfy reference by file (symbol)

/usr/lib/gcc/arm-none-eabi/10.3.1/thumb/v6-m/nofp/libgcc.a(_dvmd_tls.o)
                              CMakeFiles/pico_webserver.dir/pico-sdk/src/rp2_common/pico_divider/divider.S.obj (__aeabi_idiv0)
/usr/lib/gcc/arm-none-eabi/10.3.1/../../../arm-none-eabi/lib/thumb/v6-m/nofp/libc.a(lib_a-atexit.o)
                              /usr/lib/gcc/arm-none-eabi/10.3.1/../../../arm-none-eabi/lib/thumb/v6-m/nofp/crt0.o (atexit)
/usr/lib/gcc/arm-none-eabi/10.3.1/../../../arm-none-eabi/lib/thumb/v6-m/nofp/libc.a(lib_a-atoi.o)
                              CMakeFiles/pico_webserver.dir/pico-sdk/lib/lwip/src/core/netif.c.obj (atoi)
/usr/lib/gcc/arm-none-eabi/10.3.1/../../../arm-none-eabi/lib/thumb/v6-m/nofp/libc.a(lib_a-calloc.o)
                              CMakeFiles/pico_webserver.dir/pico-sdk/src/rp2_common/pico_malloc/pico_malloc.c.obj (calloc)
/usr/lib/gcc/arm-none-eabi/10.3.1/../../../arm-none-eabi/lib/thumb/v6-m/nofp/libc.a(lib_a-callocr.o)
                              /usr/lib/gcc/arm-none-eabi/10.3.1/../../../arm-none-eabi/lib/thumb/v6-m/nofp/libc.a(lib_a-calloc.o) (_calloc_r)
/usr/lib/gcc/arm-none-eabi/10.3.1/../../../arm-none-eabi/lib/thumb/v6-m/nofp/libc.a(lib_a-ctype_.o)
                              CMakeFiles/pico_webserver.dir/pico-sdk/lib/lwip/src/core/ipv4/ip4_addr.c.obj (_ctype_)
/usr/lib/gcc/arm-none-eabi/10.3.1/../../../arm-none-eabi/lib/thumb/v6-m/nofp/libc.a(lib_a-fini.o)
                              /usr/lib/gcc/arm-none-eabi/10.3.1/../../../arm-none-eabi/lib/thumb/v6-m/nofp/crt0.o (__libc_fini_array)
/usr/lib/gcc/arm-none-eabi/10.3.1/../../../arm-none-eabi/lib/thumb/v6-m/nofp/libc.a(lib_a-impure.o)
                              /usr/lib/gcc/arm-none-eabi/10.3.1/../../../arm-none-eabi/lib/thumb/v6-m/nofp/libc.a(lib_a-calloc.o) (_impure_ptr)
/usr/lib/gcc/arm-none-eabi/10.3.1/../../../arm-none-eabi/lib/thumb/v6-m/nofp/libc.a(lib_a-init.o)
                              /usr/lib/gcc/arm-none-eabi/10.3.1/../../../arm-none-eabi/lib/thumb/v6-m/nofp/crt0.o (__libc_init_array)
/usr/lib/gcc/arm-none-eabi/10.3.1/../../../arm-none-eabi/lib/thumb/v6-m/nofp/libc.a(lib_a-malloc.o)
                              CMakeFiles/pico_webserver.dir/pico-sdk/src/rp2_common/pico_malloc/pico_malloc.c.obj (malloc)
/usr/lib/gcc/arm-none-eabi/10.3.1/../../../arm-none-eabi/lib/thumb/v6-m/nofp/libc.a(lib_a-mallocr.o)
                              /usr/lib/gcc/arm-none-eabi/10.3.1/../../../arm-none-eabi/lib/thumb/v6-m/nofp/libc.a(lib_a-callocr.o) (_malloc_r)
/usr/lib/gcc/arm-none-eabi/10.3.1/../../../arm-none-eabi/lib/thumb/v6-m/nofp/libc.a(lib_a-memcmp.o)
                              CMakeFiles/pico_webserver.dir/pico-sdk/lib/tinyusb/lib/networking/dhserver.c.obj (memcmp)
/usr/lib/gcc/arm-none-eabi/10.3.1/../../../arm-none-eabi/lib/thumb/v6-m/nofp/libc.a(lib_a-memmove.o)
                              CMakeFiles/pico_webserver.dir/pico-sdk/lib/lwip/src/core/def.c.obj (memmove)
/usr/lib/gcc/arm-none-eabi/10.3.1/../../../arm-none-eabi/lib/thumb/v6-m/nofp/libc.a(lib_a-mlock.o)
                              /usr/lib/gcc/arm-none-eabi/10.3.1/../../../arm-none-eabi/lib/thumb/v6-m/nofp/libc.a(lib_a-mallocr.o) (__malloc_lock)
/usr/lib/gcc/arm-none-eabi/10.3.1/../../../arm-none-eabi/lib/thumb/v6-m/nofp/libc.a(lib_a-rand.o)
                              CMakeFiles/pico_webserver.dir/ssi.cpp.obj (rand)
/usr/lib/gcc/arm-none-eabi/10.3.1/../../../arm-none-eabi/lib/thumb/v6-m/nofp/libc.a(lib_a-realloc.o)
                              CMakeFiles/pico_webserver.dir/pico-sdk/src/rp2_common/pico_malloc/pico_malloc.c.obj (realloc)
/usr/lib/gcc/arm-none-eabi/10.3.1/../../../arm-none-eabi/lib/thumb/v6-m/nofp/libc.a(lib_a-reallocr.o)
                              /usr/lib/gcc/arm-none-eabi/10.3.1/../../../arm-none-eabi/lib/thumb/v6-m/nofp/libc.a(lib_a-realloc.o) (_realloc_r)
/usr/lib/gcc/arm-none-eabi/10.3.1/../../../arm-none-eabi/lib/thumb/v6-m/nofp/libc.a(lib_a-sbrkr.o)
                              /usr/lib/gcc/arm-none-eabi/10.3.1/../../../arm-none-eabi/lib/thumb/v6-m/nofp/libc.a(lib_a-mallocr.o) (_sbrk_r)
/usr/lib/gcc/arm-none-eabi/10.3.1/../../../arm-none-eabi/lib/thumb/v6-m/nofp/libc.a(lib_a-strchr.o)
                              CMakeFiles/pico_webserver.dir/pico-sdk/lib/lwip/src/apps/http/httpd.c.obj (strchr)
/usr/lib/gcc/arm-none-eabi/10.3.1/../../../arm-none-eabi/lib/thumb/v6-m/nofp/libc.a(lib_a-strcmp.o)
                              CMakeFiles/pico_webserver.dir/cgi.cpp.obj (strcmp)
/usr/lib/gcc/arm-none-eabi/10.3.1/../../../arm-none-eabi/lib/thumb/v6-m/nofp/libc.a(lib_a-strcpy.o)
                              CMakeFiles/pico_webserver.dir/webserver.c.obj (strcpy)
/usr/lib/gcc/arm-none-eabi/10.3.1/../../../arm-none-eabi/lib/thumb/v6-m/nofp/libc.a(lib_a-strlen-stub.o)
                              CMakeFiles/pico_webserver.dir/usb_descriptors.c.obj (strlen)
/usr/lib/gcc/arm-none-eabi/10.3.1/../../../arm-none-eabi/lib/thumb/v6-m/nofp/libc.a(lib_a-strncmp.o)
[...]
Memory Configuration

Name             Origin             Length             Attributes
FLASH            0x0000000010000000 0x0000000000200000 xr
RAM              0x0000000020000000 0x0000000000040000 xrw
SCRATCH_X        0x0000000020040000 0x0000000000001000 xrw
SCRATCH_Y        0x0000000020041000 0x0000000000001000 xrw
*default*        0x0000000000000000 0xffffffffffffffff

Linker script and memory map

LOAD /usr/lib/gcc/arm-none-eabi/10.3.1/thumb/v6-m/nofp/crti.o
LOAD /usr/lib/gcc/arm-none-eabi/10.3.1/thumb/v6-m/nofp/crtbegin.o
LOAD /usr/lib/gcc/arm-none-eabi/10.3.1/../../../arm-none-eabi/lib/thumb/v6-m/nofp/crt0.o

.flash_begin    0x0000000010000000        0x0
                0x0000000010000000                __flash_binary_start = .

.boot2          0x0000000010000000      0x100
                0x0000000010000000                __boot2_start__ = .
 *(.boot2)
 .boot2         0x0000000010000000      0x100 /tmp/ccnPcXxR.o
                0x0000000010000100                __boot2_end__ = .
                0x0000000000000001                ASSERT (((__boot2_end__ - __boot2_start__) == 0x100), ERROR: Pico second stage bootloader must be 256 bytes in size)

.text           0x0000000010000100    0x198c0
                0x0000000010000100                __logical_binary_start = .
 *(.vectors)
 .vectors       0x0000000010000100       0xd4 CMakeFiles/pico_webserver.dir/pico-sdk/src/rp2_common/pico_standard_link/crt0.S.obj
                0x0000000010000100                __vectors
                0x0000000010000100                __VECTOR_TABLE
                0x00000000100001c0                isr_invalid
                0x00000000100001c0                __default_isrs_start
                0x00000000100001c2                isr_nmi
                0x00000000100001c4                isr_hardfault
                0x00000000100001c6                isr_svcall
                0x00000000100001c8                isr_pendsv
                0x00000000100001ca                isr_systick
                0x00000000100001cc                isr_irq30
                0x00000000100001cc                __unhandled_user_irq
                0x00000000100001cc                isr_irq13
                0x00000000100001cc                isr_irq27
                0x00000000100001cc                isr_irq31
                0x00000000100001cc                isr_irq5
                0x00000000100001cc                isr_irq11
                0x00000000100001cc                isr_irq23
                0x00000000100001cc                isr_irq18
                0x00000000100001cc                isr_irq28
                0x00000000100001cc                isr_irq19
                0x00000000100001cc                isr_irq0
                0x00000000100001cc                isr_irq6
                0x00000000100001cc                isr_irq22
                0x00000000100001cc                isr_irq17
                0x00000000100001cc                isr_irq14
                0x00000000100001cc                isr_irq2
                0x00000000100001cc                isr_irq10
                0x00000000100001cc                isr_irq8
                0x00000000100001cc                isr_irq24
                0x00000000100001cc                isr_irq1
                0x00000000100001cc                isr_irq7
                0x00000000100001cc                isr_irq21
                0x00000000100001cc                isr_irq20
                0x00000000100001cc                isr_irq15
                0x00000000100001cc                isr_irq25
                0x00000000100001cc                isr_irq4
                0x00000000100001cc                isr_irq16
                0x00000000100001cc                isr_irq29
                0x00000000100001cc                isr_irq26
                0x00000000100001cc                __default_isrs_end
                0x00000000100001cc                isr_irq3
                0x00000000100001cc                isr_irq12
                0x00000000100001cc                isr_irq9
                0x00000000100001d2                unhandled_user_irq_num_in_r0
 *(.binary_info_header)
 .binary_info_header
                0x00000000100001d4       0x14 CMakeFiles/pico_webserver.dir/pico-sdk/src/rp2_common/pico_standard_link/crt0.S.obj
                0x00000000100001e8                __binary_info_header_end = .
 *(.reset)
 .reset         0x00000000100001e8       0xa0 CMakeFiles/pico_webserver.dir/pico-sdk/src/rp2_common/pico_standard_link/crt0.S.obj
                0x00000000100001e8                _entry_point
 .reset         0x0000000010000288       0x30 CMakeFiles/pico_webserver.dir/pico-sdk/src/rp2_common/pico_standard_link/binary_info.c.obj
 *(.init)
 .init          0x00000000100002b8        0x4 /usr/lib/gcc/arm-none-eabi/10.3.1/thumb/v6-m/nofp/crti.o
                0x00000000100002b8                _init
 *(EXCLUDE_FILE(*libm.a: *libc.a:*lib_a-mem*.o *libgcc.a:) .text*)
 .text          0x00000000100002bc       0x98 /usr/lib/gcc/arm-none-eabi/10.3.1/thumb/v6-m/nofp/crtbegin.o
 .text.core1_entry
                0x0000000010000354       0xc0 CMakeFiles/pico_webserver.dir/webserver.c.obj
                0x0000000010000354                core1_entry
 .text.startup.main
                0x0000000010000414       0x60 CMakeFiles/pico_webserver.dir/webserver.c.obj
                0x0000000010000414                main
 .text.netif_init_cb
                0x0000000010000474       0x30 CMakeFiles/pico_webserver.dir/tusb_lwip_glue.c.obj
 .text.output_fn
                0x00000000100004a4        0x8 CMakeFiles/pico_webserver.dir/tusb_lwip_glue.c.obj
 .text.linkoutput_fn
                0x00000000100004ac       0x3c CMakeFiles/pico_webserver.dir/tusb_lwip_glue.c.obj
 .text.init_lwip
                0x00000000100004e8       0x60 CMakeFiles/pico_webserver.dir/tusb_lwip_glue.c.obj
                0x00000000100004e8                init_lwip
 .text.tud_network_init_cb
                0x0000000010000548       0x18 CMakeFiles/pico_webserver.dir/tusb_lwip_glue.c.obj
                0x0000000010000548                tud_network_init_cb
 .text.tud_network_recv_cb
                0x0000000010000560       0x3c CMakeFiles/pico_webserver.dir/tusb_lwip_glue.c.obj
                0x0000000010000560                tud_network_recv_cb
 .text.tud_network_xmit_cb
                0x000000001000059c       0x30 CMakeFiles/pico_webserver.dir/tusb_lwip_glue.c.obj
                0x000000001000059c                tud_network_xmit_cb
 .text.service_traffic
                0x00000000100005cc       0x2c CMakeFiles/pico_webserver.dir/tusb_lwip_glue.c.obj
                0x00000000100005cc                service_traffic
 .text.dhcpd_init
                0x00000000100005f8       0x14 CMakeFiles/pico_webserver.dir/tusb_lwip_glue.c.obj
                0x00000000100005f8                dhcpd_init
 .text.wait_for_netif_is_up
                0x000000001000060c       0x14 CMakeFiles/pico_webserver.dir/tusb_lwip_glue.c.obj
                0x000000001000060c                wait_for_netif_is_up
 .text.tud_descriptor_device_cb
                0x0000000010000620        0x8 CMakeFiles/pico_webserver.dir/usb_descriptors.c.obj
                0x0000000010000620                tud_descriptor_device_cb
 .text.tud_descriptor_configuration_cb
                0x0000000010000628       0x14 CMakeFiles/pico_webserver.dir/usb_descriptors.c.obj
                0x0000000010000628                tud_descriptor_configuration_cb
 .text.tud_descriptor_string_cb
                0x000000001000063c      0x17c CMakeFiles/pico_webserver.dir/usb_descriptors.c.obj
                0x000000001000063c                tud_descriptor_string_cb
 .text.fill_options
                0x00000000100007b8       0xdc CMakeFiles/pico_webserver.dir/pico-sdk/lib/tinyusb/lib/networking/dhserver.c.obj
                0x00000000100007b8                fill_options
 .text.udp_recv_proc
                0x0000000010000894      0x2e4 CMakeFiles/pico_webserver.dir/pico-sdk/lib/tinyusb/lib/networking/dhserver.c.obj
 .text.dhserv_init
                0x0000000010000b78       0x64 CMakeFiles/pico_webserver.dir/pico-sdk/lib/tinyusb/lib/networking/dhserver.c.obj
                0x0000000010000b78                dhserv_init
 .text.rndis_class_set_handler
                0x0000000010000bdc      0x2d4 CMakeFiles/pico_webserver.dir/pico-sdk/lib/tinyusb/lib/networking/rndis_reports.c.obj
                0x0000000010000bdc                rndis_class_set_handler
 .text._Z11scan_resultPvPK23_cyw43_ev_scan_result_t
                0x0000000010000eb0       0x4c CMakeFiles/pico_webserver.dir/ssi.cpp.obj
                0x0000000010000eb0                scan_result(void*, _cyw43_ev_scan_result_t const*)
 .text.ssi_init
                0x0000000010000efc       0x4c CMakeFiles/pico_webserver.dir/ssi.cpp.obj
                0x0000000010000efc                ssi_init
 .text.cgi_handler_basic
                0x0000000010000f48      0x11c CMakeFiles/pico_webserver.dir/cgi.cpp.obj
                0x0000000010000f48                cgi_handler_basic
 .text.cgi_handler_extended
                0x0000000010001064      0x11c CMakeFiles/pico_webserver.dir/cgi.cpp.obj
                0x0000000010001064                cgi_handler_extended
 .text.wifi_cred_set
                0x0000000010001180       0xa4 CMakeFiles/pico_webserver.dir/cgi.cpp.obj
                0x0000000010001180                wifi_cred_set
 .text.cgi_toggle_led
                0x0000000010001224       0x20 CMakeFiles/pico_webserver.dir/cgi.cpp.obj
 .text.cgi_reset_usb_boot
                0x0000000010001244       0x14 CMakeFiles/pico_webserver.dir/cgi.cpp.obj
 .text.cgi_init
                0x0000000010001258       0x2c CMakeFiles/pico_webserver.dir/cgi.cpp.obj
                0x0000000010001258                cgi_init
 .text.set_sys_clock_pll
                0x0000000010001284       0x78 CMakeFiles/pico_webserver.dir/pico-sdk/src/rp2_common/pico_stdlib/stdlib.c.obj
                0x0000000010001284                set_sys_clock_pll
 .text.check_sys_clock_khz
                0x00000000100012fc      0x17c CMakeFiles/pico_webserver.dir/pico-sdk/src/rp2_common/pico_stdlib/stdlib.c.obj
                0x00000000100012fc                check_sys_clock_khz
 .text.gpio_set_function
                0x0000000010001478       0x30 CMakeFiles/pico_webserver.dir/pico-sdk/src/rp2_common/hardware_gpio/gpio.c.obj
                0x0000000010001478                gpio_set_function
 .text.gpio_set_pulls
                0x00000000100014a8       0x30 CMakeFiles/pico_webserver.dir/pico-sdk/src/rp2_common/hardware_gpio/gpio.c.obj
                0x00000000100014a8                gpio_set_pulls
 .text.gpio_set_input_hysteresis_enabled
                0x00000000100014d8       0x28 CMakeFiles/pico_webserver.dir/pico-sdk/src/rp2_common/hardware_gpio/gpio.c.obj
                0x00000000100014d8                gpio_set_input_hysteresis_enabled
 .text.gpio_set_irq_enabled
                0x0000000010001500       0x54 CMakeFiles/pico_webserver.dir/pico-sdk/src/rp2_common/hardware_gpio/gpio.c.obj
                0x0000000010001500                gpio_set_irq_enabled
 .text.gpio_add_raw_irq_handler_with_order_priority_masked
                0x0000000010001554       0x44 CMakeFiles/pico_webserver.dir/pico-sdk/src/rp2_common/hardware_gpio/gpio.c.obj
                0x0000000010001554                gpio_add_raw_irq_handler_with_order_priority_masked
 .text.gpio_remove_raw_irq_handler_masked
                0x0000000010001598       0x20 CMakeFiles/pico_webserver.dir/pico-sdk/src/rp2_common/hardware_gpio/gpio.c.obj
                0x0000000010001598                gpio_remove_raw_irq_handler_masked
 .text.gpio_set_input_enabled
                0x00000000100015b8       0x28 CMakeFiles/pico_webserver.dir/pico-sdk/src/rp2_common/hardware_gpio/gpio.c.obj
                0x00000000100015b8                gpio_set_input_enabled
 .text.gpio_init
                0x00000000100015e0       0x3c CMakeFiles/pico_webserver.dir/pico-sdk/src/rp2_common/hardware_gpio/gpio.c.obj
                0x00000000100015e0                gpio_init
 .text.running_on_fpga
                0x000000001000161c       0x10 CMakeFiles/pico_webserver.dir/pico-sdk/src/rp2_common/pico_platform/platform.c.obj
                0x000000001000161c                running_on_fpga
 .text.hw_claim_lock
                0x000000001000162c       0x18 CMakeFiles/pico_webserver.dir/pico-sdk/src/rp2_common/hardware_claim/claim.c.obj
                0x000000001000162c                hw_claim_lock
 .text.hw_claim_unlock
                0x0000000010001644       0x14 CMakeFiles/pico_webserver.dir/pico-sdk/src/rp2_common/hardware_claim/claim.c.obj
                0x0000000010001644                hw_claim_unlock
 .text.hw_claim_or_assert
                0x0000000010001658       0x44 CMakeFiles/pico_webserver.dir/pico-sdk/src/rp2_common/hardware_claim/claim.c.obj
                0x0000000010001658                hw_claim_or_assert
 .text.hw_claim_unused_from_range
                0x000000001000169c       0x9c CMakeFiles/pico_webserver.dir/pico-sdk/src/rp2_common/hardware_claim/claim.c.obj
                0x000000001000169c                hw_claim_unused_from_range
 .text.hw_claim_clear
                0x0000000010001738       0x38 CMakeFiles/pico_webserver.dir/pico-sdk/src/rp2_common/hardware_claim/claim.c.obj
                0x0000000010001738                hw_claim_clear
 .text.spin_locks_reset
                0x0000000010001770       0x1c CMakeFiles/pico_webserver.dir/pico-sdk/src/rp2_common/hardware_sync/sync.c.obj
                0x0000000010001770                spin_locks_reset
 .text.next_striped_spin_lock_num
                0x000000001000178c       0x18 CMakeFiles/pico_webserver.dir/pico-sdk/src/rp2_common/hardware_sync/sync.c.obj
                0x000000001000178c                next_striped_spin_lock_num
 .text.spin_lock_claim_unused
                0x00000000100017a4       0x20 CMakeFiles/pico_webserver.dir/pico-sdk/src/rp2_common/hardware_sync/sync.c.obj
                0x00000000100017a4                spin_lock_claim_unused
 .text.irq_set_enabled
                0x00000000100017c4       0x24 CMakeFiles/pico_webserver.dir/pico-sdk/src/rp2_common/hardware_irq/irq.c.obj
                0x00000000100017c4                irq_set_enabled
 .text.irq_is_enabled
                0x00000000100017e8       0x18 CMakeFiles/pico_webserver.dir/pico-sdk/src/rp2_common/hardware_irq/irq.c.obj
                0x00000000100017e8                irq_is_enabled
 .text.irq_set_pending
                0x0000000010001800       0x10 CMakeFiles/pico_webserver.dir/pico-sdk/src/rp2_common/hardware_irq/irq.c.obj
                0x0000000010001800                irq_set_pending
 .text.irq_get_vtable_handler
                0x0000000010001810       0x10 CMakeFiles/pico_webserver.dir/pico-sdk/src/rp2_common/hardware_irq/irq.c.obj
                0x0000000010001810                irq_get_vtable_handler
 .text.irq_set_exclusive_handler
                0x0000000010001820       0x54 CMakeFiles/pico_webserver.dir/pico-sdk/src/rp2_common/hardware_irq/irq.c.obj
                0x0000000010001820                irq_set_exclusive_handler
 .text.irq_add_shared_handler
                0x0000000010001874      0x1e8 CMakeFiles/pico_webserver.dir/pico-sdk/src/rp2_common/hardware_irq/irq.c.obj
                0x0000000010001874                irq_add_shared_handler
 .text.irq_remove_handler
                0x0000000010001a5c      0x1b0 CMakeFiles/pico_webserver.dir/pico-sdk/src/rp2_common/hardware_irq/irq.c.obj
                0x0000000010001a5c                irq_remove_handler
 .text.irq_set_priority
                0x0000000010001c0c       0x28 CMakeFiles/pico_webserver.dir/pico-sdk/src/rp2_common/hardware_irq/irq.c.obj
                0x0000000010001c0c                irq_set_priority
 .text.irq_add_tail_to_free_list
                0x0000000010001c34       0xb4 CMakeFiles/pico_webserver.dir/pico-sdk/src/rp2_common/hardware_irq/irq.c.obj
                0x0000000010001c34                irq_add_tail_to_free_list
 .text.irq_init_priorities
                0x0000000010001ce8       0x24 CMakeFiles/pico_webserver.dir/pico-sdk/src/rp2_common/hardware_irq/irq.c.obj
                0x0000000010001ce8                irq_init_priorities
 .text.user_irq_unclaim
                0x0000000010001d0c       0x14 CMakeFiles/pico_webserver.dir/pico-sdk/src/rp2_common/hardware_irq/irq.c.obj
                0x0000000010001d0c                user_irq_unclaim
 .text.user_irq_claim_unused
                0x0000000010001d20       0x28 CMakeFiles/pico_webserver.dir/pico-sdk/src/rp2_common/hardware_irq/irq.c.obj
                0x0000000010001d20                user_irq_claim_unused
 .text.sem_init
                0x0000000010001d48       0x20 CMakeFiles/pico_webserver.dir/pico-sdk/src/common/pico_sync/sem.c.obj
                0x0000000010001d48                sem_init
 .text.lock_init
                0x0000000010001d68       0x10 CMakeFiles/pico_webserver.dir/pico-sdk/src/common/pico_sync/lock_core.c.obj
                0x0000000010001d68                lock_init
 .text.mutex_init
                0x0000000010001d78       0x1c CMakeFiles/pico_webserver.dir/pico-sdk/src/common/pico_sync/mutex.c.obj
                0x0000000010001d78                mutex_init
 .text.recursive_mutex_init
                0x0000000010001d94       0x1c CMakeFiles/pico_webserver.dir/pico-sdk/src/common/pico_sync/mutex.c.obj
                0x0000000010001d94                recursive_mutex_init
 .text.critical_section_init
                0x0000000010001db0       0x20 CMakeFiles/pico_webserver.dir/pico-sdk/src/common/pico_sync/critical_section.c.obj
                0x0000000010001db0                critical_section_init
 .text.timer_pool_entry_comparator
                0x0000000010001dd0       0x34 CMakeFiles/pico_webserver.dir/pico-sdk/src/common/pico_time/time.c.obj
                0x0000000010001dd0                timer_pool_entry_comparator
 .text.sleep_until_callback
                0x0000000010001e04       0x30 CMakeFiles/pico_webserver.dir/pico-sdk/src/common/pico_time/time.c.obj
 .text.add_alarm_under_lock.isra.0
                0x0000000010001e34      0x100 CMakeFiles/pico_webserver.dir/pico-sdk/src/common/pico_time/time.c.obj
 .text.alarm_pool_alarm_callback
                0x0000000010001f34      0x1bc CMakeFiles/pico_webserver.dir/pico-sdk/src/common/pico_time/time.c.obj
 .text.alarm_pool_init_default
                0x00000000100020f0       0x6c CMakeFiles/pico_webserver.dir/pico-sdk/src/common/pico_time/time.c.obj
                0x00000000100020f0                alarm_pool_init_default
 .text.alarm_pool_get_default
                0x000000001000215c        0x8 CMakeFiles/pico_webserver.dir/pico-sdk/src/common/pico_time/time.c.obj
                0x000000001000215c                alarm_pool_get_default
 .text.alarm_pool_create_with_unused_hardware_alarm
                0x0000000010002164       0x74 CMakeFiles/pico_webserver.dir/pico-sdk/src/common/pico_time/time.c.obj
                0x0000000010002164                alarm_pool_create_with_unused_hardware_alarm
 .text.alarm_pool_destroy
                0x00000000100021d8       0x44 CMakeFiles/pico_webserver.dir/pico-sdk/src/common/pico_time/time.c.obj
                0x00000000100021d8                alarm_pool_destroy
 .text.alarm_pool_add_alarm_at
                0x000000001000221c      0x178 CMakeFiles/pico_webserver.dir/pico-sdk/src/common/pico_time/time.c.obj
                0x000000001000221c                alarm_pool_add_alarm_at
 .text.alarm_pool_add_alarm_at_force_in_context
                0x0000000010002394      0x124 CMakeFiles/pico_webserver.dir/pico-sdk/src/common/pico_time/time.c.obj
                0x0000000010002394                alarm_pool_add_alarm_at_force_in_context
 .text.alarm_pool_cancel_alarm
                0x00000000100024b8       0x78 CMakeFiles/pico_webserver.dir/pico-sdk/src/common/pico_time/time.c.obj
                0x00000000100024b8                alarm_pool_cancel_alarm
 .text.alarm_pool_core_num
                0x0000000010002530        0x4 CMakeFiles/pico_webserver.dir/pico-sdk/src/common/pico_time/time.c.obj
                0x0000000010002530                alarm_pool_core_num
 .text.sleep_until
                0x0000000010002534       0xc4 CMakeFiles/pico_webserver.dir/pico-sdk/src/common/pico_time/time.c.obj
                0x0000000010002534                sleep_until
 .text.sleep_ms
                0x00000000100025f8       0x34 CMakeFiles/pico_webserver.dir/pico-sdk/src/common/pico_time/time.c.obj
                0x00000000100025f8                sleep_ms
 .text.best_effort_wfe_or_timeout
                0x000000001000262c       0xd4 CMakeFiles/pico_webserver.dir/pico-sdk/src/common/pico_time/time.c.obj
                0x000000001000262c                best_effort_wfe_or_timeout
 .text.hardware_alarm_irq_handler
                0x0000000010002700       0xbc CMakeFiles/pico_webserver.dir/pico-sdk/src/rp2_common/hardware_timer/timer.c.obj
 .text.hardware_alarm_claim
                0x00000000100027bc       0x18 CMakeFiles/pico_webserver.dir/pico-sdk/src/rp2_common/hardware_timer/timer.c.obj
                0x00000000100027bc                hardware_alarm_claim
 .text.hardware_alarm_unclaim
                0x00000000100027d4       0x10 CMakeFiles/pico_webserver.dir/pico-sdk/src/rp2_common/hardware_timer/timer.c.obj
                0x00000000100027d4                hardware_alarm_unclaim
 .text.hardware_alarm_claim_unused
                0x00000000100027e4       0x20 CMakeFiles/pico_webserver.dir/pico-sdk/src/rp2_common/hardware_timer/timer.c.obj
                0x00000000100027e4                hardware_alarm_claim_unused
 .text.time_us_64
                0x0000000010002804       0x14 CMakeFiles/pico_webserver.dir/pico-sdk/src/rp2_common/hardware_timer/timer.c.obj
                0x0000000010002804                time_us_64
 .text.busy_wait_until
                0x0000000010002818       0x20 CMakeFiles/pico_webserver.dir/pico-sdk/src/rp2_common/hardware_timer/timer.c.obj
                0x0000000010002818                busy_wait_until
 .text.hardware_alarm_set_callback
                0x0000000010002838       0x8c CMakeFiles/pico_webserver.dir/pico-sdk/src/rp2_common/hardware_timer/timer.c.obj
                0x0000000010002838                hardware_alarm_set_callback
 .text.hardware_alarm_set_target
                0x00000000100028c4       0xd4 CMakeFiles/pico_webserver.dir/pico-sdk/src/rp2_common/hardware_timer/timer.c.obj
                0x00000000100028c4                hardware_alarm_set_target
 .text.hardware_alarm_cancel
                0x0000000010002998       0x3c CMakeFiles/pico_webserver.dir/pico-sdk/src/rp2_common/hardware_timer/timer.c.obj
                0x0000000010002998                hardware_alarm_cancel
 .text.hardware_alarm_force_irq
                0x00000000100029d4       0x3c CMakeFiles/pico_webserver.dir/pico-sdk/src/rp2_common/hardware_timer/timer.c.obj
                0x00000000100029d4                hardware_alarm_force_irq
 .text.ph_merge_nodes
                0x0000000010002a10       0x68 CMakeFiles/pico_webserver.dir/pico-sdk/src/common/pico_util/pheap.c.obj
 .text.ph_create
                0x0000000010002a78       0x60 CMakeFiles/pico_webserver.dir/pico-sdk/src/common/pico_util/pheap.c.obj
                0x0000000010002a78                ph_create
 .text.ph_post_alloc_init
                0x0000000010002ad8       0x3c CMakeFiles/pico_webserver.dir/pico-sdk/src/common/pico_util/pheap.c.obj
                0x0000000010002ad8                ph_post_alloc_init
 .text.ph_destroy
                0x0000000010002b14       0x14 CMakeFiles/pico_webserver.dir/pico-sdk/src/common/pico_util/pheap.c.obj
                0x0000000010002b14                ph_destroy
 .text.ph_merge_two_pass
                0x0000000010002b28       0x90 CMakeFiles/pico_webserver.dir/pico-sdk/src/common/pico_util/pheap.c.obj
                0x0000000010002b28                ph_merge_two_pass
 .text.ph_remove_any_head
                0x0000000010002bb8      0x100 CMakeFiles/pico_webserver.dir/pico-sdk/src/common/pico_util/pheap.c.obj
 .text.ph_remove_head
                0x0000000010002cb8      0x104 CMakeFiles/pico_webserver.dir/pico-sdk/src/common/pico_util/pheap.c.obj
                0x0000000010002cb8                ph_remove_head
 .text.ph_remove_and_free_node
                0x0000000010002dbc       0x7c CMakeFiles/pico_webserver.dir/pico-sdk/src/common/pico_util/pheap.c.obj
                0x0000000010002dbc                ph_remove_and_free_node
 .text.clock_configure
                0x0000000010002e38      0x118 CMakeFiles/pico_webserver.dir/pico-sdk/src/rp2_common/hardware_clocks/clocks.c.obj
                0x0000000010002e38                clock_configure
 .text.clocks_init
                0x0000000010002f50      0x2d0 CMakeFiles/pico_webserver.dir/pico-sdk/src/rp2_common/hardware_clocks/clocks.c.obj
                0x0000000010002f50                clocks_init
 .text.clock_get_hz
                0x0000000010003220        0xc CMakeFiles/pico_webserver.dir/pico-sdk/src/rp2_common/hardware_clocks/clocks.c.obj
                0x0000000010003220                clock_get_hz
 .text.pll_init
                0x000000001000322c       0xa0 CMakeFiles/pico_webserver.dir/pico-sdk/src/rp2_common/hardware_pll/pll.c.obj
                0x000000001000322c                pll_init
 .text.watchdog_start_tick
                0x00000000100032cc       0x10 CMakeFiles/pico_webserver.dir/pico-sdk/src/rp2_common/hardware_watchdog/watchdog.c.obj
                0x00000000100032cc                watchdog_start_tick
 .text.xosc_init
                0x00000000100032dc       0x28 CMakeFiles/pico_webserver.dir/pico-sdk/src/rp2_common/hardware_xosc/xosc.c.obj
                0x00000000100032dc                xosc_init
 .text.runtime_init
                0x0000000010003304       0xf0 CMakeFiles/pico_webserver.dir/pico-sdk/src/rp2_common/pico_runtime/runtime.c.obj
                0x0000000010003304                runtime_init
 .text._exit    0x00000000100033f4       0x14 CMakeFiles/pico_webserver.dir/pico-sdk/src/rp2_common/pico_runtime/runtime.c.obj
                0x00000000100033f4                _exit
 .text._sbrk    0x0000000010003408       0x34 CMakeFiles/pico_webserver.dir/pico-sdk/src/rp2_common/pico_runtime/runtime.c.obj
                0x0000000010003408                _sbrk
 .text.exit     0x000000001000343c        0x8 CMakeFiles/pico_webserver.dir/pico-sdk/src/rp2_common/pico_runtime/runtime.c.obj
                0x000000001000343c                exit
 .text.panic    0x0000000010003444       0x30 CMakeFiles/pico_webserver.dir/pico-sdk/src/rp2_common/pico_runtime/runtime.c.obj
                0x0000000010003444                panic
 .text.hard_assertion_failure
                0x0000000010003474        0xc CMakeFiles/pico_webserver.dir/pico-sdk/src/rp2_common/pico_runtime/runtime.c.obj
                0x0000000010003474                hard_assertion_failure
 .text._out_buffer
                0x0000000010003480        0x8 CMakeFiles/pico_webserver.dir/pico-sdk/src/rp2_common/pico_printf/printf.c.obj
 .text._out_null
                0x0000000010003488        0x4 CMakeFiles/pico_webserver.dir/pico-sdk/src/rp2_common/pico_printf/printf.c.obj
 .text._out_rev
                0x000000001000348c       0x9c CMakeFiles/pico_webserver.dir/pico-sdk/src/rp2_common/pico_printf/printf.c.obj
 .text._ntoa_format
                0x0000000010003528      0x1cc CMakeFiles/pico_webserver.dir/pico-sdk/src/rp2_common/pico_printf/printf.c.obj
 .text._out_char
                0x00000000100036f4       0x10 CMakeFiles/pico_webserver.dir/pico-sdk/src/rp2_common/pico_printf/printf.c.obj
 .text._out_fct
                0x0000000010003704       0x10 CMakeFiles/pico_webserver.dir/pico-sdk/src/rp2_common/pico_printf/printf.c.obj
 .text._etoa    0x0000000010003714      0x44c CMakeFiles/pico_webserver.dir/pico-sdk/src/rp2_common/pico_printf/printf.c.obj
 .text._ftoa    0x0000000010003b60      0x398 CMakeFiles/pico_webserver.dir/pico-sdk/src/rp2_common/pico_printf/printf.c.obj
 .text._vsnprintf
                0x0000000010003ef8      0xb04 CMakeFiles/pico_webserver.dir/pico-sdk/src/rp2_common/pico_printf/printf.c.obj
 .text.__wrap_sprintf
                0x00000000100049fc       0x28 CMakeFiles/pico_webserver.dir/pico-sdk/src/rp2_common/pico_printf/printf.c.obj
                0x00000000100049fc                __wrap_sprintf
 .text.__wrap_snprintf
                0x0000000010004a24       0x28 CMakeFiles/pico_webserver.dir/pico-sdk/src/rp2_common/pico_printf/printf.c.obj
                0x0000000010004a24                __wrap_snprintf
 .text.vfctprintf
                0x0000000010004a4c       0x20 CMakeFiles/pico_webserver.dir/pico-sdk/src/rp2_common/pico_printf/printf.c.obj
                0x0000000010004a4c                vfctprintf
 .text.weak_raw_vprintf
                0x0000000010004a6c       0x30 CMakeFiles/pico_webserver.dir/pico-sdk/src/rp2_common/pico_printf/printf.c.obj
                0x0000000010004a6c                weak_raw_vprintf
 .text          0x0000000010004a9c       0x10 CMakeFiles/pico_webserver.dir/pico-sdk/src/rp2_common/pico_bit_ops/bit_ops_aeabi.S.obj
 .text.ctzsi    0x0000000010004aac        0xc CMakeFiles/pico_webserver.dir/pico-sdk/src/rp2_common/pico_bit_ops/bit_ops_aeabi.S.obj
                0x0000000010004aac                __wrap___ctzsi2
 .text.rom_func_lookup
                0x0000000010004ab8       0x10 CMakeFiles/pico_webserver.dir/pico-sdk/src/rp2_common/pico_bootrom/bootrom.c.obj
                0x0000000010004ab8                rom_func_lookup
 .text.rom_data_lookup
                0x0000000010004ac8       0x10 CMakeFiles/pico_webserver.dir/pico-sdk/src/rp2_common/pico_bootrom/bootrom.c.obj
                0x0000000010004ac8                rom_data_lookup
 .text.rom_funcs_lookup
                0x0000000010004ad8       0x44 CMakeFiles/pico_webserver.dir/pico-sdk/src/rp2_common/pico_bootrom/bootrom.c.obj
                0x0000000010004ad8                rom_funcs_lookup
 .text.__wrap___aeabi_idiv
                0x0000000010004b1c       0x50 CMakeFiles/pico_webserver.dir/pico-sdk/src/rp2_common/pico_divider/divider.S.obj
                0x0000000010004b1c                __wrap___aeabi_idivmod
                0x0000000010004b1c                divmod_s32s32
                0x0000000010004b1c                div_s32s32
                0x0000000010004b1c                __wrap___aeabi_idiv
                0x0000000010004b24                divmod_s32s32_unsafe
                0x0000000010004b50                divmod_s32s32_savestate
 .text.__wrap___aeabi_uidiv
                0x0000000010004b6c       0x4c CMakeFiles/pico_webserver.dir/pico-sdk/src/rp2_common/pico_divider/divider.S.obj
                0x0000000010004b6c                __wrap___aeabi_uidiv
                0x0000000010004b6c                __wrap___aeabi_uidivmod
                0x0000000010004b6c                div_u32u32
                0x0000000010004b6c                divmod_u32u32
                0x0000000010004b74                divmod_u32u32_unsafe
                0x0000000010004b9c                divmod_u32u32_savestate
 .text.__wrap___aeabi_ldiv
                0x0000000010004bb8      0x424 CMakeFiles/pico_webserver.dir/pico-sdk/src/rp2_common/pico_divider/divider.S.obj
                0x0000000010004bb8                div_s64s64
                0x0000000010004bb8                divmod_s64s64
                0x0000000010004bb8                __wrap___aeabi_ldivmod
                0x0000000010004be8                div_u64u64
                0x0000000010004be8                divmod_u64u64
                0x0000000010004be8                __wrap___aeabi_uldivmod
                0x0000000010004bf8                divmod_u64u64_savestate
                0x0000000010004c18                divmod_s64s64_unsafe
                0x0000000010004ca0                divmod_u64u64_unsafe
 .text.__wrap___aeabi_darithmetic
                0x0000000010004fdc       0x60 CMakeFiles/pico_webserver.dir/pico-sdk/src/rp2_common/pico_double/double_aeabi.S.obj
                0x0000000010004fdc                __wrap___aeabi_drsub
                0x0000000010004fe2                __wrap___aeabi_dsub
                0x0000000010004fec                __wrap___aeabi_dadd
                0x0000000010004ff6                __wrap___aeabi_ddiv
                0x000000001000502a                __wrap___aeabi_dmul
 .text.__wrap___aeabi_cdcmple
                0x000000001000503c       0x6c CMakeFiles/pico_webserver.dir/pico-sdk/src/rp2_common/pico_double/double_aeabi.S.obj
                0x000000001000503c                __wrap___aeabi_cdrcmple
                0x000000001000504c                __wrap___aeabi_cdcmple
                0x000000001000504c                __wrap___aeabi_cdcmpeq
 .text.__wrap___aeabi_dcmplt
                0x00000000100050a8        0xc CMakeFiles/pico_webserver.dir/pico-sdk/src/rp2_common/pico_double/double_aeabi.S.obj
                0x00000000100050a8                __wrap___aeabi_dcmplt
 .text.__wrap___aeabi_dcmple
                0x00000000100050b4       0x10 CMakeFiles/pico_webserver.dir/pico-sdk/src/rp2_common/pico_double/double_aeabi.S.obj
                0x00000000100050b4                __wrap___aeabi_dcmple
 .text.__wrap___aeabi_dcmpge
                0x00000000100050c4       0x10 CMakeFiles/pico_webserver.dir/pico-sdk/src/rp2_common/pico_double/double_aeabi.S.obj
                0x00000000100050c4                __wrap___aeabi_dcmpge
 .text.__wrap___aeabi_dcmpgt
                0x00000000100050d4        0xa CMakeFiles/pico_webserver.dir/pico-sdk/src/rp2_common/pico_double/double_aeabi.S.obj
                0x00000000100050d4                __wrap___aeabi_dcmpgt
 .text.__wrap___aeabi_dcmpun
                0x00000000100050de       0x1c CMakeFiles/pico_webserver.dir/pico-sdk/src/rp2_common/pico_double/double_aeabi.S.obj
                0x00000000100050de                __wrap___aeabi_dcmpun
 *fill*         0x00000000100050fa        0x2 
 .text.__wrap___aeabi_i2d
                0x00000000100050fc       0x38 CMakeFiles/pico_webserver.dir/pico-sdk/src/rp2_common/pico_double/double_aeabi.S.obj
                0x00000000100050fc                __wrap___aeabi_ui2d
                0x0000000010005104                __wrap___aeabi_i2d
 .text.__wrap___aeabi_d2iz
                0x0000000010005134       0x48 CMakeFiles/pico_webserver.dir/pico-sdk/src/rp2_common/pico_double/double_aeabi.S.obj
                0x0000000010005134                __wrap___aeabi_d2iz
                0x0000000010005134                double2int_z
 .text.__wrap___aeabi_d2uiz
                0x000000001000517c       0x10 CMakeFiles/pico_webserver.dir/pico-sdk/src/rp2_common/pico_double/double_aeabi.S.obj
                0x000000001000517c                double2uint
                0x000000001000517c                __wrap___aeabi_d2uiz
 .text.missing_double_func_shim
                0x000000001000518c        0xc CMakeFiles/pico_webserver.dir/pico-sdk/src/rp2_common/pico_double/double_init_rom.c.obj
 .text.__aeabi_double_init
                0x0000000010005198       0x98 CMakeFiles/pico_webserver.dir/pico-sdk/src/rp2_common/pico_double/double_init_rom.c.obj
                0x0000000010005198                __aeabi_double_init
 .text.double_table_shim_on_use_helper
                0x0000000010005230       0x2c CMakeFiles/pico_webserver.dir/pico-sdk/src/rp2_common/pico_double/double_v1_rom_shim.S.obj
                0x0000000010005230                double_table_shim_on_use_helper
 .text.__aeabi_lmul
                0x000000001000525c       0x32 CMakeFiles/pico_webserver.dir/pico-sdk/src/rp2_common/pico_int64_ops/pico_int64_ops_aeabi.S.obj
                0x000000001000525c                __wrap___aeabi_lmul
 *fill*         0x000000001000528e        0x2 
 .text.__wrap___aeabi_farithmetic
                0x0000000010005290       0x48 CMakeFiles/pico_webserver.dir/pico-sdk/src/rp2_common/pico_float/float_aeabi.S.obj
                0x0000000010005290                __wrap___aeabi_frsub
                0x0000000010005296                __wrap___aeabi_fsub
                0x000000001000529c                __wrap___aeabi_fadd
                0x00000000100052a2                __wrap___aeabi_fdiv
                0x00000000100052ca                __wrap___aeabi_fmul
 .text.__wrap___aeabi_i2f
                0x00000000100052d8       0x44 CMakeFiles/pico_webserver.dir/pico-sdk/src/rp2_common/pico_float/float_aeabi.S.obj
                0x00000000100052d8                __wrap___aeabi_i2f
 .text.__wrap___aeabi_f2d
                0x000000001000531c        0xc CMakeFiles/pico_webserver.dir/pico-sdk/src/rp2_common/pico_float/float_aeabi.S.obj
                0x000000001000531c                __wrap___aeabi_f2d
 .text.missing_float_func_shim
                0x0000000010005328        0xc CMakeFiles/pico_webserver.dir/pico-sdk/src/rp2_common/pico_float/float_init_rom.c.obj
 .text.__aeabi_float_init
                0x0000000010005334       0x5c CMakeFiles/pico_webserver.dir/pico-sdk/src/rp2_common/pico_float/float_init_rom.c.obj
                0x0000000010005334                __aeabi_float_init
 .text.__wrap_malloc
                0x0000000010005390       0x3c CMakeFiles/pico_webserver.dir/pico-sdk/src/rp2_common/pico_malloc/pico_malloc.c.obj
                0x0000000010005390                __wrap_malloc
 .text.__wrap_calloc
                0x00000000100053cc       0x40 CMakeFiles/pico_webserver.dir/pico-sdk/src/rp2_common/pico_malloc/pico_malloc.c.obj
                0x00000000100053cc                __wrap_calloc
 .text.__wrap_free
                0x000000001000540c       0x20 CMakeFiles/pico_webserver.dir/pico-sdk/src/rp2_common/pico_malloc/pico_malloc.c.obj
                0x000000001000540c                __wrap_free
 .text          0x000000001000542c       0x10 CMakeFiles/pico_webserver.dir/pico-sdk/src/rp2_common/pico_mem_ops/mem_ops_aeabi.S.obj
                0x000000001000542c                __aeabi_mem_init
 .text.memset   0x000000001000543c        0xc CMakeFiles/pico_webserver.dir/pico-sdk/src/rp2_common/pico_mem_ops/mem_ops_aeabi.S.obj
                0x000000001000543c                __wrap_memset
 .text.memcpy   0x0000000010005448        0xc CMakeFiles/pico_webserver.dir/pico-sdk/src/rp2_common/pico_mem_ops/mem_ops_aeabi.S.obj
                0x0000000010005448                __wrap___aeabi_memcpy
                0x0000000010005448                __wrap_memcpy
 .text.stdio_out_chars_no_crlf
                0x0000000010005454       0x10 CMakeFiles/pico_webserver.dir/pico-sdk/src/rp2_common/pico_stdio/stdio.c.obj
 .text.stdio_out_chars_crlf
                0x0000000010005464       0xb4 CMakeFiles/pico_webserver.dir/pico-sdk/src/rp2_common/pico_stdio/stdio.c.obj
 .text.stdio_buffered_printer
                0x0000000010005518       0x64 CMakeFiles/pico_webserver.dir/pico-sdk/src/rp2_common/pico_stdio/stdio.c.obj
 .text.stdio_put_string.isra.0
                0x000000001000557c       0xfc CMakeFiles/pico_webserver.dir/pico-sdk/src/rp2_common/pico_stdio/stdio.c.obj
 .text.__wrap_putchar
                0x0000000010005678       0x98 CMakeFiles/pico_webserver.dir/pico-sdk/src/rp2_common/pico_stdio/stdio.c.obj
                0x0000000010005678                __wrap_putchar
 .text.__wrap_puts
                0x0000000010005710       0x3c CMakeFiles/pico_webserver.dir/pico-sdk/src/rp2_common/pico_stdio/stdio.c.obj
                0x0000000010005710                __wrap_puts
 .text.__wrap_vprintf
                0x000000001000574c       0xd8 CMakeFiles/pico_webserver.dir/pico-sdk/src/rp2_common/pico_stdio/stdio.c.obj
                0x000000001000574c                __wrap_vprintf
 .text.__wrap_printf
                0x0000000010005824       0x18 CMakeFiles/pico_webserver.dir/pico-sdk/src/rp2_common/pico_stdio/stdio.c.obj
                0x0000000010005824                __wrap_printf
 .text.startup._retrieve_unique_id_on_boot
                0x000000001000583c       0x10 CMakeFiles/pico_webserver.dir/pico-sdk/src/rp2_common/pico_unique_id/unique_id.c.obj
 .text.pico_get_unique_board_id
                0x000000001000584c       0x10 CMakeFiles/pico_webserver.dir/pico-sdk/src/rp2_common/pico_unique_id/unique_id.c.obj
                0x000000001000584c                pico_get_unique_board_id
 .text.flash_get_unique_id
                0x000000001000585c       0x40 CMakeFiles/pico_webserver.dir/pico-sdk/src/rp2_common/hardware_flash/flash.c.obj
                0x000000001000585c                flash_get_unique_id
 .text.dcd_int_enable
                0x000000001000589c        0xc CMakeFiles/pico_webserver.dir/pico-sdk/lib/tinyusb/src/portable/raspberrypi/rp2040/dcd_rp2040.c.obj
                0x000000001000589c                dcd_int_enable
 .text.dcd_set_address
                0x00000000100058a8       0x14 CMakeFiles/pico_webserver.dir/pico-sdk/lib/tinyusb/src/portable/raspberrypi/rp2040/dcd_rp2040.c.obj
                0x00000000100058a8                dcd_set_address
 .text.dcd_connect
                0x00000000100058bc       0x10 CMakeFiles/pico_webserver.dir/pico-sdk/lib/tinyusb/src/portable/raspberrypi/rp2040/dcd_rp2040.c.obj
                0x00000000100058bc                dcd_connect
 .text.dcd_init
                0x00000000100058cc       0x98 CMakeFiles/pico_webserver.dir/pico-sdk/lib/tinyusb/src/portable/raspberrypi/rp2040/dcd_rp2040.c.obj
                0x00000000100058cc                dcd_init
 .text.dcd_edpt0_status_complete
                0x0000000010005964       0x1c CMakeFiles/pico_webserver.dir/pico-sdk/lib/tinyusb/src/portable/raspberrypi/rp2040/dcd_rp2040.c.obj
                0x0000000010005964                dcd_edpt0_status_complete
 .text.dcd_edpt_open
                0x0000000010005980      0x108 CMakeFiles/pico_webserver.dir/pico-sdk/lib/tinyusb/src/portable/raspberrypi/rp2040/dcd_rp2040.c.obj
                0x0000000010005980                dcd_edpt_open
 .text.dcd_edpt_close_all
                0x0000000010005a88        0x8 CMakeFiles/pico_webserver.dir/pico-sdk/lib/tinyusb/src/portable/raspberrypi/rp2040/dcd_rp2040.c.obj
                0x0000000010005a88                dcd_edpt_close_all
 .text.dcd_edpt_xfer
                0x0000000010005a90       0x24 CMakeFiles/pico_webserver.dir/pico-sdk/lib/tinyusb/src/portable/raspberrypi/rp2040/dcd_rp2040.c.obj
                0x0000000010005a90                dcd_edpt_xfer
 .text.dcd_edpt_stall
                0x0000000010005ab4       0x38 CMakeFiles/pico_webserver.dir/pico-sdk/lib/tinyusb/src/portable/raspberrypi/rp2040/dcd_rp2040.c.obj
                0x0000000010005ab4                dcd_edpt_stall
 .text.dcd_edpt_clear_stall
                0x0000000010005aec       0x30 CMakeFiles/pico_webserver.dir/pico-sdk/lib/tinyusb/src/portable/raspberrypi/rp2040/dcd_rp2040.c.obj
                0x0000000010005aec                dcd_edpt_clear_stall
 .text.rp2040_usb_init
                0x0000000010005b1c       0x4c CMakeFiles/pico_webserver.dir/pico-sdk/lib/tinyusb/src/portable/raspberrypi/rp2040/rp2040_usb.c.obj
                0x0000000010005b1c                rp2040_usb_init
 .text.hw_endpoint_xfer_start
                0x0000000010005b68       0x50 CMakeFiles/pico_webserver.dir/pico-sdk/lib/tinyusb/src/portable/raspberrypi/rp2040/rp2040_usb.c.obj
                0x0000000010005b68                hw_endpoint_xfer_start
 .text.tud_mounted
                0x0000000010005bb8       0x10 CMakeFiles/pico_webserver.dir/pico-sdk/lib/tinyusb/src/device/usbd.c.obj
                0x0000000010005bb8                tud_mounted
 .text.tud_suspended
                0x0000000010005bc8       0x10 CMakeFiles/pico_webserver.dir/pico-sdk/lib/tinyusb/src/device/usbd.c.obj
                0x0000000010005bc8                tud_suspended
 .text.tud_inited
                0x0000000010005bd8       0x14 CMakeFiles/pico_webserver.dir/pico-sdk/lib/tinyusb/src/device/usbd.c.obj
                0x0000000010005bd8                tud_inited
 .text.tud_init
                0x0000000010005bec       0xe4 CMakeFiles/pico_webserver.dir/pico-sdk/lib/tinyusb/src/device/usbd.c.obj
                0x0000000010005bec                tud_init
 .text.tud_task_ext
                0x0000000010005cd0      0x870 CMakeFiles/pico_webserver.dir/pico-sdk/lib/tinyusb/src/device/usbd.c.obj
                0x0000000010005cd0                tud_task_ext
 .text.usbd_open_edpt_pair
                0x0000000010006540       0x9c CMakeFiles/pico_webserver.dir/pico-sdk/lib/tinyusb/src/device/usbd.c.obj
                0x0000000010006540                usbd_open_edpt_pair
 .text.usbd_edpt_open
                0x00000000100065dc       0x34 CMakeFiles/pico_webserver.dir/pico-sdk/lib/tinyusb/src/device/usbd.c.obj
                0x00000000100065dc                usbd_edpt_open
 .text.usbd_edpt_xfer
                0x0000000010006610       0x4c CMakeFiles/pico_webserver.dir/pico-sdk/lib/tinyusb/src/device/usbd.c.obj
                0x0000000010006610                usbd_edpt_xfer
 .text.usbd_edpt_busy
                0x000000001000665c       0x1c CMakeFiles/pico_webserver.dir/pico-sdk/lib/tinyusb/src/device/usbd.c.obj
                0x000000001000665c                usbd_edpt_busy
 .text.tud_control_status
                0x0000000010006678       0x30 CMakeFiles/pico_webserver.dir/pico-sdk/lib/tinyusb/src/device/usbd_control.c.obj
                0x0000000010006678                tud_control_status
 .text.tud_control_xfer
                0x00000000100066a8       0xbc CMakeFiles/pico_webserver.dir/pico-sdk/lib/tinyusb/src/device/usbd_control.c.obj
                0x00000000100066a8                tud_control_xfer
 .text.usbd_control_reset
                0x0000000010006764       0x14 CMakeFiles/pico_webserver.dir/pico-sdk/lib/tinyusb/src/device/usbd_control.c.obj
                0x0000000010006764                usbd_control_reset
 .text.usbd_control_set_complete_callback
                0x0000000010006778        0xc CMakeFiles/pico_webserver.dir/pico-sdk/lib/tinyusb/src/device/usbd_control.c.obj
                0x0000000010006778                usbd_control_set_complete_callback
 .text.usbd_control_set_request
                0x0000000010006784       0x1c CMakeFiles/pico_webserver.dir/pico-sdk/lib/tinyusb/src/device/usbd_control.c.obj
                0x0000000010006784                usbd_control_set_request
 .text.usbd_control_xfer_cb
                0x00000000100067a0       0xfc CMakeFiles/pico_webserver.dir/pico-sdk/lib/tinyusb/src/device/usbd_control.c.obj
                0x00000000100067a0                usbd_control_xfer_cb
 .text.tud_network_recv_renew
                0x000000001000689c       0x20 CMakeFiles/pico_webserver.dir/pico-sdk/lib/tinyusb/src/class/net/ecm_rndis_device.c.obj
                0x000000001000689c                tud_network_recv_renew
 .text.netd_report
                0x00000000100068bc       0x24 CMakeFiles/pico_webserver.dir/pico-sdk/lib/tinyusb/src/class/net/ecm_rndis_device.c.obj
                0x00000000100068bc                netd_report
 .text.netd_init
                0x00000000100068e0       0x14 CMakeFiles/pico_webserver.dir/pico-sdk/lib/tinyusb/src/class/net/ecm_rndis_device.c.obj
                0x00000000100068e0                netd_init
 .text.netd_reset
                0x00000000100068f4       0x14 CMakeFiles/pico_webserver.dir/pico-sdk/lib/tinyusb/src/class/net/ecm_rndis_device.c.obj
                0x00000000100068f4                netd_reset
 .text.netd_open
                0x0000000010006908      0x11c CMakeFiles/pico_webserver.dir/pico-sdk/lib/tinyusb/src/class/net/ecm_rndis_device.c.obj
                0x0000000010006908                netd_open
 .text.netd_control_xfer_cb
                0x0000000010006a24      0x174 CMakeFiles/pico_webserver.dir/pico-sdk/lib/tinyusb/src/class/net/ecm_rndis_device.c.obj
                0x0000000010006a24                netd_control_xfer_cb
 .text.netd_xfer_cb
                0x0000000010006b98       0xec CMakeFiles/pico_webserver.dir/pico-sdk/lib/tinyusb/src/class/net/ecm_rndis_device.c.obj
                0x0000000010006b98                netd_xfer_cb
 .text.tud_network_can_xmit
                0x0000000010006c84        0xc CMakeFiles/pico_webserver.dir/pico-sdk/lib/tinyusb/src/class/net/ecm_rndis_device.c.obj
                0x0000000010006c84                tud_network_can_xmit
 .text.tud_network_xmit
                0x0000000010006c90       0x98 CMakeFiles/pico_webserver.dir/pico-sdk/lib/tinyusb/src/class/net/ecm_rndis_device.c.obj
                0x0000000010006c90                tud_network_xmit
 .text.tusb_init
                0x0000000010006d28        0xc CMakeFiles/pico_webserver.dir/pico-sdk/lib/tinyusb/src/tusb.c.obj
                0x0000000010006d28                tusb_init
 .text.tusb_inited
                0x0000000010006d34        0x8 CMakeFiles/pico_webserver.dir/pico-sdk/lib/tinyusb/src/tusb.c.obj
                0x0000000010006d34                tusb_inited
 .text.tu_edpt_validate
                0x0000000010006d3c       0x78 CMakeFiles/pico_webserver.dir/pico-sdk/lib/tinyusb/src/tusb.c.obj
                0x0000000010006d3c                tu_edpt_validate
 .text.tu_edpt_bind_driver
                0x0000000010006db4       0x34 CMakeFiles/pico_webserver.dir/pico-sdk/lib/tinyusb/src/tusb.c.obj
                0x0000000010006db4                tu_edpt_bind_driver
 .text.tu_fifo_read
                0x0000000010006de8       0xa0 CMakeFiles/pico_webserver.dir/pico-sdk/lib/tinyusb/src/common/tusb_fifo.c.obj
                0x0000000010006de8                tu_fifo_read
 .text.tu_fifo_write
                0x0000000010006e88       0x88 CMakeFiles/pico_webserver.dir/pico-sdk/lib/tinyusb/src/common/tusb_fifo.c.obj
                0x0000000010006e88                tu_fifo_write
 .text.tu_fifo_clear
                0x0000000010006f10       0x40 CMakeFiles/pico_webserver.dir/pico-sdk/lib/tinyusb/src/common/tusb_fifo.c.obj
                0x0000000010006f10                tu_fifo_clear
 .text.lwip_timeout_reached
                0x0000000010006f50        0x8 CMakeFiles/pico_webserver.dir/pico-sdk/src/rp2_common/pico_lwip/lwip_nosys.c.obj
 .text.update_next_timeout
                0x0000000010006f58       0x6c CMakeFiles/pico_webserver.dir/pico-sdk/src/rp2_common/pico_lwip/lwip_nosys.c.obj
 .text.lwip_nosys_init
                0x0000000010006fc4       0x30 CMakeFiles/pico_webserver.dir/pico-sdk/src/rp2_common/pico_lwip/lwip_nosys.c.obj
                0x0000000010006fc4                lwip_nosys_init
 .text.lwip_nosys_deinit
                0x0000000010006ff4       0x20 CMakeFiles/pico_webserver.dir/pico-sdk/src/rp2_common/pico_lwip/lwip_nosys.c.obj
                0x0000000010006ff4                lwip_nosys_deinit
 .text.sys_arch_protect
                0x0000000010007014        0x4 CMakeFiles/pico_webserver.dir/pico-sdk/src/rp2_common/pico_lwip/lwip_nosys.c.obj
                0x0000000010007014                sys_arch_protect
 .text.sys_arch_unprotect
                0x0000000010007018        0x4 CMakeFiles/pico_webserver.dir/pico-sdk/src/rp2_common/pico_lwip/lwip_nosys.c.obj
                0x0000000010007018                sys_arch_unprotect
 .text.sys_now  0x000000001000701c       0x20 CMakeFiles/pico_webserver.dir/pico-sdk/src/rp2_common/pico_lwip/lwip_nosys.c.obj
                0x000000001000701c                sys_now
 .text.async_context_base_add_at_time_worker
                0x000000001000703c       0x28 CMakeFiles/pico_webserver.dir/pico-sdk/src/rp2_common/pico_async_context/async_context_base.c.obj
                0x000000001000703c                async_context_base_add_at_time_worker
 .text.async_context_base_remove_at_time_worker
                0x0000000010007064       0x28 CMakeFiles/pico_webserver.dir/pico-sdk/src/rp2_common/pico_async_context/async_context_base.c.obj
                0x0000000010007064                async_context_base_remove_at_time_worker
 .text.async_context_base_add_when_pending_worker
                0x000000001000708c       0x24 CMakeFiles/pico_webserver.dir/pico-sdk/src/rp2_common/pico_async_context/async_context_base.c.obj
                0x000000001000708c                async_context_base_add_when_pending_worker
 .text.async_context_base_remove_when_pending_worker
                0x00000000100070b0       0x28 CMakeFiles/pico_webserver.dir/pico-sdk/src/rp2_common/pico_async_context/async_context_base.c.obj
                0x00000000100070b0                async_context_base_remove_when_pending_worker
 .text.async_context_base_execute_once
                0x00000000100070d8       0xe8 CMakeFiles/pico_webserver.dir/pico-sdk/src/rp2_common/pico_async_context/async_context_base.c.obj
                0x00000000100070d8                async_context_base_execute_once
 .text.async_context_base_needs_servicing
                0x00000000100071c0       0x54 CMakeFiles/pico_webserver.dir/pico-sdk/src/rp2_common/pico_async_context/async_context_base.c.obj
                0x00000000100071c0                async_context_base_needs_servicing
 .text.lwip_init
                0x0000000010007214       0x20 CMakeFiles/pico_webserver.dir/pico-sdk/lib/lwip/src/core/init.c.obj
                0x0000000010007214                lwip_init
 .text.lwip_htons
                0x0000000010007234        0x8 CMakeFiles/pico_webserver.dir/pico-sdk/lib/lwip/src/core/def.c.obj
                0x0000000010007234                lwip_htons
 .text.lwip_htonl
                0x000000001000723c        0x4 CMakeFiles/pico_webserver.dir/pico-sdk/lib/lwip/src/core/def.c.obj
                0x000000001000723c                lwip_htonl
 .text.lwip_strnstr
                0x0000000010007240       0x5c CMakeFiles/pico_webserver.dir/pico-sdk/lib/lwip/src/core/def.c.obj
                0x0000000010007240                lwip_strnstr
 .text.lwip_stricmp
                0x000000001000729c       0x34 CMakeFiles/pico_webserver.dir/pico-sdk/lib/lwip/src/core/def.c.obj
                0x000000001000729c                lwip_stricmp
 .text.lwip_standard_chksum
                0x00000000100072d0       0x80 CMakeFiles/pico_webserver.dir/pico-sdk/lib/lwip/src/core/inet_chksum.c.obj
                0x00000000100072d0                lwip_standard_chksum
 .text.inet_chksum_pseudo
                0x0000000010007350       0xb4 CMakeFiles/pico_webserver.dir/pico-sdk/lib/lwip/src/core/inet_chksum.c.obj
                0x0000000010007350                inet_chksum_pseudo
 .text.ip_chksum_pseudo
                0x0000000010007404       0x10 CMakeFiles/pico_webserver.dir/pico-sdk/lib/lwip/src/core/inet_chksum.c.obj
                0x0000000010007404                ip_chksum_pseudo
 .text.inet_chksum
                0x0000000010007414       0x8c CMakeFiles/pico_webserver.dir/pico-sdk/lib/lwip/src/core/inet_chksum.c.obj
                0x0000000010007414                inet_chksum
 .text.inet_chksum_pbuf
                0x00000000100074a0       0x6c CMakeFiles/pico_webserver.dir/pico-sdk/lib/lwip/src/core/inet_chksum.c.obj
                0x00000000100074a0                inet_chksum_pbuf
 .text.mem_init
                0x000000001000750c       0x48 CMakeFiles/pico_webserver.dir/pico-sdk/lib/lwip/src/core/mem.c.obj
                0x000000001000750c                mem_init
 .text.mem_free
                0x0000000010007554      0x128 CMakeFiles/pico_webserver.dir/pico-sdk/lib/lwip/src/core/mem.c.obj
                0x0000000010007554                mem_free
 .text.mem_trim
                0x000000001000767c      0x144 CMakeFiles/pico_webserver.dir/pico-sdk/lib/lwip/src/core/mem.c.obj
                0x000000001000767c                mem_trim
 .text.mem_malloc
                0x00000000100077c0      0x130 CMakeFiles/pico_webserver.dir/pico-sdk/lib/lwip/src/core/mem.c.obj
                0x00000000100077c0                mem_malloc
 .text.memp_init
                0x00000000100078f0       0x94 CMakeFiles/pico_webserver.dir/pico-sdk/lib/lwip/src/core/memp.c.obj
                0x00000000100078f0                memp_init
 .text.memp_malloc
                0x0000000010007984       0x4c CMakeFiles/pico_webserver.dir/pico-sdk/lib/lwip/src/core/memp.c.obj
                0x0000000010007984                memp_malloc
 .text.memp_free
                0x00000000100079d0       0x30 CMakeFiles/pico_webserver.dir/pico-sdk/lib/lwip/src/core/memp.c.obj
                0x00000000100079d0                memp_free
 .text.netif_null_output_ip4
                0x0000000010007a00        0x8 CMakeFiles/pico_webserver.dir/pico-sdk/lib/lwip/src/core/netif.c.obj
 .text.netif_init
                0x0000000010007a08        0x4 CMakeFiles/pico_webserver.dir/pico-sdk/lib/lwip/src/core/netif.c.obj
                0x0000000010007a08                netif_init
 .text.netif_set_addr
                0x0000000010007a0c       0xc4 CMakeFiles/pico_webserver.dir/pico-sdk/lib/lwip/src/core/netif.c.obj
                0x0000000010007a0c                netif_set_addr
 .text.netif_add
                0x0000000010007ad0       0xf8 CMakeFiles/pico_webserver.dir/pico-sdk/lib/lwip/src/core/netif.c.obj
                0x0000000010007ad0                netif_add
 .text.netif_remove
                0x0000000010007bc8       0x88 CMakeFiles/pico_webserver.dir/pico-sdk/lib/lwip/src/core/netif.c.obj
                0x0000000010007bc8                netif_remove
 .text.netif_set_default
                0x0000000010007c50        0xc CMakeFiles/pico_webserver.dir/pico-sdk/lib/lwip/src/core/netif.c.obj
                0x0000000010007c50                netif_set_default
 .text.netif_set_up
                0x0000000010007c5c       0x14 CMakeFiles/pico_webserver.dir/pico-sdk/lib/lwip/src/core/netif.c.obj
                0x0000000010007c5c                netif_set_up
 .text.netif_set_link_up
                0x0000000010007c70       0x1c CMakeFiles/pico_webserver.dir/pico-sdk/lib/lwip/src/core/netif.c.obj
                0x0000000010007c70                netif_set_link_up
 .text.netif_set_link_down
                0x0000000010007c8c       0x1c CMakeFiles/pico_webserver.dir/pico-sdk/lib/lwip/src/core/netif.c.obj
                0x0000000010007c8c                netif_set_link_down
 .text.netif_get_by_index
                0x0000000010007ca8       0x2c CMakeFiles/pico_webserver.dir/pico-sdk/lib/lwip/src/core/netif.c.obj
                0x0000000010007ca8                netif_get_by_index
 .text.pbuf_free.part.0
                0x0000000010007cd4       0x80 CMakeFiles/pico_webserver.dir/pico-sdk/lib/lwip/src/core/pbuf.c.obj
 .text.pbuf_free_ooseq
                0x0000000010007d54       0x34 CMakeFiles/pico_webserver.dir/pico-sdk/lib/lwip/src/core/pbuf.c.obj
                0x0000000010007d54                pbuf_free_ooseq
 .text.pbuf_alloc
                0x0000000010007d88      0x12c CMakeFiles/pico_webserver.dir/pico-sdk/lib/lwip/src/core/pbuf.c.obj
                0x0000000010007d88                pbuf_alloc
 .text.pbuf_alloced_custom
                0x0000000010007eb4       0x38 CMakeFiles/pico_webserver.dir/pico-sdk/lib/lwip/src/core/pbuf.c.obj
                0x0000000010007eb4                pbuf_alloced_custom
 .text.pbuf_realloc
                0x0000000010007eec       0x70 CMakeFiles/pico_webserver.dir/pico-sdk/lib/lwip/src/core/pbuf.c.obj
                0x0000000010007eec                pbuf_realloc
 .text.pbuf_add_header
                0x0000000010007f5c       0x4c CMakeFiles/pico_webserver.dir/pico-sdk/lib/lwip/src/core/pbuf.c.obj
                0x0000000010007f5c                pbuf_add_header
 .text.pbuf_remove_header
                0x0000000010007fa8       0x38 CMakeFiles/pico_webserver.dir/pico-sdk/lib/lwip/src/core/pbuf.c.obj
                0x0000000010007fa8                pbuf_remove_header
 .text.pbuf_header_force
                0x0000000010007fe0       0x6c CMakeFiles/pico_webserver.dir/pico-sdk/lib/lwip/src/core/pbuf.c.obj
                0x0000000010007fe0                pbuf_header_force
 .text.pbuf_free
                0x000000001000804c       0x10 CMakeFiles/pico_webserver.dir/pico-sdk/lib/lwip/src/core/pbuf.c.obj
                0x000000001000804c                pbuf_free
 .text.pbuf_clen
                0x000000001000805c       0x14 CMakeFiles/pico_webserver.dir/pico-sdk/lib/lwip/src/core/pbuf.c.obj
                0x000000001000805c                pbuf_clen
 .text.pbuf_ref
                0x0000000010008070       0x18 CMakeFiles/pico_webserver.dir/pico-sdk/lib/lwip/src/core/pbuf.c.obj
                0x0000000010008070                pbuf_ref
 .text.pbuf_cat
                0x0000000010008088       0x2c CMakeFiles/pico_webserver.dir/pico-sdk/lib/lwip/src/core/pbuf.c.obj
                0x0000000010008088                pbuf_cat
 .text.pbuf_chain
                0x00000000100080b4       0x44 CMakeFiles/pico_webserver.dir/pico-sdk/lib/lwip/src/core/pbuf.c.obj
                0x00000000100080b4                pbuf_chain
 .text.pbuf_copy_partial_pbuf
                0x00000000100080f8      0x11c CMakeFiles/pico_webserver.dir/pico-sdk/lib/lwip/src/core/pbuf.c.obj
                0x00000000100080f8                pbuf_copy_partial_pbuf
 .text.pbuf_copy
                0x0000000010008214       0x18 CMakeFiles/pico_webserver.dir/pico-sdk/lib/lwip/src/core/pbuf.c.obj
                0x0000000010008214                pbuf_copy
 .text.pbuf_copy_partial
                0x000000001000822c       0x70 CMakeFiles/pico_webserver.dir/pico-sdk/lib/lwip/src/core/pbuf.c.obj
                0x000000001000822c                pbuf_copy_partial
 .text.pbuf_take
                0x000000001000829c       0x54 CMakeFiles/pico_webserver.dir/pico-sdk/lib/lwip/src/core/pbuf.c.obj
                0x000000001000829c                pbuf_take
 .text.pbuf_clone
                0x00000000100082f0       0x20 CMakeFiles/pico_webserver.dir/pico-sdk/lib/lwip/src/core/pbuf.c.obj
                0x00000000100082f0                pbuf_clone
 .text.raw_input
                0x0000000010008310      0x12c CMakeFiles/pico_webserver.dir/pico-sdk/lib/lwip/src/core/raw.c.obj
                0x0000000010008310                raw_input
 .text.raw_netif_ip_addr_changed
                0x000000001000843c       0x40 CMakeFiles/pico_webserver.dir/pico-sdk/lib/lwip/src/core/raw.c.obj
                0x000000001000843c                raw_netif_ip_addr_changed
 .text.stats_init
                0x000000001000847c        0x4 CMakeFiles/pico_webserver.dir/pico-sdk/lib/lwip/src/core/stats.c.obj
                0x000000001000847c                stats_init
 .text.tcp_close_shutdown_fin
                0x0000000010008480       0x4c CMakeFiles/pico_webserver.dir/pico-sdk/lib/lwip/src/core/tcp.c.obj
 .text.tcp_pcb_purge.part.0
                0x00000000100084cc       0xc4 CMakeFiles/pico_webserver.dir/pico-sdk/lib/lwip/src/core/tcp.c.obj
 .text.tcp_init
                0x0000000010008590        0x4 CMakeFiles/pico_webserver.dir/pico-sdk/lib/lwip/src/core/tcp.c.obj
                0x0000000010008590                tcp_init
 .text.tcp_free
                0x0000000010008594        0xc CMakeFiles/pico_webserver.dir/pico-sdk/lib/lwip/src/core/tcp.c.obj
                0x0000000010008594                tcp_free
 .text.tcp_bind
                0x00000000100085a0       0xf8 CMakeFiles/pico_webserver.dir/pico-sdk/lib/lwip/src/core/tcp.c.obj
                0x00000000100085a0                tcp_bind
 .text.tcp_listen_with_backlog
                0x0000000010008698       0x88 CMakeFiles/pico_webserver.dir/pico-sdk/lib/lwip/src/core/tcp.c.obj
                0x0000000010008698                tcp_listen_with_backlog
 .text.tcp_update_rcv_ann_wnd
                0x0000000010008720       0x3c CMakeFiles/pico_webserver.dir/pico-sdk/lib/lwip/src/core/tcp.c.obj
                0x0000000010008720                tcp_update_rcv_ann_wnd
 .text.tcp_recved
                0x000000001000875c       0x78 CMakeFiles/pico_webserver.dir/pico-sdk/lib/lwip/src/core/tcp.c.obj
                0x000000001000875c                tcp_recved
 .text.tcp_slowtmr
                0x00000000100087d4      0x42c CMakeFiles/pico_webserver.dir/pico-sdk/lib/lwip/src/core/tcp.c.obj
                0x00000000100087d4                tcp_slowtmr
 .text.tcp_segs_free
                0x0000000010008c00       0x38 CMakeFiles/pico_webserver.dir/pico-sdk/lib/lwip/src/core/tcp.c.obj
                0x0000000010008c00                tcp_segs_free
 .text.tcp_seg_free
                0x0000000010008c38       0x1c CMakeFiles/pico_webserver.dir/pico-sdk/lib/lwip/src/core/tcp.c.obj
                0x0000000010008c38                tcp_seg_free
 .text.tcp_setprio
                0x0000000010008c54        0x8 CMakeFiles/pico_webserver.dir/pico-sdk/lib/lwip/src/core/tcp.c.obj
                0x0000000010008c54                tcp_setprio
 .text.tcp_seg_copy
                0x0000000010008c5c       0x20 CMakeFiles/pico_webserver.dir/pico-sdk/lib/lwip/src/core/tcp.c.obj
                0x0000000010008c5c                tcp_seg_copy
 .text.tcp_arg  0x0000000010008c7c        0x8 CMakeFiles/pico_webserver.dir/pico-sdk/lib/lwip/src/core/tcp.c.obj
                0x0000000010008c7c                tcp_arg
 .text.tcp_recv
                0x0000000010008c84        0xc CMakeFiles/pico_webserver.dir/pico-sdk/lib/lwip/src/core/tcp.c.obj
                0x0000000010008c84                tcp_recv
 .text.tcp_sent
                0x0000000010008c90        0xc CMakeFiles/pico_webserver.dir/pico-sdk/lib/lwip/src/core/tcp.c.obj
                0x0000000010008c90                tcp_sent
 .text.tcp_err  0x0000000010008c9c        0xc CMakeFiles/pico_webserver.dir/pico-sdk/lib/lwip/src/core/tcp.c.obj
                0x0000000010008c9c                tcp_err
 .text.tcp_accept
                0x0000000010008ca8       0x10 CMakeFiles/pico_webserver.dir/pico-sdk/lib/lwip/src/core/tcp.c.obj
                0x0000000010008ca8                tcp_accept
 .text.tcp_poll
                0x0000000010008cb8        0xc CMakeFiles/pico_webserver.dir/pico-sdk/lib/lwip/src/core/tcp.c.obj
                0x0000000010008cb8                tcp_poll
 .text.tcp_pcb_purge
                0x0000000010008cc4       0x18 CMakeFiles/pico_webserver.dir/pico-sdk/lib/lwip/src/core/tcp.c.obj
                0x0000000010008cc4                tcp_pcb_purge
 .text.tcp_pcb_remove
                0x0000000010008cdc       0x78 CMakeFiles/pico_webserver.dir/pico-sdk/lib/lwip/src/core/tcp.c.obj
                0x0000000010008cdc                tcp_pcb_remove
 .text.tcp_abandon
                0x0000000010008d54      0x184 CMakeFiles/pico_webserver.dir/pico-sdk/lib/lwip/src/core/tcp.c.obj
                0x0000000010008d54                tcp_abandon
 .text.tcp_abort
                0x0000000010008ed8        0xc CMakeFiles/pico_webserver.dir/pico-sdk/lib/lwip/src/core/tcp.c.obj
                0x0000000010008ed8                tcp_abort
 .text.tcp_accept_null
                0x0000000010008ee4       0x10 CMakeFiles/pico_webserver.dir/pico-sdk/lib/lwip/src/core/tcp.c.obj
 .text.tcp_alloc
                0x0000000010008ef4      0x1f8 CMakeFiles/pico_webserver.dir/pico-sdk/lib/lwip/src/core/tcp.c.obj
                0x0000000010008ef4                tcp_alloc
 .text.tcp_new_ip_type
                0x00000000100090ec      0x1d8 CMakeFiles/pico_webserver.dir/pico-sdk/lib/lwip/src/core/tcp.c.obj
                0x00000000100090ec                tcp_new_ip_type
 .text.tcp_close_shutdown
                0x00000000100092c4      0x14c CMakeFiles/pico_webserver.dir/pico-sdk/lib/lwip/src/core/tcp.c.obj
 .text.tcp_recv_null
                0x0000000010009410       0xa8 CMakeFiles/pico_webserver.dir/pico-sdk/lib/lwip/src/core/tcp.c.obj
                0x0000000010009410                tcp_recv_null
 .text.tcp_process_refused_data
                0x00000000100094b8       0xe8 CMakeFiles/pico_webserver.dir/pico-sdk/lib/lwip/src/core/tcp.c.obj
                0x00000000100094b8                tcp_process_refused_data
 .text.tcp_fasttmr
                0x00000000100095a0       0x98 CMakeFiles/pico_webserver.dir/pico-sdk/lib/lwip/src/core/tcp.c.obj
                0x00000000100095a0                tcp_fasttmr
 .text.tcp_tmr  0x0000000010009638       0x20 CMakeFiles/pico_webserver.dir/pico-sdk/lib/lwip/src/core/tcp.c.obj
                0x0000000010009638                tcp_tmr
 .text.tcp_close
                0x0000000010009658      0x15c CMakeFiles/pico_webserver.dir/pico-sdk/lib/lwip/src/core/tcp.c.obj
                0x0000000010009658                tcp_close
 .text.tcp_next_iss
                0x00000000100097b4       0x18 CMakeFiles/pico_webserver.dir/pico-sdk/lib/lwip/src/core/tcp.c.obj
                0x00000000100097b4                tcp_next_iss
 .text.tcp_eff_send_mss_netif
                0x00000000100097cc       0x28 CMakeFiles/pico_webserver.dir/pico-sdk/lib/lwip/src/core/tcp.c.obj
                0x00000000100097cc                tcp_eff_send_mss_netif
 .text.tcp_netif_ip_addr_changed
                0x00000000100097f4       0x9c CMakeFiles/pico_webserver.dir/pico-sdk/lib/lwip/src/core/tcp.c.obj
                0x00000000100097f4                tcp_netif_ip_addr_changed
 .text.tcp_free_ooseq
                0x0000000010009890       0x40 CMakeFiles/pico_webserver.dir/pico-sdk/lib/lwip/src/core/tcp.c.obj
                0x0000000010009890                tcp_free_ooseq
 .text.tcp_parseopt
                0x00000000100098d0      0x180 CMakeFiles/pico_webserver.dir/pico-sdk/lib/lwip/src/core/tcp_in.c.obj
 .text.tcp_oos_insert_segment
                0x0000000010009a50       0xd4 CMakeFiles/pico_webserver.dir/pico-sdk/lib/lwip/src/core/tcp_in.c.obj
 .text.tcp_receive
                0x0000000010009b24      0xa3c CMakeFiles/pico_webserver.dir/pico-sdk/lib/lwip/src/core/tcp_in.c.obj
 .text.tcp_input
                0x000000001000a560      0xc64 CMakeFiles/pico_webserver.dir/pico-sdk/lib/lwip/src/core/tcp_in.c.obj
                0x000000001000a560                tcp_input
 .text.tcp_trigger_input_pcb_close
                0x000000001000b1c4       0x10 CMakeFiles/pico_webserver.dir/pico-sdk/lib/lwip/src/core/tcp_in.c.obj
                0x000000001000b1c4                tcp_trigger_input_pcb_close
 .text.tcp_create_segment
                0x000000001000b1d4       0xd0 CMakeFiles/pico_webserver.dir/pico-sdk/lib/lwip/src/core/tcp_out.c.obj
 .text.tcp_output_control_segment
                0x000000001000b2a4       0xb4 CMakeFiles/pico_webserver.dir/pico-sdk/lib/lwip/src/core/tcp_out.c.obj
 .text.tcp_write
                0x000000001000b358      0x600 CMakeFiles/pico_webserver.dir/pico-sdk/lib/lwip/src/core/tcp_out.c.obj
                0x000000001000b358                tcp_write
 .text.tcp_split_unsent_seg
                0x000000001000b958      0x19c CMakeFiles/pico_webserver.dir/pico-sdk/lib/lwip/src/core/tcp_out.c.obj
                0x000000001000b958                tcp_split_unsent_seg
 .text.tcp_send_fin
                0x000000001000baf4       0xe0 CMakeFiles/pico_webserver.dir/pico-sdk/lib/lwip/src/core/tcp_out.c.obj
                0x000000001000baf4                tcp_send_fin
 .text.tcp_enqueue_flags
                0x000000001000bbd4       0xa8 CMakeFiles/pico_webserver.dir/pico-sdk/lib/lwip/src/core/tcp_out.c.obj
                0x000000001000bbd4                tcp_enqueue_flags
 .text.tcp_rexmit_rto_prepare
                0x000000001000bc7c       0x8c CMakeFiles/pico_webserver.dir/pico-sdk/lib/lwip/src/core/tcp_out.c.obj
                0x000000001000bc7c                tcp_rexmit_rto_prepare
 .text.tcp_rexmit
                0x000000001000bd08       0x90 CMakeFiles/pico_webserver.dir/pico-sdk/lib/lwip/src/core/tcp_out.c.obj
                0x000000001000bd08                tcp_rexmit
 .text.tcp_rexmit_fast
                0x000000001000bd98       0x58 CMakeFiles/pico_webserver.dir/pico-sdk/lib/lwip/src/core/tcp_out.c.obj
                0x000000001000bd98                tcp_rexmit_fast
 .text.tcp_rst  0x000000001000bdf0       0xbc CMakeFiles/pico_webserver.dir/pico-sdk/lib/lwip/src/core/tcp_out.c.obj
                0x000000001000bdf0                tcp_rst
 .text.tcp_rst_netif
                0x000000001000beac       0xfc CMakeFiles/pico_webserver.dir/pico-sdk/lib/lwip/src/core/tcp_out.c.obj
                0x000000001000beac                tcp_rst_netif
 .text.tcp_send_empty_ack
                0x000000001000bfa8       0xdc CMakeFiles/pico_webserver.dir/pico-sdk/lib/lwip/src/core/tcp_out.c.obj
                0x000000001000bfa8                tcp_send_empty_ack
 .text.tcp_output
                0x000000001000c084      0x410 CMakeFiles/pico_webserver.dir/pico-sdk/lib/lwip/src/core/tcp_out.c.obj
                0x000000001000c084                tcp_output
 .text.tcp_rexmit_rto_commit
                0x000000001000c494       0x14 CMakeFiles/pico_webserver.dir/pico-sdk/lib/lwip/src/core/tcp_out.c.obj
                0x000000001000c494                tcp_rexmit_rto_commit
 .text.tcp_rexmit_rto
                0x000000001000c4a8       0x98 CMakeFiles/pico_webserver.dir/pico-sdk/lib/lwip/src/core/tcp_out.c.obj
                0x000000001000c4a8                tcp_rexmit_rto
 .text.tcp_keepalive
                0x000000001000c540       0xc4 CMakeFiles/pico_webserver.dir/pico-sdk/lib/lwip/src/core/tcp_out.c.obj
                0x000000001000c540                tcp_keepalive
 .text.tcp_zero_window_probe
                0x000000001000c604      0x18c CMakeFiles/pico_webserver.dir/pico-sdk/lib/lwip/src/core/tcp_out.c.obj
                0x000000001000c604                tcp_zero_window_probe
 .text.tcpip_tcp_timer
                0x000000001000c790       0x6c CMakeFiles/pico_webserver.dir/pico-sdk/lib/lwip/src/core/timeouts.c.obj
 .text.lwip_cyclic_timer
                0x000000001000c7fc       0x90 CMakeFiles/pico_webserver.dir/pico-sdk/lib/lwip/src/core/timeouts.c.obj
 .text.tcp_timer_needed
                0x000000001000c88c       0x70 CMakeFiles/pico_webserver.dir/pico-sdk/lib/lwip/src/core/timeouts.c.obj
                0x000000001000c88c                tcp_timer_needed
 .text.sys_timeouts_init
                0x000000001000c8fc       0x78 CMakeFiles/pico_webserver.dir/pico-sdk/lib/lwip/src/core/timeouts.c.obj
                0x000000001000c8fc                sys_timeouts_init
 .text.sys_check_timeouts
                0x000000001000c974       0x68 CMakeFiles/pico_webserver.dir/pico-sdk/lib/lwip/src/core/timeouts.c.obj
                0x000000001000c974                sys_check_timeouts
 .text.sys_timeouts_sleeptime
                0x000000001000c9dc       0x28 CMakeFiles/pico_webserver.dir/pico-sdk/lib/lwip/src/core/timeouts.c.obj
                0x000000001000c9dc                sys_timeouts_sleeptime
 .text.udp_init
                0x000000001000ca04        0x4 CMakeFiles/pico_webserver.dir/pico-sdk/lib/lwip/src/core/udp.c.obj
                0x000000001000ca04                udp_init
 .text.udp_input
                0x000000001000ca08      0x234 CMakeFiles/pico_webserver.dir/pico-sdk/lib/lwip/src/core/udp.c.obj
                0x000000001000ca08                udp_input
 .text.udp_bind
                0x000000001000cc3c      0x10c CMakeFiles/pico_webserver.dir/pico-sdk/lib/lwip/src/core/udp.c.obj
                0x000000001000cc3c                udp_bind
 .text.udp_sendto_if_src
                0x000000001000cd48      0x120 CMakeFiles/pico_webserver.dir/pico-sdk/lib/lwip/src/core/udp.c.obj
                0x000000001000cd48                udp_sendto_if_src
 .text.udp_sendto_if
                0x000000001000ce68       0x48 CMakeFiles/pico_webserver.dir/pico-sdk/lib/lwip/src/core/udp.c.obj
                0x000000001000ce68                udp_sendto_if
 .text.udp_sendto
                0x000000001000ceb0       0x7c CMakeFiles/pico_webserver.dir/pico-sdk/lib/lwip/src/core/udp.c.obj
                0x000000001000ceb0                udp_sendto
 .text.udp_connect
                0x000000001000cf2c       0x64 CMakeFiles/pico_webserver.dir/pico-sdk/lib/lwip/src/core/udp.c.obj
                0x000000001000cf2c                udp_connect
 .text.udp_recv
                0x000000001000cf90        0xc CMakeFiles/pico_webserver.dir/pico-sdk/lib/lwip/src/core/udp.c.obj
                0x000000001000cf90                udp_recv
 .text.udp_remove
                0x000000001000cf9c       0x3c CMakeFiles/pico_webserver.dir/pico-sdk/lib/lwip/src/core/udp.c.obj
                0x000000001000cf9c                udp_remove
 .text.udp_new  0x000000001000cfd8       0x1c CMakeFiles/pico_webserver.dir/pico-sdk/lib/lwip/src/core/udp.c.obj
                0x000000001000cfd8                udp_new
 .text.udp_netif_ip_addr_changed
                0x000000001000cff4       0x40 CMakeFiles/pico_webserver.dir/pico-sdk/lib/lwip/src/core/udp.c.obj
                0x000000001000cff4                udp_netif_ip_addr_changed
 .text.dhcp_create_msg
                0x000000001000d034      0x144 CMakeFiles/pico_webserver.dir/pico-sdk/lib/lwip/src/core/ipv4/dhcp.c.obj
 .text.dhcp_bind
                0x000000001000d178      0x140 CMakeFiles/pico_webserver.dir/pico-sdk/lib/lwip/src/core/ipv4/dhcp.c.obj
 .text.dhcp_handle_ack.isra.0
                0x000000001000d2b8       0xa0 CMakeFiles/pico_webserver.dir/pico-sdk/lib/lwip/src/core/ipv4/dhcp.c.obj
 .text.dhcp_discover
                0x000000001000d358      0x10c CMakeFiles/pico_webserver.dir/pico-sdk/lib/lwip/src/core/ipv4/dhcp.c.obj
 .text.dhcp_reboot.isra.0
                0x000000001000d464      0x1e0 CMakeFiles/pico_webserver.dir/pico-sdk/lib/lwip/src/core/ipv4/dhcp.c.obj
 .text.dhcp_select.isra.0
                0x000000001000d644      0x244 CMakeFiles/pico_webserver.dir/pico-sdk/lib/lwip/src/core/ipv4/dhcp.c.obj
 .text.dhcp_recv
                0x000000001000d888      0x414 CMakeFiles/pico_webserver.dir/pico-sdk/lib/lwip/src/core/ipv4/dhcp.c.obj
 .text.dhcp_conflict_callback
                0x000000001000dc9c      0x124 CMakeFiles/pico_webserver.dir/pico-sdk/lib/lwip/src/core/ipv4/dhcp.c.obj
 .text.dhcp_set_struct
                0x000000001000ddc0       0x18 CMakeFiles/pico_webserver.dir/pico-sdk/lib/lwip/src/core/ipv4/dhcp.c.obj
                0x000000001000ddc0                dhcp_set_struct
 .text.dhcp_network_changed_link_up
                0x000000001000ddd8       0x30 CMakeFiles/pico_webserver.dir/pico-sdk/lib/lwip/src/core/ipv4/dhcp.c.obj
                0x000000001000ddd8                dhcp_network_changed_link_up
 .text.dhcp_renew
                0x000000001000de08      0x1a0 CMakeFiles/pico_webserver.dir/pico-sdk/lib/lwip/src/core/ipv4/dhcp.c.obj
                0x000000001000de08                dhcp_renew
 .text.dhcp_release_and_stop
                0x000000001000dfa8      0x14c CMakeFiles/pico_webserver.dir/pico-sdk/lib/lwip/src/core/ipv4/dhcp.c.obj
                0x000000001000dfa8                dhcp_release_and_stop
 .text.dhcp_start
                0x000000001000e0f4      0x10c CMakeFiles/pico_webserver.dir/pico-sdk/lib/lwip/src/core/ipv4/dhcp.c.obj
                0x000000001000e0f4                dhcp_start
 .text.dhcp_coarse_tmr
                0x000000001000e200      0x238 CMakeFiles/pico_webserver.dir/pico-sdk/lib/lwip/src/core/ipv4/dhcp.c.obj
                0x000000001000e200                dhcp_coarse_tmr
 .text.dhcp_fine_tmr
                0x000000001000e438       0x78 CMakeFiles/pico_webserver.dir/pico-sdk/lib/lwip/src/core/ipv4/dhcp.c.obj
                0x000000001000e438                dhcp_fine_tmr
 .text.dhcp_stop
                0x000000001000e4b0      0x14c CMakeFiles/pico_webserver.dir/pico-sdk/lib/lwip/src/core/ipv4/dhcp.c.obj
                0x000000001000e4b0                dhcp_stop
 .text.etharp_find_entry
                0x000000001000e5fc     0x1dcc CMakeFiles/pico_webserver.dir/pico-sdk/lib/lwip/src/core/ipv4/etharp.c.obj
 .text.etharp_raw
                0x00000000100103c8       0xc0 CMakeFiles/pico_webserver.dir/pico-sdk/lib/lwip/src/core/ipv4/etharp.c.obj
 .text.etharp_output_to_arp_index
                0x0000000010010488       0xd8 CMakeFiles/pico_webserver.dir/pico-sdk/lib/lwip/src/core/ipv4/etharp.c.obj
 .text.etharp_tmr
                0x0000000010010560       0xa4 CMakeFiles/pico_webserver.dir/pico-sdk/lib/lwip/src/core/ipv4/etharp.c.obj
                0x0000000010010560                etharp_tmr
 .text.etharp_cleanup_netif
                0x0000000010010604      0x188 CMakeFiles/pico_webserver.dir/pico-sdk/lib/lwip/src/core/ipv4/etharp.c.obj
                0x0000000010010604                etharp_cleanup_netif
 .text.etharp_input
                0x000000001001078c      0x1ac CMakeFiles/pico_webserver.dir/pico-sdk/lib/lwip/src/core/ipv4/etharp.c.obj
                0x000000001001078c                etharp_input
 .text.etharp_query
                0x0000000010010938      0x188 CMakeFiles/pico_webserver.dir/pico-sdk/lib/lwip/src/core/ipv4/etharp.c.obj
                0x0000000010010938                etharp_query
 .text.etharp_output
                0x0000000010010ac0      0x21c CMakeFiles/pico_webserver.dir/pico-sdk/lib/lwip/src/core/ipv4/etharp.c.obj
                0x0000000010010ac0                etharp_output
 .text.etharp_acd_probe
                0x0000000010010cdc       0xc0 CMakeFiles/pico_webserver.dir/pico-sdk/lib/lwip/src/core/ipv4/etharp.c.obj
                0x0000000010010cdc                etharp_acd_probe
 .text.etharp_acd_announce
                0x0000000010010d9c       0xbc CMakeFiles/pico_webserver.dir/pico-sdk/lib/lwip/src/core/ipv4/etharp.c.obj
                0x0000000010010d9c                etharp_acd_announce
 .text.icmp_input
                0x0000000010010e58      0x1d8 CMakeFiles/pico_webserver.dir/pico-sdk/lib/lwip/src/core/ipv4/icmp.c.obj
                0x0000000010010e58                icmp_input
 .text.icmp_dest_unreach
                0x0000000010011030       0xbc CMakeFiles/pico_webserver.dir/pico-sdk/lib/lwip/src/core/ipv4/icmp.c.obj
                0x0000000010011030                icmp_dest_unreach
 .text.icmp_time_exceeded
                0x00000000100110ec       0xbc CMakeFiles/pico_webserver.dir/pico-sdk/lib/lwip/src/core/ipv4/icmp.c.obj
                0x00000000100110ec                icmp_time_exceeded
 .text.ip_reass_free_complete_datagram
                0x00000000100111a8       0xb8 CMakeFiles/pico_webserver.dir/pico-sdk/lib/lwip/src/core/ipv4/ip4_frag.c.obj
 .text.ip_reass_remove_oldest_datagram
                0x0000000010011260       0xd8 CMakeFiles/pico_webserver.dir/pico-sdk/lib/lwip/src/core/ipv4/ip4_frag.c.obj
 .text.ipfrag_free_pbuf_custom
                0x0000000010011338       0x18 CMakeFiles/pico_webserver.dir/pico-sdk/lib/lwip/src/core/ipv4/ip4_frag.c.obj
 .text.ip_reass_tmr
                0x0000000010011350       0x38 CMakeFiles/pico_webserver.dir/pico-sdk/lib/lwip/src/core/ipv4/ip4_frag.c.obj
                0x0000000010011350                ip_reass_tmr
 .text.ip4_reass
                0x0000000010011388      0x510 CMakeFiles/pico_webserver.dir/pico-sdk/lib/lwip/src/core/ipv4/ip4_frag.c.obj
                0x0000000010011388                ip4_reass
 .text.ip4_frag
                0x0000000010011898      0x1e8 CMakeFiles/pico_webserver.dir/pico-sdk/lib/lwip/src/core/ipv4/ip4_frag.c.obj
                0x0000000010011898                ip4_frag
 .text.ip4_route
                0x0000000010011a80       0x80 CMakeFiles/pico_webserver.dir/pico-sdk/lib/lwip/src/core/ipv4/ip4.c.obj
                0x0000000010011a80                ip4_route
 .text.ip4_input
                0x0000000010011b00      0x3e4 CMakeFiles/pico_webserver.dir/pico-sdk/lib/lwip/src/core/ipv4/ip4.c.obj
                0x0000000010011b00                ip4_input
 .text.ip4_output_if
                0x0000000010011ee4      0x168 CMakeFiles/pico_webserver.dir/pico-sdk/lib/lwip/src/core/ipv4/ip4.c.obj
                0x0000000010011ee4                ip4_output_if
 .text.ip4_output_if_src
                0x000000001001204c      0x158 CMakeFiles/pico_webserver.dir/pico-sdk/lib/lwip/src/core/ipv4/ip4.c.obj
                0x000000001001204c                ip4_output_if_src
 .text.ip4_addr_isbroadcast_u32
                0x00000000100121a4       0x3c CMakeFiles/pico_webserver.dir/pico-sdk/lib/lwip/src/core/ipv4/ip4_addr.c.obj
                0x00000000100121a4                ip4_addr_isbroadcast_u32
 .text.ip4addr_ntoa
                0x00000000100121e0       0xdc CMakeFiles/pico_webserver.dir/pico-sdk/lib/lwip/src/core/ipv4/ip4_addr.c.obj
                0x00000000100121e0                ip4addr_ntoa
 .text.acd_add  0x00000000100122bc       0x24 CMakeFiles/pico_webserver.dir/pico-sdk/lib/lwip/src/core/ipv4/acd.c.obj
                0x00000000100122bc                acd_add
 .text.acd_remove
                0x00000000100122e0       0x28 CMakeFiles/pico_webserver.dir/pico-sdk/lib/lwip/src/core/ipv4/acd.c.obj
                0x00000000100122e0                acd_remove
 .text.acd_start
                0x0000000010012308       0x38 CMakeFiles/pico_webserver.dir/pico-sdk/lib/lwip/src/core/ipv4/acd.c.obj
                0x0000000010012308                acd_start
 .text.acd_network_changed_link_down
                0x0000000010012340       0x14 CMakeFiles/pico_webserver.dir/pico-sdk/lib/lwip/src/core/ipv4/acd.c.obj
                0x0000000010012340                acd_network_changed_link_down
 .text.acd_tmr  0x0000000010012354      0x110 CMakeFiles/pico_webserver.dir/pico-sdk/lib/lwip/src/core/ipv4/acd.c.obj
                0x0000000010012354                acd_tmr
 .text.acd_arp_reply
                0x0000000010012464       0xf4 CMakeFiles/pico_webserver.dir/pico-sdk/lib/lwip/src/core/ipv4/acd.c.obj
                0x0000000010012464                acd_arp_reply
 .text.acd_netif_ip_addr_changed
                0x0000000010012558       0x8c CMakeFiles/pico_webserver.dir/pico-sdk/lib/lwip/src/core/ipv4/acd.c.obj
                0x0000000010012558                acd_netif_ip_addr_changed
 .text.ethernet_input
                0x00000000100125e4       0xd0 CMakeFiles/pico_webserver.dir/pico-sdk/lib/lwip/src/netif/ethernet.c.obj
                0x00000000100125e4                ethernet_input
 .text.ethernet_output
                0x00000000100126b4       0x64 CMakeFiles/pico_webserver.dir/pico-sdk/lib/lwip/src/netif/ethernet.c.obj
                0x00000000100126b4                ethernet_output
 .text.cyw43_arch_wifi_connect_bssid_until.part.0
                0x0000000010012718       0xd8 CMakeFiles/pico_webserver.dir/pico-sdk/src/rp2_common/pico_cyw43_arch/cyw43_arch.c.obj
 .text.cyw43_arch_set_async_context
                0x00000000100127f0        0xc CMakeFiles/pico_webserver.dir/pico-sdk/src/rp2_common/pico_cyw43_arch/cyw43_arch.c.obj
                0x00000000100127f0                cyw43_arch_set_async_context
 .text.cyw43_arch_enable_sta_mode
                0x00000000100127fc       0x1c CMakeFiles/pico_webserver.dir/pico-sdk/src/rp2_common/pico_cyw43_arch/cyw43_arch.c.obj
                0x00000000100127fc                cyw43_arch_enable_sta_mode
 .text.cyw43_arch_wifi_connect_timeout_ms
                0x0000000010012818       0x9c CMakeFiles/pico_webserver.dir/pico-sdk/src/rp2_common/pico_cyw43_arch/cyw43_arch.c.obj
                0x0000000010012818                cyw43_arch_wifi_connect_timeout_ms
 .text.cyw43_arch_init_with_country
                0x00000000100128b4       0x10 CMakeFiles/pico_webserver.dir/pico-sdk/src/rp2_common/pico_cyw43_arch/cyw43_arch.c.obj
                0x00000000100128b4                cyw43_arch_init_with_country
 .text.cyw43_arch_gpio_put
                0x00000000100128c4       0x14 CMakeFiles/pico_webserver.dir/pico-sdk/src/rp2_common/pico_cyw43_arch/cyw43_arch.c.obj
                0x00000000100128c4                cyw43_arch_gpio_put
 .text.cyw43_arch_async_context
                0x00000000100128d8        0xc CMakeFiles/pico_webserver.dir/pico-sdk/src/rp2_common/pico_cyw43_arch/cyw43_arch.c.obj
                0x00000000100128d8                cyw43_arch_async_context
 .text.cyw43_arch_init
                0x00000000100128e4       0x80 CMakeFiles/pico_webserver.dir/pico-sdk/src/rp2_common/pico_cyw43_arch/cyw43_arch_threadsafe_background.c.obj
                0x00000000100128e4                cyw43_arch_init
 .text.ns_delay.constprop.0
                0x0000000010012964       0x20 CMakeFiles/pico_webserver.dir/pico-sdk/src/rp2_common/pico_cyw43_driver/cyw43_bus_pio_spi.c.obj
 .text.cyw43_spi_deinit
                0x0000000010012984       0x7c CMakeFiles/pico_webserver.dir/pico-sdk/src/rp2_common/pico_cyw43_driver/cyw43_bus_pio_spi.c.obj
                0x0000000010012984                cyw43_spi_deinit
 .text.cyw43_spi_init
                0x0000000010012a00      0x154 CMakeFiles/pico_webserver.dir/pico-sdk/src/rp2_common/pico_cyw43_driver/cyw43_bus_pio_spi.c.obj
                0x0000000010012a00                cyw43_spi_init
 .text.cyw43_spi_transfer
                0x0000000010012b54      0x430 CMakeFiles/pico_webserver.dir/pico-sdk/src/rp2_common/pico_cyw43_driver/cyw43_bus_pio_spi.c.obj
                0x0000000010012b54                cyw43_spi_transfer
 .text.cyw43_spi_gpio_setup
                0x0000000010012f84       0x3c CMakeFiles/pico_webserver.dir/pico-sdk/src/rp2_common/pico_cyw43_driver/cyw43_bus_pio_spi.c.obj
                0x0000000010012f84                cyw43_spi_gpio_setup
 .text.cyw43_spi_reset
                0x0000000010012fc0       0x28 CMakeFiles/pico_webserver.dir/pico-sdk/src/rp2_common/pico_cyw43_driver/cyw43_bus_pio_spi.c.obj
                0x0000000010012fc0                cyw43_spi_reset
 .text.read_reg_u32_swap
                0x0000000010012fe8       0x3c CMakeFiles/pico_webserver.dir/pico-sdk/src/rp2_common/pico_cyw43_driver/cyw43_bus_pio_spi.c.obj
                0x0000000010012fe8                read_reg_u32_swap
 .text.cyw43_read_reg_u32
                0x0000000010013024       0x6c CMakeFiles/pico_webserver.dir/pico-sdk/src/rp2_common/pico_cyw43_driver/cyw43_bus_pio_spi.c.obj
                0x0000000010013024                cyw43_read_reg_u32
 .text.cyw43_read_reg_u16
                0x0000000010013090       0x6c CMakeFiles/pico_webserver.dir/pico-sdk/src/rp2_common/pico_cyw43_driver/cyw43_bus_pio_spi.c.obj
                0x0000000010013090                cyw43_read_reg_u16
 .text.cyw43_read_reg_u8
                0x00000000100130fc       0x6c CMakeFiles/pico_webserver.dir/pico-sdk/src/rp2_common/pico_cyw43_driver/cyw43_bus_pio_spi.c.obj
                0x00000000100130fc                cyw43_read_reg_u8
 .text.write_reg_u32_swap
                0x0000000010013168      0x1e0 CMakeFiles/pico_webserver.dir/pico-sdk/src/rp2_common/pico_cyw43_driver/cyw43_bus_pio_spi.c.obj
                0x0000000010013168                write_reg_u32_swap
 .text.cyw43_write_reg_u32
                0x0000000010013348      0x200 CMakeFiles/pico_webserver.dir/pico-sdk/src/rp2_common/pico_cyw43_driver/cyw43_bus_pio_spi.c.obj
                0x0000000010013348                cyw43_write_reg_u32
 .text.cyw43_write_reg_u16
                0x0000000010013548      0x200 CMakeFiles/pico_webserver.dir/pico-sdk/src/rp2_common/pico_cyw43_driver/cyw43_bus_pio_spi.c.obj
                0x0000000010013548                cyw43_write_reg_u16
 .text.cyw43_write_reg_u8
                0x0000000010013748      0x200 CMakeFiles/pico_webserver.dir/pico-sdk/src/rp2_common/pico_cyw43_driver/cyw43_bus_pio_spi.c.obj
                0x0000000010013748                cyw43_write_reg_u8
 .text.cyw43_read_bytes
                0x0000000010013948       0x78 CMakeFiles/pico_webserver.dir/pico-sdk/src/rp2_common/pico_cyw43_driver/cyw43_bus_pio_spi.c.obj
                0x0000000010013948                cyw43_read_bytes
 .text.cyw43_write_bytes
                0x00000000100139c0       0xec CMakeFiles/pico_webserver.dir/pico-sdk/src/rp2_common/pico_cyw43_driver/cyw43_bus_pio_spi.c.obj
                0x00000000100139c0                cyw43_write_bytes
 .text.cyw43_set_backplane_window
                0x0000000010013aac       0x64 CMakeFiles/pico_webserver.dir/pico-sdk/lib/cyw43-driver/src/cyw43_ll.c.obj
 .text.cyw43_ll_parse_async_event
                0x0000000010013b10      0x13c CMakeFiles/pico_webserver.dir/pico-sdk/lib/cyw43-driver/src/cyw43_ll.c.obj
 .text.cyw43_kso_set
                0x0000000010013c4c       0xa0 CMakeFiles/pico_webserver.dir/pico-sdk/lib/cyw43-driver/src/cyw43_ll.c.obj
 .text.cyw43_ll_sdpcm_poll_device
                0x0000000010013cec      0x238 CMakeFiles/pico_webserver.dir/pico-sdk/lib/cyw43-driver/src/cyw43_ll.c.obj
 .text.cyw43_sdpcm_send_common
                0x0000000010013f24       0xf0 CMakeFiles/pico_webserver.dir/pico-sdk/lib/cyw43-driver/src/cyw43_ll.c.obj
 .text.cyw43_do_ioctl
                0x0000000010014014      0x110 CMakeFiles/pico_webserver.dir/pico-sdk/lib/cyw43-driver/src/cyw43_ll.c.obj
 .text.cyw43_do_ioctl.constprop.0
                0x0000000010014124      0x108 CMakeFiles/pico_webserver.dir/pico-sdk/lib/cyw43-driver/src/cyw43_ll.c.obj
 .text.cyw43_read_backplane.constprop.0
                0x000000001001422c       0xdc CMakeFiles/pico_webserver.dir/pico-sdk/lib/cyw43-driver/src/cyw43_ll.c.obj
 .text.reset_device_core.constprop.0
                0x0000000010014308      0x3f0 CMakeFiles/pico_webserver.dir/pico-sdk/lib/cyw43-driver/src/cyw43_ll.c.obj
 .text.cyw43_ll_init
                0x00000000100146f8       0x1c CMakeFiles/pico_webserver.dir/pico-sdk/lib/cyw43-driver/src/cyw43_ll.c.obj
                0x00000000100146f8                cyw43_ll_init
 .text.cyw43_ll_deinit
                0x0000000010014714        0x8 CMakeFiles/pico_webserver.dir/pico-sdk/lib/cyw43-driver/src/cyw43_ll.c.obj
                0x0000000010014714                cyw43_ll_deinit
 .text.cyw43_ll_send_ethernet
                0x000000001001471c       0x60 CMakeFiles/pico_webserver.dir/pico-sdk/lib/cyw43-driver/src/cyw43_ll.c.obj
                0x000000001001471c                cyw43_ll_send_ethernet
 .text.cyw43_ll_process_packets
                0x000000001001477c       0x54 CMakeFiles/pico_webserver.dir/pico-sdk/lib/cyw43-driver/src/cyw43_ll.c.obj
                0x000000001001477c                cyw43_ll_process_packets
 .text.cyw43_ll_ioctl
                0x00000000100147d0       0x20 CMakeFiles/pico_webserver.dir/pico-sdk/lib/cyw43-driver/src/cyw43_ll.c.obj
                0x00000000100147d0                cyw43_ll_ioctl
 .text.cyw43_ll_bus_sleep
                0x00000000100147f0       0x34 CMakeFiles/pico_webserver.dir/pico-sdk/lib/cyw43-driver/src/cyw43_ll.c.obj
                0x00000000100147f0                cyw43_ll_bus_sleep
 .text.cyw43_ll_bus_init
                0x0000000010014824      0xbf0 CMakeFiles/pico_webserver.dir/pico-sdk/lib/cyw43-driver/src/cyw43_ll.c.obj
                0x0000000010014824                cyw43_ll_bus_init
 .text.cyw43_ll_wifi_on