Archive member included to satisfy reference by file (symbol)

libcherryusblib.a(usb_dc_rp2040.c.obj)
                              CMakeFiles/PicoPiFi.dir/src/cdc_rndis_device.c.obj (usbd_ep_start_write)
libcherryusblib.a(usbd_cdc.c.obj)
                              CMakeFiles/PicoPiFi.dir/src/cdc_rndis_device.c.obj (usbd_cdc_acm_init_intf)
libcherryusblib.a(usbd_rndis.c.obj)
                              CMakeFiles/PicoPiFi.dir/src/main.c.obj (usbd_rndis_eth_rx)
libcherryusblib.a(usbd_core.c.obj)
                              libcherryusblib.a(usb_dc_rp2040.c.obj) (usbd_event_reset_handler)
/usr/lib/gcc/arm-none-eabi/10.3.1/thumb/v6-m/nofp/libgcc.a(_dvmd_tls.o)
                              CMakeFiles/PicoPiFi.dir/pico-sdk/src/rp2_common/pico_divider/divider.S.obj (__aeabi_idiv0)
/usr/lib/gcc/arm-none-eabi/10.3.1/../../../arm-none-eabi/lib/thumb/v6-m/nofp/libc.a(lib_a-atexit.o)
                              /usr/lib/gcc/arm-none-eabi/10.3.1/../../../arm-none-eabi/lib/thumb/v6-m/nofp/crt0.o (atexit)
/usr/lib/gcc/arm-none-eabi/10.3.1/../../../arm-none-eabi/lib/thumb/v6-m/nofp/libc.a(lib_a-atoi.o)
                              CMakeFiles/PicoPiFi.dir/pico-sdk/lib/lwip/src/core/netif.c.obj (atoi)
/usr/lib/gcc/arm-none-eabi/10.3.1/../../../arm-none-eabi/lib/thumb/v6-m/nofp/libc.a(lib_a-calloc.o)
                              CMakeFiles/PicoPiFi.dir/pico-sdk/src/rp2_common/pico_malloc/pico_malloc.c.obj (calloc)
/usr/lib/gcc/arm-none-eabi/10.3.1/../../../arm-none-eabi/lib/thumb/v6-m/nofp/libc.a(lib_a-callocr.o)
                              /usr/lib/gcc/arm-none-eabi/10.3.1/../../../arm-none-eabi/lib/thumb/v6-m/nofp/libc.a(lib_a-calloc.o) (_calloc_r)
/usr/lib/gcc/arm-none-eabi/10.3.1/../../../arm-none-eabi/lib/thumb/v6-m/nofp/libc.a(lib_a-ctype_.o)
                              CMakeFiles/PicoPiFi.dir/pico-sdk/lib/lwip/src/core/ipv4/ip4_addr.c.obj (_ctype_)
/usr/lib/gcc/arm-none-eabi/10.3.1/../../../arm-none-eabi/lib/thumb/v6-m/nofp/libc.a(lib_a-fini.o)
                              /usr/lib/gcc/arm-none-eabi/10.3.1/../../../arm-none-eabi/lib/thumb/v6-m/nofp/crt0.o (__libc_fini_array)
/usr/lib/gcc/arm-none-eabi/10.3.1/../../../arm-none-eabi/lib/thumb/v6-m/nofp/libc.a(lib_a-impure.o)
                              /usr/lib/gcc/arm-none-eabi/10.3.1/../../../arm-none-eabi/lib/thumb/v6-m/nofp/libc.a(lib_a-calloc.o) (_impure_ptr)
/usr/lib/gcc/arm-none-eabi/10.3.1/../../../arm-none-eabi/lib/thumb/v6-m/nofp/libc.a(lib_a-init.o)
                              /usr/lib/gcc/arm-none-eabi/10.3.1/../../../arm-none-eabi/lib/thumb/v6-m/nofp/crt0.o (__libc_init_array)
/usr/lib/gcc/arm-none-eabi/10.3.1/../../../arm-none-eabi/lib/thumb/v6-m/nofp/libc.a(lib_a-malloc.o)
                              CMakeFiles/PicoPiFi.dir/pico-sdk/src/rp2_common/pico_malloc/pico_malloc.c.obj (malloc)
/usr/lib/gcc/arm-none-eabi/10.3.1/../../../arm-none-eabi/lib/thumb/v6-m/nofp/libc.a(lib_a-mallocr.o)
                              /usr/lib/gcc/arm-none-eabi/10.3.1/../../../arm-none-eabi/lib/thumb/v6-m/nofp/libc.a(lib_a-callocr.o) (_malloc_r)
/usr/lib/gcc/arm-none-eabi/10.3.1/../../../arm-none-eabi/lib/thumb/v6-m/nofp/libc.a(lib_a-memcmp.o)
                              CMakeFiles/PicoPiFi.dir/src/wifi_tx.c.obj (memcmp)
/usr/lib/gcc/arm-none-eabi/10.3.1/../../../arm-none-eabi/lib/thumb/v6-m/nofp/libc.a(lib_a-memmove.o)
                              CMakeFiles/PicoPiFi.dir/pico-sdk/lib/lwip/src/core/def.c.obj (memmove)
/usr/lib/gcc/arm-none-eabi/10.3.1/../../../arm-none-eabi/lib/thumb/v6-m/nofp/libc.a(lib_a-mlock.o)
                              /usr/lib/gcc/arm-none-eabi/10.3.1/../../../arm-none-eabi/lib/thumb/v6-m/nofp/libc.a(lib_a-mallocr.o) (__malloc_lock)
/usr/lib/gcc/arm-none-eabi/10.3.1/../../../arm-none-eabi/lib/thumb/v6-m/nofp/libc.a(lib_a-realloc.o)
                              CMakeFiles/PicoPiFi.dir/pico-sdk/src/rp2_common/pico_malloc/pico_malloc.c.obj (realloc)
/usr/lib/gcc/arm-none-eabi/10.3.1/../../../arm-none-eabi/lib/thumb/v6-m/nofp/libc.a(lib_a-reallocr.o)
                              /usr/lib/gcc/arm-none-eabi/10.3.1/../../../arm-none-eabi/lib/thumb/v6-m/nofp/libc.a(lib_a-realloc.o) (_realloc_r)
/usr/lib/gcc/arm-none-eabi/10.3.1/../../../arm-none-eabi/lib/thumb/v6-m/nofp/libc.a(lib_a-sbrkr.o)
                              /usr/lib/gcc/arm-none-eabi/10.3.1/../../../arm-none-eabi/lib/thumb/v6-m/nofp/libc.a(lib_a-mallocr.o) (_sbrk_r)
/usr/lib/gcc/arm-none-eabi/10.3.1/../../../arm-none-eabi/lib/thumb/v6-m/nofp/libc.a(lib_a-sscanf.o)
                              CMakeFiles/PicoPiFi.dir/src/main.c.obj (sscanf)
/usr/lib/gcc/arm-none-eabi/10.3.1/../../../arm-none-eabi/lib/thumb/v6-m/nofp/libc.a(lib_a-stdio.o)
                              /usr/lib/gcc/arm-none-eabi/10.3.1/../../../arm-none-eabi/lib/thumb/v6-m/nofp/libc.a(lib_a-sscanf.o) (__seofread)
/usr/lib/gcc/arm-none-eabi/10.3.1/../../../arm-none-eabi/lib/thumb/v6-m/nofp/libc.a(lib_a-strlen-stub.o)
                              CMakeFiles/PicoPiFi.dir/src/main.c.obj (strlen)
[...]
Memory Configuration

Name             Origin             Length             Attributes
FLASH            0x0000000010000000 0x0000000000200000 xr
RAM              0x0000000020000000 0x0000000000040000 xrw
SCRATCH_X        0x0000000020040000 0x0000000000001000 xrw
SCRATCH_Y        0x0000000020041000 0x0000000000001000 xrw
*default*        0x0000000000000000 0xffffffffffffffff

Linker script and memory map

LOAD /usr/lib/gcc/arm-none-eabi/10.3.1/thumb/v6-m/nofp/crti.o
LOAD /usr/lib/gcc/arm-none-eabi/10.3.1/thumb/v6-m/nofp/crtbegin.o
LOAD /usr/lib/gcc/arm-none-eabi/10.3.1/../../../arm-none-eabi/lib/thumb/v6-m/nofp/crt0.o

.flash_begin    0x0000000010000000        0x0
                0x0000000010000000                __flash_binary_start = .

.boot2          0x0000000010000000      0x100
                0x0000000010000000                __boot2_start__ = .
 *(.boot2)
 .boot2         0x0000000010000000      0x100 /tmp/cccE3S5F.o
                0x0000000010000100                __boot2_end__ = .
                0x0000000000000001                ASSERT (((__boot2_end__ - __boot2_start__) == 0x100), ERROR: Pico second stage bootloader must be 256 bytes in size)

.text           0x0000000010000100    0x14078
                0x0000000010000100                __logical_binary_start = .
 *(.vectors)
 .vectors       0x0000000010000100       0xd4 CMakeFiles/PicoPiFi.dir/pico-sdk/src/rp2_common/pico_standard_link/crt0.S.obj
                0x0000000010000100                __vectors
                0x0000000010000100                __VECTOR_TABLE
                0x00000000100001c0                isr_invalid
                0x00000000100001c0                __default_isrs_start
                0x00000000100001c2                isr_nmi
                0x00000000100001c4                isr_hardfault
                0x00000000100001c6                isr_svcall
                0x00000000100001c8                isr_pendsv
                0x00000000100001ca                isr_systick
                0x00000000100001cc                isr_irq30
                0x00000000100001cc                __unhandled_user_irq
                0x00000000100001cc                isr_irq13
                0x00000000100001cc                isr_irq27
                0x00000000100001cc                isr_irq31
                0x00000000100001cc                isr_irq11
                0x00000000100001cc                isr_irq23
                0x00000000100001cc                isr_irq18
                0x00000000100001cc                isr_irq28
                0x00000000100001cc                isr_irq19
                0x00000000100001cc                isr_irq0
                0x00000000100001cc                isr_irq6
                0x00000000100001cc                isr_irq22
                0x00000000100001cc                isr_irq17
                0x00000000100001cc                isr_irq14
                0x00000000100001cc                isr_irq2
                0x00000000100001cc                isr_irq10
                0x00000000100001cc                isr_irq8
                0x00000000100001cc                isr_irq24
                0x00000000100001cc                isr_irq1
                0x00000000100001cc                isr_irq7
                0x00000000100001cc                isr_irq21
                0x00000000100001cc                isr_irq20
                0x00000000100001cc                isr_irq15
                0x00000000100001cc                isr_irq25
                0x00000000100001cc                isr_irq4
                0x00000000100001cc                isr_irq16
                0x00000000100001cc                isr_irq29
                0x00000000100001cc                isr_irq26
                0x00000000100001cc                __default_isrs_end
                0x00000000100001cc                isr_irq3
                0x00000000100001cc                isr_irq12
                0x00000000100001cc                isr_irq9
                0x00000000100001d2                unhandled_user_irq_num_in_r0
 *(.binary_info_header)
 .binary_info_header
                0x00000000100001d4       0x14 CMakeFiles/PicoPiFi.dir/pico-sdk/src/rp2_common/pico_standard_link/crt0.S.obj
                0x00000000100001e8                __binary_info_header_end = .
 *(.reset)
 .reset         0x00000000100001e8       0xa0 CMakeFiles/PicoPiFi.dir/pico-sdk/src/rp2_common/pico_standard_link/crt0.S.obj
                0x00000000100001e8                _entry_point
 .reset         0x0000000010000288       0x30 CMakeFiles/PicoPiFi.dir/pico-sdk/src/rp2_common/pico_standard_link/binary_info.c.obj
 *(.init)
 .init          0x00000000100002b8        0x4 /usr/lib/gcc/arm-none-eabi/10.3.1/thumb/v6-m/nofp/crti.o
                0x00000000100002b8                _init
 *(EXCLUDE_FILE(*libm.a: *libc.a:*lib_a-mem*.o *libgcc.a:) .text*)
 .text          0x00000000100002bc       0x98 /usr/lib/gcc/arm-none-eabi/10.3.1/thumb/v6-m/nofp/crtbegin.o
 .text.core1    0x0000000010000354      0x1ec CMakeFiles/PicoPiFi.dir/src/main.c.obj
                0x0000000010000354                core1
 .text.scan_result
                0x0000000010000540       0x98 CMakeFiles/PicoPiFi.dir/src/main.c.obj
 .text.startup.main
                0x00000000100005d8      0x3cc CMakeFiles/PicoPiFi.dir/src/main.c.obj
                0x00000000100005d8                main
 .text.sys_now  0x00000000100009a4        0xc CMakeFiles/PicoPiFi.dir/src/lwip.c.obj
                0x00000000100009a4                sys_now
 .text.cyw43_cb_tcpip_set_link_up
                0x00000000100009b0       0x78 CMakeFiles/PicoPiFi.dir/src/wifi_tx.c.obj
                0x00000000100009b0                cyw43_cb_tcpip_set_link_up
 .text.cyw43_cb_tcpip_set_link_down
                0x0000000010000a28       0x70 CMakeFiles/PicoPiFi.dir/src/wifi_tx.c.obj
                0x0000000010000a28                cyw43_cb_tcpip_set_link_down
 .text.cyw43_cb_process_ethernet
                0x0000000010000a98       0xbc CMakeFiles/PicoPiFi.dir/src/wifi_tx.c.obj
                0x0000000010000a98                cyw43_cb_process_ethernet
 .text.dma_handler
                0x0000000010000b54       0x30 CMakeFiles/PicoPiFi.dir/src/wifi_tx.c.obj
                0x0000000010000b54                dma_handler
 .text.dma_handler_2
                0x0000000010000b84       0x30 CMakeFiles/PicoPiFi.dir/src/wifi_tx.c.obj
                0x0000000010000b84                dma_handler_2
 .text.usbd_cdc_acm_bulk_out
                0x0000000010000bb4       0xfc CMakeFiles/PicoPiFi.dir/src/cdc_rndis_device.c.obj
                0x0000000010000bb4                usbd_cdc_acm_bulk_out
 .text.usbd_event_handler
                0x0000000010000cb0       0x40 CMakeFiles/PicoPiFi.dir/src/cdc_rndis_device.c.obj
                0x0000000010000cb0                usbd_event_handler
 .text.usbd_cdc_acm_bulk_in
                0x0000000010000cf0       0x24 CMakeFiles/PicoPiFi.dir/src/cdc_rndis_device.c.obj
                0x0000000010000cf0                usbd_cdc_acm_bulk_in
 .text.usbd_rndis_data_recv_done
                0x0000000010000d14        0x4 CMakeFiles/PicoPiFi.dir/src/cdc_rndis_device.c.obj
                0x0000000010000d14                usbd_rndis_data_recv_done
 .text.cdc_rndis_init
                0x0000000010000d18      0x11c CMakeFiles/PicoPiFi.dir/src/cdc_rndis_device.c.obj
                0x0000000010000d18                cdc_rndis_init
 .text.usbd_cdc_acm_set_dtr
                0x0000000010000e34       0x14 CMakeFiles/PicoPiFi.dir/src/cdc_rndis_device.c.obj
                0x0000000010000e34                usbd_cdc_acm_set_dtr
 .text.cdc_acm_data_send_with_dtr
                0x0000000010000e48       0x48 CMakeFiles/PicoPiFi.dir/src/cdc_rndis_device.c.obj
                0x0000000010000e48                cdc_acm_data_send_with_dtr
 .text.set_sys_clock_pll
                0x0000000010000e90       0x78 CMakeFiles/PicoPiFi.dir/pico-sdk/src/rp2_common/pico_stdlib/stdlib.c.obj
                0x0000000010000e90                set_sys_clock_pll
 .text.check_sys_clock_khz
                0x0000000010000f08      0x17c CMakeFiles/PicoPiFi.dir/pico-sdk/src/rp2_common/pico_stdlib/stdlib.c.obj
                0x0000000010000f08                check_sys_clock_khz
 .text.gpio_set_function
                0x0000000010001084       0x30 CMakeFiles/PicoPiFi.dir/pico-sdk/src/rp2_common/hardware_gpio/gpio.c.obj
                0x0000000010001084                gpio_set_function
 .text.gpio_set_pulls
                0x00000000100010b4       0x30 CMakeFiles/PicoPiFi.dir/pico-sdk/src/rp2_common/hardware_gpio/gpio.c.obj
                0x00000000100010b4                gpio_set_pulls
 .text.gpio_set_input_hysteresis_enabled
                0x00000000100010e4       0x28 CMakeFiles/PicoPiFi.dir/pico-sdk/src/rp2_common/hardware_gpio/gpio.c.obj
                0x00000000100010e4                gpio_set_input_hysteresis_enabled
 .text.gpio_set_irq_enabled
                0x000000001000110c       0x54 CMakeFiles/PicoPiFi.dir/pico-sdk/src/rp2_common/hardware_gpio/gpio.c.obj
                0x000000001000110c                gpio_set_irq_enabled
 .text.gpio_add_raw_irq_handler_with_order_priority_masked
                0x0000000010001160       0x44 CMakeFiles/PicoPiFi.dir/pico-sdk/src/rp2_common/hardware_gpio/gpio.c.obj
                0x0000000010001160                gpio_add_raw_irq_handler_with_order_priority_masked
 .text.gpio_remove_raw_irq_handler_masked
                0x00000000100011a4       0x20 CMakeFiles/PicoPiFi.dir/pico-sdk/src/rp2_common/hardware_gpio/gpio.c.obj
                0x00000000100011a4                gpio_remove_raw_irq_handler_masked
 .text.gpio_init
                0x00000000100011c4       0x3c CMakeFiles/PicoPiFi.dir/pico-sdk/src/rp2_common/hardware_gpio/gpio.c.obj
                0x00000000100011c4                gpio_init
 .text.running_on_fpga
                0x0000000010001200       0x10 CMakeFiles/PicoPiFi.dir/pico-sdk/src/rp2_common/pico_platform/platform.c.obj
                0x0000000010001200                running_on_fpga
 .text.hw_claim_lock
                0x0000000010001210       0x18 CMakeFiles/PicoPiFi.dir/pico-sdk/src/rp2_common/hardware_claim/claim.c.obj
                0x0000000010001210                hw_claim_lock
 .text.hw_claim_unlock
                0x0000000010001228       0x14 CMakeFiles/PicoPiFi.dir/pico-sdk/src/rp2_common/hardware_claim/claim.c.obj
                0x0000000010001228                hw_claim_unlock
 .text.hw_claim_or_assert
                0x000000001000123c       0x44 CMakeFiles/PicoPiFi.dir/pico-sdk/src/rp2_common/hardware_claim/claim.c.obj
                0x000000001000123c                hw_claim_or_assert
 .text.hw_claim_unused_from_range
                0x0000000010001280       0x9c CMakeFiles/PicoPiFi.dir/pico-sdk/src/rp2_common/hardware_claim/claim.c.obj
                0x0000000010001280                hw_claim_unused_from_range
 .text.hw_claim_clear
                0x000000001000131c       0x38 CMakeFiles/PicoPiFi.dir/pico-sdk/src/rp2_common/hardware_claim/claim.c.obj
                0x000000001000131c                hw_claim_clear
 .text.spin_locks_reset
                0x0000000010001354       0x1c CMakeFiles/PicoPiFi.dir/pico-sdk/src/rp2_common/hardware_sync/sync.c.obj
                0x0000000010001354                spin_locks_reset
 .text.next_striped_spin_lock_num
                0x0000000010001370       0x18 CMakeFiles/PicoPiFi.dir/pico-sdk/src/rp2_common/hardware_sync/sync.c.obj
                0x0000000010001370                next_striped_spin_lock_num
 .text.irq_set_enabled
                0x0000000010001388       0x24 CMakeFiles/PicoPiFi.dir/pico-sdk/src/rp2_common/hardware_irq/irq.c.obj
                0x0000000010001388                irq_set_enabled
 .text.irq_is_enabled
                0x00000000100013ac       0x18 CMakeFiles/PicoPiFi.dir/pico-sdk/src/rp2_common/hardware_irq/irq.c.obj
                0x00000000100013ac                irq_is_enabled
 .text.irq_set_pending
                0x00000000100013c4       0x10 CMakeFiles/PicoPiFi.dir/pico-sdk/src/rp2_common/hardware_irq/irq.c.obj
                0x00000000100013c4                irq_set_pending
 .text.irq_get_vtable_handler
                0x00000000100013d4       0x10 CMakeFiles/PicoPiFi.dir/pico-sdk/src/rp2_common/hardware_irq/irq.c.obj
                0x00000000100013d4                irq_get_vtable_handler
 .text.irq_set_exclusive_handler
                0x00000000100013e4       0x54 CMakeFiles/PicoPiFi.dir/pico-sdk/src/rp2_common/hardware_irq/irq.c.obj
                0x00000000100013e4                irq_set_exclusive_handler
 .text.irq_add_shared_handler
                0x0000000010001438      0x1e8 CMakeFiles/PicoPiFi.dir/pico-sdk/src/rp2_common/hardware_irq/irq.c.obj
                0x0000000010001438                irq_add_shared_handler
 .text.irq_remove_handler
                0x0000000010001620      0x1b0 CMakeFiles/PicoPiFi.dir/pico-sdk/src/rp2_common/hardware_irq/irq.c.obj
                0x0000000010001620                irq_remove_handler
 .text.irq_set_priority
                0x00000000100017d0       0x28 CMakeFiles/PicoPiFi.dir/pico-sdk/src/rp2_common/hardware_irq/irq.c.obj
                0x00000000100017d0                irq_set_priority
 .text.irq_add_tail_to_free_list
                0x00000000100017f8       0xb4 CMakeFiles/PicoPiFi.dir/pico-sdk/src/rp2_common/hardware_irq/irq.c.obj
                0x00000000100017f8                irq_add_tail_to_free_list
 .text.irq_init_priorities
                0x00000000100018ac       0x24 CMakeFiles/PicoPiFi.dir/pico-sdk/src/rp2_common/hardware_irq/irq.c.obj
                0x00000000100018ac                irq_init_priorities
 .text.user_irq_unclaim
                0x00000000100018d0       0x14 CMakeFiles/PicoPiFi.dir/pico-sdk/src/rp2_common/hardware_irq/irq.c.obj
                0x00000000100018d0                user_irq_unclaim
 .text.user_irq_claim_unused
                0x00000000100018e4       0x28 CMakeFiles/PicoPiFi.dir/pico-sdk/src/rp2_common/hardware_irq/irq.c.obj
                0x00000000100018e4                user_irq_claim_unused
 .text.sem_init
                0x000000001000190c       0x20 CMakeFiles/PicoPiFi.dir/pico-sdk/src/common/pico_sync/sem.c.obj
                0x000000001000190c                sem_init
 .text.lock_init
                0x000000001000192c       0x10 CMakeFiles/PicoPiFi.dir/pico-sdk/src/common/pico_sync/lock_core.c.obj
                0x000000001000192c                lock_init
 .text.mutex_init
                0x000000001000193c       0x1c CMakeFiles/PicoPiFi.dir/pico-sdk/src/common/pico_sync/mutex.c.obj
                0x000000001000193c                mutex_init
 .text.recursive_mutex_init
                0x0000000010001958       0x1c CMakeFiles/PicoPiFi.dir/pico-sdk/src/common/pico_sync/mutex.c.obj
                0x0000000010001958                recursive_mutex_init
 .text.timer_pool_entry_comparator
                0x0000000010001974       0x34 CMakeFiles/PicoPiFi.dir/pico-sdk/src/common/pico_time/time.c.obj
                0x0000000010001974                timer_pool_entry_comparator
 .text.sleep_until_callback
                0x00000000100019a8       0x30 CMakeFiles/PicoPiFi.dir/pico-sdk/src/common/pico_time/time.c.obj
 .text.add_alarm_under_lock.isra.0
                0x00000000100019d8      0x100 CMakeFiles/PicoPiFi.dir/pico-sdk/src/common/pico_time/time.c.obj
 .text.alarm_pool_alarm_callback
                0x0000000010001ad8      0x1bc CMakeFiles/PicoPiFi.dir/pico-sdk/src/common/pico_time/time.c.obj
 .text.alarm_pool_init_default
                0x0000000010001c94       0x6c CMakeFiles/PicoPiFi.dir/pico-sdk/src/common/pico_time/time.c.obj
                0x0000000010001c94                alarm_pool_init_default
 .text.alarm_pool_get_default
                0x0000000010001d00        0x8 CMakeFiles/PicoPiFi.dir/pico-sdk/src/common/pico_time/time.c.obj
                0x0000000010001d00                alarm_pool_get_default
 .text.alarm_pool_create_with_unused_hardware_alarm
                0x0000000010001d08       0x74 CMakeFiles/PicoPiFi.dir/pico-sdk/src/common/pico_time/time.c.obj
                0x0000000010001d08                alarm_pool_create_with_unused_hardware_alarm
 .text.alarm_pool_destroy
                0x0000000010001d7c       0x44 CMakeFiles/PicoPiFi.dir/pico-sdk/src/common/pico_time/time.c.obj
                0x0000000010001d7c                alarm_pool_destroy
 .text.alarm_pool_add_alarm_at
                0x0000000010001dc0      0x178 CMakeFiles/PicoPiFi.dir/pico-sdk/src/common/pico_time/time.c.obj
                0x0000000010001dc0                alarm_pool_add_alarm_at
 .text.alarm_pool_add_alarm_at_force_in_context
                0x0000000010001f38      0x124 CMakeFiles/PicoPiFi.dir/pico-sdk/src/common/pico_time/time.c.obj
                0x0000000010001f38                alarm_pool_add_alarm_at_force_in_context
 .text.alarm_pool_cancel_alarm
                0x000000001000205c       0x78 CMakeFiles/PicoPiFi.dir/pico-sdk/src/common/pico_time/time.c.obj
                0x000000001000205c                alarm_pool_cancel_alarm
 .text.alarm_pool_core_num
                0x00000000100020d4        0x4 CMakeFiles/PicoPiFi.dir/pico-sdk/src/common/pico_time/time.c.obj
                0x00000000100020d4                alarm_pool_core_num
 .text.sleep_until
                0x00000000100020d8       0xc4 CMakeFiles/PicoPiFi.dir/pico-sdk/src/common/pico_time/time.c.obj
                0x00000000100020d8                sleep_until
 .text.sleep_ms
                0x000000001000219c       0x34 CMakeFiles/PicoPiFi.dir/pico-sdk/src/common/pico_time/time.c.obj
                0x000000001000219c                sleep_ms
 .text.best_effort_wfe_or_timeout
                0x00000000100021d0       0xd4 CMakeFiles/PicoPiFi.dir/pico-sdk/src/common/pico_time/time.c.obj
                0x00000000100021d0                best_effort_wfe_or_timeout
 .text.hardware_alarm_irq_handler
                0x00000000100022a4       0xbc CMakeFiles/PicoPiFi.dir/pico-sdk/src/rp2_common/hardware_timer/timer.c.obj
 .text.hardware_alarm_claim
                0x0000000010002360       0x18 CMakeFiles/PicoPiFi.dir/pico-sdk/src/rp2_common/hardware_timer/timer.c.obj
                0x0000000010002360                hardware_alarm_claim
 .text.hardware_alarm_unclaim
                0x0000000010002378       0x10 CMakeFiles/PicoPiFi.dir/pico-sdk/src/rp2_common/hardware_timer/timer.c.obj
                0x0000000010002378                hardware_alarm_unclaim
 .text.hardware_alarm_claim_unused
                0x0000000010002388       0x20 CMakeFiles/PicoPiFi.dir/pico-sdk/src/rp2_common/hardware_timer/timer.c.obj
                0x0000000010002388                hardware_alarm_claim_unused
 .text.time_us_64
                0x00000000100023a8       0x14 CMakeFiles/PicoPiFi.dir/pico-sdk/src/rp2_common/hardware_timer/timer.c.obj
                0x00000000100023a8                time_us_64
 .text.busy_wait_us
                0x00000000100023bc       0x54 CMakeFiles/PicoPiFi.dir/pico-sdk/src/rp2_common/hardware_timer/timer.c.obj
                0x00000000100023bc                busy_wait_us
 .text.busy_wait_until
                0x0000000010002410       0x20 CMakeFiles/PicoPiFi.dir/pico-sdk/src/rp2_common/hardware_timer/timer.c.obj
                0x0000000010002410                busy_wait_until
 .text.hardware_alarm_set_callback
                0x0000000010002430       0x8c CMakeFiles/PicoPiFi.dir/pico-sdk/src/rp2_common/hardware_timer/timer.c.obj
                0x0000000010002430                hardware_alarm_set_callback
 .text.hardware_alarm_set_target
                0x00000000100024bc       0xd4 CMakeFiles/PicoPiFi.dir/pico-sdk/src/rp2_common/hardware_timer/timer.c.obj
                0x00000000100024bc                hardware_alarm_set_target
 .text.hardware_alarm_cancel
                0x0000000010002590       0x3c CMakeFiles/PicoPiFi.dir/pico-sdk/src/rp2_common/hardware_timer/timer.c.obj
                0x0000000010002590                hardware_alarm_cancel
 .text.hardware_alarm_force_irq
                0x00000000100025cc       0x3c CMakeFiles/PicoPiFi.dir/pico-sdk/src/rp2_common/hardware_timer/timer.c.obj
                0x00000000100025cc                hardware_alarm_force_irq
 .text.ph_merge_nodes
                0x0000000010002608       0x68 CMakeFiles/PicoPiFi.dir/pico-sdk/src/common/pico_util/pheap.c.obj
 .text.ph_create
                0x0000000010002670       0x60 CMakeFiles/PicoPiFi.dir/pico-sdk/src/common/pico_util/pheap.c.obj
                0x0000000010002670                ph_create
 .text.ph_post_alloc_init
                0x00000000100026d0       0x3c CMakeFiles/PicoPiFi.dir/pico-sdk/src/common/pico_util/pheap.c.obj
                0x00000000100026d0                ph_post_alloc_init
 .text.ph_destroy
                0x000000001000270c       0x14 CMakeFiles/PicoPiFi.dir/pico-sdk/src/common/pico_util/pheap.c.obj
                0x000000001000270c                ph_destroy
 .text.ph_merge_two_pass
                0x0000000010002720       0x90 CMakeFiles/PicoPiFi.dir/pico-sdk/src/common/pico_util/pheap.c.obj
                0x0000000010002720                ph_merge_two_pass
 .text.ph_remove_any_head
                0x00000000100027b0      0x100 CMakeFiles/PicoPiFi.dir/pico-sdk/src/common/pico_util/pheap.c.obj
 .text.ph_remove_head
                0x00000000100028b0      0x104 CMakeFiles/PicoPiFi.dir/pico-sdk/src/common/pico_util/pheap.c.obj
                0x00000000100028b0                ph_remove_head
 .text.ph_remove_and_free_node
                0x00000000100029b4       0x7c CMakeFiles/PicoPiFi.dir/pico-sdk/src/common/pico_util/pheap.c.obj
                0x00000000100029b4                ph_remove_and_free_node
 .text.clock_configure
                0x0000000010002a30      0x118 CMakeFiles/PicoPiFi.dir/pico-sdk/src/rp2_common/hardware_clocks/clocks.c.obj
                0x0000000010002a30                clock_configure
 .text.clocks_init
                0x0000000010002b48      0x2d0 CMakeFiles/PicoPiFi.dir/pico-sdk/src/rp2_common/hardware_clocks/clocks.c.obj
                0x0000000010002b48                clocks_init
 .text.clock_get_hz
                0x0000000010002e18        0xc CMakeFiles/PicoPiFi.dir/pico-sdk/src/rp2_common/hardware_clocks/clocks.c.obj
                0x0000000010002e18                clock_get_hz
 .text.pll_init
                0x0000000010002e24       0xa0 CMakeFiles/PicoPiFi.dir/pico-sdk/src/rp2_common/hardware_pll/pll.c.obj
                0x0000000010002e24                pll_init
 .text.watchdog_start_tick
                0x0000000010002ec4       0x10 CMakeFiles/PicoPiFi.dir/pico-sdk/src/rp2_common/hardware_watchdog/watchdog.c.obj
                0x0000000010002ec4                watchdog_start_tick
 .text.watchdog_reboot
                0x0000000010002ed4       0x98 CMakeFiles/PicoPiFi.dir/pico-sdk/src/rp2_common/hardware_watchdog/watchdog.c.obj
                0x0000000010002ed4                watchdog_reboot
 .text.xosc_init
                0x0000000010002f6c       0x28 CMakeFiles/PicoPiFi.dir/pico-sdk/src/rp2_common/hardware_xosc/xosc.c.obj
                0x0000000010002f6c                xosc_init
 .text.runtime_init
                0x0000000010002f94       0xf0 CMakeFiles/PicoPiFi.dir/pico-sdk/src/rp2_common/pico_runtime/runtime.c.obj
                0x0000000010002f94                runtime_init
 .text._exit    0x0000000010003084        0x4 CMakeFiles/PicoPiFi.dir/pico-sdk/src/rp2_common/pico_runtime/runtime.c.obj
                0x0000000010003084                _exit
 .text._sbrk    0x0000000010003088       0x34 CMakeFiles/PicoPiFi.dir/pico-sdk/src/rp2_common/pico_runtime/runtime.c.obj
                0x0000000010003088                _sbrk
 .text.exit     0x00000000100030bc        0x8 CMakeFiles/PicoPiFi.dir/pico-sdk/src/rp2_common/pico_runtime/runtime.c.obj
                0x00000000100030bc                exit
 .text.__assert_func
                0x00000000100030c4       0x34 CMakeFiles/PicoPiFi.dir/pico-sdk/src/rp2_common/pico_runtime/runtime.c.obj
                0x00000000100030c4                __assert_func
 .text.panic    0x00000000100030f8       0x30 CMakeFiles/PicoPiFi.dir/pico-sdk/src/rp2_common/pico_runtime/runtime.c.obj
                0x00000000100030f8                panic
 .text.hard_assertion_failure
                0x0000000010003128        0xc CMakeFiles/PicoPiFi.dir/pico-sdk/src/rp2_common/pico_runtime/runtime.c.obj
                0x0000000010003128                hard_assertion_failure
 .text._out_buffer
                0x0000000010003134        0x8 CMakeFiles/PicoPiFi.dir/pico-sdk/src/rp2_common/pico_printf/printf.c.obj
 .text._out_null
                0x000000001000313c        0x4 CMakeFiles/PicoPiFi.dir/pico-sdk/src/rp2_common/pico_printf/printf.c.obj
 .text._out_rev
                0x0000000010003140       0x9c CMakeFiles/PicoPiFi.dir/pico-sdk/src/rp2_common/pico_printf/printf.c.obj
 .text._ntoa_format
                0x00000000100031dc      0x1cc CMakeFiles/PicoPiFi.dir/pico-sdk/src/rp2_common/pico_printf/printf.c.obj
 .text._out_char
                0x00000000100033a8       0x10 CMakeFiles/PicoPiFi.dir/pico-sdk/src/rp2_common/pico_printf/printf.c.obj
 .text._out_fct
                0x00000000100033b8       0x10 CMakeFiles/PicoPiFi.dir/pico-sdk/src/rp2_common/pico_printf/printf.c.obj
 .text._etoa    0x00000000100033c8      0x44c CMakeFiles/PicoPiFi.dir/pico-sdk/src/rp2_common/pico_printf/printf.c.obj
 .text._ftoa    0x0000000010003814      0x398 CMakeFiles/PicoPiFi.dir/pico-sdk/src/rp2_common/pico_printf/printf.c.obj
 .text._vsnprintf
                0x0000000010003bac      0xb04 CMakeFiles/PicoPiFi.dir/pico-sdk/src/rp2_common/pico_printf/printf.c.obj
 .text.__wrap_sprintf
                0x00000000100046b0       0x28 CMakeFiles/PicoPiFi.dir/pico-sdk/src/rp2_common/pico_printf/printf.c.obj
                0x00000000100046b0                __wrap_sprintf
 .text.vfctprintf
                0x00000000100046d8       0x20 CMakeFiles/PicoPiFi.dir/pico-sdk/src/rp2_common/pico_printf/printf.c.obj
                0x00000000100046d8                vfctprintf
 .text.weak_raw_printf
                0x00000000100046f8       0x40 CMakeFiles/PicoPiFi.dir/pico-sdk/src/rp2_common/pico_printf/printf.c.obj
                0x00000000100046f8                weak_raw_printf
 .text.weak_raw_vprintf
                0x0000000010004738       0x30 CMakeFiles/PicoPiFi.dir/pico-sdk/src/rp2_common/pico_printf/printf.c.obj
                0x0000000010004738                weak_raw_vprintf
 .text          0x0000000010004768       0x10 CMakeFiles/PicoPiFi.dir/pico-sdk/src/rp2_common/pico_bit_ops/bit_ops_aeabi.S.obj
 .text.ctzsi    0x0000000010004778        0xc CMakeFiles/PicoPiFi.dir/pico-sdk/src/rp2_common/pico_bit_ops/bit_ops_aeabi.S.obj
                0x0000000010004778                __wrap___ctzsi2
 .text.rom_func_lookup
                0x0000000010004784       0x10 CMakeFiles/PicoPiFi.dir/pico-sdk/src/rp2_common/pico_bootrom/bootrom.c.obj
                0x0000000010004784                rom_func_lookup
 .text.rom_data_lookup
                0x0000000010004794       0x10 CMakeFiles/PicoPiFi.dir/pico-sdk/src/rp2_common/pico_bootrom/bootrom.c.obj
                0x0000000010004794                rom_data_lookup
 .text.rom_funcs_lookup
                0x00000000100047a4       0x44 CMakeFiles/PicoPiFi.dir/pico-sdk/src/rp2_common/pico_bootrom/bootrom.c.obj
                0x00000000100047a4                rom_funcs_lookup
 .text.__wrap___aeabi_idiv
                0x00000000100047e8       0x50 CMakeFiles/PicoPiFi.dir/pico-sdk/src/rp2_common/pico_divider/divider.S.obj
                0x00000000100047e8                __wrap___aeabi_idivmod
                0x00000000100047e8                divmod_s32s32
                0x00000000100047e8                div_s32s32
                0x00000000100047e8                __wrap___aeabi_idiv
                0x00000000100047f0                divmod_s32s32_unsafe
                0x000000001000481c                divmod_s32s32_savestate
 .text.__wrap___aeabi_uidiv
                0x0000000010004838       0x4c CMakeFiles/PicoPiFi.dir/pico-sdk/src/rp2_common/pico_divider/divider.S.obj
                0x0000000010004838                __wrap___aeabi_uidiv
                0x0000000010004838                __wrap___aeabi_uidivmod
                0x0000000010004838                div_u32u32
                0x0000000010004838                divmod_u32u32
                0x0000000010004840                divmod_u32u32_unsafe
                0x0000000010004868                divmod_u32u32_savestate
 .text.__wrap___aeabi_ldiv
                0x0000000010004884      0x424 CMakeFiles/PicoPiFi.dir/pico-sdk/src/rp2_common/pico_divider/divider.S.obj
                0x0000000010004884                div_s64s64
                0x0000000010004884                divmod_s64s64
                0x0000000010004884                __wrap___aeabi_ldivmod
                0x00000000100048b4                div_u64u64
                0x00000000100048b4                divmod_u64u64
                0x00000000100048b4                __wrap___aeabi_uldivmod
                0x00000000100048c4                divmod_u64u64_savestate
                0x00000000100048e4                divmod_s64s64_unsafe
                0x000000001000496c                divmod_u64u64_unsafe
 .text.__wrap___aeabi_darithmetic
                0x0000000010004ca8       0x60 CMakeFiles/PicoPiFi.dir/pico-sdk/src/rp2_common/pico_double/double_aeabi.S.obj
                0x0000000010004ca8                __wrap___aeabi_drsub
                0x0000000010004cae                __wrap___aeabi_dsub
                0x0000000010004cb8                __wrap___aeabi_dadd
                0x0000000010004cc2                __wrap___aeabi_ddiv
                0x0000000010004cf6                __wrap___aeabi_dmul
 .text.__wrap___aeabi_cdcmple
                0x0000000010004d08       0x6c CMakeFiles/PicoPiFi.dir/pico-sdk/src/rp2_common/pico_double/double_aeabi.S.obj
                0x0000000010004d08                __wrap___aeabi_cdrcmple
                0x0000000010004d18                __wrap___aeabi_cdcmple
                0x0000000010004d18                __wrap___aeabi_cdcmpeq
 .text.__wrap___aeabi_dcmpeq
                0x0000000010004d74       0x10 CMakeFiles/PicoPiFi.dir/pico-sdk/src/rp2_common/pico_double/double_aeabi.S.obj
                0x0000000010004d74                __wrap___aeabi_dcmpeq
 .text.__wrap___aeabi_dcmplt
                0x0000000010004d84        0xc CMakeFiles/PicoPiFi.dir/pico-sdk/src/rp2_common/pico_double/double_aeabi.S.obj
                0x0000000010004d84                __wrap___aeabi_dcmplt
 .text.__wrap___aeabi_dcmple
                0x0000000010004d90       0x10 CMakeFiles/PicoPiFi.dir/pico-sdk/src/rp2_common/pico_double/double_aeabi.S.obj
                0x0000000010004d90                __wrap___aeabi_dcmple
 .text.__wrap___aeabi_dcmpge
                0x0000000010004da0       0x10 CMakeFiles/PicoPiFi.dir/pico-sdk/src/rp2_common/pico_double/double_aeabi.S.obj
                0x0000000010004da0                __wrap___aeabi_dcmpge
 .text.__wrap___aeabi_dcmpgt
                0x0000000010004db0        0xa CMakeFiles/PicoPiFi.dir/pico-sdk/src/rp2_common/pico_double/double_aeabi.S.obj
                0x0000000010004db0                __wrap___aeabi_dcmpgt
 .text.__wrap___aeabi_dcmpun
                0x0000000010004dba       0x1c CMakeFiles/PicoPiFi.dir/pico-sdk/src/rp2_common/pico_double/double_aeabi.S.obj
                0x0000000010004dba                __wrap___aeabi_dcmpun
 *fill*         0x0000000010004dd6        0x2 
 .text.__wrap___aeabi_i2d
                0x0000000010004dd8       0x38 CMakeFiles/PicoPiFi.dir/pico-sdk/src/rp2_common/pico_double/double_aeabi.S.obj
                0x0000000010004dd8                __wrap___aeabi_ui2d
                0x0000000010004de0                __wrap___aeabi_i2d
 .text.__wrap___aeabi_d2iz
                0x0000000010004e10       0x48 CMakeFiles/PicoPiFi.dir/pico-sdk/src/rp2_common/pico_double/double_aeabi.S.obj
                0x0000000010004e10                __wrap___aeabi_d2iz
                0x0000000010004e10                double2int_z
 .text.__wrap___aeabi_d2uiz
                0x0000000010004e58       0x10 CMakeFiles/PicoPiFi.dir/pico-sdk/src/rp2_common/pico_double/double_aeabi.S.obj
                0x0000000010004e58                double2uint
                0x0000000010004e58                __wrap___aeabi_d2uiz
 .text.__wrap___aeabi_l2d
                0x0000000010004e68       0x10 CMakeFiles/PicoPiFi.dir/pico-sdk/src/rp2_common/pico_double/double_aeabi.S.obj
                0x0000000010004e68                __wrap___aeabi_l2d
 .text.__wrap___aeabi_d2lz
                0x0000000010004e78       0x26 CMakeFiles/PicoPiFi.dir/pico-sdk/src/rp2_common/pico_double/double_aeabi.S.obj
                0x0000000010004e78                __wrap___aeabi_d2lz
                0x0000000010004e78                double2int64_z
 *fill*         0x0000000010004e9e        0x2 
 .text.double2int64
                0x0000000010004ea0       0x10 CMakeFiles/PicoPiFi.dir/pico-sdk/src/rp2_common/pico_double/double_aeabi.S.obj
                0x0000000010004ea0                double2int64
 .text.double2ufix64
                0x0000000010004eb0       0x10 CMakeFiles/PicoPiFi.dir/pico-sdk/src/rp2_common/pico_double/double_aeabi.S.obj
                0x0000000010004eb0                double2ufix64
 .text.__wrap___aeabi_d2f
                0x0000000010004ec0       0x10 CMakeFiles/PicoPiFi.dir/pico-sdk/src/rp2_common/pico_double/double_aeabi.S.obj
                0x0000000010004ec0                __wrap___aeabi_d2f
 .text.missing_double_func_shim
                0x0000000010004ed0        0xc CMakeFiles/PicoPiFi.dir/pico-sdk/src/rp2_common/pico_double/double_init_rom.c.obj
 .text.__aeabi_double_init
                0x0000000010004edc       0x98 CMakeFiles/PicoPiFi.dir/pico-sdk/src/rp2_common/pico_double/double_init_rom.c.obj
                0x0000000010004edc                __aeabi_double_init
 .text.double_table_shim_on_use_helper
                0x0000000010004f74       0x2c CMakeFiles/PicoPiFi.dir/pico-sdk/src/rp2_common/pico_double/double_v1_rom_shim.S.obj
                0x0000000010004f74                double_table_shim_on_use_helper
 .text.__aeabi_lmul
                0x0000000010004fa0       0x32 CMakeFiles/PicoPiFi.dir/pico-sdk/src/rp2_common/pico_int64_ops/pico_int64_ops_aeabi.S.obj
                0x0000000010004fa0                __wrap___aeabi_lmul
 *fill*         0x0000000010004fd2        0x2 
 .text.__wrap___aeabi_cfcmple
                0x0000000010004fd4       0x50 CMakeFiles/PicoPiFi.dir/pico-sdk/src/rp2_common/pico_float/float_aeabi.S.obj
                0x0000000010004fd4                __wrap___aeabi_cfrcmple
                0x0000000010004fe0                __wrap___aeabi_cfcmpeq
                0x0000000010004fe0                __wrap___aeabi_cfcmple
 .text.__wrap___aeabi_fcmple
                0x0000000010005024       0x10 CMakeFiles/PicoPiFi.dir/pico-sdk/src/rp2_common/pico_float/float_aeabi.S.obj
                0x0000000010005024                __wrap___aeabi_fcmple
 .text.__wrap___aeabi_fcmpun
                0x0000000010005034       0x18 CMakeFiles/PicoPiFi.dir/pico-sdk/src/rp2_common/pico_float/float_aeabi.S.obj
                0x0000000010005034                __wrap___aeabi_fcmpun
 .text.missing_float_func_shim
                0x000000001000504c        0xc CMakeFiles/PicoPiFi.dir/pico-sdk/src/rp2_common/pico_float/float_init_rom.c.obj
 .text.__aeabi_float_init
                0x0000000010005058       0x5c CMakeFiles/PicoPiFi.dir/pico-sdk/src/rp2_common/pico_float/float_init_rom.c.obj
                0x0000000010005058                __aeabi_float_init
 .text.__wrap_malloc
                0x00000000100050b4       0x3c CMakeFiles/PicoPiFi.dir/pico-sdk/src/rp2_common/pico_malloc/pico_malloc.c.obj
                0x00000000100050b4                __wrap_malloc
 .text.__wrap_calloc
                0x00000000100050f0       0x40 CMakeFiles/PicoPiFi.dir/pico-sdk/src/rp2_common/pico_malloc/pico_malloc.c.obj
                0x00000000100050f0                __wrap_calloc
 .text.__wrap_free
                0x0000000010005130       0x20 CMakeFiles/PicoPiFi.dir/pico-sdk/src/rp2_common/pico_malloc/pico_malloc.c.obj
                0x0000000010005130                __wrap_free
 .text          0x0000000010005150       0x10 CMakeFiles/PicoPiFi.dir/pico-sdk/src/rp2_common/pico_mem_ops/mem_ops_aeabi.S.obj
                0x0000000010005150                __aeabi_mem_init
 .text.memset   0x0000000010005160        0xc CMakeFiles/PicoPiFi.dir/pico-sdk/src/rp2_common/pico_mem_ops/mem_ops_aeabi.S.obj
                0x0000000010005160                __wrap_memset
 .text.memcpy   0x000000001000516c        0xc CMakeFiles/PicoPiFi.dir/pico-sdk/src/rp2_common/pico_mem_ops/mem_ops_aeabi.S.obj
                0x000000001000516c                __wrap___aeabi_memcpy
                0x000000001000516c                __wrap_memcpy
 .text.stdio_out_chars_no_crlf
                0x0000000010005178       0x10 CMakeFiles/PicoPiFi.dir/pico-sdk/src/rp2_common/pico_stdio/stdio.c.obj
 .text.stdio_out_chars_crlf
                0x0000000010005188       0xb4 CMakeFiles/PicoPiFi.dir/pico-sdk/src/rp2_common/pico_stdio/stdio.c.obj
 .text.stdio_buffered_printer
                0x000000001000523c       0x64 CMakeFiles/PicoPiFi.dir/pico-sdk/src/rp2_common/pico_stdio/stdio.c.obj
 .text.stdio_put_string.isra.0
                0x00000000100052a0       0xfc CMakeFiles/PicoPiFi.dir/pico-sdk/src/rp2_common/pico_stdio/stdio.c.obj
 .text.__wrap_putchar
                0x000000001000539c       0x98 CMakeFiles/PicoPiFi.dir/pico-sdk/src/rp2_common/pico_stdio/stdio.c.obj
                0x000000001000539c                __wrap_putchar
 .text.__wrap_puts
                0x0000000010005434       0x3c CMakeFiles/PicoPiFi.dir/pico-sdk/src/rp2_common/pico_stdio/stdio.c.obj
                0x0000000010005434                __wrap_puts
 .text._read    0x0000000010005470       0x94 CMakeFiles/PicoPiFi.dir/pico-sdk/src/rp2_common/pico_stdio/stdio.c.obj
                0x0000000010005470                _read
 .text._write   0x0000000010005504       0xac CMakeFiles/PicoPiFi.dir/pico-sdk/src/rp2_common/pico_stdio/stdio.c.obj
                0x0000000010005504                _write
 .text._close   0x00000000100055b0        0x8 CMakeFiles/PicoPiFi.dir/pico-sdk/src/rp2_common/pico_stdio/stdio.c.obj
                0x00000000100055b0                _close
 .text._lseek   0x00000000100055b8        0x8 CMakeFiles/PicoPiFi.dir/pico-sdk/src/rp2_common/pico_stdio/stdio.c.obj
                0x00000000100055b8                _lseek
 .text.__wrap_vprintf
                0x00000000100055c0       0xd8 CMakeFiles/PicoPiFi.dir/pico-sdk/src/rp2_common/pico_stdio/stdio.c.obj
                0x00000000100055c0                __wrap_vprintf
 .text.__wrap_printf
                0x0000000010005698       0x18 CMakeFiles/PicoPiFi.dir/pico-sdk/src/rp2_common/pico_stdio/stdio.c.obj
                0x0000000010005698                __wrap_printf
 .text.lwip_init
                0x00000000100056b0       0x1c CMakeFiles/PicoPiFi.dir/pico-sdk/lib/lwip/src/core/init.c.obj
                0x00000000100056b0                lwip_init
 .text.lwip_htons
                0x00000000100056cc        0x8 CMakeFiles/PicoPiFi.dir/pico-sdk/lib/lwip/src/core/def.c.obj
                0x00000000100056cc                lwip_htons
 .text.mem_init
                0x00000000100056d4       0x4c CMakeFiles/PicoPiFi.dir/pico-sdk/lib/lwip/src/core/mem.c.obj
                0x00000000100056d4                mem_init
 .text.mem_free
                0x0000000010005720      0x15c CMakeFiles/PicoPiFi.dir/pico-sdk/lib/lwip/src/core/mem.c.obj
                0x0000000010005720                mem_free
 .text.mem_malloc
                0x000000001000587c      0x19c CMakeFiles/PicoPiFi.dir/pico-sdk/lib/lwip/src/core/mem.c.obj
                0x000000001000587c                mem_malloc
 .text.memp_init
                0x0000000010005a18       0x94 CMakeFiles/PicoPiFi.dir/pico-sdk/lib/lwip/src/core/memp.c.obj
                0x0000000010005a18                memp_init
 .text.memp_malloc
                0x0000000010005aac       0x50 CMakeFiles/PicoPiFi.dir/pico-sdk/lib/lwip/src/core/memp.c.obj
                0x0000000010005aac                memp_malloc
 .text.memp_free
                0x0000000010005afc       0x38 CMakeFiles/PicoPiFi.dir/pico-sdk/lib/lwip/src/core/memp.c.obj
                0x0000000010005afc                memp_free
 .text.netif_init
                0x0000000010005b34        0x4 CMakeFiles/PicoPiFi.dir/pico-sdk/lib/lwip/src/core/netif.c.obj
                0x0000000010005b34                netif_init
 .text.pbuf_free.part.0
                0x0000000010005b38       0xb0 CMakeFiles/PicoPiFi.dir/pico-sdk/lib/lwip/src/core/pbuf.c.obj
 .text.pbuf_alloc
                0x0000000010005be8      0x124 CMakeFiles/PicoPiFi.dir/pico-sdk/lib/lwip/src/core/pbuf.c.obj
                0x0000000010005be8                pbuf_alloc
 .text.pbuf_add_header
                0x0000000010005d0c       0x5c CMakeFiles/PicoPiFi.dir/pico-sdk/lib/lwip/src/core/pbuf.c.obj
                0x0000000010005d0c                pbuf_add_header
 .text.pbuf_free
                0x0000000010005d68       0x1c CMakeFiles/PicoPiFi.dir/pico-sdk/lib/lwip/src/core/pbuf.c.obj
                0x0000000010005d68                pbuf_free
 .text.pbuf_clen
                0x0000000010005d84       0x14 CMakeFiles/PicoPiFi.dir/pico-sdk/lib/lwip/src/core/pbuf.c.obj
                0x0000000010005d84                pbuf_clen
 .text.pbuf_copy_partial
                0x0000000010005d98       0x70 CMakeFiles/PicoPiFi.dir/pico-sdk/lib/lwip/src/core/pbuf.c.obj
                0x0000000010005d98                pbuf_copy_partial
 .text.stats_init
                0x0000000010005e08        0x4 CMakeFiles/PicoPiFi.dir/pico-sdk/lib/lwip/src/core/stats.c.obj
                0x0000000010005e08                stats_init
 .text.sys_timeout_abs
                0x0000000010005e0c       0x4c CMakeFiles/PicoPiFi.dir/pico-sdk/lib/lwip/src/core/timeouts.c.obj
 .text.lwip_cyclic_timer
                0x0000000010005e58       0x38 CMakeFiles/PicoPiFi.dir/pico-sdk/lib/lwip/src/core/timeouts.c.obj
 .text.sys_timeouts_init
                0x0000000010005e90       0xa4 CMakeFiles/PicoPiFi.dir/pico-sdk/lib/lwip/src/core/timeouts.c.obj
                0x0000000010005e90                sys_timeouts_init
 .text.udp_init
                0x0000000010005f34        0x4 CMakeFiles/PicoPiFi.dir/pico-sdk/lib/lwip/src/core/udp.c.obj
                0x0000000010005f34                udp_init
 .text.etharp_raw
                0x0000000010005f38       0xf4 CMakeFiles/PicoPiFi.dir/pico-sdk/lib/lwip/src/core/ipv4/etharp.c.obj
 .text.etharp_tmr
                0x000000001000602c       0x94 CMakeFiles/PicoPiFi.dir/pico-sdk/lib/lwip/src/core/ipv4/etharp.c.obj
                0x000000001000602c                etharp_tmr
 .text.ip_reass_free_complete_datagram
                0x00000000100060c0      0x108 CMakeFiles/PicoPiFi.dir/pico-sdk/lib/lwip/src/core/ipv4/ip4_frag.c.obj
 .text.ip_reass_tmr
                0x00000000100061c8       0x38 CMakeFiles/PicoPiFi.dir/pico-sdk/lib/lwip/src/core/ipv4/ip4_frag.c.obj
                0x00000000100061c8                ip_reass_tmr
 .text.ethernet_output
                0x0000000010006200       0x78 CMakeFiles/PicoPiFi.dir/pico-sdk/lib/lwip/src/netif/ethernet.c.obj
                0x0000000010006200                ethernet_output
 .text.core1_trampoline
                0x0000000010006278        0x4 CMakeFiles/PicoPiFi.dir/pico-sdk/src/rp2_common/pico_multicore/multicore.c.obj
 .text.core1_wrapper
                0x000000001000627c        0xc CMakeFiles/PicoPiFi.dir/pico-sdk/src/rp2_common/pico_multicore/multicore.c.obj
                0x000000001000627c                core1_wrapper
 .text.multicore_lockout_handshake
                0x0000000010006288      0x104 CMakeFiles/PicoPiFi.dir/pico-sdk/src/rp2_common/pico_multicore/multicore.c.obj
 .text.multicore_launch_core1_raw
                0x000000001000638c       0x84 CMakeFiles/PicoPiFi.dir/pico-sdk/src/rp2_common/pico_multicore/multicore.c.obj
                0x000000001000638c                multicore_launch_core1_raw
 .text.multicore_launch_core1
                0x0000000010006410       0x4c CMakeFiles/PicoPiFi.dir/pico-sdk/src/rp2_common/pico_multicore/multicore.c.obj
                0x0000000010006410                multicore_launch_core1
 .text.multicore_lockout_victim_init
                0x000000001000645c       0x4c CMakeFiles/PicoPiFi.dir/pico-sdk/src/rp2_common/pico_multicore/multicore.c.obj
                0x000000001000645c                multicore_lockout_victim_init
 .text.multicore_lockout_start_blocking
                0x00000000100064a8       0x6c CMakeFiles/PicoPiFi.dir/pico-sdk/src/rp2_common/pico_multicore/multicore.c.obj
                0x00000000100064a8                multicore_lockout_start_blocking
 .text.multicore_lockout_end_blocking
                0x0000000010006514       0x50 CMakeFiles/PicoPiFi.dir/pico-sdk/src/rp2_common/pico_multicore/multicore.c.obj
                0x0000000010006514                multicore_lockout_end_blocking
 .text.cyw43_arch_set_async_context
                0x0000000010006564        0xc CMakeFiles/PicoPiFi.dir/pico-sdk/src/rp2_common/pico_cyw43_arch/cyw43_arch.c.obj
                0x0000000010006564                cyw43_arch_set_async_context
 .text.cyw43_arch_enable_sta_mode
                0x0000000010006570       0x1c CMakeFiles/PicoPiFi.dir/pico-sdk/src/rp2_common/pico_cyw43_arch/cyw43_arch.c.obj
                0x0000000010006570                cyw43_arch_enable_sta_mode
 .text.cyw43_arch_wifi_connect_async
                0x000000001000658c       0x48 CMakeFiles/PicoPiFi.dir/pico-sdk/src/rp2_common/pico_cyw43_arch/cyw43_arch.c.obj
                0x000000001000658c                cyw43_arch_wifi_connect_async
 .text.cyw43_arch_init_with_country
                0x00000000100065d4       0x10 CMakeFiles/PicoPiFi.dir/pico-sdk/src/rp2_common/pico_cyw43_arch/cyw43_arch.c.obj
                0x00000000100065d4                cyw43_arch_init_with_country
 .text.cyw43_arch_gpio_put
                0x00000000100065e4       0x14 CMakeFiles/PicoPiFi.dir/pico-sdk/src/rp2_common/pico_cyw43_arch/cyw43_arch.c.obj
                0x00000000100065e4                cyw43_arch_gpio_put
 .text.cyw43_arch_async_context
                0x00000000100065f8        0xc CMakeFiles/PicoPiFi.dir/pico-sdk/src/rp2_common/pico_cyw43_arch/cyw43_arch.c.obj
                0x00000000100065f8                cyw43_arch_async_context
 .text.cyw43_arch_init
                0x0000000010006604       0x6c CMakeFiles/PicoPiFi.dir/pico-sdk/src/rp2_common/pico_cyw43_arch/cyw43_arch_threadsafe_background.c.obj
                0x0000000010006604                cyw43_arch_init
 .text.startup._retrieve_unique_id_on_boot
                0x0000000010006670       0x10 CMakeFiles/PicoPiFi.dir/pico-sdk/src/rp2_common/pico_unique_id/unique_id.c.obj
 .text.pico_get_unique_board_id
                0x0000000010006680       0x10 CMakeFiles/PicoPiFi.dir/pico-sdk/src/rp2_common/pico_unique_id/unique_id.c.obj
                0x0000000010006680                pico_get_unique_board_id
 .text.flash_get_unique_id
                0x0000000010006690       0x40 CMakeFiles/PicoPiFi.dir/pico-sdk/src/rp2_common/hardware_flash/flash.c.obj
                0x0000000010006690                flash_get_unique_id
 .text.ns_delay.constprop.0
                0x00000000100066d0       0x20 CMakeFiles/PicoPiFi.dir/pico-sdk/src/rp2_common/pico_cyw43_driver/cyw43_bus_pio_spi.c.obj
 .text.cyw43_spi_deinit
                0x00000000100066f0       0x7c CMakeFiles/PicoPiFi.dir/pico-sdk/src/rp2_common/pico_cyw43_driver/cyw43_bus_pio_spi.c.obj
                0x00000000100066f0                cyw43_spi_deinit
 .text.cyw43_spi_init
                0x000000001000676c      0x154 CMakeFiles/PicoPiFi.dir/pico-sdk/src/rp2_common/pico_cyw43_driver/cyw43_bus_pio_spi.c.obj
                0x000000001000676c                cyw43_spi_init
 .text.cyw43_spi_transfer
                0x00000000100068c0      0x430 CMakeFiles/PicoPiFi.dir/pico-sdk/src/rp2_common/pico_cyw43_driver/cyw43_bus_pio_spi.c.obj
                0x00000000100068c0                cyw43_spi_transfer
 .text.cyw43_spi_gpio_setup
                0x0000000010006cf0       0x3c CMakeFiles/PicoPiFi.dir/pico-sdk/src/rp2_common/pico_cyw43_driver/cyw43_bus_pio_spi.c.obj
                0x0000000010006cf0                cyw43_spi_gpio_setup
 .text.cyw43_spi_reset
                0x0000000010006d2c       0x28 CMakeFiles/PicoPiFi.dir/pico-sdk/src/rp2_common/pico_cyw43_driver/cyw43_bus_pio_spi.c.obj
                0x0000000010006d2c                cyw43_spi_reset
 .text.read_reg_u32_swap
                0x0000000010006d54       0x3c CMakeFiles/PicoPiFi.dir/pico-sdk/src/rp2_common/pico_cyw43_driver/cyw43_bus_pio_spi.c.obj
                0x0000000010006d54                read_reg_u32_swap
 .text.cyw43_read_reg_u32
                0x0000000010006d90       0x6c CMakeFiles/PicoPiFi.dir/pico-sdk/src/rp2_common/pico_cyw43_driver/cyw43_bus_pio_spi.c.obj
                0x0000000010006d90                cyw43_read_reg_u32
 .text.cyw43_read_reg_u16
                0x0000000010006dfc       0x6c CMakeFiles/PicoPiFi.dir/pico-sdk/src/rp2_common/pico_cyw43_driver/cyw43_bus_pio_spi.c.obj
                0x0000000010006dfc                cyw43_read_reg_u16
 .text.cyw43_read_reg_u8
                0x0000000010006e68       0x6c CMakeFiles/PicoPiFi.dir/pico-sdk/src/rp2_common/pico_cyw43_driver/cyw43_bus_pio_spi.c.obj
                0x0000000010006e68                cyw43_read_reg_u8
 .text.write_reg_u32_swap
                0x0000000010006ed4      0x1e0 CMakeFiles/PicoPiFi.dir/pico-sdk/src/rp2_common/pico_cyw43_driver/cyw43_bus_pio_spi.c.obj
                0x0000000010006ed4                write_reg_u32_swap
 .text.cyw43_write_reg_u32
                0x00000000100070b4      0x200 CMakeFiles/PicoPiFi.dir/pico-sdk/src/rp2_common/pico_cyw43_driver/cyw43_bus_pio_spi.c.obj
                0x00000000100070b4                cyw43_write_reg_u32
 .text.cyw43_write_reg_u16
                0x00000000100072b4      0x200 CMakeFiles/PicoPiFi.dir/pico-sdk/src/rp2_common/pico_cyw43_driver/cyw43_bus_pio_spi.c.obj
                0x00000000100072b4                cyw43_write_reg_u16
 .text.cyw43_write_reg_u8
                0x00000000100074b4      0x200 CMakeFiles/PicoPiFi.dir/pico-sdk/src/rp2_common/pico_cyw43_driver/cyw43_bus_pio_spi.c.obj
                0x00000000100074b4                cyw43_write_reg_u8
 .text.cyw43_read_bytes
                0x00000000100076b4       0x78 CMakeFiles/PicoPiFi.dir/pico-sdk/src/rp2_common/pico_cyw43_driver/cyw43_bus_pio_spi.c.obj
                0x00000000100076b4                cyw43_read_bytes
 .text.cyw43_write_bytes
                0x000000001000772c       0xec CMakeFiles/PicoPiFi.dir/pico-sdk/src/rp2_common/pico_cyw43_driver/cyw43_bus_pio_spi.c.obj
                0x000000001000772c                cyw43_write_bytes
 .text.cyw43_set_backplane_window
                0x0000000010007818       0x64 CMakeFiles/PicoPiFi.dir/pico-sdk/lib/cyw43-driver/src/cyw43_ll.c.obj
 .text.cyw43_ll_parse_async_event
                0x000000001000787c      0x13c CMakeFiles/PicoPiFi.dir/pico-sdk/lib/cyw43-driver/src/cyw43_ll.c.obj
 .text.cyw43_kso_set
                0x00000000100079b8       0xa0 CMakeFiles/PicoPiFi.dir/pico-sdk/lib/cyw43-driver/src/cyw43_ll.c.obj
 .text.cyw43_ll_sdpcm_poll_device
                0x0000000010007a58      0x238 CMakeFiles/PicoPiFi.dir/pico-sdk/lib/cyw43-driver/src/cyw43_ll.c.obj
 .text.cyw43_sdpcm_send_common
                0x0000000010007c90       0xf8 CMakeFiles/PicoPiFi.dir/pico-sdk/lib/cyw43-driver/src/cyw43_ll.c.obj
 .text.cyw43_do_ioctl.part.0
                0x0000000010007d88       0xc4 CMakeFiles/PicoPiFi.dir/pico-sdk/lib/cyw43-driver/src/cyw43_ll.c.obj
 .text.cyw43_download_resource
                0x0000000010007e4c       0xd0 CMakeFiles/PicoPiFi.dir/pico-sdk/lib/cyw43-driver/src/cyw43_ll.c.obj
 .text.cyw43_write_iovar_u32
                0x0000000010007f1c       0xa4 CMakeFiles/PicoPiFi.dir/pico-sdk/lib/cyw43-driver/src/cyw43_ll.c.obj
 .text.cyw43_write_iovar_u32_u32.constprop.0
                0x0000000010007fc0       0xb0 CMakeFiles/PicoPiFi.dir/pico-sdk/lib/cyw43-driver/src/cyw43_ll.c.obj
 .text.cyw43_read_backplane.constprop.0
                0x0000000010008070       0xdc CMakeFiles/PicoPiFi.dir/pico-sdk/lib/cyw43-driver/src/cyw43_ll.c.obj
 .text.cyw43_write_backplane
                0x000000001000814c      0x104 CMakeFiles/PicoPiFi.dir/pico-sdk/lib/cyw43-driver/src/cyw43_ll.c.obj
 .text.reset_device_core.constprop.0
                0x0000000010008250      0x3f0 CMakeFiles/PicoPiFi.dir/pico-sdk/lib/cyw43-driver/src/cyw43_ll.c.obj
 .text.cyw43_ll_init
                0x0000000010008640       0x1c CMakeFiles/PicoPiFi.dir/pico-sdk/lib/cyw43-driver/src/cyw43_ll.c.obj
                0x0000000010008640                cyw43_ll_init
 .text.cyw43_ll_deinit
                0x000000001000865c        0x8 CMakeFiles/PicoPiFi.dir/pico-sdk/lib/cyw43-driver/src/cyw43_ll.c.obj
                0x000000001000865c                cyw43_ll_deinit
 .text.cyw43_ll_send_ethernet
                0x0000000010008664       0x60 CMakeFiles/PicoPiFi.dir/pico-sdk/lib/cyw43-driver/src/cyw43_ll.c.obj
                0x0000000010008664                cyw43_ll_send_ethernet
 .text.cyw43_ll_process_packets
                0x00000000100086c4       0x54 CMakeFiles/PicoPiFi.dir/pico-sdk/lib/cyw43-driver/src/cyw43_ll.c.obj
                0x00000000100086c4                cyw43_ll_process_packets
 .text.cyw43_ll_ioctl
                0x0000000010008718       0x80 CMakeFiles/PicoPiFi.dir/pico-sdk/lib/cyw43-driver/src/cyw43_ll.c.obj
                0x0000000010008718                cyw43_ll_ioctl
 .text.cyw43_ll_bus_sleep
                0x0000000010008798       0x34 CMakeFiles/PicoPiFi.dir/pico-sdk/lib/cyw43-driver/src/cyw43_ll.c.obj
                0x0000000010008798                cyw43_ll_bus_sleep
 .text.cyw43_ll_wifi_on
                0x00000000100087cc      0x220 CMakeFiles/PicoPiFi.dir/pico-sdk/lib/cyw43-driver/src/cyw43_ll.c.obj
                0x00000000100087cc                cyw43_ll_wifi_on
 .text.cyw43_ll_wifi_get_mac
                0x00000000100089ec       0x74 CMakeFiles/PicoPiFi.dir/pico-sdk/lib/cyw43-driver/src/cyw43_ll.c.obj
                0x00000000100089ec                cyw43_ll_wifi_get_mac
 .text.cyw43_ll_bus_init
                0x0000000010008a60      0x950 CMakeFiles/PicoPiFi.dir/pico-sdk/lib/cyw43-driver/src/cyw43_ll.c.obj
                0x0000000010008a60                cyw43_ll_bus_init
 .text.cyw43_ll_wifi_pm
                0x00000000100093b0      0x138 CMakeFiles/PicoPiFi.dir/pico-sdk/lib/cyw43-driver/src/cyw43_ll.c.obj
                0x00000000100093b0                cyw43_ll_wifi_pm
 .text.cyw43_ll_wifi_scan
                0x00000000100094e8       0xa0 CMakeFiles/PicoPiFi.dir/pico-sdk/lib/cyw43-driver/src/cyw43_ll.c.obj
                0x00000000100094e8                cyw43_ll_wifi_scan
 .text.cyw43_ll_wifi_join
                0x0000000010009588      0x3ec CMakeFiles/PicoPiFi.dir/pico-sdk/lib/cyw43-driver/src/cyw43_ll.c.obj
                0x0000000010009588                cyw43_ll_wifi_join
 .text.cyw43_ll_wifi_set_wpa_auth
                0x0000000010009974       0x4c CMakeFiles/PicoPiFi.dir/pico-sdk/lib/cyw43-driver/src/cyw43_ll.c.obj
                0x0000000010009974                cyw43_ll_wifi_set_wpa_auth
 .text.cyw43_ll_wifi_rejoin
                0x00000000100099c0       0x58 CMakeFiles/PicoPiFi.dir/pico-sdk/lib/cyw43-driver/src/cyw43_ll.c.obj
                0x00000000100099c0                cyw43_ll_wifi_rejoin
 .text.cyw43_ll_wifi_ap_init
                0x0000000010009a18      0x2e8 CMakeFiles/PicoPiFi.dir/pico-sdk/lib/cyw43-driver/src/cyw43_ll.c.obj
                0x0000000010009a18                cyw43_ll_wifi_ap_init
 .text.cyw43_ll_wifi_ap_set_up
                0x0000000010009d00       0x80 CMakeFiles/PicoPiFi.dir/pico-sdk/lib/cyw43-driver/src/cyw43_ll.c.obj
                0x0000000010009d00                cyw43_ll_wifi_ap_set_up
 .text.cyw43_ll_gpio_set
                0x0000000010009d80       0x9c CMakeFiles/PicoPiFi.dir/pico-sdk/lib/cyw43-driver/src/cyw43_ll.c.obj
                0x0000000010009d80                cyw43_ll_gpio_set
 .text.cyw43_ll_has_work
                0x0000000010009e1c       0x14 CMakeFiles/PicoPiFi.dir/pico-sdk/lib/cyw43-driver/src/cyw43_ll.c.obj
                0x0000000010009e1c                cyw43_ll_has_work
 .text.cyw43_poll_func
                0x0000000010009e30       0xc0 CMakeFiles/PicoPiFi.dir/pico-sdk/lib/cyw43-driver/src/cyw43_ctrl.c.obj
 .text.cyw43_init
                0x0000000010009ef0       0x6c CMakeFiles/PicoPiFi.dir/pico-sdk/lib/cyw43-driver/src/cyw43_ctrl.c.obj
                0x0000000010009ef0                cyw43_init
 .text.cyw43_deinit
                0x0000000010009f5c       0x90 CMakeFiles/PicoPiFi.dir/pico-sdk/lib/cyw43-driver/src/cyw43_ctrl.c.obj
                0x0000000010009f5c                cyw43_deinit
 .text.cyw43_cb_read_host_interrupt_pin
                0x0000000010009fec        0xc CMakeFiles/PicoPiFi.dir/pico-sdk/lib/cyw43-driver/src/cyw43_ctrl.c.obj
                0x0000000010009fec                cyw43_cb_read_host_interrupt_pin
 .text.cyw43_cb_ensure_awake
                0x0000000010009ff8        0xc CMakeFiles/PicoPiFi.dir/pico-sdk/lib/cyw43-driver/src/cyw43_ctrl.c.obj
                0x0000000010009ff8                cyw43_cb_ensure_awake
 .text.cyw43_cb_process_async_event
                0x000000001000a004      0x228 CMakeFiles/PicoPiFi.dir/pico-sdk/lib/cyw43-driver/src/cyw43_ctrl.c.obj
                0x000000001000a004                cyw43_cb_process_async_event
 .text.cyw43_send_ethernet
                0x000000001000a22c       0xc0 CMakeFiles/PicoPiFi.dir/pico-sdk/lib/cyw43-driver/src/cyw43_ctrl.c.obj
                0x000000001000a22c                cyw43_send_ethernet
 .text.cyw43_wifi_pm
                0x000000001000a2ec       0xb4 CMakeFiles/PicoPiFi.dir/pico-sdk/lib/cyw43-driver/src/cyw43_ctrl.c.obj
                0x000000001000a2ec                cyw43_wifi_pm
 .text.cyw43_wifi_set_up
                0x000000001000a3a0      0x338 CMakeFiles/PicoPiFi.dir/pico-sdk/lib/cyw43-driver/src/cyw43_ctrl.c.obj
                0x000000001000a3a0                cyw43_wifi_set_up
 .text.cyw43_wifi_scan
                0x000000001000a6d8       0xd4 CMakeFiles/PicoPiFi.dir/pico-sdk/lib/cyw43-driver/src/cyw43_ctrl.c.obj
                0x000000001000a6d8                cyw43_wifi_scan
 .text.cyw43_wifi_join
                0x000000001000a7ac       0xf4 CMakeFiles/PicoPiFi.dir/pico-sdk/lib/cyw43-driver/src/cyw43_ctrl.c.obj
                0x000000001000a7ac                cyw43_wifi_join
 .text.cyw43_wifi_leave
                0x000000001000a8a0       0xa4 CMakeFiles/PicoPiFi.dir/pico-sdk/lib/cyw43-driver/src/cyw43_ctrl.c.obj
                0x000000001000a8a0                cyw43_wifi_leave
 .text.cyw43_gpio_set
                0x000000001000a944       0xa0 CMakeFiles/PicoPiFi.dir/pico-sdk/lib/cyw43-driver/src/cyw43_ctrl.c.obj
                0x000000001000a944                cyw43_gpio_set
 .text.pio_sm_unclaim
                0x000000001000a9e4       0x20 CMakeFiles/PicoPiFi.dir/pico-sdk/src/rp2_common/hardware_pio/pio.c.obj
                0x000000001000a9e4                pio_sm_unclaim
 .text.pio_claim_unused_sm
                0x000000001000aa04       0x3c CMakeFiles/PicoPiFi.dir/pico-sdk/src/rp2_common/hardware_pio/pio.c.obj
                0x000000001000aa04                pio_claim_unused_sm
 .text.pio_can_add_program
                0x000000001000aa40       0x68 CMakeFiles/PicoPiFi.dir/pico-sdk/src/rp2_common/hardware_pio/pio.c.obj
                0x000000001000aa40                pio_can_add_program
 .text.pio_add_program
                0x000000001000aaa8       0xc8 CMakeFiles/PicoPiFi.dir/pico-sdk/src/rp2_common/hardware_pio/pio.c.obj
                0x000000001000aaa8                pio_add_program
 .text.pio_remove_program
                0x000000001000ab70       0x34 CMakeFiles/PicoPiFi.dir/pico-sdk/src/rp2_common/hardware_pio/pio.c.obj
                0x000000001000ab70                pio_remove_program
 .text.pio_sm_set_pindirs_with_mask
                0x000000001000aba4       0xa4 CMakeFiles/PicoPiFi.dir/pico-sdk/src/rp2_common/hardware_pio/pio.c.obj
                0x000000001000aba4                pio_sm_set_pindirs_with_mask
 .text.pio_sm_set_consecutive_pindirs
                0x000000001000ac48       0xb0 CMakeFiles/PicoPiFi.dir/pico-sdk/src/rp2_common/hardware_pio/pio.c.obj
                0x000000001000ac48                pio_sm_set_consecutive_pindirs
 .text.dma_channel_unclaim
                0x000000001000acf8       0x10 CMakeFiles/PicoPiFi.dir/pico-sdk/src/rp2_common/hardware_dma/dma.c.obj
                0x000000001000acf8                dma_channel_unclaim
 .text.dma_claim_unused_channel
                0x000000001000ad08       0x20 CMakeFiles/PicoPiFi.dir/pico-sdk/src/rp2_common/hardware_dma/dma.c.obj
                0x000000001000ad08                dma_claim_unused_channel
 .text.dma_channel_cleanup
                0x000000001000ad28       0x60 CMakeFiles/PicoPiFi.dir/pico-sdk/src/rp2_common/hardware_dma/dma.c.obj
                0x000000001000ad28                dma_channel_cleanup
 .text.cyw43_sleep_timeout_reached
                0x000000001000ad88       0x10 CMakeFiles/PicoPiFi.dir/pico-sdk/src/rp2_common/pico_cyw43_driver/cyw43_driver.c.obj
 .text.cyw43_irq_init
                0x000000001000ad98       0x28 CMakeFiles/PicoPiFi.dir/pico-sdk/src/rp2_common/pico_cyw43_driver/cyw43_driver.c.obj
                0x000000001000ad98                cyw43_irq_init
 .text.cyw43_irq_deinit
                0x000000001000adc0       0x20 CMakeFiles/PicoPiFi.dir/pico-sdk/src/rp2_common/pico_cyw43_driver/cyw43_driver.c.obj
                0x000000001000adc0                cyw43_irq_deinit
 .text.cyw43_gpio_irq_handler
                0x000000001000ade0       0x44 CMakeFiles/PicoPiFi.dir/pico-sdk/src/rp2_common/pico_cyw43_driver/cyw43_driver.c.obj
 .text.cyw43_do_poll
                0x000000001000ae24       0x68 CMakeFiles/PicoPiFi.dir/pico-sdk/src/rp2_common/pico_cyw43_driver/cyw43_driver.c.obj
 .text.cyw43_post_poll_hook
                0x000000001000ae8c       0x10 CMakeFiles/PicoPiFi.dir/pico-sdk/src/rp2_common/pico_cyw43_driver/cyw43_driver.c.obj
                0x000000001000ae8c                cyw43_post_poll_hook
 .text.cyw43_schedule_internal_poll_dispatch
                0x000000001000ae9c       0x18 CMakeFiles/PicoPiFi.dir/pico-sdk/src/rp2_common/pico_cyw43_driver/cyw43_driver.c.obj
                0x000000001000ae9c                cyw43_schedule_internal_poll_dispatch
 .text.cyw43_driver_init
                0x000000001000aeb4       0x38 CMakeFiles/PicoPiFi.dir/pico-sdk/src/rp2_common/pico_cyw43_driver/cyw43_driver.c.obj
                0x000000001000aeb4                cyw43_driver_init
 .text.cyw43_driver_deinit
                0x000000001000aeec       0x44 CMakeFiles/PicoPiFi.dir/pico-sdk/src/rp2_common/pico_cyw43_driver/cyw43_driver.c.obj
                0x000000001000aeec                cyw43_driver_deinit
 .text.cyw43_hal_generate_laa_mac
                0x000000001000af30       0x28 CMakeFiles/PicoPiFi.dir/pico-sdk/src/rp2_common/pico_cyw43_driver/cyw43_driver.c.obj
                0x000000001000af30                cyw43_hal_generate_laa_mac
 .text.cyw43_hal_get_mac
                0x000000001000af58       0x1c CMakeFiles/PicoPiFi.dir/pico-sdk/src/rp2_common/pico_cyw43_driver/cyw43_driver.c.obj
                0x000000001000af58                cyw43_hal_get_mac
 .text.cyw43_thread_enter
                0x000000001000af74       0x14 CMakeFiles/PicoPiFi.dir/pico-sdk/src/rp2_common/pico_cyw43_driver/cyw43_driver.c.obj
                0x000000001000af74                cyw43_thread_enter
 .text.cyw43_thread_exit
                0x000000001000af88       0x14 CMakeFiles/PicoPiFi.dir/pico-sdk/src/rp2_common/pico_cyw43_driver/cyw43_driver.c.obj
                0x000000001000af88                cyw43_thread_exit
 .text.cyw43_await_background_or_timeout_us
                0x000000001000af9c       0x34 CMakeFiles/PicoPiFi.dir/pico-sdk/src/rp2_common/pico_cyw43_driver/cyw43_driver.c.obj
                0x000000001000af9c                cyw43_await_background_or_timeout_us
 .text.cyw43_delay_ms
                0x000000001000afd0       0x44 CMakeFiles/PicoPiFi.dir/pico-sdk/src/rp2_common/pico_cyw43_driver/cyw43_driver.c.obj
                0x000000001000afd0                cyw43_delay_ms
 .text.cyw43_delay_us
                0x000000001000b014       0x34 CMakeFiles/PicoPiFi.dir/pico-sdk/src/rp2_common/pico_cyw43_driver/cyw43_driver.c.obj
                0x000000001000b014                cyw43_delay_us
 .text.cyw43_cb_tcpip_init
                0x000000001000b048        0x4 CMakeFiles/PicoPiFi.dir/pico-sdk/src/rp2_common/pico_cyw43_driver/cyw43_driver.c.obj
                0x000000001000b048                cyw43_cb_tcpip_init
 .text.cyw43_cb_tcpip_deinit
                0x000000001000b04c        0x4 CMakeFiles/PicoPiFi.dir/pico-sdk/src/rp2_common/pico_cyw43_driver/cyw43_driver.c.obj
                0x000000001000b04c                cyw43_cb_tcpip_deinit
 .text.handle_sync_func_call
                0x000000001000b050       0x24 CMakeFiles/PicoPiFi.dir/pico-sdk/src/rp2_common/pico_async_context/async_context_threadsafe_background.c.obj
 .text.async_context_threadsafe_background_acquire_lock_blocking
                0x000000001000b074        0xc CMakeFiles/PicoPiFi.dir/pico-sdk/src/rp2_common/pico_async_context/async_context_threadsafe_background.c.obj
 .text.process_under_lock
                0x000000001000b080       0xc8 CMakeFiles/PicoPiFi.dir/pico-sdk/src/rp2_common/pico_async_context/async_context_threadsafe_background.c.obj
 .text.async_context_threadsafe_background_deinit
                0x000000001000b148       0x64 CMakeFiles/PicoPiFi.dir/pico-sdk/src/rp2_common/pico_async_context/async_context_threadsafe_background.c.obj
 .text.low_priority_irq_handler
                0x000000001000b1ac       0x3c CMakeFiles/PicoPiFi.dir/pico-sdk/src/rp2_common/pico_async_context/async_context_threadsafe_background.c.obj
 .text.async_context_threadsafe_background_wait_for_work_until
                0x000000001000b1e8        0xc CMakeFiles/PicoPiFi.dir/pico-sdk/src/rp2_common/pico_async_context/async_context_threadsafe_background.c.obj
 .text.async_context_threadsafe_background_wait_until
                0x000000001000b1f4       0x1c CMakeFiles/PicoPiFi.dir/pico-sdk/src/rp2_common/pico_async_context/async_context_threadsafe_background.c.obj
 .text.async_context_threadsafe_background_lock_check
                0x000000001000b210       0x28 CMakeFiles/PicoPiFi.dir/pico-sdk/src/rp2_common/pico_async_context/async_context_threadsafe_background.c.obj
 .text.async_context_threadsafe_background_execute_sync
                0x000000001000b238       0xe4 CMakeFiles/PicoPiFi.dir/pico-sdk/src/rp2_common/pico_async_context/async_context_threadsafe_background.c.obj
                0x000000001000b238                async_context_threadsafe_background_execute_sync
 .text.async_context_threadsafe_background_set_work_pending
                0x000000001000b31c       0x50 CMakeFiles/PicoPiFi.dir/pico-sdk/src/rp2_common/pico_async_context/async_context_threadsafe_background.c.obj
 .text.alarm_handler
                0x000000001000b36c       0x58 CMakeFiles/PicoPiFi.dir/pico-sdk/src/rp2_common/pico_async_context/async_context_threadsafe_background.c.obj
 .text.async_context_threadsafe_background_release_lock
                0x000000001000b3c4       0x7c CMakeFiles/PicoPiFi.dir/pico-sdk/src/rp2_common/pico_async_context/async_context_threadsafe_background.c.obj
 .text.async_context_threadsafe_background_when_pending_worker
                0x000000001000b440       0x90 CMakeFiles/PicoPiFi.dir/pico-sdk/src/rp2_common/pico_async_context/async_context_threadsafe_background.c.obj
 .text.async_context_threadsafe_background_remove_at_time_worker
                0x000000001000b4d0       0x90 CMakeFiles/PicoPiFi.dir/pico-sdk/src/rp2_common/pico_async_context/async_context_threadsafe_background.c.obj
 .text.async_context_threadsafe_background_add_when_pending_worker
                0x000000001000b560       0x90 CMakeFiles/PicoPiFi.dir/pico-sdk/src/rp2_common/pico_async_context/async_context_threadsafe_background.c.obj
 .text.async_context_threadsafe_background_add_at_time_worker
                0x000000001000b5f0       0x90 CMakeFiles/PicoPiFi.dir/pico-sdk/src/rp2_common/pico_async_context/async_context_threadsafe_background.c.obj
 .text.async_context_threadsafe_background_default_config
                0x000000001000b680        0xc CMakeFiles/PicoPiFi.dir/pico-sdk/src/rp2_common/pico_async_context/async_context_threadsafe_background.c.obj
                0x000000001000b680                async_context_threadsafe_background_default_config
 .text.async_context_threadsafe_background_init
                0x000000001000b68c       0xa4 CMakeFiles/PicoPiFi.dir/pico-sdk/src/rp2_common/pico_async_context/async_context_threadsafe_background.c.obj
                0x000000001000b68c                async_context_threadsafe_background_init
 .text.async_context_base_add_at_time_worker
                0x000000001000b730       0x28 CMakeFiles/PicoPiFi.dir/pico-sdk/src/rp2_common/pico_async_context/async_context_base.c.obj
                0x000000001000b730                async_context_base_add_at_time_worker
 .text.async_context_base_remove_at_time_worker
                0x000000001000b758       0x28 CMakeFiles/PicoPiFi.dir/pico-sdk/src/rp2_common/pico_async_context/async_context_base.c.obj
                0x000000001000b758                async_context_base_remove_at_time_worker
 .text.async_context_base_add_when_pending_worker
                0x000000001000b780       0x24 CMakeFiles/PicoPiFi.dir/pico-sdk/src/rp2_common/pico_async_context/async_context_base.c.obj
                0x000000001000b780                async_context_base_add_when_pending_worker
 .text.async_context_base_remove_when_pending_worker
                0x000000001000b7a4       0x28 CMakeFiles/PicoPiFi.dir/pico-sdk/src/rp2_common/pico_async_context/async_context_base.c.obj
                0x000000001000b7a4                async_context_base_remove_when_pending_worker
 .text.async_context_base_execute_once
                0x000000001000b7cc       0xe8 CMakeFiles/PicoPiFi.dir/pico-sdk/src/rp2_common/pico_async_context/async_context_base.c.obj
                0x000000001000b7cc                async_context_base_execute_once
 .text.async_context_base_needs_servicing
                0x000000001000b8b4       0x54 CMakeFiles/PicoPiFi.dir/pico-sdk/src/rp2_common/pico_async_context/async_context_base.c.obj
                0x000000001000b8b4                async_context_base_needs_servicing
 .text          0x000000001000b908      0xb28 libcherryusblib.a(usb_dc_rp2040.c.obj)
                0x000000001000bc54                usb_dc_init
                0x000000001000bce8                usb_dc_deinit
                0x000000001000bcec                usbd_set_address
                0x000000001000bcfc                usbd_get_port_speed
                0x000000001000bd00                usbd_ep_open
                0x000000001000be1c                usbd_ep_close
                0x000000001000bea0                usbd_ep_set_stall
                0x000000001000bef4                usbd_ep_clear_stall
                0x000000001000bf54                usbd_ep_is_stalled
                0x000000001000bf58                usbd_ep_start_write
                0x000000001000c0c0                usbd_ep_start_read
                0x000000001000c258                isr_irq5
 .text          0x000000001000c430       0xfc libcherryusblib.a(usbd_cdc.c.obj)
                0x000000001000c430                usbd_cdc_acm_init_intf
                0x000000001000c444                usbd_cdc_acm_set_line_coding
                0x000000001000c448                usbd_cdc_acm_get_line_coding
                0x000000001000c468                usbd_cdc_acm_set_rts
                0x000000001000c46c                usbd_cdc_acm_send_break
 .text          0x000000001000c52c      0x7f4 libcherryusblib.a(usbd_rndis.c.obj)
                0x000000001000c52c                rndis_int_in
                0x000000001000c568                rndis_bulk_out
                0x000000001000c5ac                rndis_bulk_in
                0x000000001000c9dc                usbd_rndis_eth_rx
                0x000000001000cb1c                usbd_rndis_eth_tx
                0x000000001000cc9c                usbd_rndis_init_intf
 .text          0x000000001000cd20     0x1094 libcherryusblib.a(usbd_core.c.obj)
                0x000000001000cd20                usbd_event_ep0_in_complete_handler
                0x000000001000d788                usbd_event_ep0_out_complete_handler
                0x000000001000d7f0                usbd_event_connect_handler
                0x000000001000d814                usbd_event_disconnect_handler
                0x000000001000d838                usbd_event_resume_handler
                0x000000001000d85c                usbd_event_suspend_handler
                0x000000001000d880                usbd_event_reset_handler
                0x000000001000d944                usbd_event_ep0_setup_complete_handler
                0x000000001000da54                usbd_event_ep_in_complete_handler
                0x000000001000da84                usbd_event_ep_out_complete_handler
                0x000000001000dab4                usbd_desc_register
                0x000000001000dafc                usbd_msosv1_desc_register
                0x000000001000db10                usbd_msosv2_desc_register
                0x000000001000db24                usbd_bos_desc_register
                0x000000001000db38                usbd_add_interface
                0x000000001000db78                usbd_add_endpoint
                0x000000001000dbd4                usbd_get_ep_mps
                0x000000001000dc24                usbd_get_ep_mult
                0x000000001000dc74                usb_device_is_configured
                0x000000001000dc98                usbd_initialize
                0x000000001000dd20                usbd_deinitialize
 .text          0x000000001000ddb4       0x18 /usr/lib/gcc/arm-none-eabi/10.3.1/../../../arm-none-eabi/lib/thumb/v6-m/nofp/libc.a(lib_a-calloc.o)
                0x000000001000ddb4                calloc
 .text          0x000000001000ddcc       0x5c /usr/lib/gcc/arm-none-eabi/10.3.1/../../../arm-none-eabi/lib/thumb/v6-m/nofp/libc.a(lib_a-callocr.o)
                0x000000001000ddcc                _calloc_r
 .text          0x000000001000de28       0x28 /usr/lib/gcc/arm-none-eabi/10.3.1/../../../arm-none-eabi/lib/thumb/v6-m/nofp/libc.a(lib_a-malloc.o)
                0x000000001000de28                malloc
                0x000000001000de3c                free
 .text          0x000000001000de50      0x574 /usr/lib/gcc/arm-none-eabi/10.3.1/../../../arm-none-eabi/lib/thumb/v6-m/nofp/libc.a(lib_a-mallocr.o)
                0x000000001000de50                _malloc_r
 .text          0x000000001000e3c4        0x8 /usr/lib/gcc/arm-none-eabi/10.3.1/../../../arm-none-eabi/lib/thumb/v6-m/nofp/libc.a(lib_a-mlock.o)
                0x000000001000e3c4                __malloc_lock
                0x000000001000e3c8                __malloc_unlock
 .text          0x000000001000e3cc      0x354 /usr/lib/gcc/arm-none-eabi/10.3.1/../../../arm-none-eabi/lib/thumb/v6-m/nofp/libc.a(lib_a-reallocr.o)
                0x000000001000e3cc                _realloc_r
 .text          0x000000001000e720       0x24 /usr/lib/gcc/arm-none-eabi/10.3.1/../../../arm-none-eabi/lib/thumb/v6-m/nofp/libc.a(lib_a-sbrkr.o)
                0x000000001000e720                _sbrk_r
 .text          0x000000001000e744       0xa0 /usr/lib/gcc/arm-none-eabi/10.3.1/../../../arm-none-eabi/lib/thumb/v6-m/nofp/libc.a(lib_a-sscanf.o)
                0x000000001000e744                sscanf
                0x000000001000e794                _sscanf_r
 .text          0x000000001000e7e4       0xa4 /usr/lib/gcc/arm-none-eabi/10.3.1/../../../arm-none-eabi/lib/thumb/v6-m/nofp/libc.a(lib_a-stdio.o)
                0x000000001000e7e4                __sread
                0x000000001000e80c                __seofread
                0x000000001000e810                __swrite
                0x000000001000e850                __sseek
                0x000000001000e87c                __sclose
 .text          0x000000001000e888       0x5c /usr/lib/gcc/arm-none-eabi/10.3.1/../../../arm-none-eabi/lib/thumb/v6-m/nofp/libc.a(lib_a-strlen-stub.o)
                0x000000001000e888                strlen
 .text          0x000000001000e8e4       0x74 /usr/lib/gcc/arm-none-eabi/10.3.1/../../../arm-none-eabi/lib/thumb/v6-m/nofp/libc.a(lib_a-strncmp.o)
                0x000000001000e8e4                strncmp
 .text          0x000000001000e958      0x1b8 /usr/lib/gcc/arm-none-eabi/10.3.1/../../../arm-none-eabi/lib/thumb/v6-m/nofp/libc.a(lib_a-strtol.o)
                0x000000001000ea9c                _strtol_r
                0x000000001000eab8                strtol_l
                0x000000001000eae4                strtol
 .text          0x000000001000eb10      0xf70 /usr/lib/gcc/arm-none-eabi/10.3.1/../../../arm-none-eabi/lib/thumb/v6-m/nofp/libc.a(lib_a-svfscanf.o)
                0x000000001000eb10                __ssvfscanf_r
 .text          0x000000001000fa80       0x28 /usr/lib/gcc/arm-none-eabi/10.3.1/../../../arm-none-eabi/lib/thumb/v6-m/nofp/libc.a(lib_a-writer.o)
                0x000000001000fa80                _write_r
 .text          0x000000001000faa8       0x24 /usr/lib/gcc/arm-none-eabi/10.3.1/../../../arm-none-eabi/lib/thumb/v6-m/nofp/libc.a(lib_a-closer.o)
                0x000000001000faa8                _close_r
 .text          0x000000001000facc        0xc /usr/lib/gcc/arm-none-eabi/10.3.1/../../../arm-none-eabi/lib/thumb/v6-m/nofp/libc.a(lib_a-errno.o)
                0x000000001000facc                __errno
 .text          0x000000001000fad8      0x260 /usr/lib/gcc/arm-none-eabi/10.3.1/../../../arm-none-eabi/lib/thumb/v6-m/nofp/libc.a(lib_a-freer.o)
                0x000000001000fad8                _malloc_trim_r
                0x000000001000fb74                _free_r
 .text          0x000000001000fd38        0xc /usr/lib/gcc/arm-none-eabi/10.3.1/../../../arm-none-eabi/lib/thumb/v6-m/nofp/libc.a(lib_a-iswspace.o)
                0x000000001000fd38                iswspace
 .text          0x000000001000fd44       0x18 /usr/lib/gcc/arm-none-eabi/10.3.1/../../../arm-none-eabi/lib/thumb/v6-m/nofp/libc.a(lib_a-iswspace_l.o)
                0x000000001000fd44                iswspace_l
 .text          0x000000001000fd5c       0x98 /usr/lib/gcc/arm-none-eabi/10.3.1/../../../arm-none-eabi/lib/thumb/v6-m/nofp/libc.a(lib_a-locale.o)
                0x000000001000fd5c                _setlocale_r
                0x000000001000fda0                __locale_mb_cur_max
                0x000000001000fdb0                setlocale
 .text          0x000000001000fdf4       0x14 /usr/lib/gcc/arm-none-eabi/10.3.1/../../../arm-none-eabi/lib/thumb/v6-m/nofp/libc.a(lib_a-localeconv.o)
                0x000000001000fdf4                __localeconv_l
                0x000000001000fdf8                _localeconv_r
                0x000000001000fe00                localeconv
 .text          0x000000001000fe08       0x28 /usr/lib/gcc/arm-none-eabi/10.3.1/../../../arm-none-eabi/lib/thumb/v6-m/nofp/libc.a(lib_a-lseekr.o)
                0x000000001000fe08                _lseek_r
 .text          0x000000001000fe30       0x9c /usr/lib/gcc/arm-none-eabi/10.3.1/../../../arm-none-eabi/lib/thumb/v6-m/nofp/libc.a(lib_a-mbrtowc.o)
                0x000000001000fe30                _mbrtowc_r
                0x000000001000fe7c                mbrtowc
 .text          0x000000001000fecc       0x44 /usr/lib/gcc/arm-none-eabi/10.3.1/../../../arm-none-eabi/lib/thumb/v6-m/nofp/libc.a(lib_a-mbtowc_r.o)
                0x000000001000fecc                _mbtowc_r
                0x000000001000fee4                __ascii_mbtowc
 .text          0x000000001000ff10       0x28 /usr/lib/gcc/arm-none-eabi/10.3.1/../../../arm-none-eabi/lib/thumb/v6-m/nofp/libc.a(lib_a-readr.o)
                0x000000001000ff10                _read_r
 .text          0x000000001000ff38       0x80 /usr/lib/gcc/arm-none-eabi/10.3.1/../../../arm-none-eabi/lib/thumb/v6-m/nofp/libc.a(lib_a-sccl.o)
                0x000000001000ff38                __sccl
 .text          0x000000001000ffb8        0x8 /usr/lib/gcc/arm-none-eabi/10.3.1/../../../arm-none-eabi/lib/thumb/v6-m/nofp/libc.a(lib_a-sf_nan.o)
                0x000000001000ffb8                nanf
 .text          0x000000001000ffc0       0x88 /usr/lib/gcc/arm-none-eabi/10.3.1/../../../arm-none-eabi/lib/thumb/v6-m/nofp/libc.a(lib_a-strcmp.o)
                0x000000001000ffc0                strcmp
 .text          0x0000000010010048     0x1128 /usr/lib/gcc/arm-none-eabi/10.3.1/../../../arm-none-eabi/lib/thumb/v6-m/nofp/libc.a(lib_a-strtod.o)
                0x0000000010010048                _strtod_l
                0x0000000010010fc8                _strtod_r
                0x0000000010010fd8                strtod_l
                0x0000000010010ff0                strtod
                0x000000001001100c                strtof_l
                0x00000000100110bc                strtof
 .text          0x0000000010011170      0x1d0 /usr/lib/gcc/arm-none-eabi/10.3.1/../../../arm-none-eabi/lib/thumb/v6-m/nofp/libc.a(lib_a-strtoll.o)
                0x0000000010011308                _strtoll_r
                0x0000000010011310                strtoll_l
                0x0000000010011328                strtoll
 .text          0x0000000010011340      0x180 /usr/lib/gcc/arm-none-eabi/10.3.1/../../../arm-none-eabi/lib/thumb/v6-m/nofp/libc.a(lib_a-strtoul.o)
                0x0000000010011488                _strtoul_r
                0x0000000010011490                strtoul_l
                0x00000000100114a8                strtoul
 .text          0x00000000100114c0      0x1f4 /usr/lib/gcc/arm-none-eabi/10.3.1/../../../arm-none-eabi/lib/thumb/v6-m/nofp/libc.a(lib_a-strtoull.o)
                0x000000001001167c                _strtoull_r
                0x0000000010011684                strtoull_l
                0x000000001001169c                strtoull
 .text          0x00000000100116b4      0xf10 /usr/lib/gcc/arm-none-eabi/10.3.1/../../../arm-none-eabi/lib/thumb/v6-m/nofp/libc.a(lib_a-svfiscanf.o)
                0x00000000100116b4                _sungetc_r
                0x0000000010011738                __ssrefill_r
                0x0000000010011778                _sfread_r
                0x000000001001183c                __ssvfiscanf_r
 .text          0x00000000100125c4      0x188 /usr/lib/gcc/arm-none-eabi/10.3.1/../../../arm-none-eabi/lib/thumb/v6-m/nofp/libc.a(lib_a-ungetc.o)
                0x00000000100125c4                __submore
                0x0000000010012648                _ungetc_r
                0x0000000010012734                ungetc
 .text          0x000000001001274c       0x2c /usr/lib/gcc/arm-none-eabi/10.3.1/../../../arm-none-eabi/lib/thumb/v6-m/nofp/libc.a(lib_a-wctomb_r.o)
                0x000000001001274c                _wctomb_r
                0x000000001001275c                __ascii_wctomb
 .text          0x0000000010012778      0x1c0 /usr/lib/gcc/arm-none-eabi/10.3.1/../../../arm-none-eabi/lib/thumb/v6-m/nofp/libc.a(lib_a-fflush.o)
                0x0000000010012778                __sflush_r
                0x00000000100128b8                _fflush_r
                0x00000000100128e4                fflush
 .text          0x0000000010012938      0x248 /usr/lib/gcc/arm-none-eabi/10.3.1/../../../arm-none-eabi/lib/thumb/v6-m/nofp/libc.a(lib_a-findfp.o)
                0x000000001001293c                _cleanup_r
                0x0000000010012a38                __sfmoreglue
                0x0000000010012a68                __sfp
                0x0000000010012b18                _cleanup
                0x0000000010012b30                __sinit
                0x0000000010012b40                __sfp_lock_acquire
                0x0000000010012b44                __sfp_lock_release
                0x0000000010012b48                __sinit_lock_acquire
                0x0000000010012b4c                __sinit_lock_release
                0x0000000010012b50                __fp_lock_all
                0x0000000010012b68                __fp_unlock_all
 .text          0x0000000010012b80       0x88 /usr/lib/gcc/arm-none-eabi/10.3.1/../../../arm-none-eabi/lib/thumb/v6-m/nofp/libc.a(lib_a-fwalk.o)
                0x0000000010012b80                _fwalk
                0x0000000010012bc0                _fwalk_reent
 .text          0x0000000010012c08      0x670 /usr/lib/gcc/arm-none-eabi/10.3.1/../../../arm-none-eabi/lib/thumb/v6-m/nofp/libc.a(lib_a-gdtoa-gethex.o)
                0x0000000010012cac                __gethex
 .text          0x0000000010013278      0x1fc /usr/lib/gcc/arm-none-eabi/10.3.1/../../../arm-none-eabi/lib/thumb/v6-m/nofp/libc.a(lib_a-gdtoa-hexnan.o)
                0x0000000010013278                __match
                0x00000000100132a4                __hexnan
 .text          0x0000000010013474      0xafc /usr/lib/gcc/arm-none-eabi/10.3.1/../../../arm-none-eabi/lib/thumb/v6-m/nofp/libc.a(lib_a-mprec.o)
                0x0000000010013474                _Balloc
                0x00000000100134c4                _Bfree
                0x00000000100134d8                __multadd
                0x0000000010013580                __s2b
                0x0000000010013630                __hi0bits
                0x0000000010013668                __lo0bits
                0x00000000100136c4                __i2b
                0x0000000010013724                __multiply
                0x00000000100138c8                __pow5mult
                0x00000000100139a0                __lshift
                0x0000000010013a9c                __mcmp
                0x0000000010013ad0                __mdiff
                0x0000000010013c5c                __ulp
                0x0000000010013ca4                __b2d
                0x0000000010013d6c                __d2b
                0x0000000010013e44                __ratio
                0x0000000010013eac                _mprec_log10
                0x0000000010013ee0                __copybits
                0x0000000010013f20                __any_on
 .text          0x0000000010013f70        0xc /usr/lib/gcc/arm-none-eabi/10.3.1/../../../arm-none-eabi/lib/thumb/v6-m/nofp/libc.a(lib_a-s_nan.o)
                0x0000000010013f70                nan
 .text          0x0000000010013f7c       0xe8 /usr/lib/gcc/arm-none-eabi/10.3.1/../../../arm-none-eabi/lib/thumb/v6-m/nofp/libc.a(lib_a-fclose.o)
                0x0000000010013fec                _fclose_r
                0x0000000010014024                fclose
 *(.fini)
 .fini          0x0000000010014064        0x4 /usr/lib/gcc/arm-none-eabi/10.3.1/thumb/v6-m/nofp/crti.o
                0x0000000010014064                _fini
 .fini.__stub   0x0000000010014068      0x110 linker stubs
 *crtbegin.o(.ctors)
 *crtbegin?.o(.ctors)
 *(EXCLUDE_FILE(*crtend.o *crtend?.o) .ctors)
 *(SORT_BY_NAME(.ctors.*))
 *(.ctors)
 *crtbegin.o(.dtors)
 *crtbegin?.o(.dtors)
 *(EXCLUDE_FILE(*crtend.o *crtend?.o) .dtors)
 *(SORT_BY_NAME(.dtors.*))
 *(.dtors)
 *(.eh_frame*)
 .eh_frame      0x0000000010014178        0x0 /usr/lib/gcc/arm-none-eabi/10.3.1/thumb/v6-m/nofp/crtbegin.o
                0x0000000010014178                . = ALIGN (0x4)

.glue_7         0x0000000010014178        0x0
 .glue_7        0x0000000010014178        0x0 linker stubs

.glue_7t        0x0000000010014178        0x0
 .glue_7t       0x0000000010014178        0x0 linker stubs

.vfp11_veneer   0x0000000010014178        0x0
 .vfp11_veneer  0x0000000010014178        0x0 linker stubs

.v4_bx          0x0000000010014178        0x0
 .v4_bx         0x0000000010014178        0x0 linker stubs

.iplt           0x0000000010014178        0x0
 .iplt          0x0000000010014178        0x0 /usr/lib/gcc/arm-none-eabi/10.3.1/thumb/v6-m/nofp/crtbegin.o

.rodata         0x0000000010014178    0x393c0
 *(EXCLUDE_FILE(*libm.a: *libc.a:*lib_a-mem*.o *libgcc.a:) .rodata*)
 .rodata.core1.str1.4
                0x0000000010014178       0x21 CMakeFiles/PicoPiFi.dir/src/main.c.obj
 *fill*         0x0000000010014199        0x3 
 .rodata.scan_result.str1.4
                0x000000001001419c       0x53 CMakeFiles/PicoPiFi.dir/src/main.c.obj
 *fill*         0x00000000100141ef        0x1 
 .rodata.main.str1.4
                0x00000000100141f0       0x32 CMakeFiles/PicoPiFi.dir/src/main.c.obj
 *fill*         0x0000000010014222        0x2 
 .rodata        0x0000000010014224        0x8 CMakeFiles/PicoPiFi.dir/src/main.c.obj
 .rodata.cdc_descriptor
                0x000000001001422c      0x19a CMakeFiles/PicoPiFi.dir/src/cdc_rndis_device.c.obj
 *fill*         0x00000000100143c6        0x2 
 .rodata.user_irq_claim_unused.str1.4
                0x00000000100143c8       0x1b CMakeFiles/PicoPiFi.dir/pico-sdk/src/rp2_common/hardware_irq/irq.c.obj
 *fill*         0x00000000100143e3        0x5 
 .rodata.at_the_end_of_time
                0x00000000100143e8        0x8 CMakeFiles/PicoPiFi.dir/pico-sdk/src/common/pico_time/time.c.obj
                0x00000000100143e8                at_the_end_of_time
 .rodata.nil_time
                0x00000000100143f0        0x8 CMakeFiles/PicoPiFi.dir/pico-sdk/src/common/pico_time/time.c.obj
                0x00000000100143f0                nil_time
 .rodata.hardware_alarm_claim.str1.4
                0x00000000100143f8       0x22 CMakeFiles/PicoPiFi.dir/pico-sdk/src/rp2_common/hardware_timer/timer.c.obj
 *fill*         0x000000001001441a        0x2 
 .rodata.hardware_alarm_claim_unused.str1.4
                0x000000001001441c       0x14 CMakeFiles/PicoPiFi.dir/pico-sdk/src/rp2_common/hardware_timer/timer.c.obj
 .rodata.__assert_func.str1.4
                0x0000000010014430       0x3f CMakeFiles/PicoPiFi.dir/pico-sdk/src/rp2_common/pico_runtime/runtime.c.obj
                                         0x43 (size before relaxing)
 *fill*         0x000000001001446f        0x1 
 .rodata.panic.str1.4
                0x0000000010014470       0x10 CMakeFiles/PicoPiFi.dir/pico-sdk/src/rp2_common/pico_runtime/runtime.c.obj
                                         0x12 (size before relaxing)
 .rodata.hard_assertion_failure.str1.4
                0x0000000010014480        0xc CMakeFiles/PicoPiFi.dir/pico-sdk/src/rp2_common/pico_runtime/runtime.c.obj
 .rodata._ftoa.str1.4
                0x000000001001448c       0x15 CMakeFiles/PicoPiFi.dir/pico-sdk/src/rp2_common/pico_printf/printf.c.obj
 *fill*         0x00000000100144a1        0x3 
 .rodata._vsnprintf
                0x00000000100144a4      0x1e0 CMakeFiles/PicoPiFi.dir/pico-sdk/src/rp2_common/pico_printf/printf.c.obj
 *fill*         0x0000000010014684        0x4 
 .rodata.pow10.0
                0x0000000010014688       0x50 CMakeFiles/PicoPiFi.dir/pico-sdk/src/rp2_common/pico_printf/printf.c.obj
 .rodata.missing_double_func_shim.str1.4
                0x00000000100146d8       0x18 CMakeFiles/PicoPiFi.dir/pico-sdk/src/rp2_common/pico_double/double_init_rom.c.obj
 .rodata.missing_float_func_shim.str1.4
                0x00000000100146f0        0x1 CMakeFiles/PicoPiFi.dir/pico-sdk/src/rp2_common/pico_float/float_init_rom.c.obj
 .rodata.__wrap_malloc.str1.4
                0x00000000100146f0        0xe CMakeFiles/PicoPiFi.dir/pico-sdk/src/rp2_common/pico_malloc/pico_malloc.c.obj
 *fill*         0x00000000100146fe        0x2 
 .rodata.str1.4
                0x0000000010014700       0x40 CMakeFiles/PicoPiFi.dir/pico-sdk/src/rp2_common/pico_standard_link/binary_info.c.obj
 .rodata.__bi_44
                0x0000000010014740        0xc CMakeFiles/PicoPiFi.dir/pico-sdk/src/rp2_common/pico_standard_link/binary_info.c.obj
 .rodata.__bi_75
                0x000000001001474c        0xc CMakeFiles/PicoPiFi.dir/pico-sdk/src/rp2_common/pico_standard_link/binary_info.c.obj
 .rodata.__bi_81
                0x0000000010014758        0xc CMakeFiles/PicoPiFi.dir/pico-sdk/src/rp2_common/pico_standard_link/binary_info.c.obj
 .rodata.crlf_str.0
                0x0000000010014764        0x2 CMakeFiles/PicoPiFi.dir/pico-sdk/src/rp2_common/pico_stdio/stdio.c.obj
 *fill*         0x0000000010014766        0x2 
 .rodata.mem_free.str1.4
                0x0000000010014768       0xfe CMakeFiles/PicoPiFi.dir/pico-sdk/lib/lwip/src/core/mem.c.obj
 *fill*         0x0000000010014866        0x2 
 .rodata.mem_trim.str1.4
                0x0000000010014868       0x49 CMakeFiles/PicoPiFi.dir/pico-sdk/lib/lwip/src/core/mem.c.obj
 *fill*         0x00000000100148b1        0x3 
 .rodata.mem_malloc.str1.4
                0x00000000100148b4       0x83 CMakeFiles/PicoPiFi.dir/pico-sdk/lib/lwip/src/core/mem.c.obj
 *fill*         0x0000000010014937        0x1 
 .rodata.memp_malloc_pool.str1.4
                0x0000000010014938       0x37 CMakeFiles/PicoPiFi.dir/pico-sdk/lib/lwip/src/core/memp.c.obj
 *fill*         0x000000001001496f        0x1 
 .rodata.memp_free_pool.str1.4
                0x0000000010014970       0x20 CMakeFiles/PicoPiFi.dir/pico-sdk/lib/lwip/src/core/memp.c.obj
 .rodata.memp_FRAG_PBUF
                0x0000000010014990       0x10 CMakeFiles/PicoPiFi.dir/pico-sdk/lib/lwip/src/core/memp.c.obj
                0x0000000010014990                memp_FRAG_PBUF
 .rodata.memp_PBUF
                0x00000000100149a0       0x10 CMakeFiles/PicoPiFi.dir/pico-sdk/lib/lwip/src/core/memp.c.obj
                0x00000000100149a0                memp_PBUF
 .rodata.memp_PBUF_POOL
                0x00000000100149b0       0x10 CMakeFiles/PicoPiFi.dir/pico-sdk/lib/lwip/src/core/memp.c.obj
                0x00000000100149b0                memp_PBUF_POOL
 .rodata.memp_REASSDATA
                0x00000000100149c0       0x10 CMakeFiles/PicoPiFi.dir/pico-sdk/lib/lwip/src/core/memp.c.obj
                0x00000000100149c0                memp_REASSDATA
 .rodata.memp_SYS_TIMEOUT