Archive member included to satisfy reference by file (symbol)

/usr/lib/gcc/arm-none-eabi/10.3.1/thumb/v6-m/nofp/libgcc.a(_dvmd_tls.o)
                              CMakeFiles/pico_webserver.dir/pico-sdk/src/rp2_common/pico_divider/divider.S.obj (__aeabi_idiv0)
/usr/lib/gcc/arm-none-eabi/10.3.1/../../../arm-none-eabi/lib/thumb/v6-m/nofp/libc.a(lib_a-atexit.o)
                              /usr/lib/gcc/arm-none-eabi/10.3.1/../../../arm-none-eabi/lib/thumb/v6-m/nofp/crt0.o (atexit)
/usr/lib/gcc/arm-none-eabi/10.3.1/../../../arm-none-eabi/lib/thumb/v6-m/nofp/libc.a(lib_a-atoi.o)
                              CMakeFiles/pico_webserver.dir/pico-sdk/lib/lwip/src/core/netif.c.obj (atoi)
/usr/lib/gcc/arm-none-eabi/10.3.1/../../../arm-none-eabi/lib/thumb/v6-m/nofp/libc.a(lib_a-calloc.o)
                              CMakeFiles/pico_webserver.dir/pico-sdk/src/rp2_common/pico_malloc/pico_malloc.c.obj (calloc)
/usr/lib/gcc/arm-none-eabi/10.3.1/../../../arm-none-eabi/lib/thumb/v6-m/nofp/libc.a(lib_a-callocr.o)
                              /usr/lib/gcc/arm-none-eabi/10.3.1/../../../arm-none-eabi/lib/thumb/v6-m/nofp/libc.a(lib_a-calloc.o) (_calloc_r)
/usr/lib/gcc/arm-none-eabi/10.3.1/../../../arm-none-eabi/lib/thumb/v6-m/nofp/libc.a(lib_a-ctype_.o)
                              CMakeFiles/pico_webserver.dir/pico-sdk/lib/lwip/src/core/ipv4/ip4_addr.c.obj (_ctype_)
/usr/lib/gcc/arm-none-eabi/10.3.1/../../../arm-none-eabi/lib/thumb/v6-m/nofp/libc.a(lib_a-fini.o)
                              /usr/lib/gcc/arm-none-eabi/10.3.1/../../../arm-none-eabi/lib/thumb/v6-m/nofp/crt0.o (__libc_fini_array)
/usr/lib/gcc/arm-none-eabi/10.3.1/../../../arm-none-eabi/lib/thumb/v6-m/nofp/libc.a(lib_a-impure.o)
                              /usr/lib/gcc/arm-none-eabi/10.3.1/../../../arm-none-eabi/lib/thumb/v6-m/nofp/libc.a(lib_a-calloc.o) (_impure_ptr)
/usr/lib/gcc/arm-none-eabi/10.3.1/../../../arm-none-eabi/lib/thumb/v6-m/nofp/libc.a(lib_a-init.o)
                              /usr/lib/gcc/arm-none-eabi/10.3.1/../../../arm-none-eabi/lib/thumb/v6-m/nofp/crt0.o (__libc_init_array)
/usr/lib/gcc/arm-none-eabi/10.3.1/../../../arm-none-eabi/lib/thumb/v6-m/nofp/libc.a(lib_a-malloc.o)
                              CMakeFiles/pico_webserver.dir/pico-sdk/src/rp2_common/pico_malloc/pico_malloc.c.obj (malloc)
/usr/lib/gcc/arm-none-eabi/10.3.1/../../../arm-none-eabi/lib/thumb/v6-m/nofp/libc.a(lib_a-mallocr.o)
                              /usr/lib/gcc/arm-none-eabi/10.3.1/../../../arm-none-eabi/lib/thumb/v6-m/nofp/libc.a(lib_a-callocr.o) (_malloc_r)
/usr/lib/gcc/arm-none-eabi/10.3.1/../../../arm-none-eabi/lib/thumb/v6-m/nofp/libc.a(lib_a-memcmp.o)
                              CMakeFiles/pico_webserver.dir/pico-sdk/lib/tinyusb/lib/networking/dhserver.c.obj (memcmp)
/usr/lib/gcc/arm-none-eabi/10.3.1/../../../arm-none-eabi/lib/thumb/v6-m/nofp/libc.a(lib_a-memmove.o)
                              CMakeFiles/pico_webserver.dir/pico-sdk/lib/cyw43-driver/src/cyw43_ll.c.obj (memmove)
/usr/lib/gcc/arm-none-eabi/10.3.1/../../../arm-none-eabi/lib/thumb/v6-m/nofp/libc.a(lib_a-mlock.o)
                              /usr/lib/gcc/arm-none-eabi/10.3.1/../../../arm-none-eabi/lib/thumb/v6-m/nofp/libc.a(lib_a-mallocr.o) (__malloc_lock)
/usr/lib/gcc/arm-none-eabi/10.3.1/../../../arm-none-eabi/lib/thumb/v6-m/nofp/libc.a(lib_a-realloc.o)
                              CMakeFiles/pico_webserver.dir/pico-sdk/src/rp2_common/pico_malloc/pico_malloc.c.obj (realloc)
/usr/lib/gcc/arm-none-eabi/10.3.1/../../../arm-none-eabi/lib/thumb/v6-m/nofp/libc.a(lib_a-reallocr.o)
                              /usr/lib/gcc/arm-none-eabi/10.3.1/../../../arm-none-eabi/lib/thumb/v6-m/nofp/libc.a(lib_a-realloc.o) (_realloc_r)
/usr/lib/gcc/arm-none-eabi/10.3.1/../../../arm-none-eabi/lib/thumb/v6-m/nofp/libc.a(lib_a-sbrkr.o)
                              /usr/lib/gcc/arm-none-eabi/10.3.1/../../../arm-none-eabi/lib/thumb/v6-m/nofp/libc.a(lib_a-mallocr.o) (_sbrk_r)
/usr/lib/gcc/arm-none-eabi/10.3.1/../../../arm-none-eabi/lib/thumb/v6-m/nofp/libc.a(lib_a-strchr.o)
                              CMakeFiles/pico_webserver.dir/pico-sdk/lib/lwip/src/apps/http/httpd.c.obj (strchr)
/usr/lib/gcc/arm-none-eabi/10.3.1/../../../arm-none-eabi/lib/thumb/v6-m/nofp/libc.a(lib_a-strcmp.o)
                              CMakeFiles/pico_webserver.dir/cgi.cpp.obj (strcmp)
/usr/lib/gcc/arm-none-eabi/10.3.1/../../../arm-none-eabi/lib/thumb/v6-m/nofp/libc.a(lib_a-strcpy.o)
                              CMakeFiles/pico_webserver.dir/cgi.cpp.obj (strcpy)
/usr/lib/gcc/arm-none-eabi/10.3.1/../../../arm-none-eabi/lib/thumb/v6-m/nofp/libc.a(lib_a-strlen-stub.o)
                              CMakeFiles/pico_webserver.dir/usb_descriptors.c.obj (strlen)
/usr/lib/gcc/arm-none-eabi/10.3.1/../../../arm-none-eabi/lib/thumb/v6-m/nofp/libc.a(lib_a-strncmp.o)
                              CMakeFiles/pico_webserver.dir/pico-sdk/lib/cyw43-driver/src/cyw43_ll.c.obj (strncmp)
[...]
Memory Configuration

Name             Origin             Length             Attributes
FLASH            0x0000000010000000 0x0000000000200000 xr
RAM              0x0000000020000000 0x0000000000040000 xrw
SCRATCH_X        0x0000000020040000 0x0000000000001000 xrw
SCRATCH_Y        0x0000000020041000 0x0000000000001000 xrw
*default*        0x0000000000000000 0xffffffffffffffff

Linker script and memory map

LOAD /usr/lib/gcc/arm-none-eabi/10.3.1/thumb/v6-m/nofp/crti.o
LOAD /usr/lib/gcc/arm-none-eabi/10.3.1/thumb/v6-m/nofp/crtbegin.o
LOAD /usr/lib/gcc/arm-none-eabi/10.3.1/../../../arm-none-eabi/lib/thumb/v6-m/nofp/crt0.o

.flash_begin    0x0000000010000000        0x0
                0x0000000010000000                __flash_binary_start = .

.boot2          0x0000000010000000      0x100
                0x0000000010000000                __boot2_start__ = .
 *(.boot2)
 .boot2         0x0000000010000000      0x100 /tmp/ccfkk4t2.o
                0x0000000010000100                __boot2_end__ = .
                0x0000000000000001                ASSERT (((__boot2_end__ - __boot2_start__) == 0x100), ERROR: Pico second stage bootloader must be 256 bytes in size)

.text           0x0000000010000100    0x15570
                0x0000000010000100                __logical_binary_start = .
 *(.vectors)
 .vectors       0x0000000010000100       0xd4 CMakeFiles/pico_webserver.dir/pico-sdk/src/rp2_common/pico_standard_link/crt0.S.obj
                0x0000000010000100                __vectors
                0x0000000010000100                __VECTOR_TABLE
                0x00000000100001c0                isr_invalid
                0x00000000100001c0                __default_isrs_start
                0x00000000100001c2                isr_nmi
                0x00000000100001c4                isr_hardfault
                0x00000000100001c6                isr_svcall
                0x00000000100001c8                isr_pendsv
                0x00000000100001ca                isr_systick
                0x00000000100001cc                isr_irq30
                0x00000000100001cc                __unhandled_user_irq
                0x00000000100001cc                isr_irq13
                0x00000000100001cc                isr_irq27
                0x00000000100001cc                isr_irq31
                0x00000000100001cc                isr_irq5
                0x00000000100001cc                isr_irq11
                0x00000000100001cc                isr_irq23
                0x00000000100001cc                isr_irq18
                0x00000000100001cc                isr_irq28
                0x00000000100001cc                isr_irq19
                0x00000000100001cc                isr_irq0
                0x00000000100001cc                isr_irq6
                0x00000000100001cc                isr_irq22
                0x00000000100001cc                isr_irq17
                0x00000000100001cc                isr_irq14
                0x00000000100001cc                isr_irq2
                0x00000000100001cc                isr_irq10
                0x00000000100001cc                isr_irq8
                0x00000000100001cc                isr_irq24
                0x00000000100001cc                isr_irq1
                0x00000000100001cc                isr_irq7
                0x00000000100001cc                isr_irq21
                0x00000000100001cc                isr_irq20
                0x00000000100001cc                isr_irq15
                0x00000000100001cc                isr_irq25
                0x00000000100001cc                isr_irq4
                0x00000000100001cc                isr_irq16
                0x00000000100001cc                isr_irq29
                0x00000000100001cc                isr_irq26
                0x00000000100001cc                __default_isrs_end
                0x00000000100001cc                isr_irq3
                0x00000000100001cc                isr_irq12
                0x00000000100001cc                isr_irq9
                0x00000000100001d2                unhandled_user_irq_num_in_r0
 *(.binary_info_header)
 .binary_info_header
                0x00000000100001d4       0x14 CMakeFiles/pico_webserver.dir/pico-sdk/src/rp2_common/pico_standard_link/crt0.S.obj
                0x00000000100001e8                __binary_info_header_end = .
 *(.reset)
 .reset         0x00000000100001e8       0xa0 CMakeFiles/pico_webserver.dir/pico-sdk/src/rp2_common/pico_standard_link/crt0.S.obj
                0x00000000100001e8                _entry_point
 .reset         0x0000000010000288       0x30 CMakeFiles/pico_webserver.dir/pico-sdk/src/rp2_common/pico_standard_link/binary_info.c.obj
 *(.init)
 .init          0x00000000100002b8        0x4 /usr/lib/gcc/arm-none-eabi/10.3.1/thumb/v6-m/nofp/crti.o
                0x00000000100002b8                _init
 *(EXCLUDE_FILE(*libm.a: *libc.a:*lib_a-mem*.o *libgcc.a:) .text*)
 .text          0x00000000100002bc       0x98 /usr/lib/gcc/arm-none-eabi/10.3.1/thumb/v6-m/nofp/crtbegin.o
 .text.startup.main
                0x0000000010000354       0x44 CMakeFiles/pico_webserver.dir/webserver.c.obj
                0x0000000010000354                main
 .text.netif_init_cb
                0x0000000010000398       0x30 CMakeFiles/pico_webserver.dir/tusb_lwip_glue.c.obj
 .text.output_fn
                0x00000000100003c8        0x8 CMakeFiles/pico_webserver.dir/tusb_lwip_glue.c.obj
 .text.linkoutput_fn
                0x00000000100003d0       0x3c CMakeFiles/pico_webserver.dir/tusb_lwip_glue.c.obj
 .text.init_lwip
                0x000000001000040c       0x8c CMakeFiles/pico_webserver.dir/tusb_lwip_glue.c.obj
                0x000000001000040c                init_lwip
 .text.tud_network_init_cb
                0x0000000010000498       0x18 CMakeFiles/pico_webserver.dir/tusb_lwip_glue.c.obj
                0x0000000010000498                tud_network_init_cb
 .text.tud_network_recv_cb
                0x00000000100004b0       0x3c CMakeFiles/pico_webserver.dir/tusb_lwip_glue.c.obj
                0x00000000100004b0                tud_network_recv_cb
 .text.tud_network_xmit_cb
                0x00000000100004ec       0x30 CMakeFiles/pico_webserver.dir/tusb_lwip_glue.c.obj
                0x00000000100004ec                tud_network_xmit_cb
 .text.service_traffic
                0x000000001000051c       0x4c CMakeFiles/pico_webserver.dir/tusb_lwip_glue.c.obj
                0x000000001000051c                service_traffic
 .text.dhcpd_init
                0x0000000010000568       0x14 CMakeFiles/pico_webserver.dir/tusb_lwip_glue.c.obj
                0x0000000010000568                dhcpd_init
 .text.wait_for_netif_is_up
                0x000000001000057c       0x14 CMakeFiles/pico_webserver.dir/tusb_lwip_glue.c.obj
                0x000000001000057c                wait_for_netif_is_up
 .text.sys_arch_protect
                0x0000000010000590        0x4 CMakeFiles/pico_webserver.dir/tusb_lwip_glue.c.obj
                0x0000000010000590                sys_arch_protect
 .text.sys_arch_unprotect
                0x0000000010000594        0x4 CMakeFiles/pico_webserver.dir/tusb_lwip_glue.c.obj
                0x0000000010000594                sys_arch_unprotect
 .text.sys_now  0x0000000010000598       0x20 CMakeFiles/pico_webserver.dir/tusb_lwip_glue.c.obj
                0x0000000010000598                sys_now
 .text.tud_descriptor_device_cb
                0x00000000100005b8        0x8 CMakeFiles/pico_webserver.dir/usb_descriptors.c.obj
                0x00000000100005b8                tud_descriptor_device_cb
 .text.tud_descriptor_configuration_cb
                0x00000000100005c0       0x14 CMakeFiles/pico_webserver.dir/usb_descriptors.c.obj
                0x00000000100005c0                tud_descriptor_configuration_cb
 .text.tud_descriptor_string_cb
                0x00000000100005d4      0x17c CMakeFiles/pico_webserver.dir/usb_descriptors.c.obj
                0x00000000100005d4                tud_descriptor_string_cb
 .text.fill_options
                0x0000000010000750       0xdc CMakeFiles/pico_webserver.dir/pico-sdk/lib/tinyusb/lib/networking/dhserver.c.obj
                0x0000000010000750                fill_options
 .text.udp_recv_proc
                0x000000001000082c      0x2e8 CMakeFiles/pico_webserver.dir/pico-sdk/lib/tinyusb/lib/networking/dhserver.c.obj
 .text.dhserv_init
                0x0000000010000b14       0x64 CMakeFiles/pico_webserver.dir/pico-sdk/lib/tinyusb/lib/networking/dhserver.c.obj
                0x0000000010000b14                dhserv_init
 .text.rndis_class_set_handler
                0x0000000010000b78      0x2d4 CMakeFiles/pico_webserver.dir/pico-sdk/lib/tinyusb/lib/networking/rndis_reports.c.obj
                0x0000000010000b78                rndis_class_set_handler
 .text.cyw43_cb_tcpip_set_link_up
                0x0000000010000e4c       0x18 CMakeFiles/pico_webserver.dir/wifi_code.c.obj
                0x0000000010000e4c                cyw43_cb_tcpip_set_link_up
 .text.cyw43_cb_tcpip_set_link_down
                0x0000000010000e64       0x18 CMakeFiles/pico_webserver.dir/wifi_code.c.obj
                0x0000000010000e64                cyw43_cb_tcpip_set_link_down
 .text.cyw43_cb_process_ethernet
                0x0000000010000e7c       0x54 CMakeFiles/pico_webserver.dir/wifi_code.c.obj
                0x0000000010000e7c                cyw43_cb_process_ethernet
 .text.core1_entry
                0x0000000010000ed0       0xdc CMakeFiles/pico_webserver.dir/wifi_code.c.obj
                0x0000000010000ed0                core1_entry
 .text.gpio_set_function
                0x0000000010000fac       0x30 CMakeFiles/pico_webserver.dir/pico-sdk/src/rp2_common/hardware_gpio/gpio.c.obj
                0x0000000010000fac                gpio_set_function
 .text.gpio_set_pulls
                0x0000000010000fdc       0x30 CMakeFiles/pico_webserver.dir/pico-sdk/src/rp2_common/hardware_gpio/gpio.c.obj
                0x0000000010000fdc                gpio_set_pulls
 .text.gpio_set_input_hysteresis_enabled
                0x000000001000100c       0x28 CMakeFiles/pico_webserver.dir/pico-sdk/src/rp2_common/hardware_gpio/gpio.c.obj
                0x000000001000100c                gpio_set_input_hysteresis_enabled
 .text.gpio_set_irq_enabled
                0x0000000010001034       0x54 CMakeFiles/pico_webserver.dir/pico-sdk/src/rp2_common/hardware_gpio/gpio.c.obj
                0x0000000010001034                gpio_set_irq_enabled
 .text.gpio_add_raw_irq_handler_with_order_priority_masked
                0x0000000010001088       0x44 CMakeFiles/pico_webserver.dir/pico-sdk/src/rp2_common/hardware_gpio/gpio.c.obj
                0x0000000010001088                gpio_add_raw_irq_handler_with_order_priority_masked
 .text.gpio_remove_raw_irq_handler_masked
                0x00000000100010cc       0x20 CMakeFiles/pico_webserver.dir/pico-sdk/src/rp2_common/hardware_gpio/gpio.c.obj
                0x00000000100010cc                gpio_remove_raw_irq_handler_masked
 .text.gpio_init
                0x00000000100010ec       0x3c CMakeFiles/pico_webserver.dir/pico-sdk/src/rp2_common/hardware_gpio/gpio.c.obj
                0x00000000100010ec                gpio_init
 .text.running_on_fpga
                0x0000000010001128       0x10 CMakeFiles/pico_webserver.dir/pico-sdk/src/rp2_common/pico_platform/platform.c.obj
                0x0000000010001128                running_on_fpga
 .text.hw_claim_lock
                0x0000000010001138       0x18 CMakeFiles/pico_webserver.dir/pico-sdk/src/rp2_common/hardware_claim/claim.c.obj
                0x0000000010001138                hw_claim_lock
 .text.hw_claim_unlock
                0x0000000010001150       0x14 CMakeFiles/pico_webserver.dir/pico-sdk/src/rp2_common/hardware_claim/claim.c.obj
                0x0000000010001150                hw_claim_unlock
 .text.hw_claim_or_assert
                0x0000000010001164       0x44 CMakeFiles/pico_webserver.dir/pico-sdk/src/rp2_common/hardware_claim/claim.c.obj
                0x0000000010001164                hw_claim_or_assert
 .text.hw_claim_unused_from_range
                0x00000000100011a8       0x9c CMakeFiles/pico_webserver.dir/pico-sdk/src/rp2_common/hardware_claim/claim.c.obj
                0x00000000100011a8                hw_claim_unused_from_range
 .text.hw_claim_clear
                0x0000000010001244       0x38 CMakeFiles/pico_webserver.dir/pico-sdk/src/rp2_common/hardware_claim/claim.c.obj
                0x0000000010001244                hw_claim_clear
 .text.spin_locks_reset
                0x000000001000127c       0x1c CMakeFiles/pico_webserver.dir/pico-sdk/src/rp2_common/hardware_sync/sync.c.obj
                0x000000001000127c                spin_locks_reset
 .text.next_striped_spin_lock_num
                0x0000000010001298       0x18 CMakeFiles/pico_webserver.dir/pico-sdk/src/rp2_common/hardware_sync/sync.c.obj
                0x0000000010001298                next_striped_spin_lock_num
 .text.spin_lock_claim_unused
                0x00000000100012b0       0x20 CMakeFiles/pico_webserver.dir/pico-sdk/src/rp2_common/hardware_sync/sync.c.obj
                0x00000000100012b0                spin_lock_claim_unused
 .text.irq_set_enabled
                0x00000000100012d0       0x24 CMakeFiles/pico_webserver.dir/pico-sdk/src/rp2_common/hardware_irq/irq.c.obj
                0x00000000100012d0                irq_set_enabled
 .text.irq_is_enabled
                0x00000000100012f4       0x18 CMakeFiles/pico_webserver.dir/pico-sdk/src/rp2_common/hardware_irq/irq.c.obj
                0x00000000100012f4                irq_is_enabled
 .text.irq_set_pending
                0x000000001000130c       0x10 CMakeFiles/pico_webserver.dir/pico-sdk/src/rp2_common/hardware_irq/irq.c.obj
                0x000000001000130c                irq_set_pending
 .text.irq_get_vtable_handler
                0x000000001000131c       0x10 CMakeFiles/pico_webserver.dir/pico-sdk/src/rp2_common/hardware_irq/irq.c.obj
                0x000000001000131c                irq_get_vtable_handler
 .text.irq_set_exclusive_handler
                0x000000001000132c       0x54 CMakeFiles/pico_webserver.dir/pico-sdk/src/rp2_common/hardware_irq/irq.c.obj
                0x000000001000132c                irq_set_exclusive_handler
 .text.irq_add_shared_handler
                0x0000000010001380      0x1e8 CMakeFiles/pico_webserver.dir/pico-sdk/src/rp2_common/hardware_irq/irq.c.obj
                0x0000000010001380                irq_add_shared_handler
 .text.irq_remove_handler
                0x0000000010001568      0x1b0 CMakeFiles/pico_webserver.dir/pico-sdk/src/rp2_common/hardware_irq/irq.c.obj
                0x0000000010001568                irq_remove_handler
 .text.irq_set_priority
                0x0000000010001718       0x28 CMakeFiles/pico_webserver.dir/pico-sdk/src/rp2_common/hardware_irq/irq.c.obj
                0x0000000010001718                irq_set_priority
 .text.irq_add_tail_to_free_list
                0x0000000010001740       0xb4 CMakeFiles/pico_webserver.dir/pico-sdk/src/rp2_common/hardware_irq/irq.c.obj
                0x0000000010001740                irq_add_tail_to_free_list
 .text.irq_init_priorities
                0x00000000100017f4       0x24 CMakeFiles/pico_webserver.dir/pico-sdk/src/rp2_common/hardware_irq/irq.c.obj
                0x00000000100017f4                irq_init_priorities
 .text.user_irq_unclaim
                0x0000000010001818       0x14 CMakeFiles/pico_webserver.dir/pico-sdk/src/rp2_common/hardware_irq/irq.c.obj
                0x0000000010001818                user_irq_unclaim
 .text.user_irq_claim_unused
                0x000000001000182c       0x28 CMakeFiles/pico_webserver.dir/pico-sdk/src/rp2_common/hardware_irq/irq.c.obj
                0x000000001000182c                user_irq_claim_unused
 .text.sem_init
                0x0000000010001854       0x20 CMakeFiles/pico_webserver.dir/pico-sdk/src/common/pico_sync/sem.c.obj
                0x0000000010001854                sem_init
 .text.lock_init
                0x0000000010001874       0x10 CMakeFiles/pico_webserver.dir/pico-sdk/src/common/pico_sync/lock_core.c.obj
                0x0000000010001874                lock_init
 .text.mutex_init
                0x0000000010001884       0x1c CMakeFiles/pico_webserver.dir/pico-sdk/src/common/pico_sync/mutex.c.obj
                0x0000000010001884                mutex_init
 .text.recursive_mutex_init
                0x00000000100018a0       0x1c CMakeFiles/pico_webserver.dir/pico-sdk/src/common/pico_sync/mutex.c.obj
                0x00000000100018a0                recursive_mutex_init
 .text.critical_section_init
                0x00000000100018bc       0x20 CMakeFiles/pico_webserver.dir/pico-sdk/src/common/pico_sync/critical_section.c.obj
                0x00000000100018bc                critical_section_init
 .text.timer_pool_entry_comparator
                0x00000000100018dc       0x34 CMakeFiles/pico_webserver.dir/pico-sdk/src/common/pico_time/time.c.obj
                0x00000000100018dc                timer_pool_entry_comparator
 .text.sleep_until_callback
                0x0000000010001910       0x30 CMakeFiles/pico_webserver.dir/pico-sdk/src/common/pico_time/time.c.obj
 .text.add_alarm_under_lock.isra.0
                0x0000000010001940      0x100 CMakeFiles/pico_webserver.dir/pico-sdk/src/common/pico_time/time.c.obj
 .text.alarm_pool_alarm_callback
                0x0000000010001a40      0x1bc CMakeFiles/pico_webserver.dir/pico-sdk/src/common/pico_time/time.c.obj
 .text.alarm_pool_init_default
                0x0000000010001bfc       0x6c CMakeFiles/pico_webserver.dir/pico-sdk/src/common/pico_time/time.c.obj
                0x0000000010001bfc                alarm_pool_init_default
 .text.alarm_pool_get_default
                0x0000000010001c68        0x8 CMakeFiles/pico_webserver.dir/pico-sdk/src/common/pico_time/time.c.obj
                0x0000000010001c68                alarm_pool_get_default
 .text.alarm_pool_create_with_unused_hardware_alarm
                0x0000000010001c70       0x74 CMakeFiles/pico_webserver.dir/pico-sdk/src/common/pico_time/time.c.obj
                0x0000000010001c70                alarm_pool_create_with_unused_hardware_alarm
 .text.alarm_pool_destroy
                0x0000000010001ce4       0x44 CMakeFiles/pico_webserver.dir/pico-sdk/src/common/pico_time/time.c.obj
                0x0000000010001ce4                alarm_pool_destroy
 .text.alarm_pool_add_alarm_at
                0x0000000010001d28      0x178 CMakeFiles/pico_webserver.dir/pico-sdk/src/common/pico_time/time.c.obj
                0x0000000010001d28                alarm_pool_add_alarm_at
 .text.alarm_pool_add_alarm_at_force_in_context
                0x0000000010001ea0      0x124 CMakeFiles/pico_webserver.dir/pico-sdk/src/common/pico_time/time.c.obj
                0x0000000010001ea0                alarm_pool_add_alarm_at_force_in_context
 .text.alarm_pool_cancel_alarm
                0x0000000010001fc4       0x78 CMakeFiles/pico_webserver.dir/pico-sdk/src/common/pico_time/time.c.obj
                0x0000000010001fc4                alarm_pool_cancel_alarm
 .text.alarm_pool_core_num
                0x000000001000203c        0x4 CMakeFiles/pico_webserver.dir/pico-sdk/src/common/pico_time/time.c.obj
                0x000000001000203c                alarm_pool_core_num
 .text.sleep_until
                0x0000000010002040       0xc4 CMakeFiles/pico_webserver.dir/pico-sdk/src/common/pico_time/time.c.obj
                0x0000000010002040                sleep_until
 .text.sleep_ms
                0x0000000010002104       0x34 CMakeFiles/pico_webserver.dir/pico-sdk/src/common/pico_time/time.c.obj
                0x0000000010002104                sleep_ms
 .text.best_effort_wfe_or_timeout
                0x0000000010002138       0xd4 CMakeFiles/pico_webserver.dir/pico-sdk/src/common/pico_time/time.c.obj
                0x0000000010002138                best_effort_wfe_or_timeout
 .text.hardware_alarm_irq_handler
                0x000000001000220c       0xbc CMakeFiles/pico_webserver.dir/pico-sdk/src/rp2_common/hardware_timer/timer.c.obj
 .text.hardware_alarm_claim
                0x00000000100022c8       0x18 CMakeFiles/pico_webserver.dir/pico-sdk/src/rp2_common/hardware_timer/timer.c.obj
                0x00000000100022c8                hardware_alarm_claim
 .text.hardware_alarm_unclaim
                0x00000000100022e0       0x10 CMakeFiles/pico_webserver.dir/pico-sdk/src/rp2_common/hardware_timer/timer.c.obj
                0x00000000100022e0                hardware_alarm_unclaim
 .text.hardware_alarm_claim_unused
                0x00000000100022f0       0x20 CMakeFiles/pico_webserver.dir/pico-sdk/src/rp2_common/hardware_timer/timer.c.obj
                0x00000000100022f0                hardware_alarm_claim_unused
 .text.time_us_64
                0x0000000010002310       0x14 CMakeFiles/pico_webserver.dir/pico-sdk/src/rp2_common/hardware_timer/timer.c.obj
                0x0000000010002310                time_us_64
 .text.busy_wait_until
                0x0000000010002324       0x20 CMakeFiles/pico_webserver.dir/pico-sdk/src/rp2_common/hardware_timer/timer.c.obj
                0x0000000010002324                busy_wait_until
 .text.hardware_alarm_set_callback
                0x0000000010002344       0x8c CMakeFiles/pico_webserver.dir/pico-sdk/src/rp2_common/hardware_timer/timer.c.obj
                0x0000000010002344                hardware_alarm_set_callback
 .text.hardware_alarm_set_target
                0x00000000100023d0       0xd4 CMakeFiles/pico_webserver.dir/pico-sdk/src/rp2_common/hardware_timer/timer.c.obj
                0x00000000100023d0                hardware_alarm_set_target
 .text.hardware_alarm_cancel
                0x00000000100024a4       0x3c CMakeFiles/pico_webserver.dir/pico-sdk/src/rp2_common/hardware_timer/timer.c.obj
                0x00000000100024a4                hardware_alarm_cancel
 .text.hardware_alarm_force_irq
                0x00000000100024e0       0x3c CMakeFiles/pico_webserver.dir/pico-sdk/src/rp2_common/hardware_timer/timer.c.obj
                0x00000000100024e0                hardware_alarm_force_irq
 .text.ph_merge_nodes
                0x000000001000251c       0x68 CMakeFiles/pico_webserver.dir/pico-sdk/src/common/pico_util/pheap.c.obj
 .text.ph_create
                0x0000000010002584       0x60 CMakeFiles/pico_webserver.dir/pico-sdk/src/common/pico_util/pheap.c.obj
                0x0000000010002584                ph_create
 .text.ph_post_alloc_init
                0x00000000100025e4       0x3c CMakeFiles/pico_webserver.dir/pico-sdk/src/common/pico_util/pheap.c.obj
                0x00000000100025e4                ph_post_alloc_init
 .text.ph_destroy
                0x0000000010002620       0x14 CMakeFiles/pico_webserver.dir/pico-sdk/src/common/pico_util/pheap.c.obj
                0x0000000010002620                ph_destroy
 .text.ph_merge_two_pass
                0x0000000010002634       0x90 CMakeFiles/pico_webserver.dir/pico-sdk/src/common/pico_util/pheap.c.obj
                0x0000000010002634                ph_merge_two_pass
 .text.ph_remove_any_head
                0x00000000100026c4      0x100 CMakeFiles/pico_webserver.dir/pico-sdk/src/common/pico_util/pheap.c.obj
 .text.ph_remove_head
                0x00000000100027c4      0x104 CMakeFiles/pico_webserver.dir/pico-sdk/src/common/pico_util/pheap.c.obj
                0x00000000100027c4                ph_remove_head
 .text.ph_remove_and_free_node
                0x00000000100028c8       0x7c CMakeFiles/pico_webserver.dir/pico-sdk/src/common/pico_util/pheap.c.obj
                0x00000000100028c8                ph_remove_and_free_node
 .text.clocks_init
                0x0000000010002944      0x2d0 CMakeFiles/pico_webserver.dir/pico-sdk/src/rp2_common/hardware_clocks/clocks.c.obj
                0x0000000010002944                clocks_init
 .text.clock_get_hz
                0x0000000010002c14        0xc CMakeFiles/pico_webserver.dir/pico-sdk/src/rp2_common/hardware_clocks/clocks.c.obj
                0x0000000010002c14                clock_get_hz
 .text.pll_init
                0x0000000010002c20       0xa0 CMakeFiles/pico_webserver.dir/pico-sdk/src/rp2_common/hardware_pll/pll.c.obj
                0x0000000010002c20                pll_init
 .text.watchdog_start_tick
                0x0000000010002cc0       0x10 CMakeFiles/pico_webserver.dir/pico-sdk/src/rp2_common/hardware_watchdog/watchdog.c.obj
                0x0000000010002cc0                watchdog_start_tick
 .text.xosc_init
                0x0000000010002cd0       0x28 CMakeFiles/pico_webserver.dir/pico-sdk/src/rp2_common/hardware_xosc/xosc.c.obj
                0x0000000010002cd0                xosc_init
 .text.runtime_init
                0x0000000010002cf8       0xf0 CMakeFiles/pico_webserver.dir/pico-sdk/src/rp2_common/pico_runtime/runtime.c.obj
                0x0000000010002cf8                runtime_init
 .text._exit    0x0000000010002de8       0x14 CMakeFiles/pico_webserver.dir/pico-sdk/src/rp2_common/pico_runtime/runtime.c.obj
                0x0000000010002de8                _exit
 .text._sbrk    0x0000000010002dfc       0x34 CMakeFiles/pico_webserver.dir/pico-sdk/src/rp2_common/pico_runtime/runtime.c.obj
                0x0000000010002dfc                _sbrk
 .text.exit     0x0000000010002e30        0x8 CMakeFiles/pico_webserver.dir/pico-sdk/src/rp2_common/pico_runtime/runtime.c.obj
                0x0000000010002e30                exit
 .text.panic    0x0000000010002e38       0x30 CMakeFiles/pico_webserver.dir/pico-sdk/src/rp2_common/pico_runtime/runtime.c.obj
                0x0000000010002e38                panic
 .text.hard_assertion_failure
                0x0000000010002e68        0xc CMakeFiles/pico_webserver.dir/pico-sdk/src/rp2_common/pico_runtime/runtime.c.obj
                0x0000000010002e68                hard_assertion_failure
 .text._out_null
                0x0000000010002e74        0x4 CMakeFiles/pico_webserver.dir/pico-sdk/src/rp2_common/pico_printf/printf.c.obj
 .text._out_rev
                0x0000000010002e78       0x9c CMakeFiles/pico_webserver.dir/pico-sdk/src/rp2_common/pico_printf/printf.c.obj
 .text._ntoa_format
                0x0000000010002f14      0x1cc CMakeFiles/pico_webserver.dir/pico-sdk/src/rp2_common/pico_printf/printf.c.obj
 .text._out_char
                0x00000000100030e0       0x10 CMakeFiles/pico_webserver.dir/pico-sdk/src/rp2_common/pico_printf/printf.c.obj
 .text._out_fct
                0x00000000100030f0       0x10 CMakeFiles/pico_webserver.dir/pico-sdk/src/rp2_common/pico_printf/printf.c.obj
 .text._etoa    0x0000000010003100      0x44c CMakeFiles/pico_webserver.dir/pico-sdk/src/rp2_common/pico_printf/printf.c.obj
 .text._ftoa    0x000000001000354c      0x398 CMakeFiles/pico_webserver.dir/pico-sdk/src/rp2_common/pico_printf/printf.c.obj
 .text._vsnprintf
                0x00000000100038e4      0xb04 CMakeFiles/pico_webserver.dir/pico-sdk/src/rp2_common/pico_printf/printf.c.obj
 .text.vfctprintf
                0x00000000100043e8       0x20 CMakeFiles/pico_webserver.dir/pico-sdk/src/rp2_common/pico_printf/printf.c.obj
                0x00000000100043e8                vfctprintf
 .text.weak_raw_vprintf
                0x0000000010004408       0x30 CMakeFiles/pico_webserver.dir/pico-sdk/src/rp2_common/pico_printf/printf.c.obj
                0x0000000010004408                weak_raw_vprintf
 .text          0x0000000010004438       0x10 CMakeFiles/pico_webserver.dir/pico-sdk/src/rp2_common/pico_bit_ops/bit_ops_aeabi.S.obj
 .text.ctzsi    0x0000000010004448        0xc CMakeFiles/pico_webserver.dir/pico-sdk/src/rp2_common/pico_bit_ops/bit_ops_aeabi.S.obj
                0x0000000010004448                __wrap___ctzsi2
 .text.rom_func_lookup
                0x0000000010004454       0x10 CMakeFiles/pico_webserver.dir/pico-sdk/src/rp2_common/pico_bootrom/bootrom.c.obj
                0x0000000010004454                rom_func_lookup
 .text.rom_data_lookup
                0x0000000010004464       0x10 CMakeFiles/pico_webserver.dir/pico-sdk/src/rp2_common/pico_bootrom/bootrom.c.obj
                0x0000000010004464                rom_data_lookup
 .text.rom_funcs_lookup
                0x0000000010004474       0x44 CMakeFiles/pico_webserver.dir/pico-sdk/src/rp2_common/pico_bootrom/bootrom.c.obj
                0x0000000010004474                rom_funcs_lookup
 .text.__wrap___aeabi_idiv
                0x00000000100044b8       0x50 CMakeFiles/pico_webserver.dir/pico-sdk/src/rp2_common/pico_divider/divider.S.obj
                0x00000000100044b8                __wrap___aeabi_idivmod
                0x00000000100044b8                divmod_s32s32
                0x00000000100044b8                div_s32s32
                0x00000000100044b8                __wrap___aeabi_idiv
                0x00000000100044c0                divmod_s32s32_unsafe
                0x00000000100044ec                divmod_s32s32_savestate
 .text.__wrap___aeabi_uidiv
                0x0000000010004508       0x4c CMakeFiles/pico_webserver.dir/pico-sdk/src/rp2_common/pico_divider/divider.S.obj
                0x0000000010004508                __wrap___aeabi_uidiv
                0x0000000010004508                __wrap___aeabi_uidivmod
                0x0000000010004508                div_u32u32
                0x0000000010004508                divmod_u32u32
                0x0000000010004510                divmod_u32u32_unsafe
                0x0000000010004538                divmod_u32u32_savestate
 .text.__wrap___aeabi_ldiv
                0x0000000010004554      0x424 CMakeFiles/pico_webserver.dir/pico-sdk/src/rp2_common/pico_divider/divider.S.obj
                0x0000000010004554                div_s64s64
                0x0000000010004554                divmod_s64s64
                0x0000000010004554                __wrap___aeabi_ldivmod
                0x0000000010004584                div_u64u64
                0x0000000010004584                divmod_u64u64
                0x0000000010004584                __wrap___aeabi_uldivmod
                0x0000000010004594                divmod_u64u64_savestate
                0x00000000100045b4                divmod_s64s64_unsafe
                0x000000001000463c                divmod_u64u64_unsafe
 .text.__wrap___aeabi_darithmetic
                0x0000000010004978       0x60 CMakeFiles/pico_webserver.dir/pico-sdk/src/rp2_common/pico_double/double_aeabi.S.obj
                0x0000000010004978                __wrap___aeabi_drsub
                0x000000001000497e                __wrap___aeabi_dsub
                0x0000000010004988                __wrap___aeabi_dadd
                0x0000000010004992                __wrap___aeabi_ddiv
                0x00000000100049c6                __wrap___aeabi_dmul
 .text.__wrap___aeabi_cdcmple
                0x00000000100049d8       0x6c CMakeFiles/pico_webserver.dir/pico-sdk/src/rp2_common/pico_double/double_aeabi.S.obj
                0x00000000100049d8                __wrap___aeabi_cdrcmple
                0x00000000100049e8                __wrap___aeabi_cdcmple
                0x00000000100049e8                __wrap___aeabi_cdcmpeq
 .text.__wrap___aeabi_dcmplt
                0x0000000010004a44        0xc CMakeFiles/pico_webserver.dir/pico-sdk/src/rp2_common/pico_double/double_aeabi.S.obj
                0x0000000010004a44                __wrap___aeabi_dcmplt
 .text.__wrap___aeabi_dcmple
                0x0000000010004a50       0x10 CMakeFiles/pico_webserver.dir/pico-sdk/src/rp2_common/pico_double/double_aeabi.S.obj
                0x0000000010004a50                __wrap___aeabi_dcmple
 .text.__wrap___aeabi_dcmpge
                0x0000000010004a60       0x10 CMakeFiles/pico_webserver.dir/pico-sdk/src/rp2_common/pico_double/double_aeabi.S.obj
                0x0000000010004a60                __wrap___aeabi_dcmpge
 .text.__wrap___aeabi_dcmpgt
                0x0000000010004a70        0xa CMakeFiles/pico_webserver.dir/pico-sdk/src/rp2_common/pico_double/double_aeabi.S.obj
                0x0000000010004a70                __wrap___aeabi_dcmpgt
 .text.__wrap___aeabi_dcmpun
                0x0000000010004a7a       0x1c CMakeFiles/pico_webserver.dir/pico-sdk/src/rp2_common/pico_double/double_aeabi.S.obj
                0x0000000010004a7a                __wrap___aeabi_dcmpun
 *fill*         0x0000000010004a96        0x2 
 .text.__wrap___aeabi_i2d
                0x0000000010004a98       0x38 CMakeFiles/pico_webserver.dir/pico-sdk/src/rp2_common/pico_double/double_aeabi.S.obj
                0x0000000010004a98                __wrap___aeabi_ui2d
                0x0000000010004aa0                __wrap___aeabi_i2d
 .text.__wrap___aeabi_d2iz
                0x0000000010004ad0       0x48 CMakeFiles/pico_webserver.dir/pico-sdk/src/rp2_common/pico_double/double_aeabi.S.obj
                0x0000000010004ad0                __wrap___aeabi_d2iz
                0x0000000010004ad0                double2int_z
 .text.__wrap___aeabi_d2uiz
                0x0000000010004b18       0x10 CMakeFiles/pico_webserver.dir/pico-sdk/src/rp2_common/pico_double/double_aeabi.S.obj
                0x0000000010004b18                double2uint
                0x0000000010004b18                __wrap___aeabi_d2uiz
 .text.missing_double_func_shim
                0x0000000010004b28        0xc CMakeFiles/pico_webserver.dir/pico-sdk/src/rp2_common/pico_double/double_init_rom.c.obj
 .text.__aeabi_double_init
                0x0000000010004b34       0x98 CMakeFiles/pico_webserver.dir/pico-sdk/src/rp2_common/pico_double/double_init_rom.c.obj
                0x0000000010004b34                __aeabi_double_init
 .text.double_table_shim_on_use_helper
                0x0000000010004bcc       0x2c CMakeFiles/pico_webserver.dir/pico-sdk/src/rp2_common/pico_double/double_v1_rom_shim.S.obj
                0x0000000010004bcc                double_table_shim_on_use_helper
 .text.__aeabi_lmul
                0x0000000010004bf8       0x32 CMakeFiles/pico_webserver.dir/pico-sdk/src/rp2_common/pico_int64_ops/pico_int64_ops_aeabi.S.obj
                0x0000000010004bf8                __wrap___aeabi_lmul
 *fill*         0x0000000010004c2a        0x2 
 .text.missing_float_func_shim
                0x0000000010004c2c        0xc CMakeFiles/pico_webserver.dir/pico-sdk/src/rp2_common/pico_float/float_init_rom.c.obj
 .text.__aeabi_float_init
                0x0000000010004c38       0x5c CMakeFiles/pico_webserver.dir/pico-sdk/src/rp2_common/pico_float/float_init_rom.c.obj
                0x0000000010004c38                __aeabi_float_init
 .text.__wrap_malloc
                0x0000000010004c94       0x3c CMakeFiles/pico_webserver.dir/pico-sdk/src/rp2_common/pico_malloc/pico_malloc.c.obj
                0x0000000010004c94                __wrap_malloc
 .text.__wrap_calloc
                0x0000000010004cd0       0x40 CMakeFiles/pico_webserver.dir/pico-sdk/src/rp2_common/pico_malloc/pico_malloc.c.obj
                0x0000000010004cd0                __wrap_calloc
 .text.__wrap_free
                0x0000000010004d10       0x20 CMakeFiles/pico_webserver.dir/pico-sdk/src/rp2_common/pico_malloc/pico_malloc.c.obj
                0x0000000010004d10                __wrap_free
 .text          0x0000000010004d30       0x10 CMakeFiles/pico_webserver.dir/pico-sdk/src/rp2_common/pico_mem_ops/mem_ops_aeabi.S.obj
                0x0000000010004d30                __aeabi_mem_init
 .text.memset   0x0000000010004d40        0xc CMakeFiles/pico_webserver.dir/pico-sdk/src/rp2_common/pico_mem_ops/mem_ops_aeabi.S.obj
                0x0000000010004d40                __wrap_memset
 .text.memcpy   0x0000000010004d4c        0xc CMakeFiles/pico_webserver.dir/pico-sdk/src/rp2_common/pico_mem_ops/mem_ops_aeabi.S.obj
                0x0000000010004d4c                __wrap___aeabi_memcpy
                0x0000000010004d4c                __wrap_memcpy
 .text.stdio_out_chars_no_crlf
                0x0000000010004d58       0x10 CMakeFiles/pico_webserver.dir/pico-sdk/src/rp2_common/pico_stdio/stdio.c.obj
 .text.stdio_out_chars_crlf
                0x0000000010004d68       0xb4 CMakeFiles/pico_webserver.dir/pico-sdk/src/rp2_common/pico_stdio/stdio.c.obj
 .text.stdio_buffered_printer
                0x0000000010004e1c       0x64 CMakeFiles/pico_webserver.dir/pico-sdk/src/rp2_common/pico_stdio/stdio.c.obj
 .text.stdio_put_string.isra.0
                0x0000000010004e80       0xfc CMakeFiles/pico_webserver.dir/pico-sdk/src/rp2_common/pico_stdio/stdio.c.obj
 .text.__wrap_putchar
                0x0000000010004f7c       0x98 CMakeFiles/pico_webserver.dir/pico-sdk/src/rp2_common/pico_stdio/stdio.c.obj
                0x0000000010004f7c                __wrap_putchar
 .text.__wrap_puts
                0x0000000010005014       0x3c CMakeFiles/pico_webserver.dir/pico-sdk/src/rp2_common/pico_stdio/stdio.c.obj
                0x0000000010005014                __wrap_puts
 .text.__wrap_vprintf
                0x0000000010005050       0xd8 CMakeFiles/pico_webserver.dir/pico-sdk/src/rp2_common/pico_stdio/stdio.c.obj
                0x0000000010005050                __wrap_vprintf
 .text.__wrap_printf
                0x0000000010005128       0x18 CMakeFiles/pico_webserver.dir/pico-sdk/src/rp2_common/pico_stdio/stdio.c.obj
                0x0000000010005128                __wrap_printf
 .text.startup._retrieve_unique_id_on_boot
                0x0000000010005140       0x10 CMakeFiles/pico_webserver.dir/pico-sdk/src/rp2_common/pico_unique_id/unique_id.c.obj
 .text.pico_get_unique_board_id
                0x0000000010005150       0x10 CMakeFiles/pico_webserver.dir/pico-sdk/src/rp2_common/pico_unique_id/unique_id.c.obj
                0x0000000010005150                pico_get_unique_board_id
 .text.flash_get_unique_id
                0x0000000010005160       0x40 CMakeFiles/pico_webserver.dir/pico-sdk/src/rp2_common/hardware_flash/flash.c.obj
                0x0000000010005160                flash_get_unique_id
 .text.dcd_int_enable
                0x00000000100051a0        0xc CMakeFiles/pico_webserver.dir/pico-sdk/lib/tinyusb/src/portable/raspberrypi/rp2040/dcd_rp2040.c.obj
                0x00000000100051a0                dcd_int_enable
 .text.dcd_set_address
                0x00000000100051ac       0x14 CMakeFiles/pico_webserver.dir/pico-sdk/lib/tinyusb/src/portable/raspberrypi/rp2040/dcd_rp2040.c.obj
                0x00000000100051ac                dcd_set_address
 .text.dcd_connect
                0x00000000100051c0       0x10 CMakeFiles/pico_webserver.dir/pico-sdk/lib/tinyusb/src/portable/raspberrypi/rp2040/dcd_rp2040.c.obj
                0x00000000100051c0                dcd_connect
 .text.dcd_init
                0x00000000100051d0       0x98 CMakeFiles/pico_webserver.dir/pico-sdk/lib/tinyusb/src/portable/raspberrypi/rp2040/dcd_rp2040.c.obj
                0x00000000100051d0                dcd_init
 .text.dcd_edpt0_status_complete
                0x0000000010005268       0x1c CMakeFiles/pico_webserver.dir/pico-sdk/lib/tinyusb/src/portable/raspberrypi/rp2040/dcd_rp2040.c.obj
                0x0000000010005268                dcd_edpt0_status_complete
 .text.dcd_edpt_open
                0x0000000010005284      0x108 CMakeFiles/pico_webserver.dir/pico-sdk/lib/tinyusb/src/portable/raspberrypi/rp2040/dcd_rp2040.c.obj
                0x0000000010005284                dcd_edpt_open
 .text.dcd_edpt_close_all
                0x000000001000538c        0x8 CMakeFiles/pico_webserver.dir/pico-sdk/lib/tinyusb/src/portable/raspberrypi/rp2040/dcd_rp2040.c.obj
                0x000000001000538c                dcd_edpt_close_all
 .text.dcd_edpt_xfer
                0x0000000010005394       0x24 CMakeFiles/pico_webserver.dir/pico-sdk/lib/tinyusb/src/portable/raspberrypi/rp2040/dcd_rp2040.c.obj
                0x0000000010005394                dcd_edpt_xfer
 .text.dcd_edpt_stall
                0x00000000100053b8       0x38 CMakeFiles/pico_webserver.dir/pico-sdk/lib/tinyusb/src/portable/raspberrypi/rp2040/dcd_rp2040.c.obj
                0x00000000100053b8                dcd_edpt_stall
 .text.dcd_edpt_clear_stall
                0x00000000100053f0       0x30 CMakeFiles/pico_webserver.dir/pico-sdk/lib/tinyusb/src/portable/raspberrypi/rp2040/dcd_rp2040.c.obj
                0x00000000100053f0                dcd_edpt_clear_stall
 .text.rp2040_usb_init
                0x0000000010005420       0x4c CMakeFiles/pico_webserver.dir/pico-sdk/lib/tinyusb/src/portable/raspberrypi/rp2040/rp2040_usb.c.obj
                0x0000000010005420                rp2040_usb_init
 .text.hw_endpoint_xfer_start
                0x000000001000546c       0x50 CMakeFiles/pico_webserver.dir/pico-sdk/lib/tinyusb/src/portable/raspberrypi/rp2040/rp2040_usb.c.obj
                0x000000001000546c                hw_endpoint_xfer_start
 .text.tud_mounted
                0x00000000100054bc       0x10 CMakeFiles/pico_webserver.dir/pico-sdk/lib/tinyusb/src/device/usbd.c.obj
                0x00000000100054bc                tud_mounted
 .text.tud_suspended
                0x00000000100054cc       0x10 CMakeFiles/pico_webserver.dir/pico-sdk/lib/tinyusb/src/device/usbd.c.obj
                0x00000000100054cc                tud_suspended
 .text.tud_init
                0x00000000100054dc       0xe0 CMakeFiles/pico_webserver.dir/pico-sdk/lib/tinyusb/src/device/usbd.c.obj
                0x00000000100054dc                tud_init
 .text.tud_task_ext
                0x00000000100055bc      0x7ec CMakeFiles/pico_webserver.dir/pico-sdk/lib/tinyusb/src/device/usbd.c.obj
                0x00000000100055bc                tud_task_ext
 .text.usbd_open_edpt_pair
                0x0000000010005da8       0x9c CMakeFiles/pico_webserver.dir/pico-sdk/lib/tinyusb/src/device/usbd.c.obj
                0x0000000010005da8                usbd_open_edpt_pair
 .text.usbd_edpt_open
                0x0000000010005e44       0x34 CMakeFiles/pico_webserver.dir/pico-sdk/lib/tinyusb/src/device/usbd.c.obj
                0x0000000010005e44                usbd_edpt_open
 .text.usbd_edpt_xfer
                0x0000000010005e78       0x4c CMakeFiles/pico_webserver.dir/pico-sdk/lib/tinyusb/src/device/usbd.c.obj
                0x0000000010005e78                usbd_edpt_xfer
 .text.usbd_edpt_busy
                0x0000000010005ec4       0x1c CMakeFiles/pico_webserver.dir/pico-sdk/lib/tinyusb/src/device/usbd.c.obj
                0x0000000010005ec4                usbd_edpt_busy
 .text.tud_control_status
                0x0000000010005ee0       0x30 CMakeFiles/pico_webserver.dir/pico-sdk/lib/tinyusb/src/device/usbd_control.c.obj
                0x0000000010005ee0                tud_control_status
 .text.tud_control_xfer
                0x0000000010005f10       0xbc CMakeFiles/pico_webserver.dir/pico-sdk/lib/tinyusb/src/device/usbd_control.c.obj
                0x0000000010005f10                tud_control_xfer
 .text.usbd_control_reset
                0x0000000010005fcc       0x14 CMakeFiles/pico_webserver.dir/pico-sdk/lib/tinyusb/src/device/usbd_control.c.obj
                0x0000000010005fcc                usbd_control_reset
 .text.usbd_control_set_complete_callback
                0x0000000010005fe0        0xc CMakeFiles/pico_webserver.dir/pico-sdk/lib/tinyusb/src/device/usbd_control.c.obj
                0x0000000010005fe0                usbd_control_set_complete_callback
 .text.usbd_control_set_request
                0x0000000010005fec       0x1c CMakeFiles/pico_webserver.dir/pico-sdk/lib/tinyusb/src/device/usbd_control.c.obj
                0x0000000010005fec                usbd_control_set_request
 .text.usbd_control_xfer_cb
                0x0000000010006008       0xfc CMakeFiles/pico_webserver.dir/pico-sdk/lib/tinyusb/src/device/usbd_control.c.obj
                0x0000000010006008                usbd_control_xfer_cb
 .text.tud_network_recv_renew
                0x0000000010006104       0x20 CMakeFiles/pico_webserver.dir/pico-sdk/lib/tinyusb/src/class/net/ecm_rndis_device.c.obj
                0x0000000010006104                tud_network_recv_renew
 .text.netd_report
                0x0000000010006124       0x24 CMakeFiles/pico_webserver.dir/pico-sdk/lib/tinyusb/src/class/net/ecm_rndis_device.c.obj
                0x0000000010006124                netd_report
 .text.netd_init
                0x0000000010006148       0x14 CMakeFiles/pico_webserver.dir/pico-sdk/lib/tinyusb/src/class/net/ecm_rndis_device.c.obj
                0x0000000010006148                netd_init
 .text.netd_reset
                0x000000001000615c       0x14 CMakeFiles/pico_webserver.dir/pico-sdk/lib/tinyusb/src/class/net/ecm_rndis_device.c.obj
                0x000000001000615c                netd_reset
 .text.netd_open
                0x0000000010006170      0x11c CMakeFiles/pico_webserver.dir/pico-sdk/lib/tinyusb/src/class/net/ecm_rndis_device.c.obj
                0x0000000010006170                netd_open
 .text.netd_control_xfer_cb
                0x000000001000628c      0x174 CMakeFiles/pico_webserver.dir/pico-sdk/lib/tinyusb/src/class/net/ecm_rndis_device.c.obj
                0x000000001000628c                netd_control_xfer_cb
 .text.netd_xfer_cb
                0x0000000010006400       0xec CMakeFiles/pico_webserver.dir/pico-sdk/lib/tinyusb/src/class/net/ecm_rndis_device.c.obj
                0x0000000010006400                netd_xfer_cb
 .text.tud_network_can_xmit
                0x00000000100064ec        0xc CMakeFiles/pico_webserver.dir/pico-sdk/lib/tinyusb/src/class/net/ecm_rndis_device.c.obj
                0x00000000100064ec                tud_network_can_xmit
 .text.tud_network_xmit
                0x00000000100064f8       0x98 CMakeFiles/pico_webserver.dir/pico-sdk/lib/tinyusb/src/class/net/ecm_rndis_device.c.obj
                0x00000000100064f8                tud_network_xmit
 .text.tusb_init
                0x0000000010006590        0xc CMakeFiles/pico_webserver.dir/pico-sdk/lib/tinyusb/src/tusb.c.obj
                0x0000000010006590                tusb_init
 .text.tu_edpt_validate
                0x000000001000659c       0x78 CMakeFiles/pico_webserver.dir/pico-sdk/lib/tinyusb/src/tusb.c.obj
                0x000000001000659c                tu_edpt_validate
 .text.tu_edpt_bind_driver
                0x0000000010006614       0x34 CMakeFiles/pico_webserver.dir/pico-sdk/lib/tinyusb/src/tusb.c.obj
                0x0000000010006614                tu_edpt_bind_driver
 .text.tu_fifo_read
                0x0000000010006648       0xa0 CMakeFiles/pico_webserver.dir/pico-sdk/lib/tinyusb/src/common/tusb_fifo.c.obj
                0x0000000010006648                tu_fifo_read
 .text.tu_fifo_write
                0x00000000100066e8       0x88 CMakeFiles/pico_webserver.dir/pico-sdk/lib/tinyusb/src/common/tusb_fifo.c.obj
                0x00000000100066e8                tu_fifo_write
 .text.tu_fifo_clear
                0x0000000010006770       0x40 CMakeFiles/pico_webserver.dir/pico-sdk/lib/tinyusb/src/common/tusb_fifo.c.obj
                0x0000000010006770                tu_fifo_clear
 .text.cyw43_arch_set_async_context
                0x00000000100067b0        0xc CMakeFiles/pico_webserver.dir/pico-sdk/src/rp2_common/pico_cyw43_arch/cyw43_arch.c.obj
                0x00000000100067b0                cyw43_arch_set_async_context
 .text.cyw43_arch_enable_sta_mode
                0x00000000100067bc       0x1c CMakeFiles/pico_webserver.dir/pico-sdk/src/rp2_common/pico_cyw43_arch/cyw43_arch.c.obj
                0x00000000100067bc                cyw43_arch_enable_sta_mode
 .text.cyw43_arch_wifi_connect_async
                0x00000000100067d8       0x48 CMakeFiles/pico_webserver.dir/pico-sdk/src/rp2_common/pico_cyw43_arch/cyw43_arch.c.obj
                0x00000000100067d8                cyw43_arch_wifi_connect_async
 .text.cyw43_arch_init_with_country
                0x0000000010006820       0x10 CMakeFiles/pico_webserver.dir/pico-sdk/src/rp2_common/pico_cyw43_arch/cyw43_arch.c.obj
                0x0000000010006820                cyw43_arch_init_with_country
 .text.cyw43_arch_gpio_put
                0x0000000010006830       0x14 CMakeFiles/pico_webserver.dir/pico-sdk/src/rp2_common/pico_cyw43_arch/cyw43_arch.c.obj
                0x0000000010006830                cyw43_arch_gpio_put
 .text.cyw43_arch_async_context
                0x0000000010006844        0xc CMakeFiles/pico_webserver.dir/pico-sdk/src/rp2_common/pico_cyw43_arch/cyw43_arch.c.obj
                0x0000000010006844                cyw43_arch_async_context
 .text.cyw43_arch_init
                0x0000000010006850       0x6c CMakeFiles/pico_webserver.dir/pico-sdk/src/rp2_common/pico_cyw43_arch/cyw43_arch_threadsafe_background.c.obj
                0x0000000010006850                cyw43_arch_init
 .text.ns_delay.constprop.0
                0x00000000100068bc       0x20 CMakeFiles/pico_webserver.dir/pico-sdk/src/rp2_common/pico_cyw43_driver/cyw43_bus_pio_spi.c.obj
 .text.cyw43_spi_deinit
                0x00000000100068dc       0x7c CMakeFiles/pico_webserver.dir/pico-sdk/src/rp2_common/pico_cyw43_driver/cyw43_bus_pio_spi.c.obj
                0x00000000100068dc                cyw43_spi_deinit
 .text.cyw43_spi_init
                0x0000000010006958      0x154 CMakeFiles/pico_webserver.dir/pico-sdk/src/rp2_common/pico_cyw43_driver/cyw43_bus_pio_spi.c.obj
                0x0000000010006958                cyw43_spi_init
 .text.cyw43_spi_transfer
                0x0000000010006aac      0x430 CMakeFiles/pico_webserver.dir/pico-sdk/src/rp2_common/pico_cyw43_driver/cyw43_bus_pio_spi.c.obj
                0x0000000010006aac                cyw43_spi_transfer
 .text.cyw43_spi_gpio_setup
                0x0000000010006edc       0x3c CMakeFiles/pico_webserver.dir/pico-sdk/src/rp2_common/pico_cyw43_driver/cyw43_bus_pio_spi.c.obj
                0x0000000010006edc                cyw43_spi_gpio_setup
 .text.cyw43_spi_reset
                0x0000000010006f18       0x28 CMakeFiles/pico_webserver.dir/pico-sdk/src/rp2_common/pico_cyw43_driver/cyw43_bus_pio_spi.c.obj
                0x0000000010006f18                cyw43_spi_reset
 .text.read_reg_u32_swap
                0x0000000010006f40       0x3c CMakeFiles/pico_webserver.dir/pico-sdk/src/rp2_common/pico_cyw43_driver/cyw43_bus_pio_spi.c.obj
                0x0000000010006f40                read_reg_u32_swap
 .text.cyw43_read_reg_u32
                0x0000000010006f7c       0x6c CMakeFiles/pico_webserver.dir/pico-sdk/src/rp2_common/pico_cyw43_driver/cyw43_bus_pio_spi.c.obj
                0x0000000010006f7c                cyw43_read_reg_u32
 .text.cyw43_read_reg_u16
                0x0000000010006fe8       0x6c CMakeFiles/pico_webserver.dir/pico-sdk/src/rp2_common/pico_cyw43_driver/cyw43_bus_pio_spi.c.obj
                0x0000000010006fe8                cyw43_read_reg_u16
 .text.cyw43_read_reg_u8
                0x0000000010007054       0x6c CMakeFiles/pico_webserver.dir/pico-sdk/src/rp2_common/pico_cyw43_driver/cyw43_bus_pio_spi.c.obj
                0x0000000010007054                cyw43_read_reg_u8
 .text.write_reg_u32_swap
                0x00000000100070c0      0x1e0 CMakeFiles/pico_webserver.dir/pico-sdk/src/rp2_common/pico_cyw43_driver/cyw43_bus_pio_spi.c.obj
                0x00000000100070c0                write_reg_u32_swap
 .text.cyw43_write_reg_u32
                0x00000000100072a0      0x200 CMakeFiles/pico_webserver.dir/pico-sdk/src/rp2_common/pico_cyw43_driver/cyw43_bus_pio_spi.c.obj
                0x00000000100072a0                cyw43_write_reg_u32
 .text.cyw43_write_reg_u16
                0x00000000100074a0      0x200 CMakeFiles/pico_webserver.dir/pico-sdk/src/rp2_common/pico_cyw43_driver/cyw43_bus_pio_spi.c.obj
                0x00000000100074a0                cyw43_write_reg_u16
 .text.cyw43_write_reg_u8
                0x00000000100076a0      0x200 CMakeFiles/pico_webserver.dir/pico-sdk/src/rp2_common/pico_cyw43_driver/cyw43_bus_pio_spi.c.obj
                0x00000000100076a0                cyw43_write_reg_u8
 .text.cyw43_read_bytes
                0x00000000100078a0       0x78 CMakeFiles/pico_webserver.dir/pico-sdk/src/rp2_common/pico_cyw43_driver/cyw43_bus_pio_spi.c.obj
                0x00000000100078a0                cyw43_read_bytes
 .text.cyw43_write_bytes
                0x0000000010007918       0xec CMakeFiles/pico_webserver.dir/pico-sdk/src/rp2_common/pico_cyw43_driver/cyw43_bus_pio_spi.c.obj
                0x0000000010007918                cyw43_write_bytes
 .text.cyw43_set_backplane_window
                0x0000000010007a04       0x64 CMakeFiles/pico_webserver.dir/pico-sdk/lib/cyw43-driver/src/cyw43_ll.c.obj
 .text.cyw43_ll_parse_async_event
                0x0000000010007a68      0x13c CMakeFiles/pico_webserver.dir/pico-sdk/lib/cyw43-driver/src/cyw43_ll.c.obj
 .text.cyw43_kso_set
                0x0000000010007ba4       0xa0 CMakeFiles/pico_webserver.dir/pico-sdk/lib/cyw43-driver/src/cyw43_ll.c.obj
 .text.cyw43_ll_sdpcm_poll_device
                0x0000000010007c44      0x238 CMakeFiles/pico_webserver.dir/pico-sdk/lib/cyw43-driver/src/cyw43_ll.c.obj
 .text.cyw43_sdpcm_send_common
                0x0000000010007e7c       0xf0 CMakeFiles/pico_webserver.dir/pico-sdk/lib/cyw43-driver/src/cyw43_ll.c.obj
 .text.cyw43_do_ioctl.part.0
                0x0000000010007f6c       0xc4 CMakeFiles/pico_webserver.dir/pico-sdk/lib/cyw43-driver/src/cyw43_ll.c.obj
 .text.cyw43_write_iovar_u32
                0x0000000010008030       0xa4 CMakeFiles/pico_webserver.dir/pico-sdk/lib/cyw43-driver/src/cyw43_ll.c.obj
 .text.cyw43_write_iovar_u32_u32.constprop.0
                0x00000000100080d4       0xb0 CMakeFiles/pico_webserver.dir/pico-sdk/lib/cyw43-driver/src/cyw43_ll.c.obj
 .text.cyw43_read_backplane.constprop.0
                0x0000000010008184       0xdc CMakeFiles/pico_webserver.dir/pico-sdk/lib/cyw43-driver/src/cyw43_ll.c.obj
 .text.cyw43_write_backplane
                0x0000000010008260      0x104 CMakeFiles/pico_webserver.dir/pico-sdk/lib/cyw43-driver/src/cyw43_ll.c.obj
 .text.reset_device_core.constprop.0
                0x0000000010008364      0x3f0 CMakeFiles/pico_webserver.dir/pico-sdk/lib/cyw43-driver/src/cyw43_ll.c.obj
 .text.cyw43_ll_init
                0x0000000010008754       0x1c CMakeFiles/pico_webserver.dir/pico-sdk/lib/cyw43-driver/src/cyw43_ll.c.obj
                0x0000000010008754                cyw43_ll_init
 .text.cyw43_ll_deinit
                0x0000000010008770        0x8 CMakeFiles/pico_webserver.dir/pico-sdk/lib/cyw43-driver/src/cyw43_ll.c.obj
                0x0000000010008770                cyw43_ll_deinit
 .text.cyw43_ll_send_ethernet
                0x0000000010008778       0x60 CMakeFiles/pico_webserver.dir/pico-sdk/lib/cyw43-driver/src/cyw43_ll.c.obj
                0x0000000010008778                cyw43_ll_send_ethernet
 .text.cyw43_ll_process_packets
                0x00000000100087d8       0x54 CMakeFiles/pico_webserver.dir/pico-sdk/lib/cyw43-driver/src/cyw43_ll.c.obj
                0x00000000100087d8                cyw43_ll_process_packets
 .text.cyw43_ll_ioctl
                0x000000001000882c       0x80 CMakeFiles/pico_webserver.dir/pico-sdk/lib/cyw43-driver/src/cyw43_ll.c.obj
                0x000000001000882c                cyw43_ll_ioctl
 .text.cyw43_ll_bus_sleep
                0x00000000100088ac       0x34 CMakeFiles/pico_webserver.dir/pico-sdk/lib/cyw43-driver/src/cyw43_ll.c.obj
                0x00000000100088ac                cyw43_ll_bus_sleep
 .text.cyw43_ll_wifi_on
                0x00000000100088e0      0x220 CMakeFiles/pico_webserver.dir/pico-sdk/lib/cyw43-driver/src/cyw43_ll.c.obj
                0x00000000100088e0                cyw43_ll_wifi_on
 .text.cyw43_ll_wifi_get_mac
                0x0000000010008b00       0x74 CMakeFiles/pico_webserver.dir/pico-sdk/lib/cyw43-driver/src/cyw43_ll.c.obj
                0x0000000010008b00                cyw43_ll_wifi_get_mac
 .text.cyw43_ll_bus_init
                0x0000000010008b74      0xa24 CMakeFiles/pico_webserver.dir/pico-sdk/lib/cyw43-driver/src/cyw43_ll.c.obj
                0x0000000010008b74                cyw43_ll_bus_init
 .text.cyw43_ll_wifi_pm
                0x0000000010009598      0x138 CMakeFiles/pico_webserver.dir/pico-sdk/lib/cyw43-driver/src/cyw43_ll.c.obj
                0x0000000010009598                cyw43_ll_wifi_pm
 .text.cyw43_ll_wifi_join
                0x00000000100096d0      0x3ec CMakeFiles/pico_webserver.dir/pico-sdk/lib/cyw43-driver/src/cyw43_ll.c.obj
                0x00000000100096d0                cyw43_ll_wifi_join
 .text.cyw43_ll_wifi_set_wpa_auth
                0x0000000010009abc       0x4c CMakeFiles/pico_webserver.dir/pico-sdk/lib/cyw43-driver/src/cyw43_ll.c.obj
                0x0000000010009abc                cyw43_ll_wifi_set_wpa_auth
 .text.cyw43_ll_wifi_rejoin
                0x0000000010009b08       0x58 CMakeFiles/pico_webserver.dir/pico-sdk/lib/cyw43-driver/src/cyw43_ll.c.obj
                0x0000000010009b08                cyw43_ll_wifi_rejoin
 .text.cyw43_ll_wifi_ap_init
                0x0000000010009b60      0x2e8 CMakeFiles/pico_webserver.dir/pico-sdk/lib/cyw43-driver/src/cyw43_ll.c.obj
                0x0000000010009b60                cyw43_ll_wifi_ap_init
 .text.cyw43_ll_wifi_ap_set_up
                0x0000000010009e48       0x80 CMakeFiles/pico_webserver.dir/pico-sdk/lib/cyw43-driver/src/cyw43_ll.c.obj
                0x0000000010009e48                cyw43_ll_wifi_ap_set_up
 .text.cyw43_ll_gpio_set
                0x0000000010009ec8       0x9c CMakeFiles/pico_webserver.dir/pico-sdk/lib/cyw43-driver/src/cyw43_ll.c.obj
                0x0000000010009ec8                cyw43_ll_gpio_set
 .text.cyw43_ll_has_work
                0x0000000010009f64       0x14 CMakeFiles/pico_webserver.dir/pico-sdk/lib/cyw43-driver/src/cyw43_ll.c.obj
                0x0000000010009f64                cyw43_ll_has_work
 .text.cyw43_poll_func
                0x0000000010009f78       0xc0 CMakeFiles/pico_webserver.dir/pico-sdk/lib/cyw43-driver/src/cyw43_ctrl.c.obj
 .text.cyw43_init
                0x000000001000a038       0x6c CMakeFiles/pico_webserver.dir/pico-sdk/lib/cyw43-driver/src/cyw43_ctrl.c.obj
                0x000000001000a038                cyw43_init
 .text.cyw43_deinit
                0x000000001000a0a4       0x90 CMakeFiles/pico_webserver.dir/pico-sdk/lib/cyw43-driver/src/cyw43_ctrl.c.obj
                0x000000001000a0a4                cyw43_deinit
 .text.cyw43_cb_read_host_interrupt_pin
                0x000000001000a134        0xc CMakeFiles/pico_webserver.dir/pico-sdk/lib/cyw43-driver/src/cyw43_ctrl.c.obj
                0x000000001000a134                cyw43_cb_read_host_interrupt_pin
 .text.cyw43_cb_ensure_awake
                0x000000001000a140        0xc CMakeFiles/pico_webserver.dir/pico-sdk/lib/cyw43-driver/src/cyw43_ctrl.c.obj
                0x000000001000a140                cyw43_cb_ensure_awake
 .text.cyw43_cb_process_async_event
                0x000000001000a14c      0x228 CMakeFiles/pico_webserver.dir/pico-sdk/lib/cyw43-driver/src/cyw43_ctrl.c.obj
                0x000000001000a14c                cyw43_cb_process_async_event
 .text.cyw43_send_ethernet
                0x000000001000a374       0xc0 CMakeFiles/pico_webserver.dir/pico-sdk/lib/cyw43-driver/src/cyw43_ctrl.c.obj
                0x000000001000a374                cyw43_send_ethernet
 .text.cyw43_wifi_pm
                0x000000001000a434       0xb4 CMakeFiles/pico_webserver.dir/pico-sdk/lib/cyw43-driver/src/cyw43_ctrl.c.obj
                0x000000001000a434                cyw43_wifi_pm
 .text.cyw43_wifi_set_up
                0x000000001000a4e8      0x308 CMakeFiles/pico_webserver.dir/pico-sdk/lib/cyw43-driver/src/cyw43_ctrl.c.obj
                0x000000001000a4e8                cyw43_wifi_set_up
 .text.cyw43_wifi_join
                0x000000001000a7f0       0xf4 CMakeFiles/pico_webserver.dir/pico-sdk/lib/cyw43-driver/src/cyw43_ctrl.c.obj
                0x000000001000a7f0                cyw43_wifi_join
 .text.cyw43_gpio_set
                0x000000001000a8e4       0xa0 CMakeFiles/pico_webserver.dir/pico-sdk/lib/cyw43-driver/src/cyw43_ctrl.c.obj
                0x000000001000a8e4                cyw43_gpio_set
 .text.pio_sm_unclaim
                0x000000001000a984       0x20 CMakeFiles/pico_webserver.dir/pico-sdk/src/rp2_common/hardware_pio/pio.c.obj
                0x000000001000a984                pio_sm_unclaim
 .text.pio_claim_unused_sm
                0x000000001000a9a4       0x3c CMakeFiles/pico_webserver.dir/pico-sdk/src/rp2_common/hardware_pio/pio.c.obj
                0x000000001000a9a4                pio_claim_unused_sm
 .text.pio_can_add_program
                0x000000001000a9e0       0x68 CMakeFiles/pico_webserver.dir/pico-sdk/src/rp2_common/hardware_pio/pio.c.obj
                0x000000001000a9e0                pio_can_add_program
 .text.pio_add_program
                0x000000001000aa48       0xc8 CMakeFiles/pico_webserver.dir/pico-sdk/src/rp2_common/hardware_pio/pio.c.obj
                0x000000001000aa48                pio_add_program
 .text.pio_remove_program
                0x000000001000ab10       0x34 CMakeFiles/pico_webserver.dir/pico-sdk/src/rp2_common/hardware_pio/pio.c.obj
                0x000000001000ab10                pio_remove_program
 .text.pio_sm_set_pindirs_with_mask
                0x000000001000ab44       0xa4 CMakeFiles/pico_webserver.dir/pico-sdk/src/rp2_common/hardware_pio/pio.c.obj
                0x000000001000ab44                pio_sm_set_pindirs_with_mask
 .text.pio_sm_set_consecutive_pindirs
                0x000000001000abe8       0xb0 CMakeFiles/pico_webserver.dir/pico-sdk/src/rp2_common/hardware_pio/pio.c.obj
                0x000000001000abe8                pio_sm_set_consecutive_pindirs
 .text.dma_channel_unclaim
                0x000000001000ac98       0x10 CMakeFiles/pico_webserver.dir/pico-sdk/src/rp2_common/hardware_dma/dma.c.obj
                0x000000001000ac98                dma_channel_unclaim
 .text.dma_claim_unused_channel
                0x000000001000aca8       0x20 CMakeFiles/pico_webserver.dir/pico-sdk/src/rp2_common/hardware_dma/dma.c.obj
                0x000000001000aca8                dma_claim_unused_channel
 .text.dma_channel_cleanup
                0x000000001000acc8       0x60 CMakeFiles/pico_webserver.dir/pico-sdk/src/rp2_common/hardware_dma/dma.c.obj
                0x000000001000acc8                dma_channel_cleanup
 .text.cyw43_sleep_timeout_reached
                0x000000001000ad28       0x10 CMakeFiles/pico_webserver.dir/pico-sdk/src/rp2_common/pico_cyw43_driver/cyw43_driver.c.obj
 .text.cyw43_irq_init
                0x000000001000ad38       0x28 CMakeFiles/pico_webserver.dir/pico-sdk/src/rp2_common/pico_cyw43_driver/cyw43_driver.c.obj
                0x000000001000ad38                cyw43_irq_init
 .text.cyw43_irq_deinit
                0x000000001000ad60       0x20 CMakeFiles/pico_webserver.dir/pico-sdk/src/rp2_common/pico_cyw43_driver/cyw43_driver.c.obj
                0x000000001000ad60                cyw43_irq_deinit
 .text.cyw43_gpio_irq_handler
                0x000000001000ad80       0x44 CMakeFiles/pico_webserver.dir/pico-sdk/src/rp2_common/pico_cyw43_driver/cyw43_driver.c.obj
 .text.cyw43_do_poll
                0x000000001000adc4       0x6c CMakeFiles/pico_webserver.dir/pico-sdk/src/rp2_common/pico_cyw43_driver/cyw43_driver.c.obj
 .text.cyw43_post_poll_hook
                0x000000001000ae30       0x10 CMakeFiles/pico_webserver.dir/pico-sdk/src/rp2_common/pico_cyw43_driver/cyw43_driver.c.obj
                0x000000001000ae30                cyw43_post_poll_hook
 .text.cyw43_schedule_internal_poll_dispatch
                0x000000001000ae40       0x18 CMakeFiles/pico_webserver.dir/pico-sdk/src/rp2_common/pico_cyw43_driver/cyw43_driver.c.obj
                0x000000001000ae40                cyw43_schedule_internal_poll_dispatch
 .text.cyw43_driver_init
                0x000000001000ae58       0x38 CMakeFiles/pico_webserver.dir/pico-sdk/src/rp2_common/pico_cyw43_driver/cyw43_driver.c.obj
                0x000000001000ae58                cyw43_driver_init
 .text.cyw43_driver_deinit
                0x000000001000ae90       0x44 CMakeFiles/pico_webserver.dir/pico-sdk/src/rp2_common/pico_cyw43_driver/cyw43_driver.c.obj
                0x000000001000ae90                cyw43_driver_deinit
 .text.cyw43_hal_generate_laa_mac
                0x000000001000aed4       0x28 CMakeFiles/pico_webserver.dir/pico-sdk/src/rp2_common/pico_cyw43_driver/cyw43_driver.c.obj
                0x000000001000aed4                cyw43_hal_generate_laa_mac
 .text.cyw43_hal_get_mac
                0x000000001000aefc       0x1c CMakeFiles/pico_webserver.dir/pico-sdk/src/rp2_common/pico_cyw43_driver/cyw43_driver.c.obj
                0x000000001000aefc                cyw43_hal_get_mac
 .text.cyw43_thread_enter
                0x000000001000af18       0x14 CMakeFiles/pico_webserver.dir/pico-sdk/src/rp2_common/pico_cyw43_driver/cyw43_driver.c.obj
                0x000000001000af18                cyw43_thread_enter
 .text.cyw43_thread_exit
                0x000000001000af2c       0x14 CMakeFiles/pico_webserver.dir/pico-sdk/src/rp2_common/pico_cyw43_driver/cyw43_driver.c.obj
                0x000000001000af2c                cyw43_thread_exit
 .text.cyw43_await_background_or_timeout_us
                0x000000001000af40       0x34 CMakeFiles/pico_webserver.dir/pico-sdk/src/rp2_common/pico_cyw43_driver/cyw43_driver.c.obj
                0x000000001000af40                cyw43_await_background_or_timeout_us
 .text.cyw43_delay_ms
                0x000000001000af74       0x44 CMakeFiles/pico_webserver.dir/pico-sdk/src/rp2_common/pico_cyw43_driver/cyw43_driver.c.obj
                0x000000001000af74                cyw43_delay_ms
 .text.cyw43_delay_us
                0x000000001000afb8       0x34 CMakeFiles/pico_webserver.dir/pico-sdk/src/rp2_common/pico_cyw43_driver/cyw43_driver.c.obj
                0x000000001000afb8                cyw43_delay_us
 .text.cyw43_cb_tcpip_init
                0x000000001000afec        0x4 CMakeFiles/pico_webserver.dir/pico-sdk/src/rp2_common/pico_cyw43_driver/cyw43_driver.c.obj
                0x000000001000afec                cyw43_cb_tcpip_init
 .text.cyw43_cb_tcpip_deinit
                0x000000001000aff0        0x4 CMakeFiles/pico_webserver.dir/pico-sdk/src/rp2_common/pico_cyw43_driver/cyw43_driver.c.obj
                0x000000001000aff0                cyw43_cb_tcpip_deinit
 .text.handle_sync_func_call
                0x000000001000aff4       0x24 CMakeFiles/pico_webserver.dir/pico-sdk/src/rp2_common/pico_async_context/async_context_threadsafe_background.c.obj
 .text.async_context_threadsafe_background_acquire_lock_blocking
                0x000000001000b018        0xc CMakeFiles/pico_webserver.dir/pico-sdk/src/rp2_common/pico_async_context/async_context_threadsafe_background.c.obj
 .text.process_under_lock
                0x000000001000b024       0xc8 CMakeFiles/pico_webserver.dir/pico-sdk/src/rp2_common/pico_async_context/async_context_threadsafe_background.c.obj
 .text.async_context_threadsafe_background_deinit
                0x000000001000b0ec       0x64 CMakeFiles/pico_webserver.dir/pico-sdk/src/rp2_common/pico_async_context/async_context_threadsafe_background.c.obj
 .text.low_priority_irq_handler
                0x000000001000b150       0x3c CMakeFiles/pico_webserver.dir/pico-sdk/src/rp2_common/pico_async_context/async_context_threadsafe_background.c.obj
 .text.async_context_threadsafe_background_wait_for_work_until
                0x000000001000b18c        0xc CMakeFiles/pico_webserver.dir/pico-sdk/src/rp2_common/pico_async_context/async_context_threadsafe_background.c.obj
 .text.async_context_threadsafe_background_wait_until
                0x000000001000b198       0x1c CMakeFiles/pico_webserver.dir/pico-sdk/src/rp2_common/pico_async_context/async_context_threadsafe_background.c.obj
 .text.async_context_threadsafe_background_lock_check
                0x000000001000b1b4       0x28 CMakeFiles/pico_webserver.dir/pico-sdk/src/rp2_common/pico_async_context/async_context_threadsafe_background.c.obj
 .text.async_context_threadsafe_background_execute_sync
                0x000000001000b1dc       0xe4 CMakeFiles/pico_webserver.dir/pico-sdk/src/rp2_common/pico_async_context/async_context_threadsafe_background.c.obj
                0x000000001000b1dc                async_context_threadsafe_background_execute_sync
 .text.async_context_threadsafe_background_set_work_pending
                0x000000001000b2c0       0x50 CMakeFiles/pico_webserver.dir/pico-sdk/src/rp2_common/pico_async_context/async_context_threadsafe_background.c.obj
 .text.alarm_handler
                0x000000001000b310       0x58 CMakeFiles/pico_webserver.dir/pico-sdk/src/rp2_common/pico_async_context/async_context_threadsafe_background.c.obj
 .text.async_context_threadsafe_background_release_lock
                0x000000001000b368       0x7c CMakeFiles/pico_webserver.dir/pico-sdk/src/rp2_common/pico_async_context/async_context_threadsafe_background.c.obj
 .text.async_context_threadsafe_background_when_pending_worker
                0x000000001000b3e4       0x90 CMakeFiles/pico_webserver.dir/pico-sdk/src/rp2_common/pico_async_context/async_context_threadsafe_background.c.obj
 .text.async_context_threadsafe_background_remove_at_time_worker
                0x000000001000b474       0x90 CMakeFiles/pico_webserver.dir/pico-sdk/src/rp2_common/pico_async_context/async_context_threadsafe_background.c.obj
 .text.async_context_threadsafe_background_add_when_pending_worker
                0x000000001000b504       0x90 CMakeFiles/pico_webserver.dir/pico-sdk/src/rp2_common/pico_async_context/async_context_threadsafe_background.c.obj
 .text.async_context_threadsafe_background_add_at_time_worker
                0x000000001000b594       0x90 CMakeFiles/pico_webserver.dir/pico-sdk/src/rp2_common/pico_async_context/async_context_threadsafe_background.c.obj
 .text.async_context_threadsafe_background_default_config
                0x000000001000b624        0xc CMakeFiles/pico_webserver.dir/pico-sdk/src/rp2_common/pico_async_context/async_context_threadsafe_background.c.obj
                0x000000001000b624                async_context_threadsafe_background_default_config
 .text.async_context_threadsafe_background_init
                0x000000001000b630       0xa4 CMakeFiles/pico_webserver.dir/pico-sdk/src/rp2_common/pico_async_context/async_context_threadsafe_background.c.obj
                0x000000001000b630                async_context_threadsafe_background_init
 .text.async_context_base_add_at_time_worker
                0x000000001000b6d4       0x28 CMakeFiles/pico_webserver.dir/pico-sdk/src/rp2_common/pico_async_context/async_context_base.c.obj
                0x000000001000b6d4                async_context_base_add_at_time_worker
 .text.async_context_base_remove_at_time_worker
                0x000000001000b6fc       0x28 CMakeFiles/pico_webserver.dir/pico-sdk/src/rp2_common/pico_async_context/async_context_base.c.obj
                0x000000001000b6fc                async_context_base_remove_at_time_worker
 .text.async_context_base_add_when_pending_worker
                0x000000001000b724       0x24 CMakeFiles/pico_webserver.dir/pico-sdk/src/rp2_common/pico_async_context/async_context_base.c.obj
                0x000000001000b724                async_context_base_add_when_pending_worker
 .text.async_context_base_remove_when_pending_worker
                0x000000001000b748       0x28 CMakeFiles/pico_webserver.dir/pico-sdk/src/rp2_common/pico_async_context/async_context_base.c.obj
                0x000000001000b748                async_context_base_remove_when_pending_worker
 .text.async_context_base_execute_once
                0x000000001000b770       0xe8 CMakeFiles/pico_webserver.dir/pico-sdk/src/rp2_common/pico_async_context/async_context_base.c.obj
                0x000000001000b770                async_context_base_execute_once
 .text.async_context_base_needs_servicing
                0x000000001000b858       0x54 CMakeFiles/pico_webserver.dir/pico-sdk/src/rp2_common/pico_async_context/async_context_base.c.obj
                0x000000001000b858                async_context_base_needs_servicing
 .text.lwip_init
                0x000000001000b8ac       0x20 CMakeFiles/pico_webserver.dir/pico-sdk/lib/lwip/src/core/init.c.obj
                0x000000001000b8ac                lwip_init
 .text.lwip_htons
                0x000000001000b8cc        0x8 CMakeFiles/pico_webserver.dir/pico-sdk/lib/lwip/src/core/def.c.obj
                0x000000001000b8cc                lwip_htons
 .text.lwip_htonl
                0x000000001000b8d4        0x4 CMakeFiles/pico_webserver.dir/pico-sdk/lib/lwip/src/core/def.c.obj
                0x000000001000b8d4                lwip_htonl
 .text.lwip_standard_chksum
                0x000000001000b8d8       0x80 CMakeFiles/pico_webserver.dir/pico-sdk/lib/lwip/src/core/inet_chksum.c.obj
                0x000000001000b8d8                lwip_standard_chksum
 .text.inet_chksum_pseudo
                0x000000001000b958       0xb4 CMakeFiles/pico_webserver.dir/pico-sdk/lib/lwip/src/core/inet_chksum.c.obj
                0x000000001000b958                inet_chksum_pseudo
 .text.ip_chksum_pseudo
                0x000000001000ba0c       0x10 CMakeFiles/pico_webserver.dir/pico-sdk/lib/lwip/src/core/inet_chksum.c.obj
                0x000000001000ba0c                ip_chksum_pseudo
 .text.inet_chksum
                0x000000001000ba1c       0x8c CMakeFiles/pico_webserver.dir/pico-sdk/lib/lwip/src/core/inet_chksum.c.obj
                0x000000001000ba1c                inet_chksum
 .text.inet_chksum_pbuf
                0x000000001000baa8       0x6c CMakeFiles/pico_webserver.dir/pico-sdk/lib/lwip/src/core/inet_chksum.c.obj
                0x000000001000baa8                inet_chksum_pbuf
 .text.mem_init
                0x000000001000bb14       0x48 CMakeFiles/pico_webserver.dir/pico-sdk/lib/lwip/src/core/mem.c.obj
                0x000000001000bb14                mem_init
 .text.mem_free
                0x000000001000bb5c      0x128 CMakeFiles/pico_webserver.dir/pico-sdk/lib/lwip/src/core/mem.c.obj
                0x000000001000bb5c                mem_free
 .text.mem_trim
                0x000000001000bc84      0x144 CMakeFiles/pico_webserver.dir/pico-sdk/lib/lwip/src/core/mem.c.obj
                0x000000001000bc84                mem_trim
 .text.mem_malloc
                0x000000001000bdc8      0x130 CMakeFiles/pico_webserver.dir/pico-sdk/lib/lwip/src/core/mem.c.obj
                0x000000001000bdc8                mem_malloc
 .text.memp_init
                0x000000001000bef8       0x94 CMakeFiles/pico_webserver.dir/pico-sdk/lib/lwip/src/core/memp.c.obj
                0x000000001000bef8                memp_init
 .text.memp_malloc
                0x000000001000bf8c       0x4c CMakeFiles/pico_webserver.dir/pico-sdk/lib/lwip/src/core/memp.c.obj
                0x000000001000bf8c                memp_malloc
 .text.memp_free
                0x000000001000bfd8       0x30 CMakeFiles/pico_webserver.dir/pico-sdk/lib/lwip/src/core/memp.c.obj
                0x000000001000bfd8                memp_free
 .text.netif_null_output_ip4
                0x000000001000c008        0x8 CMakeFiles/pico_webserver.dir/pico-sdk/lib/lwip/src/core/netif.c.obj
 .text.netif_init
                0x000000001000c010        0x4 CMakeFiles/pico_webserver.dir/pico-sdk/lib/lwip/src/core/netif.c.obj
                0x000000001000c010                netif_init
 .text.netif_add
                0x000000001000c014       0xe4 CMakeFiles/pico_webserver.dir/pico-sdk/lib/lwip/src/core/netif.c.obj
                0x000000001000c014                netif_add
 .text.netif_set_addr
                0x000000001000c0f8       0xb4 CMakeFiles/pico_webserver.dir/pico-sdk/lib/lwip/src/core/netif.c.obj
                0x000000001000c0f8                netif_set_addr
 .text.netif_set_default
                0x000000001000c1ac        0xc CMakeFiles/pico_webserver.dir/pico-sdk/lib/lwip/src/core/netif.c.obj
                0x000000001000c1ac                netif_set_default
 .text.netif_get_by_index
                0x000000001000c1b8       0x28 CMakeFiles/pico_webserver.dir/pico-sdk/lib/lwip/src/core/netif.c.obj
                0x000000001000c1b8                netif_get_by_index
 .text.pbuf_free.part.0
                0x000000001000c1e0       0x80 CMakeFiles/pico_webserver.dir/pico-sdk/lib/lwip/src/core/pbuf.c.obj
 .text.pbuf_free_ooseq
                0x000000001000c260       0x34 CMakeFiles/pico_webserver.dir/pico-sdk/lib/lwip/src/core/pbuf.c.obj
                0x000000001000c260                pbuf_free_ooseq
 .text.pbuf_alloc
                0x000000001000c294      0x12c CMakeFiles/pico_webserver.dir/pico-sdk/lib/lwip/src/core/pbuf.c.obj
                0x000000001000c294                pbuf_alloc
 .text.pbuf_alloced_custom
                0x000000001000c3c0       0x38 CMakeFiles/pico_webserver.dir/pico-sdk/lib/lwip/src/core/pbuf.c.obj
                0x000000001000c3c0                pbuf_alloced_custom
 .text.pbuf_realloc
                0x000000001000c3f8       0x70 CMakeFiles/pico_webserver.dir/pico-sdk/lib/lwip/src/core/pbuf.c.obj
                0x000000001000c3f8                pbuf_realloc
 .text.pbuf_add_header
                0x000000001000c468       0x4c CMakeFiles/pico_webserver.dir/pico-sdk/lib/lwip/src/core/pbuf.c.obj
                0x000000001000c468                pbuf_add_header
 .text.pbuf_remove_header
                0x000000001000c4b4       0x38 CMakeFiles/pico_webserver.dir/pico-sdk/lib/lwip/src/core/pbuf.c.obj
                0x000000001000c4b4                pbuf_remove_header
 .text.pbuf_header_force
                0x000000001000c4ec       0x6c CMakeFiles/pico_webserver.dir/pico-sdk/lib/lwip/src/core/pbuf.c.obj
                0x000000001000c4ec                pbuf_header_force
 .text.pbuf_free
                0x000000001000c558       0x10 CMakeFiles/pico_webserver.dir/pico-sdk/lib/lwip/src/core/pbuf.c.obj
                0x000000001000c558                pbuf_free
 .text.pbuf_clen
                0x000000001000c568       0x14 CMakeFiles/pico_webserver.dir/pico-sdk/lib/lwip/src/core/pbuf.c.obj
                0x000000001000c568                pbuf_clen
 .text.pbuf_ref
                0x000000001000c57c       0x18 CMakeFiles/pico_webserver.dir/pico-sdk/lib/lwip/src/core/pbuf.c.obj
                0x000000001000c57c                pbuf_ref
 .text.pbuf_cat
                0x000000001000c594       0x2c CMakeFiles/pico_webserver.dir/pico-sdk/lib/lwip/src/core/pbuf.c.obj
                0x000000001000c594                pbuf_cat
 .text.pbuf_chain
                0x000000001000c5c0       0x44 CMakeFiles/pico_webserver.dir/pico-sdk/lib/lwip/src/core/pbuf.c.obj
                0x000000001000c5c0                pbuf_chain
 .text.pbuf_copy_partial_pbuf
                0x000000001000c604      0x11c CMakeFiles/pico_webserver.dir/pico-sdk/lib/lwip/src/core/pbuf.c.obj
                0x000000001000c604                pbuf_copy_partial_pbuf
 .text.pbuf_copy
                0x000000001000c720       0x18 CMakeFiles/pico_webserver.dir/pico-sdk/lib/lwip/src/core/pbuf.c.obj
                0x000000001000c720                pbuf_copy
 .text.pbuf_copy_partial
                0x000000001000c738       0x70 CMakeFiles/pico_webserver.dir/pico-sdk/lib/lwip/src/core/pbuf.c.obj
                0x000000001000c738                pbuf_copy_partial
 .text.pbuf_clone
                0x000000001000c7a8       0x20 CMakeFiles/pico_webserver.dir/pico-sdk/lib/lwip/src/core/pbuf.c.obj
                0x000000001000c7a8                pbuf_clone
 .text.stats_init
                0x000000001000c7c8        0x4 CMakeFiles/pico_webserver.dir/pico-sdk/lib/lwip/src/core/stats.c.obj
                0x000000001000c7c8                stats_init
 .text.tcp_close_shutdown_fin
                0x000000001000c7cc       0x4c CMakeFiles/pico_webserver.dir/pico-sdk/lib/lwip/src/core/tcp.c.obj
 .text.tcp_pcb_purge.part.0
                0x000000001000c818       0xc4 CMakeFiles/pico_webserver.dir/pico-sdk/lib/lwip/src/core/tcp.c.obj
 .text.tcp_init
                0x000000001000c8dc        0x4 CMakeFiles/pico_webserver.dir/pico-sdk/lib/lwip/src/core/tcp.c.obj
                0x000000001000c8dc                tcp_init
 .text.tcp_free
                0x000000001000c8e0        0xc CMakeFiles/pico_webserver.dir/pico-sdk/lib/lwip/src/core/tcp.c.obj
                0x000000001000c8e0                tcp_free
 .text.tcp_update_rcv_ann_wnd
                0x000000001000c8ec       0x3c CMakeFiles/pico_webserver.dir/pico-sdk/lib/lwip/src/core/tcp.c.obj
                0x000000001000c8ec                tcp_update_rcv_ann_wnd
 .text.tcp_slowtmr
                0x000000001000c928      0x42c CMakeFiles/pico_webserver.dir/pico-sdk/lib/lwip/src/core/tcp.c.obj
                0x000000001000c928                tcp_slowtmr
 .text.tcp_segs_free
                0x000000001000cd54       0x38 CMakeFiles/pico_webserver.dir/pico-sdk/lib/lwip/src/core/tcp.c.obj
                0x000000001000cd54                tcp_segs_free
 .text.tcp_seg_free
                0x000000001000cd8c       0x1c CMakeFiles/pico_webserver.dir/pico-sdk/lib/lwip/src/core/tcp.c.obj
                0x000000001000cd8c                tcp_seg_free
 .text.tcp_seg_copy
                0x000000001000cda8       0x20 CMakeFiles/pico_webserver.dir/pico-sdk/lib/lwip/src/core/tcp.c.obj
                0x000000001000cda8                tcp_seg_copy
 .text.tcp_pcb_purge
                0x000000001000cdc8       0x18 CMakeFiles/pico_webserver.dir/pico-sdk/lib/lwip/src/core/tcp.c.obj
                0x000000001000cdc8                tcp_pcb_purge
 .text.tcp_pcb_remove
                0x000000001000cde0       0x78 CMakeFiles/pico_webserver.dir/pico-sdk/lib/lwip/src/core/tcp.c.obj
                0x000000001000cde0                tcp_pcb_remove
 .text.tcp_abandon
                0x000000001000ce58      0x184 CMakeFiles/pico_webserver.dir/pico-sdk/lib/lwip/src/core/tcp.c.obj
                0x000000001000ce58                tcp_abandon
 .text.tcp_abort
                0x000000001000cfdc        0xc CMakeFiles/pico_webserver.dir/pico-sdk/lib/lwip/src/core/tcp.c.obj
                0x000000001000cfdc                tcp_abort
 .text.tcp_alloc
                0x000000001000cfe8      0x1f8 CMakeFiles/pico_webserver.dir/pico-sdk/lib/lwip/src/core/tcp.c.obj
                0x000000001000cfe8                tcp_alloc
 .text.tcp_close_shutdown
                0x000000001000d1e0      0x14c CMakeFiles/pico_webserver.dir/pico-sdk/lib/lwip/src/core/tcp.c.obj
 .text.tcp_recv_null
                0x000000001000d32c       0xa8 CMakeFiles/pico_webserver.dir/pico-sdk/lib/lwip/src/core/tcp.c.obj
                0x000000001000d32c                tcp_recv_null
 .text.tcp_process_refused_data
                0x000000001000d3d4       0xe8 CMakeFiles/pico_webserver.dir/pico-sdk/lib/lwip/src/core/tcp.c.obj
                0x000000001000d3d4                tcp_process_refused_data
 .text.tcp_fasttmr
                0x000000001000d4bc       0x98 CMakeFiles/pico_webserver.dir/pico-sdk/lib/lwip/src/core/tcp.c.obj
                0x000000001000d4bc                tcp_fasttmr
 .text.tcp_tmr  0x000000001000d554       0x20 CMakeFiles/pico_webserver.dir/pico-sdk/lib/lwip/src/core/tcp.c.obj
                0x000000001000d554                tcp_tmr
 .text.tcp_next_iss
                0x000000001000d574       0x18 CMakeFiles/pico_webserver.dir/pico-sdk/lib/lwip/src/core/tcp.c.obj
                0x000000001000d574                tcp_next_iss
 .text.tcp_eff_send_mss_netif
                0x000000001000d58c       0x28 CMakeFiles/pico_webserver.dir/pico-sdk/lib/lwip/src/core/tcp.c.obj
                0x000000001000d58c                tcp_eff_send_mss_netif
 .text.tcp_netif_ip_addr_changed
                0x000000001000d5b4       0x9c CMakeFiles/pico_webserver.dir/pico-sdk/lib/lwip/src/core/tcp.c.obj
                0x000000001000d5b4                tcp_netif_ip_addr_changed
 .text.tcp_free_ooseq
                0x000000001000d650       0x40 CMakeFiles/pico_webserver.dir/pico-sdk/lib/lwip/src/core/tcp.c.obj
                0x000000001000d650                tcp_free_ooseq
 .text.tcp_parseopt
                0x000000001000d690      0x180 CMakeFiles/pico_webserver.dir/pico-sdk/lib/lwip/src/core/tcp_in.c.obj
 .text.tcp_oos_insert_segment
                0x000000001000d810       0xd4 CMakeFiles/pico_webserver.dir/pico-sdk/lib/lwip/src/core/tcp_in.c.obj
 .text.tcp_receive
                0x000000001000d8e4      0xa44 CMakeFiles/pico_webserver.dir/pico-sdk/lib/lwip/src/core/tcp_in.c.obj
 .text.tcp_input
                0x000000001000e328      0xc64 CMakeFiles/pico_webserver.dir/pico-sdk/lib/lwip/src/core/tcp_in.c.obj
                0x000000001000e328                tcp_input
 .text.tcp_trigger_input_pcb_close
                0x000000001000ef8c       0x10 CMakeFiles/pico_webserver.dir/pico-sdk/lib/lwip/src/core/tcp_in.c.obj
                0x000000001000ef8c                tcp_trigger_input_pcb_close
 .text.tcp_create_segment
                0x000000001000ef9c       0xd0 CMakeFiles/pico_webserver.dir/pico-sdk/lib/lwip/src/core/tcp_out.c.obj
 .text.tcp_output_control_segment
                0x000000001000f06c       0xb4 CMakeFiles/pico_webserver.dir/pico-sdk/lib/lwip/src/core/tcp_out.c.obj
 .text.tcp_split_unsent_seg
                0x000000001000f120      0x19c CMakeFiles/pico_webserver.dir/pico-sdk/lib/lwip/src/core/tcp_out.c.obj
                0x000000001000f120                tcp_split_unsent_seg
 .text.tcp_send_fin
                0x000000001000f2bc       0xe0 CMakeFiles/pico_webserver.dir/pico-sdk/lib/lwip/src/core/tcp_out.c.obj
                0x000000001000f2bc                tcp_send_fin
 .text.tcp_enqueue_flags
                0x000000001000f39c       0xa8 CMakeFiles/pico_webserver.dir/pico-sdk/lib/lwip/src/core/tcp_out.c.obj
                0x000000001000f39c                tcp_enqueue_flags
 .text.tcp_rexmit_rto_prepare
                0x000000001000f444       0x8c CMakeFiles/pico_webserver.dir/pico-sdk/lib/lwip/src/core/tcp_out.c.obj
                0x000000001000f444                tcp_rexmit_rto_prepare
 .text.tcp_rexmit
                0x000000001000f4d0       0x90 CMakeFiles/pico_webserver.dir/pico-sdk/lib/lwip/src/core/tcp_out.c.obj
                0x000000001000f4d0                tcp_rexmit
 .text.tcp_rexmit_fast
                0x000000001000f560       0x58 CMakeFiles/pico_webserver.dir/pico-sdk/lib/lwip/src/core/tcp_out.c.obj
                0x000000001000f560                tcp_rexmit_fast
 .text.tcp_rst  0x000000001000f5b8       0xbc CMakeFiles/pico_webserver.dir/pico-sdk/lib/lwip/src/core/tcp_out.c.obj
                0x000000001000f5b8                tcp_rst
 .text.tcp_rst_netif
                0x000000001000f674       0xfc CMakeFiles/pico_webserver.dir/pico-sdk/lib/lwip/src/core/tcp_out.c.obj
                0x000000001000f674                tcp_rst_netif
 .text.tcp_send_empty_ack
                0x000000001000f770       0xdc CMakeFiles/pico_webserver.dir/pico-sdk/lib/lwip/src/core/tcp_out.c.obj
                0x000000001000f770                tcp_send_empty_ack
 .text.tcp_output
                0x000000001000f84c      0x410 CMakeFiles/pico_webserver.dir/pico-sdk/lib/lwip/src/core/tcp_out.c.obj
                0x000000001000f84c                tcp_output
 .text.tcp_rexmit_rto_commit
                0x000000001000fc5c       0x14 CMakeFiles/pico_webserver.dir/pico-sdk/lib/lwip/src/core/tcp_out.c.obj
                0x000000001000fc5c                tcp_rexmit_rto_commit
 .text.tcp_rexmit_rto
                0x000000001000fc70       0x98 CMakeFiles/pico_webserver.dir/pico-sdk/lib/lwip/src/core/tcp_out.c.obj
                0x000000001000fc70                tcp_rexmit_rto
 .text.tcp_keepalive
                0x000000001000fd08       0xc4 CMakeFiles/pico_webserver.dir/pico-sdk/lib/lwip/src/core/tcp_out.c.obj
                0x000000001000fd08                tcp_keepalive
 .text.tcp_zero_window_probe
                0x000000001000fdcc      0x18c CMakeFiles/pico_webserver.dir/pico-sdk/lib/lwip/src/core/tcp_out.c.obj
                0x000000001000fdcc                tcp_zero_window_probe
 .text.tcpip_tcp_timer
                0x000000001000ff58       0x6c CMakeFiles/pico_webserver.dir/pico-sdk/lib/lwip/src/core/timeouts.c.obj
 .text.lwip_cyclic_timer
                0x000000001000ffc4       0x90 CMakeFiles/pico_webserver.dir/pico-sdk/lib/lwip/src/core/timeouts.c.obj
 .text.tcp_timer_needed
                0x0000000010010054       0x70 CMakeFiles/pico_webserver.dir/pico-sdk/lib/lwip/src/core/timeouts.c.obj
                0x0000000010010054                tcp_timer_needed
 .text.sys_timeouts_init
                0x00000000100100c4       0x78 CMakeFiles/pico_webserver.dir/pico-sdk/lib/lwip/src/core/timeouts.c.obj
                0x00000000100100c4                sys_timeouts_init
 .text.sys_check_timeouts
                0x000000001001013c       0x68 CMakeFiles/pico_webserver.dir/pico-sdk/lib/lwip/src/core/timeouts.c.obj
                0x000000001001013c                sys_check_timeouts
 .text.udp_init
                0x00000000100101a4        0x4 CMakeFiles/pico_webserver.dir/pico-sdk/lib/lwip/src/core/udp.c.obj
                0x00000000100101a4                udp_init
 .text.udp_input
                0x00000000100101a8      0x234 CMakeFiles/pico_webserver.dir/pico-sdk/lib/lwip/src/core/udp.c.obj
                0x00000000100101a8                udp_input
 .text.udp_bind
                0x00000000100103dc      0x10c CMakeFiles/pico_webserver.dir/pico-sdk/lib/lwip/src/core/udp.c.obj
                0x00000000100103dc                udp_bind
 .text.udp_sendto_if_src
                0x00000000100104e8      0x120 CMakeFiles/pico_webserver.dir/pico-sdk/lib/lwip/src/core/udp.c.obj
                0x00000000100104e8                udp_sendto_if_src
 .text.udp_sendto_if
                0x0000000010010608       0x48 CMakeFiles/pico_webserver.dir/pico-sdk/lib/lwip/src/core/udp.c.obj
                0x0000000010010608                udp_sendto_if
 .text.udp_sendto
                0x0000000010010650       0x7c CMakeFiles/pico_webserver.dir/pico-sdk/lib/lwip/src/core/udp.c.obj
                0x0000000010010650                udp_sendto
 .text.udp_connect
                0x00000000100106cc       0x64 CMakeFiles/pico_webserver.dir/pico-sdk/lib/lwip/src/core/udp.c.obj
                0x00000000100106cc                udp_connect
 .text.udp_recv
                0x0000000010010730        0xc CMakeFiles/pico_webserver.dir/pico-sdk/lib/lwip/src/core/udp.c.obj
                0x0000000010010730                udp_recv
 .text.udp_remove
                0x000000001001073c       0x3c CMakeFiles/pico_webserver.dir/pico-sdk/lib/lwip/src/core/udp.c.obj
                0x000000001001073c                udp_remove
 .text.udp_new  0x0000000010010778       0x1c CMakeFiles/pico_webserver.dir/pico-sdk/lib/lwip/src/core/udp.c.obj
                0x0000000010010778                udp_new
 .text.udp_netif_ip_addr_changed
                0x0000000010010794       0x40 CMakeFiles/pico_webserver.dir/pico-sdk/lib/lwip/src/core/udp.c.obj
                0x0000000010010794                udp_netif_ip_addr_changed
 .text.dhcp_create_msg
                0x00000000100107d4      0x144 CMakeFiles/pico_webserver.dir/pico-sdk/lib/lwip/src/core/ipv4/dhcp.c.obj
 .text.dhcp_bind
                0x0000000010010918      0x11c CMakeFiles/pico_webserver.dir/pico-sdk/lib/lwip/src/core/ipv4/dhcp.c.obj
 .text.dhcp_handle_ack.isra.0
                0x0000000010010a34       0xa0 CMakeFiles/pico_webserver.dir/pico-sdk/lib/lwip/src/core/ipv4/dhcp.c.obj
 .text.dhcp_reboot.isra.0
                0x0000000010010ad4      0x1e0 CMakeFiles/pico_webserver.dir/pico-sdk/lib/lwip/src/core/ipv4/dhcp.c.obj
 .text.dhcp_discover
                0x0000000010010cb4      0x198 CMakeFiles/pico_webserver.dir/pico-sdk/lib/lwip/src/core/ipv4/dhcp.c.obj
 .text.dhcp_select.isra.0
                0x0000000010010e4c      0x244 CMakeFiles/pico_webserver.dir/pico-sdk/lib/lwip/src/core/ipv4/dhcp.c.obj
 .text.dhcp_recv
                0x0000000010011090      0x414 CMakeFiles/pico_webserver.dir/pico-sdk/lib/lwip/src/core/ipv4/dhcp.c.obj
 .text.dhcp_conflict_callback
                0x00000000100114a4      0x124 CMakeFiles/pico_webserver.dir/pico-sdk/lib/lwip/src/core/ipv4/dhcp.c.obj
 .text.dhcp_renew
                0x00000000100115c8      0x1a0 CMakeFiles/pico_webserver.dir/pico-sdk/lib/lwip/src/core/ipv4/dhcp.c.obj
                0x00000000100115c8                dhcp_renew
 .text.dhcp_release_and_stop
                0x0000000010011768      0x14c CMakeFiles/pico_webserver.dir/pico-sdk/lib/lwip/src/core/ipv4/dhcp.c.obj
                0x0000000010011768                dhcp_release_and_stop
 .text.dhcp_start
                0x00000000100118b4      0x10c CMakeFiles/pico_webserver.dir/pico-sdk/lib/lwip/src/core/ipv4/dhcp.c.obj
                0x00000000100118b4                dhcp_start
 .text.dhcp_coarse_tmr
                0x00000000100119c0      0x234 CMakeFiles/pico_webserver.dir/pico-sdk/lib/lwip/src/core/ipv4/dhcp.c.obj
                0x00000000100119c0                dhcp_coarse_tmr
 .text.dhcp_fine_tmr
                0x0000000010011bf4       0x70 CMakeFiles/pico_webserver.dir/pico-sdk/lib/lwip/src/core/ipv4/dhcp.c.obj
                0x0000000010011bf4                dhcp_fine_tmr
 .text.etharp_raw
                0x0000000010011c64       0xc0 CMakeFiles/pico_webserver.dir/pico-sdk/lib/lwip/src/core/ipv4/etharp.c.obj
 .text.etharp_output_to_arp_index
                0x0000000010011d24       0xd4 CMakeFiles/pico_webserver.dir/pico-sdk/lib/lwip/src/core/ipv4/etharp.c.obj
 .text.etharp_find_entry.constprop.0
                0x0000000010011df8      0xfd4 CMakeFiles/pico_webserver.dir/pico-sdk/lib/lwip/src/core/ipv4/etharp.c.obj
 .text.etharp_tmr
                0x0000000010012dcc       0xa4 CMakeFiles/pico_webserver.dir/pico-sdk/lib/lwip/src/core/ipv4/etharp.c.obj
                0x0000000010012dcc                etharp_tmr
 .text.etharp_input
                0x0000000010012e70      0x1a8 CMakeFiles/pico_webserver.dir/pico-sdk/lib/lwip/src/core/ipv4/etharp.c.obj
                0x0000000010012e70                etharp_input
 .text.etharp_query
                0x0000000010013018      0x184 CMakeFiles/pico_webserver.dir/pico-sdk/lib/lwip/src/core/ipv4/etharp.c.obj
                0x0000000010013018                etharp_query
 .text.etharp_output
                0x000000001001319c      0x1a8 CMakeFiles/pico_webserver.dir/pico-sdk/lib/lwip/src/core/ipv4/etharp.c.obj
                0x000000001001319c                etharp_output
 .text.etharp_acd_probe