Archive member included to satisfy reference by file (symbol)

liblwipcore.a(init.c.obj)     CMakeFiles/pico_webserver.dir/tusb_lwip_glue.c.obj (lwip_init)
liblwipcore.a(def.c.obj)      CMakeFiles/pico_webserver.dir/pico-sdk/lib/tinyusb/lib/networking/dnserver.c.obj (lwip_htons)
liblwipcore.a(mem.c.obj)      liblwipcore.a(init.c.obj) (mem_init)
liblwipcore.a(memp.c.obj)     liblwipcore.a(init.c.obj) (memp_init)
liblwipcore.a(netif.c.obj)    liblwipcore.a(init.c.obj) (netif_init)
liblwipcore.a(pbuf.c.obj)     CMakeFiles/pico_webserver.dir/tusb_lwip_glue.c.obj (pbuf_alloc)
liblwipcore.a(stats.c.obj)    liblwipcore.a(init.c.obj) (stats_init)
liblwipcore.a(tcp.c.obj)      liblwipcore.a(init.c.obj) (tcp_init)
liblwipcore.a(tcp_in.c.obj)   liblwipcore.a(tcp.c.obj) (tcp_trigger_input_pcb_close)
liblwipcore.a(tcp_out.c.obj)  liblwipcore.a(tcp.c.obj) (tcp_split_unsent_seg)
liblwipcore.a(timeouts.c.obj)
                              liblwipcore.a(tcp.c.obj) (tcp_timer_needed)
liblwipcore.a(udp.c.obj)      CMakeFiles/pico_webserver.dir/pico-sdk/lib/tinyusb/lib/networking/dhserver.c.obj (udp_init)
liblwipcore.a(etharp.c.obj)   liblwipcore.a(timeouts.c.obj) (etharp_tmr)
liblwipcore.a(ip4_frag.c.obj)
                              liblwipcore.a(timeouts.c.obj) (ip_reass_tmr)
liblwipcore.a(ip4.c.obj)      liblwipcore.a(tcp.c.obj) (ip4_route)
liblwipcore.a(ip4_addr.c.obj)
                              liblwipcore.a(tcp_in.c.obj) (ip4_addr_isbroadcast_u32)
liblwipcore.a(ethernet.c.obj)
                              CMakeFiles/pico_webserver.dir/tusb_lwip_glue.c.obj (ethernet_input)
liblwipcore.a(inet_chksum.c.obj)
                              liblwipcore.a(tcp_in.c.obj) (ip_chksum_pseudo)
liblwipcore.a(ip.c.obj)       liblwipcore.a(tcp_in.c.obj) (ip_data)
/usr/lib/gcc/arm-none-eabi/10.3.1/thumb/v6-m/nofp/libgcc.a(_dvmd_tls.o)
                              CMakeFiles/pico_webserver.dir/pico-sdk/src/rp2_common/pico_divider/divider.S.obj (__aeabi_idiv0)
/usr/lib/gcc/arm-none-eabi/10.3.1/../../../arm-none-eabi/lib/thumb/v6-m/nofp/libc.a(lib_a-atexit.o)
                              /usr/lib/gcc/arm-none-eabi/10.3.1/../../../arm-none-eabi/lib/thumb/v6-m/nofp/crt0.o (atexit)
/usr/lib/gcc/arm-none-eabi/10.3.1/../../../arm-none-eabi/lib/thumb/v6-m/nofp/libc.a(lib_a-atoi.o)
                              liblwipcore.a(netif.c.obj) (atoi)
/usr/lib/gcc/arm-none-eabi/10.3.1/../../../arm-none-eabi/lib/thumb/v6-m/nofp/libc.a(lib_a-calloc.o)
                              CMakeFiles/pico_webserver.dir/pico-sdk/src/rp2_common/pico_malloc/pico_malloc.c.obj (calloc)
/usr/lib/gcc/arm-none-eabi/10.3.1/../../../arm-none-eabi/lib/thumb/v6-m/nofp/libc.a(lib_a-callocr.o)
                              /usr/lib/gcc/arm-none-eabi/10.3.1/../../../arm-none-eabi/lib/thumb/v6-m/nofp/libc.a(lib_a-calloc.o) (_calloc_r)
/usr/lib/gcc/arm-none-eabi/10.3.1/../../../arm-none-eabi/lib/thumb/v6-m/nofp/libc.a(lib_a-ctype_.o)
                              liblwipcore.a(ip4_addr.c.obj) (_ctype_)
/usr/lib/gcc/arm-none-eabi/10.3.1/../../../arm-none-eabi/lib/thumb/v6-m/nofp/libc.a(lib_a-fini.o)
                              /usr/lib/gcc/arm-none-eabi/10.3.1/../../../arm-none-eabi/lib/thumb/v6-m/nofp/crt0.o (__libc_fini_array)
/usr/lib/gcc/arm-none-eabi/10.3.1/../../../arm-none-eabi/lib/thumb/v6-m/nofp/libc.a(lib_a-impure.o)
                              /usr/lib/gcc/arm-none-eabi/10.3.1/../../../arm-none-eabi/lib/thumb/v6-m/nofp/libc.a(lib_a-calloc.o) (_impure_ptr)
/usr/lib/gcc/arm-none-eabi/10.3.1/../../../arm-none-eabi/lib/thumb/v6-m/nofp/libc.a(lib_a-init.o)
                              /usr/lib/gcc/arm-none-eabi/10.3.1/../../../arm-none-eabi/lib/thumb/v6-m/nofp/crt0.o (__libc_init_array)
/usr/lib/gcc/arm-none-eabi/10.3.1/../../../arm-none-eabi/lib/thumb/v6-m/nofp/libc.a(lib_a-malloc.o)
                              CMakeFiles/pico_webserver.dir/pico-sdk/src/rp2_common/pico_malloc/pico_malloc.c.obj (malloc)
/usr/lib/gcc/arm-none-eabi/10.3.1/../../../arm-none-eabi/lib/thumb/v6-m/nofp/libc.a(lib_a-mallocr.o)
                              /usr/lib/gcc/arm-none-eabi/10.3.1/../../../arm-none-eabi/lib/thumb/v6-m/nofp/libc.a(lib_a-callocr.o) (_malloc_r)
/usr/lib/gcc/arm-none-eabi/10.3.1/../../../arm-none-eabi/lib/thumb/v6-m/nofp/libc.a(lib_a-memcmp.o)
                              CMakeFiles/pico_webserver.dir/pico-sdk/lib/tinyusb/lib/networking/dhserver.c.obj (memcmp)
/usr/lib/gcc/arm-none-eabi/10.3.1/../../../arm-none-eabi/lib/thumb/v6-m/nofp/libc.a(lib_a-memmove.o)
                              CMakeFiles/pico_webserver.dir/pico-sdk/lib/cyw43-driver/src/cyw43_ll.c.obj (memmove)
/usr/lib/gcc/arm-none-eabi/10.3.1/../../../arm-none-eabi/lib/thumb/v6-m/nofp/libc.a(lib_a-mlock.o)
                              /usr/lib/gcc/arm-none-eabi/10.3.1/../../../arm-none-eabi/lib/thumb/v6-m/nofp/libc.a(lib_a-mallocr.o) (__malloc_lock)
/usr/lib/gcc/arm-none-eabi/10.3.1/../../../arm-none-eabi/lib/thumb/v6-m/nofp/libc.a(lib_a-realloc.o)
[...]
Memory Configuration

Name             Origin             Length             Attributes
FLASH            0x0000000010000000 0x0000000000200000 xr
RAM              0x0000000020000000 0x0000000000040000 xrw
SCRATCH_X        0x0000000020040000 0x0000000000001000 xrw
SCRATCH_Y        0x0000000020041000 0x0000000000001000 xrw
*default*        0x0000000000000000 0xffffffffffffffff

Linker script and memory map

LOAD /usr/lib/gcc/arm-none-eabi/10.3.1/thumb/v6-m/nofp/crti.o
LOAD /usr/lib/gcc/arm-none-eabi/10.3.1/thumb/v6-m/nofp/crtbegin.o
LOAD /usr/lib/gcc/arm-none-eabi/10.3.1/../../../arm-none-eabi/lib/thumb/v6-m/nofp/crt0.o

.flash_begin    0x0000000010000000        0x0
                0x0000000010000000                __flash_binary_start = .

.boot2          0x0000000010000000      0x100
                0x0000000010000000                __boot2_start__ = .
 *(.boot2)
 .boot2         0x0000000010000000      0x100 /tmp/cc8iXy2N.o
                0x0000000010000100                __boot2_end__ = .
                0x0000000000000001                ASSERT (((__boot2_end__ - __boot2_start__) == 0x100), ERROR: Pico second stage bootloader must be 256 bytes in size)

.text           0x0000000010000100    0x169c8
                0x0000000010000100                __logical_binary_start = .
 *(.vectors)
 .vectors       0x0000000010000100       0xd4 CMakeFiles/pico_webserver.dir/pico-sdk/src/rp2_common/pico_standard_link/crt0.S.obj
                0x0000000010000100                __vectors
                0x0000000010000100                __VECTOR_TABLE
                0x00000000100001c0                isr_invalid
                0x00000000100001c0                __default_isrs_start
                0x00000000100001c2                isr_nmi
                0x00000000100001c4                isr_hardfault
                0x00000000100001c6                isr_svcall
                0x00000000100001c8                isr_pendsv
                0x00000000100001ca                isr_systick
                0x00000000100001cc                isr_irq30
                0x00000000100001cc                __unhandled_user_irq
                0x00000000100001cc                isr_irq13
                0x00000000100001cc                isr_irq27
                0x00000000100001cc                isr_irq31
                0x00000000100001cc                isr_irq5
                0x00000000100001cc                isr_irq11
                0x00000000100001cc                isr_irq23
                0x00000000100001cc                isr_irq18
                0x00000000100001cc                isr_irq28
                0x00000000100001cc                isr_irq19
                0x00000000100001cc                isr_irq0
                0x00000000100001cc                isr_irq6
                0x00000000100001cc                isr_irq22
                0x00000000100001cc                isr_irq17
                0x00000000100001cc                isr_irq14
                0x00000000100001cc                isr_irq2
                0x00000000100001cc                isr_irq10
                0x00000000100001cc                isr_irq8
                0x00000000100001cc                isr_irq24
                0x00000000100001cc                isr_irq1
                0x00000000100001cc                isr_irq7
                0x00000000100001cc                isr_irq21
                0x00000000100001cc                isr_irq20
                0x00000000100001cc                isr_irq15
                0x00000000100001cc                isr_irq25
                0x00000000100001cc                isr_irq4
                0x00000000100001cc                isr_irq16
                0x00000000100001cc                isr_irq29
                0x00000000100001cc                isr_irq26
                0x00000000100001cc                __default_isrs_end
                0x00000000100001cc                isr_irq3
                0x00000000100001cc                isr_irq12
                0x00000000100001cc                isr_irq9
                0x00000000100001d2                unhandled_user_irq_num_in_r0
 *(.binary_info_header)
 .binary_info_header
                0x00000000100001d4       0x14 CMakeFiles/pico_webserver.dir/pico-sdk/src/rp2_common/pico_standard_link/crt0.S.obj
                0x00000000100001e8                __binary_info_header_end = .
 *(.reset)
 .reset         0x00000000100001e8       0xa0 CMakeFiles/pico_webserver.dir/pico-sdk/src/rp2_common/pico_standard_link/crt0.S.obj
                0x00000000100001e8                _entry_point
 .reset         0x0000000010000288       0x30 CMakeFiles/pico_webserver.dir/pico-sdk/src/rp2_common/pico_standard_link/binary_info.c.obj
 *(.init)
 .init          0x00000000100002b8        0x4 /usr/lib/gcc/arm-none-eabi/10.3.1/thumb/v6-m/nofp/crti.o
                0x00000000100002b8                _init
 *(EXCLUDE_FILE(*libm.a: *libc.a:*lib_a-mem*.o *libgcc.a:) .text*)
 .text          0x00000000100002bc       0x98 /usr/lib/gcc/arm-none-eabi/10.3.1/thumb/v6-m/nofp/crtbegin.o
 .text.startup.main
                0x0000000010000354       0x6c CMakeFiles/pico_webserver.dir/webserver.c.obj
                0x0000000010000354                main
 .text.netif_init_cb
                0x00000000100003c0       0x30 CMakeFiles/pico_webserver.dir/tusb_lwip_glue.c.obj
 .text.output_fn
                0x00000000100003f0        0x8 CMakeFiles/pico_webserver.dir/tusb_lwip_glue.c.obj
 .text.linkoutput_fn
                0x00000000100003f8       0x3c CMakeFiles/pico_webserver.dir/tusb_lwip_glue.c.obj
 .text.init_lwip
                0x0000000010000434       0x8c CMakeFiles/pico_webserver.dir/tusb_lwip_glue.c.obj
                0x0000000010000434                init_lwip
 .text.tud_network_init_cb
                0x00000000100004c0       0x18 CMakeFiles/pico_webserver.dir/tusb_lwip_glue.c.obj
                0x00000000100004c0                tud_network_init_cb
 .text.tud_network_recv_cb
                0x00000000100004d8       0x3c CMakeFiles/pico_webserver.dir/tusb_lwip_glue.c.obj
                0x00000000100004d8                tud_network_recv_cb
 .text.tud_network_xmit_cb
                0x0000000010000514       0x30 CMakeFiles/pico_webserver.dir/tusb_lwip_glue.c.obj
                0x0000000010000514                tud_network_xmit_cb
 .text.service_traffic
                0x0000000010000544       0x48 CMakeFiles/pico_webserver.dir/tusb_lwip_glue.c.obj
                0x0000000010000544                service_traffic
 .text.wait_for_netif_is_up
                0x000000001000058c       0x14 CMakeFiles/pico_webserver.dir/tusb_lwip_glue.c.obj
                0x000000001000058c                wait_for_netif_is_up
 .text.sys_arch_protect
                0x00000000100005a0        0x4 CMakeFiles/pico_webserver.dir/tusb_lwip_glue.c.obj
                0x00000000100005a0                sys_arch_protect
 .text.sys_arch_unprotect
                0x00000000100005a4        0x4 CMakeFiles/pico_webserver.dir/tusb_lwip_glue.c.obj
                0x00000000100005a4                sys_arch_unprotect
 .text.sys_now  0x00000000100005a8       0x20 CMakeFiles/pico_webserver.dir/tusb_lwip_glue.c.obj
                0x00000000100005a8                sys_now
 .text.tud_descriptor_device_cb
                0x00000000100005c8        0x8 CMakeFiles/pico_webserver.dir/usb_descriptors.c.obj
                0x00000000100005c8                tud_descriptor_device_cb
 .text.tud_descriptor_configuration_cb
                0x00000000100005d0       0x14 CMakeFiles/pico_webserver.dir/usb_descriptors.c.obj
                0x00000000100005d0                tud_descriptor_configuration_cb
 .text.tud_descriptor_string_cb
                0x00000000100005e4       0xdc CMakeFiles/pico_webserver.dir/usb_descriptors.c.obj
                0x00000000100005e4                tud_descriptor_string_cb
 .text.rndis_class_set_handler
                0x00000000100006c0      0x2d4 CMakeFiles/pico_webserver.dir/pico-sdk/lib/tinyusb/lib/networking/rndis_reports.c.obj
                0x00000000100006c0                rndis_class_set_handler
 .text.cyw43_cb_tcpip_set_link_up
                0x0000000010000994        0xc CMakeFiles/pico_webserver.dir/wifi_code.c.obj
                0x0000000010000994                cyw43_cb_tcpip_set_link_up
 .text.cyw43_cb_tcpip_set_link_down
                0x00000000100009a0        0xc CMakeFiles/pico_webserver.dir/wifi_code.c.obj
                0x00000000100009a0                cyw43_cb_tcpip_set_link_down
 .text.cyw43_cb_process_ethernet
                0x00000000100009ac       0x6c CMakeFiles/pico_webserver.dir/wifi_code.c.obj
                0x00000000100009ac                cyw43_cb_process_ethernet
 .text.core1_entry
                0x0000000010000a18       0xe4 CMakeFiles/pico_webserver.dir/wifi_code.c.obj
                0x0000000010000a18                core1_entry
 .text.set_sys_clock_pll
                0x0000000010000afc       0x78 CMakeFiles/pico_webserver.dir/pico-sdk/src/rp2_common/pico_stdlib/stdlib.c.obj
                0x0000000010000afc                set_sys_clock_pll
 .text.check_sys_clock_khz
                0x0000000010000b74      0x17c CMakeFiles/pico_webserver.dir/pico-sdk/src/rp2_common/pico_stdlib/stdlib.c.obj
                0x0000000010000b74                check_sys_clock_khz
 .text.gpio_set_function
                0x0000000010000cf0       0x30 CMakeFiles/pico_webserver.dir/pico-sdk/src/rp2_common/hardware_gpio/gpio.c.obj
                0x0000000010000cf0                gpio_set_function
 .text.gpio_set_pulls
                0x0000000010000d20       0x30 CMakeFiles/pico_webserver.dir/pico-sdk/src/rp2_common/hardware_gpio/gpio.c.obj
                0x0000000010000d20                gpio_set_pulls
 .text.gpio_set_input_hysteresis_enabled
                0x0000000010000d50       0x28 CMakeFiles/pico_webserver.dir/pico-sdk/src/rp2_common/hardware_gpio/gpio.c.obj
                0x0000000010000d50                gpio_set_input_hysteresis_enabled
 .text.gpio_set_irq_enabled
                0x0000000010000d78       0x54 CMakeFiles/pico_webserver.dir/pico-sdk/src/rp2_common/hardware_gpio/gpio.c.obj
                0x0000000010000d78                gpio_set_irq_enabled
 .text.gpio_add_raw_irq_handler_with_order_priority_masked
                0x0000000010000dcc       0x44 CMakeFiles/pico_webserver.dir/pico-sdk/src/rp2_common/hardware_gpio/gpio.c.obj
                0x0000000010000dcc                gpio_add_raw_irq_handler_with_order_priority_masked
 .text.gpio_remove_raw_irq_handler_masked
                0x0000000010000e10       0x20 CMakeFiles/pico_webserver.dir/pico-sdk/src/rp2_common/hardware_gpio/gpio.c.obj
                0x0000000010000e10                gpio_remove_raw_irq_handler_masked
 .text.gpio_init
                0x0000000010000e30       0x3c CMakeFiles/pico_webserver.dir/pico-sdk/src/rp2_common/hardware_gpio/gpio.c.obj
                0x0000000010000e30                gpio_init
 .text.running_on_fpga
                0x0000000010000e6c       0x10 CMakeFiles/pico_webserver.dir/pico-sdk/src/rp2_common/pico_platform/platform.c.obj
                0x0000000010000e6c                running_on_fpga
 .text.hw_claim_lock
                0x0000000010000e7c       0x18 CMakeFiles/pico_webserver.dir/pico-sdk/src/rp2_common/hardware_claim/claim.c.obj
                0x0000000010000e7c                hw_claim_lock
 .text.hw_claim_unlock
                0x0000000010000e94       0x14 CMakeFiles/pico_webserver.dir/pico-sdk/src/rp2_common/hardware_claim/claim.c.obj
                0x0000000010000e94                hw_claim_unlock
 .text.hw_claim_or_assert
                0x0000000010000ea8       0x44 CMakeFiles/pico_webserver.dir/pico-sdk/src/rp2_common/hardware_claim/claim.c.obj
                0x0000000010000ea8                hw_claim_or_assert
 .text.hw_claim_unused_from_range
                0x0000000010000eec       0x9c CMakeFiles/pico_webserver.dir/pico-sdk/src/rp2_common/hardware_claim/claim.c.obj
                0x0000000010000eec                hw_claim_unused_from_range
 .text.hw_claim_clear
                0x0000000010000f88       0x38 CMakeFiles/pico_webserver.dir/pico-sdk/src/rp2_common/hardware_claim/claim.c.obj
                0x0000000010000f88                hw_claim_clear
 .text.spin_locks_reset
                0x0000000010000fc0       0x1c CMakeFiles/pico_webserver.dir/pico-sdk/src/rp2_common/hardware_sync/sync.c.obj
                0x0000000010000fc0                spin_locks_reset
 .text.next_striped_spin_lock_num
                0x0000000010000fdc       0x18 CMakeFiles/pico_webserver.dir/pico-sdk/src/rp2_common/hardware_sync/sync.c.obj
                0x0000000010000fdc                next_striped_spin_lock_num
 .text.spin_lock_claim_unused
                0x0000000010000ff4       0x20 CMakeFiles/pico_webserver.dir/pico-sdk/src/rp2_common/hardware_sync/sync.c.obj
                0x0000000010000ff4                spin_lock_claim_unused
 .text.irq_set_enabled
                0x0000000010001014       0x24 CMakeFiles/pico_webserver.dir/pico-sdk/src/rp2_common/hardware_irq/irq.c.obj
                0x0000000010001014                irq_set_enabled
 .text.irq_is_enabled
                0x0000000010001038       0x18 CMakeFiles/pico_webserver.dir/pico-sdk/src/rp2_common/hardware_irq/irq.c.obj
                0x0000000010001038                irq_is_enabled
 .text.irq_set_pending
                0x0000000010001050       0x10 CMakeFiles/pico_webserver.dir/pico-sdk/src/rp2_common/hardware_irq/irq.c.obj
                0x0000000010001050                irq_set_pending
 .text.irq_get_vtable_handler
                0x0000000010001060       0x10 CMakeFiles/pico_webserver.dir/pico-sdk/src/rp2_common/hardware_irq/irq.c.obj
                0x0000000010001060                irq_get_vtable_handler
 .text.irq_set_exclusive_handler
                0x0000000010001070       0x54 CMakeFiles/pico_webserver.dir/pico-sdk/src/rp2_common/hardware_irq/irq.c.obj
                0x0000000010001070                irq_set_exclusive_handler
 .text.irq_add_shared_handler
                0x00000000100010c4      0x1e8 CMakeFiles/pico_webserver.dir/pico-sdk/src/rp2_common/hardware_irq/irq.c.obj
                0x00000000100010c4                irq_add_shared_handler
 .text.irq_remove_handler
                0x00000000100012ac      0x1b0 CMakeFiles/pico_webserver.dir/pico-sdk/src/rp2_common/hardware_irq/irq.c.obj
                0x00000000100012ac                irq_remove_handler
 .text.irq_set_priority
                0x000000001000145c       0x28 CMakeFiles/pico_webserver.dir/pico-sdk/src/rp2_common/hardware_irq/irq.c.obj
                0x000000001000145c                irq_set_priority
 .text.irq_add_tail_to_free_list
                0x0000000010001484       0xb4 CMakeFiles/pico_webserver.dir/pico-sdk/src/rp2_common/hardware_irq/irq.c.obj
                0x0000000010001484                irq_add_tail_to_free_list
 .text.irq_init_priorities
                0x0000000010001538       0x24 CMakeFiles/pico_webserver.dir/pico-sdk/src/rp2_common/hardware_irq/irq.c.obj
                0x0000000010001538                irq_init_priorities
 .text.user_irq_unclaim
                0x000000001000155c       0x14 CMakeFiles/pico_webserver.dir/pico-sdk/src/rp2_common/hardware_irq/irq.c.obj
                0x000000001000155c                user_irq_unclaim
 .text.user_irq_claim_unused
                0x0000000010001570       0x28 CMakeFiles/pico_webserver.dir/pico-sdk/src/rp2_common/hardware_irq/irq.c.obj
                0x0000000010001570                user_irq_claim_unused
 .text.sem_init
                0x0000000010001598       0x20 CMakeFiles/pico_webserver.dir/pico-sdk/src/common/pico_sync/sem.c.obj
                0x0000000010001598                sem_init
 .text.lock_init
                0x00000000100015b8       0x10 CMakeFiles/pico_webserver.dir/pico-sdk/src/common/pico_sync/lock_core.c.obj
                0x00000000100015b8                lock_init
 .text.mutex_init
                0x00000000100015c8       0x1c CMakeFiles/pico_webserver.dir/pico-sdk/src/common/pico_sync/mutex.c.obj
                0x00000000100015c8                mutex_init
 .text.recursive_mutex_init
                0x00000000100015e4       0x1c CMakeFiles/pico_webserver.dir/pico-sdk/src/common/pico_sync/mutex.c.obj
                0x00000000100015e4                recursive_mutex_init
 .text.critical_section_init
                0x0000000010001600       0x20 CMakeFiles/pico_webserver.dir/pico-sdk/src/common/pico_sync/critical_section.c.obj
                0x0000000010001600                critical_section_init
 .text.timer_pool_entry_comparator
                0x0000000010001620       0x34 CMakeFiles/pico_webserver.dir/pico-sdk/src/common/pico_time/time.c.obj
                0x0000000010001620                timer_pool_entry_comparator
 .text.sleep_until_callback
                0x0000000010001654       0x30 CMakeFiles/pico_webserver.dir/pico-sdk/src/common/pico_time/time.c.obj
 .text.add_alarm_under_lock.isra.0
                0x0000000010001684      0x100 CMakeFiles/pico_webserver.dir/pico-sdk/src/common/pico_time/time.c.obj
 .text.alarm_pool_alarm_callback
                0x0000000010001784      0x1bc CMakeFiles/pico_webserver.dir/pico-sdk/src/common/pico_time/time.c.obj
 .text.alarm_pool_init_default
                0x0000000010001940       0x6c CMakeFiles/pico_webserver.dir/pico-sdk/src/common/pico_time/time.c.obj
                0x0000000010001940                alarm_pool_init_default
 .text.alarm_pool_get_default
                0x00000000100019ac        0x8 CMakeFiles/pico_webserver.dir/pico-sdk/src/common/pico_time/time.c.obj
                0x00000000100019ac                alarm_pool_get_default
 .text.alarm_pool_create_with_unused_hardware_alarm
                0x00000000100019b4       0x74 CMakeFiles/pico_webserver.dir/pico-sdk/src/common/pico_time/time.c.obj
                0x00000000100019b4                alarm_pool_create_with_unused_hardware_alarm
 .text.alarm_pool_destroy
                0x0000000010001a28       0x44 CMakeFiles/pico_webserver.dir/pico-sdk/src/common/pico_time/time.c.obj
                0x0000000010001a28                alarm_pool_destroy
 .text.alarm_pool_add_alarm_at
                0x0000000010001a6c      0x178 CMakeFiles/pico_webserver.dir/pico-sdk/src/common/pico_time/time.c.obj
                0x0000000010001a6c                alarm_pool_add_alarm_at
 .text.alarm_pool_add_alarm_at_force_in_context
                0x0000000010001be4      0x124 CMakeFiles/pico_webserver.dir/pico-sdk/src/common/pico_time/time.c.obj
                0x0000000010001be4                alarm_pool_add_alarm_at_force_in_context
 .text.alarm_pool_cancel_alarm
                0x0000000010001d08       0x78 CMakeFiles/pico_webserver.dir/pico-sdk/src/common/pico_time/time.c.obj
                0x0000000010001d08                alarm_pool_cancel_alarm
 .text.alarm_pool_core_num
                0x0000000010001d80        0x4 CMakeFiles/pico_webserver.dir/pico-sdk/src/common/pico_time/time.c.obj
                0x0000000010001d80                alarm_pool_core_num
 .text.sleep_until
                0x0000000010001d84       0xc4 CMakeFiles/pico_webserver.dir/pico-sdk/src/common/pico_time/time.c.obj
                0x0000000010001d84                sleep_until
 .text.sleep_us
                0x0000000010001e48       0x24 CMakeFiles/pico_webserver.dir/pico-sdk/src/common/pico_time/time.c.obj
                0x0000000010001e48                sleep_us
 .text.sleep_ms
                0x0000000010001e6c       0x34 CMakeFiles/pico_webserver.dir/pico-sdk/src/common/pico_time/time.c.obj
                0x0000000010001e6c                sleep_ms
 .text.best_effort_wfe_or_timeout
                0x0000000010001ea0       0xd4 CMakeFiles/pico_webserver.dir/pico-sdk/src/common/pico_time/time.c.obj
                0x0000000010001ea0                best_effort_wfe_or_timeout
 .text.hardware_alarm_irq_handler
                0x0000000010001f74       0xbc CMakeFiles/pico_webserver.dir/pico-sdk/src/rp2_common/hardware_timer/timer.c.obj
 .text.hardware_alarm_claim
                0x0000000010002030       0x18 CMakeFiles/pico_webserver.dir/pico-sdk/src/rp2_common/hardware_timer/timer.c.obj
                0x0000000010002030                hardware_alarm_claim
 .text.hardware_alarm_unclaim
                0x0000000010002048       0x10 CMakeFiles/pico_webserver.dir/pico-sdk/src/rp2_common/hardware_timer/timer.c.obj
                0x0000000010002048                hardware_alarm_unclaim
 .text.hardware_alarm_claim_unused
                0x0000000010002058       0x20 CMakeFiles/pico_webserver.dir/pico-sdk/src/rp2_common/hardware_timer/timer.c.obj
                0x0000000010002058                hardware_alarm_claim_unused
 .text.time_us_64
                0x0000000010002078       0x14 CMakeFiles/pico_webserver.dir/pico-sdk/src/rp2_common/hardware_timer/timer.c.obj
                0x0000000010002078                time_us_64
 .text.busy_wait_until
                0x000000001000208c       0x20 CMakeFiles/pico_webserver.dir/pico-sdk/src/rp2_common/hardware_timer/timer.c.obj
                0x000000001000208c                busy_wait_until
 .text.hardware_alarm_set_callback
                0x00000000100020ac       0x8c CMakeFiles/pico_webserver.dir/pico-sdk/src/rp2_common/hardware_timer/timer.c.obj
                0x00000000100020ac                hardware_alarm_set_callback
 .text.hardware_alarm_set_target
                0x0000000010002138       0xd4 CMakeFiles/pico_webserver.dir/pico-sdk/src/rp2_common/hardware_timer/timer.c.obj
                0x0000000010002138                hardware_alarm_set_target
 .text.hardware_alarm_cancel
                0x000000001000220c       0x3c CMakeFiles/pico_webserver.dir/pico-sdk/src/rp2_common/hardware_timer/timer.c.obj
                0x000000001000220c                hardware_alarm_cancel
 .text.hardware_alarm_force_irq
                0x0000000010002248       0x3c CMakeFiles/pico_webserver.dir/pico-sdk/src/rp2_common/hardware_timer/timer.c.obj
                0x0000000010002248                hardware_alarm_force_irq
 .text.ph_merge_nodes
                0x0000000010002284       0x68 CMakeFiles/pico_webserver.dir/pico-sdk/src/common/pico_util/pheap.c.obj
 .text.ph_create
                0x00000000100022ec       0x60 CMakeFiles/pico_webserver.dir/pico-sdk/src/common/pico_util/pheap.c.obj
                0x00000000100022ec                ph_create
 .text.ph_post_alloc_init
                0x000000001000234c       0x3c CMakeFiles/pico_webserver.dir/pico-sdk/src/common/pico_util/pheap.c.obj
                0x000000001000234c                ph_post_alloc_init
 .text.ph_destroy
                0x0000000010002388       0x14 CMakeFiles/pico_webserver.dir/pico-sdk/src/common/pico_util/pheap.c.obj
                0x0000000010002388                ph_destroy
 .text.ph_merge_two_pass
                0x000000001000239c       0x90 CMakeFiles/pico_webserver.dir/pico-sdk/src/common/pico_util/pheap.c.obj
                0x000000001000239c                ph_merge_two_pass
 .text.ph_remove_any_head
                0x000000001000242c      0x100 CMakeFiles/pico_webserver.dir/pico-sdk/src/common/pico_util/pheap.c.obj
 .text.ph_remove_head
                0x000000001000252c      0x104 CMakeFiles/pico_webserver.dir/pico-sdk/src/common/pico_util/pheap.c.obj
                0x000000001000252c                ph_remove_head
 .text.ph_remove_and_free_node
                0x0000000010002630       0x7c CMakeFiles/pico_webserver.dir/pico-sdk/src/common/pico_util/pheap.c.obj
                0x0000000010002630                ph_remove_and_free_node
 .text.clock_configure
                0x00000000100026ac      0x118 CMakeFiles/pico_webserver.dir/pico-sdk/src/rp2_common/hardware_clocks/clocks.c.obj
                0x00000000100026ac                clock_configure
 .text.clocks_init
                0x00000000100027c4      0x2d0 CMakeFiles/pico_webserver.dir/pico-sdk/src/rp2_common/hardware_clocks/clocks.c.obj
                0x00000000100027c4                clocks_init
 .text.clock_get_hz
                0x0000000010002a94        0xc CMakeFiles/pico_webserver.dir/pico-sdk/src/rp2_common/hardware_clocks/clocks.c.obj
                0x0000000010002a94                clock_get_hz
 .text.pll_init
                0x0000000010002aa0       0xa0 CMakeFiles/pico_webserver.dir/pico-sdk/src/rp2_common/hardware_pll/pll.c.obj
                0x0000000010002aa0                pll_init
 .text.watchdog_start_tick
                0x0000000010002b40       0x10 CMakeFiles/pico_webserver.dir/pico-sdk/src/rp2_common/hardware_watchdog/watchdog.c.obj
                0x0000000010002b40                watchdog_start_tick
 .text.xosc_init
                0x0000000010002b50       0x28 CMakeFiles/pico_webserver.dir/pico-sdk/src/rp2_common/hardware_xosc/xosc.c.obj
                0x0000000010002b50                xosc_init
 .text.runtime_init
                0x0000000010002b78       0xf0 CMakeFiles/pico_webserver.dir/pico-sdk/src/rp2_common/pico_runtime/runtime.c.obj
                0x0000000010002b78                runtime_init
 .text._exit    0x0000000010002c68       0x14 CMakeFiles/pico_webserver.dir/pico-sdk/src/rp2_common/pico_runtime/runtime.c.obj
                0x0000000010002c68                _exit
 .text._sbrk    0x0000000010002c7c       0x34 CMakeFiles/pico_webserver.dir/pico-sdk/src/rp2_common/pico_runtime/runtime.c.obj
                0x0000000010002c7c                _sbrk
 .text.exit     0x0000000010002cb0        0x8 CMakeFiles/pico_webserver.dir/pico-sdk/src/rp2_common/pico_runtime/runtime.c.obj
                0x0000000010002cb0                exit
 .text.panic    0x0000000010002cb8       0x30 CMakeFiles/pico_webserver.dir/pico-sdk/src/rp2_common/pico_runtime/runtime.c.obj
                0x0000000010002cb8                panic
 .text.hard_assertion_failure
                0x0000000010002ce8        0xc CMakeFiles/pico_webserver.dir/pico-sdk/src/rp2_common/pico_runtime/runtime.c.obj
                0x0000000010002ce8                hard_assertion_failure
 .text._out_null
                0x0000000010002cf4        0x4 CMakeFiles/pico_webserver.dir/pico-sdk/src/rp2_common/pico_printf/printf.c.obj
 .text._out_rev
                0x0000000010002cf8       0x9c CMakeFiles/pico_webserver.dir/pico-sdk/src/rp2_common/pico_printf/printf.c.obj
 .text._ntoa_format
                0x0000000010002d94      0x1cc CMakeFiles/pico_webserver.dir/pico-sdk/src/rp2_common/pico_printf/printf.c.obj
 .text._out_char
                0x0000000010002f60       0x10 CMakeFiles/pico_webserver.dir/pico-sdk/src/rp2_common/pico_printf/printf.c.obj
 .text._out_fct
                0x0000000010002f70       0x10 CMakeFiles/pico_webserver.dir/pico-sdk/src/rp2_common/pico_printf/printf.c.obj
 .text._etoa    0x0000000010002f80      0x44c CMakeFiles/pico_webserver.dir/pico-sdk/src/rp2_common/pico_printf/printf.c.obj
 .text._ftoa    0x00000000100033cc      0x398 CMakeFiles/pico_webserver.dir/pico-sdk/src/rp2_common/pico_printf/printf.c.obj
 .text._vsnprintf
                0x0000000010003764      0xb04 CMakeFiles/pico_webserver.dir/pico-sdk/src/rp2_common/pico_printf/printf.c.obj
 .text.vfctprintf
                0x0000000010004268       0x20 CMakeFiles/pico_webserver.dir/pico-sdk/src/rp2_common/pico_printf/printf.c.obj
                0x0000000010004268                vfctprintf
 .text.weak_raw_vprintf
                0x0000000010004288       0x30 CMakeFiles/pico_webserver.dir/pico-sdk/src/rp2_common/pico_printf/printf.c.obj
                0x0000000010004288                weak_raw_vprintf
 .text          0x00000000100042b8       0x10 CMakeFiles/pico_webserver.dir/pico-sdk/src/rp2_common/pico_bit_ops/bit_ops_aeabi.S.obj
 .text.ctzsi    0x00000000100042c8        0xc CMakeFiles/pico_webserver.dir/pico-sdk/src/rp2_common/pico_bit_ops/bit_ops_aeabi.S.obj
                0x00000000100042c8                __wrap___ctzsi2
 .text.rom_func_lookup
                0x00000000100042d4       0x10 CMakeFiles/pico_webserver.dir/pico-sdk/src/rp2_common/pico_bootrom/bootrom.c.obj
                0x00000000100042d4                rom_func_lookup
 .text.rom_data_lookup
                0x00000000100042e4       0x10 CMakeFiles/pico_webserver.dir/pico-sdk/src/rp2_common/pico_bootrom/bootrom.c.obj
                0x00000000100042e4                rom_data_lookup
 .text.rom_funcs_lookup
                0x00000000100042f4       0x44 CMakeFiles/pico_webserver.dir/pico-sdk/src/rp2_common/pico_bootrom/bootrom.c.obj
                0x00000000100042f4                rom_funcs_lookup
 .text.__wrap___aeabi_idiv
                0x0000000010004338       0x50 CMakeFiles/pico_webserver.dir/pico-sdk/src/rp2_common/pico_divider/divider.S.obj
                0x0000000010004338                __wrap___aeabi_idivmod
                0x0000000010004338                divmod_s32s32
                0x0000000010004338                div_s32s32
                0x0000000010004338                __wrap___aeabi_idiv
                0x0000000010004340                divmod_s32s32_unsafe
                0x000000001000436c                divmod_s32s32_savestate
 .text.__wrap___aeabi_uidiv
                0x0000000010004388       0x4c CMakeFiles/pico_webserver.dir/pico-sdk/src/rp2_common/pico_divider/divider.S.obj
                0x0000000010004388                __wrap___aeabi_uidiv
                0x0000000010004388                __wrap___aeabi_uidivmod
                0x0000000010004388                div_u32u32
                0x0000000010004388                divmod_u32u32
                0x0000000010004390                divmod_u32u32_unsafe
                0x00000000100043b8                divmod_u32u32_savestate
 .text.__wrap___aeabi_ldiv
                0x00000000100043d4      0x424 CMakeFiles/pico_webserver.dir/pico-sdk/src/rp2_common/pico_divider/divider.S.obj
                0x00000000100043d4                div_s64s64
                0x00000000100043d4                divmod_s64s64
                0x00000000100043d4                __wrap___aeabi_ldivmod
                0x0000000010004404                div_u64u64
                0x0000000010004404                divmod_u64u64
                0x0000000010004404                __wrap___aeabi_uldivmod
                0x0000000010004414                divmod_u64u64_savestate
                0x0000000010004434                divmod_s64s64_unsafe
                0x00000000100044bc                divmod_u64u64_unsafe
 .text.__wrap___aeabi_darithmetic
                0x00000000100047f8       0x60 CMakeFiles/pico_webserver.dir/pico-sdk/src/rp2_common/pico_double/double_aeabi.S.obj
                0x00000000100047f8                __wrap___aeabi_drsub
                0x00000000100047fe                __wrap___aeabi_dsub
                0x0000000010004808                __wrap___aeabi_dadd
                0x0000000010004812                __wrap___aeabi_ddiv
                0x0000000010004846                __wrap___aeabi_dmul
 .text.__wrap___aeabi_cdcmple
                0x0000000010004858       0x6c CMakeFiles/pico_webserver.dir/pico-sdk/src/rp2_common/pico_double/double_aeabi.S.obj
                0x0000000010004858                __wrap___aeabi_cdrcmple
                0x0000000010004868                __wrap___aeabi_cdcmple
                0x0000000010004868                __wrap___aeabi_cdcmpeq
 .text.__wrap___aeabi_dcmplt
                0x00000000100048c4        0xc CMakeFiles/pico_webserver.dir/pico-sdk/src/rp2_common/pico_double/double_aeabi.S.obj
                0x00000000100048c4                __wrap___aeabi_dcmplt
 .text.__wrap___aeabi_dcmple
                0x00000000100048d0       0x10 CMakeFiles/pico_webserver.dir/pico-sdk/src/rp2_common/pico_double/double_aeabi.S.obj
                0x00000000100048d0                __wrap___aeabi_dcmple
 .text.__wrap___aeabi_dcmpge
                0x00000000100048e0       0x10 CMakeFiles/pico_webserver.dir/pico-sdk/src/rp2_common/pico_double/double_aeabi.S.obj
                0x00000000100048e0                __wrap___aeabi_dcmpge
 .text.__wrap___aeabi_dcmpgt
                0x00000000100048f0        0xa CMakeFiles/pico_webserver.dir/pico-sdk/src/rp2_common/pico_double/double_aeabi.S.obj
                0x00000000100048f0                __wrap___aeabi_dcmpgt
 .text.__wrap___aeabi_dcmpun
                0x00000000100048fa       0x1c CMakeFiles/pico_webserver.dir/pico-sdk/src/rp2_common/pico_double/double_aeabi.S.obj
                0x00000000100048fa                __wrap___aeabi_dcmpun
 *fill*         0x0000000010004916        0x2 
 .text.__wrap___aeabi_i2d
                0x0000000010004918       0x38 CMakeFiles/pico_webserver.dir/pico-sdk/src/rp2_common/pico_double/double_aeabi.S.obj
                0x0000000010004918                __wrap___aeabi_ui2d
                0x0000000010004920                __wrap___aeabi_i2d
 .text.__wrap___aeabi_d2iz
                0x0000000010004950       0x48 CMakeFiles/pico_webserver.dir/pico-sdk/src/rp2_common/pico_double/double_aeabi.S.obj
                0x0000000010004950                __wrap___aeabi_d2iz
                0x0000000010004950                double2int_z
 .text.__wrap___aeabi_d2uiz
                0x0000000010004998       0x10 CMakeFiles/pico_webserver.dir/pico-sdk/src/rp2_common/pico_double/double_aeabi.S.obj
                0x0000000010004998                double2uint
                0x0000000010004998                __wrap___aeabi_d2uiz
 .text.missing_double_func_shim
                0x00000000100049a8        0xc CMakeFiles/pico_webserver.dir/pico-sdk/src/rp2_common/pico_double/double_init_rom.c.obj
 .text.__aeabi_double_init
                0x00000000100049b4       0x98 CMakeFiles/pico_webserver.dir/pico-sdk/src/rp2_common/pico_double/double_init_rom.c.obj
                0x00000000100049b4                __aeabi_double_init
 .text.double_table_shim_on_use_helper
                0x0000000010004a4c       0x2c CMakeFiles/pico_webserver.dir/pico-sdk/src/rp2_common/pico_double/double_v1_rom_shim.S.obj
                0x0000000010004a4c                double_table_shim_on_use_helper
 .text.__aeabi_lmul
                0x0000000010004a78       0x32 CMakeFiles/pico_webserver.dir/pico-sdk/src/rp2_common/pico_int64_ops/pico_int64_ops_aeabi.S.obj
                0x0000000010004a78                __wrap___aeabi_lmul
 *fill*         0x0000000010004aaa        0x2 
 .text.missing_float_func_shim
                0x0000000010004aac        0xc CMakeFiles/pico_webserver.dir/pico-sdk/src/rp2_common/pico_float/float_init_rom.c.obj
 .text.__aeabi_float_init
                0x0000000010004ab8       0x5c CMakeFiles/pico_webserver.dir/pico-sdk/src/rp2_common/pico_float/float_init_rom.c.obj
                0x0000000010004ab8                __aeabi_float_init
 .text.__wrap_malloc
                0x0000000010004b14       0x3c CMakeFiles/pico_webserver.dir/pico-sdk/src/rp2_common/pico_malloc/pico_malloc.c.obj
                0x0000000010004b14                __wrap_malloc
 .text.__wrap_calloc
                0x0000000010004b50       0x40 CMakeFiles/pico_webserver.dir/pico-sdk/src/rp2_common/pico_malloc/pico_malloc.c.obj
                0x0000000010004b50                __wrap_calloc
 .text.__wrap_free
                0x0000000010004b90       0x20 CMakeFiles/pico_webserver.dir/pico-sdk/src/rp2_common/pico_malloc/pico_malloc.c.obj
                0x0000000010004b90                __wrap_free
 .text          0x0000000010004bb0       0x10 CMakeFiles/pico_webserver.dir/pico-sdk/src/rp2_common/pico_mem_ops/mem_ops_aeabi.S.obj
                0x0000000010004bb0                __aeabi_mem_init
 .text.memset   0x0000000010004bc0        0xc CMakeFiles/pico_webserver.dir/pico-sdk/src/rp2_common/pico_mem_ops/mem_ops_aeabi.S.obj
                0x0000000010004bc0                __wrap_memset
 .text.memcpy   0x0000000010004bcc        0xc CMakeFiles/pico_webserver.dir/pico-sdk/src/rp2_common/pico_mem_ops/mem_ops_aeabi.S.obj
                0x0000000010004bcc                __wrap___aeabi_memcpy
                0x0000000010004bcc                __wrap_memcpy
 .text.stdio_out_chars_no_crlf
                0x0000000010004bd8       0x10 CMakeFiles/pico_webserver.dir/pico-sdk/src/rp2_common/pico_stdio/stdio.c.obj
 .text.stdio_out_chars_crlf
                0x0000000010004be8       0xb4 CMakeFiles/pico_webserver.dir/pico-sdk/src/rp2_common/pico_stdio/stdio.c.obj
 .text.stdio_buffered_printer
                0x0000000010004c9c       0x64 CMakeFiles/pico_webserver.dir/pico-sdk/src/rp2_common/pico_stdio/stdio.c.obj
 .text.stdio_put_string.isra.0
                0x0000000010004d00       0xfc CMakeFiles/pico_webserver.dir/pico-sdk/src/rp2_common/pico_stdio/stdio.c.obj
 .text.__wrap_putchar
                0x0000000010004dfc       0x98 CMakeFiles/pico_webserver.dir/pico-sdk/src/rp2_common/pico_stdio/stdio.c.obj
                0x0000000010004dfc                __wrap_putchar
 .text.__wrap_puts
                0x0000000010004e94       0x3c CMakeFiles/pico_webserver.dir/pico-sdk/src/rp2_common/pico_stdio/stdio.c.obj
                0x0000000010004e94                __wrap_puts
 .text.__wrap_vprintf
                0x0000000010004ed0       0xd8 CMakeFiles/pico_webserver.dir/pico-sdk/src/rp2_common/pico_stdio/stdio.c.obj
                0x0000000010004ed0                __wrap_vprintf
 .text.__wrap_printf
                0x0000000010004fa8       0x18 CMakeFiles/pico_webserver.dir/pico-sdk/src/rp2_common/pico_stdio/stdio.c.obj
                0x0000000010004fa8                __wrap_printf
 .text.startup._retrieve_unique_id_on_boot
                0x0000000010004fc0       0x10 CMakeFiles/pico_webserver.dir/pico-sdk/src/rp2_common/pico_unique_id/unique_id.c.obj
 .text.pico_get_unique_board_id
                0x0000000010004fd0       0x10 CMakeFiles/pico_webserver.dir/pico-sdk/src/rp2_common/pico_unique_id/unique_id.c.obj
                0x0000000010004fd0                pico_get_unique_board_id
 .text.flash_get_unique_id
                0x0000000010004fe0       0x40 CMakeFiles/pico_webserver.dir/pico-sdk/src/rp2_common/hardware_flash/flash.c.obj
                0x0000000010004fe0                flash_get_unique_id
 .text.dcd_int_enable
                0x0000000010005020        0xc CMakeFiles/pico_webserver.dir/pico-sdk/lib/tinyusb/src/portable/raspberrypi/rp2040/dcd_rp2040.c.obj
                0x0000000010005020                dcd_int_enable
 .text.dcd_set_address
                0x000000001000502c       0x14 CMakeFiles/pico_webserver.dir/pico-sdk/lib/tinyusb/src/portable/raspberrypi/rp2040/dcd_rp2040.c.obj
                0x000000001000502c                dcd_set_address
 .text.dcd_connect
                0x0000000010005040       0x10 CMakeFiles/pico_webserver.dir/pico-sdk/lib/tinyusb/src/portable/raspberrypi/rp2040/dcd_rp2040.c.obj
                0x0000000010005040                dcd_connect
 .text.dcd_init
                0x0000000010005050       0x98 CMakeFiles/pico_webserver.dir/pico-sdk/lib/tinyusb/src/portable/raspberrypi/rp2040/dcd_rp2040.c.obj
                0x0000000010005050                dcd_init
 .text.dcd_edpt0_status_complete
                0x00000000100050e8       0x1c CMakeFiles/pico_webserver.dir/pico-sdk/lib/tinyusb/src/portable/raspberrypi/rp2040/dcd_rp2040.c.obj
                0x00000000100050e8                dcd_edpt0_status_complete
 .text.dcd_edpt_open
                0x0000000010005104      0x108 CMakeFiles/pico_webserver.dir/pico-sdk/lib/tinyusb/src/portable/raspberrypi/rp2040/dcd_rp2040.c.obj
                0x0000000010005104                dcd_edpt_open
 .text.dcd_edpt_close_all
                0x000000001000520c        0x8 CMakeFiles/pico_webserver.dir/pico-sdk/lib/tinyusb/src/portable/raspberrypi/rp2040/dcd_rp2040.c.obj
                0x000000001000520c                dcd_edpt_close_all
 .text.dcd_edpt_xfer
                0x0000000010005214       0x24 CMakeFiles/pico_webserver.dir/pico-sdk/lib/tinyusb/src/portable/raspberrypi/rp2040/dcd_rp2040.c.obj
                0x0000000010005214                dcd_edpt_xfer
 .text.dcd_edpt_stall
                0x0000000010005238       0x38 CMakeFiles/pico_webserver.dir/pico-sdk/lib/tinyusb/src/portable/raspberrypi/rp2040/dcd_rp2040.c.obj
                0x0000000010005238                dcd_edpt_stall
 .text.dcd_edpt_clear_stall
                0x0000000010005270       0x30 CMakeFiles/pico_webserver.dir/pico-sdk/lib/tinyusb/src/portable/raspberrypi/rp2040/dcd_rp2040.c.obj
                0x0000000010005270                dcd_edpt_clear_stall
 .text.rp2040_usb_init
                0x00000000100052a0       0x4c CMakeFiles/pico_webserver.dir/pico-sdk/lib/tinyusb/src/portable/raspberrypi/rp2040/rp2040_usb.c.obj
                0x00000000100052a0                rp2040_usb_init
 .text.hw_endpoint_xfer_start
                0x00000000100052ec       0x50 CMakeFiles/pico_webserver.dir/pico-sdk/lib/tinyusb/src/portable/raspberrypi/rp2040/rp2040_usb.c.obj
                0x00000000100052ec                hw_endpoint_xfer_start
 .text.tud_mounted
                0x000000001000533c       0x10 CMakeFiles/pico_webserver.dir/pico-sdk/lib/tinyusb/src/device/usbd.c.obj
                0x000000001000533c                tud_mounted
 .text.tud_suspended
                0x000000001000534c       0x10 CMakeFiles/pico_webserver.dir/pico-sdk/lib/tinyusb/src/device/usbd.c.obj
                0x000000001000534c                tud_suspended
 .text.tud_init
                0x000000001000535c       0xe0 CMakeFiles/pico_webserver.dir/pico-sdk/lib/tinyusb/src/device/usbd.c.obj
                0x000000001000535c                tud_init
 .text.tud_task_ext
                0x000000001000543c      0x7ec CMakeFiles/pico_webserver.dir/pico-sdk/lib/tinyusb/src/device/usbd.c.obj
                0x000000001000543c                tud_task_ext
 .text.usbd_open_edpt_pair
                0x0000000010005c28       0x9c CMakeFiles/pico_webserver.dir/pico-sdk/lib/tinyusb/src/device/usbd.c.obj
                0x0000000010005c28                usbd_open_edpt_pair
 .text.usbd_edpt_open
                0x0000000010005cc4       0x34 CMakeFiles/pico_webserver.dir/pico-sdk/lib/tinyusb/src/device/usbd.c.obj
                0x0000000010005cc4                usbd_edpt_open
 .text.usbd_edpt_xfer
                0x0000000010005cf8       0x4c CMakeFiles/pico_webserver.dir/pico-sdk/lib/tinyusb/src/device/usbd.c.obj
                0x0000000010005cf8                usbd_edpt_xfer
 .text.usbd_edpt_busy
                0x0000000010005d44       0x1c CMakeFiles/pico_webserver.dir/pico-sdk/lib/tinyusb/src/device/usbd.c.obj
                0x0000000010005d44                usbd_edpt_busy
 .text.tud_control_status
                0x0000000010005d60       0x30 CMakeFiles/pico_webserver.dir/pico-sdk/lib/tinyusb/src/device/usbd_control.c.obj
                0x0000000010005d60                tud_control_status
 .text.tud_control_xfer
                0x0000000010005d90       0xbc CMakeFiles/pico_webserver.dir/pico-sdk/lib/tinyusb/src/device/usbd_control.c.obj
                0x0000000010005d90                tud_control_xfer
 .text.usbd_control_reset
                0x0000000010005e4c       0x14 CMakeFiles/pico_webserver.dir/pico-sdk/lib/tinyusb/src/device/usbd_control.c.obj
                0x0000000010005e4c                usbd_control_reset
 .text.usbd_control_set_complete_callback
                0x0000000010005e60        0xc CMakeFiles/pico_webserver.dir/pico-sdk/lib/tinyusb/src/device/usbd_control.c.obj
                0x0000000010005e60                usbd_control_set_complete_callback
 .text.usbd_control_set_request
                0x0000000010005e6c       0x1c CMakeFiles/pico_webserver.dir/pico-sdk/lib/tinyusb/src/device/usbd_control.c.obj
                0x0000000010005e6c                usbd_control_set_request
 .text.usbd_control_xfer_cb
                0x0000000010005e88       0xfc CMakeFiles/pico_webserver.dir/pico-sdk/lib/tinyusb/src/device/usbd_control.c.obj
                0x0000000010005e88                usbd_control_xfer_cb
 .text.tud_network_recv_renew
                0x0000000010005f84       0x20 CMakeFiles/pico_webserver.dir/pico-sdk/lib/tinyusb/src/class/net/ecm_rndis_device.c.obj
                0x0000000010005f84                tud_network_recv_renew
 .text.netd_report
                0x0000000010005fa4       0x24 CMakeFiles/pico_webserver.dir/pico-sdk/lib/tinyusb/src/class/net/ecm_rndis_device.c.obj
                0x0000000010005fa4                netd_report
 .text.netd_init
                0x0000000010005fc8       0x14 CMakeFiles/pico_webserver.dir/pico-sdk/lib/tinyusb/src/class/net/ecm_rndis_device.c.obj
                0x0000000010005fc8                netd_init
 .text.netd_reset
                0x0000000010005fdc       0x14 CMakeFiles/pico_webserver.dir/pico-sdk/lib/tinyusb/src/class/net/ecm_rndis_device.c.obj
                0x0000000010005fdc                netd_reset
 .text.netd_open
                0x0000000010005ff0      0x11c CMakeFiles/pico_webserver.dir/pico-sdk/lib/tinyusb/src/class/net/ecm_rndis_device.c.obj
                0x0000000010005ff0                netd_open
 .text.netd_control_xfer_cb
                0x000000001000610c      0x174 CMakeFiles/pico_webserver.dir/pico-sdk/lib/tinyusb/src/class/net/ecm_rndis_device.c.obj
                0x000000001000610c                netd_control_xfer_cb
 .text.netd_xfer_cb
                0x0000000010006280       0xec CMakeFiles/pico_webserver.dir/pico-sdk/lib/tinyusb/src/class/net/ecm_rndis_device.c.obj
                0x0000000010006280                netd_xfer_cb
 .text.tud_network_can_xmit
                0x000000001000636c        0xc CMakeFiles/pico_webserver.dir/pico-sdk/lib/tinyusb/src/class/net/ecm_rndis_device.c.obj
                0x000000001000636c                tud_network_can_xmit
 .text.tud_network_xmit
                0x0000000010006378       0x98 CMakeFiles/pico_webserver.dir/pico-sdk/lib/tinyusb/src/class/net/ecm_rndis_device.c.obj
                0x0000000010006378                tud_network_xmit
 .text.tusb_init
                0x0000000010006410        0xc CMakeFiles/pico_webserver.dir/pico-sdk/lib/tinyusb/src/tusb.c.obj
                0x0000000010006410                tusb_init
 .text.tu_edpt_validate
                0x000000001000641c       0x78 CMakeFiles/pico_webserver.dir/pico-sdk/lib/tinyusb/src/tusb.c.obj
                0x000000001000641c                tu_edpt_validate
 .text.tu_edpt_bind_driver
                0x0000000010006494       0x34 CMakeFiles/pico_webserver.dir/pico-sdk/lib/tinyusb/src/tusb.c.obj
                0x0000000010006494                tu_edpt_bind_driver
 .text.tu_fifo_read
                0x00000000100064c8       0xa0 CMakeFiles/pico_webserver.dir/pico-sdk/lib/tinyusb/src/common/tusb_fifo.c.obj
                0x00000000100064c8                tu_fifo_read
 .text.tu_fifo_write
                0x0000000010006568       0x88 CMakeFiles/pico_webserver.dir/pico-sdk/lib/tinyusb/src/common/tusb_fifo.c.obj
                0x0000000010006568                tu_fifo_write
 .text.tu_fifo_clear
                0x00000000100065f0       0x40 CMakeFiles/pico_webserver.dir/pico-sdk/lib/tinyusb/src/common/tusb_fifo.c.obj
                0x00000000100065f0                tu_fifo_clear
 .text.cyw43_arch_set_async_context
                0x0000000010006630        0xc CMakeFiles/pico_webserver.dir/pico-sdk/src/rp2_common/pico_cyw43_arch/cyw43_arch.c.obj
                0x0000000010006630                cyw43_arch_set_async_context
 .text.cyw43_arch_enable_sta_mode
                0x000000001000663c       0x1c CMakeFiles/pico_webserver.dir/pico-sdk/src/rp2_common/pico_cyw43_arch/cyw43_arch.c.obj
                0x000000001000663c                cyw43_arch_enable_sta_mode
 .text.cyw43_arch_wifi_connect_async
                0x0000000010006658       0x48 CMakeFiles/pico_webserver.dir/pico-sdk/src/rp2_common/pico_cyw43_arch/cyw43_arch.c.obj
                0x0000000010006658                cyw43_arch_wifi_connect_async
 .text.cyw43_arch_init_with_country
                0x00000000100066a0       0x10 CMakeFiles/pico_webserver.dir/pico-sdk/src/rp2_common/pico_cyw43_arch/cyw43_arch.c.obj
                0x00000000100066a0                cyw43_arch_init_with_country
 .text.cyw43_arch_async_context
                0x00000000100066b0        0xc CMakeFiles/pico_webserver.dir/pico-sdk/src/rp2_common/pico_cyw43_arch/cyw43_arch.c.obj
                0x00000000100066b0                cyw43_arch_async_context
 .text.cyw43_arch_init
                0x00000000100066bc       0x6c CMakeFiles/pico_webserver.dir/pico-sdk/src/rp2_common/pico_cyw43_arch/cyw43_arch_threadsafe_background.c.obj
                0x00000000100066bc                cyw43_arch_init
 .text.ns_delay.constprop.0
                0x0000000010006728       0x20 CMakeFiles/pico_webserver.dir/pico-sdk/src/rp2_common/pico_cyw43_driver/cyw43_bus_pio_spi.c.obj
 .text.cyw43_spi_deinit
                0x0000000010006748       0x7c CMakeFiles/pico_webserver.dir/pico-sdk/src/rp2_common/pico_cyw43_driver/cyw43_bus_pio_spi.c.obj
                0x0000000010006748                cyw43_spi_deinit
 .text.cyw43_spi_init
                0x00000000100067c4      0x154 CMakeFiles/pico_webserver.dir/pico-sdk/src/rp2_common/pico_cyw43_driver/cyw43_bus_pio_spi.c.obj
                0x00000000100067c4                cyw43_spi_init
 .text.cyw43_spi_transfer
                0x0000000010006918      0x430 CMakeFiles/pico_webserver.dir/pico-sdk/src/rp2_common/pico_cyw43_driver/cyw43_bus_pio_spi.c.obj
                0x0000000010006918                cyw43_spi_transfer
 .text.cyw43_spi_gpio_setup
                0x0000000010006d48       0x3c CMakeFiles/pico_webserver.dir/pico-sdk/src/rp2_common/pico_cyw43_driver/cyw43_bus_pio_spi.c.obj
                0x0000000010006d48                cyw43_spi_gpio_setup
 .text.cyw43_spi_reset
                0x0000000010006d84       0x28 CMakeFiles/pico_webserver.dir/pico-sdk/src/rp2_common/pico_cyw43_driver/cyw43_bus_pio_spi.c.obj
                0x0000000010006d84                cyw43_spi_reset
 .text.read_reg_u32_swap
                0x0000000010006dac       0x3c CMakeFiles/pico_webserver.dir/pico-sdk/src/rp2_common/pico_cyw43_driver/cyw43_bus_pio_spi.c.obj
                0x0000000010006dac                read_reg_u32_swap
 .text.cyw43_read_reg_u32
                0x0000000010006de8       0x6c CMakeFiles/pico_webserver.dir/pico-sdk/src/rp2_common/pico_cyw43_driver/cyw43_bus_pio_spi.c.obj
                0x0000000010006de8                cyw43_read_reg_u32
 .text.cyw43_read_reg_u16
                0x0000000010006e54       0x6c CMakeFiles/pico_webserver.dir/pico-sdk/src/rp2_common/pico_cyw43_driver/cyw43_bus_pio_spi.c.obj
                0x0000000010006e54                cyw43_read_reg_u16
 .text.cyw43_read_reg_u8
                0x0000000010006ec0       0x6c CMakeFiles/pico_webserver.dir/pico-sdk/src/rp2_common/pico_cyw43_driver/cyw43_bus_pio_spi.c.obj
                0x0000000010006ec0                cyw43_read_reg_u8
 .text.write_reg_u32_swap
                0x0000000010006f2c      0x1e0 CMakeFiles/pico_webserver.dir/pico-sdk/src/rp2_common/pico_cyw43_driver/cyw43_bus_pio_spi.c.obj
                0x0000000010006f2c                write_reg_u32_swap
 .text.cyw43_write_reg_u32
                0x000000001000710c      0x200 CMakeFiles/pico_webserver.dir/pico-sdk/src/rp2_common/pico_cyw43_driver/cyw43_bus_pio_spi.c.obj
                0x000000001000710c                cyw43_write_reg_u32
 .text.cyw43_write_reg_u16
                0x000000001000730c      0x200 CMakeFiles/pico_webserver.dir/pico-sdk/src/rp2_common/pico_cyw43_driver/cyw43_bus_pio_spi.c.obj
                0x000000001000730c                cyw43_write_reg_u16
 .text.cyw43_write_reg_u8
                0x000000001000750c      0x200 CMakeFiles/pico_webserver.dir/pico-sdk/src/rp2_common/pico_cyw43_driver/cyw43_bus_pio_spi.c.obj
                0x000000001000750c                cyw43_write_reg_u8
 .text.cyw43_read_bytes
                0x000000001000770c       0x78 CMakeFiles/pico_webserver.dir/pico-sdk/src/rp2_common/pico_cyw43_driver/cyw43_bus_pio_spi.c.obj
                0x000000001000770c                cyw43_read_bytes
 .text.cyw43_write_bytes
                0x0000000010007784       0xec CMakeFiles/pico_webserver.dir/pico-sdk/src/rp2_common/pico_cyw43_driver/cyw43_bus_pio_spi.c.obj
                0x0000000010007784                cyw43_write_bytes
 .text.cyw43_set_backplane_window
                0x0000000010007870       0x64 CMakeFiles/pico_webserver.dir/pico-sdk/lib/cyw43-driver/src/cyw43_ll.c.obj
 .text.cyw43_ll_parse_async_event
                0x00000000100078d4      0x13c CMakeFiles/pico_webserver.dir/pico-sdk/lib/cyw43-driver/src/cyw43_ll.c.obj
 .text.cyw43_kso_set
                0x0000000010007a10       0xa0 CMakeFiles/pico_webserver.dir/pico-sdk/lib/cyw43-driver/src/cyw43_ll.c.obj
 .text.cyw43_ll_sdpcm_poll_device
                0x0000000010007ab0      0x238 CMakeFiles/pico_webserver.dir/pico-sdk/lib/cyw43-driver/src/cyw43_ll.c.obj
 .text.cyw43_sdpcm_send_common
                0x0000000010007ce8       0xf0 CMakeFiles/pico_webserver.dir/pico-sdk/lib/cyw43-driver/src/cyw43_ll.c.obj
 .text.cyw43_do_ioctl.part.0
                0x0000000010007dd8       0xc4 CMakeFiles/pico_webserver.dir/pico-sdk/lib/cyw43-driver/src/cyw43_ll.c.obj
 .text.cyw43_write_iovar_u32
                0x0000000010007e9c       0xa4 CMakeFiles/pico_webserver.dir/pico-sdk/lib/cyw43-driver/src/cyw43_ll.c.obj
 .text.cyw43_write_iovar_u32_u32.constprop.0
                0x0000000010007f40       0xb0 CMakeFiles/pico_webserver.dir/pico-sdk/lib/cyw43-driver/src/cyw43_ll.c.obj
 .text.cyw43_read_backplane.constprop.0
                0x0000000010007ff0       0xdc CMakeFiles/pico_webserver.dir/pico-sdk/lib/cyw43-driver/src/cyw43_ll.c.obj
 .text.cyw43_write_backplane
                0x00000000100080cc      0x104 CMakeFiles/pico_webserver.dir/pico-sdk/lib/cyw43-driver/src/cyw43_ll.c.obj
 .text.reset_device_core.constprop.0
                0x00000000100081d0      0x3f0 CMakeFiles/pico_webserver.dir/pico-sdk/lib/cyw43-driver/src/cyw43_ll.c.obj
 .text.cyw43_ll_init
                0x00000000100085c0       0x1c CMakeFiles/pico_webserver.dir/pico-sdk/lib/cyw43-driver/src/cyw43_ll.c.obj
                0x00000000100085c0                cyw43_ll_init
 .text.cyw43_ll_deinit
                0x00000000100085dc        0x8 CMakeFiles/pico_webserver.dir/pico-sdk/lib/cyw43-driver/src/cyw43_ll.c.obj
                0x00000000100085dc                cyw43_ll_deinit
 .text.cyw43_ll_send_ethernet
                0x00000000100085e4       0x60 CMakeFiles/pico_webserver.dir/pico-sdk/lib/cyw43-driver/src/cyw43_ll.c.obj
                0x00000000100085e4                cyw43_ll_send_ethernet
 .text.cyw43_ll_process_packets
                0x0000000010008644       0x54 CMakeFiles/pico_webserver.dir/pico-sdk/lib/cyw43-driver/src/cyw43_ll.c.obj
                0x0000000010008644                cyw43_ll_process_packets
 .text.cyw43_ll_ioctl
                0x0000000010008698       0x80 CMakeFiles/pico_webserver.dir/pico-sdk/lib/cyw43-driver/src/cyw43_ll.c.obj
                0x0000000010008698                cyw43_ll_ioctl
 .text.cyw43_ll_bus_sleep
                0x0000000010008718       0x34 CMakeFiles/pico_webserver.dir/pico-sdk/lib/cyw43-driver/src/cyw43_ll.c.obj
                0x0000000010008718                cyw43_ll_bus_sleep
 .text.cyw43_ll_wifi_on
                0x000000001000874c      0x220 CMakeFiles/pico_webserver.dir/pico-sdk/lib/cyw43-driver/src/cyw43_ll.c.obj
                0x000000001000874c                cyw43_ll_wifi_on
 .text.cyw43_ll_wifi_get_mac
                0x000000001000896c       0x74 CMakeFiles/pico_webserver.dir/pico-sdk/lib/cyw43-driver/src/cyw43_ll.c.obj
                0x000000001000896c                cyw43_ll_wifi_get_mac
 .text.cyw43_ll_bus_init
                0x00000000100089e0      0xa24 CMakeFiles/pico_webserver.dir/pico-sdk/lib/cyw43-driver/src/cyw43_ll.c.obj
                0x00000000100089e0                cyw43_ll_bus_init
 .text.cyw43_ll_wifi_pm
                0x0000000010009404      0x138 CMakeFiles/pico_webserver.dir/pico-sdk/lib/cyw43-driver/src/cyw43_ll.c.obj
                0x0000000010009404                cyw43_ll_wifi_pm
 .text.cyw43_ll_wifi_join
                0x000000001000953c      0x3ec CMakeFiles/pico_webserver.dir/pico-sdk/lib/cyw43-driver/src/cyw43_ll.c.obj
                0x000000001000953c                cyw43_ll_wifi_join
 .text.cyw43_ll_wifi_set_wpa_auth
                0x0000000010009928       0x4c CMakeFiles/pico_webserver.dir/pico-sdk/lib/cyw43-driver/src/cyw43_ll.c.obj
                0x0000000010009928                cyw43_ll_wifi_set_wpa_auth
 .text.cyw43_ll_wifi_rejoin
                0x0000000010009974       0x58 CMakeFiles/pico_webserver.dir/pico-sdk/lib/cyw43-driver/src/cyw43_ll.c.obj
                0x0000000010009974                cyw43_ll_wifi_rejoin
 .text.cyw43_ll_wifi_ap_init
                0x00000000100099cc      0x2e8 CMakeFiles/pico_webserver.dir/pico-sdk/lib/cyw43-driver/src/cyw43_ll.c.obj
                0x00000000100099cc                cyw43_ll_wifi_ap_init
 .text.cyw43_ll_wifi_ap_set_up
                0x0000000010009cb4       0x80 CMakeFiles/pico_webserver.dir/pico-sdk/lib/cyw43-driver/src/cyw43_ll.c.obj
                0x0000000010009cb4                cyw43_ll_wifi_ap_set_up
 .text.cyw43_ll_has_work
                0x0000000010009d34       0x14 CMakeFiles/pico_webserver.dir/pico-sdk/lib/cyw43-driver/src/cyw43_ll.c.obj
                0x0000000010009d34                cyw43_ll_has_work
 .text.cyw43_poll_func
                0x0000000010009d48       0xc0 CMakeFiles/pico_webserver.dir/pico-sdk/lib/cyw43-driver/src/cyw43_ctrl.c.obj
 .text.cyw43_init
                0x0000000010009e08       0x6c CMakeFiles/pico_webserver.dir/pico-sdk/lib/cyw43-driver/src/cyw43_ctrl.c.obj
                0x0000000010009e08                cyw43_init
 .text.cyw43_deinit
                0x0000000010009e74       0x90 CMakeFiles/pico_webserver.dir/pico-sdk/lib/cyw43-driver/src/cyw43_ctrl.c.obj
                0x0000000010009e74                cyw43_deinit
 .text.cyw43_cb_read_host_interrupt_pin
                0x0000000010009f04        0xc CMakeFiles/pico_webserver.dir/pico-sdk/lib/cyw43-driver/src/cyw43_ctrl.c.obj
                0x0000000010009f04                cyw43_cb_read_host_interrupt_pin
 .text.cyw43_cb_ensure_awake
                0x0000000010009f10        0xc CMakeFiles/pico_webserver.dir/pico-sdk/lib/cyw43-driver/src/cyw43_ctrl.c.obj
                0x0000000010009f10                cyw43_cb_ensure_awake
 .text.cyw43_cb_process_async_event
                0x0000000010009f1c      0x228 CMakeFiles/pico_webserver.dir/pico-sdk/lib/cyw43-driver/src/cyw43_ctrl.c.obj
                0x0000000010009f1c                cyw43_cb_process_async_event
 .text.cyw43_send_ethernet
                0x000000001000a144       0xc0 CMakeFiles/pico_webserver.dir/pico-sdk/lib/cyw43-driver/src/cyw43_ctrl.c.obj
                0x000000001000a144                cyw43_send_ethernet
 .text.cyw43_wifi_pm
                0x000000001000a204       0xb4 CMakeFiles/pico_webserver.dir/pico-sdk/lib/cyw43-driver/src/cyw43_ctrl.c.obj
                0x000000001000a204                cyw43_wifi_pm
 .text.cyw43_wifi_set_up
                0x000000001000a2b8      0x308 CMakeFiles/pico_webserver.dir/pico-sdk/lib/cyw43-driver/src/cyw43_ctrl.c.obj
                0x000000001000a2b8                cyw43_wifi_set_up
 .text.cyw43_wifi_join
                0x000000001000a5c0       0xf4 CMakeFiles/pico_webserver.dir/pico-sdk/lib/cyw43-driver/src/cyw43_ctrl.c.obj
                0x000000001000a5c0                cyw43_wifi_join
 .text.pio_sm_unclaim
                0x000000001000a6b4       0x20 CMakeFiles/pico_webserver.dir/pico-sdk/src/rp2_common/hardware_pio/pio.c.obj
                0x000000001000a6b4                pio_sm_unclaim
 .text.pio_claim_unused_sm
                0x000000001000a6d4       0x3c CMakeFiles/pico_webserver.dir/pico-sdk/src/rp2_common/hardware_pio/pio.c.obj
                0x000000001000a6d4                pio_claim_unused_sm
 .text.pio_can_add_program
                0x000000001000a710       0x68 CMakeFiles/pico_webserver.dir/pico-sdk/src/rp2_common/hardware_pio/pio.c.obj
                0x000000001000a710                pio_can_add_program
 .text.pio_add_program
                0x000000001000a778       0xc8 CMakeFiles/pico_webserver.dir/pico-sdk/src/rp2_common/hardware_pio/pio.c.obj
                0x000000001000a778                pio_add_program
 .text.pio_remove_program
                0x000000001000a840       0x34 CMakeFiles/pico_webserver.dir/pico-sdk/src/rp2_common/hardware_pio/pio.c.obj
                0x000000001000a840                pio_remove_program
 .text.pio_sm_set_pindirs_with_mask
                0x000000001000a874       0xa4 CMakeFiles/pico_webserver.dir/pico-sdk/src/rp2_common/hardware_pio/pio.c.obj
                0x000000001000a874                pio_sm_set_pindirs_with_mask
 .text.pio_sm_set_consecutive_pindirs
                0x000000001000a918       0xb0 CMakeFiles/pico_webserver.dir/pico-sdk/src/rp2_common/hardware_pio/pio.c.obj
                0x000000001000a918                pio_sm_set_consecutive_pindirs
 .text.dma_channel_unclaim
                0x000000001000a9c8       0x10 CMakeFiles/pico_webserver.dir/pico-sdk/src/rp2_common/hardware_dma/dma.c.obj
                0x000000001000a9c8                dma_channel_unclaim
 .text.dma_claim_unused_channel
                0x000000001000a9d8       0x20 CMakeFiles/pico_webserver.dir/pico-sdk/src/rp2_common/hardware_dma/dma.c.obj
                0x000000001000a9d8                dma_claim_unused_channel
 .text.dma_channel_cleanup
                0x000000001000a9f8       0x60 CMakeFiles/pico_webserver.dir/pico-sdk/src/rp2_common/hardware_dma/dma.c.obj
                0x000000001000a9f8                dma_channel_cleanup
 .text.cyw43_sleep_timeout_reached
                0x000000001000aa58       0x10 CMakeFiles/pico_webserver.dir/pico-sdk/src/rp2_common/pico_cyw43_driver/cyw43_driver.c.obj
 .text.cyw43_irq_init
                0x000000001000aa68       0x28 CMakeFiles/pico_webserver.dir/pico-sdk/src/rp2_common/pico_cyw43_driver/cyw43_driver.c.obj
                0x000000001000aa68                cyw43_irq_init
 .text.cyw43_irq_deinit
                0x000000001000aa90       0x20 CMakeFiles/pico_webserver.dir/pico-sdk/src/rp2_common/pico_cyw43_driver/cyw43_driver.c.obj
                0x000000001000aa90                cyw43_irq_deinit
 .text.cyw43_gpio_irq_handler
                0x000000001000aab0       0x44 CMakeFiles/pico_webserver.dir/pico-sdk/src/rp2_common/pico_cyw43_driver/cyw43_driver.c.obj
 .text.cyw43_do_poll
                0x000000001000aaf4       0x6c CMakeFiles/pico_webserver.dir/pico-sdk/src/rp2_common/pico_cyw43_driver/cyw43_driver.c.obj
 .text.cyw43_post_poll_hook
                0x000000001000ab60       0x10 CMakeFiles/pico_webserver.dir/pico-sdk/src/rp2_common/pico_cyw43_driver/cyw43_driver.c.obj
                0x000000001000ab60                cyw43_post_poll_hook
 .text.cyw43_schedule_internal_poll_dispatch
                0x000000001000ab70       0x18 CMakeFiles/pico_webserver.dir/pico-sdk/src/rp2_common/pico_cyw43_driver/cyw43_driver.c.obj
                0x000000001000ab70                cyw43_schedule_internal_poll_dispatch
 .text.cyw43_driver_init
                0x000000001000ab88       0x38 CMakeFiles/pico_webserver.dir/pico-sdk/src/rp2_common/pico_cyw43_driver/cyw43_driver.c.obj
                0x000000001000ab88                cyw43_driver_init
 .text.cyw43_driver_deinit
                0x000000001000abc0       0x44 CMakeFiles/pico_webserver.dir/pico-sdk/src/rp2_common/pico_cyw43_driver/cyw43_driver.c.obj
                0x000000001000abc0                cyw43_driver_deinit
 .text.cyw43_hal_generate_laa_mac
                0x000000001000ac04       0x28 CMakeFiles/pico_webserver.dir/pico-sdk/src/rp2_common/pico_cyw43_driver/cyw43_driver.c.obj
                0x000000001000ac04                cyw43_hal_generate_laa_mac
 .text.cyw43_hal_get_mac
                0x000000001000ac2c       0x1c CMakeFiles/pico_webserver.dir/pico-sdk/src/rp2_common/pico_cyw43_driver/cyw43_driver.c.obj
                0x000000001000ac2c                cyw43_hal_get_mac
 .text.cyw43_thread_enter
                0x000000001000ac48       0x14 CMakeFiles/pico_webserver.dir/pico-sdk/src/rp2_common/pico_cyw43_driver/cyw43_driver.c.obj
                0x000000001000ac48                cyw43_thread_enter
 .text.cyw43_thread_exit
                0x000000001000ac5c       0x14 CMakeFiles/pico_webserver.dir/pico-sdk/src/rp2_common/pico_cyw43_driver/cyw43_driver.c.obj
                0x000000001000ac5c                cyw43_thread_exit
 .text.cyw43_await_background_or_timeout_us
                0x000000001000ac70       0x34 CMakeFiles/pico_webserver.dir/pico-sdk/src/rp2_common/pico_cyw43_driver/cyw43_driver.c.obj
                0x000000001000ac70                cyw43_await_background_or_timeout_us
 .text.cyw43_delay_ms
                0x000000001000aca4       0x44 CMakeFiles/pico_webserver.dir/pico-sdk/src/rp2_common/pico_cyw43_driver/cyw43_driver.c.obj
                0x000000001000aca4                cyw43_delay_ms
 .text.cyw43_delay_us
                0x000000001000ace8       0x34 CMakeFiles/pico_webserver.dir/pico-sdk/src/rp2_common/pico_cyw43_driver/cyw43_driver.c.obj
                0x000000001000ace8                cyw43_delay_us
 .text.cyw43_cb_tcpip_init
                0x000000001000ad1c        0x4 CMakeFiles/pico_webserver.dir/pico-sdk/src/rp2_common/pico_cyw43_driver/cyw43_driver.c.obj
                0x000000001000ad1c                cyw43_cb_tcpip_init
 .text.cyw43_cb_tcpip_deinit
                0x000000001000ad20        0x4 CMakeFiles/pico_webserver.dir/pico-sdk/src/rp2_common/pico_cyw43_driver/cyw43_driver.c.obj
                0x000000001000ad20                cyw43_cb_tcpip_deinit
 .text.handle_sync_func_call
                0x000000001000ad24       0x24 CMakeFiles/pico_webserver.dir/pico-sdk/src/rp2_common/pico_async_context/async_context_threadsafe_background.c.obj
 .text.async_context_threadsafe_background_acquire_lock_blocking
                0x000000001000ad48        0xc CMakeFiles/pico_webserver.dir/pico-sdk/src/rp2_common/pico_async_context/async_context_threadsafe_background.c.obj
 .text.process_under_lock
                0x000000001000ad54       0xc8 CMakeFiles/pico_webserver.dir/pico-sdk/src/rp2_common/pico_async_context/async_context_threadsafe_background.c.obj
 .text.async_context_threadsafe_background_deinit
                0x000000001000ae1c       0x64 CMakeFiles/pico_webserver.dir/pico-sdk/src/rp2_common/pico_async_context/async_context_threadsafe_background.c.obj
 .text.low_priority_irq_handler
                0x000000001000ae80       0x3c CMakeFiles/pico_webserver.dir/pico-sdk/src/rp2_common/pico_async_context/async_context_threadsafe_background.c.obj
 .text.async_context_threadsafe_background_wait_for_work_until
                0x000000001000aebc        0xc CMakeFiles/pico_webserver.dir/pico-sdk/src/rp2_common/pico_async_context/async_context_threadsafe_background.c.obj
 .text.async_context_threadsafe_background_wait_until
                0x000000001000aec8       0x1c CMakeFiles/pico_webserver.dir/pico-sdk/src/rp2_common/pico_async_context/async_context_threadsafe_background.c.obj
 .text.async_context_threadsafe_background_lock_check
                0x000000001000aee4       0x28 CMakeFiles/pico_webserver.dir/pico-sdk/src/rp2_common/pico_async_context/async_context_threadsafe_background.c.obj
 .text.async_context_threadsafe_background_execute_sync
                0x000000001000af0c       0xe4 CMakeFiles/pico_webserver.dir/pico-sdk/src/rp2_common/pico_async_context/async_context_threadsafe_background.c.obj
                0x000000001000af0c                async_context_threadsafe_background_execute_sync
 .text.async_context_threadsafe_background_set_work_pending
                0x000000001000aff0       0x50 CMakeFiles/pico_webserver.dir/pico-sdk/src/rp2_common/pico_async_context/async_context_threadsafe_background.c.obj
 .text.alarm_handler
                0x000000001000b040       0x58 CMakeFiles/pico_webserver.dir/pico-sdk/src/rp2_common/pico_async_context/async_context_threadsafe_background.c.obj
 .text.async_context_threadsafe_background_release_lock
                0x000000001000b098       0x7c CMakeFiles/pico_webserver.dir/pico-sdk/src/rp2_common/pico_async_context/async_context_threadsafe_background.c.obj
 .text.async_context_threadsafe_background_when_pending_worker
                0x000000001000b114       0x90 CMakeFiles/pico_webserver.dir/pico-sdk/src/rp2_common/pico_async_context/async_context_threadsafe_background.c.obj
 .text.async_context_threadsafe_background_remove_at_time_worker
                0x000000001000b1a4       0x90 CMakeFiles/pico_webserver.dir/pico-sdk/src/rp2_common/pico_async_context/async_context_threadsafe_background.c.obj
 .text.async_context_threadsafe_background_add_when_pending_worker
                0x000000001000b234       0x90 CMakeFiles/pico_webserver.dir/pico-sdk/src/rp2_common/pico_async_context/async_context_threadsafe_background.c.obj
 .text.async_context_threadsafe_background_add_at_time_worker
                0x000000001000b2c4       0x90 CMakeFiles/pico_webserver.dir/pico-sdk/src/rp2_common/pico_async_context/async_context_threadsafe_background.c.obj
 .text.async_context_threadsafe_background_default_config
                0x000000001000b354        0xc CMakeFiles/pico_webserver.dir/pico-sdk/src/rp2_common/pico_async_context/async_context_threadsafe_background.c.obj
                0x000000001000b354                async_context_threadsafe_background_default_config
 .text.async_context_threadsafe_background_init
                0x000000001000b360       0xa4 CMakeFiles/pico_webserver.dir/pico-sdk/src/rp2_common/pico_async_context/async_context_threadsafe_background.c.obj
                0x000000001000b360                async_context_threadsafe_background_init
 .text.async_context_base_add_at_time_worker
                0x000000001000b404       0x28 CMakeFiles/pico_webserver.dir/pico-sdk/src/rp2_common/pico_async_context/async_context_base.c.obj
                0x000000001000b404                async_context_base_add_at_time_worker
 .text.async_context_base_remove_at_time_worker
                0x000000001000b42c       0x28 CMakeFiles/pico_webserver.dir/pico-sdk/src/rp2_common/pico_async_context/async_context_base.c.obj
                0x000000001000b42c                async_context_base_remove_at_time_worker
 .text.async_context_base_add_when_pending_worker
                0x000000001000b454       0x24 CMakeFiles/pico_webserver.dir/pico-sdk/src/rp2_common/pico_async_context/async_context_base.c.obj
                0x000000001000b454                async_context_base_add_when_pending_worker
 .text.async_context_base_remove_when_pending_worker
                0x000000001000b478       0x28 CMakeFiles/pico_webserver.dir/pico-sdk/src/rp2_common/pico_async_context/async_context_base.c.obj
                0x000000001000b478                async_context_base_remove_when_pending_worker
 .text.async_context_base_execute_once
                0x000000001000b4a0       0xe8 CMakeFiles/pico_webserver.dir/pico-sdk/src/rp2_common/pico_async_context/async_context_base.c.obj
                0x000000001000b4a0                async_context_base_execute_once
 .text.async_context_base_needs_servicing
                0x000000001000b588       0x54 CMakeFiles/pico_webserver.dir/pico-sdk/src/rp2_common/pico_async_context/async_context_base.c.obj
                0x000000001000b588                async_context_base_needs_servicing
 .text.core1_trampoline
                0x000000001000b5dc        0x4 CMakeFiles/pico_webserver.dir/pico-sdk/src/rp2_common/pico_multicore/multicore.c.obj
 .text.core1_wrapper
                0x000000001000b5e0        0xc CMakeFiles/pico_webserver.dir/pico-sdk/src/rp2_common/pico_multicore/multicore.c.obj
                0x000000001000b5e0                core1_wrapper
 .text.multicore_launch_core1_raw
                0x000000001000b5ec       0x84 CMakeFiles/pico_webserver.dir/pico-sdk/src/rp2_common/pico_multicore/multicore.c.obj
                0x000000001000b5ec                multicore_launch_core1_raw
 .text.multicore_launch_core1
                0x000000001000b670       0x4c CMakeFiles/pico_webserver.dir/pico-sdk/src/rp2_common/pico_multicore/multicore.c.obj
                0x000000001000b670                multicore_launch_core1
 .text          0x000000001000b6bc       0x20 liblwipcore.a(init.c.obj)
                0x000000001000b6bc                lwip_init
 .text          0x000000001000b6dc      0x1e0 liblwipcore.a(def.c.obj)
                0x000000001000b6dc                lwip_htons
                0x000000001000b6e4                lwip_htonl
                0x000000001000b6e8                lwip_strnstr
                0x000000001000b744                lwip_strnistr
                0x000000001000b7cc                lwip_stricmp
                0x000000001000b800                lwip_strnicmp
                0x000000001000b83c                lwip_itoa
 .text          0x000000001000b8bc      0x3f0 liblwipcore.a(mem.c.obj)
                0x000000001000b8bc                mem_init
                0x000000001000b8fc                mem_free
                0x000000001000ba14                mem_trim
                0x000000001000bb4c                mem_malloc
                0x000000001000bc84                mem_calloc
 .text          0x000000001000bcac      0x1a8 liblwipcore.a(memp.c.obj)
                0x000000001000bcac                memp_init_pool
                0x000000001000bce0                memp_init
                0x000000001000bd70                memp_malloc_pool
                0x000000001000bdb0                memp_malloc
                0x000000001000bdfc                memp_free_pool
                0x000000001000be24                memp_free
 .text          0x000000001000be54      0x490 liblwipcore.a(netif.c.obj)
                0x000000001000be5c                netif_init
                0x000000001000be60                netif_input
                0x000000001000be78                netif_set_ipaddr
                0x000000001000bed4                netif_set_netmask
                0x000000001000bef0                netif_set_gw
                0x000000001000bf0c                netif_set_addr
                0x000000001000bfd8                netif_add
                0x000000001000c088                netif_add_noaddr
                0x000000001000c0a0                netif_remove
                0x000000001000c118                netif_set_default
                0x000000001000c124                netif_set_up
                0x000000001000c15c                netif_set_down
                0x000000001000c180                netif_set_link_up
                0x000000001000c1b8                netif_set_link_down
                0x000000001000c1cc                netif_name_to_index
                0x000000001000c220                netif_index_to_name
                0x000000001000c268                netif_get_by_index
                0x000000001000c294                netif_find
 .text          0x000000001000c2e4      0xc68 liblwipcore.a(pbuf.c.obj)
                0x000000001000c2e4                pbuf_free_ooseq
                0x000000001000c318                pbuf_alloc
                0x000000001000c488                pbuf_alloc_reference
                0x000000001000c4b0                pbuf_realloc
                0x000000001000c56c                pbuf_add_header
                0x000000001000c5b8                pbuf_add_header_force
                0x000000001000c604                pbuf_remove_header
                0x000000001000c63c                pbuf_header
                0x000000001000c6a8                pbuf_header_force
                0x000000001000c714                pbuf_free_header
                0x000000001000c7c4                pbuf_free
                0x000000001000c828                pbuf_clen
                0x000000001000c83c                pbuf_ref
                0x000000001000c854                pbuf_cat
                0x000000001000c880                pbuf_chain
                0x000000001000c8c4                pbuf_dechain
                0x000000001000c950                pbuf_copy_partial_pbuf
                0x000000001000ca6c                pbuf_copy
                0x000000001000ca84                pbuf_copy_partial
                0x000000001000caf4                pbuf_get_contiguous
                0x000000001000cb9c                pbuf_skip
                0x000000001000cbc0                pbuf_take
                0x000000001000cc14                pbuf_take_at
                0x000000001000ccb0                pbuf_coalesce
                0x000000001000cd68                pbuf_clone
                0x000000001000cd88                pbuf_get_at
                0x000000001000cda8                pbuf_try_get_at
                0x000000001000cdd0                pbuf_put_at
                0x000000001000cdec                pbuf_memcmp
                0x000000001000ce60                pbuf_memfind
                0x000000001000cf0c                pbuf_strstr
 .text          0x000000001000cf4c        0x4 liblwipcore.a(stats.c.obj)
                0x000000001000cf4c                stats_init
 .text          0x000000001000cf50     0x18e8 liblwipcore.a(tcp.c.obj)
                0x000000001000d060                tcp_init
                0x000000001000d064                tcp_free
                0x000000001000d070                tcp_bind
                0x000000001000d168                tcp_bind_netif
                0x000000001000d17c                tcp_listen_with_backlog
                0x000000001000d200                tcp_listen_with_backlog_and_err
                0x000000001000d2a0                tcp_update_rcv_ann_wnd
                0x000000001000d2dc                tcp_recved
                0x000000001000d354                tcp_connect
                0x000000001000d4e8                tcp_slowtmr
                0x000000001000d8ec                tcp_txnow
                0x000000001000d918                tcp_segs_free
                0x000000001000d950                tcp_seg_free
                0x000000001000d96c                tcp_setprio
                0x000000001000d974                tcp_seg_copy
                0x000000001000d994                tcp_arg
                0x000000001000d99c                tcp_recv
                0x000000001000d9a8                tcp_sent
                0x000000001000d9b4                tcp_err
                0x000000001000d9c0                tcp_accept
                0x000000001000d9d0                tcp_poll
                0x000000001000d9dc                tcp_pcb_purge
                0x000000001000d9f4                tcp_pcb_remove
                0x000000001000da6c                tcp_abandon
                0x000000001000dbe8                tcp_abort
                0x000000001000dc04                tcp_alloc
                0x000000001000ddfc                tcp_new
                0x000000001000dfd4                tcp_new_ip_type
                0x000000001000e2ec                tcp_shutdown
                0x000000001000e34c                tcp_recv_null
                0x000000001000e3f4                tcp_process_refused_data
                0x000000001000e4dc                tcp_fasttmr
                0x000000001000e560                tcp_tmr
                0x000000001000e580                tcp_close
                0x000000001000e6e0                tcp_next_iss
                0x000000001000e6f8                tcp_eff_send_mss_netif
                0x000000001000e720                tcp_netif_ip_addr_changed
                0x000000001000e7b0                tcp_debug_state_str
                0x000000001000e7c0                tcp_tcp_get_tcp_addrinfo
                0x000000001000e7f8                tcp_free_ooseq
 .text          0x000000001000e838     0x1760 liblwipcore.a(tcp_in.c.obj)
                0x000000001000f400                tcp_input
                0x000000001000ff84                tcp_trigger_input_pcb_close
 .text          0x000000001000ff98     0x12b4 liblwipcore.a(tcp_out.c.obj)
                0x000000001001011c                tcp_write
                0x0000000010010414                tcp_split_unsent_seg
                0x00000000100105b0                tcp_send_fin
                0x0000000010010690                tcp_enqueue_flags
                0x0000000010010738                tcp_rexmit_rto_prepare
                0x00000000100107c4                tcp_rexmit
                0x0000000010010854                tcp_rexmit_fast
                0x00000000100108ac                tcp_rst
                0x0000000010010968                tcp_rst_netif
                0x0000000010010a64                tcp_send_empty_ack
                0x0000000010010b40                tcp_output
                0x0000000010010f50                tcp_rexmit_rto_commit
                0x0000000010010f64                tcp_rexmit_rto
                0x0000000010010ffc                tcp_keepalive
                0x00000000100110c0                tcp_zero_window_probe
 .text          0x000000001001124c      0x320 liblwipcore.a(timeouts.c.obj)
                0x000000001001134c                tcp_timer_needed
                0x00000000100113c0                sys_timeouts_init
                0x0000000010011438                sys_timeout
                0x000000001001147c                sys_untimeout
                0x00000000100114bc                sys_check_timeouts
                0x0000000010011514                sys_restart_timeouts
                0x0000000010011544                sys_timeouts_sleeptime
 .text          0x000000001001156c      0x6c4 liblwipcore.a(udp.c.obj)
                0x000000001001156c                udp_init
                0x0000000010011570                udp_input
                0x0000000010011778                udp_bind
                0x0000000010011884                udp_sendto_if_src
                0x00000000100119a4                udp_sendto_if
                0x00000000100119ec                udp_sendto
                0x0000000010011a68                udp_send
                0x0000000010011ae0                udp_bind_netif
                0x0000000010011af4                udp_connect
                0x0000000010011b58                udp_disconnect
                0x0000000010011b70                udp_recv
                0x0000000010011b7c                udp_remove
                0x0000000010011bb8                udp_new
                0x0000000010011bd4                udp_new_ip_type
                0x0000000010011bf0                udp_netif_ip_addr_changed
 .text          0x0000000010011c30     0x2a3c liblwipcore.a(etharp.c.obj)
                0x0000000010013dd4                etharp_tmr
                0x0000000010013e68                etharp_cleanup_netif
                0x0000000010013ff0                etharp_find_addr
                0x0000000010014030                etharp_get_entry
                0x0000000010014064                etharp_input
                0x0000000010014204                etharp_query
                0x000000001001438c                etharp_output
                0x00000000100145a8                etharp_request
 .text          0x000000001001466c      0x848 liblwipcore.a(ip4_frag.c.obj)
                0x00000000100147ac                ip_reass_tmr
                0x000000001001484c                ip4_reass
                0x0000000010014d54                ip4_frag
 .text          0x0000000010014eb4      0x748 liblwipcore.a(ip4.c.obj)
                0x0000000010014eb4                ip4_route
                0x0000000010014f34                ip4_input
                0x00000000100151b8                ip4_output_if
                0x0000000010015320                ip4_output_if_src
                0x0000000010015478                ip4_output
 .text          0x00000000100155fc      0x3bc liblwipcore.a(ip4_addr.c.obj)
                0x00000000100155fc                ip4_addr_isbroadcast_u32
                0x0000000010015638                ip4_addr_netmask_valid
                0x0000000010015668                ip4addr_aton
                0x00000000100157e8                ipaddr_addr
                0x0000000010015804                ip4addr_ntoa
                0x00000000100158e0                ip4addr_ntoa_r
 .text          0x00000000100159b8      0x13c liblwipcore.a(ethernet.c.obj)
                0x00000000100159b8                ethernet_input
                0x0000000010015a8c                ethernet_output
 .text          0x0000000010015af4      0x334 liblwipcore.a(inet_chksum.c.obj)
                0x0000000010015af4                lwip_standard_chksum
                0x0000000010015b74                inet_chksum_pseudo
                0x0000000010015c28                ip_chksum_pseudo
                0x0000000010015c38                inet_chksum_pseudo_partial
                0x0000000010015d1c                ip_chksum_pseudo_partial
                0x0000000010015d30                inet_chksum
                0x0000000010015dbc                inet_chksum_pbuf
 .text          0x0000000010015e28       0x18 /usr/lib/gcc/arm-none-eabi/10.3.1/../../../arm-none-eabi/lib/thumb/v6-m/nofp/libc.a(lib_a-atoi.o)
                0x0000000010015e28                atoi
                0x0000000010015e34                _atoi_r
 .text          0x0000000010015e40       0x18 /usr/lib/gcc/arm-none-eabi/10.3.1/../../../arm-none-eabi/lib/thumb/v6-m/nofp/libc.a(lib_a-calloc.o)
                0x0000000010015e40                calloc
 .text          0x0000000010015e58       0x5c /usr/lib/gcc/arm-none-eabi/10.3.1/../../../arm-none-eabi/lib/thumb/v6-m/nofp/libc.a(lib_a-callocr.o)
                0x0000000010015e58                _calloc_r
 .text          0x0000000010015eb4       0x28 /usr/lib/gcc/arm-none-eabi/10.3.1/../../../arm-none-eabi/lib/thumb/v6-m/nofp/libc.a(lib_a-malloc.o)
                0x0000000010015eb4                malloc
                0x0000000010015ec8                free
 .text          0x0000000010015edc      0x574 /usr/lib/gcc/arm-none-eabi/10.3.1/../../../arm-none-eabi/lib/thumb/v6-m/nofp/libc.a(lib_a-mallocr.o)
                0x0000000010015edc                _malloc_r
 .text          0x0000000010016450        0x8 /usr/lib/gcc/arm-none-eabi/10.3.1/../../../arm-none-eabi/lib/thumb/v6-m/nofp/libc.a(lib_a-mlock.o)
                0x0000000010016450                __malloc_lock
                0x0000000010016454                __malloc_unlock
 .text          0x0000000010016458       0x24 /usr/lib/gcc/arm-none-eabi/10.3.1/../../../arm-none-eabi/lib/thumb/v6-m/nofp/libc.a(lib_a-sbrkr.o)
                0x0000000010016458                _sbrk_r
 .text          0x000000001001647c       0x5c /usr/lib/gcc/arm-none-eabi/10.3.1/../../../arm-none-eabi/lib/thumb/v6-m/nofp/libc.a(lib_a-strlen-stub.o)
                0x000000001001647c                strlen
 .text          0x00000000100164d8       0x74 /usr/lib/gcc/arm-none-eabi/10.3.1/../../../arm-none-eabi/lib/thumb/v6-m/nofp/libc.a(lib_a-strncmp.o)
                0x00000000100164d8                strncmp
 .text          0x000000001001654c      0x1b8 /usr/lib/gcc/arm-none-eabi/10.3.1/../../../arm-none-eabi/lib/thumb/v6-m/nofp/libc.a(lib_a-strtol.o)
                0x0000000010016690                _strtol_r
                0x00000000100166ac                strtol_l
                0x00000000100166d8                strtol
 .text          0x0000000010016704        0xc /usr/lib/gcc/arm-none-eabi/10.3.1/../../../arm-none-eabi/lib/thumb/v6-m/nofp/libc.a(lib_a-errno.o)
                0x0000000010016704                __errno
 .text          0x0000000010016710      0x260 /usr/lib/gcc/arm-none-eabi/10.3.1/../../../arm-none-eabi/lib/thumb/v6-m/nofp/libc.a(lib_a-freer.o)
                0x0000000010016710                _malloc_trim_r
                0x00000000100167ac                _free_r
 *(.fini)
 .fini          0x0000000010016970        0x4 /usr/lib/gcc/arm-none-eabi/10.3.1/thumb/v6-m/nofp/crti.o
                0x0000000010016970                _fini
 *fill*         0x0000000010016974        0x4 
 .fini.__stub   0x0000000010016978      0x150 linker stubs
 *crtbegin.o(.ctors)
 *crtbegin?.o(.ctors)
 *(EXCLUDE_FILE(*crtend.o *crtend?.o) .ctors)
 *(SORT_BY_NAME(.ctors.*))
 *(.ctors)
 *crtbegin.o(.dtors)
 *crtbegin?.o(.dtors)
 *(EXCLUDE_FILE(*crtend.o *crtend?.o) .dtors)
 *(SORT_BY_NAME(.dtors.*))
 *(.dtors)
 *(.eh_frame*)
 .eh_frame      0x0000000010016ac8        0x0 /usr/lib/gcc/arm-none-eabi/10.3.1/thumb/v6-m/nofp/crtbegin.o
                0x0000000010016ac8                . = ALIGN (0x4)

.glue_7         0x0000000010016ac8        0x0
 .glue_7        0x0000000010016ac8        0x0 linker stubs

.glue_7t        0x0000000010016ac8        0x0
 .glue_7t       0x0000000010016ac8        0x0 linker stubs

.vfp11_veneer   0x0000000010016ac8        0x0
 .vfp11_veneer  0x0000000010016ac8        0x0 linker stubs

.v4_bx          0x0000000010016ac8        0x0
 .v4_bx         0x0000000010016ac8        0x0 linker stubs

.iplt           0x0000000010016ac8        0x0
 .iplt          0x0000000010016ac8        0x0 /usr/lib/gcc/arm-none-eabi/10.3.1/thumb/v6-m/nofp/crtbegin.o

.rodata         0x0000000010016ac8    0x38300
 *(EXCLUDE_FILE(*libm.a: *libc.a:*lib_a-mem*.o *libgcc.a:) .rodata*)
 .rodata.main.str1.4
                0x0000000010016ac8       0x32 CMakeFiles/pico_webserver.dir/webserver.c.obj
 *fill*         0x0000000010016afa        0x2 
 .rodata.gateway
                0x0000000010016afc        0x4 CMakeFiles/pico_webserver.dir/tusb_lwip_glue.c.obj
 .rodata.ipaddr
                0x0000000010016b00        0x4 CMakeFiles/pico_webserver.dir/tusb_lwip_glue.c.obj
 .rodata.netmask
                0x0000000010016b04        0x4 CMakeFiles/pico_webserver.dir/tusb_lwip_glue.c.obj
 .rodata.tud_descriptor_string_cb.str1.4
                0x0000000010016b08       0x11 CMakeFiles/pico_webserver.dir/usb_descriptors.c.obj
 *fill*         0x0000000010016b19        0x3 
 .rodata.str1.4
                0x0000000010016b1c       0x3e CMakeFiles/pico_webserver.dir/usb_descriptors.c.obj
 *fill*         0x0000000010016b5a        0x2 
 .rodata.__compound_literal.0
                0x0000000010016b5c        0x2 CMakeFiles/pico_webserver.dir/usb_descriptors.c.obj
 *fill*         0x0000000010016b5e        0x2 
 .rodata.configuration_arr
                0x0000000010016b60        0x8 CMakeFiles/pico_webserver.dir/usb_descriptors.c.obj
 .rodata.desc_device
                0x0000000010016b68       0x12 CMakeFiles/pico_webserver.dir/usb_descriptors.c.obj
                0x0000000010016b68                desc_device
 *fill*         0x0000000010016b7a        0x2 
 .rodata.ecm_configuration
                0x0000000010016b7c       0x58 CMakeFiles/pico_webserver.dir/usb_descriptors.c.obj
 .rodata.rndis_configuration
                0x0000000010016bd4       0x4b CMakeFiles/pico_webserver.dir/usb_descriptors.c.obj
 *fill*         0x0000000010016c1f        0x1 
 .rodata.string_desc_arr
                0x0000000010016c20       0x14 CMakeFiles/pico_webserver.dir/usb_descriptors.c.obj
 .rodata.rndis_class_set_handler.str1.4
                0x0000000010016c34        0x8 CMakeFiles/pico_webserver.dir/pico-sdk/lib/tinyusb/lib/networking/rndis_reports.c.obj
 .rodata.rndis_class_set_handler
                0x0000000010016c34       0x90 CMakeFiles/pico_webserver.dir/pico-sdk/lib/tinyusb/lib/networking/rndis_reports.c.obj
 .rodata.OIDSupportedList
                0x0000000010016cc4       0x58 CMakeFiles/pico_webserver.dir/pico-sdk/lib/tinyusb/lib/networking/rndis_reports.c.obj
 .rodata.core1_entry.str1.4
                0x0000000010016d1c       0x18 CMakeFiles/pico_webserver.dir/wifi_code.c.obj
 .rodata.spin_lock_claim_unused.str1.4
                0x0000000010016d34       0x1b CMakeFiles/pico_webserver.dir/pico-sdk/src/rp2_common/hardware_sync/sync.c.obj
 *fill*         0x0000000010016d4f        0x1 
 .rodata.user_irq_claim_unused.str1.4
                0x0000000010016d50       0x1b CMakeFiles/pico_webserver.dir/pico-sdk/src/rp2_common/hardware_irq/irq.c.obj
 *fill*         0x0000000010016d6b        0x5 
 .rodata.at_the_end_of_time
                0x0000000010016d70        0x8 CMakeFiles/pico_webserver.dir/pico-sdk/src/common/pico_time/time.c.obj
                0x0000000010016d70                at_the_end_of_time
 .rodata.hardware_alarm_claim.str1.4
                0x0000000010016d78       0x22 CMakeFiles/pico_webserver.dir/pico-sdk/src/rp2_common/hardware_timer/timer.c.obj
 *fill*         0x0000000010016d9a        0x2 
 .rodata.hardware_alarm_claim_unused.str1.4
                0x0000000010016d9c       0x14 CMakeFiles/pico_webserver.dir/pico-sdk/src/rp2_common/hardware_timer/timer.c.obj
 .rodata.panic.str1.4
                0x0000000010016db0       0x10 CMakeFiles/pico_webserver.dir/pico-sdk/src/rp2_common/pico_runtime/runtime.c.obj
                                         0x12 (size before relaxing)
 .rodata.hard_assertion_failure.str1.4
                0x0000000010016dc0        0xc CMakeFiles/pico_webserver.dir/pico-sdk/src/rp2_common/pico_runtime/runtime.c.obj
 .rodata._ftoa.str1.4
                0x0000000010016dcc       0x15 CMakeFiles/pico_webserver.dir/pico-sdk/src/rp2_common/pico_printf/printf.c.obj
 *fill*         0x0000000010016de1        0x3 
 .rodata._vsnprintf
                0x0000000010016de4      0x1e0 CMakeFiles/pico_webserver.dir/pico-sdk/src/rp2_common/pico_printf/printf.c.obj
 *fill*         0x0000000010016fc4        0x4 
 .rodata.pow10.0
                0x0000000010016fc8       0x50 CMakeFiles/pico_webserver.dir/pico-sdk/src/rp2_common/pico_printf/printf.c.obj
 .rodata.missing_double_func_shim.str1.4
                0x0000000010017018       0x18 CMakeFiles/pico_webserver.dir/pico-sdk/src/rp2_common/pico_double/double_init_rom.c.obj
 .rodata.missing_float_func_shim.str1.4
                0x0000000010017030       0x18 CMakeFiles/pico_webserver.dir/pico-sdk/src/rp2_common/pico_float/float_init_rom.c.obj
                                          0x1 (size before relaxing)
 .rodata.__wrap_malloc.str1.4
                0x0000000010017030        0xe CMakeFiles/pico_webserver.dir/pico-sdk/src/rp2_common/pico_malloc/pico_malloc.c.obj
 *fill*         0x000000001001703e        0x2 
 .rodata.str1.4
                0x0000000010017040       0x44 CMakeFiles/pico_webserver.dir/pico-sdk/src/rp2_common/pico_standard_link/binary_info.c.obj
 .rodata.__bi_44