Archive member included to satisfy reference by file (symbol)

/usr/lib/gcc/arm-none-eabi/10.3.1/thumb/v6-m/nofp/libgcc.a(_dvmd_tls.o)
                              CMakeFiles/pico_webserver.dir/pico-sdk/src/rp2_common/pico_divider/divider.S.obj (__aeabi_idiv0)
/usr/lib/gcc/arm-none-eabi/10.3.1/../../../arm-none-eabi/lib/thumb/v6-m/nofp/libc.a(lib_a-atexit.o)
                              /usr/lib/gcc/arm-none-eabi/10.3.1/../../../arm-none-eabi/lib/thumb/v6-m/nofp/crt0.o (atexit)
/usr/lib/gcc/arm-none-eabi/10.3.1/../../../arm-none-eabi/lib/thumb/v6-m/nofp/libc.a(lib_a-atoi.o)
                              CMakeFiles/pico_webserver.dir/pico-sdk/lib/lwip/src/core/netif.c.obj (atoi)
/usr/lib/gcc/arm-none-eabi/10.3.1/../../../arm-none-eabi/lib/thumb/v6-m/nofp/libc.a(lib_a-calloc.o)
                              CMakeFiles/pico_webserver.dir/pico-sdk/src/rp2_common/pico_malloc/pico_malloc.c.obj (calloc)
/usr/lib/gcc/arm-none-eabi/10.3.1/../../../arm-none-eabi/lib/thumb/v6-m/nofp/libc.a(lib_a-callocr.o)
                              /usr/lib/gcc/arm-none-eabi/10.3.1/../../../arm-none-eabi/lib/thumb/v6-m/nofp/libc.a(lib_a-calloc.o) (_calloc_r)
/usr/lib/gcc/arm-none-eabi/10.3.1/../../../arm-none-eabi/lib/thumb/v6-m/nofp/libc.a(lib_a-ctype_.o)
                              CMakeFiles/pico_webserver.dir/pico-sdk/lib/lwip/src/core/ipv4/ip4_addr.c.obj (_ctype_)
/usr/lib/gcc/arm-none-eabi/10.3.1/../../../arm-none-eabi/lib/thumb/v6-m/nofp/libc.a(lib_a-fini.o)
                              /usr/lib/gcc/arm-none-eabi/10.3.1/../../../arm-none-eabi/lib/thumb/v6-m/nofp/crt0.o (__libc_fini_array)
/usr/lib/gcc/arm-none-eabi/10.3.1/../../../arm-none-eabi/lib/thumb/v6-m/nofp/libc.a(lib_a-impure.o)
                              /usr/lib/gcc/arm-none-eabi/10.3.1/../../../arm-none-eabi/lib/thumb/v6-m/nofp/libc.a(lib_a-calloc.o) (_impure_ptr)
/usr/lib/gcc/arm-none-eabi/10.3.1/../../../arm-none-eabi/lib/thumb/v6-m/nofp/libc.a(lib_a-init.o)
                              /usr/lib/gcc/arm-none-eabi/10.3.1/../../../arm-none-eabi/lib/thumb/v6-m/nofp/crt0.o (__libc_init_array)
/usr/lib/gcc/arm-none-eabi/10.3.1/../../../arm-none-eabi/lib/thumb/v6-m/nofp/libc.a(lib_a-malloc.o)
                              CMakeFiles/pico_webserver.dir/pico-sdk/src/rp2_common/pico_malloc/pico_malloc.c.obj (malloc)
/usr/lib/gcc/arm-none-eabi/10.3.1/../../../arm-none-eabi/lib/thumb/v6-m/nofp/libc.a(lib_a-mallocr.o)
                              /usr/lib/gcc/arm-none-eabi/10.3.1/../../../arm-none-eabi/lib/thumb/v6-m/nofp/libc.a(lib_a-callocr.o) (_malloc_r)
/usr/lib/gcc/arm-none-eabi/10.3.1/../../../arm-none-eabi/lib/thumb/v6-m/nofp/libc.a(lib_a-memcmp.o)
                              CMakeFiles/pico_webserver.dir/pico-sdk/lib/tinyusb/lib/networking/dhserver.c.obj (memcmp)
/usr/lib/gcc/arm-none-eabi/10.3.1/../../../arm-none-eabi/lib/thumb/v6-m/nofp/libc.a(lib_a-memmove.o)
                              CMakeFiles/pico_webserver.dir/pico-sdk/lib/lwip/src/core/def.c.obj (memmove)
/usr/lib/gcc/arm-none-eabi/10.3.1/../../../arm-none-eabi/lib/thumb/v6-m/nofp/libc.a(lib_a-mlock.o)
                              /usr/lib/gcc/arm-none-eabi/10.3.1/../../../arm-none-eabi/lib/thumb/v6-m/nofp/libc.a(lib_a-mallocr.o) (__malloc_lock)
/usr/lib/gcc/arm-none-eabi/10.3.1/../../../arm-none-eabi/lib/thumb/v6-m/nofp/libc.a(lib_a-rand.o)
                              CMakeFiles/pico_webserver.dir/ssi.cpp.obj (rand)
/usr/lib/gcc/arm-none-eabi/10.3.1/../../../arm-none-eabi/lib/thumb/v6-m/nofp/libc.a(lib_a-realloc.o)
                              CMakeFiles/pico_webserver.dir/pico-sdk/src/rp2_common/pico_malloc/pico_malloc.c.obj (realloc)
/usr/lib/gcc/arm-none-eabi/10.3.1/../../../arm-none-eabi/lib/thumb/v6-m/nofp/libc.a(lib_a-reallocr.o)
                              /usr/lib/gcc/arm-none-eabi/10.3.1/../../../arm-none-eabi/lib/thumb/v6-m/nofp/libc.a(lib_a-realloc.o) (_realloc_r)
/usr/lib/gcc/arm-none-eabi/10.3.1/../../../arm-none-eabi/lib/thumb/v6-m/nofp/libc.a(lib_a-sbrkr.o)
                              /usr/lib/gcc/arm-none-eabi/10.3.1/../../../arm-none-eabi/lib/thumb/v6-m/nofp/libc.a(lib_a-mallocr.o) (_sbrk_r)
/usr/lib/gcc/arm-none-eabi/10.3.1/../../../arm-none-eabi/lib/thumb/v6-m/nofp/libc.a(lib_a-strchr.o)
                              CMakeFiles/pico_webserver.dir/pico-sdk/lib/lwip/src/apps/http/httpd.c.obj (strchr)
/usr/lib/gcc/arm-none-eabi/10.3.1/../../../arm-none-eabi/lib/thumb/v6-m/nofp/libc.a(lib_a-strcmp.o)
                              CMakeFiles/pico_webserver.dir/cgi.cpp.obj (strcmp)
/usr/lib/gcc/arm-none-eabi/10.3.1/../../../arm-none-eabi/lib/thumb/v6-m/nofp/libc.a(lib_a-strlen-stub.o)
                              CMakeFiles/pico_webserver.dir/usb_descriptors.c.obj (strlen)
/usr/lib/gcc/arm-none-eabi/10.3.1/../../../arm-none-eabi/lib/thumb/v6-m/nofp/libc.a(lib_a-strncmp.o)
                              CMakeFiles/pico_webserver.dir/pico-sdk/lib/lwip/src/core/def.c.obj (strncmp)
[...]
Memory Configuration

Name             Origin             Length             Attributes
FLASH            0x0000000010000000 0x0000000000200000 xr
RAM              0x0000000020000000 0x0000000000040000 xrw
SCRATCH_X        0x0000000020040000 0x0000000000001000 xrw
SCRATCH_Y        0x0000000020041000 0x0000000000001000 xrw
*default*        0x0000000000000000 0xffffffffffffffff

Linker script and memory map

LOAD /usr/lib/gcc/arm-none-eabi/10.3.1/thumb/v6-m/nofp/crti.o
LOAD /usr/lib/gcc/arm-none-eabi/10.3.1/thumb/v6-m/nofp/crtbegin.o
LOAD /usr/lib/gcc/arm-none-eabi/10.3.1/../../../arm-none-eabi/lib/thumb/v6-m/nofp/crt0.o

.flash_begin    0x0000000010000000        0x0
                0x0000000010000000                __flash_binary_start = .

.boot2          0x0000000010000000      0x100
                0x0000000010000000                __boot2_start__ = .
 *(.boot2)
 .boot2         0x0000000010000000      0x100 /tmp/ccF560sr.o
                0x0000000010000100                __boot2_end__ = .
                0x0000000000000001                ASSERT (((__boot2_end__ - __boot2_start__) == 0x100), ERROR: Pico second stage bootloader must be 256 bytes in size)

.text           0x0000000010000100    0x18e30
                0x0000000010000100                __logical_binary_start = .
 *(.vectors)
 .vectors       0x0000000010000100       0xd4 CMakeFiles/pico_webserver.dir/pico-sdk/src/rp2_common/pico_standard_link/crt0.S.obj
                0x0000000010000100                __vectors
                0x0000000010000100                __VECTOR_TABLE
                0x00000000100001c0                isr_invalid
                0x00000000100001c0                __default_isrs_start
                0x00000000100001c2                isr_nmi
                0x00000000100001c4                isr_hardfault
                0x00000000100001c6                isr_svcall
                0x00000000100001c8                isr_pendsv
                0x00000000100001ca                isr_systick
                0x00000000100001cc                isr_irq30
                0x00000000100001cc                __unhandled_user_irq
                0x00000000100001cc                isr_irq13
                0x00000000100001cc                isr_irq27
                0x00000000100001cc                isr_irq31
                0x00000000100001cc                isr_irq5
                0x00000000100001cc                isr_irq11
                0x00000000100001cc                isr_irq23
                0x00000000100001cc                isr_irq18
                0x00000000100001cc                isr_irq28
                0x00000000100001cc                isr_irq19
                0x00000000100001cc                isr_irq0
                0x00000000100001cc                isr_irq6
                0x00000000100001cc                isr_irq22
                0x00000000100001cc                isr_irq17
                0x00000000100001cc                isr_irq14
                0x00000000100001cc                isr_irq2
                0x00000000100001cc                isr_irq10
                0x00000000100001cc                isr_irq8
                0x00000000100001cc                isr_irq24
                0x00000000100001cc                isr_irq1
                0x00000000100001cc                isr_irq7
                0x00000000100001cc                isr_irq21
                0x00000000100001cc                isr_irq20
                0x00000000100001cc                isr_irq15
                0x00000000100001cc                isr_irq25
                0x00000000100001cc                isr_irq4
                0x00000000100001cc                isr_irq16
                0x00000000100001cc                isr_irq29
                0x00000000100001cc                isr_irq26
                0x00000000100001cc                __default_isrs_end
                0x00000000100001cc                isr_irq3
                0x00000000100001cc                isr_irq12
                0x00000000100001cc                isr_irq9
                0x00000000100001d2                unhandled_user_irq_num_in_r0
 *(.binary_info_header)
 .binary_info_header
                0x00000000100001d4       0x14 CMakeFiles/pico_webserver.dir/pico-sdk/src/rp2_common/pico_standard_link/crt0.S.obj
                0x00000000100001e8                __binary_info_header_end = .
 *(.reset)
 .reset         0x00000000100001e8       0xa0 CMakeFiles/pico_webserver.dir/pico-sdk/src/rp2_common/pico_standard_link/crt0.S.obj
                0x00000000100001e8                _entry_point
 .reset         0x0000000010000288       0x30 CMakeFiles/pico_webserver.dir/pico-sdk/src/rp2_common/pico_standard_link/binary_info.c.obj
 *(.init)
 .init          0x00000000100002b8        0x4 /usr/lib/gcc/arm-none-eabi/10.3.1/thumb/v6-m/nofp/crti.o
                0x00000000100002b8                _init
 *(EXCLUDE_FILE(*libm.a: *libc.a:*lib_a-mem*.o *libgcc.a:) .text*)
 .text          0x00000000100002bc       0x98 /usr/lib/gcc/arm-none-eabi/10.3.1/thumb/v6-m/nofp/crtbegin.o
 .text.core1_entry
                0x0000000010000354       0x38 CMakeFiles/pico_webserver.dir/webserver.c.obj
                0x0000000010000354                core1_entry
 .text.cgi_toggle_led
                0x000000001000038c       0x20 CMakeFiles/pico_webserver.dir/webserver.c.obj
 .text.cgi_reset_usb_boot
                0x00000000100003ac       0x14 CMakeFiles/pico_webserver.dir/webserver.c.obj
 .text.startup.main
                0x00000000100003c0       0x7c CMakeFiles/pico_webserver.dir/webserver.c.obj
                0x00000000100003c0                main
 .text.netif_init_cb
                0x000000001000043c       0x30 CMakeFiles/pico_webserver.dir/tusb_lwip_glue.c.obj
 .text.output_fn
                0x000000001000046c        0x8 CMakeFiles/pico_webserver.dir/tusb_lwip_glue.c.obj
 .text.linkoutput_fn
                0x0000000010000474       0x3c CMakeFiles/pico_webserver.dir/tusb_lwip_glue.c.obj
 .text.init_lwip
                0x00000000100004b0       0x60 CMakeFiles/pico_webserver.dir/tusb_lwip_glue.c.obj
                0x00000000100004b0                init_lwip
 .text.tud_network_init_cb
                0x0000000010000510       0x18 CMakeFiles/pico_webserver.dir/tusb_lwip_glue.c.obj
                0x0000000010000510                tud_network_init_cb
 .text.tud_network_recv_cb
                0x0000000010000528       0x3c CMakeFiles/pico_webserver.dir/tusb_lwip_glue.c.obj
                0x0000000010000528                tud_network_recv_cb
 .text.tud_network_xmit_cb
                0x0000000010000564       0x30 CMakeFiles/pico_webserver.dir/tusb_lwip_glue.c.obj
                0x0000000010000564                tud_network_xmit_cb
 .text.service_traffic
                0x0000000010000594       0x2c CMakeFiles/pico_webserver.dir/tusb_lwip_glue.c.obj
                0x0000000010000594                service_traffic
 .text.dhcpd_init
                0x00000000100005c0       0x14 CMakeFiles/pico_webserver.dir/tusb_lwip_glue.c.obj
                0x00000000100005c0                dhcpd_init
 .text.wait_for_netif_is_up
                0x00000000100005d4       0x14 CMakeFiles/pico_webserver.dir/tusb_lwip_glue.c.obj
                0x00000000100005d4                wait_for_netif_is_up
 .text.tud_descriptor_device_cb
                0x00000000100005e8        0x8 CMakeFiles/pico_webserver.dir/usb_descriptors.c.obj
                0x00000000100005e8                tud_descriptor_device_cb
 .text.tud_descriptor_configuration_cb
                0x00000000100005f0       0x14 CMakeFiles/pico_webserver.dir/usb_descriptors.c.obj
                0x00000000100005f0                tud_descriptor_configuration_cb
 .text.tud_descriptor_string_cb
                0x0000000010000604      0x17c CMakeFiles/pico_webserver.dir/usb_descriptors.c.obj
                0x0000000010000604                tud_descriptor_string_cb
 .text.fill_options
                0x0000000010000780       0xdc CMakeFiles/pico_webserver.dir/pico-sdk/lib/tinyusb/lib/networking/dhserver.c.obj
                0x0000000010000780                fill_options
 .text.udp_recv_proc
                0x000000001000085c      0x2e4 CMakeFiles/pico_webserver.dir/pico-sdk/lib/tinyusb/lib/networking/dhserver.c.obj
 .text.dhserv_init
                0x0000000010000b40       0x64 CMakeFiles/pico_webserver.dir/pico-sdk/lib/tinyusb/lib/networking/dhserver.c.obj
                0x0000000010000b40                dhserv_init
 .text.rndis_class_set_handler
                0x0000000010000ba4      0x2d4 CMakeFiles/pico_webserver.dir/pico-sdk/lib/tinyusb/lib/networking/rndis_reports.c.obj
                0x0000000010000ba4                rndis_class_set_handler
 .text.ssi_init
                0x0000000010000e78       0x4c CMakeFiles/pico_webserver.dir/ssi.cpp.obj
                0x0000000010000e78                ssi_init
 .text.cgi_handler_basic
                0x0000000010000ec4      0x11c CMakeFiles/pico_webserver.dir/cgi.cpp.obj
                0x0000000010000ec4                cgi_handler_basic
 .text.cgi_handler_extended
                0x0000000010000fe0      0x11c CMakeFiles/pico_webserver.dir/cgi.cpp.obj
                0x0000000010000fe0                cgi_handler_extended
 .text.cgi_init
                0x00000000100010fc       0x2c CMakeFiles/pico_webserver.dir/cgi.cpp.obj
                0x00000000100010fc                cgi_init
 .text.set_sys_clock_pll
                0x0000000010001128       0x78 CMakeFiles/pico_webserver.dir/pico-sdk/src/rp2_common/pico_stdlib/stdlib.c.obj
                0x0000000010001128                set_sys_clock_pll
 .text.check_sys_clock_khz
                0x00000000100011a0      0x17c CMakeFiles/pico_webserver.dir/pico-sdk/src/rp2_common/pico_stdlib/stdlib.c.obj
                0x00000000100011a0                check_sys_clock_khz
 .text.gpio_set_function
                0x000000001000131c       0x30 CMakeFiles/pico_webserver.dir/pico-sdk/src/rp2_common/hardware_gpio/gpio.c.obj
                0x000000001000131c                gpio_set_function
 .text.gpio_set_pulls
                0x000000001000134c       0x30 CMakeFiles/pico_webserver.dir/pico-sdk/src/rp2_common/hardware_gpio/gpio.c.obj
                0x000000001000134c                gpio_set_pulls
 .text.gpio_set_input_hysteresis_enabled
                0x000000001000137c       0x28 CMakeFiles/pico_webserver.dir/pico-sdk/src/rp2_common/hardware_gpio/gpio.c.obj
                0x000000001000137c                gpio_set_input_hysteresis_enabled
 .text.gpio_set_irq_enabled
                0x00000000100013a4       0x54 CMakeFiles/pico_webserver.dir/pico-sdk/src/rp2_common/hardware_gpio/gpio.c.obj
                0x00000000100013a4                gpio_set_irq_enabled
 .text.gpio_add_raw_irq_handler_with_order_priority_masked
                0x00000000100013f8       0x44 CMakeFiles/pico_webserver.dir/pico-sdk/src/rp2_common/hardware_gpio/gpio.c.obj
                0x00000000100013f8                gpio_add_raw_irq_handler_with_order_priority_masked
 .text.gpio_remove_raw_irq_handler_masked
                0x000000001000143c       0x20 CMakeFiles/pico_webserver.dir/pico-sdk/src/rp2_common/hardware_gpio/gpio.c.obj
                0x000000001000143c                gpio_remove_raw_irq_handler_masked
 .text.gpio_set_input_enabled
                0x000000001000145c       0x28 CMakeFiles/pico_webserver.dir/pico-sdk/src/rp2_common/hardware_gpio/gpio.c.obj
                0x000000001000145c                gpio_set_input_enabled
 .text.gpio_init
                0x0000000010001484       0x3c CMakeFiles/pico_webserver.dir/pico-sdk/src/rp2_common/hardware_gpio/gpio.c.obj
                0x0000000010001484                gpio_init
 .text.running_on_fpga
                0x00000000100014c0       0x10 CMakeFiles/pico_webserver.dir/pico-sdk/src/rp2_common/pico_platform/platform.c.obj
                0x00000000100014c0                running_on_fpga
 .text.hw_claim_lock
                0x00000000100014d0       0x18 CMakeFiles/pico_webserver.dir/pico-sdk/src/rp2_common/hardware_claim/claim.c.obj
                0x00000000100014d0                hw_claim_lock
 .text.hw_claim_unlock
                0x00000000100014e8       0x14 CMakeFiles/pico_webserver.dir/pico-sdk/src/rp2_common/hardware_claim/claim.c.obj
                0x00000000100014e8                hw_claim_unlock
 .text.hw_claim_or_assert
                0x00000000100014fc       0x44 CMakeFiles/pico_webserver.dir/pico-sdk/src/rp2_common/hardware_claim/claim.c.obj
                0x00000000100014fc                hw_claim_or_assert
 .text.hw_claim_unused_from_range
                0x0000000010001540       0x9c CMakeFiles/pico_webserver.dir/pico-sdk/src/rp2_common/hardware_claim/claim.c.obj
                0x0000000010001540                hw_claim_unused_from_range
 .text.hw_claim_clear
                0x00000000100015dc       0x38 CMakeFiles/pico_webserver.dir/pico-sdk/src/rp2_common/hardware_claim/claim.c.obj
                0x00000000100015dc                hw_claim_clear
 .text.spin_locks_reset
                0x0000000010001614       0x1c CMakeFiles/pico_webserver.dir/pico-sdk/src/rp2_common/hardware_sync/sync.c.obj
                0x0000000010001614                spin_locks_reset
 .text.next_striped_spin_lock_num
                0x0000000010001630       0x18 CMakeFiles/pico_webserver.dir/pico-sdk/src/rp2_common/hardware_sync/sync.c.obj
                0x0000000010001630                next_striped_spin_lock_num
 .text.spin_lock_claim_unused
                0x0000000010001648       0x20 CMakeFiles/pico_webserver.dir/pico-sdk/src/rp2_common/hardware_sync/sync.c.obj
                0x0000000010001648                spin_lock_claim_unused
 .text.irq_set_enabled
                0x0000000010001668       0x24 CMakeFiles/pico_webserver.dir/pico-sdk/src/rp2_common/hardware_irq/irq.c.obj
                0x0000000010001668                irq_set_enabled
 .text.irq_is_enabled
                0x000000001000168c       0x18 CMakeFiles/pico_webserver.dir/pico-sdk/src/rp2_common/hardware_irq/irq.c.obj
                0x000000001000168c                irq_is_enabled
 .text.irq_set_pending
                0x00000000100016a4       0x10 CMakeFiles/pico_webserver.dir/pico-sdk/src/rp2_common/hardware_irq/irq.c.obj
                0x00000000100016a4                irq_set_pending
 .text.irq_get_vtable_handler
                0x00000000100016b4       0x10 CMakeFiles/pico_webserver.dir/pico-sdk/src/rp2_common/hardware_irq/irq.c.obj
                0x00000000100016b4                irq_get_vtable_handler
 .text.irq_set_exclusive_handler
                0x00000000100016c4       0x54 CMakeFiles/pico_webserver.dir/pico-sdk/src/rp2_common/hardware_irq/irq.c.obj
                0x00000000100016c4                irq_set_exclusive_handler
 .text.irq_add_shared_handler
                0x0000000010001718      0x1e8 CMakeFiles/pico_webserver.dir/pico-sdk/src/rp2_common/hardware_irq/irq.c.obj
                0x0000000010001718                irq_add_shared_handler
 .text.irq_remove_handler
                0x0000000010001900      0x1b0 CMakeFiles/pico_webserver.dir/pico-sdk/src/rp2_common/hardware_irq/irq.c.obj
                0x0000000010001900                irq_remove_handler
 .text.irq_set_priority
                0x0000000010001ab0       0x28 CMakeFiles/pico_webserver.dir/pico-sdk/src/rp2_common/hardware_irq/irq.c.obj
                0x0000000010001ab0                irq_set_priority
 .text.irq_add_tail_to_free_list
                0x0000000010001ad8       0xb4 CMakeFiles/pico_webserver.dir/pico-sdk/src/rp2_common/hardware_irq/irq.c.obj
                0x0000000010001ad8                irq_add_tail_to_free_list
 .text.irq_init_priorities
                0x0000000010001b8c       0x24 CMakeFiles/pico_webserver.dir/pico-sdk/src/rp2_common/hardware_irq/irq.c.obj
                0x0000000010001b8c                irq_init_priorities
 .text.user_irq_unclaim
                0x0000000010001bb0       0x14 CMakeFiles/pico_webserver.dir/pico-sdk/src/rp2_common/hardware_irq/irq.c.obj
                0x0000000010001bb0                user_irq_unclaim
 .text.user_irq_claim_unused
                0x0000000010001bc4       0x28 CMakeFiles/pico_webserver.dir/pico-sdk/src/rp2_common/hardware_irq/irq.c.obj
                0x0000000010001bc4                user_irq_claim_unused
 .text.sem_init
                0x0000000010001bec       0x20 CMakeFiles/pico_webserver.dir/pico-sdk/src/common/pico_sync/sem.c.obj
                0x0000000010001bec                sem_init
 .text.lock_init
                0x0000000010001c0c       0x10 CMakeFiles/pico_webserver.dir/pico-sdk/src/common/pico_sync/lock_core.c.obj
                0x0000000010001c0c                lock_init
 .text.mutex_init
                0x0000000010001c1c       0x1c CMakeFiles/pico_webserver.dir/pico-sdk/src/common/pico_sync/mutex.c.obj
                0x0000000010001c1c                mutex_init
 .text.recursive_mutex_init
                0x0000000010001c38       0x1c CMakeFiles/pico_webserver.dir/pico-sdk/src/common/pico_sync/mutex.c.obj
                0x0000000010001c38                recursive_mutex_init
 .text.critical_section_init
                0x0000000010001c54       0x20 CMakeFiles/pico_webserver.dir/pico-sdk/src/common/pico_sync/critical_section.c.obj
                0x0000000010001c54                critical_section_init
 .text.timer_pool_entry_comparator
                0x0000000010001c74       0x34 CMakeFiles/pico_webserver.dir/pico-sdk/src/common/pico_time/time.c.obj
                0x0000000010001c74                timer_pool_entry_comparator
 .text.sleep_until_callback
                0x0000000010001ca8       0x30 CMakeFiles/pico_webserver.dir/pico-sdk/src/common/pico_time/time.c.obj
 .text.add_alarm_under_lock.isra.0
                0x0000000010001cd8      0x100 CMakeFiles/pico_webserver.dir/pico-sdk/src/common/pico_time/time.c.obj
 .text.alarm_pool_alarm_callback
                0x0000000010001dd8      0x1bc CMakeFiles/pico_webserver.dir/pico-sdk/src/common/pico_time/time.c.obj
 .text.alarm_pool_init_default
                0x0000000010001f94       0x6c CMakeFiles/pico_webserver.dir/pico-sdk/src/common/pico_time/time.c.obj
                0x0000000010001f94                alarm_pool_init_default
 .text.alarm_pool_get_default
                0x0000000010002000        0x8 CMakeFiles/pico_webserver.dir/pico-sdk/src/common/pico_time/time.c.obj
                0x0000000010002000                alarm_pool_get_default
 .text.alarm_pool_create_with_unused_hardware_alarm
                0x0000000010002008       0x74 CMakeFiles/pico_webserver.dir/pico-sdk/src/common/pico_time/time.c.obj
                0x0000000010002008                alarm_pool_create_with_unused_hardware_alarm
 .text.alarm_pool_destroy
                0x000000001000207c       0x44 CMakeFiles/pico_webserver.dir/pico-sdk/src/common/pico_time/time.c.obj
                0x000000001000207c                alarm_pool_destroy
 .text.alarm_pool_add_alarm_at
                0x00000000100020c0      0x178 CMakeFiles/pico_webserver.dir/pico-sdk/src/common/pico_time/time.c.obj
                0x00000000100020c0                alarm_pool_add_alarm_at
 .text.alarm_pool_add_alarm_at_force_in_context
                0x0000000010002238      0x124 CMakeFiles/pico_webserver.dir/pico-sdk/src/common/pico_time/time.c.obj
                0x0000000010002238                alarm_pool_add_alarm_at_force_in_context
 .text.alarm_pool_cancel_alarm
                0x000000001000235c       0x78 CMakeFiles/pico_webserver.dir/pico-sdk/src/common/pico_time/time.c.obj
                0x000000001000235c                alarm_pool_cancel_alarm
 .text.alarm_pool_core_num
                0x00000000100023d4        0x4 CMakeFiles/pico_webserver.dir/pico-sdk/src/common/pico_time/time.c.obj
                0x00000000100023d4                alarm_pool_core_num
 .text.sleep_until
                0x00000000100023d8       0xc4 CMakeFiles/pico_webserver.dir/pico-sdk/src/common/pico_time/time.c.obj
                0x00000000100023d8                sleep_until
 .text.sleep_ms
                0x000000001000249c       0x34 CMakeFiles/pico_webserver.dir/pico-sdk/src/common/pico_time/time.c.obj
                0x000000001000249c                sleep_ms
 .text.best_effort_wfe_or_timeout
                0x00000000100024d0       0xd4 CMakeFiles/pico_webserver.dir/pico-sdk/src/common/pico_time/time.c.obj
                0x00000000100024d0                best_effort_wfe_or_timeout
 .text.hardware_alarm_irq_handler
                0x00000000100025a4       0xbc CMakeFiles/pico_webserver.dir/pico-sdk/src/rp2_common/hardware_timer/timer.c.obj
 .text.hardware_alarm_claim
                0x0000000010002660       0x18 CMakeFiles/pico_webserver.dir/pico-sdk/src/rp2_common/hardware_timer/timer.c.obj
                0x0000000010002660                hardware_alarm_claim
 .text.hardware_alarm_unclaim
                0x0000000010002678       0x10 CMakeFiles/pico_webserver.dir/pico-sdk/src/rp2_common/hardware_timer/timer.c.obj
                0x0000000010002678                hardware_alarm_unclaim
 .text.hardware_alarm_claim_unused
                0x0000000010002688       0x20 CMakeFiles/pico_webserver.dir/pico-sdk/src/rp2_common/hardware_timer/timer.c.obj
                0x0000000010002688                hardware_alarm_claim_unused
 .text.time_us_64
                0x00000000100026a8       0x14 CMakeFiles/pico_webserver.dir/pico-sdk/src/rp2_common/hardware_timer/timer.c.obj
                0x00000000100026a8                time_us_64
 .text.busy_wait_until
                0x00000000100026bc       0x20 CMakeFiles/pico_webserver.dir/pico-sdk/src/rp2_common/hardware_timer/timer.c.obj
                0x00000000100026bc                busy_wait_until
 .text.hardware_alarm_set_callback
                0x00000000100026dc       0x8c CMakeFiles/pico_webserver.dir/pico-sdk/src/rp2_common/hardware_timer/timer.c.obj
                0x00000000100026dc                hardware_alarm_set_callback
 .text.hardware_alarm_set_target
                0x0000000010002768       0xd4 CMakeFiles/pico_webserver.dir/pico-sdk/src/rp2_common/hardware_timer/timer.c.obj
                0x0000000010002768                hardware_alarm_set_target
 .text.hardware_alarm_cancel
                0x000000001000283c       0x3c CMakeFiles/pico_webserver.dir/pico-sdk/src/rp2_common/hardware_timer/timer.c.obj
                0x000000001000283c                hardware_alarm_cancel
 .text.hardware_alarm_force_irq
                0x0000000010002878       0x3c CMakeFiles/pico_webserver.dir/pico-sdk/src/rp2_common/hardware_timer/timer.c.obj
                0x0000000010002878                hardware_alarm_force_irq
 .text.ph_merge_nodes
                0x00000000100028b4       0x68 CMakeFiles/pico_webserver.dir/pico-sdk/src/common/pico_util/pheap.c.obj
 .text.ph_create
                0x000000001000291c       0x60 CMakeFiles/pico_webserver.dir/pico-sdk/src/common/pico_util/pheap.c.obj
                0x000000001000291c                ph_create
 .text.ph_post_alloc_init
                0x000000001000297c       0x3c CMakeFiles/pico_webserver.dir/pico-sdk/src/common/pico_util/pheap.c.obj
                0x000000001000297c                ph_post_alloc_init
 .text.ph_destroy
                0x00000000100029b8       0x14 CMakeFiles/pico_webserver.dir/pico-sdk/src/common/pico_util/pheap.c.obj
                0x00000000100029b8                ph_destroy
 .text.ph_merge_two_pass
                0x00000000100029cc       0x90 CMakeFiles/pico_webserver.dir/pico-sdk/src/common/pico_util/pheap.c.obj
                0x00000000100029cc                ph_merge_two_pass
 .text.ph_remove_any_head
                0x0000000010002a5c      0x100 CMakeFiles/pico_webserver.dir/pico-sdk/src/common/pico_util/pheap.c.obj
 .text.ph_remove_head
                0x0000000010002b5c      0x104 CMakeFiles/pico_webserver.dir/pico-sdk/src/common/pico_util/pheap.c.obj
                0x0000000010002b5c                ph_remove_head
 .text.ph_remove_and_free_node
                0x0000000010002c60       0x7c CMakeFiles/pico_webserver.dir/pico-sdk/src/common/pico_util/pheap.c.obj
                0x0000000010002c60                ph_remove_and_free_node
 .text.clock_configure
                0x0000000010002cdc      0x118 CMakeFiles/pico_webserver.dir/pico-sdk/src/rp2_common/hardware_clocks/clocks.c.obj
                0x0000000010002cdc                clock_configure
 .text.clocks_init
                0x0000000010002df4      0x2d0 CMakeFiles/pico_webserver.dir/pico-sdk/src/rp2_common/hardware_clocks/clocks.c.obj
                0x0000000010002df4                clocks_init
 .text.clock_get_hz
                0x00000000100030c4        0xc CMakeFiles/pico_webserver.dir/pico-sdk/src/rp2_common/hardware_clocks/clocks.c.obj
                0x00000000100030c4                clock_get_hz
 .text.pll_init
                0x00000000100030d0       0xa0 CMakeFiles/pico_webserver.dir/pico-sdk/src/rp2_common/hardware_pll/pll.c.obj
                0x00000000100030d0                pll_init
 .text.watchdog_start_tick
                0x0000000010003170       0x10 CMakeFiles/pico_webserver.dir/pico-sdk/src/rp2_common/hardware_watchdog/watchdog.c.obj
                0x0000000010003170                watchdog_start_tick
 .text.xosc_init
                0x0000000010003180       0x28 CMakeFiles/pico_webserver.dir/pico-sdk/src/rp2_common/hardware_xosc/xosc.c.obj
                0x0000000010003180                xosc_init
 .text.runtime_init
                0x00000000100031a8       0xf0 CMakeFiles/pico_webserver.dir/pico-sdk/src/rp2_common/pico_runtime/runtime.c.obj
                0x00000000100031a8                runtime_init
 .text._exit    0x0000000010003298       0x14 CMakeFiles/pico_webserver.dir/pico-sdk/src/rp2_common/pico_runtime/runtime.c.obj
                0x0000000010003298                _exit
 .text._sbrk    0x00000000100032ac       0x34 CMakeFiles/pico_webserver.dir/pico-sdk/src/rp2_common/pico_runtime/runtime.c.obj
                0x00000000100032ac                _sbrk
 .text.exit     0x00000000100032e0        0x8 CMakeFiles/pico_webserver.dir/pico-sdk/src/rp2_common/pico_runtime/runtime.c.obj
                0x00000000100032e0                exit
 .text.panic    0x00000000100032e8       0x30 CMakeFiles/pico_webserver.dir/pico-sdk/src/rp2_common/pico_runtime/runtime.c.obj
                0x00000000100032e8                panic
 .text.hard_assertion_failure
                0x0000000010003318        0xc CMakeFiles/pico_webserver.dir/pico-sdk/src/rp2_common/pico_runtime/runtime.c.obj
                0x0000000010003318                hard_assertion_failure
 .text._out_buffer
                0x0000000010003324        0x8 CMakeFiles/pico_webserver.dir/pico-sdk/src/rp2_common/pico_printf/printf.c.obj
 .text._out_null
                0x000000001000332c        0x4 CMakeFiles/pico_webserver.dir/pico-sdk/src/rp2_common/pico_printf/printf.c.obj
 .text._out_rev
                0x0000000010003330       0x9c CMakeFiles/pico_webserver.dir/pico-sdk/src/rp2_common/pico_printf/printf.c.obj
 .text._ntoa_format
                0x00000000100033cc      0x1cc CMakeFiles/pico_webserver.dir/pico-sdk/src/rp2_common/pico_printf/printf.c.obj
 .text._out_char
                0x0000000010003598       0x10 CMakeFiles/pico_webserver.dir/pico-sdk/src/rp2_common/pico_printf/printf.c.obj
 .text._out_fct
                0x00000000100035a8       0x10 CMakeFiles/pico_webserver.dir/pico-sdk/src/rp2_common/pico_printf/printf.c.obj
 .text._etoa    0x00000000100035b8      0x44c CMakeFiles/pico_webserver.dir/pico-sdk/src/rp2_common/pico_printf/printf.c.obj
 .text._ftoa    0x0000000010003a04      0x398 CMakeFiles/pico_webserver.dir/pico-sdk/src/rp2_common/pico_printf/printf.c.obj
 .text._vsnprintf
                0x0000000010003d9c      0xb04 CMakeFiles/pico_webserver.dir/pico-sdk/src/rp2_common/pico_printf/printf.c.obj
 .text.__wrap_snprintf
                0x00000000100048a0       0x28 CMakeFiles/pico_webserver.dir/pico-sdk/src/rp2_common/pico_printf/printf.c.obj
                0x00000000100048a0                __wrap_snprintf
 .text.vfctprintf
                0x00000000100048c8       0x20 CMakeFiles/pico_webserver.dir/pico-sdk/src/rp2_common/pico_printf/printf.c.obj
                0x00000000100048c8                vfctprintf
 .text.weak_raw_vprintf
                0x00000000100048e8       0x30 CMakeFiles/pico_webserver.dir/pico-sdk/src/rp2_common/pico_printf/printf.c.obj
                0x00000000100048e8                weak_raw_vprintf
 .text          0x0000000010004918       0x10 CMakeFiles/pico_webserver.dir/pico-sdk/src/rp2_common/pico_bit_ops/bit_ops_aeabi.S.obj
 .text.ctzsi    0x0000000010004928        0xc CMakeFiles/pico_webserver.dir/pico-sdk/src/rp2_common/pico_bit_ops/bit_ops_aeabi.S.obj
                0x0000000010004928                __wrap___ctzsi2
 .text.rom_func_lookup
                0x0000000010004934       0x10 CMakeFiles/pico_webserver.dir/pico-sdk/src/rp2_common/pico_bootrom/bootrom.c.obj
                0x0000000010004934                rom_func_lookup
 .text.rom_data_lookup
                0x0000000010004944       0x10 CMakeFiles/pico_webserver.dir/pico-sdk/src/rp2_common/pico_bootrom/bootrom.c.obj
                0x0000000010004944                rom_data_lookup
 .text.rom_funcs_lookup
                0x0000000010004954       0x44 CMakeFiles/pico_webserver.dir/pico-sdk/src/rp2_common/pico_bootrom/bootrom.c.obj
                0x0000000010004954                rom_funcs_lookup
 .text.__wrap___aeabi_idiv
                0x0000000010004998       0x50 CMakeFiles/pico_webserver.dir/pico-sdk/src/rp2_common/pico_divider/divider.S.obj
                0x0000000010004998                __wrap___aeabi_idivmod
                0x0000000010004998                divmod_s32s32
                0x0000000010004998                div_s32s32
                0x0000000010004998                __wrap___aeabi_idiv
                0x00000000100049a0                divmod_s32s32_unsafe
                0x00000000100049cc                divmod_s32s32_savestate
 .text.__wrap___aeabi_uidiv
                0x00000000100049e8       0x4c CMakeFiles/pico_webserver.dir/pico-sdk/src/rp2_common/pico_divider/divider.S.obj
                0x00000000100049e8                __wrap___aeabi_uidiv
                0x00000000100049e8                __wrap___aeabi_uidivmod
                0x00000000100049e8                div_u32u32
                0x00000000100049e8                divmod_u32u32
                0x00000000100049f0                divmod_u32u32_unsafe
                0x0000000010004a18                divmod_u32u32_savestate
 .text.__wrap___aeabi_ldiv
                0x0000000010004a34      0x424 CMakeFiles/pico_webserver.dir/pico-sdk/src/rp2_common/pico_divider/divider.S.obj
                0x0000000010004a34                div_s64s64
                0x0000000010004a34                divmod_s64s64
                0x0000000010004a34                __wrap___aeabi_ldivmod
                0x0000000010004a64                div_u64u64
                0x0000000010004a64                divmod_u64u64
                0x0000000010004a64                __wrap___aeabi_uldivmod
                0x0000000010004a74                divmod_u64u64_savestate
                0x0000000010004a94                divmod_s64s64_unsafe
                0x0000000010004b1c                divmod_u64u64_unsafe
 .text.__wrap___aeabi_darithmetic
                0x0000000010004e58       0x60 CMakeFiles/pico_webserver.dir/pico-sdk/src/rp2_common/pico_double/double_aeabi.S.obj
                0x0000000010004e58                __wrap___aeabi_drsub
                0x0000000010004e5e                __wrap___aeabi_dsub
                0x0000000010004e68                __wrap___aeabi_dadd
                0x0000000010004e72                __wrap___aeabi_ddiv
                0x0000000010004ea6                __wrap___aeabi_dmul
 .text.__wrap___aeabi_cdcmple
                0x0000000010004eb8       0x6c CMakeFiles/pico_webserver.dir/pico-sdk/src/rp2_common/pico_double/double_aeabi.S.obj
                0x0000000010004eb8                __wrap___aeabi_cdrcmple
                0x0000000010004ec8                __wrap___aeabi_cdcmple
                0x0000000010004ec8                __wrap___aeabi_cdcmpeq
 .text.__wrap___aeabi_dcmplt
                0x0000000010004f24        0xc CMakeFiles/pico_webserver.dir/pico-sdk/src/rp2_common/pico_double/double_aeabi.S.obj
                0x0000000010004f24                __wrap___aeabi_dcmplt
 .text.__wrap___aeabi_dcmple
                0x0000000010004f30       0x10 CMakeFiles/pico_webserver.dir/pico-sdk/src/rp2_common/pico_double/double_aeabi.S.obj
                0x0000000010004f30                __wrap___aeabi_dcmple
 .text.__wrap___aeabi_dcmpge
                0x0000000010004f40       0x10 CMakeFiles/pico_webserver.dir/pico-sdk/src/rp2_common/pico_double/double_aeabi.S.obj
                0x0000000010004f40                __wrap___aeabi_dcmpge
 .text.__wrap___aeabi_dcmpgt
                0x0000000010004f50        0xa CMakeFiles/pico_webserver.dir/pico-sdk/src/rp2_common/pico_double/double_aeabi.S.obj
                0x0000000010004f50                __wrap___aeabi_dcmpgt
 .text.__wrap___aeabi_dcmpun
                0x0000000010004f5a       0x1c CMakeFiles/pico_webserver.dir/pico-sdk/src/rp2_common/pico_double/double_aeabi.S.obj
                0x0000000010004f5a                __wrap___aeabi_dcmpun
 *fill*         0x0000000010004f76        0x2 
 .text.__wrap___aeabi_i2d
                0x0000000010004f78       0x38 CMakeFiles/pico_webserver.dir/pico-sdk/src/rp2_common/pico_double/double_aeabi.S.obj
                0x0000000010004f78                __wrap___aeabi_ui2d
                0x0000000010004f80                __wrap___aeabi_i2d
 .text.__wrap___aeabi_d2iz
                0x0000000010004fb0       0x48 CMakeFiles/pico_webserver.dir/pico-sdk/src/rp2_common/pico_double/double_aeabi.S.obj
                0x0000000010004fb0                __wrap___aeabi_d2iz
                0x0000000010004fb0                double2int_z
 .text.__wrap___aeabi_d2uiz
                0x0000000010004ff8       0x10 CMakeFiles/pico_webserver.dir/pico-sdk/src/rp2_common/pico_double/double_aeabi.S.obj
                0x0000000010004ff8                double2uint
                0x0000000010004ff8                __wrap___aeabi_d2uiz
 .text.missing_double_func_shim
                0x0000000010005008        0xc CMakeFiles/pico_webserver.dir/pico-sdk/src/rp2_common/pico_double/double_init_rom.c.obj
 .text.__aeabi_double_init
                0x0000000010005014       0x98 CMakeFiles/pico_webserver.dir/pico-sdk/src/rp2_common/pico_double/double_init_rom.c.obj
                0x0000000010005014                __aeabi_double_init
 .text.double_table_shim_on_use_helper
                0x00000000100050ac       0x2c CMakeFiles/pico_webserver.dir/pico-sdk/src/rp2_common/pico_double/double_v1_rom_shim.S.obj
                0x00000000100050ac                double_table_shim_on_use_helper
 .text.__aeabi_lmul
                0x00000000100050d8       0x32 CMakeFiles/pico_webserver.dir/pico-sdk/src/rp2_common/pico_int64_ops/pico_int64_ops_aeabi.S.obj
                0x00000000100050d8                __wrap___aeabi_lmul
 *fill*         0x000000001000510a        0x2 
 .text.__wrap___aeabi_farithmetic
                0x000000001000510c       0x48 CMakeFiles/pico_webserver.dir/pico-sdk/src/rp2_common/pico_float/float_aeabi.S.obj
                0x000000001000510c                __wrap___aeabi_frsub
                0x0000000010005112                __wrap___aeabi_fsub
                0x0000000010005118                __wrap___aeabi_fadd
                0x000000001000511e                __wrap___aeabi_fdiv
                0x0000000010005146                __wrap___aeabi_fmul
 .text.__wrap___aeabi_i2f
                0x0000000010005154       0x44 CMakeFiles/pico_webserver.dir/pico-sdk/src/rp2_common/pico_float/float_aeabi.S.obj
                0x0000000010005154                __wrap___aeabi_i2f
 .text.__wrap___aeabi_f2d
                0x0000000010005198        0xc CMakeFiles/pico_webserver.dir/pico-sdk/src/rp2_common/pico_float/float_aeabi.S.obj
                0x0000000010005198                __wrap___aeabi_f2d
 .text.missing_float_func_shim
                0x00000000100051a4        0xc CMakeFiles/pico_webserver.dir/pico-sdk/src/rp2_common/pico_float/float_init_rom.c.obj
 .text.__aeabi_float_init
                0x00000000100051b0       0x5c CMakeFiles/pico_webserver.dir/pico-sdk/src/rp2_common/pico_float/float_init_rom.c.obj
                0x00000000100051b0                __aeabi_float_init
 .text.__wrap_malloc
                0x000000001000520c       0x3c CMakeFiles/pico_webserver.dir/pico-sdk/src/rp2_common/pico_malloc/pico_malloc.c.obj
                0x000000001000520c                __wrap_malloc
 .text.__wrap_calloc
                0x0000000010005248       0x40 CMakeFiles/pico_webserver.dir/pico-sdk/src/rp2_common/pico_malloc/pico_malloc.c.obj
                0x0000000010005248                __wrap_calloc
 .text.__wrap_free
                0x0000000010005288       0x20 CMakeFiles/pico_webserver.dir/pico-sdk/src/rp2_common/pico_malloc/pico_malloc.c.obj
                0x0000000010005288                __wrap_free
 .text          0x00000000100052a8       0x10 CMakeFiles/pico_webserver.dir/pico-sdk/src/rp2_common/pico_mem_ops/mem_ops_aeabi.S.obj
                0x00000000100052a8                __aeabi_mem_init
 .text.memset   0x00000000100052b8        0xc CMakeFiles/pico_webserver.dir/pico-sdk/src/rp2_common/pico_mem_ops/mem_ops_aeabi.S.obj
                0x00000000100052b8                __wrap_memset
 .text.memcpy   0x00000000100052c4        0xc CMakeFiles/pico_webserver.dir/pico-sdk/src/rp2_common/pico_mem_ops/mem_ops_aeabi.S.obj
                0x00000000100052c4                __wrap___aeabi_memcpy
                0x00000000100052c4                __wrap_memcpy
 .text.stdio_out_chars_no_crlf
                0x00000000100052d0       0x10 CMakeFiles/pico_webserver.dir/pico-sdk/src/rp2_common/pico_stdio/stdio.c.obj
 .text.stdio_out_chars_crlf
                0x00000000100052e0       0xb4 CMakeFiles/pico_webserver.dir/pico-sdk/src/rp2_common/pico_stdio/stdio.c.obj
 .text.stdio_buffered_printer
                0x0000000010005394       0x64 CMakeFiles/pico_webserver.dir/pico-sdk/src/rp2_common/pico_stdio/stdio.c.obj
 .text.stdio_put_string.isra.0
                0x00000000100053f8       0xfc CMakeFiles/pico_webserver.dir/pico-sdk/src/rp2_common/pico_stdio/stdio.c.obj
 .text.__wrap_putchar
                0x00000000100054f4       0x98 CMakeFiles/pico_webserver.dir/pico-sdk/src/rp2_common/pico_stdio/stdio.c.obj
                0x00000000100054f4                __wrap_putchar
 .text.__wrap_puts
                0x000000001000558c       0x3c CMakeFiles/pico_webserver.dir/pico-sdk/src/rp2_common/pico_stdio/stdio.c.obj
                0x000000001000558c                __wrap_puts
 .text.__wrap_vprintf
                0x00000000100055c8       0xd8 CMakeFiles/pico_webserver.dir/pico-sdk/src/rp2_common/pico_stdio/stdio.c.obj
                0x00000000100055c8                __wrap_vprintf
 .text.__wrap_printf
                0x00000000100056a0       0x18 CMakeFiles/pico_webserver.dir/pico-sdk/src/rp2_common/pico_stdio/stdio.c.obj
                0x00000000100056a0                __wrap_printf
 .text.startup._retrieve_unique_id_on_boot
                0x00000000100056b8       0x10 CMakeFiles/pico_webserver.dir/pico-sdk/src/rp2_common/pico_unique_id/unique_id.c.obj
 .text.pico_get_unique_board_id
                0x00000000100056c8       0x10 CMakeFiles/pico_webserver.dir/pico-sdk/src/rp2_common/pico_unique_id/unique_id.c.obj
                0x00000000100056c8                pico_get_unique_board_id
 .text.flash_get_unique_id
                0x00000000100056d8       0x40 CMakeFiles/pico_webserver.dir/pico-sdk/src/rp2_common/hardware_flash/flash.c.obj
                0x00000000100056d8                flash_get_unique_id
 .text.dcd_int_enable
                0x0000000010005718        0xc CMakeFiles/pico_webserver.dir/pico-sdk/lib/tinyusb/src/portable/raspberrypi/rp2040/dcd_rp2040.c.obj
                0x0000000010005718                dcd_int_enable
 .text.dcd_set_address
                0x0000000010005724       0x14 CMakeFiles/pico_webserver.dir/pico-sdk/lib/tinyusb/src/portable/raspberrypi/rp2040/dcd_rp2040.c.obj
                0x0000000010005724                dcd_set_address
 .text.dcd_connect
                0x0000000010005738       0x10 CMakeFiles/pico_webserver.dir/pico-sdk/lib/tinyusb/src/portable/raspberrypi/rp2040/dcd_rp2040.c.obj
                0x0000000010005738                dcd_connect
 .text.dcd_init
                0x0000000010005748       0x98 CMakeFiles/pico_webserver.dir/pico-sdk/lib/tinyusb/src/portable/raspberrypi/rp2040/dcd_rp2040.c.obj
                0x0000000010005748                dcd_init
 .text.dcd_edpt0_status_complete
                0x00000000100057e0       0x1c CMakeFiles/pico_webserver.dir/pico-sdk/lib/tinyusb/src/portable/raspberrypi/rp2040/dcd_rp2040.c.obj
                0x00000000100057e0                dcd_edpt0_status_complete
 .text.dcd_edpt_open
                0x00000000100057fc      0x108 CMakeFiles/pico_webserver.dir/pico-sdk/lib/tinyusb/src/portable/raspberrypi/rp2040/dcd_rp2040.c.obj
                0x00000000100057fc                dcd_edpt_open
 .text.dcd_edpt_close_all
                0x0000000010005904        0x8 CMakeFiles/pico_webserver.dir/pico-sdk/lib/tinyusb/src/portable/raspberrypi/rp2040/dcd_rp2040.c.obj
                0x0000000010005904                dcd_edpt_close_all
 .text.dcd_edpt_xfer
                0x000000001000590c       0x24 CMakeFiles/pico_webserver.dir/pico-sdk/lib/tinyusb/src/portable/raspberrypi/rp2040/dcd_rp2040.c.obj
                0x000000001000590c                dcd_edpt_xfer
 .text.dcd_edpt_stall
                0x0000000010005930       0x38 CMakeFiles/pico_webserver.dir/pico-sdk/lib/tinyusb/src/portable/raspberrypi/rp2040/dcd_rp2040.c.obj
                0x0000000010005930                dcd_edpt_stall
 .text.dcd_edpt_clear_stall
                0x0000000010005968       0x30 CMakeFiles/pico_webserver.dir/pico-sdk/lib/tinyusb/src/portable/raspberrypi/rp2040/dcd_rp2040.c.obj
                0x0000000010005968                dcd_edpt_clear_stall
 .text.rp2040_usb_init
                0x0000000010005998       0x4c CMakeFiles/pico_webserver.dir/pico-sdk/lib/tinyusb/src/portable/raspberrypi/rp2040/rp2040_usb.c.obj
                0x0000000010005998                rp2040_usb_init
 .text.hw_endpoint_xfer_start
                0x00000000100059e4       0x50 CMakeFiles/pico_webserver.dir/pico-sdk/lib/tinyusb/src/portable/raspberrypi/rp2040/rp2040_usb.c.obj
                0x00000000100059e4                hw_endpoint_xfer_start
 .text.tud_mounted
                0x0000000010005a34       0x10 CMakeFiles/pico_webserver.dir/pico-sdk/lib/tinyusb/src/device/usbd.c.obj
                0x0000000010005a34                tud_mounted
 .text.tud_suspended
                0x0000000010005a44       0x10 CMakeFiles/pico_webserver.dir/pico-sdk/lib/tinyusb/src/device/usbd.c.obj
                0x0000000010005a44                tud_suspended
 .text.tud_inited
                0x0000000010005a54       0x14 CMakeFiles/pico_webserver.dir/pico-sdk/lib/tinyusb/src/device/usbd.c.obj
                0x0000000010005a54                tud_inited
 .text.tud_init
                0x0000000010005a68       0xe4 CMakeFiles/pico_webserver.dir/pico-sdk/lib/tinyusb/src/device/usbd.c.obj
                0x0000000010005a68                tud_init
 .text.tud_task_ext
                0x0000000010005b4c      0x870 CMakeFiles/pico_webserver.dir/pico-sdk/lib/tinyusb/src/device/usbd.c.obj
                0x0000000010005b4c                tud_task_ext
 .text.usbd_open_edpt_pair
                0x00000000100063bc       0x9c CMakeFiles/pico_webserver.dir/pico-sdk/lib/tinyusb/src/device/usbd.c.obj
                0x00000000100063bc                usbd_open_edpt_pair
 .text.usbd_edpt_open
                0x0000000010006458       0x34 CMakeFiles/pico_webserver.dir/pico-sdk/lib/tinyusb/src/device/usbd.c.obj
                0x0000000010006458                usbd_edpt_open
 .text.usbd_edpt_xfer
                0x000000001000648c       0x4c CMakeFiles/pico_webserver.dir/pico-sdk/lib/tinyusb/src/device/usbd.c.obj
                0x000000001000648c                usbd_edpt_xfer
 .text.usbd_edpt_busy
                0x00000000100064d8       0x1c CMakeFiles/pico_webserver.dir/pico-sdk/lib/tinyusb/src/device/usbd.c.obj
                0x00000000100064d8                usbd_edpt_busy
 .text.tud_control_status
                0x00000000100064f4       0x30 CMakeFiles/pico_webserver.dir/pico-sdk/lib/tinyusb/src/device/usbd_control.c.obj
                0x00000000100064f4                tud_control_status
 .text.tud_control_xfer
                0x0000000010006524       0xbc CMakeFiles/pico_webserver.dir/pico-sdk/lib/tinyusb/src/device/usbd_control.c.obj
                0x0000000010006524                tud_control_xfer
 .text.usbd_control_reset
                0x00000000100065e0       0x14 CMakeFiles/pico_webserver.dir/pico-sdk/lib/tinyusb/src/device/usbd_control.c.obj
                0x00000000100065e0                usbd_control_reset
 .text.usbd_control_set_complete_callback
                0x00000000100065f4        0xc CMakeFiles/pico_webserver.dir/pico-sdk/lib/tinyusb/src/device/usbd_control.c.obj
                0x00000000100065f4                usbd_control_set_complete_callback
 .text.usbd_control_set_request
                0x0000000010006600       0x1c CMakeFiles/pico_webserver.dir/pico-sdk/lib/tinyusb/src/device/usbd_control.c.obj
                0x0000000010006600                usbd_control_set_request
 .text.usbd_control_xfer_cb
                0x000000001000661c       0xfc CMakeFiles/pico_webserver.dir/pico-sdk/lib/tinyusb/src/device/usbd_control.c.obj
                0x000000001000661c                usbd_control_xfer_cb
 .text.tud_network_recv_renew
                0x0000000010006718       0x20 CMakeFiles/pico_webserver.dir/pico-sdk/lib/tinyusb/src/class/net/ecm_rndis_device.c.obj
                0x0000000010006718                tud_network_recv_renew
 .text.netd_report
                0x0000000010006738       0x24 CMakeFiles/pico_webserver.dir/pico-sdk/lib/tinyusb/src/class/net/ecm_rndis_device.c.obj
                0x0000000010006738                netd_report
 .text.netd_init
                0x000000001000675c       0x14 CMakeFiles/pico_webserver.dir/pico-sdk/lib/tinyusb/src/class/net/ecm_rndis_device.c.obj
                0x000000001000675c                netd_init
 .text.netd_reset
                0x0000000010006770       0x14 CMakeFiles/pico_webserver.dir/pico-sdk/lib/tinyusb/src/class/net/ecm_rndis_device.c.obj
                0x0000000010006770                netd_reset
 .text.netd_open
                0x0000000010006784      0x11c CMakeFiles/pico_webserver.dir/pico-sdk/lib/tinyusb/src/class/net/ecm_rndis_device.c.obj
                0x0000000010006784                netd_open
 .text.netd_control_xfer_cb
                0x00000000100068a0      0x174 CMakeFiles/pico_webserver.dir/pico-sdk/lib/tinyusb/src/class/net/ecm_rndis_device.c.obj
                0x00000000100068a0                netd_control_xfer_cb
 .text.netd_xfer_cb
                0x0000000010006a14       0xec CMakeFiles/pico_webserver.dir/pico-sdk/lib/tinyusb/src/class/net/ecm_rndis_device.c.obj
                0x0000000010006a14                netd_xfer_cb
 .text.tud_network_can_xmit
                0x0000000010006b00        0xc CMakeFiles/pico_webserver.dir/pico-sdk/lib/tinyusb/src/class/net/ecm_rndis_device.c.obj
                0x0000000010006b00                tud_network_can_xmit
 .text.tud_network_xmit
                0x0000000010006b0c       0x98 CMakeFiles/pico_webserver.dir/pico-sdk/lib/tinyusb/src/class/net/ecm_rndis_device.c.obj
                0x0000000010006b0c                tud_network_xmit
 .text.tusb_init
                0x0000000010006ba4        0xc CMakeFiles/pico_webserver.dir/pico-sdk/lib/tinyusb/src/tusb.c.obj
                0x0000000010006ba4                tusb_init
 .text.tusb_inited
                0x0000000010006bb0        0x8 CMakeFiles/pico_webserver.dir/pico-sdk/lib/tinyusb/src/tusb.c.obj
                0x0000000010006bb0                tusb_inited
 .text.tu_edpt_validate
                0x0000000010006bb8       0x78 CMakeFiles/pico_webserver.dir/pico-sdk/lib/tinyusb/src/tusb.c.obj
                0x0000000010006bb8                tu_edpt_validate
 .text.tu_edpt_bind_driver
                0x0000000010006c30       0x34 CMakeFiles/pico_webserver.dir/pico-sdk/lib/tinyusb/src/tusb.c.obj
                0x0000000010006c30                tu_edpt_bind_driver
 .text.tu_fifo_read
                0x0000000010006c64       0xa0 CMakeFiles/pico_webserver.dir/pico-sdk/lib/tinyusb/src/common/tusb_fifo.c.obj
                0x0000000010006c64                tu_fifo_read
 .text.tu_fifo_write
                0x0000000010006d04       0x88 CMakeFiles/pico_webserver.dir/pico-sdk/lib/tinyusb/src/common/tusb_fifo.c.obj
                0x0000000010006d04                tu_fifo_write
 .text.tu_fifo_clear
                0x0000000010006d8c       0x40 CMakeFiles/pico_webserver.dir/pico-sdk/lib/tinyusb/src/common/tusb_fifo.c.obj
                0x0000000010006d8c                tu_fifo_clear
 .text.lwip_timeout_reached
                0x0000000010006dcc        0x8 CMakeFiles/pico_webserver.dir/pico-sdk/src/rp2_common/pico_lwip/lwip_nosys.c.obj
 .text.update_next_timeout
                0x0000000010006dd4       0x6c CMakeFiles/pico_webserver.dir/pico-sdk/src/rp2_common/pico_lwip/lwip_nosys.c.obj
 .text.lwip_nosys_init
                0x0000000010006e40       0x30 CMakeFiles/pico_webserver.dir/pico-sdk/src/rp2_common/pico_lwip/lwip_nosys.c.obj
                0x0000000010006e40                lwip_nosys_init
 .text.lwip_nosys_deinit
                0x0000000010006e70       0x20 CMakeFiles/pico_webserver.dir/pico-sdk/src/rp2_common/pico_lwip/lwip_nosys.c.obj
                0x0000000010006e70                lwip_nosys_deinit
 .text.sys_arch_protect
                0x0000000010006e90        0x4 CMakeFiles/pico_webserver.dir/pico-sdk/src/rp2_common/pico_lwip/lwip_nosys.c.obj
                0x0000000010006e90                sys_arch_protect
 .text.sys_arch_unprotect
                0x0000000010006e94        0x4 CMakeFiles/pico_webserver.dir/pico-sdk/src/rp2_common/pico_lwip/lwip_nosys.c.obj
                0x0000000010006e94                sys_arch_unprotect
 .text.sys_now  0x0000000010006e98       0x20 CMakeFiles/pico_webserver.dir/pico-sdk/src/rp2_common/pico_lwip/lwip_nosys.c.obj
                0x0000000010006e98                sys_now
 .text.async_context_base_add_at_time_worker
                0x0000000010006eb8       0x28 CMakeFiles/pico_webserver.dir/pico-sdk/src/rp2_common/pico_async_context/async_context_base.c.obj
                0x0000000010006eb8                async_context_base_add_at_time_worker
 .text.async_context_base_remove_at_time_worker
                0x0000000010006ee0       0x28 CMakeFiles/pico_webserver.dir/pico-sdk/src/rp2_common/pico_async_context/async_context_base.c.obj
                0x0000000010006ee0                async_context_base_remove_at_time_worker
 .text.async_context_base_add_when_pending_worker
                0x0000000010006f08       0x24 CMakeFiles/pico_webserver.dir/pico-sdk/src/rp2_common/pico_async_context/async_context_base.c.obj
                0x0000000010006f08                async_context_base_add_when_pending_worker
 .text.async_context_base_remove_when_pending_worker
                0x0000000010006f2c       0x28 CMakeFiles/pico_webserver.dir/pico-sdk/src/rp2_common/pico_async_context/async_context_base.c.obj
                0x0000000010006f2c                async_context_base_remove_when_pending_worker
 .text.async_context_base_execute_once
                0x0000000010006f54       0xe8 CMakeFiles/pico_webserver.dir/pico-sdk/src/rp2_common/pico_async_context/async_context_base.c.obj
                0x0000000010006f54                async_context_base_execute_once
 .text.async_context_base_needs_servicing
                0x000000001000703c       0x54 CMakeFiles/pico_webserver.dir/pico-sdk/src/rp2_common/pico_async_context/async_context_base.c.obj
                0x000000001000703c                async_context_base_needs_servicing
 .text.lwip_init
                0x0000000010007090       0x20 CMakeFiles/pico_webserver.dir/pico-sdk/lib/lwip/src/core/init.c.obj
                0x0000000010007090                lwip_init
 .text.lwip_htons
                0x00000000100070b0        0x8 CMakeFiles/pico_webserver.dir/pico-sdk/lib/lwip/src/core/def.c.obj
                0x00000000100070b0                lwip_htons
 .text.lwip_htonl
                0x00000000100070b8        0x4 CMakeFiles/pico_webserver.dir/pico-sdk/lib/lwip/src/core/def.c.obj
                0x00000000100070b8                lwip_htonl
 .text.lwip_strnstr
                0x00000000100070bc       0x5c CMakeFiles/pico_webserver.dir/pico-sdk/lib/lwip/src/core/def.c.obj
                0x00000000100070bc                lwip_strnstr
 .text.lwip_stricmp
                0x0000000010007118       0x34 CMakeFiles/pico_webserver.dir/pico-sdk/lib/lwip/src/core/def.c.obj
                0x0000000010007118                lwip_stricmp
 .text.lwip_standard_chksum
                0x000000001000714c       0x80 CMakeFiles/pico_webserver.dir/pico-sdk/lib/lwip/src/core/inet_chksum.c.obj
                0x000000001000714c                lwip_standard_chksum
 .text.inet_chksum_pseudo
                0x00000000100071cc       0xb4 CMakeFiles/pico_webserver.dir/pico-sdk/lib/lwip/src/core/inet_chksum.c.obj
                0x00000000100071cc                inet_chksum_pseudo
 .text.ip_chksum_pseudo
                0x0000000010007280       0x10 CMakeFiles/pico_webserver.dir/pico-sdk/lib/lwip/src/core/inet_chksum.c.obj
                0x0000000010007280                ip_chksum_pseudo
 .text.inet_chksum
                0x0000000010007290       0x8c CMakeFiles/pico_webserver.dir/pico-sdk/lib/lwip/src/core/inet_chksum.c.obj
                0x0000000010007290                inet_chksum
 .text.inet_chksum_pbuf
                0x000000001000731c       0x6c CMakeFiles/pico_webserver.dir/pico-sdk/lib/lwip/src/core/inet_chksum.c.obj
                0x000000001000731c                inet_chksum_pbuf
 .text.mem_init
                0x0000000010007388       0x48 CMakeFiles/pico_webserver.dir/pico-sdk/lib/lwip/src/core/mem.c.obj
                0x0000000010007388                mem_init
 .text.mem_free
                0x00000000100073d0      0x128 CMakeFiles/pico_webserver.dir/pico-sdk/lib/lwip/src/core/mem.c.obj
                0x00000000100073d0                mem_free
 .text.mem_trim
                0x00000000100074f8      0x144 CMakeFiles/pico_webserver.dir/pico-sdk/lib/lwip/src/core/mem.c.obj
                0x00000000100074f8                mem_trim
 .text.mem_malloc
                0x000000001000763c      0x130 CMakeFiles/pico_webserver.dir/pico-sdk/lib/lwip/src/core/mem.c.obj
                0x000000001000763c                mem_malloc
 .text.memp_init
                0x000000001000776c       0x94 CMakeFiles/pico_webserver.dir/pico-sdk/lib/lwip/src/core/memp.c.obj
                0x000000001000776c                memp_init
 .text.memp_malloc
                0x0000000010007800       0x4c CMakeFiles/pico_webserver.dir/pico-sdk/lib/lwip/src/core/memp.c.obj
                0x0000000010007800                memp_malloc
 .text.memp_free
                0x000000001000784c       0x30 CMakeFiles/pico_webserver.dir/pico-sdk/lib/lwip/src/core/memp.c.obj
                0x000000001000784c                memp_free
 .text.netif_null_output_ip4
                0x000000001000787c        0x8 CMakeFiles/pico_webserver.dir/pico-sdk/lib/lwip/src/core/netif.c.obj
 .text.netif_init
                0x0000000010007884        0x4 CMakeFiles/pico_webserver.dir/pico-sdk/lib/lwip/src/core/netif.c.obj
                0x0000000010007884                netif_init
 .text.netif_set_addr
                0x0000000010007888       0xc4 CMakeFiles/pico_webserver.dir/pico-sdk/lib/lwip/src/core/netif.c.obj
                0x0000000010007888                netif_set_addr
 .text.netif_add
                0x000000001000794c       0xf8 CMakeFiles/pico_webserver.dir/pico-sdk/lib/lwip/src/core/netif.c.obj
                0x000000001000794c                netif_add
 .text.netif_remove
                0x0000000010007a44       0x88 CMakeFiles/pico_webserver.dir/pico-sdk/lib/lwip/src/core/netif.c.obj
                0x0000000010007a44                netif_remove
 .text.netif_set_default
                0x0000000010007acc        0xc CMakeFiles/pico_webserver.dir/pico-sdk/lib/lwip/src/core/netif.c.obj
                0x0000000010007acc                netif_set_default
 .text.netif_set_up
                0x0000000010007ad8       0x14 CMakeFiles/pico_webserver.dir/pico-sdk/lib/lwip/src/core/netif.c.obj
                0x0000000010007ad8                netif_set_up
 .text.netif_set_link_up
                0x0000000010007aec       0x1c CMakeFiles/pico_webserver.dir/pico-sdk/lib/lwip/src/core/netif.c.obj
                0x0000000010007aec                netif_set_link_up
 .text.netif_set_link_down
                0x0000000010007b08       0x1c CMakeFiles/pico_webserver.dir/pico-sdk/lib/lwip/src/core/netif.c.obj
                0x0000000010007b08                netif_set_link_down
 .text.netif_get_by_index
                0x0000000010007b24       0x2c CMakeFiles/pico_webserver.dir/pico-sdk/lib/lwip/src/core/netif.c.obj
                0x0000000010007b24                netif_get_by_index
 .text.pbuf_free.part.0
                0x0000000010007b50       0x80 CMakeFiles/pico_webserver.dir/pico-sdk/lib/lwip/src/core/pbuf.c.obj
 .text.pbuf_free_ooseq
                0x0000000010007bd0       0x34 CMakeFiles/pico_webserver.dir/pico-sdk/lib/lwip/src/core/pbuf.c.obj
                0x0000000010007bd0                pbuf_free_ooseq
 .text.pbuf_alloc
                0x0000000010007c04      0x12c CMakeFiles/pico_webserver.dir/pico-sdk/lib/lwip/src/core/pbuf.c.obj
                0x0000000010007c04                pbuf_alloc
 .text.pbuf_alloced_custom
                0x0000000010007d30       0x38 CMakeFiles/pico_webserver.dir/pico-sdk/lib/lwip/src/core/pbuf.c.obj
                0x0000000010007d30                pbuf_alloced_custom
 .text.pbuf_realloc
                0x0000000010007d68       0x70 CMakeFiles/pico_webserver.dir/pico-sdk/lib/lwip/src/core/pbuf.c.obj
                0x0000000010007d68                pbuf_realloc
 .text.pbuf_add_header
                0x0000000010007dd8       0x4c CMakeFiles/pico_webserver.dir/pico-sdk/lib/lwip/src/core/pbuf.c.obj
                0x0000000010007dd8                pbuf_add_header
 .text.pbuf_remove_header
                0x0000000010007e24       0x38 CMakeFiles/pico_webserver.dir/pico-sdk/lib/lwip/src/core/pbuf.c.obj
                0x0000000010007e24                pbuf_remove_header
 .text.pbuf_header_force
                0x0000000010007e5c       0x6c CMakeFiles/pico_webserver.dir/pico-sdk/lib/lwip/src/core/pbuf.c.obj
                0x0000000010007e5c                pbuf_header_force
 .text.pbuf_free
                0x0000000010007ec8       0x10 CMakeFiles/pico_webserver.dir/pico-sdk/lib/lwip/src/core/pbuf.c.obj
                0x0000000010007ec8                pbuf_free
 .text.pbuf_clen
                0x0000000010007ed8       0x14 CMakeFiles/pico_webserver.dir/pico-sdk/lib/lwip/src/core/pbuf.c.obj
                0x0000000010007ed8                pbuf_clen
 .text.pbuf_ref
                0x0000000010007eec       0x18 CMakeFiles/pico_webserver.dir/pico-sdk/lib/lwip/src/core/pbuf.c.obj
                0x0000000010007eec                pbuf_ref
 .text.pbuf_cat
                0x0000000010007f04       0x2c CMakeFiles/pico_webserver.dir/pico-sdk/lib/lwip/src/core/pbuf.c.obj
                0x0000000010007f04                pbuf_cat
 .text.pbuf_chain
                0x0000000010007f30       0x44 CMakeFiles/pico_webserver.dir/pico-sdk/lib/lwip/src/core/pbuf.c.obj
                0x0000000010007f30                pbuf_chain
 .text.pbuf_copy_partial_pbuf
                0x0000000010007f74      0x11c CMakeFiles/pico_webserver.dir/pico-sdk/lib/lwip/src/core/pbuf.c.obj
                0x0000000010007f74                pbuf_copy_partial_pbuf
 .text.pbuf_copy
                0x0000000010008090       0x18 CMakeFiles/pico_webserver.dir/pico-sdk/lib/lwip/src/core/pbuf.c.obj
                0x0000000010008090                pbuf_copy
 .text.pbuf_copy_partial
                0x00000000100080a8       0x70 CMakeFiles/pico_webserver.dir/pico-sdk/lib/lwip/src/core/pbuf.c.obj
                0x00000000100080a8                pbuf_copy_partial
 .text.pbuf_take
                0x0000000010008118       0x54 CMakeFiles/pico_webserver.dir/pico-sdk/lib/lwip/src/core/pbuf.c.obj
                0x0000000010008118                pbuf_take
 .text.pbuf_clone
                0x000000001000816c       0x20 CMakeFiles/pico_webserver.dir/pico-sdk/lib/lwip/src/core/pbuf.c.obj
                0x000000001000816c                pbuf_clone
 .text.raw_input
                0x000000001000818c      0x12c CMakeFiles/pico_webserver.dir/pico-sdk/lib/lwip/src/core/raw.c.obj
                0x000000001000818c                raw_input
 .text.raw_netif_ip_addr_changed
                0x00000000100082b8       0x40 CMakeFiles/pico_webserver.dir/pico-sdk/lib/lwip/src/core/raw.c.obj
                0x00000000100082b8                raw_netif_ip_addr_changed
 .text.stats_init
                0x00000000100082f8        0x4 CMakeFiles/pico_webserver.dir/pico-sdk/lib/lwip/src/core/stats.c.obj
                0x00000000100082f8                stats_init
 .text.tcp_close_shutdown_fin
                0x00000000100082fc       0x4c CMakeFiles/pico_webserver.dir/pico-sdk/lib/lwip/src/core/tcp.c.obj
 .text.tcp_pcb_purge.part.0
                0x0000000010008348       0xc4 CMakeFiles/pico_webserver.dir/pico-sdk/lib/lwip/src/core/tcp.c.obj
 .text.tcp_init
                0x000000001000840c        0x4 CMakeFiles/pico_webserver.dir/pico-sdk/lib/lwip/src/core/tcp.c.obj
                0x000000001000840c                tcp_init
 .text.tcp_free
                0x0000000010008410        0xc CMakeFiles/pico_webserver.dir/pico-sdk/lib/lwip/src/core/tcp.c.obj
                0x0000000010008410                tcp_free
 .text.tcp_bind
                0x000000001000841c       0xf8 CMakeFiles/pico_webserver.dir/pico-sdk/lib/lwip/src/core/tcp.c.obj
                0x000000001000841c                tcp_bind
 .text.tcp_listen_with_backlog
                0x0000000010008514       0x88 CMakeFiles/pico_webserver.dir/pico-sdk/lib/lwip/src/core/tcp.c.obj
                0x0000000010008514                tcp_listen_with_backlog
 .text.tcp_update_rcv_ann_wnd
                0x000000001000859c       0x3c CMakeFiles/pico_webserver.dir/pico-sdk/lib/lwip/src/core/tcp.c.obj
                0x000000001000859c                tcp_update_rcv_ann_wnd
 .text.tcp_recved
                0x00000000100085d8       0x78 CMakeFiles/pico_webserver.dir/pico-sdk/lib/lwip/src/core/tcp.c.obj
                0x00000000100085d8                tcp_recved
 .text.tcp_slowtmr
                0x0000000010008650      0x42c CMakeFiles/pico_webserver.dir/pico-sdk/lib/lwip/src/core/tcp.c.obj
                0x0000000010008650                tcp_slowtmr
 .text.tcp_segs_free
                0x0000000010008a7c       0x38 CMakeFiles/pico_webserver.dir/pico-sdk/lib/lwip/src/core/tcp.c.obj
                0x0000000010008a7c                tcp_segs_free
 .text.tcp_seg_free
                0x0000000010008ab4       0x1c CMakeFiles/pico_webserver.dir/pico-sdk/lib/lwip/src/core/tcp.c.obj
                0x0000000010008ab4                tcp_seg_free
 .text.tcp_setprio
                0x0000000010008ad0        0x8 CMakeFiles/pico_webserver.dir/pico-sdk/lib/lwip/src/core/tcp.c.obj
                0x0000000010008ad0                tcp_setprio
 .text.tcp_seg_copy
                0x0000000010008ad8       0x20 CMakeFiles/pico_webserver.dir/pico-sdk/lib/lwip/src/core/tcp.c.obj
                0x0000000010008ad8                tcp_seg_copy
 .text.tcp_arg  0x0000000010008af8        0x8 CMakeFiles/pico_webserver.dir/pico-sdk/lib/lwip/src/core/tcp.c.obj
                0x0000000010008af8                tcp_arg
 .text.tcp_recv
                0x0000000010008b00        0xc CMakeFiles/pico_webserver.dir/pico-sdk/lib/lwip/src/core/tcp.c.obj
                0x0000000010008b00                tcp_recv
 .text.tcp_sent
                0x0000000010008b0c        0xc CMakeFiles/pico_webserver.dir/pico-sdk/lib/lwip/src/core/tcp.c.obj
                0x0000000010008b0c                tcp_sent
 .text.tcp_err  0x0000000010008b18        0xc CMakeFiles/pico_webserver.dir/pico-sdk/lib/lwip/src/core/tcp.c.obj
                0x0000000010008b18                tcp_err
 .text.tcp_accept
                0x0000000010008b24       0x10 CMakeFiles/pico_webserver.dir/pico-sdk/lib/lwip/src/core/tcp.c.obj
                0x0000000010008b24                tcp_accept
 .text.tcp_poll
                0x0000000010008b34        0xc CMakeFiles/pico_webserver.dir/pico-sdk/lib/lwip/src/core/tcp.c.obj
                0x0000000010008b34                tcp_poll
 .text.tcp_pcb_purge
                0x0000000010008b40       0x18 CMakeFiles/pico_webserver.dir/pico-sdk/lib/lwip/src/core/tcp.c.obj
                0x0000000010008b40                tcp_pcb_purge
 .text.tcp_pcb_remove
                0x0000000010008b58       0x78 CMakeFiles/pico_webserver.dir/pico-sdk/lib/lwip/src/core/tcp.c.obj
                0x0000000010008b58                tcp_pcb_remove
 .text.tcp_abandon
                0x0000000010008bd0      0x184 CMakeFiles/pico_webserver.dir/pico-sdk/lib/lwip/src/core/tcp.c.obj
                0x0000000010008bd0                tcp_abandon
 .text.tcp_abort
                0x0000000010008d54        0xc CMakeFiles/pico_webserver.dir/pico-sdk/lib/lwip/src/core/tcp.c.obj
                0x0000000010008d54                tcp_abort
 .text.tcp_accept_null
                0x0000000010008d60       0x10 CMakeFiles/pico_webserver.dir/pico-sdk/lib/lwip/src/core/tcp.c.obj
 .text.tcp_alloc
                0x0000000010008d70      0x1f8 CMakeFiles/pico_webserver.dir/pico-sdk/lib/lwip/src/core/tcp.c.obj
                0x0000000010008d70                tcp_alloc
 .text.tcp_new_ip_type
                0x0000000010008f68      0x1d8 CMakeFiles/pico_webserver.dir/pico-sdk/lib/lwip/src/core/tcp.c.obj
                0x0000000010008f68                tcp_new_ip_type
 .text.tcp_close_shutdown
                0x0000000010009140      0x14c CMakeFiles/pico_webserver.dir/pico-sdk/lib/lwip/src/core/tcp.c.obj
 .text.tcp_recv_null
                0x000000001000928c       0xa8 CMakeFiles/pico_webserver.dir/pico-sdk/lib/lwip/src/core/tcp.c.obj
                0x000000001000928c                tcp_recv_null
 .text.tcp_process_refused_data
                0x0000000010009334       0xe8 CMakeFiles/pico_webserver.dir/pico-sdk/lib/lwip/src/core/tcp.c.obj
                0x0000000010009334                tcp_process_refused_data
 .text.tcp_fasttmr
                0x000000001000941c       0x98 CMakeFiles/pico_webserver.dir/pico-sdk/lib/lwip/src/core/tcp.c.obj
                0x000000001000941c                tcp_fasttmr
 .text.tcp_tmr  0x00000000100094b4       0x20 CMakeFiles/pico_webserver.dir/pico-sdk/lib/lwip/src/core/tcp.c.obj
                0x00000000100094b4                tcp_tmr
 .text.tcp_close
                0x00000000100094d4      0x15c CMakeFiles/pico_webserver.dir/pico-sdk/lib/lwip/src/core/tcp.c.obj
                0x00000000100094d4                tcp_close
 .text.tcp_next_iss
                0x0000000010009630       0x18 CMakeFiles/pico_webserver.dir/pico-sdk/lib/lwip/src/core/tcp.c.obj
                0x0000000010009630                tcp_next_iss
 .text.tcp_eff_send_mss_netif
                0x0000000010009648       0x28 CMakeFiles/pico_webserver.dir/pico-sdk/lib/lwip/src/core/tcp.c.obj
                0x0000000010009648                tcp_eff_send_mss_netif
 .text.tcp_netif_ip_addr_changed
                0x0000000010009670       0x9c CMakeFiles/pico_webserver.dir/pico-sdk/lib/lwip/src/core/tcp.c.obj
                0x0000000010009670                tcp_netif_ip_addr_changed
 .text.tcp_free_ooseq
                0x000000001000970c       0x40 CMakeFiles/pico_webserver.dir/pico-sdk/lib/lwip/src/core/tcp.c.obj
                0x000000001000970c                tcp_free_ooseq
 .text.tcp_parseopt
                0x000000001000974c      0x180 CMakeFiles/pico_webserver.dir/pico-sdk/lib/lwip/src/core/tcp_in.c.obj
 .text.tcp_oos_insert_segment
                0x00000000100098cc       0xd4 CMakeFiles/pico_webserver.dir/pico-sdk/lib/lwip/src/core/tcp_in.c.obj
 .text.tcp_receive
                0x00000000100099a0      0xa3c CMakeFiles/pico_webserver.dir/pico-sdk/lib/lwip/src/core/tcp_in.c.obj
 .text.tcp_input
                0x000000001000a3dc      0xc64 CMakeFiles/pico_webserver.dir/pico-sdk/lib/lwip/src/core/tcp_in.c.obj
                0x000000001000a3dc                tcp_input
 .text.tcp_trigger_input_pcb_close
                0x000000001000b040       0x10 CMakeFiles/pico_webserver.dir/pico-sdk/lib/lwip/src/core/tcp_in.c.obj
                0x000000001000b040                tcp_trigger_input_pcb_close
 .text.tcp_create_segment
                0x000000001000b050       0xd0 CMakeFiles/pico_webserver.dir/pico-sdk/lib/lwip/src/core/tcp_out.c.obj
 .text.tcp_output_control_segment
                0x000000001000b120       0xb4 CMakeFiles/pico_webserver.dir/pico-sdk/lib/lwip/src/core/tcp_out.c.obj
 .text.tcp_write
                0x000000001000b1d4      0x600 CMakeFiles/pico_webserver.dir/pico-sdk/lib/lwip/src/core/tcp_out.c.obj
                0x000000001000b1d4                tcp_write
 .text.tcp_split_unsent_seg
                0x000000001000b7d4      0x19c CMakeFiles/pico_webserver.dir/pico-sdk/lib/lwip/src/core/tcp_out.c.obj
                0x000000001000b7d4                tcp_split_unsent_seg
 .text.tcp_send_fin
                0x000000001000b970       0xe0 CMakeFiles/pico_webserver.dir/pico-sdk/lib/lwip/src/core/tcp_out.c.obj
                0x000000001000b970                tcp_send_fin
 .text.tcp_enqueue_flags
                0x000000001000ba50       0xa8 CMakeFiles/pico_webserver.dir/pico-sdk/lib/lwip/src/core/tcp_out.c.obj
                0x000000001000ba50                tcp_enqueue_flags
 .text.tcp_rexmit_rto_prepare
                0x000000001000baf8       0x8c CMakeFiles/pico_webserver.dir/pico-sdk/lib/lwip/src/core/tcp_out.c.obj
                0x000000001000baf8                tcp_rexmit_rto_prepare
 .text.tcp_rexmit
                0x000000001000bb84       0x90 CMakeFiles/pico_webserver.dir/pico-sdk/lib/lwip/src/core/tcp_out.c.obj
                0x000000001000bb84                tcp_rexmit
 .text.tcp_rexmit_fast
                0x000000001000bc14       0x58 CMakeFiles/pico_webserver.dir/pico-sdk/lib/lwip/src/core/tcp_out.c.obj
                0x000000001000bc14                tcp_rexmit_fast
 .text.tcp_rst  0x000000001000bc6c       0xbc CMakeFiles/pico_webserver.dir/pico-sdk/lib/lwip/src/core/tcp_out.c.obj
                0x000000001000bc6c                tcp_rst
 .text.tcp_rst_netif
                0x000000001000bd28       0xfc CMakeFiles/pico_webserver.dir/pico-sdk/lib/lwip/src/core/tcp_out.c.obj
                0x000000001000bd28                tcp_rst_netif
 .text.tcp_send_empty_ack
                0x000000001000be24       0xdc CMakeFiles/pico_webserver.dir/pico-sdk/lib/lwip/src/core/tcp_out.c.obj
                0x000000001000be24                tcp_send_empty_ack
 .text.tcp_output
                0x000000001000bf00      0x410 CMakeFiles/pico_webserver.dir/pico-sdk/lib/lwip/src/core/tcp_out.c.obj
                0x000000001000bf00                tcp_output
 .text.tcp_rexmit_rto_commit
                0x000000001000c310       0x14 CMakeFiles/pico_webserver.dir/pico-sdk/lib/lwip/src/core/tcp_out.c.obj
                0x000000001000c310                tcp_rexmit_rto_commit
 .text.tcp_rexmit_rto
                0x000000001000c324       0x98 CMakeFiles/pico_webserver.dir/pico-sdk/lib/lwip/src/core/tcp_out.c.obj
                0x000000001000c324                tcp_rexmit_rto
 .text.tcp_keepalive
                0x000000001000c3bc       0xc4 CMakeFiles/pico_webserver.dir/pico-sdk/lib/lwip/src/core/tcp_out.c.obj
                0x000000001000c3bc                tcp_keepalive
 .text.tcp_zero_window_probe
                0x000000001000c480      0x18c CMakeFiles/pico_webserver.dir/pico-sdk/lib/lwip/src/core/tcp_out.c.obj
                0x000000001000c480                tcp_zero_window_probe
 .text.tcpip_tcp_timer
                0x000000001000c60c       0x6c CMakeFiles/pico_webserver.dir/pico-sdk/lib/lwip/src/core/timeouts.c.obj
 .text.lwip_cyclic_timer
                0x000000001000c678       0x90 CMakeFiles/pico_webserver.dir/pico-sdk/lib/lwip/src/core/timeouts.c.obj
 .text.tcp_timer_needed
                0x000000001000c708       0x70 CMakeFiles/pico_webserver.dir/pico-sdk/lib/lwip/src/core/timeouts.c.obj
                0x000000001000c708                tcp_timer_needed
 .text.sys_timeouts_init
                0x000000001000c778       0x78 CMakeFiles/pico_webserver.dir/pico-sdk/lib/lwip/src/core/timeouts.c.obj
                0x000000001000c778                sys_timeouts_init
 .text.sys_check_timeouts
                0x000000001000c7f0       0x68 CMakeFiles/pico_webserver.dir/pico-sdk/lib/lwip/src/core/timeouts.c.obj
                0x000000001000c7f0                sys_check_timeouts
 .text.sys_timeouts_sleeptime
                0x000000001000c858       0x28 CMakeFiles/pico_webserver.dir/pico-sdk/lib/lwip/src/core/timeouts.c.obj
                0x000000001000c858                sys_timeouts_sleeptime
 .text.udp_init
                0x000000001000c880        0x4 CMakeFiles/pico_webserver.dir/pico-sdk/lib/lwip/src/core/udp.c.obj
                0x000000001000c880                udp_init
 .text.udp_input
                0x000000001000c884      0x234 CMakeFiles/pico_webserver.dir/pico-sdk/lib/lwip/src/core/udp.c.obj
                0x000000001000c884                udp_input
 .text.udp_bind
                0x000000001000cab8      0x10c CMakeFiles/pico_webserver.dir/pico-sdk/lib/lwip/src/core/udp.c.obj
                0x000000001000cab8                udp_bind
 .text.udp_sendto_if_src
                0x000000001000cbc4      0x120 CMakeFiles/pico_webserver.dir/pico-sdk/lib/lwip/src/core/udp.c.obj
                0x000000001000cbc4                udp_sendto_if_src
 .text.udp_sendto_if
                0x000000001000cce4       0x48 CMakeFiles/pico_webserver.dir/pico-sdk/lib/lwip/src/core/udp.c.obj
                0x000000001000cce4                udp_sendto_if
 .text.udp_sendto
                0x000000001000cd2c       0x7c CMakeFiles/pico_webserver.dir/pico-sdk/lib/lwip/src/core/udp.c.obj
                0x000000001000cd2c                udp_sendto
 .text.udp_connect
                0x000000001000cda8       0x64 CMakeFiles/pico_webserver.dir/pico-sdk/lib/lwip/src/core/udp.c.obj
                0x000000001000cda8                udp_connect
 .text.udp_recv
                0x000000001000ce0c        0xc CMakeFiles/pico_webserver.dir/pico-sdk/lib/lwip/src/core/udp.c.obj
                0x000000001000ce0c                udp_recv
 .text.udp_remove
                0x000000001000ce18       0x3c CMakeFiles/pico_webserver.dir/pico-sdk/lib/lwip/src/core/udp.c.obj
                0x000000001000ce18                udp_remove
 .text.udp_new  0x000000001000ce54       0x1c CMakeFiles/pico_webserver.dir/pico-sdk/lib/lwip/src/core/udp.c.obj
                0x000000001000ce54                udp_new
 .text.udp_netif_ip_addr_changed
                0x000000001000ce70       0x40 CMakeFiles/pico_webserver.dir/pico-sdk/lib/lwip/src/core/udp.c.obj
                0x000000001000ce70                udp_netif_ip_addr_changed
 .text.dhcp_create_msg
                0x000000001000ceb0      0x144 CMakeFiles/pico_webserver.dir/pico-sdk/lib/lwip/src/core/ipv4/dhcp.c.obj
 .text.dhcp_bind
                0x000000001000cff4      0x140 CMakeFiles/pico_webserver.dir/pico-sdk/lib/lwip/src/core/ipv4/dhcp.c.obj
 .text.dhcp_handle_ack.isra.0
                0x000000001000d134       0xa0 CMakeFiles/pico_webserver.dir/pico-sdk/lib/lwip/src/core/ipv4/dhcp.c.obj
 .text.dhcp_discover
                0x000000001000d1d4      0x10c CMakeFiles/pico_webserver.dir/pico-sdk/lib/lwip/src/core/ipv4/dhcp.c.obj
 .text.dhcp_reboot.isra.0
                0x000000001000d2e0      0x1e0 CMakeFiles/pico_webserver.dir/pico-sdk/lib/lwip/src/core/ipv4/dhcp.c.obj
 .text.dhcp_select.isra.0
                0x000000001000d4c0      0x244 CMakeFiles/pico_webserver.dir/pico-sdk/lib/lwip/src/core/ipv4/dhcp.c.obj
 .text.dhcp_recv
                0x000000001000d704      0x414 CMakeFiles/pico_webserver.dir/pico-sdk/lib/lwip/src/core/ipv4/dhcp.c.obj
 .text.dhcp_conflict_callback
                0x000000001000db18      0x124 CMakeFiles/pico_webserver.dir/pico-sdk/lib/lwip/src/core/ipv4/dhcp.c.obj
 .text.dhcp_set_struct
                0x000000001000dc3c       0x18 CMakeFiles/pico_webserver.dir/pico-sdk/lib/lwip/src/core/ipv4/dhcp.c.obj
                0x000000001000dc3c                dhcp_set_struct
 .text.dhcp_network_changed_link_up
                0x000000001000dc54       0x30 CMakeFiles/pico_webserver.dir/pico-sdk/lib/lwip/src/core/ipv4/dhcp.c.obj
                0x000000001000dc54                dhcp_network_changed_link_up
 .text.dhcp_renew
                0x000000001000dc84      0x1a0 CMakeFiles/pico_webserver.dir/pico-sdk/lib/lwip/src/core/ipv4/dhcp.c.obj
                0x000000001000dc84                dhcp_renew
 .text.dhcp_release_and_stop
                0x000000001000de24      0x14c CMakeFiles/pico_webserver.dir/pico-sdk/lib/lwip/src/core/ipv4/dhcp.c.obj
                0x000000001000de24                dhcp_release_and_stop
 .text.dhcp_start
                0x000000001000df70      0x10c CMakeFiles/pico_webserver.dir/pico-sdk/lib/lwip/src/core/ipv4/dhcp.c.obj
                0x000000001000df70                dhcp_start
 .text.dhcp_coarse_tmr
                0x000000001000e07c      0x238 CMakeFiles/pico_webserver.dir/pico-sdk/lib/lwip/src/core/ipv4/dhcp.c.obj
                0x000000001000e07c                dhcp_coarse_tmr
 .text.dhcp_fine_tmr
                0x000000001000e2b4       0x78 CMakeFiles/pico_webserver.dir/pico-sdk/lib/lwip/src/core/ipv4/dhcp.c.obj
                0x000000001000e2b4                dhcp_fine_tmr
 .text.dhcp_stop
                0x000000001000e32c      0x14c CMakeFiles/pico_webserver.dir/pico-sdk/lib/lwip/src/core/ipv4/dhcp.c.obj
                0x000000001000e32c                dhcp_stop
 .text.etharp_find_entry
                0x000000001000e478     0x1dcc CMakeFiles/pico_webserver.dir/pico-sdk/lib/lwip/src/core/ipv4/etharp.c.obj
 .text.etharp_raw
                0x0000000010010244       0xc0 CMakeFiles/pico_webserver.dir/pico-sdk/lib/lwip/src/core/ipv4/etharp.c.obj
 .text.etharp_output_to_arp_index
                0x0000000010010304       0xd8 CMakeFiles/pico_webserver.dir/pico-sdk/lib/lwip/src/core/ipv4/etharp.c.obj
 .text.etharp_tmr
                0x00000000100103dc       0xa4 CMakeFiles/pico_webserver.dir/pico-sdk/lib/lwip/src/core/ipv4/etharp.c.obj
                0x00000000100103dc                etharp_tmr
 .text.etharp_cleanup_netif
                0x0000000010010480      0x188 CMakeFiles/pico_webserver.dir/pico-sdk/lib/lwip/src/core/ipv4/etharp.c.obj
                0x0000000010010480                etharp_cleanup_netif
 .text.etharp_input
                0x0000000010010608      0x1ac CMakeFiles/pico_webserver.dir/pico-sdk/lib/lwip/src/core/ipv4/etharp.c.obj
                0x0000000010010608                etharp_input
 .text.etharp_query
                0x00000000100107b4      0x188 CMakeFiles/pico_webserver.dir/pico-sdk/lib/lwip/src/core/ipv4/etharp.c.obj
                0x00000000100107b4                etharp_query
 .text.etharp_output
                0x000000001001093c      0x21c CMakeFiles/pico_webserver.dir/pico-sdk/lib/lwip/src/core/ipv4/etharp.c.obj
                0x000000001001093c                etharp_output
 .text.etharp_acd_probe
                0x0000000010010b58       0xc0 CMakeFiles/pico_webserver.dir/pico-sdk/lib/lwip/src/core/ipv4/etharp.c.obj
                0x0000000010010b58                etharp_acd_probe
 .text.etharp_acd_announce
                0x0000000010010c18       0xbc CMakeFiles/pico_webserver.dir/pico-sdk/lib/lwip/src/core/ipv4/etharp.c.obj
                0x0000000010010c18                etharp_acd_announce
 .text.icmp_input
                0x0000000010010cd4      0x1d8 CMakeFiles/pico_webserver.dir/pico-sdk/lib/lwip/src/core/ipv4/icmp.c.obj
                0x0000000010010cd4                icmp_input
 .text.icmp_dest_unreach
                0x0000000010010eac       0xbc CMakeFiles/pico_webserver.dir/pico-sdk/lib/lwip/src/core/ipv4/icmp.c.obj
                0x0000000010010eac                icmp_dest_unreach
 .text.icmp_time_exceeded
                0x0000000010010f68       0xbc CMakeFiles/pico_webserver.dir/pico-sdk/lib/lwip/src/core/ipv4/icmp.c.obj
                0x0000000010010f68                icmp_time_exceeded
 .text.ip_reass_free_complete_datagram
                0x0000000010011024       0xb8 CMakeFiles/pico_webserver.dir/pico-sdk/lib/lwip/src/core/ipv4/ip4_frag.c.obj
 .text.ip_reass_remove_oldest_datagram
                0x00000000100110dc       0xd8 CMakeFiles/pico_webserver.dir/pico-sdk/lib/lwip/src/core/ipv4/ip4_frag.c.obj
 .text.ipfrag_free_pbuf_custom
                0x00000000100111b4       0x18 CMakeFiles/pico_webserver.dir/pico-sdk/lib/lwip/src/core/ipv4/ip4_frag.c.obj
 .text.ip_reass_tmr
                0x00000000100111cc       0x38 CMakeFiles/pico_webserver.dir/pico-sdk/lib/lwip/src/core/ipv4/ip4_frag.c.obj
                0x00000000100111cc                ip_reass_tmr
 .text.ip4_reass
                0x0000000010011204      0x510 CMakeFiles/pico_webserver.dir/pico-sdk/lib/lwip/src/core/ipv4/ip4_frag.c.obj
                0x0000000010011204                ip4_reass
 .text.ip4_frag
                0x0000000010011714      0x1e8 CMakeFiles/pico_webserver.dir/pico-sdk/lib/lwip/src/core/ipv4/ip4_frag.c.obj
                0x0000000010011714                ip4_frag
 .text.ip4_route
                0x00000000100118fc       0x80 CMakeFiles/pico_webserver.dir/pico-sdk/lib/lwip/src/core/ipv4/ip4.c.obj
                0x00000000100118fc                ip4_route
 .text.ip4_input
                0x000000001001197c      0x2e8 CMakeFiles/pico_webserver.dir/pico-sdk/lib/lwip/src/core/ipv4/ip4.c.obj
                0x000000001001197c                ip4_input
 .text.ip4_output_if
                0x0000000010011c64      0x168 CMakeFiles/pico_webserver.dir/pico-sdk/lib/lwip/src/core/ipv4/ip4.c.obj
                0x0000000010011c64                ip4_output_if
 .text.ip4_output_if_src
                0x0000000010011dcc      0x158 CMakeFiles/pico_webserver.dir/pico-sdk/lib/lwip/src/core/ipv4/ip4.c.obj
                0x0000000010011dcc                ip4_output_if_src
 .text.ip4_addr_isbroadcast_u32
                0x0000000010011f24       0x3c CMakeFiles/pico_webserver.dir/pico-sdk/lib/lwip/src/core/ipv4/ip4_addr.c.obj
                0x0000000010011f24                ip4_addr_isbroadcast_u32
 .text.acd_add  0x0000000010011f60       0x24 CMakeFiles/pico_webserver.dir/pico-sdk/lib/lwip/src/core/ipv4/acd.c.obj
                0x0000000010011f60                acd_add
 .text.acd_remove
                0x0000000010011f84       0x28 CMakeFiles/pico_webserver.dir/pico-sdk/lib/lwip/src/core/ipv4/acd.c.obj
                0x0000000010011f84                acd_remove
 .text.acd_start
                0x0000000010011fac       0x38 CMakeFiles/pico_webserver.dir/pico-sdk/lib/lwip/src/core/ipv4/acd.c.obj
                0x0000000010011fac                acd_start
 .text.acd_network_changed_link_down
                0x0000000010011fe4       0x14 CMakeFiles/pico_webserver.dir/pico-sdk/lib/lwip/src/core/ipv4/acd.c.obj
                0x0000000010011fe4                acd_network_changed_link_down
 .text.acd_tmr  0x0000000010011ff8      0x110 CMakeFiles/pico_webserver.dir/pico-sdk/lib/lwip/src/core/ipv4/acd.c.obj
                0x0000000010011ff8                acd_tmr
 .text.acd_arp_reply
                0x0000000010012108       0xf4 CMakeFiles/pico_webserver.dir/pico-sdk/lib/lwip/src/core/ipv4/acd.c.obj
                0x0000000010012108                acd_arp_reply
 .text.acd_netif_ip_addr_changed
                0x00000000100121fc       0x8c CMakeFiles/pico_webserver.dir/pico-sdk/lib/lwip/src/core/ipv4/acd.c.obj
                0x00000000100121fc                acd_netif_ip_addr_changed
 .text.ethernet_input
                0x0000000010012288       0xd0 CMakeFiles/pico_webserver.dir/pico-sdk/lib/lwip/src/netif/ethernet.c.obj
                0x0000000010012288                ethernet_input
 .text.ethernet_output
                0x0000000010012358       0x64 CMakeFiles/pico_webserver.dir/pico-sdk/lib/lwip/src/netif/ethernet.c.obj
                0x0000000010012358                ethernet_output
 .text.cyw43_arch_set_async_context
                0x00000000100123bc        0xc CMakeFiles/pico_webserver.dir/pico-sdk/src/rp2_common/pico_cyw43_arch/cyw43_arch.c.obj
                0x00000000100123bc                cyw43_arch_set_async_context
 .text.cyw43_arch_enable_sta_mode
                0x00000000100123c8       0x1c CMakeFiles/pico_webserver.dir/pico-sdk/src/rp2_common/pico_cyw43_arch/cyw43_arch.c.obj
                0x00000000100123c8                cyw43_arch_enable_sta_mode
 .text.cyw43_arch_init_with_country
                0x00000000100123e4       0x10 CMakeFiles/pico_webserver.dir/pico-sdk/src/rp2_common/pico_cyw43_arch/cyw43_arch.c.obj
                0x00000000100123e4                cyw43_arch_init_with_country
 .text.cyw43_arch_gpio_put
                0x00000000100123f4       0x14 CMakeFiles/pico_webserver.dir/pico-sdk/src/rp2_common/pico_cyw43_arch/cyw43_arch.c.obj
                0x00000000100123f4                cyw43_arch_gpio_put
 .text.cyw43_arch_async_context
                0x0000000010012408        0xc CMakeFiles/pico_webserver.dir/pico-sdk/src/rp2_common/pico_cyw43_arch/cyw43_arch.c.obj
                0x0000000010012408                cyw43_arch_async_context
 .text.cyw43_arch_init
                0x0000000010012414       0x80 CMakeFiles/pico_webserver.dir/pico-sdk/src/rp2_common/pico_cyw43_arch/cyw43_arch_threadsafe_background.c.obj
                0x0000000010012414                cyw43_arch_init
 .text.ns_delay.constprop.0
                0x0000000010012494       0x20 CMakeFiles/pico_webserver.dir/pico-sdk/src/rp2_common/pico_cyw43_driver/cyw43_bus_pio_spi.c.obj
 .text.cyw43_spi_deinit
                0x00000000100124b4       0x7c CMakeFiles/pico_webserver.dir/pico-sdk/src/rp2_common/pico_cyw43_driver/cyw43_bus_pio_spi.c.obj
                0x00000000100124b4                cyw43_spi_deinit
 .text.cyw43_spi_init
                0x0000000010012530      0x154 CMakeFiles/pico_webserver.dir/pico-sdk/src/rp2_common/pico_cyw43_driver/cyw43_bus_pio_spi.c.obj
                0x0000000010012530                cyw43_spi_init
 .text.cyw43_spi_transfer
                0x0000000010012684      0x430 CMakeFiles/pico_webserver.dir/pico-sdk/src/rp2_common/pico_cyw43_driver/cyw43_bus_pio_spi.c.obj
                0x0000000010012684                cyw43_spi_transfer
 .text.cyw43_spi_gpio_setup
                0x0000000010012ab4       0x3c CMakeFiles/pico_webserver.dir/pico-sdk/src/rp2_common/pico_cyw43_driver/cyw43_bus_pio_spi.c.obj
                0x0000000010012ab4                cyw43_spi_gpio_setup
 .text.cyw43_spi_reset
                0x0000000010012af0       0x28 CMakeFiles/pico_webserver.dir/pico-sdk/src/rp2_common/pico_cyw43_driver/cyw43_bus_pio_spi.c.obj
                0x0000000010012af0                cyw43_spi_reset
 .text.read_reg_u32_swap
                0x0000000010012b18       0x3c CMakeFiles/pico_webserver.dir/pico-sdk/src/rp2_common/pico_cyw43_driver/cyw43_bus_pio_spi.c.obj
                0x0000000010012b18                read_reg_u32_swap
 .text.cyw43_read_reg_u32
                0x0000000010012b54       0x6c CMakeFiles/pico_webserver.dir/pico-sdk/src/rp2_common/pico_cyw43_driver/cyw43_bus_pio_spi.c.obj
                0x0000000010012b54                cyw43_read_reg_u32
 .text.cyw43_read_reg_u16
                0x0000000010012bc0       0x6c CMakeFiles/pico_webserver.dir/pico-sdk/src/rp2_common/pico_cyw43_driver/cyw43_bus_pio_spi.c.obj
                0x0000000010012bc0                cyw43_read_reg_u16
 .text.cyw43_read_reg_u8
                0x0000000010012c2c       0x6c CMakeFiles/pico_webserver.dir/pico-sdk/src/rp2_common/pico_cyw43_driver/cyw43_bus_pio_spi.c.obj
                0x0000000010012c2c                cyw43_read_reg_u8
 .text.write_reg_u32_swap
                0x0000000010012c98      0x1e0 CMakeFiles/pico_webserver.dir/pico-sdk/src/rp2_common/pico_cyw43_driver/cyw43_bus_pio_spi.c.obj
                0x0000000010012c98                write_reg_u32_swap
 .text.cyw43_write_reg_u32
                0x0000000010012e78      0x200 CMakeFiles/pico_webserver.dir/pico-sdk/src/rp2_common/pico_cyw43_driver/cyw43_bus_pio_spi.c.obj
                0x0000000010012e78                cyw43_write_reg_u32
 .text.cyw43_write_reg_u16
                0x0000000010013078      0x200 CMakeFiles/pico_webserver.dir/pico-sdk/src/rp2_common/pico_cyw43_driver/cyw43_bus_pio_spi.c.obj
                0x0000000010013078                cyw43_write_reg_u16
 .text.cyw43_write_reg_u8
                0x0000000010013278      0x200 CMakeFiles/pico_webserver.dir/pico-sdk/src/rp2_common/pico_cyw43_driver/cyw43_bus_pio_spi.c.obj
                0x0000000010013278                cyw43_write_reg_u8
 .text.cyw43_read_bytes
                0x0000000010013478       0x78 CMakeFiles/pico_webserver.dir/pico-sdk/src/rp2_common/pico_cyw43_driver/cyw43_bus_pio_spi.c.obj
                0x0000000010013478                cyw43_read_bytes
 .text.cyw43_write_bytes
                0x00000000100134f0       0xec CMakeFiles/pico_webserver.dir/pico-sdk/src/rp2_common/pico_cyw43_driver/cyw43_bus_pio_spi.c.obj
                0x00000000100134f0                cyw43_write_bytes
 .text.cyw43_set_backplane_window
                0x00000000100135dc       0x64 CMakeFiles/pico_webserver.dir/pico-sdk/lib/cyw43-driver/src/cyw43_ll.c.obj
 .text.cyw43_ll_parse_async_event
                0x0000000010013640      0x13c CMakeFiles/pico_webserver.dir/pico-sdk/lib/cyw43-driver/src/cyw43_ll.c.obj
 .text.cyw43_kso_set
                0x000000001001377c       0xa0 CMakeFiles/pico_webserver.dir/pico-sdk/lib/cyw43-driver/src/cyw43_ll.c.obj
 .text.cyw43_ll_sdpcm_poll_device
                0x000000001001381c      0x238 CMakeFiles/pico_webserver.dir/pico-sdk/lib/cyw43-driver/src/cyw43_ll.c.obj
 .text.cyw43_sdpcm_send_common
                0x0000000010013a54       0xf0 CMakeFiles/pico_webserver.dir/pico-sdk/lib/cyw43-driver/src/cyw43_ll.c.obj
 .text.cyw43_do_ioctl
                0x0000000010013b44      0x110 CMakeFiles/pico_webserver.dir/pico-sdk/lib/cyw43-driver/src/cyw43_ll.c.obj
 .text.cyw43_do_ioctl.constprop.0
                0x0000000010013c54      0x108 CMakeFiles/pico_webserver.dir/pico-sdk/lib/cyw43-driver/src/cyw43_ll.c.obj
 .text.cyw43_read_backplane.constprop.0
                0x0000000010013d5c       0xdc CMakeFiles/pico_webserver.dir/pico-sdk/lib/cyw43-driver/src/cyw43_ll.c.obj
 .text.reset_device_core.constprop.0
                0x0000000010013e38      0x3f0 CMakeFiles/pico_webserver.dir/pico-sdk/lib/cyw43-driver/src/cyw43_ll.c.obj
 .text.cyw43_ll_init
                0x0000000010014228       0x1c CMakeFiles/pico_webserver.dir/pico-sdk/lib/cyw43-driver/src/cyw43_ll.c.obj
                0x0000000010014228                cyw43_ll_init
 .text.cyw43_ll_deinit
                0x0000000010014244        0x8 CMakeFiles/pico_webserver.dir/pico-sdk/lib/cyw43-driver/src/cyw43_ll.c.obj
                0x0000000010014244                cyw43_ll_deinit
 .text.cyw43_ll_send_ethernet
                0x000000001001424c       0x60 CMakeFiles/pico_webserver.dir/pico-sdk/lib/cyw43-driver/src/cyw43_ll.c.obj
                0x000000001001424c                cyw43_ll_send_ethernet
 .text.cyw43_ll_process_packets
                0x00000000100142ac       0x54 CMakeFiles/pico_webserver.dir/pico-sdk/lib/cyw43-driver/src/cyw43_ll.c.obj
                0x00000000100142ac                cyw43_ll_process_packets
 .text.cyw43_ll_ioctl
                0x0000000010014300       0x20 CMakeFiles/pico_webserver.dir/pico-sdk/lib/cyw43-driver/src/cyw43_ll.c.obj
                0x0000000010014300                cyw43_ll_ioctl
 .text.cyw43_ll_bus_sleep
                0x0000000010014320       0x34 CMakeFiles/pico_webserver.dir/pico-sdk/lib/cyw43-driver/src/cyw43_ll.c.obj
                0x0000000010014320                cyw43_ll_bus_sleep
 .text.cyw43_ll_bus_init
                0x0000000010014354      0xbf0 CMakeFiles/pico_webserver.dir/pico-sdk/lib/cyw43-driver/src/cyw43_ll.c.obj
                0x0000000010014354                cyw43_ll_bus_init
 .text.cyw43_ll_wifi_on
                0x0000000010014f44      0x240 CMakeFiles/pico_webserver.dir/pico-sdk/lib/cyw43-driver/src/cyw43_ll.c.obj
                0x0000000010014f44                cyw43_ll_wifi_on
 .text.cyw43_ll_wifi_get_mac
                0x0000000010015184       0x44 CMakeFiles/pico_webserver.dir/pico-sdk/lib/cyw43-driver/src/cyw43_ll.c.obj
                0x0000000010015184                cyw43_ll_wifi_get_mac
 .text.cyw43_ll_wifi_pm
                0x00000000100151c8      0x194 CMakeFiles/pico_webserver.dir/pico-sdk/lib/cyw43-driver/src/cyw43_ll.c.obj
                0x00000000100151c8                cyw43_ll_wifi_pm
 .text.cyw43_ll_wifi_set_wpa_auth
                0x000000001001535c       0x2c CMakeFiles/pico_webserver.dir/pico-sdk/lib/cyw43-driver/src/cyw43_ll.c.obj
                0x000000001001535c                cyw43_ll_wifi_set_wpa_auth
 .text.cyw43_ll_wifi_rejoin
                0x0000000010015388       0x1c CMakeFiles/pico_webserver.dir/pico-sdk/lib/cyw43-driver/src/cyw43_ll.c.obj
                0x0000000010015388                cyw43_ll_wifi_rejoin
 .text.cyw43_ll_wifi_ap_init
                0x00000000100153a4      0x2c4 CMakeFiles/pico_webserver.dir/pico-sdk/lib/cyw43-driver/src/cyw43_ll.c.obj