Archive member included to satisfy reference by file (symbol)

/usr/lib/gcc/arm-none-eabi/10.3.1/thumb/v6-m/nofp/libgcc.a(_dvmd_tls.o)
                              CMakeFiles/pico_webserver.dir/pico-sdk/src/rp2_common/pico_divider/divider.S.obj (__aeabi_idiv0)
/usr/lib/gcc/arm-none-eabi/10.3.1/../../../arm-none-eabi/lib/thumb/v6-m/nofp/libc.a(lib_a-atexit.o)
                              /usr/lib/gcc/arm-none-eabi/10.3.1/../../../arm-none-eabi/lib/thumb/v6-m/nofp/crt0.o (atexit)
/usr/lib/gcc/arm-none-eabi/10.3.1/../../../arm-none-eabi/lib/thumb/v6-m/nofp/libc.a(lib_a-atoi.o)
                              CMakeFiles/pico_webserver.dir/pico-sdk/lib/lwip/src/core/netif.c.obj (atoi)
/usr/lib/gcc/arm-none-eabi/10.3.1/../../../arm-none-eabi/lib/thumb/v6-m/nofp/libc.a(lib_a-calloc.o)
                              CMakeFiles/pico_webserver.dir/pico-sdk/src/rp2_common/pico_malloc/pico_malloc.c.obj (calloc)
/usr/lib/gcc/arm-none-eabi/10.3.1/../../../arm-none-eabi/lib/thumb/v6-m/nofp/libc.a(lib_a-callocr.o)
                              /usr/lib/gcc/arm-none-eabi/10.3.1/../../../arm-none-eabi/lib/thumb/v6-m/nofp/libc.a(lib_a-calloc.o) (_calloc_r)
/usr/lib/gcc/arm-none-eabi/10.3.1/../../../arm-none-eabi/lib/thumb/v6-m/nofp/libc.a(lib_a-ctype_.o)
                              CMakeFiles/pico_webserver.dir/pico-sdk/lib/lwip/src/core/ipv4/ip4_addr.c.obj (_ctype_)
/usr/lib/gcc/arm-none-eabi/10.3.1/../../../arm-none-eabi/lib/thumb/v6-m/nofp/libc.a(lib_a-fini.o)
                              /usr/lib/gcc/arm-none-eabi/10.3.1/../../../arm-none-eabi/lib/thumb/v6-m/nofp/crt0.o (__libc_fini_array)
/usr/lib/gcc/arm-none-eabi/10.3.1/../../../arm-none-eabi/lib/thumb/v6-m/nofp/libc.a(lib_a-impure.o)
                              /usr/lib/gcc/arm-none-eabi/10.3.1/../../../arm-none-eabi/lib/thumb/v6-m/nofp/libc.a(lib_a-calloc.o) (_impure_ptr)
/usr/lib/gcc/arm-none-eabi/10.3.1/../../../arm-none-eabi/lib/thumb/v6-m/nofp/libc.a(lib_a-init.o)
                              /usr/lib/gcc/arm-none-eabi/10.3.1/../../../arm-none-eabi/lib/thumb/v6-m/nofp/crt0.o (__libc_init_array)
/usr/lib/gcc/arm-none-eabi/10.3.1/../../../arm-none-eabi/lib/thumb/v6-m/nofp/libc.a(lib_a-malloc.o)
                              CMakeFiles/pico_webserver.dir/pico-sdk/src/rp2_common/pico_malloc/pico_malloc.c.obj (malloc)
/usr/lib/gcc/arm-none-eabi/10.3.1/../../../arm-none-eabi/lib/thumb/v6-m/nofp/libc.a(lib_a-mallocr.o)
                              /usr/lib/gcc/arm-none-eabi/10.3.1/../../../arm-none-eabi/lib/thumb/v6-m/nofp/libc.a(lib_a-callocr.o) (_malloc_r)
/usr/lib/gcc/arm-none-eabi/10.3.1/../../../arm-none-eabi/lib/thumb/v6-m/nofp/libc.a(lib_a-memcmp.o)
                              CMakeFiles/pico_webserver.dir/pico-sdk/lib/tinyusb/lib/networking/dhserver.c.obj (memcmp)
/usr/lib/gcc/arm-none-eabi/10.3.1/../../../arm-none-eabi/lib/thumb/v6-m/nofp/libc.a(lib_a-memmove.o)
                              CMakeFiles/pico_webserver.dir/pico-sdk/lib/lwip/src/core/def.c.obj (memmove)
/usr/lib/gcc/arm-none-eabi/10.3.1/../../../arm-none-eabi/lib/thumb/v6-m/nofp/libc.a(lib_a-mlock.o)
                              /usr/lib/gcc/arm-none-eabi/10.3.1/../../../arm-none-eabi/lib/thumb/v6-m/nofp/libc.a(lib_a-mallocr.o) (__malloc_lock)
/usr/lib/gcc/arm-none-eabi/10.3.1/../../../arm-none-eabi/lib/thumb/v6-m/nofp/libc.a(lib_a-rand.o)
                              CMakeFiles/pico_webserver.dir/ssi.cpp.obj (rand)
/usr/lib/gcc/arm-none-eabi/10.3.1/../../../arm-none-eabi/lib/thumb/v6-m/nofp/libc.a(lib_a-realloc.o)
                              CMakeFiles/pico_webserver.dir/pico-sdk/src/rp2_common/pico_malloc/pico_malloc.c.obj (realloc)
/usr/lib/gcc/arm-none-eabi/10.3.1/../../../arm-none-eabi/lib/thumb/v6-m/nofp/libc.a(lib_a-reallocr.o)
                              /usr/lib/gcc/arm-none-eabi/10.3.1/../../../arm-none-eabi/lib/thumb/v6-m/nofp/libc.a(lib_a-realloc.o) (_realloc_r)
/usr/lib/gcc/arm-none-eabi/10.3.1/../../../arm-none-eabi/lib/thumb/v6-m/nofp/libc.a(lib_a-sbrkr.o)
                              /usr/lib/gcc/arm-none-eabi/10.3.1/../../../arm-none-eabi/lib/thumb/v6-m/nofp/libc.a(lib_a-mallocr.o) (_sbrk_r)
/usr/lib/gcc/arm-none-eabi/10.3.1/../../../arm-none-eabi/lib/thumb/v6-m/nofp/libc.a(lib_a-strchr.o)
                              CMakeFiles/pico_webserver.dir/pico-sdk/lib/lwip/src/apps/http/httpd.c.obj (strchr)
/usr/lib/gcc/arm-none-eabi/10.3.1/../../../arm-none-eabi/lib/thumb/v6-m/nofp/libc.a(lib_a-strcmp.o)
                              CMakeFiles/pico_webserver.dir/cgi.cpp.obj (strcmp)
/usr/lib/gcc/arm-none-eabi/10.3.1/../../../arm-none-eabi/lib/thumb/v6-m/nofp/libc.a(lib_a-strlen-stub.o)
                              CMakeFiles/pico_webserver.dir/usb_descriptors.c.obj (strlen)
/usr/lib/gcc/arm-none-eabi/10.3.1/../../../arm-none-eabi/lib/thumb/v6-m/nofp/libc.a(lib_a-strncmp.o)
                              CMakeFiles/pico_webserver.dir/pico-sdk/lib/lwip/src/core/def.c.obj (strncmp)
[...]
Memory Configuration

Name             Origin             Length             Attributes
FLASH            0x0000000010000000 0x0000000000200000 xr
RAM              0x0000000020000000 0x0000000000040000 xrw
SCRATCH_X        0x0000000020040000 0x0000000000001000 xrw
SCRATCH_Y        0x0000000020041000 0x0000000000001000 xrw
*default*        0x0000000000000000 0xffffffffffffffff

Linker script and memory map

LOAD /usr/lib/gcc/arm-none-eabi/10.3.1/thumb/v6-m/nofp/crti.o
LOAD /usr/lib/gcc/arm-none-eabi/10.3.1/thumb/v6-m/nofp/crtbegin.o
LOAD /usr/lib/gcc/arm-none-eabi/10.3.1/../../../arm-none-eabi/lib/thumb/v6-m/nofp/crt0.o

.flash_begin    0x0000000010000000        0x0
                0x0000000010000000                __flash_binary_start = .

.boot2          0x0000000010000000      0x100
                0x0000000010000000                __boot2_start__ = .
 *(.boot2)
 .boot2         0x0000000010000000      0x100 /tmp/ccKGFhQ9.o
                0x0000000010000100                __boot2_end__ = .
                0x0000000000000001                ASSERT (((__boot2_end__ - __boot2_start__) == 0x100), ERROR: Pico second stage bootloader must be 256 bytes in size)

.text           0x0000000010000100    0x19208
                0x0000000010000100                __logical_binary_start = .
 *(.vectors)
 .vectors       0x0000000010000100       0xd4 CMakeFiles/pico_webserver.dir/pico-sdk/src/rp2_common/pico_standard_link/crt0.S.obj
                0x0000000010000100                __vectors
                0x0000000010000100                __VECTOR_TABLE
                0x00000000100001c0                isr_invalid
                0x00000000100001c0                __default_isrs_start
                0x00000000100001c2                isr_nmi
                0x00000000100001c4                isr_hardfault
                0x00000000100001c6                isr_svcall
                0x00000000100001c8                isr_pendsv
                0x00000000100001ca                isr_systick
                0x00000000100001cc                isr_irq30
                0x00000000100001cc                __unhandled_user_irq
                0x00000000100001cc                isr_irq13
                0x00000000100001cc                isr_irq27
                0x00000000100001cc                isr_irq31
                0x00000000100001cc                isr_irq5
                0x00000000100001cc                isr_irq11
                0x00000000100001cc                isr_irq23
                0x00000000100001cc                isr_irq18
                0x00000000100001cc                isr_irq28
                0x00000000100001cc                isr_irq19
                0x00000000100001cc                isr_irq0
                0x00000000100001cc                isr_irq6
                0x00000000100001cc                isr_irq22
                0x00000000100001cc                isr_irq17
                0x00000000100001cc                isr_irq14
                0x00000000100001cc                isr_irq2
                0x00000000100001cc                isr_irq10
                0x00000000100001cc                isr_irq8
                0x00000000100001cc                isr_irq24
                0x00000000100001cc                isr_irq1
                0x00000000100001cc                isr_irq7
                0x00000000100001cc                isr_irq21
                0x00000000100001cc                isr_irq20
                0x00000000100001cc                isr_irq15
                0x00000000100001cc                isr_irq25
                0x00000000100001cc                isr_irq4
                0x00000000100001cc                isr_irq16
                0x00000000100001cc                isr_irq29
                0x00000000100001cc                isr_irq26
                0x00000000100001cc                __default_isrs_end
                0x00000000100001cc                isr_irq3
                0x00000000100001cc                isr_irq12
                0x00000000100001cc                isr_irq9
                0x00000000100001d2                unhandled_user_irq_num_in_r0
 *(.binary_info_header)
 .binary_info_header
                0x00000000100001d4       0x14 CMakeFiles/pico_webserver.dir/pico-sdk/src/rp2_common/pico_standard_link/crt0.S.obj
                0x00000000100001e8                __binary_info_header_end = .
 *(.reset)
 .reset         0x00000000100001e8       0xa0 CMakeFiles/pico_webserver.dir/pico-sdk/src/rp2_common/pico_standard_link/crt0.S.obj
                0x00000000100001e8                _entry_point
 .reset         0x0000000010000288       0x30 CMakeFiles/pico_webserver.dir/pico-sdk/src/rp2_common/pico_standard_link/binary_info.c.obj
 *(.init)
 .init          0x00000000100002b8        0x4 /usr/lib/gcc/arm-none-eabi/10.3.1/thumb/v6-m/nofp/crti.o
                0x00000000100002b8                _init
 *(EXCLUDE_FILE(*libm.a: *libc.a:*lib_a-mem*.o *libgcc.a:) .text*)
 .text          0x00000000100002bc       0x98 /usr/lib/gcc/arm-none-eabi/10.3.1/thumb/v6-m/nofp/crtbegin.o
 .text.cgi_toggle_led
                0x0000000010000354       0x20 CMakeFiles/pico_webserver.dir/webserver.c.obj
 .text.cgi_reset_usb_boot
                0x0000000010000374       0x14 CMakeFiles/pico_webserver.dir/webserver.c.obj
 .text.run_udp_beacon
                0x0000000010000388       0x74 CMakeFiles/pico_webserver.dir/webserver.c.obj
                0x0000000010000388                run_udp_beacon
 .text.core1_entry
                0x00000000100003fc       0x84 CMakeFiles/pico_webserver.dir/webserver.c.obj
                0x00000000100003fc                core1_entry
 .text.startup.main
                0x0000000010000480       0x74 CMakeFiles/pico_webserver.dir/webserver.c.obj
                0x0000000010000480                main
 .text.netif_init_cb
                0x00000000100004f4       0x30 CMakeFiles/pico_webserver.dir/tusb_lwip_glue.c.obj
 .text.output_fn
                0x0000000010000524        0x8 CMakeFiles/pico_webserver.dir/tusb_lwip_glue.c.obj
 .text.linkoutput_fn
                0x000000001000052c       0x3c CMakeFiles/pico_webserver.dir/tusb_lwip_glue.c.obj
 .text.init_lwip
                0x0000000010000568       0x60 CMakeFiles/pico_webserver.dir/tusb_lwip_glue.c.obj
                0x0000000010000568                init_lwip
 .text.tud_network_init_cb
                0x00000000100005c8       0x18 CMakeFiles/pico_webserver.dir/tusb_lwip_glue.c.obj
                0x00000000100005c8                tud_network_init_cb
 .text.tud_network_recv_cb
                0x00000000100005e0       0x3c CMakeFiles/pico_webserver.dir/tusb_lwip_glue.c.obj
                0x00000000100005e0                tud_network_recv_cb
 .text.tud_network_xmit_cb
                0x000000001000061c       0x30 CMakeFiles/pico_webserver.dir/tusb_lwip_glue.c.obj
                0x000000001000061c                tud_network_xmit_cb
 .text.service_traffic
                0x000000001000064c       0x2c CMakeFiles/pico_webserver.dir/tusb_lwip_glue.c.obj
                0x000000001000064c                service_traffic
 .text.dhcpd_init
                0x0000000010000678       0x14 CMakeFiles/pico_webserver.dir/tusb_lwip_glue.c.obj
                0x0000000010000678                dhcpd_init
 .text.wait_for_netif_is_up
                0x000000001000068c       0x14 CMakeFiles/pico_webserver.dir/tusb_lwip_glue.c.obj
                0x000000001000068c                wait_for_netif_is_up
 .text.tud_descriptor_device_cb
                0x00000000100006a0        0x8 CMakeFiles/pico_webserver.dir/usb_descriptors.c.obj
                0x00000000100006a0                tud_descriptor_device_cb
 .text.tud_descriptor_configuration_cb
                0x00000000100006a8       0x14 CMakeFiles/pico_webserver.dir/usb_descriptors.c.obj
                0x00000000100006a8                tud_descriptor_configuration_cb
 .text.tud_descriptor_string_cb
                0x00000000100006bc      0x17c CMakeFiles/pico_webserver.dir/usb_descriptors.c.obj
                0x00000000100006bc                tud_descriptor_string_cb
 .text.fill_options
                0x0000000010000838       0xdc CMakeFiles/pico_webserver.dir/pico-sdk/lib/tinyusb/lib/networking/dhserver.c.obj
                0x0000000010000838                fill_options
 .text.udp_recv_proc
                0x0000000010000914      0x2e4 CMakeFiles/pico_webserver.dir/pico-sdk/lib/tinyusb/lib/networking/dhserver.c.obj
 .text.dhserv_init
                0x0000000010000bf8       0x64 CMakeFiles/pico_webserver.dir/pico-sdk/lib/tinyusb/lib/networking/dhserver.c.obj
                0x0000000010000bf8                dhserv_init
 .text.rndis_class_set_handler
                0x0000000010000c5c      0x2d4 CMakeFiles/pico_webserver.dir/pico-sdk/lib/tinyusb/lib/networking/rndis_reports.c.obj
                0x0000000010000c5c                rndis_class_set_handler
 .text.set_sys_clock_pll
                0x0000000010000f30       0x78 CMakeFiles/pico_webserver.dir/pico-sdk/src/rp2_common/pico_stdlib/stdlib.c.obj
                0x0000000010000f30                set_sys_clock_pll
 .text.check_sys_clock_khz
                0x0000000010000fa8      0x17c CMakeFiles/pico_webserver.dir/pico-sdk/src/rp2_common/pico_stdlib/stdlib.c.obj
                0x0000000010000fa8                check_sys_clock_khz
 .text.gpio_set_function
                0x0000000010001124       0x30 CMakeFiles/pico_webserver.dir/pico-sdk/src/rp2_common/hardware_gpio/gpio.c.obj
                0x0000000010001124                gpio_set_function
 .text.gpio_set_pulls
                0x0000000010001154       0x30 CMakeFiles/pico_webserver.dir/pico-sdk/src/rp2_common/hardware_gpio/gpio.c.obj
                0x0000000010001154                gpio_set_pulls
 .text.gpio_set_input_hysteresis_enabled
                0x0000000010001184       0x28 CMakeFiles/pico_webserver.dir/pico-sdk/src/rp2_common/hardware_gpio/gpio.c.obj
                0x0000000010001184                gpio_set_input_hysteresis_enabled
 .text.gpio_set_irq_enabled
                0x00000000100011ac       0x54 CMakeFiles/pico_webserver.dir/pico-sdk/src/rp2_common/hardware_gpio/gpio.c.obj
                0x00000000100011ac                gpio_set_irq_enabled
 .text.gpio_add_raw_irq_handler_with_order_priority_masked
                0x0000000010001200       0x44 CMakeFiles/pico_webserver.dir/pico-sdk/src/rp2_common/hardware_gpio/gpio.c.obj
                0x0000000010001200                gpio_add_raw_irq_handler_with_order_priority_masked
 .text.gpio_remove_raw_irq_handler_masked
                0x0000000010001244       0x20 CMakeFiles/pico_webserver.dir/pico-sdk/src/rp2_common/hardware_gpio/gpio.c.obj
                0x0000000010001244                gpio_remove_raw_irq_handler_masked
 .text.gpio_init
                0x0000000010001264       0x3c CMakeFiles/pico_webserver.dir/pico-sdk/src/rp2_common/hardware_gpio/gpio.c.obj
                0x0000000010001264                gpio_init
 .text.running_on_fpga
                0x00000000100012a0       0x10 CMakeFiles/pico_webserver.dir/pico-sdk/src/rp2_common/pico_platform/platform.c.obj
                0x00000000100012a0                running_on_fpga
 .text.hw_claim_lock
                0x00000000100012b0       0x18 CMakeFiles/pico_webserver.dir/pico-sdk/src/rp2_common/hardware_claim/claim.c.obj
                0x00000000100012b0                hw_claim_lock
 .text.hw_claim_unlock
                0x00000000100012c8       0x14 CMakeFiles/pico_webserver.dir/pico-sdk/src/rp2_common/hardware_claim/claim.c.obj
                0x00000000100012c8                hw_claim_unlock
 .text.hw_claim_or_assert
                0x00000000100012dc       0x44 CMakeFiles/pico_webserver.dir/pico-sdk/src/rp2_common/hardware_claim/claim.c.obj
                0x00000000100012dc                hw_claim_or_assert
 .text.hw_claim_unused_from_range
                0x0000000010001320       0x9c CMakeFiles/pico_webserver.dir/pico-sdk/src/rp2_common/hardware_claim/claim.c.obj
                0x0000000010001320                hw_claim_unused_from_range
 .text.hw_claim_clear
                0x00000000100013bc       0x38 CMakeFiles/pico_webserver.dir/pico-sdk/src/rp2_common/hardware_claim/claim.c.obj
                0x00000000100013bc                hw_claim_clear
 .text.spin_locks_reset
                0x00000000100013f4       0x1c CMakeFiles/pico_webserver.dir/pico-sdk/src/rp2_common/hardware_sync/sync.c.obj
                0x00000000100013f4                spin_locks_reset
 .text.next_striped_spin_lock_num
                0x0000000010001410       0x18 CMakeFiles/pico_webserver.dir/pico-sdk/src/rp2_common/hardware_sync/sync.c.obj
                0x0000000010001410                next_striped_spin_lock_num
 .text.spin_lock_claim_unused
                0x0000000010001428       0x20 CMakeFiles/pico_webserver.dir/pico-sdk/src/rp2_common/hardware_sync/sync.c.obj
                0x0000000010001428                spin_lock_claim_unused
 .text.irq_set_enabled
                0x0000000010001448       0x24 CMakeFiles/pico_webserver.dir/pico-sdk/src/rp2_common/hardware_irq/irq.c.obj
                0x0000000010001448                irq_set_enabled
 .text.irq_is_enabled
                0x000000001000146c       0x18 CMakeFiles/pico_webserver.dir/pico-sdk/src/rp2_common/hardware_irq/irq.c.obj
                0x000000001000146c                irq_is_enabled
 .text.irq_set_pending
                0x0000000010001484       0x10 CMakeFiles/pico_webserver.dir/pico-sdk/src/rp2_common/hardware_irq/irq.c.obj
                0x0000000010001484                irq_set_pending
 .text.irq_get_vtable_handler
                0x0000000010001494       0x10 CMakeFiles/pico_webserver.dir/pico-sdk/src/rp2_common/hardware_irq/irq.c.obj
                0x0000000010001494                irq_get_vtable_handler
 .text.irq_set_exclusive_handler
                0x00000000100014a4       0x54 CMakeFiles/pico_webserver.dir/pico-sdk/src/rp2_common/hardware_irq/irq.c.obj
                0x00000000100014a4                irq_set_exclusive_handler
 .text.irq_add_shared_handler
                0x00000000100014f8      0x1e8 CMakeFiles/pico_webserver.dir/pico-sdk/src/rp2_common/hardware_irq/irq.c.obj
                0x00000000100014f8                irq_add_shared_handler
 .text.irq_remove_handler
                0x00000000100016e0      0x1b0 CMakeFiles/pico_webserver.dir/pico-sdk/src/rp2_common/hardware_irq/irq.c.obj
                0x00000000100016e0                irq_remove_handler
 .text.irq_set_priority
                0x0000000010001890       0x28 CMakeFiles/pico_webserver.dir/pico-sdk/src/rp2_common/hardware_irq/irq.c.obj
                0x0000000010001890                irq_set_priority
 .text.irq_add_tail_to_free_list
                0x00000000100018b8       0xb4 CMakeFiles/pico_webserver.dir/pico-sdk/src/rp2_common/hardware_irq/irq.c.obj
                0x00000000100018b8                irq_add_tail_to_free_list
 .text.irq_init_priorities
                0x000000001000196c       0x24 CMakeFiles/pico_webserver.dir/pico-sdk/src/rp2_common/hardware_irq/irq.c.obj
                0x000000001000196c                irq_init_priorities
 .text.user_irq_unclaim
                0x0000000010001990       0x14 CMakeFiles/pico_webserver.dir/pico-sdk/src/rp2_common/hardware_irq/irq.c.obj
                0x0000000010001990                user_irq_unclaim
 .text.user_irq_claim_unused
                0x00000000100019a4       0x28 CMakeFiles/pico_webserver.dir/pico-sdk/src/rp2_common/hardware_irq/irq.c.obj
                0x00000000100019a4                user_irq_claim_unused
 .text.sem_init
                0x00000000100019cc       0x20 CMakeFiles/pico_webserver.dir/pico-sdk/src/common/pico_sync/sem.c.obj
                0x00000000100019cc                sem_init
 .text.lock_init
                0x00000000100019ec       0x10 CMakeFiles/pico_webserver.dir/pico-sdk/src/common/pico_sync/lock_core.c.obj
                0x00000000100019ec                lock_init
 .text.mutex_init
                0x00000000100019fc       0x1c CMakeFiles/pico_webserver.dir/pico-sdk/src/common/pico_sync/mutex.c.obj
                0x00000000100019fc                mutex_init
 .text.recursive_mutex_init
                0x0000000010001a18       0x1c CMakeFiles/pico_webserver.dir/pico-sdk/src/common/pico_sync/mutex.c.obj
                0x0000000010001a18                recursive_mutex_init
 .text.critical_section_init
                0x0000000010001a34       0x20 CMakeFiles/pico_webserver.dir/pico-sdk/src/common/pico_sync/critical_section.c.obj
                0x0000000010001a34                critical_section_init
 .text.timer_pool_entry_comparator
                0x0000000010001a54       0x34 CMakeFiles/pico_webserver.dir/pico-sdk/src/common/pico_time/time.c.obj
                0x0000000010001a54                timer_pool_entry_comparator
 .text.sleep_until_callback
                0x0000000010001a88       0x30 CMakeFiles/pico_webserver.dir/pico-sdk/src/common/pico_time/time.c.obj
 .text.add_alarm_under_lock.isra.0
                0x0000000010001ab8      0x100 CMakeFiles/pico_webserver.dir/pico-sdk/src/common/pico_time/time.c.obj
 .text.alarm_pool_alarm_callback
                0x0000000010001bb8      0x1bc CMakeFiles/pico_webserver.dir/pico-sdk/src/common/pico_time/time.c.obj
 .text.alarm_pool_init_default
                0x0000000010001d74       0x6c CMakeFiles/pico_webserver.dir/pico-sdk/src/common/pico_time/time.c.obj
                0x0000000010001d74                alarm_pool_init_default
 .text.alarm_pool_get_default
                0x0000000010001de0        0x8 CMakeFiles/pico_webserver.dir/pico-sdk/src/common/pico_time/time.c.obj
                0x0000000010001de0                alarm_pool_get_default
 .text.alarm_pool_create_with_unused_hardware_alarm
                0x0000000010001de8       0x74 CMakeFiles/pico_webserver.dir/pico-sdk/src/common/pico_time/time.c.obj
                0x0000000010001de8                alarm_pool_create_with_unused_hardware_alarm
 .text.alarm_pool_destroy
                0x0000000010001e5c       0x44 CMakeFiles/pico_webserver.dir/pico-sdk/src/common/pico_time/time.c.obj
                0x0000000010001e5c                alarm_pool_destroy
 .text.alarm_pool_add_alarm_at
                0x0000000010001ea0      0x178 CMakeFiles/pico_webserver.dir/pico-sdk/src/common/pico_time/time.c.obj
                0x0000000010001ea0                alarm_pool_add_alarm_at
 .text.alarm_pool_add_alarm_at_force_in_context
                0x0000000010002018      0x124 CMakeFiles/pico_webserver.dir/pico-sdk/src/common/pico_time/time.c.obj
                0x0000000010002018                alarm_pool_add_alarm_at_force_in_context
 .text.alarm_pool_cancel_alarm
                0x000000001000213c       0x78 CMakeFiles/pico_webserver.dir/pico-sdk/src/common/pico_time/time.c.obj
                0x000000001000213c                alarm_pool_cancel_alarm
 .text.alarm_pool_core_num
                0x00000000100021b4        0x4 CMakeFiles/pico_webserver.dir/pico-sdk/src/common/pico_time/time.c.obj
                0x00000000100021b4                alarm_pool_core_num
 .text.sleep_until
                0x00000000100021b8       0xc4 CMakeFiles/pico_webserver.dir/pico-sdk/src/common/pico_time/time.c.obj
                0x00000000100021b8                sleep_until
 .text.sleep_ms
                0x000000001000227c       0x34 CMakeFiles/pico_webserver.dir/pico-sdk/src/common/pico_time/time.c.obj
                0x000000001000227c                sleep_ms
 .text.best_effort_wfe_or_timeout
                0x00000000100022b0       0xd4 CMakeFiles/pico_webserver.dir/pico-sdk/src/common/pico_time/time.c.obj
                0x00000000100022b0                best_effort_wfe_or_timeout
 .text.hardware_alarm_irq_handler
                0x0000000010002384       0xbc CMakeFiles/pico_webserver.dir/pico-sdk/src/rp2_common/hardware_timer/timer.c.obj
 .text.hardware_alarm_claim
                0x0000000010002440       0x18 CMakeFiles/pico_webserver.dir/pico-sdk/src/rp2_common/hardware_timer/timer.c.obj
                0x0000000010002440                hardware_alarm_claim
 .text.hardware_alarm_unclaim
                0x0000000010002458       0x10 CMakeFiles/pico_webserver.dir/pico-sdk/src/rp2_common/hardware_timer/timer.c.obj
                0x0000000010002458                hardware_alarm_unclaim
 .text.hardware_alarm_claim_unused
                0x0000000010002468       0x20 CMakeFiles/pico_webserver.dir/pico-sdk/src/rp2_common/hardware_timer/timer.c.obj
                0x0000000010002468                hardware_alarm_claim_unused
 .text.time_us_64
                0x0000000010002488       0x14 CMakeFiles/pico_webserver.dir/pico-sdk/src/rp2_common/hardware_timer/timer.c.obj
                0x0000000010002488                time_us_64
 .text.busy_wait_until
                0x000000001000249c       0x20 CMakeFiles/pico_webserver.dir/pico-sdk/src/rp2_common/hardware_timer/timer.c.obj
                0x000000001000249c                busy_wait_until
 .text.hardware_alarm_set_callback
                0x00000000100024bc       0x8c CMakeFiles/pico_webserver.dir/pico-sdk/src/rp2_common/hardware_timer/timer.c.obj
                0x00000000100024bc                hardware_alarm_set_callback
 .text.hardware_alarm_set_target
                0x0000000010002548       0xd4 CMakeFiles/pico_webserver.dir/pico-sdk/src/rp2_common/hardware_timer/timer.c.obj
                0x0000000010002548                hardware_alarm_set_target
 .text.hardware_alarm_cancel
                0x000000001000261c       0x3c CMakeFiles/pico_webserver.dir/pico-sdk/src/rp2_common/hardware_timer/timer.c.obj
                0x000000001000261c                hardware_alarm_cancel
 .text.hardware_alarm_force_irq
                0x0000000010002658       0x3c CMakeFiles/pico_webserver.dir/pico-sdk/src/rp2_common/hardware_timer/timer.c.obj
                0x0000000010002658                hardware_alarm_force_irq
 .text.ph_merge_nodes
                0x0000000010002694       0x68 CMakeFiles/pico_webserver.dir/pico-sdk/src/common/pico_util/pheap.c.obj
 .text.ph_create
                0x00000000100026fc       0x60 CMakeFiles/pico_webserver.dir/pico-sdk/src/common/pico_util/pheap.c.obj
                0x00000000100026fc                ph_create
 .text.ph_post_alloc_init
                0x000000001000275c       0x3c CMakeFiles/pico_webserver.dir/pico-sdk/src/common/pico_util/pheap.c.obj
                0x000000001000275c                ph_post_alloc_init
 .text.ph_destroy
                0x0000000010002798       0x14 CMakeFiles/pico_webserver.dir/pico-sdk/src/common/pico_util/pheap.c.obj
                0x0000000010002798                ph_destroy
 .text.ph_merge_two_pass
                0x00000000100027ac       0x90 CMakeFiles/pico_webserver.dir/pico-sdk/src/common/pico_util/pheap.c.obj
                0x00000000100027ac                ph_merge_two_pass
 .text.ph_remove_any_head
                0x000000001000283c      0x100 CMakeFiles/pico_webserver.dir/pico-sdk/src/common/pico_util/pheap.c.obj
 .text.ph_remove_head
                0x000000001000293c      0x104 CMakeFiles/pico_webserver.dir/pico-sdk/src/common/pico_util/pheap.c.obj
                0x000000001000293c                ph_remove_head
 .text.ph_remove_and_free_node
                0x0000000010002a40       0x7c CMakeFiles/pico_webserver.dir/pico-sdk/src/common/pico_util/pheap.c.obj
                0x0000000010002a40                ph_remove_and_free_node
 .text.clock_configure
                0x0000000010002abc      0x118 CMakeFiles/pico_webserver.dir/pico-sdk/src/rp2_common/hardware_clocks/clocks.c.obj
                0x0000000010002abc                clock_configure
 .text.clocks_init
                0x0000000010002bd4      0x2d0 CMakeFiles/pico_webserver.dir/pico-sdk/src/rp2_common/hardware_clocks/clocks.c.obj
                0x0000000010002bd4                clocks_init
 .text.clock_get_hz
                0x0000000010002ea4        0xc CMakeFiles/pico_webserver.dir/pico-sdk/src/rp2_common/hardware_clocks/clocks.c.obj
                0x0000000010002ea4                clock_get_hz
 .text.pll_init
                0x0000000010002eb0       0xa0 CMakeFiles/pico_webserver.dir/pico-sdk/src/rp2_common/hardware_pll/pll.c.obj
                0x0000000010002eb0                pll_init
 .text.watchdog_start_tick
                0x0000000010002f50       0x10 CMakeFiles/pico_webserver.dir/pico-sdk/src/rp2_common/hardware_watchdog/watchdog.c.obj
                0x0000000010002f50                watchdog_start_tick
 .text.xosc_init
                0x0000000010002f60       0x28 CMakeFiles/pico_webserver.dir/pico-sdk/src/rp2_common/hardware_xosc/xosc.c.obj
                0x0000000010002f60                xosc_init
 .text.runtime_init
                0x0000000010002f88       0xf0 CMakeFiles/pico_webserver.dir/pico-sdk/src/rp2_common/pico_runtime/runtime.c.obj
                0x0000000010002f88                runtime_init
 .text._exit    0x0000000010003078       0x14 CMakeFiles/pico_webserver.dir/pico-sdk/src/rp2_common/pico_runtime/runtime.c.obj
                0x0000000010003078                _exit
 .text._sbrk    0x000000001000308c       0x34 CMakeFiles/pico_webserver.dir/pico-sdk/src/rp2_common/pico_runtime/runtime.c.obj
                0x000000001000308c                _sbrk
 .text.exit     0x00000000100030c0        0x8 CMakeFiles/pico_webserver.dir/pico-sdk/src/rp2_common/pico_runtime/runtime.c.obj
                0x00000000100030c0                exit
 .text.panic    0x00000000100030c8       0x30 CMakeFiles/pico_webserver.dir/pico-sdk/src/rp2_common/pico_runtime/runtime.c.obj
                0x00000000100030c8                panic
 .text.hard_assertion_failure
                0x00000000100030f8        0xc CMakeFiles/pico_webserver.dir/pico-sdk/src/rp2_common/pico_runtime/runtime.c.obj
                0x00000000100030f8                hard_assertion_failure
 .text._out_buffer
                0x0000000010003104        0x8 CMakeFiles/pico_webserver.dir/pico-sdk/src/rp2_common/pico_printf/printf.c.obj
 .text._out_null
                0x000000001000310c        0x4 CMakeFiles/pico_webserver.dir/pico-sdk/src/rp2_common/pico_printf/printf.c.obj
 .text._out_rev
                0x0000000010003110       0x9c CMakeFiles/pico_webserver.dir/pico-sdk/src/rp2_common/pico_printf/printf.c.obj
 .text._ntoa_format
                0x00000000100031ac      0x1cc CMakeFiles/pico_webserver.dir/pico-sdk/src/rp2_common/pico_printf/printf.c.obj
 .text._out_char
                0x0000000010003378       0x10 CMakeFiles/pico_webserver.dir/pico-sdk/src/rp2_common/pico_printf/printf.c.obj
 .text._out_fct
                0x0000000010003388       0x10 CMakeFiles/pico_webserver.dir/pico-sdk/src/rp2_common/pico_printf/printf.c.obj
 .text._etoa    0x0000000010003398      0x44c CMakeFiles/pico_webserver.dir/pico-sdk/src/rp2_common/pico_printf/printf.c.obj
 .text._ftoa    0x00000000100037e4      0x398 CMakeFiles/pico_webserver.dir/pico-sdk/src/rp2_common/pico_printf/printf.c.obj
 .text._vsnprintf
                0x0000000010003b7c      0xb04 CMakeFiles/pico_webserver.dir/pico-sdk/src/rp2_common/pico_printf/printf.c.obj
 .text.__wrap_snprintf
                0x0000000010004680       0x28 CMakeFiles/pico_webserver.dir/pico-sdk/src/rp2_common/pico_printf/printf.c.obj
                0x0000000010004680                __wrap_snprintf
 .text.vfctprintf
                0x00000000100046a8       0x20 CMakeFiles/pico_webserver.dir/pico-sdk/src/rp2_common/pico_printf/printf.c.obj
                0x00000000100046a8                vfctprintf
 .text.weak_raw_vprintf
                0x00000000100046c8       0x30 CMakeFiles/pico_webserver.dir/pico-sdk/src/rp2_common/pico_printf/printf.c.obj
                0x00000000100046c8                weak_raw_vprintf
 .text          0x00000000100046f8       0x10 CMakeFiles/pico_webserver.dir/pico-sdk/src/rp2_common/pico_bit_ops/bit_ops_aeabi.S.obj
 .text.ctzsi    0x0000000010004708        0xc CMakeFiles/pico_webserver.dir/pico-sdk/src/rp2_common/pico_bit_ops/bit_ops_aeabi.S.obj
                0x0000000010004708                __wrap___ctzsi2
 .text.rom_func_lookup
                0x0000000010004714       0x10 CMakeFiles/pico_webserver.dir/pico-sdk/src/rp2_common/pico_bootrom/bootrom.c.obj
                0x0000000010004714                rom_func_lookup
 .text.rom_data_lookup
                0x0000000010004724       0x10 CMakeFiles/pico_webserver.dir/pico-sdk/src/rp2_common/pico_bootrom/bootrom.c.obj
                0x0000000010004724                rom_data_lookup
 .text.rom_funcs_lookup
                0x0000000010004734       0x44 CMakeFiles/pico_webserver.dir/pico-sdk/src/rp2_common/pico_bootrom/bootrom.c.obj
                0x0000000010004734                rom_funcs_lookup
 .text.__wrap___aeabi_idiv
                0x0000000010004778       0x50 CMakeFiles/pico_webserver.dir/pico-sdk/src/rp2_common/pico_divider/divider.S.obj
                0x0000000010004778                __wrap___aeabi_idivmod
                0x0000000010004778                divmod_s32s32
                0x0000000010004778                div_s32s32
                0x0000000010004778                __wrap___aeabi_idiv
                0x0000000010004780                divmod_s32s32_unsafe
                0x00000000100047ac                divmod_s32s32_savestate
 .text.__wrap___aeabi_uidiv
                0x00000000100047c8       0x4c CMakeFiles/pico_webserver.dir/pico-sdk/src/rp2_common/pico_divider/divider.S.obj
                0x00000000100047c8                __wrap___aeabi_uidiv
                0x00000000100047c8                __wrap___aeabi_uidivmod
                0x00000000100047c8                div_u32u32
                0x00000000100047c8                divmod_u32u32
                0x00000000100047d0                divmod_u32u32_unsafe
                0x00000000100047f8                divmod_u32u32_savestate
 .text.__wrap___aeabi_ldiv
                0x0000000010004814      0x424 CMakeFiles/pico_webserver.dir/pico-sdk/src/rp2_common/pico_divider/divider.S.obj
                0x0000000010004814                div_s64s64
                0x0000000010004814                divmod_s64s64
                0x0000000010004814                __wrap___aeabi_ldivmod
                0x0000000010004844                div_u64u64
                0x0000000010004844                divmod_u64u64
                0x0000000010004844                __wrap___aeabi_uldivmod
                0x0000000010004854                divmod_u64u64_savestate
                0x0000000010004874                divmod_s64s64_unsafe
                0x00000000100048fc                divmod_u64u64_unsafe
 .text.__wrap___aeabi_darithmetic
                0x0000000010004c38       0x60 CMakeFiles/pico_webserver.dir/pico-sdk/src/rp2_common/pico_double/double_aeabi.S.obj
                0x0000000010004c38                __wrap___aeabi_drsub
                0x0000000010004c3e                __wrap___aeabi_dsub
                0x0000000010004c48                __wrap___aeabi_dadd
                0x0000000010004c52                __wrap___aeabi_ddiv
                0x0000000010004c86                __wrap___aeabi_dmul
 .text.__wrap___aeabi_cdcmple
                0x0000000010004c98       0x6c CMakeFiles/pico_webserver.dir/pico-sdk/src/rp2_common/pico_double/double_aeabi.S.obj
                0x0000000010004c98                __wrap___aeabi_cdrcmple
                0x0000000010004ca8                __wrap___aeabi_cdcmple
                0x0000000010004ca8                __wrap___aeabi_cdcmpeq
 .text.__wrap___aeabi_dcmplt
                0x0000000010004d04        0xc CMakeFiles/pico_webserver.dir/pico-sdk/src/rp2_common/pico_double/double_aeabi.S.obj
                0x0000000010004d04                __wrap___aeabi_dcmplt
 .text.__wrap___aeabi_dcmple
                0x0000000010004d10       0x10 CMakeFiles/pico_webserver.dir/pico-sdk/src/rp2_common/pico_double/double_aeabi.S.obj
                0x0000000010004d10                __wrap___aeabi_dcmple
 .text.__wrap___aeabi_dcmpge
                0x0000000010004d20       0x10 CMakeFiles/pico_webserver.dir/pico-sdk/src/rp2_common/pico_double/double_aeabi.S.obj
                0x0000000010004d20                __wrap___aeabi_dcmpge
 .text.__wrap___aeabi_dcmpgt
                0x0000000010004d30        0xa CMakeFiles/pico_webserver.dir/pico-sdk/src/rp2_common/pico_double/double_aeabi.S.obj
                0x0000000010004d30                __wrap___aeabi_dcmpgt
 .text.__wrap___aeabi_dcmpun
                0x0000000010004d3a       0x1c CMakeFiles/pico_webserver.dir/pico-sdk/src/rp2_common/pico_double/double_aeabi.S.obj
                0x0000000010004d3a                __wrap___aeabi_dcmpun
 *fill*         0x0000000010004d56        0x2 
 .text.__wrap___aeabi_i2d
                0x0000000010004d58       0x38 CMakeFiles/pico_webserver.dir/pico-sdk/src/rp2_common/pico_double/double_aeabi.S.obj
                0x0000000010004d58                __wrap___aeabi_ui2d
                0x0000000010004d60                __wrap___aeabi_i2d
 .text.__wrap___aeabi_d2iz
                0x0000000010004d90       0x48 CMakeFiles/pico_webserver.dir/pico-sdk/src/rp2_common/pico_double/double_aeabi.S.obj
                0x0000000010004d90                __wrap___aeabi_d2iz
                0x0000000010004d90                double2int_z
 .text.__wrap___aeabi_d2uiz
                0x0000000010004dd8       0x10 CMakeFiles/pico_webserver.dir/pico-sdk/src/rp2_common/pico_double/double_aeabi.S.obj
                0x0000000010004dd8                double2uint
                0x0000000010004dd8                __wrap___aeabi_d2uiz
 .text.missing_double_func_shim
                0x0000000010004de8        0xc CMakeFiles/pico_webserver.dir/pico-sdk/src/rp2_common/pico_double/double_init_rom.c.obj
 .text.__aeabi_double_init
                0x0000000010004df4       0x98 CMakeFiles/pico_webserver.dir/pico-sdk/src/rp2_common/pico_double/double_init_rom.c.obj
                0x0000000010004df4                __aeabi_double_init
 .text.double_table_shim_on_use_helper
                0x0000000010004e8c       0x2c CMakeFiles/pico_webserver.dir/pico-sdk/src/rp2_common/pico_double/double_v1_rom_shim.S.obj
                0x0000000010004e8c                double_table_shim_on_use_helper
 .text.__aeabi_lmul
                0x0000000010004eb8       0x32 CMakeFiles/pico_webserver.dir/pico-sdk/src/rp2_common/pico_int64_ops/pico_int64_ops_aeabi.S.obj
                0x0000000010004eb8                __wrap___aeabi_lmul
 *fill*         0x0000000010004eea        0x2 
 .text.missing_float_func_shim
                0x0000000010004eec        0xc CMakeFiles/pico_webserver.dir/pico-sdk/src/rp2_common/pico_float/float_init_rom.c.obj
 .text.__aeabi_float_init
                0x0000000010004ef8       0x5c CMakeFiles/pico_webserver.dir/pico-sdk/src/rp2_common/pico_float/float_init_rom.c.obj
                0x0000000010004ef8                __aeabi_float_init
 .text.__wrap_malloc
                0x0000000010004f54       0x3c CMakeFiles/pico_webserver.dir/pico-sdk/src/rp2_common/pico_malloc/pico_malloc.c.obj
                0x0000000010004f54                __wrap_malloc
 .text.__wrap_calloc
                0x0000000010004f90       0x40 CMakeFiles/pico_webserver.dir/pico-sdk/src/rp2_common/pico_malloc/pico_malloc.c.obj
                0x0000000010004f90                __wrap_calloc
 .text.__wrap_free
                0x0000000010004fd0       0x20 CMakeFiles/pico_webserver.dir/pico-sdk/src/rp2_common/pico_malloc/pico_malloc.c.obj
                0x0000000010004fd0                __wrap_free
 .text          0x0000000010004ff0       0x10 CMakeFiles/pico_webserver.dir/pico-sdk/src/rp2_common/pico_mem_ops/mem_ops_aeabi.S.obj
                0x0000000010004ff0                __aeabi_mem_init
 .text.memset   0x0000000010005000        0xc CMakeFiles/pico_webserver.dir/pico-sdk/src/rp2_common/pico_mem_ops/mem_ops_aeabi.S.obj
                0x0000000010005000                __wrap_memset
 .text.memcpy   0x000000001000500c        0xc CMakeFiles/pico_webserver.dir/pico-sdk/src/rp2_common/pico_mem_ops/mem_ops_aeabi.S.obj
                0x000000001000500c                __wrap___aeabi_memcpy
                0x000000001000500c                __wrap_memcpy
 .text.stdio_out_chars_no_crlf
                0x0000000010005018       0x10 CMakeFiles/pico_webserver.dir/pico-sdk/src/rp2_common/pico_stdio/stdio.c.obj
 .text.stdio_out_chars_crlf
                0x0000000010005028       0xb4 CMakeFiles/pico_webserver.dir/pico-sdk/src/rp2_common/pico_stdio/stdio.c.obj
 .text.stdio_buffered_printer
                0x00000000100050dc       0x64 CMakeFiles/pico_webserver.dir/pico-sdk/src/rp2_common/pico_stdio/stdio.c.obj
 .text.stdio_put_string.isra.0
                0x0000000010005140       0xfc CMakeFiles/pico_webserver.dir/pico-sdk/src/rp2_common/pico_stdio/stdio.c.obj
 .text.__wrap_putchar
                0x000000001000523c       0x98 CMakeFiles/pico_webserver.dir/pico-sdk/src/rp2_common/pico_stdio/stdio.c.obj
                0x000000001000523c                __wrap_putchar
 .text.__wrap_puts
                0x00000000100052d4       0x3c CMakeFiles/pico_webserver.dir/pico-sdk/src/rp2_common/pico_stdio/stdio.c.obj
                0x00000000100052d4                __wrap_puts
 .text.__wrap_vprintf
                0x0000000010005310       0xd8 CMakeFiles/pico_webserver.dir/pico-sdk/src/rp2_common/pico_stdio/stdio.c.obj
                0x0000000010005310                __wrap_vprintf
 .text.__wrap_printf
                0x00000000100053e8       0x18 CMakeFiles/pico_webserver.dir/pico-sdk/src/rp2_common/pico_stdio/stdio.c.obj
                0x00000000100053e8                __wrap_printf
 .text.startup._retrieve_unique_id_on_boot
                0x0000000010005400       0x10 CMakeFiles/pico_webserver.dir/pico-sdk/src/rp2_common/pico_unique_id/unique_id.c.obj
 .text.pico_get_unique_board_id
                0x0000000010005410       0x10 CMakeFiles/pico_webserver.dir/pico-sdk/src/rp2_common/pico_unique_id/unique_id.c.obj
                0x0000000010005410                pico_get_unique_board_id
 .text.flash_get_unique_id
                0x0000000010005420       0x40 CMakeFiles/pico_webserver.dir/pico-sdk/src/rp2_common/hardware_flash/flash.c.obj
                0x0000000010005420                flash_get_unique_id
 .text.dcd_int_enable
                0x0000000010005460        0xc CMakeFiles/pico_webserver.dir/pico-sdk/lib/tinyusb/src/portable/raspberrypi/rp2040/dcd_rp2040.c.obj
                0x0000000010005460                dcd_int_enable
 .text.dcd_set_address
                0x000000001000546c       0x14 CMakeFiles/pico_webserver.dir/pico-sdk/lib/tinyusb/src/portable/raspberrypi/rp2040/dcd_rp2040.c.obj
                0x000000001000546c                dcd_set_address
 .text.dcd_connect
                0x0000000010005480       0x10 CMakeFiles/pico_webserver.dir/pico-sdk/lib/tinyusb/src/portable/raspberrypi/rp2040/dcd_rp2040.c.obj
                0x0000000010005480                dcd_connect
 .text.dcd_init
                0x0000000010005490       0x98 CMakeFiles/pico_webserver.dir/pico-sdk/lib/tinyusb/src/portable/raspberrypi/rp2040/dcd_rp2040.c.obj
                0x0000000010005490                dcd_init
 .text.dcd_edpt0_status_complete
                0x0000000010005528       0x1c CMakeFiles/pico_webserver.dir/pico-sdk/lib/tinyusb/src/portable/raspberrypi/rp2040/dcd_rp2040.c.obj
                0x0000000010005528                dcd_edpt0_status_complete
 .text.dcd_edpt_open
                0x0000000010005544      0x108 CMakeFiles/pico_webserver.dir/pico-sdk/lib/tinyusb/src/portable/raspberrypi/rp2040/dcd_rp2040.c.obj
                0x0000000010005544                dcd_edpt_open
 .text.dcd_edpt_close_all
                0x000000001000564c        0x8 CMakeFiles/pico_webserver.dir/pico-sdk/lib/tinyusb/src/portable/raspberrypi/rp2040/dcd_rp2040.c.obj
                0x000000001000564c                dcd_edpt_close_all
 .text.dcd_edpt_xfer
                0x0000000010005654       0x24 CMakeFiles/pico_webserver.dir/pico-sdk/lib/tinyusb/src/portable/raspberrypi/rp2040/dcd_rp2040.c.obj
                0x0000000010005654                dcd_edpt_xfer
 .text.dcd_edpt_stall
                0x0000000010005678       0x38 CMakeFiles/pico_webserver.dir/pico-sdk/lib/tinyusb/src/portable/raspberrypi/rp2040/dcd_rp2040.c.obj
                0x0000000010005678                dcd_edpt_stall
 .text.dcd_edpt_clear_stall
                0x00000000100056b0       0x30 CMakeFiles/pico_webserver.dir/pico-sdk/lib/tinyusb/src/portable/raspberrypi/rp2040/dcd_rp2040.c.obj
                0x00000000100056b0                dcd_edpt_clear_stall
 .text.rp2040_usb_init
                0x00000000100056e0       0x4c CMakeFiles/pico_webserver.dir/pico-sdk/lib/tinyusb/src/portable/raspberrypi/rp2040/rp2040_usb.c.obj
                0x00000000100056e0                rp2040_usb_init
 .text.hw_endpoint_xfer_start
                0x000000001000572c       0x50 CMakeFiles/pico_webserver.dir/pico-sdk/lib/tinyusb/src/portable/raspberrypi/rp2040/rp2040_usb.c.obj
                0x000000001000572c                hw_endpoint_xfer_start
 .text.tud_mounted
                0x000000001000577c       0x10 CMakeFiles/pico_webserver.dir/pico-sdk/lib/tinyusb/src/device/usbd.c.obj
                0x000000001000577c                tud_mounted
 .text.tud_suspended
                0x000000001000578c       0x10 CMakeFiles/pico_webserver.dir/pico-sdk/lib/tinyusb/src/device/usbd.c.obj
                0x000000001000578c                tud_suspended
 .text.tud_inited
                0x000000001000579c       0x14 CMakeFiles/pico_webserver.dir/pico-sdk/lib/tinyusb/src/device/usbd.c.obj
                0x000000001000579c                tud_inited
 .text.tud_init
                0x00000000100057b0       0xe4 CMakeFiles/pico_webserver.dir/pico-sdk/lib/tinyusb/src/device/usbd.c.obj
                0x00000000100057b0                tud_init
 .text.tud_task_ext
                0x0000000010005894      0x870 CMakeFiles/pico_webserver.dir/pico-sdk/lib/tinyusb/src/device/usbd.c.obj
                0x0000000010005894                tud_task_ext
 .text.usbd_open_edpt_pair
                0x0000000010006104       0x9c CMakeFiles/pico_webserver.dir/pico-sdk/lib/tinyusb/src/device/usbd.c.obj
                0x0000000010006104                usbd_open_edpt_pair
 .text.usbd_edpt_open
                0x00000000100061a0       0x34 CMakeFiles/pico_webserver.dir/pico-sdk/lib/tinyusb/src/device/usbd.c.obj
                0x00000000100061a0                usbd_edpt_open
 .text.usbd_edpt_xfer
                0x00000000100061d4       0x4c CMakeFiles/pico_webserver.dir/pico-sdk/lib/tinyusb/src/device/usbd.c.obj
                0x00000000100061d4                usbd_edpt_xfer
 .text.usbd_edpt_busy
                0x0000000010006220       0x1c CMakeFiles/pico_webserver.dir/pico-sdk/lib/tinyusb/src/device/usbd.c.obj
                0x0000000010006220                usbd_edpt_busy
 .text.tud_control_status
                0x000000001000623c       0x30 CMakeFiles/pico_webserver.dir/pico-sdk/lib/tinyusb/src/device/usbd_control.c.obj
                0x000000001000623c                tud_control_status
 .text.tud_control_xfer
                0x000000001000626c       0xbc CMakeFiles/pico_webserver.dir/pico-sdk/lib/tinyusb/src/device/usbd_control.c.obj
                0x000000001000626c                tud_control_xfer
 .text.usbd_control_reset
                0x0000000010006328       0x14 CMakeFiles/pico_webserver.dir/pico-sdk/lib/tinyusb/src/device/usbd_control.c.obj
                0x0000000010006328                usbd_control_reset
 .text.usbd_control_set_complete_callback
                0x000000001000633c        0xc CMakeFiles/pico_webserver.dir/pico-sdk/lib/tinyusb/src/device/usbd_control.c.obj
                0x000000001000633c                usbd_control_set_complete_callback
 .text.usbd_control_set_request
                0x0000000010006348       0x1c CMakeFiles/pico_webserver.dir/pico-sdk/lib/tinyusb/src/device/usbd_control.c.obj
                0x0000000010006348                usbd_control_set_request
 .text.usbd_control_xfer_cb
                0x0000000010006364       0xfc CMakeFiles/pico_webserver.dir/pico-sdk/lib/tinyusb/src/device/usbd_control.c.obj
                0x0000000010006364                usbd_control_xfer_cb
 .text.tud_network_recv_renew
                0x0000000010006460       0x20 CMakeFiles/pico_webserver.dir/pico-sdk/lib/tinyusb/src/class/net/ecm_rndis_device.c.obj
                0x0000000010006460                tud_network_recv_renew
 .text.netd_report
                0x0000000010006480       0x24 CMakeFiles/pico_webserver.dir/pico-sdk/lib/tinyusb/src/class/net/ecm_rndis_device.c.obj
                0x0000000010006480                netd_report
 .text.netd_init
                0x00000000100064a4       0x14 CMakeFiles/pico_webserver.dir/pico-sdk/lib/tinyusb/src/class/net/ecm_rndis_device.c.obj
                0x00000000100064a4                netd_init
 .text.netd_reset
                0x00000000100064b8       0x14 CMakeFiles/pico_webserver.dir/pico-sdk/lib/tinyusb/src/class/net/ecm_rndis_device.c.obj
                0x00000000100064b8                netd_reset
 .text.netd_open
                0x00000000100064cc      0x11c CMakeFiles/pico_webserver.dir/pico-sdk/lib/tinyusb/src/class/net/ecm_rndis_device.c.obj
                0x00000000100064cc                netd_open
 .text.netd_control_xfer_cb
                0x00000000100065e8      0x174 CMakeFiles/pico_webserver.dir/pico-sdk/lib/tinyusb/src/class/net/ecm_rndis_device.c.obj
                0x00000000100065e8                netd_control_xfer_cb
 .text.netd_xfer_cb
                0x000000001000675c       0xec CMakeFiles/pico_webserver.dir/pico-sdk/lib/tinyusb/src/class/net/ecm_rndis_device.c.obj
                0x000000001000675c                netd_xfer_cb
 .text.tud_network_can_xmit
                0x0000000010006848        0xc CMakeFiles/pico_webserver.dir/pico-sdk/lib/tinyusb/src/class/net/ecm_rndis_device.c.obj
                0x0000000010006848                tud_network_can_xmit
 .text.tud_network_xmit
                0x0000000010006854       0x98 CMakeFiles/pico_webserver.dir/pico-sdk/lib/tinyusb/src/class/net/ecm_rndis_device.c.obj
                0x0000000010006854                tud_network_xmit
 .text.tusb_init
                0x00000000100068ec        0xc CMakeFiles/pico_webserver.dir/pico-sdk/lib/tinyusb/src/tusb.c.obj
                0x00000000100068ec                tusb_init
 .text.tusb_inited
                0x00000000100068f8        0x8 CMakeFiles/pico_webserver.dir/pico-sdk/lib/tinyusb/src/tusb.c.obj
                0x00000000100068f8                tusb_inited
 .text.tu_edpt_validate
                0x0000000010006900       0x78 CMakeFiles/pico_webserver.dir/pico-sdk/lib/tinyusb/src/tusb.c.obj
                0x0000000010006900                tu_edpt_validate
 .text.tu_edpt_bind_driver
                0x0000000010006978       0x34 CMakeFiles/pico_webserver.dir/pico-sdk/lib/tinyusb/src/tusb.c.obj
                0x0000000010006978                tu_edpt_bind_driver
 .text.tu_fifo_read
                0x00000000100069ac       0xa0 CMakeFiles/pico_webserver.dir/pico-sdk/lib/tinyusb/src/common/tusb_fifo.c.obj
                0x00000000100069ac                tu_fifo_read
 .text.tu_fifo_write
                0x0000000010006a4c       0x88 CMakeFiles/pico_webserver.dir/pico-sdk/lib/tinyusb/src/common/tusb_fifo.c.obj
                0x0000000010006a4c                tu_fifo_write
 .text.tu_fifo_clear
                0x0000000010006ad4       0x40 CMakeFiles/pico_webserver.dir/pico-sdk/lib/tinyusb/src/common/tusb_fifo.c.obj
                0x0000000010006ad4                tu_fifo_clear
 .text.lwip_timeout_reached
                0x0000000010006b14        0x8 CMakeFiles/pico_webserver.dir/pico-sdk/src/rp2_common/pico_lwip/lwip_nosys.c.obj
 .text.update_next_timeout
                0x0000000010006b1c       0x6c CMakeFiles/pico_webserver.dir/pico-sdk/src/rp2_common/pico_lwip/lwip_nosys.c.obj
 .text.lwip_nosys_init
                0x0000000010006b88       0x30 CMakeFiles/pico_webserver.dir/pico-sdk/src/rp2_common/pico_lwip/lwip_nosys.c.obj
                0x0000000010006b88                lwip_nosys_init
 .text.lwip_nosys_deinit
                0x0000000010006bb8       0x20 CMakeFiles/pico_webserver.dir/pico-sdk/src/rp2_common/pico_lwip/lwip_nosys.c.obj
                0x0000000010006bb8                lwip_nosys_deinit
 .text.sys_arch_protect
                0x0000000010006bd8        0x4 CMakeFiles/pico_webserver.dir/pico-sdk/src/rp2_common/pico_lwip/lwip_nosys.c.obj
                0x0000000010006bd8                sys_arch_protect
 .text.sys_arch_unprotect
                0x0000000010006bdc        0x4 CMakeFiles/pico_webserver.dir/pico-sdk/src/rp2_common/pico_lwip/lwip_nosys.c.obj
                0x0000000010006bdc                sys_arch_unprotect
 .text.sys_now  0x0000000010006be0       0x20 CMakeFiles/pico_webserver.dir/pico-sdk/src/rp2_common/pico_lwip/lwip_nosys.c.obj
                0x0000000010006be0                sys_now
 .text.async_context_base_add_at_time_worker
                0x0000000010006c00       0x28 CMakeFiles/pico_webserver.dir/pico-sdk/src/rp2_common/pico_async_context/async_context_base.c.obj
                0x0000000010006c00                async_context_base_add_at_time_worker
 .text.async_context_base_remove_at_time_worker
                0x0000000010006c28       0x28 CMakeFiles/pico_webserver.dir/pico-sdk/src/rp2_common/pico_async_context/async_context_base.c.obj
                0x0000000010006c28                async_context_base_remove_at_time_worker
 .text.async_context_base_add_when_pending_worker
                0x0000000010006c50       0x24 CMakeFiles/pico_webserver.dir/pico-sdk/src/rp2_common/pico_async_context/async_context_base.c.obj
                0x0000000010006c50                async_context_base_add_when_pending_worker
 .text.async_context_base_remove_when_pending_worker
                0x0000000010006c74       0x28 CMakeFiles/pico_webserver.dir/pico-sdk/src/rp2_common/pico_async_context/async_context_base.c.obj
                0x0000000010006c74                async_context_base_remove_when_pending_worker
 .text.async_context_base_execute_once
                0x0000000010006c9c       0xe8 CMakeFiles/pico_webserver.dir/pico-sdk/src/rp2_common/pico_async_context/async_context_base.c.obj
                0x0000000010006c9c                async_context_base_execute_once
 .text.async_context_base_needs_servicing
                0x0000000010006d84       0x54 CMakeFiles/pico_webserver.dir/pico-sdk/src/rp2_common/pico_async_context/async_context_base.c.obj
                0x0000000010006d84                async_context_base_needs_servicing
 .text.lwip_init
                0x0000000010006dd8       0x20 CMakeFiles/pico_webserver.dir/pico-sdk/lib/lwip/src/core/init.c.obj
                0x0000000010006dd8                lwip_init
 .text.lwip_htons
                0x0000000010006df8        0x8 CMakeFiles/pico_webserver.dir/pico-sdk/lib/lwip/src/core/def.c.obj
                0x0000000010006df8                lwip_htons
 .text.lwip_htonl
                0x0000000010006e00        0x4 CMakeFiles/pico_webserver.dir/pico-sdk/lib/lwip/src/core/def.c.obj
                0x0000000010006e00                lwip_htonl
 .text.lwip_strnstr
                0x0000000010006e04       0x5c CMakeFiles/pico_webserver.dir/pico-sdk/lib/lwip/src/core/def.c.obj
                0x0000000010006e04                lwip_strnstr
 .text.lwip_stricmp
                0x0000000010006e60       0x34 CMakeFiles/pico_webserver.dir/pico-sdk/lib/lwip/src/core/def.c.obj
                0x0000000010006e60                lwip_stricmp
 .text.lwip_standard_chksum
                0x0000000010006e94       0x80 CMakeFiles/pico_webserver.dir/pico-sdk/lib/lwip/src/core/inet_chksum.c.obj
                0x0000000010006e94                lwip_standard_chksum
 .text.inet_chksum_pseudo
                0x0000000010006f14       0xb4 CMakeFiles/pico_webserver.dir/pico-sdk/lib/lwip/src/core/inet_chksum.c.obj
                0x0000000010006f14                inet_chksum_pseudo
 .text.ip_chksum_pseudo
                0x0000000010006fc8       0x10 CMakeFiles/pico_webserver.dir/pico-sdk/lib/lwip/src/core/inet_chksum.c.obj
                0x0000000010006fc8                ip_chksum_pseudo
 .text.inet_chksum
                0x0000000010006fd8       0x8c CMakeFiles/pico_webserver.dir/pico-sdk/lib/lwip/src/core/inet_chksum.c.obj
                0x0000000010006fd8                inet_chksum
 .text.inet_chksum_pbuf
                0x0000000010007064       0x6c CMakeFiles/pico_webserver.dir/pico-sdk/lib/lwip/src/core/inet_chksum.c.obj
                0x0000000010007064                inet_chksum_pbuf
 .text.mem_init
                0x00000000100070d0       0x48 CMakeFiles/pico_webserver.dir/pico-sdk/lib/lwip/src/core/mem.c.obj
                0x00000000100070d0                mem_init
 .text.mem_free
                0x0000000010007118      0x128 CMakeFiles/pico_webserver.dir/pico-sdk/lib/lwip/src/core/mem.c.obj
                0x0000000010007118                mem_free
 .text.mem_trim
                0x0000000010007240      0x144 CMakeFiles/pico_webserver.dir/pico-sdk/lib/lwip/src/core/mem.c.obj
                0x0000000010007240                mem_trim
 .text.mem_malloc
                0x0000000010007384      0x130 CMakeFiles/pico_webserver.dir/pico-sdk/lib/lwip/src/core/mem.c.obj
                0x0000000010007384                mem_malloc
 .text.memp_init
                0x00000000100074b4       0x94 CMakeFiles/pico_webserver.dir/pico-sdk/lib/lwip/src/core/memp.c.obj
                0x00000000100074b4                memp_init
 .text.memp_malloc
                0x0000000010007548       0x4c CMakeFiles/pico_webserver.dir/pico-sdk/lib/lwip/src/core/memp.c.obj
                0x0000000010007548                memp_malloc
 .text.memp_free
                0x0000000010007594       0x30 CMakeFiles/pico_webserver.dir/pico-sdk/lib/lwip/src/core/memp.c.obj
                0x0000000010007594                memp_free
 .text.netif_null_output_ip4
                0x00000000100075c4        0x8 CMakeFiles/pico_webserver.dir/pico-sdk/lib/lwip/src/core/netif.c.obj
 .text.netif_init
                0x00000000100075cc        0x4 CMakeFiles/pico_webserver.dir/pico-sdk/lib/lwip/src/core/netif.c.obj
                0x00000000100075cc                netif_init
 .text.netif_set_addr
                0x00000000100075d0       0xc4 CMakeFiles/pico_webserver.dir/pico-sdk/lib/lwip/src/core/netif.c.obj
                0x00000000100075d0                netif_set_addr
 .text.netif_add
                0x0000000010007694       0xf8 CMakeFiles/pico_webserver.dir/pico-sdk/lib/lwip/src/core/netif.c.obj
                0x0000000010007694                netif_add
 .text.netif_remove
                0x000000001000778c       0x88 CMakeFiles/pico_webserver.dir/pico-sdk/lib/lwip/src/core/netif.c.obj
                0x000000001000778c                netif_remove
 .text.netif_set_default
                0x0000000010007814        0xc CMakeFiles/pico_webserver.dir/pico-sdk/lib/lwip/src/core/netif.c.obj
                0x0000000010007814                netif_set_default
 .text.netif_set_up
                0x0000000010007820       0x14 CMakeFiles/pico_webserver.dir/pico-sdk/lib/lwip/src/core/netif.c.obj
                0x0000000010007820                netif_set_up
 .text.netif_set_link_up
                0x0000000010007834       0x1c CMakeFiles/pico_webserver.dir/pico-sdk/lib/lwip/src/core/netif.c.obj
                0x0000000010007834                netif_set_link_up
 .text.netif_set_link_down
                0x0000000010007850       0x1c CMakeFiles/pico_webserver.dir/pico-sdk/lib/lwip/src/core/netif.c.obj
                0x0000000010007850                netif_set_link_down
 .text.netif_get_by_index
                0x000000001000786c       0x2c CMakeFiles/pico_webserver.dir/pico-sdk/lib/lwip/src/core/netif.c.obj
                0x000000001000786c                netif_get_by_index
 .text.pbuf_free.part.0
                0x0000000010007898       0x80 CMakeFiles/pico_webserver.dir/pico-sdk/lib/lwip/src/core/pbuf.c.obj
 .text.pbuf_free_ooseq
                0x0000000010007918       0x34 CMakeFiles/pico_webserver.dir/pico-sdk/lib/lwip/src/core/pbuf.c.obj
                0x0000000010007918                pbuf_free_ooseq
 .text.pbuf_alloc
                0x000000001000794c      0x12c CMakeFiles/pico_webserver.dir/pico-sdk/lib/lwip/src/core/pbuf.c.obj
                0x000000001000794c                pbuf_alloc
 .text.pbuf_alloced_custom
                0x0000000010007a78       0x38 CMakeFiles/pico_webserver.dir/pico-sdk/lib/lwip/src/core/pbuf.c.obj
                0x0000000010007a78                pbuf_alloced_custom
 .text.pbuf_realloc
                0x0000000010007ab0       0x70 CMakeFiles/pico_webserver.dir/pico-sdk/lib/lwip/src/core/pbuf.c.obj
                0x0000000010007ab0                pbuf_realloc
 .text.pbuf_add_header
                0x0000000010007b20       0x4c CMakeFiles/pico_webserver.dir/pico-sdk/lib/lwip/src/core/pbuf.c.obj
                0x0000000010007b20                pbuf_add_header
 .text.pbuf_remove_header
                0x0000000010007b6c       0x38 CMakeFiles/pico_webserver.dir/pico-sdk/lib/lwip/src/core/pbuf.c.obj
                0x0000000010007b6c                pbuf_remove_header
 .text.pbuf_header_force
                0x0000000010007ba4       0x6c CMakeFiles/pico_webserver.dir/pico-sdk/lib/lwip/src/core/pbuf.c.obj
                0x0000000010007ba4                pbuf_header_force
 .text.pbuf_free
                0x0000000010007c10       0x10 CMakeFiles/pico_webserver.dir/pico-sdk/lib/lwip/src/core/pbuf.c.obj
                0x0000000010007c10                pbuf_free
 .text.pbuf_clen
                0x0000000010007c20       0x14 CMakeFiles/pico_webserver.dir/pico-sdk/lib/lwip/src/core/pbuf.c.obj
                0x0000000010007c20                pbuf_clen
 .text.pbuf_ref
                0x0000000010007c34       0x18 CMakeFiles/pico_webserver.dir/pico-sdk/lib/lwip/src/core/pbuf.c.obj
                0x0000000010007c34                pbuf_ref
 .text.pbuf_cat
                0x0000000010007c4c       0x2c CMakeFiles/pico_webserver.dir/pico-sdk/lib/lwip/src/core/pbuf.c.obj
                0x0000000010007c4c                pbuf_cat
 .text.pbuf_chain
                0x0000000010007c78       0x44 CMakeFiles/pico_webserver.dir/pico-sdk/lib/lwip/src/core/pbuf.c.obj
                0x0000000010007c78                pbuf_chain
 .text.pbuf_copy_partial_pbuf
                0x0000000010007cbc      0x11c CMakeFiles/pico_webserver.dir/pico-sdk/lib/lwip/src/core/pbuf.c.obj
                0x0000000010007cbc                pbuf_copy_partial_pbuf
 .text.pbuf_copy
                0x0000000010007dd8       0x18 CMakeFiles/pico_webserver.dir/pico-sdk/lib/lwip/src/core/pbuf.c.obj
                0x0000000010007dd8                pbuf_copy
 .text.pbuf_copy_partial
                0x0000000010007df0       0x70 CMakeFiles/pico_webserver.dir/pico-sdk/lib/lwip/src/core/pbuf.c.obj
                0x0000000010007df0                pbuf_copy_partial
 .text.pbuf_take
                0x0000000010007e60       0x54 CMakeFiles/pico_webserver.dir/pico-sdk/lib/lwip/src/core/pbuf.c.obj
                0x0000000010007e60                pbuf_take
 .text.pbuf_clone
                0x0000000010007eb4       0x20 CMakeFiles/pico_webserver.dir/pico-sdk/lib/lwip/src/core/pbuf.c.obj
                0x0000000010007eb4                pbuf_clone
 .text.raw_input
                0x0000000010007ed4      0x12c CMakeFiles/pico_webserver.dir/pico-sdk/lib/lwip/src/core/raw.c.obj
                0x0000000010007ed4                raw_input
 .text.raw_netif_ip_addr_changed
                0x0000000010008000       0x40 CMakeFiles/pico_webserver.dir/pico-sdk/lib/lwip/src/core/raw.c.obj
                0x0000000010008000                raw_netif_ip_addr_changed
 .text.stats_init
                0x0000000010008040        0x4 CMakeFiles/pico_webserver.dir/pico-sdk/lib/lwip/src/core/stats.c.obj
                0x0000000010008040                stats_init
 .text.tcp_close_shutdown_fin
                0x0000000010008044       0x4c CMakeFiles/pico_webserver.dir/pico-sdk/lib/lwip/src/core/tcp.c.obj
 .text.tcp_pcb_purge.part.0
                0x0000000010008090       0xc4 CMakeFiles/pico_webserver.dir/pico-sdk/lib/lwip/src/core/tcp.c.obj
 .text.tcp_init
                0x0000000010008154        0x4 CMakeFiles/pico_webserver.dir/pico-sdk/lib/lwip/src/core/tcp.c.obj
                0x0000000010008154                tcp_init
 .text.tcp_free
                0x0000000010008158        0xc CMakeFiles/pico_webserver.dir/pico-sdk/lib/lwip/src/core/tcp.c.obj
                0x0000000010008158                tcp_free
 .text.tcp_bind
                0x0000000010008164       0xf8 CMakeFiles/pico_webserver.dir/pico-sdk/lib/lwip/src/core/tcp.c.obj
                0x0000000010008164                tcp_bind
 .text.tcp_listen_with_backlog
                0x000000001000825c       0x88 CMakeFiles/pico_webserver.dir/pico-sdk/lib/lwip/src/core/tcp.c.obj
                0x000000001000825c                tcp_listen_with_backlog
 .text.tcp_update_rcv_ann_wnd
                0x00000000100082e4       0x3c CMakeFiles/pico_webserver.dir/pico-sdk/lib/lwip/src/core/tcp.c.obj
                0x00000000100082e4                tcp_update_rcv_ann_wnd
 .text.tcp_recved
                0x0000000010008320       0x78 CMakeFiles/pico_webserver.dir/pico-sdk/lib/lwip/src/core/tcp.c.obj
                0x0000000010008320                tcp_recved
 .text.tcp_slowtmr
                0x0000000010008398      0x42c CMakeFiles/pico_webserver.dir/pico-sdk/lib/lwip/src/core/tcp.c.obj
                0x0000000010008398                tcp_slowtmr
 .text.tcp_segs_free
                0x00000000100087c4       0x38 CMakeFiles/pico_webserver.dir/pico-sdk/lib/lwip/src/core/tcp.c.obj
                0x00000000100087c4                tcp_segs_free
 .text.tcp_seg_free
                0x00000000100087fc       0x1c CMakeFiles/pico_webserver.dir/pico-sdk/lib/lwip/src/core/tcp.c.obj
                0x00000000100087fc                tcp_seg_free
 .text.tcp_setprio
                0x0000000010008818        0x8 CMakeFiles/pico_webserver.dir/pico-sdk/lib/lwip/src/core/tcp.c.obj
                0x0000000010008818                tcp_setprio
 .text.tcp_seg_copy
                0x0000000010008820       0x20 CMakeFiles/pico_webserver.dir/pico-sdk/lib/lwip/src/core/tcp.c.obj
                0x0000000010008820                tcp_seg_copy
 .text.tcp_arg  0x0000000010008840        0x8 CMakeFiles/pico_webserver.dir/pico-sdk/lib/lwip/src/core/tcp.c.obj
                0x0000000010008840                tcp_arg
 .text.tcp_recv
                0x0000000010008848        0xc CMakeFiles/pico_webserver.dir/pico-sdk/lib/lwip/src/core/tcp.c.obj
                0x0000000010008848                tcp_recv
 .text.tcp_sent
                0x0000000010008854        0xc CMakeFiles/pico_webserver.dir/pico-sdk/lib/lwip/src/core/tcp.c.obj
                0x0000000010008854                tcp_sent
 .text.tcp_err  0x0000000010008860        0xc CMakeFiles/pico_webserver.dir/pico-sdk/lib/lwip/src/core/tcp.c.obj
                0x0000000010008860                tcp_err
 .text.tcp_accept
                0x000000001000886c       0x10 CMakeFiles/pico_webserver.dir/pico-sdk/lib/lwip/src/core/tcp.c.obj
                0x000000001000886c                tcp_accept
 .text.tcp_poll
                0x000000001000887c        0xc CMakeFiles/pico_webserver.dir/pico-sdk/lib/lwip/src/core/tcp.c.obj
                0x000000001000887c                tcp_poll
 .text.tcp_pcb_purge
                0x0000000010008888       0x18 CMakeFiles/pico_webserver.dir/pico-sdk/lib/lwip/src/core/tcp.c.obj
                0x0000000010008888                tcp_pcb_purge
 .text.tcp_pcb_remove
                0x00000000100088a0       0x78 CMakeFiles/pico_webserver.dir/pico-sdk/lib/lwip/src/core/tcp.c.obj
                0x00000000100088a0                tcp_pcb_remove
 .text.tcp_abandon
                0x0000000010008918      0x184 CMakeFiles/pico_webserver.dir/pico-sdk/lib/lwip/src/core/tcp.c.obj
                0x0000000010008918                tcp_abandon
 .text.tcp_abort
                0x0000000010008a9c        0xc CMakeFiles/pico_webserver.dir/pico-sdk/lib/lwip/src/core/tcp.c.obj
                0x0000000010008a9c                tcp_abort
 .text.tcp_accept_null
                0x0000000010008aa8       0x10 CMakeFiles/pico_webserver.dir/pico-sdk/lib/lwip/src/core/tcp.c.obj
 .text.tcp_alloc
                0x0000000010008ab8      0x1f8 CMakeFiles/pico_webserver.dir/pico-sdk/lib/lwip/src/core/tcp.c.obj
                0x0000000010008ab8                tcp_alloc
 .text.tcp_new_ip_type
                0x0000000010008cb0      0x1d8 CMakeFiles/pico_webserver.dir/pico-sdk/lib/lwip/src/core/tcp.c.obj
                0x0000000010008cb0                tcp_new_ip_type
 .text.tcp_close_shutdown
                0x0000000010008e88      0x14c CMakeFiles/pico_webserver.dir/pico-sdk/lib/lwip/src/core/tcp.c.obj
 .text.tcp_recv_null
                0x0000000010008fd4       0xa8 CMakeFiles/pico_webserver.dir/pico-sdk/lib/lwip/src/core/tcp.c.obj
                0x0000000010008fd4                tcp_recv_null
 .text.tcp_process_refused_data
                0x000000001000907c       0xe8 CMakeFiles/pico_webserver.dir/pico-sdk/lib/lwip/src/core/tcp.c.obj
                0x000000001000907c                tcp_process_refused_data
 .text.tcp_fasttmr
                0x0000000010009164       0x98 CMakeFiles/pico_webserver.dir/pico-sdk/lib/lwip/src/core/tcp.c.obj
                0x0000000010009164                tcp_fasttmr
 .text.tcp_tmr  0x00000000100091fc       0x20 CMakeFiles/pico_webserver.dir/pico-sdk/lib/lwip/src/core/tcp.c.obj
                0x00000000100091fc                tcp_tmr
 .text.tcp_close
                0x000000001000921c      0x15c CMakeFiles/pico_webserver.dir/pico-sdk/lib/lwip/src/core/tcp.c.obj
                0x000000001000921c                tcp_close
 .text.tcp_next_iss
                0x0000000010009378       0x18 CMakeFiles/pico_webserver.dir/pico-sdk/lib/lwip/src/core/tcp.c.obj
                0x0000000010009378                tcp_next_iss
 .text.tcp_eff_send_mss_netif
                0x0000000010009390       0x28 CMakeFiles/pico_webserver.dir/pico-sdk/lib/lwip/src/core/tcp.c.obj
                0x0000000010009390                tcp_eff_send_mss_netif
 .text.tcp_netif_ip_addr_changed
                0x00000000100093b8       0x9c CMakeFiles/pico_webserver.dir/pico-sdk/lib/lwip/src/core/tcp.c.obj
                0x00000000100093b8                tcp_netif_ip_addr_changed
 .text.tcp_free_ooseq
                0x0000000010009454       0x40 CMakeFiles/pico_webserver.dir/pico-sdk/lib/lwip/src/core/tcp.c.obj
                0x0000000010009454                tcp_free_ooseq
 .text.tcp_parseopt
                0x0000000010009494      0x180 CMakeFiles/pico_webserver.dir/pico-sdk/lib/lwip/src/core/tcp_in.c.obj
 .text.tcp_oos_insert_segment
                0x0000000010009614       0xd4 CMakeFiles/pico_webserver.dir/pico-sdk/lib/lwip/src/core/tcp_in.c.obj
 .text.tcp_receive
                0x00000000100096e8      0xa3c CMakeFiles/pico_webserver.dir/pico-sdk/lib/lwip/src/core/tcp_in.c.obj
 .text.tcp_input
                0x000000001000a124      0xc64 CMakeFiles/pico_webserver.dir/pico-sdk/lib/lwip/src/core/tcp_in.c.obj
                0x000000001000a124                tcp_input
 .text.tcp_trigger_input_pcb_close
                0x000000001000ad88       0x10 CMakeFiles/pico_webserver.dir/pico-sdk/lib/lwip/src/core/tcp_in.c.obj
                0x000000001000ad88                tcp_trigger_input_pcb_close
 .text.tcp_create_segment
                0x000000001000ad98       0xd0 CMakeFiles/pico_webserver.dir/pico-sdk/lib/lwip/src/core/tcp_out.c.obj
 .text.tcp_output_control_segment
                0x000000001000ae68       0xb4 CMakeFiles/pico_webserver.dir/pico-sdk/lib/lwip/src/core/tcp_out.c.obj
 .text.tcp_write
                0x000000001000af1c      0x600 CMakeFiles/pico_webserver.dir/pico-sdk/lib/lwip/src/core/tcp_out.c.obj
                0x000000001000af1c                tcp_write
 .text.tcp_split_unsent_seg
                0x000000001000b51c      0x19c CMakeFiles/pico_webserver.dir/pico-sdk/lib/lwip/src/core/tcp_out.c.obj
                0x000000001000b51c                tcp_split_unsent_seg
 .text.tcp_send_fin
                0x000000001000b6b8       0xe0 CMakeFiles/pico_webserver.dir/pico-sdk/lib/lwip/src/core/tcp_out.c.obj
                0x000000001000b6b8                tcp_send_fin
 .text.tcp_enqueue_flags
                0x000000001000b798       0xa8 CMakeFiles/pico_webserver.dir/pico-sdk/lib/lwip/src/core/tcp_out.c.obj
                0x000000001000b798                tcp_enqueue_flags
 .text.tcp_rexmit_rto_prepare
                0x000000001000b840       0x8c CMakeFiles/pico_webserver.dir/pico-sdk/lib/lwip/src/core/tcp_out.c.obj
                0x000000001000b840                tcp_rexmit_rto_prepare
 .text.tcp_rexmit
                0x000000001000b8cc       0x90 CMakeFiles/pico_webserver.dir/pico-sdk/lib/lwip/src/core/tcp_out.c.obj
                0x000000001000b8cc                tcp_rexmit
 .text.tcp_rexmit_fast
                0x000000001000b95c       0x58 CMakeFiles/pico_webserver.dir/pico-sdk/lib/lwip/src/core/tcp_out.c.obj
                0x000000001000b95c                tcp_rexmit_fast
 .text.tcp_rst  0x000000001000b9b4       0xbc CMakeFiles/pico_webserver.dir/pico-sdk/lib/lwip/src/core/tcp_out.c.obj
                0x000000001000b9b4                tcp_rst
 .text.tcp_rst_netif
                0x000000001000ba70       0xfc CMakeFiles/pico_webserver.dir/pico-sdk/lib/lwip/src/core/tcp_out.c.obj
                0x000000001000ba70                tcp_rst_netif
 .text.tcp_send_empty_ack
                0x000000001000bb6c       0xdc CMakeFiles/pico_webserver.dir/pico-sdk/lib/lwip/src/core/tcp_out.c.obj
                0x000000001000bb6c                tcp_send_empty_ack
 .text.tcp_output
                0x000000001000bc48      0x410 CMakeFiles/pico_webserver.dir/pico-sdk/lib/lwip/src/core/tcp_out.c.obj
                0x000000001000bc48                tcp_output
 .text.tcp_rexmit_rto_commit
                0x000000001000c058       0x14 CMakeFiles/pico_webserver.dir/pico-sdk/lib/lwip/src/core/tcp_out.c.obj
                0x000000001000c058                tcp_rexmit_rto_commit
 .text.tcp_rexmit_rto
                0x000000001000c06c       0x98 CMakeFiles/pico_webserver.dir/pico-sdk/lib/lwip/src/core/tcp_out.c.obj
                0x000000001000c06c                tcp_rexmit_rto
 .text.tcp_keepalive
                0x000000001000c104       0xc4 CMakeFiles/pico_webserver.dir/pico-sdk/lib/lwip/src/core/tcp_out.c.obj
                0x000000001000c104                tcp_keepalive
 .text.tcp_zero_window_probe
                0x000000001000c1c8      0x18c CMakeFiles/pico_webserver.dir/pico-sdk/lib/lwip/src/core/tcp_out.c.obj
                0x000000001000c1c8                tcp_zero_window_probe
 .text.tcpip_tcp_timer
                0x000000001000c354       0x6c CMakeFiles/pico_webserver.dir/pico-sdk/lib/lwip/src/core/timeouts.c.obj
 .text.lwip_cyclic_timer
                0x000000001000c3c0       0x90 CMakeFiles/pico_webserver.dir/pico-sdk/lib/lwip/src/core/timeouts.c.obj
 .text.tcp_timer_needed
                0x000000001000c450       0x70 CMakeFiles/pico_webserver.dir/pico-sdk/lib/lwip/src/core/timeouts.c.obj
                0x000000001000c450                tcp_timer_needed
 .text.sys_timeouts_init
                0x000000001000c4c0       0x78 CMakeFiles/pico_webserver.dir/pico-sdk/lib/lwip/src/core/timeouts.c.obj
                0x000000001000c4c0                sys_timeouts_init
 .text.sys_check_timeouts
                0x000000001000c538       0x68 CMakeFiles/pico_webserver.dir/pico-sdk/lib/lwip/src/core/timeouts.c.obj
                0x000000001000c538                sys_check_timeouts
 .text.sys_timeouts_sleeptime
                0x000000001000c5a0       0x28 CMakeFiles/pico_webserver.dir/pico-sdk/lib/lwip/src/core/timeouts.c.obj
                0x000000001000c5a0                sys_timeouts_sleeptime
 .text.udp_init
                0x000000001000c5c8        0x4 CMakeFiles/pico_webserver.dir/pico-sdk/lib/lwip/src/core/udp.c.obj
                0x000000001000c5c8                udp_init
 .text.udp_input
                0x000000001000c5cc      0x234 CMakeFiles/pico_webserver.dir/pico-sdk/lib/lwip/src/core/udp.c.obj
                0x000000001000c5cc                udp_input
 .text.udp_bind
                0x000000001000c800      0x10c CMakeFiles/pico_webserver.dir/pico-sdk/lib/lwip/src/core/udp.c.obj
                0x000000001000c800                udp_bind
 .text.udp_sendto_if_src
                0x000000001000c90c      0x120 CMakeFiles/pico_webserver.dir/pico-sdk/lib/lwip/src/core/udp.c.obj
                0x000000001000c90c                udp_sendto_if_src
 .text.udp_sendto_if
                0x000000001000ca2c       0x48 CMakeFiles/pico_webserver.dir/pico-sdk/lib/lwip/src/core/udp.c.obj
                0x000000001000ca2c                udp_sendto_if
 .text.udp_sendto
                0x000000001000ca74       0x7c CMakeFiles/pico_webserver.dir/pico-sdk/lib/lwip/src/core/udp.c.obj
                0x000000001000ca74                udp_sendto
 .text.udp_connect
                0x000000001000caf0       0x64 CMakeFiles/pico_webserver.dir/pico-sdk/lib/lwip/src/core/udp.c.obj
                0x000000001000caf0                udp_connect
 .text.udp_recv
                0x000000001000cb54        0xc CMakeFiles/pico_webserver.dir/pico-sdk/lib/lwip/src/core/udp.c.obj
                0x000000001000cb54                udp_recv
 .text.udp_remove
                0x000000001000cb60       0x3c CMakeFiles/pico_webserver.dir/pico-sdk/lib/lwip/src/core/udp.c.obj
                0x000000001000cb60                udp_remove
 .text.udp_new  0x000000001000cb9c       0x1c CMakeFiles/pico_webserver.dir/pico-sdk/lib/lwip/src/core/udp.c.obj
                0x000000001000cb9c                udp_new
 .text.udp_netif_ip_addr_changed
                0x000000001000cbb8       0x40 CMakeFiles/pico_webserver.dir/pico-sdk/lib/lwip/src/core/udp.c.obj
                0x000000001000cbb8                udp_netif_ip_addr_changed
 .text.dhcp_create_msg
                0x000000001000cbf8      0x144 CMakeFiles/pico_webserver.dir/pico-sdk/lib/lwip/src/core/ipv4/dhcp.c.obj
 .text.dhcp_bind
                0x000000001000cd3c      0x140 CMakeFiles/pico_webserver.dir/pico-sdk/lib/lwip/src/core/ipv4/dhcp.c.obj
 .text.dhcp_handle_ack.isra.0
                0x000000001000ce7c       0xa0 CMakeFiles/pico_webserver.dir/pico-sdk/lib/lwip/src/core/ipv4/dhcp.c.obj
 .text.dhcp_discover
                0x000000001000cf1c      0x10c CMakeFiles/pico_webserver.dir/pico-sdk/lib/lwip/src/core/ipv4/dhcp.c.obj
 .text.dhcp_reboot.isra.0
                0x000000001000d028      0x1e0 CMakeFiles/pico_webserver.dir/pico-sdk/lib/lwip/src/core/ipv4/dhcp.c.obj
 .text.dhcp_select.isra.0
                0x000000001000d208      0x244 CMakeFiles/pico_webserver.dir/pico-sdk/lib/lwip/src/core/ipv4/dhcp.c.obj
 .text.dhcp_recv
                0x000000001000d44c      0x414 CMakeFiles/pico_webserver.dir/pico-sdk/lib/lwip/src/core/ipv4/dhcp.c.obj
 .text.dhcp_conflict_callback
                0x000000001000d860      0x124 CMakeFiles/pico_webserver.dir/pico-sdk/lib/lwip/src/core/ipv4/dhcp.c.obj
 .text.dhcp_set_struct
                0x000000001000d984       0x18 CMakeFiles/pico_webserver.dir/pico-sdk/lib/lwip/src/core/ipv4/dhcp.c.obj
                0x000000001000d984                dhcp_set_struct
 .text.dhcp_network_changed_link_up
                0x000000001000d99c       0x30 CMakeFiles/pico_webserver.dir/pico-sdk/lib/lwip/src/core/ipv4/dhcp.c.obj
                0x000000001000d99c                dhcp_network_changed_link_up
 .text.dhcp_renew
                0x000000001000d9cc      0x1a0 CMakeFiles/pico_webserver.dir/pico-sdk/lib/lwip/src/core/ipv4/dhcp.c.obj
                0x000000001000d9cc                dhcp_renew
 .text.dhcp_release_and_stop
                0x000000001000db6c      0x14c CMakeFiles/pico_webserver.dir/pico-sdk/lib/lwip/src/core/ipv4/dhcp.c.obj
                0x000000001000db6c                dhcp_release_and_stop
 .text.dhcp_start
                0x000000001000dcb8      0x10c CMakeFiles/pico_webserver.dir/pico-sdk/lib/lwip/src/core/ipv4/dhcp.c.obj
                0x000000001000dcb8                dhcp_start
 .text.dhcp_coarse_tmr
                0x000000001000ddc4      0x238 CMakeFiles/pico_webserver.dir/pico-sdk/lib/lwip/src/core/ipv4/dhcp.c.obj
                0x000000001000ddc4                dhcp_coarse_tmr
 .text.dhcp_fine_tmr
                0x000000001000dffc       0x78 CMakeFiles/pico_webserver.dir/pico-sdk/lib/lwip/src/core/ipv4/dhcp.c.obj
                0x000000001000dffc                dhcp_fine_tmr
 .text.dhcp_stop
                0x000000001000e074      0x14c CMakeFiles/pico_webserver.dir/pico-sdk/lib/lwip/src/core/ipv4/dhcp.c.obj
                0x000000001000e074                dhcp_stop
 .text.etharp_find_entry
                0x000000001000e1c0     0x1dcc CMakeFiles/pico_webserver.dir/pico-sdk/lib/lwip/src/core/ipv4/etharp.c.obj
 .text.etharp_raw
                0x000000001000ff8c       0xc0 CMakeFiles/pico_webserver.dir/pico-sdk/lib/lwip/src/core/ipv4/etharp.c.obj
 .text.etharp_output_to_arp_index
                0x000000001001004c       0xd8 CMakeFiles/pico_webserver.dir/pico-sdk/lib/lwip/src/core/ipv4/etharp.c.obj
 .text.etharp_tmr
                0x0000000010010124       0xa4 CMakeFiles/pico_webserver.dir/pico-sdk/lib/lwip/src/core/ipv4/etharp.c.obj
                0x0000000010010124                etharp_tmr
 .text.etharp_cleanup_netif
                0x00000000100101c8      0x188 CMakeFiles/pico_webserver.dir/pico-sdk/lib/lwip/src/core/ipv4/etharp.c.obj
                0x00000000100101c8                etharp_cleanup_netif
 .text.etharp_input
                0x0000000010010350      0x1ac CMakeFiles/pico_webserver.dir/pico-sdk/lib/lwip/src/core/ipv4/etharp.c.obj
                0x0000000010010350                etharp_input
 .text.etharp_query
                0x00000000100104fc      0x188 CMakeFiles/pico_webserver.dir/pico-sdk/lib/lwip/src/core/ipv4/etharp.c.obj
                0x00000000100104fc                etharp_query
 .text.etharp_output
                0x0000000010010684      0x21c CMakeFiles/pico_webserver.dir/pico-sdk/lib/lwip/src/core/ipv4/etharp.c.obj
                0x0000000010010684                etharp_output
 .text.etharp_acd_probe
                0x00000000100108a0       0xc0 CMakeFiles/pico_webserver.dir/pico-sdk/lib/lwip/src/core/ipv4/etharp.c.obj
                0x00000000100108a0                etharp_acd_probe
 .text.etharp_acd_announce
                0x0000000010010960       0xbc CMakeFiles/pico_webserver.dir/pico-sdk/lib/lwip/src/core/ipv4/etharp.c.obj
                0x0000000010010960                etharp_acd_announce
 .text.icmp_input
                0x0000000010010a1c      0x1d8 CMakeFiles/pico_webserver.dir/pico-sdk/lib/lwip/src/core/ipv4/icmp.c.obj
                0x0000000010010a1c                icmp_input
 .text.icmp_dest_unreach
                0x0000000010010bf4       0xbc CMakeFiles/pico_webserver.dir/pico-sdk/lib/lwip/src/core/ipv4/icmp.c.obj
                0x0000000010010bf4                icmp_dest_unreach
 .text.icmp_time_exceeded
                0x0000000010010cb0       0xbc CMakeFiles/pico_webserver.dir/pico-sdk/lib/lwip/src/core/ipv4/icmp.c.obj
                0x0000000010010cb0                icmp_time_exceeded
 .text.ip_reass_free_complete_datagram
                0x0000000010010d6c       0xb8 CMakeFiles/pico_webserver.dir/pico-sdk/lib/lwip/src/core/ipv4/ip4_frag.c.obj
 .text.ip_reass_remove_oldest_datagram
                0x0000000010010e24       0xd8 CMakeFiles/pico_webserver.dir/pico-sdk/lib/lwip/src/core/ipv4/ip4_frag.c.obj
 .text.ipfrag_free_pbuf_custom
                0x0000000010010efc       0x18 CMakeFiles/pico_webserver.dir/pico-sdk/lib/lwip/src/core/ipv4/ip4_frag.c.obj
 .text.ip_reass_tmr
                0x0000000010010f14       0x38 CMakeFiles/pico_webserver.dir/pico-sdk/lib/lwip/src/core/ipv4/ip4_frag.c.obj
                0x0000000010010f14                ip_reass_tmr
 .text.ip4_reass
                0x0000000010010f4c      0x510 CMakeFiles/pico_webserver.dir/pico-sdk/lib/lwip/src/core/ipv4/ip4_frag.c.obj
                0x0000000010010f4c                ip4_reass
 .text.ip4_frag
                0x000000001001145c      0x1e8 CMakeFiles/pico_webserver.dir/pico-sdk/lib/lwip/src/core/ipv4/ip4_frag.c.obj
                0x000000001001145c                ip4_frag
 .text.ip4_route
                0x0000000010011644       0x80 CMakeFiles/pico_webserver.dir/pico-sdk/lib/lwip/src/core/ipv4/ip4.c.obj
                0x0000000010011644                ip4_route
 .text.ip4_input
                0x00000000100116c4      0x2e8 CMakeFiles/pico_webserver.dir/pico-sdk/lib/lwip/src/core/ipv4/ip4.c.obj
                0x00000000100116c4                ip4_input
 .text.ip4_output_if
                0x00000000100119ac      0x168 CMakeFiles/pico_webserver.dir/pico-sdk/lib/lwip/src/core/ipv4/ip4.c.obj
                0x00000000100119ac                ip4_output_if
 .text.ip4_output_if_src
                0x0000000010011b14      0x158 CMakeFiles/pico_webserver.dir/pico-sdk/lib/lwip/src/core/ipv4/ip4.c.obj
                0x0000000010011b14                ip4_output_if_src
 .text.ip4_addr_isbroadcast_u32
                0x0000000010011c6c       0x3c CMakeFiles/pico_webserver.dir/pico-sdk/lib/lwip/src/core/ipv4/ip4_addr.c.obj
                0x0000000010011c6c                ip4_addr_isbroadcast_u32
 .text.ip4addr_aton
                0x0000000010011ca8      0x180 CMakeFiles/pico_webserver.dir/pico-sdk/lib/lwip/src/core/ipv4/ip4_addr.c.obj
                0x0000000010011ca8                ip4addr_aton
 .text.acd_add  0x0000000010011e28       0x24 CMakeFiles/pico_webserver.dir/pico-sdk/lib/lwip/src/core/ipv4/acd.c.obj
                0x0000000010011e28                acd_add
 .text.acd_remove
                0x0000000010011e4c       0x28 CMakeFiles/pico_webserver.dir/pico-sdk/lib/lwip/src/core/ipv4/acd.c.obj
                0x0000000010011e4c                acd_remove
 .text.acd_start
                0x0000000010011e74       0x38 CMakeFiles/pico_webserver.dir/pico-sdk/lib/lwip/src/core/ipv4/acd.c.obj
                0x0000000010011e74                acd_start
 .text.acd_network_changed_link_down
                0x0000000010011eac       0x14 CMakeFiles/pico_webserver.dir/pico-sdk/lib/lwip/src/core/ipv4/acd.c.obj
                0x0000000010011eac                acd_network_changed_link_down
 .text.acd_tmr  0x0000000010011ec0      0x110 CMakeFiles/pico_webserver.dir/pico-sdk/lib/lwip/src/core/ipv4/acd.c.obj
                0x0000000010011ec0                acd_tmr
 .text.acd_arp_reply
                0x0000000010011fd0       0xf4 CMakeFiles/pico_webserver.dir/pico-sdk/lib/lwip/src/core/ipv4/acd.c.obj
                0x0000000010011fd0                acd_arp_reply
 .text.acd_netif_ip_addr_changed
                0x00000000100120c4       0x8c CMakeFiles/pico_webserver.dir/pico-sdk/lib/lwip/src/core/ipv4/acd.c.obj
                0x00000000100120c4                acd_netif_ip_addr_changed
 .text.ethernet_input
                0x0000000010012150       0xd0 CMakeFiles/pico_webserver.dir/pico-sdk/lib/lwip/src/netif/ethernet.c.obj
                0x0000000010012150                ethernet_input
 .text.ethernet_output
                0x0000000010012220       0x64 CMakeFiles/pico_webserver.dir/pico-sdk/lib/lwip/src/netif/ethernet.c.obj
                0x0000000010012220                ethernet_output
 .text.cyw43_arch_wifi_connect_bssid_until.part.0
                0x0000000010012284       0xd8 CMakeFiles/pico_webserver.dir/pico-sdk/src/rp2_common/pico_cyw43_arch/cyw43_arch.c.obj
 .text.cyw43_arch_set_async_context
                0x000000001001235c        0xc CMakeFiles/pico_webserver.dir/pico-sdk/src/rp2_common/pico_cyw43_arch/cyw43_arch.c.obj
                0x000000001001235c                cyw43_arch_set_async_context
 .text.cyw43_arch_enable_sta_mode
                0x0000000010012368       0x1c CMakeFiles/pico_webserver.dir/pico-sdk/src/rp2_common/pico_cyw43_arch/cyw43_arch.c.obj
                0x0000000010012368                cyw43_arch_enable_sta_mode
 .text.cyw43_arch_wifi_connect_timeout_ms
                0x0000000010012384       0x9c CMakeFiles/pico_webserver.dir/pico-sdk/src/rp2_common/pico_cyw43_arch/cyw43_arch.c.obj
                0x0000000010012384                cyw43_arch_wifi_connect_timeout_ms
 .text.cyw43_arch_init_with_country
                0x0000000010012420       0x10 CMakeFiles/pico_webserver.dir/pico-sdk/src/rp2_common/pico_cyw43_arch/cyw43_arch.c.obj
                0x0000000010012420                cyw43_arch_init_with_country
 .text.cyw43_arch_gpio_put
                0x0000000010012430       0x14 CMakeFiles/pico_webserver.dir/pico-sdk/src/rp2_common/pico_cyw43_arch/cyw43_arch.c.obj
                0x0000000010012430                cyw43_arch_gpio_put
 .text.cyw43_arch_async_context
                0x0000000010012444        0xc CMakeFiles/pico_webserver.dir/pico-sdk/src/rp2_common/pico_cyw43_arch/cyw43_arch.c.obj
                0x0000000010012444                cyw43_arch_async_context
 .text.cyw43_arch_init
                0x0000000010012450       0x80 CMakeFiles/pico_webserver.dir/pico-sdk/src/rp2_common/pico_cyw43_arch/cyw43_arch_threadsafe_background.c.obj
                0x0000000010012450                cyw43_arch_init
 .text.ns_delay.constprop.0
                0x00000000100124d0       0x20 CMakeFiles/pico_webserver.dir/pico-sdk/src/rp2_common/pico_cyw43_driver/cyw43_bus_pio_spi.c.obj
 .text.cyw43_spi_deinit
                0x00000000100124f0       0x7c CMakeFiles/pico_webserver.dir/pico-sdk/src/rp2_common/pico_cyw43_driver/cyw43_bus_pio_spi.c.obj
                0x00000000100124f0                cyw43_spi_deinit
 .text.cyw43_spi_init
                0x000000001001256c      0x154 CMakeFiles/pico_webserver.dir/pico-sdk/src/rp2_common/pico_cyw43_driver/cyw43_bus_pio_spi.c.obj
                0x000000001001256c                cyw43_spi_init
 .text.cyw43_spi_transfer
                0x00000000100126c0      0x430 CMakeFiles/pico_webserver.dir/pico-sdk/src/rp2_common/pico_cyw43_driver/cyw43_bus_pio_spi.c.obj
                0x00000000100126c0                cyw43_spi_transfer
 .text.cyw43_spi_gpio_setup
                0x0000000010012af0       0x3c CMakeFiles/pico_webserver.dir/pico-sdk/src/rp2_common/pico_cyw43_driver/cyw43_bus_pio_spi.c.obj
                0x0000000010012af0                cyw43_spi_gpio_setup
 .text.cyw43_spi_reset
                0x0000000010012b2c       0x28 CMakeFiles/pico_webserver.dir/pico-sdk/src/rp2_common/pico_cyw43_driver/cyw43_bus_pio_spi.c.obj
                0x0000000010012b2c                cyw43_spi_reset
 .text.read_reg_u32_swap
                0x0000000010012b54       0x3c CMakeFiles/pico_webserver.dir/pico-sdk/src/rp2_common/pico_cyw43_driver/cyw43_bus_pio_spi.c.obj
                0x0000000010012b54                read_reg_u32_swap
 .text.cyw43_read_reg_u32
                0x0000000010012b90       0x6c CMakeFiles/pico_webserver.dir/pico-sdk/src/rp2_common/pico_cyw43_driver/cyw43_bus_pio_spi.c.obj
                0x0000000010012b90                cyw43_read_reg_u32
 .text.cyw43_read_reg_u16
                0x0000000010012bfc       0x6c CMakeFiles/pico_webserver.dir/pico-sdk/src/rp2_common/pico_cyw43_driver/cyw43_bus_pio_spi.c.obj
                0x0000000010012bfc                cyw43_read_reg_u16
 .text.cyw43_read_reg_u8
                0x0000000010012c68       0x6c CMakeFiles/pico_webserver.dir/pico-sdk/src/rp2_common/pico_cyw43_driver/cyw43_bus_pio_spi.c.obj
                0x0000000010012c68                cyw43_read_reg_u8
 .text.write_reg_u32_swap
                0x0000000010012cd4      0x1e0 CMakeFiles/pico_webserver.dir/pico-sdk/src/rp2_common/pico_cyw43_driver/cyw43_bus_pio_spi.c.obj
                0x0000000010012cd4                write_reg_u32_swap
 .text.cyw43_write_reg_u32
                0x0000000010012eb4      0x200 CMakeFiles/pico_webserver.dir/pico-sdk/src/rp2_common/pico_cyw43_driver/cyw43_bus_pio_spi.c.obj
                0x0000000010012eb4                cyw43_write_reg_u32
 .text.cyw43_write_reg_u16
                0x00000000100130b4      0x200 CMakeFiles/pico_webserver.dir/pico-sdk/src/rp2_common/pico_cyw43_driver/cyw43_bus_pio_spi.c.obj
                0x00000000100130b4                cyw43_write_reg_u16
 .text.cyw43_write_reg_u8
                0x00000000100132b4      0x200 CMakeFiles/pico_webserver.dir/pico-sdk/src/rp2_common/pico_cyw43_driver/cyw43_bus_pio_spi.c.obj
                0x00000000100132b4                cyw43_write_reg_u8
 .text.cyw43_read_bytes
                0x00000000100134b4       0x78 CMakeFiles/pico_webserver.dir/pico-sdk/src/rp2_common/pico_cyw43_driver/cyw43_bus_pio_spi.c.obj
                0x00000000100134b4                cyw43_read_bytes
 .text.cyw43_write_bytes
                0x000000001001352c       0xec CMakeFiles/pico_webserver.dir/pico-sdk/src/rp2_common/pico_cyw43_driver/cyw43_bus_pio_spi.c.obj
                0x000000001001352c                cyw43_write_bytes
 .text.cyw43_set_backplane_window
                0x0000000010013618       0x64 CMakeFiles/pico_webserver.dir/pico-sdk/lib/cyw43-driver/src/cyw43_ll.c.obj
 .text.cyw43_ll_parse_async_event
                0x000000001001367c      0x13c CMakeFiles/pico_webserver.dir/pico-sdk/lib/cyw43-driver/src/cyw43_ll.c.obj
 .text.cyw43_kso_set
                0x00000000100137b8       0xa0 CMakeFiles/pico_webserver.dir/pico-sdk/lib/cyw43-driver/src/cyw43_ll.c.obj
 .text.cyw43_ll_sdpcm_poll_device
                0x0000000010013858      0x238 CMakeFiles/pico_webserver.dir/pico-sdk/lib/cyw43-driver/src/cyw43_ll.c.obj
 .text.cyw43_sdpcm_send_common
                0x0000000010013a90       0xf0 CMakeFiles/pico_webserver.dir/pico-sdk/lib/cyw43-driver/src/cyw43_ll.c.obj
 .text.cyw43_do_ioctl
                0x0000000010013b80      0x110 CMakeFiles/pico_webserver.dir/pico-sdk/lib/cyw43-driver/src/cyw43_ll.c.obj
 .text.cyw43_do_ioctl.constprop.0
                0x0000000010013c90      0x108 CMakeFiles/pico_webserver.dir/pico-sdk/lib/cyw43-driver/src/cyw43_ll.c.obj
 .text.cyw43_read_backplane.constprop.0
                0x0000000010013d98       0xdc CMakeFiles/pico_webserver.dir/pico-sdk/lib/cyw43-driver/src/cyw43_ll.c.obj
 .text.reset_device_core.constprop.0
                0x0000000010013e74      0x3f0 CMakeFiles/pico_webserver.dir/pico-sdk/lib/cyw43-driver/src/cyw43_ll.c.obj
 .text.cyw43_ll_init
                0x0000000010014264       0x1c CMakeFiles/pico_webserver.dir/pico-sdk/lib/cyw43-driver/src/cyw43_ll.c.obj
                0x0000000010014264                cyw43_ll_init
 .text.cyw43_ll_deinit
                0x0000000010014280        0x8 CMakeFiles/pico_webserver.dir/pico-sdk/lib/cyw43-driver/src/cyw43_ll.c.obj
                0x0000000010014280                cyw43_ll_deinit
 .text.cyw43_ll_send_ethernet
                0x0000000010014288       0x60 CMakeFiles/pico_webserver.dir/pico-sdk/lib/cyw43-driver/src/cyw43_ll.c.obj
                0x0000000010014288                cyw43_ll_send_ethernet
 .text.cyw43_ll_process_packets
                0x00000000100142e8       0x54 CMakeFiles/pico_webserver.dir/pico-sdk/lib/cyw43-driver/src/cyw43_ll.c.obj
                0x00000000100142e8                cyw43_ll_process_packets
 .text.cyw43_ll_ioctl
                0x000000001001433c       0x20 CMakeFiles/pico_webserver.dir/pico-sdk/lib/cyw43-driver/src/cyw43_ll.c.obj
                0x000000001001433c                cyw43_ll_ioctl
 .text.cyw43_ll_bus_sleep
                0x000000001001435c       0x34 CMakeFiles/pico_webserver.dir/pico-sdk/lib/cyw43-driver/src/cyw43_ll.c.obj
                0x000000001001435c                cyw43_ll_bus_sleep
 .text.cyw43_ll_bus_init
                0x0000000010014390      0xbf0 CMakeFiles/pico_webserver.dir/pico-sdk/lib/cyw43-driver/src/cyw43_ll.c.obj
                0x0000000010014390                cyw43_ll_bus_init
 .text.cyw43_ll_wifi_on
                0x0000000010014f80      0x240 CMakeFiles/pico_webserver.dir/pico-sdk/lib/cyw43-driver/src/cyw43_ll.c.obj
                0x0000000010014f80                cyw43_ll_wifi_on
 .text.cyw43_ll_wifi_get_mac
                0x00000000100151c0       0x44 CMakeFiles/pico_webserver.dir/pico-sdk/lib/cyw43-driver/src/cyw43_ll.c.obj
                0x00000000100151c0                cyw43_ll_wifi_get_mac
 .text.cyw43_ll_wifi_pm
                0x0000000010015204      0x194 CMakeFiles/pico_webserver.dir/pico-sdk/lib/cyw43-driver/src/cyw43_ll.c.obj
                0x0000000010015204                cyw43_ll_wifi_pm
 .text.cyw43_ll_wifi_join
                0x0000000010015398      0x310 CMakeFiles/pico_webserver.dir/pico-sdk/lib/cyw43-driver/src/cyw43_ll.c.obj
                0x0000000010015398                cyw43_ll_wifi_join
 .text.cyw43_ll_wifi_set_wpa_auth
                0x00000000100156a8       0x2c CMakeFiles/pico_webserver.dir/pico-sdk/lib/cyw43-driver/src/cyw43_ll.c.obj
                0x00000000100156a8                cyw43_ll_wifi_set_wpa_auth
 .text.cyw43_ll_wifi_rejoin
                0x00000000100156d4       0x1c CMakeFiles/pico_webserver.dir/pico-sdk/lib/cyw43-driver/src/cyw43_ll.c.obj
                0x00000000100156d4                cyw43_ll_wifi_rejoin
 .text.cyw43_ll_wifi_ap_init
                0x00000000100156f0      0x2c4 CMakeFiles/pico_webserver.dir/pico-sdk/lib/cyw43-driver/src/cyw43_ll.c.obj
                0x00000000100156f0                cyw43_ll_wifi_ap_init
 .text.cyw43_ll_wifi_ap_set_up
                0x00000000100159b4       0x54 CMakeFiles/pico_webserver.dir/pico-sdk/lib/cyw43-driver/src/cyw43_ll.c.obj
                0x00000000100159b4                cyw43_ll_wifi_ap_set_up
 .text.cyw43_ll_gpio_set
                0x0000000010015a08       0x6c CMakeFiles/pico_webserver.dir/pico-sdk/lib/cyw43-driver/src/cyw43_ll.c.obj
                0x0000000010015a08                cyw43_ll_gpio_set
 .text.cyw43_ll_has_work
                0x0000000010015a74       0x14 CMakeFiles/pico_webserver.dir/pico-sdk/lib/cyw43-driver/src/cyw43_ll.c.obj
                0x0000000010015a74                cyw43_ll_has_work
 .text.cyw43_netif_init
                0x0000000010015a88       0x3c CMakeFiles/pico_webserver.dir/pico-sdk/lib/cyw43-driver/src/cyw43_lwip.c.obj