Archive member included to satisfy reference by file (symbol)

liblwipcore.a(init.c.obj)     CMakeFiles/pico_webserver.dir/tusb_lwip_glue.c.obj (lwip_init)
liblwipcore.a(def.c.obj)      CMakeFiles/pico_webserver.dir/pico-sdk/lib/tinyusb/lib/networking/dnserver.c.obj (lwip_htons)
liblwipcore.a(mem.c.obj)      liblwipcore.a(init.c.obj) (mem_init)
liblwipcore.a(memp.c.obj)     liblwipcore.a(init.c.obj) (memp_init)
liblwipcore.a(netif.c.obj)    liblwipcore.a(init.c.obj) (netif_init)
liblwipcore.a(pbuf.c.obj)     CMakeFiles/pico_webserver.dir/tusb_lwip_glue.c.obj (pbuf_alloc)
liblwipcore.a(stats.c.obj)    liblwipcore.a(init.c.obj) (stats_init)
liblwipcore.a(tcp.c.obj)      liblwipcore.a(init.c.obj) (tcp_init)
liblwipcore.a(tcp_in.c.obj)   liblwipcore.a(tcp.c.obj) (tcp_trigger_input_pcb_close)
liblwipcore.a(tcp_out.c.obj)  liblwipcore.a(tcp.c.obj) (tcp_split_unsent_seg)
liblwipcore.a(timeouts.c.obj)
                              liblwipcore.a(tcp.c.obj) (tcp_timer_needed)
liblwipcore.a(udp.c.obj)      CMakeFiles/pico_webserver.dir/pico-sdk/lib/tinyusb/lib/networking/dhserver.c.obj (udp_init)
liblwipcore.a(etharp.c.obj)   liblwipcore.a(timeouts.c.obj) (etharp_tmr)
liblwipcore.a(ip4_frag.c.obj)
                              liblwipcore.a(timeouts.c.obj) (ip_reass_tmr)
liblwipcore.a(ip4.c.obj)      liblwipcore.a(tcp.c.obj) (ip4_route)
liblwipcore.a(ip4_addr.c.obj)
                              liblwipcore.a(tcp_in.c.obj) (ip4_addr_isbroadcast_u32)
liblwipcore.a(ethernet.c.obj)
                              CMakeFiles/pico_webserver.dir/tusb_lwip_glue.c.obj (ethernet_input)
liblwipcore.a(inet_chksum.c.obj)
                              liblwipcore.a(tcp_in.c.obj) (ip_chksum_pseudo)
liblwipcore.a(ip.c.obj)       liblwipcore.a(tcp_in.c.obj) (ip_data)
/usr/lib/gcc/arm-none-eabi/10.3.1/thumb/v6-m/nofp/libgcc.a(_dvmd_tls.o)
                              CMakeFiles/pico_webserver.dir/pico-sdk/src/rp2_common/pico_divider/divider.S.obj (__aeabi_idiv0)
/usr/lib/gcc/arm-none-eabi/10.3.1/../../../arm-none-eabi/lib/thumb/v6-m/nofp/libc.a(lib_a-atexit.o)
                              /usr/lib/gcc/arm-none-eabi/10.3.1/../../../arm-none-eabi/lib/thumb/v6-m/nofp/crt0.o (atexit)
/usr/lib/gcc/arm-none-eabi/10.3.1/../../../arm-none-eabi/lib/thumb/v6-m/nofp/libc.a(lib_a-atoi.o)
                              liblwipcore.a(netif.c.obj) (atoi)
/usr/lib/gcc/arm-none-eabi/10.3.1/../../../arm-none-eabi/lib/thumb/v6-m/nofp/libc.a(lib_a-calloc.o)
                              CMakeFiles/pico_webserver.dir/pico-sdk/src/rp2_common/pico_malloc/pico_malloc.c.obj (calloc)
/usr/lib/gcc/arm-none-eabi/10.3.1/../../../arm-none-eabi/lib/thumb/v6-m/nofp/libc.a(lib_a-callocr.o)
                              /usr/lib/gcc/arm-none-eabi/10.3.1/../../../arm-none-eabi/lib/thumb/v6-m/nofp/libc.a(lib_a-calloc.o) (_calloc_r)
/usr/lib/gcc/arm-none-eabi/10.3.1/../../../arm-none-eabi/lib/thumb/v6-m/nofp/libc.a(lib_a-ctype_.o)
                              liblwipcore.a(ip4_addr.c.obj) (_ctype_)
/usr/lib/gcc/arm-none-eabi/10.3.1/../../../arm-none-eabi/lib/thumb/v6-m/nofp/libc.a(lib_a-fini.o)
                              /usr/lib/gcc/arm-none-eabi/10.3.1/../../../arm-none-eabi/lib/thumb/v6-m/nofp/crt0.o (__libc_fini_array)
/usr/lib/gcc/arm-none-eabi/10.3.1/../../../arm-none-eabi/lib/thumb/v6-m/nofp/libc.a(lib_a-impure.o)
                              /usr/lib/gcc/arm-none-eabi/10.3.1/../../../arm-none-eabi/lib/thumb/v6-m/nofp/libc.a(lib_a-calloc.o) (_impure_ptr)
/usr/lib/gcc/arm-none-eabi/10.3.1/../../../arm-none-eabi/lib/thumb/v6-m/nofp/libc.a(lib_a-init.o)
                              /usr/lib/gcc/arm-none-eabi/10.3.1/../../../arm-none-eabi/lib/thumb/v6-m/nofp/crt0.o (__libc_init_array)
/usr/lib/gcc/arm-none-eabi/10.3.1/../../../arm-none-eabi/lib/thumb/v6-m/nofp/libc.a(lib_a-malloc.o)
                              CMakeFiles/pico_webserver.dir/pico-sdk/src/rp2_common/pico_malloc/pico_malloc.c.obj (malloc)
/usr/lib/gcc/arm-none-eabi/10.3.1/../../../arm-none-eabi/lib/thumb/v6-m/nofp/libc.a(lib_a-mallocr.o)
                              /usr/lib/gcc/arm-none-eabi/10.3.1/../../../arm-none-eabi/lib/thumb/v6-m/nofp/libc.a(lib_a-callocr.o) (_malloc_r)
/usr/lib/gcc/arm-none-eabi/10.3.1/../../../arm-none-eabi/lib/thumb/v6-m/nofp/libc.a(lib_a-memcmp.o)
                              CMakeFiles/pico_webserver.dir/pico-sdk/lib/tinyusb/lib/networking/dhserver.c.obj (memcmp)
/usr/lib/gcc/arm-none-eabi/10.3.1/../../../arm-none-eabi/lib/thumb/v6-m/nofp/libc.a(lib_a-memmove.o)
                              CMakeFiles/pico_webserver.dir/pico-sdk/lib/cyw43-driver/src/cyw43_ll.c.obj (memmove)
/usr/lib/gcc/arm-none-eabi/10.3.1/../../../arm-none-eabi/lib/thumb/v6-m/nofp/libc.a(lib_a-mlock.o)
                              /usr/lib/gcc/arm-none-eabi/10.3.1/../../../arm-none-eabi/lib/thumb/v6-m/nofp/libc.a(lib_a-mallocr.o) (__malloc_lock)
/usr/lib/gcc/arm-none-eabi/10.3.1/../../../arm-none-eabi/lib/thumb/v6-m/nofp/libc.a(lib_a-realloc.o)
[...]
Memory Configuration

Name             Origin             Length             Attributes
FLASH            0x0000000010000000 0x0000000000200000 xr
RAM              0x0000000020000000 0x0000000000040000 xrw
SCRATCH_X        0x0000000020040000 0x0000000000001000 xrw
SCRATCH_Y        0x0000000020041000 0x0000000000001000 xrw
*default*        0x0000000000000000 0xffffffffffffffff

Linker script and memory map

LOAD /usr/lib/gcc/arm-none-eabi/10.3.1/thumb/v6-m/nofp/crti.o
LOAD /usr/lib/gcc/arm-none-eabi/10.3.1/thumb/v6-m/nofp/crtbegin.o
LOAD /usr/lib/gcc/arm-none-eabi/10.3.1/../../../arm-none-eabi/lib/thumb/v6-m/nofp/crt0.o

.flash_begin    0x0000000010000000        0x0
                0x0000000010000000                __flash_binary_start = .

.boot2          0x0000000010000000      0x100
                0x0000000010000000                __boot2_start__ = .
 *(.boot2)
 .boot2         0x0000000010000000      0x100 /tmp/ccXjTcis.o
                0x0000000010000100                __boot2_end__ = .
                0x0000000000000001                ASSERT (((__boot2_end__ - __boot2_start__) == 0x100), ERROR: Pico second stage bootloader must be 256 bytes in size)

.text           0x0000000010000100    0x16998
                0x0000000010000100                __logical_binary_start = .
 *(.vectors)
 .vectors       0x0000000010000100       0xd4 CMakeFiles/pico_webserver.dir/pico-sdk/src/rp2_common/pico_standard_link/crt0.S.obj
                0x0000000010000100                __vectors
                0x0000000010000100                __VECTOR_TABLE
                0x00000000100001c0                isr_invalid
                0x00000000100001c0                __default_isrs_start
                0x00000000100001c2                isr_nmi
                0x00000000100001c4                isr_hardfault
                0x00000000100001c6                isr_svcall
                0x00000000100001c8                isr_pendsv
                0x00000000100001ca                isr_systick
                0x00000000100001cc                isr_irq30
                0x00000000100001cc                __unhandled_user_irq
                0x00000000100001cc                isr_irq13
                0x00000000100001cc                isr_irq27
                0x00000000100001cc                isr_irq31
                0x00000000100001cc                isr_irq5
                0x00000000100001cc                isr_irq11
                0x00000000100001cc                isr_irq23
                0x00000000100001cc                isr_irq18
                0x00000000100001cc                isr_irq28
                0x00000000100001cc                isr_irq19
                0x00000000100001cc                isr_irq0
                0x00000000100001cc                isr_irq6
                0x00000000100001cc                isr_irq22
                0x00000000100001cc                isr_irq17
                0x00000000100001cc                isr_irq14
                0x00000000100001cc                isr_irq2
                0x00000000100001cc                isr_irq10
                0x00000000100001cc                isr_irq8
                0x00000000100001cc                isr_irq24
                0x00000000100001cc                isr_irq1
                0x00000000100001cc                isr_irq7
                0x00000000100001cc                isr_irq21
                0x00000000100001cc                isr_irq20
                0x00000000100001cc                isr_irq15
                0x00000000100001cc                isr_irq25
                0x00000000100001cc                isr_irq4
                0x00000000100001cc                isr_irq16
                0x00000000100001cc                isr_irq29
                0x00000000100001cc                isr_irq26
                0x00000000100001cc                __default_isrs_end
                0x00000000100001cc                isr_irq3
                0x00000000100001cc                isr_irq12
                0x00000000100001cc                isr_irq9
                0x00000000100001d2                unhandled_user_irq_num_in_r0
 *(.binary_info_header)
 .binary_info_header
                0x00000000100001d4       0x14 CMakeFiles/pico_webserver.dir/pico-sdk/src/rp2_common/pico_standard_link/crt0.S.obj
                0x00000000100001e8                __binary_info_header_end = .
 *(.reset)
 .reset         0x00000000100001e8       0xa0 CMakeFiles/pico_webserver.dir/pico-sdk/src/rp2_common/pico_standard_link/crt0.S.obj
                0x00000000100001e8                _entry_point
 .reset         0x0000000010000288       0x30 CMakeFiles/pico_webserver.dir/pico-sdk/src/rp2_common/pico_standard_link/binary_info.c.obj
 *(.init)
 .init          0x00000000100002b8        0x4 /usr/lib/gcc/arm-none-eabi/10.3.1/thumb/v6-m/nofp/crti.o
                0x00000000100002b8                _init
 *(EXCLUDE_FILE(*libm.a: *libc.a:*lib_a-mem*.o *libgcc.a:) .text*)
 .text          0x00000000100002bc       0x98 /usr/lib/gcc/arm-none-eabi/10.3.1/thumb/v6-m/nofp/crtbegin.o
 .text.startup.main
                0x0000000010000354       0x6c CMakeFiles/pico_webserver.dir/webserver.c.obj
                0x0000000010000354                main
 .text.netif_init_cb
                0x00000000100003c0       0x30 CMakeFiles/pico_webserver.dir/tusb_lwip_glue.c.obj
 .text.output_fn
                0x00000000100003f0        0x8 CMakeFiles/pico_webserver.dir/tusb_lwip_glue.c.obj
 .text.linkoutput_fn
                0x00000000100003f8       0x3c CMakeFiles/pico_webserver.dir/tusb_lwip_glue.c.obj
 .text.init_lwip
                0x0000000010000434       0x8c CMakeFiles/pico_webserver.dir/tusb_lwip_glue.c.obj
                0x0000000010000434                init_lwip
 .text.tud_network_init_cb
                0x00000000100004c0       0x18 CMakeFiles/pico_webserver.dir/tusb_lwip_glue.c.obj
                0x00000000100004c0                tud_network_init_cb
 .text.tud_network_recv_cb
                0x00000000100004d8       0x3c CMakeFiles/pico_webserver.dir/tusb_lwip_glue.c.obj
                0x00000000100004d8                tud_network_recv_cb
 .text.tud_network_xmit_cb
                0x0000000010000514       0x30 CMakeFiles/pico_webserver.dir/tusb_lwip_glue.c.obj
                0x0000000010000514                tud_network_xmit_cb
 .text.service_traffic
                0x0000000010000544       0x48 CMakeFiles/pico_webserver.dir/tusb_lwip_glue.c.obj
                0x0000000010000544                service_traffic
 .text.wait_for_netif_is_up
                0x000000001000058c       0x14 CMakeFiles/pico_webserver.dir/tusb_lwip_glue.c.obj
                0x000000001000058c                wait_for_netif_is_up
 .text.sys_arch_protect
                0x00000000100005a0        0x4 CMakeFiles/pico_webserver.dir/tusb_lwip_glue.c.obj
                0x00000000100005a0                sys_arch_protect
 .text.sys_arch_unprotect
                0x00000000100005a4        0x4 CMakeFiles/pico_webserver.dir/tusb_lwip_glue.c.obj
                0x00000000100005a4                sys_arch_unprotect
 .text.sys_now  0x00000000100005a8       0x20 CMakeFiles/pico_webserver.dir/tusb_lwip_glue.c.obj
                0x00000000100005a8                sys_now
 .text.tud_descriptor_device_cb
                0x00000000100005c8        0x8 CMakeFiles/pico_webserver.dir/usb_descriptors.c.obj
                0x00000000100005c8                tud_descriptor_device_cb
 .text.tud_descriptor_configuration_cb
                0x00000000100005d0       0x14 CMakeFiles/pico_webserver.dir/usb_descriptors.c.obj
                0x00000000100005d0                tud_descriptor_configuration_cb
 .text.tud_descriptor_string_cb
                0x00000000100005e4       0xdc CMakeFiles/pico_webserver.dir/usb_descriptors.c.obj
                0x00000000100005e4                tud_descriptor_string_cb
 .text.rndis_class_set_handler
                0x00000000100006c0      0x2d4 CMakeFiles/pico_webserver.dir/pico-sdk/lib/tinyusb/lib/networking/rndis_reports.c.obj
                0x00000000100006c0                rndis_class_set_handler
 .text.cyw43_cb_tcpip_set_link_up
                0x0000000010000994        0xc CMakeFiles/pico_webserver.dir/wifi_code.c.obj
                0x0000000010000994                cyw43_cb_tcpip_set_link_up
 .text.cyw43_cb_tcpip_set_link_down
                0x00000000100009a0        0xc CMakeFiles/pico_webserver.dir/wifi_code.c.obj
                0x00000000100009a0                cyw43_cb_tcpip_set_link_down
 .text.cyw43_cb_process_ethernet
                0x00000000100009ac       0x64 CMakeFiles/pico_webserver.dir/wifi_code.c.obj
                0x00000000100009ac                cyw43_cb_process_ethernet
 .text.core1_entry
                0x0000000010000a10       0xe4 CMakeFiles/pico_webserver.dir/wifi_code.c.obj
                0x0000000010000a10                core1_entry
 .text.set_sys_clock_pll
                0x0000000010000af4       0x78 CMakeFiles/pico_webserver.dir/pico-sdk/src/rp2_common/pico_stdlib/stdlib.c.obj
                0x0000000010000af4                set_sys_clock_pll
 .text.check_sys_clock_khz
                0x0000000010000b6c      0x17c CMakeFiles/pico_webserver.dir/pico-sdk/src/rp2_common/pico_stdlib/stdlib.c.obj
                0x0000000010000b6c                check_sys_clock_khz
 .text.gpio_set_function
                0x0000000010000ce8       0x30 CMakeFiles/pico_webserver.dir/pico-sdk/src/rp2_common/hardware_gpio/gpio.c.obj
                0x0000000010000ce8                gpio_set_function
 .text.gpio_set_pulls
                0x0000000010000d18       0x30 CMakeFiles/pico_webserver.dir/pico-sdk/src/rp2_common/hardware_gpio/gpio.c.obj
                0x0000000010000d18                gpio_set_pulls
 .text.gpio_set_input_hysteresis_enabled
                0x0000000010000d48       0x28 CMakeFiles/pico_webserver.dir/pico-sdk/src/rp2_common/hardware_gpio/gpio.c.obj
                0x0000000010000d48                gpio_set_input_hysteresis_enabled
 .text.gpio_set_irq_enabled
                0x0000000010000d70       0x54 CMakeFiles/pico_webserver.dir/pico-sdk/src/rp2_common/hardware_gpio/gpio.c.obj
                0x0000000010000d70                gpio_set_irq_enabled
 .text.gpio_add_raw_irq_handler_with_order_priority_masked
                0x0000000010000dc4       0x44 CMakeFiles/pico_webserver.dir/pico-sdk/src/rp2_common/hardware_gpio/gpio.c.obj
                0x0000000010000dc4                gpio_add_raw_irq_handler_with_order_priority_masked
 .text.gpio_remove_raw_irq_handler_masked
                0x0000000010000e08       0x20 CMakeFiles/pico_webserver.dir/pico-sdk/src/rp2_common/hardware_gpio/gpio.c.obj
                0x0000000010000e08                gpio_remove_raw_irq_handler_masked
 .text.gpio_init
                0x0000000010000e28       0x3c CMakeFiles/pico_webserver.dir/pico-sdk/src/rp2_common/hardware_gpio/gpio.c.obj
                0x0000000010000e28                gpio_init
 .text.running_on_fpga
                0x0000000010000e64       0x10 CMakeFiles/pico_webserver.dir/pico-sdk/src/rp2_common/pico_platform/platform.c.obj
                0x0000000010000e64                running_on_fpga
 .text.hw_claim_lock
                0x0000000010000e74       0x18 CMakeFiles/pico_webserver.dir/pico-sdk/src/rp2_common/hardware_claim/claim.c.obj
                0x0000000010000e74                hw_claim_lock
 .text.hw_claim_unlock
                0x0000000010000e8c       0x14 CMakeFiles/pico_webserver.dir/pico-sdk/src/rp2_common/hardware_claim/claim.c.obj
                0x0000000010000e8c                hw_claim_unlock
 .text.hw_claim_or_assert
                0x0000000010000ea0       0x44 CMakeFiles/pico_webserver.dir/pico-sdk/src/rp2_common/hardware_claim/claim.c.obj
                0x0000000010000ea0                hw_claim_or_assert
 .text.hw_claim_unused_from_range
                0x0000000010000ee4       0x9c CMakeFiles/pico_webserver.dir/pico-sdk/src/rp2_common/hardware_claim/claim.c.obj
                0x0000000010000ee4                hw_claim_unused_from_range
 .text.hw_claim_clear
                0x0000000010000f80       0x38 CMakeFiles/pico_webserver.dir/pico-sdk/src/rp2_common/hardware_claim/claim.c.obj
                0x0000000010000f80                hw_claim_clear
 .text.spin_locks_reset
                0x0000000010000fb8       0x1c CMakeFiles/pico_webserver.dir/pico-sdk/src/rp2_common/hardware_sync/sync.c.obj
                0x0000000010000fb8                spin_locks_reset
 .text.next_striped_spin_lock_num
                0x0000000010000fd4       0x18 CMakeFiles/pico_webserver.dir/pico-sdk/src/rp2_common/hardware_sync/sync.c.obj
                0x0000000010000fd4                next_striped_spin_lock_num
 .text.spin_lock_claim_unused
                0x0000000010000fec       0x20 CMakeFiles/pico_webserver.dir/pico-sdk/src/rp2_common/hardware_sync/sync.c.obj
                0x0000000010000fec                spin_lock_claim_unused
 .text.irq_set_enabled
                0x000000001000100c       0x24 CMakeFiles/pico_webserver.dir/pico-sdk/src/rp2_common/hardware_irq/irq.c.obj
                0x000000001000100c                irq_set_enabled
 .text.irq_is_enabled
                0x0000000010001030       0x18 CMakeFiles/pico_webserver.dir/pico-sdk/src/rp2_common/hardware_irq/irq.c.obj
                0x0000000010001030                irq_is_enabled
 .text.irq_set_pending
                0x0000000010001048       0x10 CMakeFiles/pico_webserver.dir/pico-sdk/src/rp2_common/hardware_irq/irq.c.obj
                0x0000000010001048                irq_set_pending
 .text.irq_get_vtable_handler
                0x0000000010001058       0x10 CMakeFiles/pico_webserver.dir/pico-sdk/src/rp2_common/hardware_irq/irq.c.obj
                0x0000000010001058                irq_get_vtable_handler
 .text.irq_set_exclusive_handler
                0x0000000010001068       0x54 CMakeFiles/pico_webserver.dir/pico-sdk/src/rp2_common/hardware_irq/irq.c.obj
                0x0000000010001068                irq_set_exclusive_handler
 .text.irq_add_shared_handler
                0x00000000100010bc      0x1e8 CMakeFiles/pico_webserver.dir/pico-sdk/src/rp2_common/hardware_irq/irq.c.obj
                0x00000000100010bc                irq_add_shared_handler
 .text.irq_remove_handler
                0x00000000100012a4      0x1b0 CMakeFiles/pico_webserver.dir/pico-sdk/src/rp2_common/hardware_irq/irq.c.obj
                0x00000000100012a4                irq_remove_handler
 .text.irq_set_priority
                0x0000000010001454       0x28 CMakeFiles/pico_webserver.dir/pico-sdk/src/rp2_common/hardware_irq/irq.c.obj
                0x0000000010001454                irq_set_priority
 .text.irq_add_tail_to_free_list
                0x000000001000147c       0xb4 CMakeFiles/pico_webserver.dir/pico-sdk/src/rp2_common/hardware_irq/irq.c.obj
                0x000000001000147c                irq_add_tail_to_free_list
 .text.irq_init_priorities
                0x0000000010001530       0x24 CMakeFiles/pico_webserver.dir/pico-sdk/src/rp2_common/hardware_irq/irq.c.obj
                0x0000000010001530                irq_init_priorities
 .text.user_irq_unclaim
                0x0000000010001554       0x14 CMakeFiles/pico_webserver.dir/pico-sdk/src/rp2_common/hardware_irq/irq.c.obj
                0x0000000010001554                user_irq_unclaim
 .text.user_irq_claim_unused
                0x0000000010001568       0x28 CMakeFiles/pico_webserver.dir/pico-sdk/src/rp2_common/hardware_irq/irq.c.obj
                0x0000000010001568                user_irq_claim_unused
 .text.sem_init
                0x0000000010001590       0x20 CMakeFiles/pico_webserver.dir/pico-sdk/src/common/pico_sync/sem.c.obj
                0x0000000010001590                sem_init
 .text.lock_init
                0x00000000100015b0       0x10 CMakeFiles/pico_webserver.dir/pico-sdk/src/common/pico_sync/lock_core.c.obj
                0x00000000100015b0                lock_init
 .text.mutex_init
                0x00000000100015c0       0x1c CMakeFiles/pico_webserver.dir/pico-sdk/src/common/pico_sync/mutex.c.obj
                0x00000000100015c0                mutex_init
 .text.recursive_mutex_init
                0x00000000100015dc       0x1c CMakeFiles/pico_webserver.dir/pico-sdk/src/common/pico_sync/mutex.c.obj
                0x00000000100015dc                recursive_mutex_init
 .text.critical_section_init
                0x00000000100015f8       0x20 CMakeFiles/pico_webserver.dir/pico-sdk/src/common/pico_sync/critical_section.c.obj
                0x00000000100015f8                critical_section_init
 .text.timer_pool_entry_comparator
                0x0000000010001618       0x34 CMakeFiles/pico_webserver.dir/pico-sdk/src/common/pico_time/time.c.obj
                0x0000000010001618                timer_pool_entry_comparator
 .text.sleep_until_callback
                0x000000001000164c       0x30 CMakeFiles/pico_webserver.dir/pico-sdk/src/common/pico_time/time.c.obj
 .text.add_alarm_under_lock.isra.0
                0x000000001000167c      0x100 CMakeFiles/pico_webserver.dir/pico-sdk/src/common/pico_time/time.c.obj
 .text.alarm_pool_alarm_callback
                0x000000001000177c      0x1bc CMakeFiles/pico_webserver.dir/pico-sdk/src/common/pico_time/time.c.obj
 .text.alarm_pool_init_default
                0x0000000010001938       0x6c CMakeFiles/pico_webserver.dir/pico-sdk/src/common/pico_time/time.c.obj
                0x0000000010001938                alarm_pool_init_default
 .text.alarm_pool_get_default
                0x00000000100019a4        0x8 CMakeFiles/pico_webserver.dir/pico-sdk/src/common/pico_time/time.c.obj
                0x00000000100019a4                alarm_pool_get_default
 .text.alarm_pool_create_with_unused_hardware_alarm
                0x00000000100019ac       0x74 CMakeFiles/pico_webserver.dir/pico-sdk/src/common/pico_time/time.c.obj
                0x00000000100019ac                alarm_pool_create_with_unused_hardware_alarm
 .text.alarm_pool_destroy
                0x0000000010001a20       0x44 CMakeFiles/pico_webserver.dir/pico-sdk/src/common/pico_time/time.c.obj
                0x0000000010001a20                alarm_pool_destroy
 .text.alarm_pool_add_alarm_at
                0x0000000010001a64      0x178 CMakeFiles/pico_webserver.dir/pico-sdk/src/common/pico_time/time.c.obj
                0x0000000010001a64                alarm_pool_add_alarm_at
 .text.alarm_pool_add_alarm_at_force_in_context
                0x0000000010001bdc      0x124 CMakeFiles/pico_webserver.dir/pico-sdk/src/common/pico_time/time.c.obj
                0x0000000010001bdc                alarm_pool_add_alarm_at_force_in_context
 .text.alarm_pool_cancel_alarm
                0x0000000010001d00       0x78 CMakeFiles/pico_webserver.dir/pico-sdk/src/common/pico_time/time.c.obj
                0x0000000010001d00                alarm_pool_cancel_alarm
 .text.alarm_pool_core_num
                0x0000000010001d78        0x4 CMakeFiles/pico_webserver.dir/pico-sdk/src/common/pico_time/time.c.obj
                0x0000000010001d78                alarm_pool_core_num
 .text.sleep_until
                0x0000000010001d7c       0xc4 CMakeFiles/pico_webserver.dir/pico-sdk/src/common/pico_time/time.c.obj
                0x0000000010001d7c                sleep_until
 .text.sleep_ms
                0x0000000010001e40       0x34 CMakeFiles/pico_webserver.dir/pico-sdk/src/common/pico_time/time.c.obj
                0x0000000010001e40                sleep_ms
 .text.best_effort_wfe_or_timeout
                0x0000000010001e74       0xd4 CMakeFiles/pico_webserver.dir/pico-sdk/src/common/pico_time/time.c.obj
                0x0000000010001e74                best_effort_wfe_or_timeout
 .text.hardware_alarm_irq_handler
                0x0000000010001f48       0xbc CMakeFiles/pico_webserver.dir/pico-sdk/src/rp2_common/hardware_timer/timer.c.obj
 .text.hardware_alarm_claim
                0x0000000010002004       0x18 CMakeFiles/pico_webserver.dir/pico-sdk/src/rp2_common/hardware_timer/timer.c.obj
                0x0000000010002004                hardware_alarm_claim
 .text.hardware_alarm_unclaim
                0x000000001000201c       0x10 CMakeFiles/pico_webserver.dir/pico-sdk/src/rp2_common/hardware_timer/timer.c.obj
                0x000000001000201c                hardware_alarm_unclaim
 .text.hardware_alarm_claim_unused
                0x000000001000202c       0x20 CMakeFiles/pico_webserver.dir/pico-sdk/src/rp2_common/hardware_timer/timer.c.obj
                0x000000001000202c                hardware_alarm_claim_unused
 .text.time_us_64
                0x000000001000204c       0x14 CMakeFiles/pico_webserver.dir/pico-sdk/src/rp2_common/hardware_timer/timer.c.obj
                0x000000001000204c                time_us_64
 .text.busy_wait_until
                0x0000000010002060       0x20 CMakeFiles/pico_webserver.dir/pico-sdk/src/rp2_common/hardware_timer/timer.c.obj
                0x0000000010002060                busy_wait_until
 .text.hardware_alarm_set_callback
                0x0000000010002080       0x8c CMakeFiles/pico_webserver.dir/pico-sdk/src/rp2_common/hardware_timer/timer.c.obj
                0x0000000010002080                hardware_alarm_set_callback
 .text.hardware_alarm_set_target
                0x000000001000210c       0xd4 CMakeFiles/pico_webserver.dir/pico-sdk/src/rp2_common/hardware_timer/timer.c.obj
                0x000000001000210c                hardware_alarm_set_target
 .text.hardware_alarm_cancel
                0x00000000100021e0       0x3c CMakeFiles/pico_webserver.dir/pico-sdk/src/rp2_common/hardware_timer/timer.c.obj
                0x00000000100021e0                hardware_alarm_cancel
 .text.hardware_alarm_force_irq
                0x000000001000221c       0x3c CMakeFiles/pico_webserver.dir/pico-sdk/src/rp2_common/hardware_timer/timer.c.obj
                0x000000001000221c                hardware_alarm_force_irq
 .text.ph_merge_nodes
                0x0000000010002258       0x68 CMakeFiles/pico_webserver.dir/pico-sdk/src/common/pico_util/pheap.c.obj
 .text.ph_create
                0x00000000100022c0       0x60 CMakeFiles/pico_webserver.dir/pico-sdk/src/common/pico_util/pheap.c.obj
                0x00000000100022c0                ph_create
 .text.ph_post_alloc_init
                0x0000000010002320       0x3c CMakeFiles/pico_webserver.dir/pico-sdk/src/common/pico_util/pheap.c.obj
                0x0000000010002320                ph_post_alloc_init
 .text.ph_destroy
                0x000000001000235c       0x14 CMakeFiles/pico_webserver.dir/pico-sdk/src/common/pico_util/pheap.c.obj
                0x000000001000235c                ph_destroy
 .text.ph_merge_two_pass
                0x0000000010002370       0x90 CMakeFiles/pico_webserver.dir/pico-sdk/src/common/pico_util/pheap.c.obj
                0x0000000010002370                ph_merge_two_pass
 .text.ph_remove_any_head
                0x0000000010002400      0x100 CMakeFiles/pico_webserver.dir/pico-sdk/src/common/pico_util/pheap.c.obj
 .text.ph_remove_head
                0x0000000010002500      0x104 CMakeFiles/pico_webserver.dir/pico-sdk/src/common/pico_util/pheap.c.obj
                0x0000000010002500                ph_remove_head
 .text.ph_remove_and_free_node
                0x0000000010002604       0x7c CMakeFiles/pico_webserver.dir/pico-sdk/src/common/pico_util/pheap.c.obj
                0x0000000010002604                ph_remove_and_free_node
 .text.clock_configure
                0x0000000010002680      0x118 CMakeFiles/pico_webserver.dir/pico-sdk/src/rp2_common/hardware_clocks/clocks.c.obj
                0x0000000010002680                clock_configure
 .text.clocks_init
                0x0000000010002798      0x2d0 CMakeFiles/pico_webserver.dir/pico-sdk/src/rp2_common/hardware_clocks/clocks.c.obj
                0x0000000010002798                clocks_init
 .text.clock_get_hz
                0x0000000010002a68        0xc CMakeFiles/pico_webserver.dir/pico-sdk/src/rp2_common/hardware_clocks/clocks.c.obj
                0x0000000010002a68                clock_get_hz
 .text.pll_init
                0x0000000010002a74       0xa0 CMakeFiles/pico_webserver.dir/pico-sdk/src/rp2_common/hardware_pll/pll.c.obj
                0x0000000010002a74                pll_init
 .text.watchdog_start_tick
                0x0000000010002b14       0x10 CMakeFiles/pico_webserver.dir/pico-sdk/src/rp2_common/hardware_watchdog/watchdog.c.obj
                0x0000000010002b14                watchdog_start_tick
 .text.xosc_init
                0x0000000010002b24       0x28 CMakeFiles/pico_webserver.dir/pico-sdk/src/rp2_common/hardware_xosc/xosc.c.obj
                0x0000000010002b24                xosc_init
 .text.runtime_init
                0x0000000010002b4c       0xf0 CMakeFiles/pico_webserver.dir/pico-sdk/src/rp2_common/pico_runtime/runtime.c.obj
                0x0000000010002b4c                runtime_init
 .text._exit    0x0000000010002c3c       0x14 CMakeFiles/pico_webserver.dir/pico-sdk/src/rp2_common/pico_runtime/runtime.c.obj
                0x0000000010002c3c                _exit
 .text._sbrk    0x0000000010002c50       0x34 CMakeFiles/pico_webserver.dir/pico-sdk/src/rp2_common/pico_runtime/runtime.c.obj
                0x0000000010002c50                _sbrk
 .text.exit     0x0000000010002c84        0x8 CMakeFiles/pico_webserver.dir/pico-sdk/src/rp2_common/pico_runtime/runtime.c.obj
                0x0000000010002c84                exit
 .text.panic    0x0000000010002c8c       0x30 CMakeFiles/pico_webserver.dir/pico-sdk/src/rp2_common/pico_runtime/runtime.c.obj
                0x0000000010002c8c                panic
 .text.hard_assertion_failure
                0x0000000010002cbc        0xc CMakeFiles/pico_webserver.dir/pico-sdk/src/rp2_common/pico_runtime/runtime.c.obj
                0x0000000010002cbc                hard_assertion_failure
 .text._out_null
                0x0000000010002cc8        0x4 CMakeFiles/pico_webserver.dir/pico-sdk/src/rp2_common/pico_printf/printf.c.obj
 .text._out_rev
                0x0000000010002ccc       0x9c CMakeFiles/pico_webserver.dir/pico-sdk/src/rp2_common/pico_printf/printf.c.obj
 .text._ntoa_format
                0x0000000010002d68      0x1cc CMakeFiles/pico_webserver.dir/pico-sdk/src/rp2_common/pico_printf/printf.c.obj
 .text._out_char
                0x0000000010002f34       0x10 CMakeFiles/pico_webserver.dir/pico-sdk/src/rp2_common/pico_printf/printf.c.obj
 .text._out_fct
                0x0000000010002f44       0x10 CMakeFiles/pico_webserver.dir/pico-sdk/src/rp2_common/pico_printf/printf.c.obj
 .text._etoa    0x0000000010002f54      0x44c CMakeFiles/pico_webserver.dir/pico-sdk/src/rp2_common/pico_printf/printf.c.obj
 .text._ftoa    0x00000000100033a0      0x398 CMakeFiles/pico_webserver.dir/pico-sdk/src/rp2_common/pico_printf/printf.c.obj
 .text._vsnprintf
                0x0000000010003738      0xb04 CMakeFiles/pico_webserver.dir/pico-sdk/src/rp2_common/pico_printf/printf.c.obj
 .text.vfctprintf
                0x000000001000423c       0x20 CMakeFiles/pico_webserver.dir/pico-sdk/src/rp2_common/pico_printf/printf.c.obj
                0x000000001000423c                vfctprintf
 .text.weak_raw_vprintf
                0x000000001000425c       0x30 CMakeFiles/pico_webserver.dir/pico-sdk/src/rp2_common/pico_printf/printf.c.obj
                0x000000001000425c                weak_raw_vprintf
 .text          0x000000001000428c       0x10 CMakeFiles/pico_webserver.dir/pico-sdk/src/rp2_common/pico_bit_ops/bit_ops_aeabi.S.obj
 .text.ctzsi    0x000000001000429c        0xc CMakeFiles/pico_webserver.dir/pico-sdk/src/rp2_common/pico_bit_ops/bit_ops_aeabi.S.obj
                0x000000001000429c                __wrap___ctzsi2
 .text.rom_func_lookup
                0x00000000100042a8       0x10 CMakeFiles/pico_webserver.dir/pico-sdk/src/rp2_common/pico_bootrom/bootrom.c.obj
                0x00000000100042a8                rom_func_lookup
 .text.rom_data_lookup
                0x00000000100042b8       0x10 CMakeFiles/pico_webserver.dir/pico-sdk/src/rp2_common/pico_bootrom/bootrom.c.obj
                0x00000000100042b8                rom_data_lookup
 .text.rom_funcs_lookup
                0x00000000100042c8       0x44 CMakeFiles/pico_webserver.dir/pico-sdk/src/rp2_common/pico_bootrom/bootrom.c.obj
                0x00000000100042c8                rom_funcs_lookup
 .text.__wrap___aeabi_idiv
                0x000000001000430c       0x50 CMakeFiles/pico_webserver.dir/pico-sdk/src/rp2_common/pico_divider/divider.S.obj
                0x000000001000430c                __wrap___aeabi_idivmod
                0x000000001000430c                divmod_s32s32
                0x000000001000430c                div_s32s32
                0x000000001000430c                __wrap___aeabi_idiv
                0x0000000010004314                divmod_s32s32_unsafe
                0x0000000010004340                divmod_s32s32_savestate
 .text.__wrap___aeabi_uidiv
                0x000000001000435c       0x4c CMakeFiles/pico_webserver.dir/pico-sdk/src/rp2_common/pico_divider/divider.S.obj
                0x000000001000435c                __wrap___aeabi_uidiv
                0x000000001000435c                __wrap___aeabi_uidivmod
                0x000000001000435c                div_u32u32
                0x000000001000435c                divmod_u32u32
                0x0000000010004364                divmod_u32u32_unsafe
                0x000000001000438c                divmod_u32u32_savestate
 .text.__wrap___aeabi_ldiv
                0x00000000100043a8      0x424 CMakeFiles/pico_webserver.dir/pico-sdk/src/rp2_common/pico_divider/divider.S.obj
                0x00000000100043a8                div_s64s64
                0x00000000100043a8                divmod_s64s64
                0x00000000100043a8                __wrap___aeabi_ldivmod
                0x00000000100043d8                div_u64u64
                0x00000000100043d8                divmod_u64u64
                0x00000000100043d8                __wrap___aeabi_uldivmod
                0x00000000100043e8                divmod_u64u64_savestate
                0x0000000010004408                divmod_s64s64_unsafe
                0x0000000010004490                divmod_u64u64_unsafe
 .text.__wrap___aeabi_darithmetic
                0x00000000100047cc       0x60 CMakeFiles/pico_webserver.dir/pico-sdk/src/rp2_common/pico_double/double_aeabi.S.obj
                0x00000000100047cc                __wrap___aeabi_drsub
                0x00000000100047d2                __wrap___aeabi_dsub
                0x00000000100047dc                __wrap___aeabi_dadd
                0x00000000100047e6                __wrap___aeabi_ddiv
                0x000000001000481a                __wrap___aeabi_dmul
 .text.__wrap___aeabi_cdcmple
                0x000000001000482c       0x6c CMakeFiles/pico_webserver.dir/pico-sdk/src/rp2_common/pico_double/double_aeabi.S.obj
                0x000000001000482c                __wrap___aeabi_cdrcmple
                0x000000001000483c                __wrap___aeabi_cdcmple
                0x000000001000483c                __wrap___aeabi_cdcmpeq
 .text.__wrap___aeabi_dcmplt
                0x0000000010004898        0xc CMakeFiles/pico_webserver.dir/pico-sdk/src/rp2_common/pico_double/double_aeabi.S.obj
                0x0000000010004898                __wrap___aeabi_dcmplt
 .text.__wrap___aeabi_dcmple
                0x00000000100048a4       0x10 CMakeFiles/pico_webserver.dir/pico-sdk/src/rp2_common/pico_double/double_aeabi.S.obj
                0x00000000100048a4                __wrap___aeabi_dcmple
 .text.__wrap___aeabi_dcmpge
                0x00000000100048b4       0x10 CMakeFiles/pico_webserver.dir/pico-sdk/src/rp2_common/pico_double/double_aeabi.S.obj
                0x00000000100048b4                __wrap___aeabi_dcmpge
 .text.__wrap___aeabi_dcmpgt
                0x00000000100048c4        0xa CMakeFiles/pico_webserver.dir/pico-sdk/src/rp2_common/pico_double/double_aeabi.S.obj
                0x00000000100048c4                __wrap___aeabi_dcmpgt
 .text.__wrap___aeabi_dcmpun
                0x00000000100048ce       0x1c CMakeFiles/pico_webserver.dir/pico-sdk/src/rp2_common/pico_double/double_aeabi.S.obj
                0x00000000100048ce                __wrap___aeabi_dcmpun
 *fill*         0x00000000100048ea        0x2 
 .text.__wrap___aeabi_i2d
                0x00000000100048ec       0x38 CMakeFiles/pico_webserver.dir/pico-sdk/src/rp2_common/pico_double/double_aeabi.S.obj
                0x00000000100048ec                __wrap___aeabi_ui2d
                0x00000000100048f4                __wrap___aeabi_i2d
 .text.__wrap___aeabi_d2iz
                0x0000000010004924       0x48 CMakeFiles/pico_webserver.dir/pico-sdk/src/rp2_common/pico_double/double_aeabi.S.obj
                0x0000000010004924                __wrap___aeabi_d2iz
                0x0000000010004924                double2int_z
 .text.__wrap___aeabi_d2uiz
                0x000000001000496c       0x10 CMakeFiles/pico_webserver.dir/pico-sdk/src/rp2_common/pico_double/double_aeabi.S.obj
                0x000000001000496c                double2uint
                0x000000001000496c                __wrap___aeabi_d2uiz
 .text.missing_double_func_shim
                0x000000001000497c        0xc CMakeFiles/pico_webserver.dir/pico-sdk/src/rp2_common/pico_double/double_init_rom.c.obj
 .text.__aeabi_double_init
                0x0000000010004988       0x98 CMakeFiles/pico_webserver.dir/pico-sdk/src/rp2_common/pico_double/double_init_rom.c.obj
                0x0000000010004988                __aeabi_double_init
 .text.double_table_shim_on_use_helper
                0x0000000010004a20       0x2c CMakeFiles/pico_webserver.dir/pico-sdk/src/rp2_common/pico_double/double_v1_rom_shim.S.obj
                0x0000000010004a20                double_table_shim_on_use_helper
 .text.__aeabi_lmul
                0x0000000010004a4c       0x32 CMakeFiles/pico_webserver.dir/pico-sdk/src/rp2_common/pico_int64_ops/pico_int64_ops_aeabi.S.obj
                0x0000000010004a4c                __wrap___aeabi_lmul
 *fill*         0x0000000010004a7e        0x2 
 .text.missing_float_func_shim
                0x0000000010004a80        0xc CMakeFiles/pico_webserver.dir/pico-sdk/src/rp2_common/pico_float/float_init_rom.c.obj
 .text.__aeabi_float_init
                0x0000000010004a8c       0x5c CMakeFiles/pico_webserver.dir/pico-sdk/src/rp2_common/pico_float/float_init_rom.c.obj
                0x0000000010004a8c                __aeabi_float_init
 .text.__wrap_malloc
                0x0000000010004ae8       0x3c CMakeFiles/pico_webserver.dir/pico-sdk/src/rp2_common/pico_malloc/pico_malloc.c.obj
                0x0000000010004ae8                __wrap_malloc
 .text.__wrap_calloc
                0x0000000010004b24       0x40 CMakeFiles/pico_webserver.dir/pico-sdk/src/rp2_common/pico_malloc/pico_malloc.c.obj
                0x0000000010004b24                __wrap_calloc
 .text.__wrap_free
                0x0000000010004b64       0x20 CMakeFiles/pico_webserver.dir/pico-sdk/src/rp2_common/pico_malloc/pico_malloc.c.obj
                0x0000000010004b64                __wrap_free
 .text          0x0000000010004b84       0x10 CMakeFiles/pico_webserver.dir/pico-sdk/src/rp2_common/pico_mem_ops/mem_ops_aeabi.S.obj
                0x0000000010004b84                __aeabi_mem_init
 .text.memset   0x0000000010004b94        0xc CMakeFiles/pico_webserver.dir/pico-sdk/src/rp2_common/pico_mem_ops/mem_ops_aeabi.S.obj
                0x0000000010004b94                __wrap_memset
 .text.memcpy   0x0000000010004ba0        0xc CMakeFiles/pico_webserver.dir/pico-sdk/src/rp2_common/pico_mem_ops/mem_ops_aeabi.S.obj
                0x0000000010004ba0                __wrap___aeabi_memcpy
                0x0000000010004ba0                __wrap_memcpy
 .text.stdio_out_chars_no_crlf
                0x0000000010004bac       0x10 CMakeFiles/pico_webserver.dir/pico-sdk/src/rp2_common/pico_stdio/stdio.c.obj
 .text.stdio_out_chars_crlf
                0x0000000010004bbc       0xb4 CMakeFiles/pico_webserver.dir/pico-sdk/src/rp2_common/pico_stdio/stdio.c.obj
 .text.stdio_buffered_printer
                0x0000000010004c70       0x64 CMakeFiles/pico_webserver.dir/pico-sdk/src/rp2_common/pico_stdio/stdio.c.obj
 .text.stdio_put_string.isra.0
                0x0000000010004cd4       0xfc CMakeFiles/pico_webserver.dir/pico-sdk/src/rp2_common/pico_stdio/stdio.c.obj
 .text.__wrap_putchar
                0x0000000010004dd0       0x98 CMakeFiles/pico_webserver.dir/pico-sdk/src/rp2_common/pico_stdio/stdio.c.obj
                0x0000000010004dd0                __wrap_putchar
 .text.__wrap_puts
                0x0000000010004e68       0x3c CMakeFiles/pico_webserver.dir/pico-sdk/src/rp2_common/pico_stdio/stdio.c.obj
                0x0000000010004e68                __wrap_puts
 .text.__wrap_vprintf
                0x0000000010004ea4       0xd8 CMakeFiles/pico_webserver.dir/pico-sdk/src/rp2_common/pico_stdio/stdio.c.obj
                0x0000000010004ea4                __wrap_vprintf
 .text.__wrap_printf
                0x0000000010004f7c       0x18 CMakeFiles/pico_webserver.dir/pico-sdk/src/rp2_common/pico_stdio/stdio.c.obj
                0x0000000010004f7c                __wrap_printf
 .text.startup._retrieve_unique_id_on_boot
                0x0000000010004f94       0x10 CMakeFiles/pico_webserver.dir/pico-sdk/src/rp2_common/pico_unique_id/unique_id.c.obj
 .text.pico_get_unique_board_id
                0x0000000010004fa4       0x10 CMakeFiles/pico_webserver.dir/pico-sdk/src/rp2_common/pico_unique_id/unique_id.c.obj
                0x0000000010004fa4                pico_get_unique_board_id
 .text.flash_get_unique_id
                0x0000000010004fb4       0x40 CMakeFiles/pico_webserver.dir/pico-sdk/src/rp2_common/hardware_flash/flash.c.obj
                0x0000000010004fb4                flash_get_unique_id
 .text.dcd_int_enable
                0x0000000010004ff4        0xc CMakeFiles/pico_webserver.dir/pico-sdk/lib/tinyusb/src/portable/raspberrypi/rp2040/dcd_rp2040.c.obj
                0x0000000010004ff4                dcd_int_enable
 .text.dcd_set_address
                0x0000000010005000       0x14 CMakeFiles/pico_webserver.dir/pico-sdk/lib/tinyusb/src/portable/raspberrypi/rp2040/dcd_rp2040.c.obj
                0x0000000010005000                dcd_set_address
 .text.dcd_connect
                0x0000000010005014       0x10 CMakeFiles/pico_webserver.dir/pico-sdk/lib/tinyusb/src/portable/raspberrypi/rp2040/dcd_rp2040.c.obj
                0x0000000010005014                dcd_connect
 .text.dcd_init
                0x0000000010005024       0x98 CMakeFiles/pico_webserver.dir/pico-sdk/lib/tinyusb/src/portable/raspberrypi/rp2040/dcd_rp2040.c.obj
                0x0000000010005024                dcd_init
 .text.dcd_edpt0_status_complete
                0x00000000100050bc       0x1c CMakeFiles/pico_webserver.dir/pico-sdk/lib/tinyusb/src/portable/raspberrypi/rp2040/dcd_rp2040.c.obj
                0x00000000100050bc                dcd_edpt0_status_complete
 .text.dcd_edpt_open
                0x00000000100050d8      0x108 CMakeFiles/pico_webserver.dir/pico-sdk/lib/tinyusb/src/portable/raspberrypi/rp2040/dcd_rp2040.c.obj
                0x00000000100050d8                dcd_edpt_open
 .text.dcd_edpt_close_all
                0x00000000100051e0        0x8 CMakeFiles/pico_webserver.dir/pico-sdk/lib/tinyusb/src/portable/raspberrypi/rp2040/dcd_rp2040.c.obj
                0x00000000100051e0                dcd_edpt_close_all
 .text.dcd_edpt_xfer
                0x00000000100051e8       0x24 CMakeFiles/pico_webserver.dir/pico-sdk/lib/tinyusb/src/portable/raspberrypi/rp2040/dcd_rp2040.c.obj
                0x00000000100051e8                dcd_edpt_xfer
 .text.dcd_edpt_stall
                0x000000001000520c       0x38 CMakeFiles/pico_webserver.dir/pico-sdk/lib/tinyusb/src/portable/raspberrypi/rp2040/dcd_rp2040.c.obj
                0x000000001000520c                dcd_edpt_stall
 .text.dcd_edpt_clear_stall
                0x0000000010005244       0x30 CMakeFiles/pico_webserver.dir/pico-sdk/lib/tinyusb/src/portable/raspberrypi/rp2040/dcd_rp2040.c.obj
                0x0000000010005244                dcd_edpt_clear_stall
 .text.rp2040_usb_init
                0x0000000010005274       0x4c CMakeFiles/pico_webserver.dir/pico-sdk/lib/tinyusb/src/portable/raspberrypi/rp2040/rp2040_usb.c.obj
                0x0000000010005274                rp2040_usb_init
 .text.hw_endpoint_xfer_start
                0x00000000100052c0       0x50 CMakeFiles/pico_webserver.dir/pico-sdk/lib/tinyusb/src/portable/raspberrypi/rp2040/rp2040_usb.c.obj
                0x00000000100052c0                hw_endpoint_xfer_start
 .text.tud_mounted
                0x0000000010005310       0x10 CMakeFiles/pico_webserver.dir/pico-sdk/lib/tinyusb/src/device/usbd.c.obj
                0x0000000010005310                tud_mounted
 .text.tud_suspended
                0x0000000010005320       0x10 CMakeFiles/pico_webserver.dir/pico-sdk/lib/tinyusb/src/device/usbd.c.obj
                0x0000000010005320                tud_suspended
 .text.tud_init
                0x0000000010005330       0xe0 CMakeFiles/pico_webserver.dir/pico-sdk/lib/tinyusb/src/device/usbd.c.obj
                0x0000000010005330                tud_init
 .text.tud_task_ext
                0x0000000010005410      0x7ec CMakeFiles/pico_webserver.dir/pico-sdk/lib/tinyusb/src/device/usbd.c.obj
                0x0000000010005410                tud_task_ext
 .text.usbd_open_edpt_pair
                0x0000000010005bfc       0x9c CMakeFiles/pico_webserver.dir/pico-sdk/lib/tinyusb/src/device/usbd.c.obj
                0x0000000010005bfc                usbd_open_edpt_pair
 .text.usbd_edpt_open
                0x0000000010005c98       0x34 CMakeFiles/pico_webserver.dir/pico-sdk/lib/tinyusb/src/device/usbd.c.obj
                0x0000000010005c98                usbd_edpt_open
 .text.usbd_edpt_xfer
                0x0000000010005ccc       0x4c CMakeFiles/pico_webserver.dir/pico-sdk/lib/tinyusb/src/device/usbd.c.obj
                0x0000000010005ccc                usbd_edpt_xfer
 .text.usbd_edpt_busy
                0x0000000010005d18       0x1c CMakeFiles/pico_webserver.dir/pico-sdk/lib/tinyusb/src/device/usbd.c.obj
                0x0000000010005d18                usbd_edpt_busy
 .text.tud_control_status
                0x0000000010005d34       0x30 CMakeFiles/pico_webserver.dir/pico-sdk/lib/tinyusb/src/device/usbd_control.c.obj
                0x0000000010005d34                tud_control_status
 .text.tud_control_xfer
                0x0000000010005d64       0xbc CMakeFiles/pico_webserver.dir/pico-sdk/lib/tinyusb/src/device/usbd_control.c.obj
                0x0000000010005d64                tud_control_xfer
 .text.usbd_control_reset
                0x0000000010005e20       0x14 CMakeFiles/pico_webserver.dir/pico-sdk/lib/tinyusb/src/device/usbd_control.c.obj
                0x0000000010005e20                usbd_control_reset
 .text.usbd_control_set_complete_callback
                0x0000000010005e34        0xc CMakeFiles/pico_webserver.dir/pico-sdk/lib/tinyusb/src/device/usbd_control.c.obj
                0x0000000010005e34                usbd_control_set_complete_callback
 .text.usbd_control_set_request
                0x0000000010005e40       0x1c CMakeFiles/pico_webserver.dir/pico-sdk/lib/tinyusb/src/device/usbd_control.c.obj
                0x0000000010005e40                usbd_control_set_request
 .text.usbd_control_xfer_cb
                0x0000000010005e5c       0xfc CMakeFiles/pico_webserver.dir/pico-sdk/lib/tinyusb/src/device/usbd_control.c.obj
                0x0000000010005e5c                usbd_control_xfer_cb
 .text.tud_network_recv_renew
                0x0000000010005f58       0x20 CMakeFiles/pico_webserver.dir/pico-sdk/lib/tinyusb/src/class/net/ecm_rndis_device.c.obj
                0x0000000010005f58                tud_network_recv_renew
 .text.netd_report
                0x0000000010005f78       0x24 CMakeFiles/pico_webserver.dir/pico-sdk/lib/tinyusb/src/class/net/ecm_rndis_device.c.obj
                0x0000000010005f78                netd_report
 .text.netd_init
                0x0000000010005f9c       0x14 CMakeFiles/pico_webserver.dir/pico-sdk/lib/tinyusb/src/class/net/ecm_rndis_device.c.obj
                0x0000000010005f9c                netd_init
 .text.netd_reset
                0x0000000010005fb0       0x14 CMakeFiles/pico_webserver.dir/pico-sdk/lib/tinyusb/src/class/net/ecm_rndis_device.c.obj
                0x0000000010005fb0                netd_reset
 .text.netd_open
                0x0000000010005fc4      0x11c CMakeFiles/pico_webserver.dir/pico-sdk/lib/tinyusb/src/class/net/ecm_rndis_device.c.obj
                0x0000000010005fc4                netd_open
 .text.netd_control_xfer_cb
                0x00000000100060e0      0x174 CMakeFiles/pico_webserver.dir/pico-sdk/lib/tinyusb/src/class/net/ecm_rndis_device.c.obj
                0x00000000100060e0                netd_control_xfer_cb
 .text.netd_xfer_cb
                0x0000000010006254       0xec CMakeFiles/pico_webserver.dir/pico-sdk/lib/tinyusb/src/class/net/ecm_rndis_device.c.obj
                0x0000000010006254                netd_xfer_cb
 .text.tud_network_can_xmit
                0x0000000010006340        0xc CMakeFiles/pico_webserver.dir/pico-sdk/lib/tinyusb/src/class/net/ecm_rndis_device.c.obj
                0x0000000010006340                tud_network_can_xmit
 .text.tud_network_xmit
                0x000000001000634c       0x98 CMakeFiles/pico_webserver.dir/pico-sdk/lib/tinyusb/src/class/net/ecm_rndis_device.c.obj
                0x000000001000634c                tud_network_xmit
 .text.tusb_init
                0x00000000100063e4        0xc CMakeFiles/pico_webserver.dir/pico-sdk/lib/tinyusb/src/tusb.c.obj
                0x00000000100063e4                tusb_init
 .text.tu_edpt_validate
                0x00000000100063f0       0x78 CMakeFiles/pico_webserver.dir/pico-sdk/lib/tinyusb/src/tusb.c.obj
                0x00000000100063f0                tu_edpt_validate
 .text.tu_edpt_bind_driver
                0x0000000010006468       0x34 CMakeFiles/pico_webserver.dir/pico-sdk/lib/tinyusb/src/tusb.c.obj
                0x0000000010006468                tu_edpt_bind_driver
 .text.tu_fifo_read
                0x000000001000649c       0xa0 CMakeFiles/pico_webserver.dir/pico-sdk/lib/tinyusb/src/common/tusb_fifo.c.obj
                0x000000001000649c                tu_fifo_read
 .text.tu_fifo_write
                0x000000001000653c       0x88 CMakeFiles/pico_webserver.dir/pico-sdk/lib/tinyusb/src/common/tusb_fifo.c.obj
                0x000000001000653c                tu_fifo_write
 .text.tu_fifo_clear
                0x00000000100065c4       0x40 CMakeFiles/pico_webserver.dir/pico-sdk/lib/tinyusb/src/common/tusb_fifo.c.obj
                0x00000000100065c4                tu_fifo_clear
 .text.cyw43_arch_set_async_context
                0x0000000010006604        0xc CMakeFiles/pico_webserver.dir/pico-sdk/src/rp2_common/pico_cyw43_arch/cyw43_arch.c.obj
                0x0000000010006604                cyw43_arch_set_async_context
 .text.cyw43_arch_enable_sta_mode
                0x0000000010006610       0x1c CMakeFiles/pico_webserver.dir/pico-sdk/src/rp2_common/pico_cyw43_arch/cyw43_arch.c.obj
                0x0000000010006610                cyw43_arch_enable_sta_mode
 .text.cyw43_arch_wifi_connect_async
                0x000000001000662c       0x48 CMakeFiles/pico_webserver.dir/pico-sdk/src/rp2_common/pico_cyw43_arch/cyw43_arch.c.obj
                0x000000001000662c                cyw43_arch_wifi_connect_async
 .text.cyw43_arch_init_with_country
                0x0000000010006674       0x10 CMakeFiles/pico_webserver.dir/pico-sdk/src/rp2_common/pico_cyw43_arch/cyw43_arch.c.obj
                0x0000000010006674                cyw43_arch_init_with_country
 .text.cyw43_arch_async_context
                0x0000000010006684        0xc CMakeFiles/pico_webserver.dir/pico-sdk/src/rp2_common/pico_cyw43_arch/cyw43_arch.c.obj
                0x0000000010006684                cyw43_arch_async_context
 .text.cyw43_arch_init
                0x0000000010006690       0x6c CMakeFiles/pico_webserver.dir/pico-sdk/src/rp2_common/pico_cyw43_arch/cyw43_arch_threadsafe_background.c.obj
                0x0000000010006690                cyw43_arch_init
 .text.ns_delay.constprop.0
                0x00000000100066fc       0x20 CMakeFiles/pico_webserver.dir/pico-sdk/src/rp2_common/pico_cyw43_driver/cyw43_bus_pio_spi.c.obj
 .text.cyw43_spi_deinit
                0x000000001000671c       0x7c CMakeFiles/pico_webserver.dir/pico-sdk/src/rp2_common/pico_cyw43_driver/cyw43_bus_pio_spi.c.obj
                0x000000001000671c                cyw43_spi_deinit
 .text.cyw43_spi_init
                0x0000000010006798      0x154 CMakeFiles/pico_webserver.dir/pico-sdk/src/rp2_common/pico_cyw43_driver/cyw43_bus_pio_spi.c.obj
                0x0000000010006798                cyw43_spi_init
 .text.cyw43_spi_transfer
                0x00000000100068ec      0x430 CMakeFiles/pico_webserver.dir/pico-sdk/src/rp2_common/pico_cyw43_driver/cyw43_bus_pio_spi.c.obj
                0x00000000100068ec                cyw43_spi_transfer
 .text.cyw43_spi_gpio_setup
                0x0000000010006d1c       0x3c CMakeFiles/pico_webserver.dir/pico-sdk/src/rp2_common/pico_cyw43_driver/cyw43_bus_pio_spi.c.obj
                0x0000000010006d1c                cyw43_spi_gpio_setup
 .text.cyw43_spi_reset
                0x0000000010006d58       0x28 CMakeFiles/pico_webserver.dir/pico-sdk/src/rp2_common/pico_cyw43_driver/cyw43_bus_pio_spi.c.obj
                0x0000000010006d58                cyw43_spi_reset
 .text.read_reg_u32_swap
                0x0000000010006d80       0x3c CMakeFiles/pico_webserver.dir/pico-sdk/src/rp2_common/pico_cyw43_driver/cyw43_bus_pio_spi.c.obj
                0x0000000010006d80                read_reg_u32_swap
 .text.cyw43_read_reg_u32
                0x0000000010006dbc       0x6c CMakeFiles/pico_webserver.dir/pico-sdk/src/rp2_common/pico_cyw43_driver/cyw43_bus_pio_spi.c.obj
                0x0000000010006dbc                cyw43_read_reg_u32
 .text.cyw43_read_reg_u16
                0x0000000010006e28       0x6c CMakeFiles/pico_webserver.dir/pico-sdk/src/rp2_common/pico_cyw43_driver/cyw43_bus_pio_spi.c.obj
                0x0000000010006e28                cyw43_read_reg_u16
 .text.cyw43_read_reg_u8
                0x0000000010006e94       0x6c CMakeFiles/pico_webserver.dir/pico-sdk/src/rp2_common/pico_cyw43_driver/cyw43_bus_pio_spi.c.obj
                0x0000000010006e94                cyw43_read_reg_u8
 .text.write_reg_u32_swap
                0x0000000010006f00      0x1e0 CMakeFiles/pico_webserver.dir/pico-sdk/src/rp2_common/pico_cyw43_driver/cyw43_bus_pio_spi.c.obj
                0x0000000010006f00                write_reg_u32_swap
 .text.cyw43_write_reg_u32
                0x00000000100070e0      0x200 CMakeFiles/pico_webserver.dir/pico-sdk/src/rp2_common/pico_cyw43_driver/cyw43_bus_pio_spi.c.obj
                0x00000000100070e0                cyw43_write_reg_u32
 .text.cyw43_write_reg_u16
                0x00000000100072e0      0x200 CMakeFiles/pico_webserver.dir/pico-sdk/src/rp2_common/pico_cyw43_driver/cyw43_bus_pio_spi.c.obj
                0x00000000100072e0                cyw43_write_reg_u16
 .text.cyw43_write_reg_u8
                0x00000000100074e0      0x200 CMakeFiles/pico_webserver.dir/pico-sdk/src/rp2_common/pico_cyw43_driver/cyw43_bus_pio_spi.c.obj
                0x00000000100074e0                cyw43_write_reg_u8
 .text.cyw43_read_bytes
                0x00000000100076e0       0x78 CMakeFiles/pico_webserver.dir/pico-sdk/src/rp2_common/pico_cyw43_driver/cyw43_bus_pio_spi.c.obj
                0x00000000100076e0                cyw43_read_bytes
 .text.cyw43_write_bytes
                0x0000000010007758       0xec CMakeFiles/pico_webserver.dir/pico-sdk/src/rp2_common/pico_cyw43_driver/cyw43_bus_pio_spi.c.obj
                0x0000000010007758                cyw43_write_bytes
 .text.cyw43_set_backplane_window
                0x0000000010007844       0x64 CMakeFiles/pico_webserver.dir/pico-sdk/lib/cyw43-driver/src/cyw43_ll.c.obj
 .text.cyw43_ll_parse_async_event
                0x00000000100078a8      0x13c CMakeFiles/pico_webserver.dir/pico-sdk/lib/cyw43-driver/src/cyw43_ll.c.obj
 .text.cyw43_kso_set
                0x00000000100079e4       0xa0 CMakeFiles/pico_webserver.dir/pico-sdk/lib/cyw43-driver/src/cyw43_ll.c.obj
 .text.cyw43_ll_sdpcm_poll_device
                0x0000000010007a84      0x238 CMakeFiles/pico_webserver.dir/pico-sdk/lib/cyw43-driver/src/cyw43_ll.c.obj
 .text.cyw43_sdpcm_send_common
                0x0000000010007cbc       0xf0 CMakeFiles/pico_webserver.dir/pico-sdk/lib/cyw43-driver/src/cyw43_ll.c.obj
 .text.cyw43_do_ioctl.part.0
                0x0000000010007dac       0xc4 CMakeFiles/pico_webserver.dir/pico-sdk/lib/cyw43-driver/src/cyw43_ll.c.obj
 .text.cyw43_write_iovar_u32
                0x0000000010007e70       0xa4 CMakeFiles/pico_webserver.dir/pico-sdk/lib/cyw43-driver/src/cyw43_ll.c.obj
 .text.cyw43_write_iovar_u32_u32.constprop.0
                0x0000000010007f14       0xb0 CMakeFiles/pico_webserver.dir/pico-sdk/lib/cyw43-driver/src/cyw43_ll.c.obj
 .text.cyw43_read_backplane.constprop.0
                0x0000000010007fc4       0xdc CMakeFiles/pico_webserver.dir/pico-sdk/lib/cyw43-driver/src/cyw43_ll.c.obj
 .text.cyw43_write_backplane
                0x00000000100080a0      0x104 CMakeFiles/pico_webserver.dir/pico-sdk/lib/cyw43-driver/src/cyw43_ll.c.obj
 .text.reset_device_core.constprop.0
                0x00000000100081a4      0x3f0 CMakeFiles/pico_webserver.dir/pico-sdk/lib/cyw43-driver/src/cyw43_ll.c.obj
 .text.cyw43_ll_init
                0x0000000010008594       0x1c CMakeFiles/pico_webserver.dir/pico-sdk/lib/cyw43-driver/src/cyw43_ll.c.obj
                0x0000000010008594                cyw43_ll_init
 .text.cyw43_ll_deinit
                0x00000000100085b0        0x8 CMakeFiles/pico_webserver.dir/pico-sdk/lib/cyw43-driver/src/cyw43_ll.c.obj
                0x00000000100085b0                cyw43_ll_deinit
 .text.cyw43_ll_send_ethernet
                0x00000000100085b8       0x60 CMakeFiles/pico_webserver.dir/pico-sdk/lib/cyw43-driver/src/cyw43_ll.c.obj
                0x00000000100085b8                cyw43_ll_send_ethernet
 .text.cyw43_ll_process_packets
                0x0000000010008618       0x54 CMakeFiles/pico_webserver.dir/pico-sdk/lib/cyw43-driver/src/cyw43_ll.c.obj
                0x0000000010008618                cyw43_ll_process_packets
 .text.cyw43_ll_ioctl
                0x000000001000866c       0x80 CMakeFiles/pico_webserver.dir/pico-sdk/lib/cyw43-driver/src/cyw43_ll.c.obj
                0x000000001000866c                cyw43_ll_ioctl
 .text.cyw43_ll_bus_sleep
                0x00000000100086ec       0x34 CMakeFiles/pico_webserver.dir/pico-sdk/lib/cyw43-driver/src/cyw43_ll.c.obj
                0x00000000100086ec                cyw43_ll_bus_sleep
 .text.cyw43_ll_wifi_on
                0x0000000010008720      0x220 CMakeFiles/pico_webserver.dir/pico-sdk/lib/cyw43-driver/src/cyw43_ll.c.obj
                0x0000000010008720                cyw43_ll_wifi_on
 .text.cyw43_ll_wifi_get_mac
                0x0000000010008940       0x74 CMakeFiles/pico_webserver.dir/pico-sdk/lib/cyw43-driver/src/cyw43_ll.c.obj
                0x0000000010008940                cyw43_ll_wifi_get_mac
 .text.cyw43_ll_bus_init
                0x00000000100089b4      0xa24 CMakeFiles/pico_webserver.dir/pico-sdk/lib/cyw43-driver/src/cyw43_ll.c.obj
                0x00000000100089b4                cyw43_ll_bus_init
 .text.cyw43_ll_wifi_pm
                0x00000000100093d8      0x138 CMakeFiles/pico_webserver.dir/pico-sdk/lib/cyw43-driver/src/cyw43_ll.c.obj
                0x00000000100093d8                cyw43_ll_wifi_pm
 .text.cyw43_ll_wifi_join
                0x0000000010009510      0x3ec CMakeFiles/pico_webserver.dir/pico-sdk/lib/cyw43-driver/src/cyw43_ll.c.obj
                0x0000000010009510                cyw43_ll_wifi_join
 .text.cyw43_ll_wifi_set_wpa_auth
                0x00000000100098fc       0x4c CMakeFiles/pico_webserver.dir/pico-sdk/lib/cyw43-driver/src/cyw43_ll.c.obj
                0x00000000100098fc                cyw43_ll_wifi_set_wpa_auth
 .text.cyw43_ll_wifi_rejoin
                0x0000000010009948       0x58 CMakeFiles/pico_webserver.dir/pico-sdk/lib/cyw43-driver/src/cyw43_ll.c.obj
                0x0000000010009948                cyw43_ll_wifi_rejoin
 .text.cyw43_ll_wifi_ap_init
                0x00000000100099a0      0x2e8 CMakeFiles/pico_webserver.dir/pico-sdk/lib/cyw43-driver/src/cyw43_ll.c.obj
                0x00000000100099a0                cyw43_ll_wifi_ap_init
 .text.cyw43_ll_wifi_ap_set_up
                0x0000000010009c88       0x80 CMakeFiles/pico_webserver.dir/pico-sdk/lib/cyw43-driver/src/cyw43_ll.c.obj
                0x0000000010009c88                cyw43_ll_wifi_ap_set_up
 .text.cyw43_ll_has_work
                0x0000000010009d08       0x14 CMakeFiles/pico_webserver.dir/pico-sdk/lib/cyw43-driver/src/cyw43_ll.c.obj
                0x0000000010009d08                cyw43_ll_has_work
 .text.cyw43_poll_func
                0x0000000010009d1c       0xc0 CMakeFiles/pico_webserver.dir/pico-sdk/lib/cyw43-driver/src/cyw43_ctrl.c.obj
 .text.cyw43_init
                0x0000000010009ddc       0x6c CMakeFiles/pico_webserver.dir/pico-sdk/lib/cyw43-driver/src/cyw43_ctrl.c.obj
                0x0000000010009ddc                cyw43_init
 .text.cyw43_deinit
                0x0000000010009e48       0x90 CMakeFiles/pico_webserver.dir/pico-sdk/lib/cyw43-driver/src/cyw43_ctrl.c.obj
                0x0000000010009e48                cyw43_deinit
 .text.cyw43_cb_read_host_interrupt_pin
                0x0000000010009ed8        0xc CMakeFiles/pico_webserver.dir/pico-sdk/lib/cyw43-driver/src/cyw43_ctrl.c.obj
                0x0000000010009ed8                cyw43_cb_read_host_interrupt_pin
 .text.cyw43_cb_ensure_awake
                0x0000000010009ee4        0xc CMakeFiles/pico_webserver.dir/pico-sdk/lib/cyw43-driver/src/cyw43_ctrl.c.obj
                0x0000000010009ee4                cyw43_cb_ensure_awake
 .text.cyw43_cb_process_async_event
                0x0000000010009ef0      0x228 CMakeFiles/pico_webserver.dir/pico-sdk/lib/cyw43-driver/src/cyw43_ctrl.c.obj
                0x0000000010009ef0                cyw43_cb_process_async_event
 .text.cyw43_send_ethernet
                0x000000001000a118       0xc0 CMakeFiles/pico_webserver.dir/pico-sdk/lib/cyw43-driver/src/cyw43_ctrl.c.obj
                0x000000001000a118                cyw43_send_ethernet
 .text.cyw43_wifi_pm
                0x000000001000a1d8       0xb4 CMakeFiles/pico_webserver.dir/pico-sdk/lib/cyw43-driver/src/cyw43_ctrl.c.obj
                0x000000001000a1d8                cyw43_wifi_pm
 .text.cyw43_wifi_set_up
                0x000000001000a28c      0x308 CMakeFiles/pico_webserver.dir/pico-sdk/lib/cyw43-driver/src/cyw43_ctrl.c.obj
                0x000000001000a28c                cyw43_wifi_set_up
 .text.cyw43_wifi_join
                0x000000001000a594       0xf4 CMakeFiles/pico_webserver.dir/pico-sdk/lib/cyw43-driver/src/cyw43_ctrl.c.obj
                0x000000001000a594                cyw43_wifi_join
 .text.pio_sm_unclaim
                0x000000001000a688       0x20 CMakeFiles/pico_webserver.dir/pico-sdk/src/rp2_common/hardware_pio/pio.c.obj
                0x000000001000a688                pio_sm_unclaim
 .text.pio_claim_unused_sm
                0x000000001000a6a8       0x3c CMakeFiles/pico_webserver.dir/pico-sdk/src/rp2_common/hardware_pio/pio.c.obj
                0x000000001000a6a8                pio_claim_unused_sm
 .text.pio_can_add_program
                0x000000001000a6e4       0x68 CMakeFiles/pico_webserver.dir/pico-sdk/src/rp2_common/hardware_pio/pio.c.obj
                0x000000001000a6e4                pio_can_add_program
 .text.pio_add_program
                0x000000001000a74c       0xc8 CMakeFiles/pico_webserver.dir/pico-sdk/src/rp2_common/hardware_pio/pio.c.obj
                0x000000001000a74c                pio_add_program
 .text.pio_remove_program
                0x000000001000a814       0x34 CMakeFiles/pico_webserver.dir/pico-sdk/src/rp2_common/hardware_pio/pio.c.obj
                0x000000001000a814                pio_remove_program
 .text.pio_sm_set_pindirs_with_mask
                0x000000001000a848       0xa4 CMakeFiles/pico_webserver.dir/pico-sdk/src/rp2_common/hardware_pio/pio.c.obj
                0x000000001000a848                pio_sm_set_pindirs_with_mask
 .text.pio_sm_set_consecutive_pindirs
                0x000000001000a8ec       0xb0 CMakeFiles/pico_webserver.dir/pico-sdk/src/rp2_common/hardware_pio/pio.c.obj
                0x000000001000a8ec                pio_sm_set_consecutive_pindirs
 .text.dma_channel_unclaim
                0x000000001000a99c       0x10 CMakeFiles/pico_webserver.dir/pico-sdk/src/rp2_common/hardware_dma/dma.c.obj
                0x000000001000a99c                dma_channel_unclaim
 .text.dma_claim_unused_channel
                0x000000001000a9ac       0x20 CMakeFiles/pico_webserver.dir/pico-sdk/src/rp2_common/hardware_dma/dma.c.obj
                0x000000001000a9ac                dma_claim_unused_channel
 .text.dma_channel_cleanup
                0x000000001000a9cc       0x60 CMakeFiles/pico_webserver.dir/pico-sdk/src/rp2_common/hardware_dma/dma.c.obj
                0x000000001000a9cc                dma_channel_cleanup
 .text.cyw43_sleep_timeout_reached
                0x000000001000aa2c       0x10 CMakeFiles/pico_webserver.dir/pico-sdk/src/rp2_common/pico_cyw43_driver/cyw43_driver.c.obj
 .text.cyw43_irq_init
                0x000000001000aa3c       0x28 CMakeFiles/pico_webserver.dir/pico-sdk/src/rp2_common/pico_cyw43_driver/cyw43_driver.c.obj
                0x000000001000aa3c                cyw43_irq_init
 .text.cyw43_irq_deinit
                0x000000001000aa64       0x20 CMakeFiles/pico_webserver.dir/pico-sdk/src/rp2_common/pico_cyw43_driver/cyw43_driver.c.obj
                0x000000001000aa64                cyw43_irq_deinit
 .text.cyw43_gpio_irq_handler
                0x000000001000aa84       0x44 CMakeFiles/pico_webserver.dir/pico-sdk/src/rp2_common/pico_cyw43_driver/cyw43_driver.c.obj
 .text.cyw43_do_poll
                0x000000001000aac8       0x6c CMakeFiles/pico_webserver.dir/pico-sdk/src/rp2_common/pico_cyw43_driver/cyw43_driver.c.obj
 .text.cyw43_post_poll_hook
                0x000000001000ab34       0x10 CMakeFiles/pico_webserver.dir/pico-sdk/src/rp2_common/pico_cyw43_driver/cyw43_driver.c.obj
                0x000000001000ab34                cyw43_post_poll_hook
 .text.cyw43_schedule_internal_poll_dispatch
                0x000000001000ab44       0x18 CMakeFiles/pico_webserver.dir/pico-sdk/src/rp2_common/pico_cyw43_driver/cyw43_driver.c.obj
                0x000000001000ab44                cyw43_schedule_internal_poll_dispatch
 .text.cyw43_driver_init
                0x000000001000ab5c       0x38 CMakeFiles/pico_webserver.dir/pico-sdk/src/rp2_common/pico_cyw43_driver/cyw43_driver.c.obj
                0x000000001000ab5c                cyw43_driver_init
 .text.cyw43_driver_deinit
                0x000000001000ab94       0x44 CMakeFiles/pico_webserver.dir/pico-sdk/src/rp2_common/pico_cyw43_driver/cyw43_driver.c.obj
                0x000000001000ab94                cyw43_driver_deinit
 .text.cyw43_hal_generate_laa_mac
                0x000000001000abd8       0x28 CMakeFiles/pico_webserver.dir/pico-sdk/src/rp2_common/pico_cyw43_driver/cyw43_driver.c.obj
                0x000000001000abd8                cyw43_hal_generate_laa_mac
 .text.cyw43_hal_get_mac
                0x000000001000ac00       0x1c CMakeFiles/pico_webserver.dir/pico-sdk/src/rp2_common/pico_cyw43_driver/cyw43_driver.c.obj
                0x000000001000ac00                cyw43_hal_get_mac
 .text.cyw43_thread_enter
                0x000000001000ac1c       0x14 CMakeFiles/pico_webserver.dir/pico-sdk/src/rp2_common/pico_cyw43_driver/cyw43_driver.c.obj
                0x000000001000ac1c                cyw43_thread_enter
 .text.cyw43_thread_exit
                0x000000001000ac30       0x14 CMakeFiles/pico_webserver.dir/pico-sdk/src/rp2_common/pico_cyw43_driver/cyw43_driver.c.obj
                0x000000001000ac30                cyw43_thread_exit
 .text.cyw43_await_background_or_timeout_us
                0x000000001000ac44       0x34 CMakeFiles/pico_webserver.dir/pico-sdk/src/rp2_common/pico_cyw43_driver/cyw43_driver.c.obj
                0x000000001000ac44                cyw43_await_background_or_timeout_us
 .text.cyw43_delay_ms
                0x000000001000ac78       0x44 CMakeFiles/pico_webserver.dir/pico-sdk/src/rp2_common/pico_cyw43_driver/cyw43_driver.c.obj
                0x000000001000ac78                cyw43_delay_ms
 .text.cyw43_delay_us
                0x000000001000acbc       0x34 CMakeFiles/pico_webserver.dir/pico-sdk/src/rp2_common/pico_cyw43_driver/cyw43_driver.c.obj
                0x000000001000acbc                cyw43_delay_us
 .text.cyw43_cb_tcpip_init
                0x000000001000acf0        0x4 CMakeFiles/pico_webserver.dir/pico-sdk/src/rp2_common/pico_cyw43_driver/cyw43_driver.c.obj
                0x000000001000acf0                cyw43_cb_tcpip_init
 .text.cyw43_cb_tcpip_deinit
                0x000000001000acf4        0x4 CMakeFiles/pico_webserver.dir/pico-sdk/src/rp2_common/pico_cyw43_driver/cyw43_driver.c.obj
                0x000000001000acf4                cyw43_cb_tcpip_deinit
 .text.handle_sync_func_call
                0x000000001000acf8       0x24 CMakeFiles/pico_webserver.dir/pico-sdk/src/rp2_common/pico_async_context/async_context_threadsafe_background.c.obj
 .text.async_context_threadsafe_background_acquire_lock_blocking
                0x000000001000ad1c        0xc CMakeFiles/pico_webserver.dir/pico-sdk/src/rp2_common/pico_async_context/async_context_threadsafe_background.c.obj
 .text.process_under_lock
                0x000000001000ad28       0xc8 CMakeFiles/pico_webserver.dir/pico-sdk/src/rp2_common/pico_async_context/async_context_threadsafe_background.c.obj
 .text.async_context_threadsafe_background_deinit
                0x000000001000adf0       0x64 CMakeFiles/pico_webserver.dir/pico-sdk/src/rp2_common/pico_async_context/async_context_threadsafe_background.c.obj
 .text.low_priority_irq_handler
                0x000000001000ae54       0x3c CMakeFiles/pico_webserver.dir/pico-sdk/src/rp2_common/pico_async_context/async_context_threadsafe_background.c.obj
 .text.async_context_threadsafe_background_wait_for_work_until
                0x000000001000ae90        0xc CMakeFiles/pico_webserver.dir/pico-sdk/src/rp2_common/pico_async_context/async_context_threadsafe_background.c.obj
 .text.async_context_threadsafe_background_wait_until
                0x000000001000ae9c       0x1c CMakeFiles/pico_webserver.dir/pico-sdk/src/rp2_common/pico_async_context/async_context_threadsafe_background.c.obj
 .text.async_context_threadsafe_background_lock_check
                0x000000001000aeb8       0x28 CMakeFiles/pico_webserver.dir/pico-sdk/src/rp2_common/pico_async_context/async_context_threadsafe_background.c.obj
 .text.async_context_threadsafe_background_execute_sync
                0x000000001000aee0       0xe4 CMakeFiles/pico_webserver.dir/pico-sdk/src/rp2_common/pico_async_context/async_context_threadsafe_background.c.obj
                0x000000001000aee0                async_context_threadsafe_background_execute_sync
 .text.async_context_threadsafe_background_set_work_pending
                0x000000001000afc4       0x50 CMakeFiles/pico_webserver.dir/pico-sdk/src/rp2_common/pico_async_context/async_context_threadsafe_background.c.obj
 .text.alarm_handler
                0x000000001000b014       0x58 CMakeFiles/pico_webserver.dir/pico-sdk/src/rp2_common/pico_async_context/async_context_threadsafe_background.c.obj
 .text.async_context_threadsafe_background_release_lock
                0x000000001000b06c       0x7c CMakeFiles/pico_webserver.dir/pico-sdk/src/rp2_common/pico_async_context/async_context_threadsafe_background.c.obj
 .text.async_context_threadsafe_background_when_pending_worker
                0x000000001000b0e8       0x90 CMakeFiles/pico_webserver.dir/pico-sdk/src/rp2_common/pico_async_context/async_context_threadsafe_background.c.obj
 .text.async_context_threadsafe_background_remove_at_time_worker
                0x000000001000b178       0x90 CMakeFiles/pico_webserver.dir/pico-sdk/src/rp2_common/pico_async_context/async_context_threadsafe_background.c.obj
 .text.async_context_threadsafe_background_add_when_pending_worker
                0x000000001000b208       0x90 CMakeFiles/pico_webserver.dir/pico-sdk/src/rp2_common/pico_async_context/async_context_threadsafe_background.c.obj
 .text.async_context_threadsafe_background_add_at_time_worker
                0x000000001000b298       0x90 CMakeFiles/pico_webserver.dir/pico-sdk/src/rp2_common/pico_async_context/async_context_threadsafe_background.c.obj
 .text.async_context_threadsafe_background_default_config
                0x000000001000b328        0xc CMakeFiles/pico_webserver.dir/pico-sdk/src/rp2_common/pico_async_context/async_context_threadsafe_background.c.obj
                0x000000001000b328                async_context_threadsafe_background_default_config
 .text.async_context_threadsafe_background_init
                0x000000001000b334       0xa4 CMakeFiles/pico_webserver.dir/pico-sdk/src/rp2_common/pico_async_context/async_context_threadsafe_background.c.obj
                0x000000001000b334                async_context_threadsafe_background_init
 .text.async_context_base_add_at_time_worker
                0x000000001000b3d8       0x28 CMakeFiles/pico_webserver.dir/pico-sdk/src/rp2_common/pico_async_context/async_context_base.c.obj
                0x000000001000b3d8                async_context_base_add_at_time_worker
 .text.async_context_base_remove_at_time_worker
                0x000000001000b400       0x28 CMakeFiles/pico_webserver.dir/pico-sdk/src/rp2_common/pico_async_context/async_context_base.c.obj
                0x000000001000b400                async_context_base_remove_at_time_worker
 .text.async_context_base_add_when_pending_worker
                0x000000001000b428       0x24 CMakeFiles/pico_webserver.dir/pico-sdk/src/rp2_common/pico_async_context/async_context_base.c.obj
                0x000000001000b428                async_context_base_add_when_pending_worker
 .text.async_context_base_remove_when_pending_worker
                0x000000001000b44c       0x28 CMakeFiles/pico_webserver.dir/pico-sdk/src/rp2_common/pico_async_context/async_context_base.c.obj
                0x000000001000b44c                async_context_base_remove_when_pending_worker
 .text.async_context_base_execute_once
                0x000000001000b474       0xe8 CMakeFiles/pico_webserver.dir/pico-sdk/src/rp2_common/pico_async_context/async_context_base.c.obj
                0x000000001000b474                async_context_base_execute_once
 .text.async_context_base_needs_servicing
                0x000000001000b55c       0x54 CMakeFiles/pico_webserver.dir/pico-sdk/src/rp2_common/pico_async_context/async_context_base.c.obj
                0x000000001000b55c                async_context_base_needs_servicing
 .text.core1_trampoline
                0x000000001000b5b0        0x4 CMakeFiles/pico_webserver.dir/pico-sdk/src/rp2_common/pico_multicore/multicore.c.obj
 .text.core1_wrapper
                0x000000001000b5b4        0xc CMakeFiles/pico_webserver.dir/pico-sdk/src/rp2_common/pico_multicore/multicore.c.obj
                0x000000001000b5b4                core1_wrapper
 .text.multicore_launch_core1_raw
                0x000000001000b5c0       0x84 CMakeFiles/pico_webserver.dir/pico-sdk/src/rp2_common/pico_multicore/multicore.c.obj
                0x000000001000b5c0                multicore_launch_core1_raw
 .text.multicore_launch_core1
                0x000000001000b644       0x4c CMakeFiles/pico_webserver.dir/pico-sdk/src/rp2_common/pico_multicore/multicore.c.obj
                0x000000001000b644                multicore_launch_core1
 .text          0x000000001000b690       0x20 liblwipcore.a(init.c.obj)
                0x000000001000b690                lwip_init
 .text          0x000000001000b6b0      0x1e0 liblwipcore.a(def.c.obj)
                0x000000001000b6b0                lwip_htons
                0x000000001000b6b8                lwip_htonl
                0x000000001000b6bc                lwip_strnstr
                0x000000001000b718                lwip_strnistr
                0x000000001000b7a0                lwip_stricmp
                0x000000001000b7d4                lwip_strnicmp
                0x000000001000b810                lwip_itoa
 .text          0x000000001000b890      0x3f0 liblwipcore.a(mem.c.obj)
                0x000000001000b890                mem_init
                0x000000001000b8d0                mem_free
                0x000000001000b9e8                mem_trim
                0x000000001000bb20                mem_malloc
                0x000000001000bc58                mem_calloc
 .text          0x000000001000bc80      0x1a8 liblwipcore.a(memp.c.obj)
                0x000000001000bc80                memp_init_pool
                0x000000001000bcb4                memp_init
                0x000000001000bd44                memp_malloc_pool
                0x000000001000bd84                memp_malloc
                0x000000001000bdd0                memp_free_pool
                0x000000001000bdf8                memp_free
 .text          0x000000001000be28      0x490 liblwipcore.a(netif.c.obj)
                0x000000001000be30                netif_init
                0x000000001000be34                netif_input
                0x000000001000be4c                netif_set_ipaddr
                0x000000001000bea8                netif_set_netmask
                0x000000001000bec4                netif_set_gw
                0x000000001000bee0                netif_set_addr
                0x000000001000bfac                netif_add
                0x000000001000c05c                netif_add_noaddr
                0x000000001000c074                netif_remove
                0x000000001000c0ec                netif_set_default
                0x000000001000c0f8                netif_set_up
                0x000000001000c130                netif_set_down
                0x000000001000c154                netif_set_link_up
                0x000000001000c18c                netif_set_link_down
                0x000000001000c1a0                netif_name_to_index
                0x000000001000c1f4                netif_index_to_name
                0x000000001000c23c                netif_get_by_index
                0x000000001000c268                netif_find
 .text          0x000000001000c2b8      0xc68 liblwipcore.a(pbuf.c.obj)
                0x000000001000c2b8                pbuf_free_ooseq
                0x000000001000c2ec                pbuf_alloc
                0x000000001000c45c                pbuf_alloc_reference
                0x000000001000c484                pbuf_realloc
                0x000000001000c540                pbuf_add_header
                0x000000001000c58c                pbuf_add_header_force
                0x000000001000c5d8                pbuf_remove_header
                0x000000001000c610                pbuf_header
                0x000000001000c67c                pbuf_header_force
                0x000000001000c6e8                pbuf_free_header
                0x000000001000c798                pbuf_free
                0x000000001000c7fc                pbuf_clen
                0x000000001000c810                pbuf_ref
                0x000000001000c828                pbuf_cat
                0x000000001000c854                pbuf_chain
                0x000000001000c898                pbuf_dechain
                0x000000001000c924                pbuf_copy_partial_pbuf
                0x000000001000ca40                pbuf_copy
                0x000000001000ca58                pbuf_copy_partial
                0x000000001000cac8                pbuf_get_contiguous
                0x000000001000cb70                pbuf_skip
                0x000000001000cb94                pbuf_take
                0x000000001000cbe8                pbuf_take_at
                0x000000001000cc84                pbuf_coalesce
                0x000000001000cd3c                pbuf_clone
                0x000000001000cd5c                pbuf_get_at
                0x000000001000cd7c                pbuf_try_get_at
                0x000000001000cda4                pbuf_put_at
                0x000000001000cdc0                pbuf_memcmp
                0x000000001000ce34                pbuf_memfind
                0x000000001000cee0                pbuf_strstr
 .text          0x000000001000cf20        0x4 liblwipcore.a(stats.c.obj)
                0x000000001000cf20                stats_init
 .text          0x000000001000cf24     0x18e8 liblwipcore.a(tcp.c.obj)
                0x000000001000d034                tcp_init
                0x000000001000d038                tcp_free
                0x000000001000d044                tcp_bind
                0x000000001000d13c                tcp_bind_netif
                0x000000001000d150                tcp_listen_with_backlog
                0x000000001000d1d4                tcp_listen_with_backlog_and_err
                0x000000001000d274                tcp_update_rcv_ann_wnd
                0x000000001000d2b0                tcp_recved
                0x000000001000d328                tcp_connect
                0x000000001000d4bc                tcp_slowtmr
                0x000000001000d8c0                tcp_txnow
                0x000000001000d8ec                tcp_segs_free
                0x000000001000d924                tcp_seg_free
                0x000000001000d940                tcp_setprio
                0x000000001000d948                tcp_seg_copy
                0x000000001000d968                tcp_arg
                0x000000001000d970                tcp_recv
                0x000000001000d97c                tcp_sent
                0x000000001000d988                tcp_err
                0x000000001000d994                tcp_accept
                0x000000001000d9a4                tcp_poll
                0x000000001000d9b0                tcp_pcb_purge
                0x000000001000d9c8                tcp_pcb_remove
                0x000000001000da40                tcp_abandon
                0x000000001000dbbc                tcp_abort
                0x000000001000dbd8                tcp_alloc
                0x000000001000ddd0                tcp_new
                0x000000001000dfa8                tcp_new_ip_type
                0x000000001000e2c0                tcp_shutdown
                0x000000001000e320                tcp_recv_null
                0x000000001000e3c8                tcp_process_refused_data
                0x000000001000e4b0                tcp_fasttmr
                0x000000001000e534                tcp_tmr
                0x000000001000e554                tcp_close
                0x000000001000e6b4                tcp_next_iss
                0x000000001000e6cc                tcp_eff_send_mss_netif
                0x000000001000e6f4                tcp_netif_ip_addr_changed
                0x000000001000e784                tcp_debug_state_str
                0x000000001000e794                tcp_tcp_get_tcp_addrinfo
                0x000000001000e7cc                tcp_free_ooseq
 .text          0x000000001000e80c     0x1760 liblwipcore.a(tcp_in.c.obj)
                0x000000001000f3d4                tcp_input
                0x000000001000ff58                tcp_trigger_input_pcb_close
 .text          0x000000001000ff6c     0x12b4 liblwipcore.a(tcp_out.c.obj)
                0x00000000100100f0                tcp_write
                0x00000000100103e8                tcp_split_unsent_seg
                0x0000000010010584                tcp_send_fin
                0x0000000010010664                tcp_enqueue_flags
                0x000000001001070c                tcp_rexmit_rto_prepare
                0x0000000010010798                tcp_rexmit
                0x0000000010010828                tcp_rexmit_fast
                0x0000000010010880                tcp_rst
                0x000000001001093c                tcp_rst_netif
                0x0000000010010a38                tcp_send_empty_ack
                0x0000000010010b14                tcp_output
                0x0000000010010f24                tcp_rexmit_rto_commit
                0x0000000010010f38                tcp_rexmit_rto
                0x0000000010010fd0                tcp_keepalive
                0x0000000010011094                tcp_zero_window_probe
 .text          0x0000000010011220      0x320 liblwipcore.a(timeouts.c.obj)
                0x0000000010011320                tcp_timer_needed
                0x0000000010011394                sys_timeouts_init
                0x000000001001140c                sys_timeout
                0x0000000010011450                sys_untimeout
                0x0000000010011490                sys_check_timeouts
                0x00000000100114e8                sys_restart_timeouts
                0x0000000010011518                sys_timeouts_sleeptime
 .text          0x0000000010011540      0x6c4 liblwipcore.a(udp.c.obj)
                0x0000000010011540                udp_init
                0x0000000010011544                udp_input
                0x000000001001174c                udp_bind
                0x0000000010011858                udp_sendto_if_src
                0x0000000010011978                udp_sendto_if
                0x00000000100119c0                udp_sendto
                0x0000000010011a3c                udp_send
                0x0000000010011ab4                udp_bind_netif
                0x0000000010011ac8                udp_connect
                0x0000000010011b2c                udp_disconnect
                0x0000000010011b44                udp_recv
                0x0000000010011b50                udp_remove
                0x0000000010011b8c                udp_new
                0x0000000010011ba8                udp_new_ip_type
                0x0000000010011bc4                udp_netif_ip_addr_changed
 .text          0x0000000010011c04     0x2a3c liblwipcore.a(etharp.c.obj)
                0x0000000010013da8                etharp_tmr
                0x0000000010013e3c                etharp_cleanup_netif
                0x0000000010013fc4                etharp_find_addr
                0x0000000010014004                etharp_get_entry
                0x0000000010014038                etharp_input
                0x00000000100141d8                etharp_query
                0x0000000010014360                etharp_output
                0x000000001001457c                etharp_request
 .text          0x0000000010014640      0x848 liblwipcore.a(ip4_frag.c.obj)
                0x0000000010014780                ip_reass_tmr
                0x0000000010014820                ip4_reass
                0x0000000010014d28                ip4_frag
 .text          0x0000000010014e88      0x748 liblwipcore.a(ip4.c.obj)
                0x0000000010014e88                ip4_route
                0x0000000010014f08                ip4_input
                0x000000001001518c                ip4_output_if
                0x00000000100152f4                ip4_output_if_src
                0x000000001001544c                ip4_output
 .text          0x00000000100155d0      0x3bc liblwipcore.a(ip4_addr.c.obj)
                0x00000000100155d0                ip4_addr_isbroadcast_u32
                0x000000001001560c                ip4_addr_netmask_valid
                0x000000001001563c                ip4addr_aton
                0x00000000100157bc                ipaddr_addr
                0x00000000100157d8                ip4addr_ntoa
                0x00000000100158b4                ip4addr_ntoa_r
 .text          0x000000001001598c      0x13c liblwipcore.a(ethernet.c.obj)
                0x000000001001598c                ethernet_input
                0x0000000010015a60                ethernet_output
 .text          0x0000000010015ac8      0x334 liblwipcore.a(inet_chksum.c.obj)
                0x0000000010015ac8                lwip_standard_chksum
                0x0000000010015b48                inet_chksum_pseudo
                0x0000000010015bfc                ip_chksum_pseudo
                0x0000000010015c0c                inet_chksum_pseudo_partial
                0x0000000010015cf0                ip_chksum_pseudo_partial
                0x0000000010015d04                inet_chksum
                0x0000000010015d90                inet_chksum_pbuf
 .text          0x0000000010015dfc       0x18 /usr/lib/gcc/arm-none-eabi/10.3.1/../../../arm-none-eabi/lib/thumb/v6-m/nofp/libc.a(lib_a-atoi.o)
                0x0000000010015dfc                atoi
                0x0000000010015e08                _atoi_r
 .text          0x0000000010015e14       0x18 /usr/lib/gcc/arm-none-eabi/10.3.1/../../../arm-none-eabi/lib/thumb/v6-m/nofp/libc.a(lib_a-calloc.o)
                0x0000000010015e14                calloc
 .text          0x0000000010015e2c       0x5c /usr/lib/gcc/arm-none-eabi/10.3.1/../../../arm-none-eabi/lib/thumb/v6-m/nofp/libc.a(lib_a-callocr.o)
                0x0000000010015e2c                _calloc_r
 .text          0x0000000010015e88       0x28 /usr/lib/gcc/arm-none-eabi/10.3.1/../../../arm-none-eabi/lib/thumb/v6-m/nofp/libc.a(lib_a-malloc.o)
                0x0000000010015e88                malloc
                0x0000000010015e9c                free
 .text          0x0000000010015eb0      0x574 /usr/lib/gcc/arm-none-eabi/10.3.1/../../../arm-none-eabi/lib/thumb/v6-m/nofp/libc.a(lib_a-mallocr.o)
                0x0000000010015eb0                _malloc_r
 .text          0x0000000010016424        0x8 /usr/lib/gcc/arm-none-eabi/10.3.1/../../../arm-none-eabi/lib/thumb/v6-m/nofp/libc.a(lib_a-mlock.o)
                0x0000000010016424                __malloc_lock
                0x0000000010016428                __malloc_unlock
 .text          0x000000001001642c       0x24 /usr/lib/gcc/arm-none-eabi/10.3.1/../../../arm-none-eabi/lib/thumb/v6-m/nofp/libc.a(lib_a-sbrkr.o)
                0x000000001001642c                _sbrk_r
 .text          0x0000000010016450       0x5c /usr/lib/gcc/arm-none-eabi/10.3.1/../../../arm-none-eabi/lib/thumb/v6-m/nofp/libc.a(lib_a-strlen-stub.o)
                0x0000000010016450                strlen
 .text          0x00000000100164ac       0x74 /usr/lib/gcc/arm-none-eabi/10.3.1/../../../arm-none-eabi/lib/thumb/v6-m/nofp/libc.a(lib_a-strncmp.o)
                0x00000000100164ac                strncmp
 .text          0x0000000010016520      0x1b8 /usr/lib/gcc/arm-none-eabi/10.3.1/../../../arm-none-eabi/lib/thumb/v6-m/nofp/libc.a(lib_a-strtol.o)
                0x0000000010016664                _strtol_r
                0x0000000010016680                strtol_l
                0x00000000100166ac                strtol
 .text          0x00000000100166d8        0xc /usr/lib/gcc/arm-none-eabi/10.3.1/../../../arm-none-eabi/lib/thumb/v6-m/nofp/libc.a(lib_a-errno.o)
                0x00000000100166d8                __errno
 .text          0x00000000100166e4      0x260 /usr/lib/gcc/arm-none-eabi/10.3.1/../../../arm-none-eabi/lib/thumb/v6-m/nofp/libc.a(lib_a-freer.o)
                0x00000000100166e4                _malloc_trim_r
                0x0000000010016780                _free_r
 *(.fini)
 .fini          0x0000000010016944        0x4 /usr/lib/gcc/arm-none-eabi/10.3.1/thumb/v6-m/nofp/crti.o
                0x0000000010016944                _fini
 .fini.__stub   0x0000000010016948      0x150 linker stubs
 *crtbegin.o(.ctors)
 *crtbegin?.o(.ctors)
 *(EXCLUDE_FILE(*crtend.o *crtend?.o) .ctors)
 *(SORT_BY_NAME(.ctors.*))
 *(.ctors)
 *crtbegin.o(.dtors)
 *crtbegin?.o(.dtors)
 *(EXCLUDE_FILE(*crtend.o *crtend?.o) .dtors)
 *(SORT_BY_NAME(.dtors.*))
 *(.dtors)
 *(.eh_frame*)
 .eh_frame      0x0000000010016a98        0x0 /usr/lib/gcc/arm-none-eabi/10.3.1/thumb/v6-m/nofp/crtbegin.o
                0x0000000010016a98                . = ALIGN (0x4)

.glue_7         0x0000000010016a98        0x0
 .glue_7        0x0000000010016a98        0x0 linker stubs

.glue_7t        0x0000000010016a98        0x0
 .glue_7t       0x0000000010016a98        0x0 linker stubs

.vfp11_veneer   0x0000000010016a98        0x0
 .vfp11_veneer  0x0000000010016a98        0x0 linker stubs

.v4_bx          0x0000000010016a98        0x0
 .v4_bx         0x0000000010016a98        0x0 linker stubs

.iplt           0x0000000010016a98        0x0
 .iplt          0x0000000010016a98        0x0 /usr/lib/gcc/arm-none-eabi/10.3.1/thumb/v6-m/nofp/crtbegin.o

.rodata         0x0000000010016a98    0x38300
 *(EXCLUDE_FILE(*libm.a: *libc.a:*lib_a-mem*.o *libgcc.a:) .rodata*)
 .rodata.main.str1.4
                0x0000000010016a98       0x32 CMakeFiles/pico_webserver.dir/webserver.c.obj
 *fill*         0x0000000010016aca        0x2 
 .rodata.gateway
                0x0000000010016acc        0x4 CMakeFiles/pico_webserver.dir/tusb_lwip_glue.c.obj
 .rodata.ipaddr
                0x0000000010016ad0        0x4 CMakeFiles/pico_webserver.dir/tusb_lwip_glue.c.obj
 .rodata.netmask
                0x0000000010016ad4        0x4 CMakeFiles/pico_webserver.dir/tusb_lwip_glue.c.obj
 .rodata.tud_descriptor_string_cb.str1.4
                0x0000000010016ad8       0x11 CMakeFiles/pico_webserver.dir/usb_descriptors.c.obj
 *fill*         0x0000000010016ae9        0x3 
 .rodata.str1.4
                0x0000000010016aec       0x3e CMakeFiles/pico_webserver.dir/usb_descriptors.c.obj
 *fill*         0x0000000010016b2a        0x2 
 .rodata.__compound_literal.0
                0x0000000010016b2c        0x2 CMakeFiles/pico_webserver.dir/usb_descriptors.c.obj
 *fill*         0x0000000010016b2e        0x2 
 .rodata.configuration_arr
                0x0000000010016b30        0x8 CMakeFiles/pico_webserver.dir/usb_descriptors.c.obj
 .rodata.desc_device
                0x0000000010016b38       0x12 CMakeFiles/pico_webserver.dir/usb_descriptors.c.obj
                0x0000000010016b38                desc_device
 *fill*         0x0000000010016b4a        0x2 
 .rodata.ecm_configuration
                0x0000000010016b4c       0x58 CMakeFiles/pico_webserver.dir/usb_descriptors.c.obj
 .rodata.rndis_configuration
                0x0000000010016ba4       0x4b CMakeFiles/pico_webserver.dir/usb_descriptors.c.obj
 *fill*         0x0000000010016bef        0x1 
 .rodata.string_desc_arr
                0x0000000010016bf0       0x14 CMakeFiles/pico_webserver.dir/usb_descriptors.c.obj
 .rodata.rndis_class_set_handler.str1.4
                0x0000000010016c04        0x8 CMakeFiles/pico_webserver.dir/pico-sdk/lib/tinyusb/lib/networking/rndis_reports.c.obj
 .rodata.rndis_class_set_handler
                0x0000000010016c04       0x90 CMakeFiles/pico_webserver.dir/pico-sdk/lib/tinyusb/lib/networking/rndis_reports.c.obj
 .rodata.OIDSupportedList
                0x0000000010016c94       0x58 CMakeFiles/pico_webserver.dir/pico-sdk/lib/tinyusb/lib/networking/rndis_reports.c.obj
 .rodata.core1_entry.str1.4
                0x0000000010016cec       0x18 CMakeFiles/pico_webserver.dir/wifi_code.c.obj
 .rodata.spin_lock_claim_unused.str1.4
                0x0000000010016d04       0x1b CMakeFiles/pico_webserver.dir/pico-sdk/src/rp2_common/hardware_sync/sync.c.obj
 *fill*         0x0000000010016d1f        0x1 
 .rodata.user_irq_claim_unused.str1.4
                0x0000000010016d20       0x1b CMakeFiles/pico_webserver.dir/pico-sdk/src/rp2_common/hardware_irq/irq.c.obj
 *fill*         0x0000000010016d3b        0x5 
 .rodata.at_the_end_of_time
                0x0000000010016d40        0x8 CMakeFiles/pico_webserver.dir/pico-sdk/src/common/pico_time/time.c.obj
                0x0000000010016d40                at_the_end_of_time
 .rodata.hardware_alarm_claim.str1.4
                0x0000000010016d48       0x22 CMakeFiles/pico_webserver.dir/pico-sdk/src/rp2_common/hardware_timer/timer.c.obj
 *fill*         0x0000000010016d6a        0x2 
 .rodata.hardware_alarm_claim_unused.str1.4
                0x0000000010016d6c       0x14 CMakeFiles/pico_webserver.dir/pico-sdk/src/rp2_common/hardware_timer/timer.c.obj
 .rodata.panic.str1.4
                0x0000000010016d80       0x10 CMakeFiles/pico_webserver.dir/pico-sdk/src/rp2_common/pico_runtime/runtime.c.obj
                                         0x12 (size before relaxing)
 .rodata.hard_assertion_failure.str1.4
                0x0000000010016d90        0xc CMakeFiles/pico_webserver.dir/pico-sdk/src/rp2_common/pico_runtime/runtime.c.obj
 .rodata._ftoa.str1.4
                0x0000000010016d9c       0x15 CMakeFiles/pico_webserver.dir/pico-sdk/src/rp2_common/pico_printf/printf.c.obj
 *fill*         0x0000000010016db1        0x3 
 .rodata._vsnprintf
                0x0000000010016db4      0x1e0 CMakeFiles/pico_webserver.dir/pico-sdk/src/rp2_common/pico_printf/printf.c.obj
 *fill*         0x0000000010016f94        0x4 
 .rodata.pow10.0
                0x0000000010016f98       0x50 CMakeFiles/pico_webserver.dir/pico-sdk/src/rp2_common/pico_printf/printf.c.obj
 .rodata.missing_double_func_shim.str1.4
                0x0000000010016fe8       0x18 CMakeFiles/pico_webserver.dir/pico-sdk/src/rp2_common/pico_double/double_init_rom.c.obj
 .rodata.missing_float_func_shim.str1.4
                0x0000000010017000       0x18 CMakeFiles/pico_webserver.dir/pico-sdk/src/rp2_common/pico_float/float_init_rom.c.obj
                                          0x1 (size before relaxing)
 .rodata.__wrap_malloc.str1.4
                0x0000000010017000        0xe CMakeFiles/pico_webserver.dir/pico-sdk/src/rp2_common/pico_malloc/pico_malloc.c.obj
 *fill*         0x000000001001700e        0x2 
 .rodata.str1.4
                0x0000000010017010       0x44 CMakeFiles/pico_webserver.dir/pico-sdk/src/rp2_common/pico_standard_link/binary_info.c.obj
 .rodata.__bi_44
                0x0000000010017054        0xc CMakeFiles/pico_webserver.dir/pico-sdk/src/rp2_common/pico_standard_link/binary_info.c.obj
 .rodata.__bi_75