Archive member included to satisfy reference by file (symbol)

/usr/lib/gcc/arm-none-eabi/10.3.1/thumb/v6-m/nofp/libgcc.a(_dvmd_tls.o)
                              CMakeFiles/pico_webserver.dir/pico-sdk/src/rp2_common/pico_divider/divider.S.obj (__aeabi_idiv0)
/usr/lib/gcc/arm-none-eabi/10.3.1/../../../arm-none-eabi/lib/thumb/v6-m/nofp/libc.a(lib_a-atexit.o)
                              /usr/lib/gcc/arm-none-eabi/10.3.1/../../../arm-none-eabi/lib/thumb/v6-m/nofp/crt0.o (atexit)
/usr/lib/gcc/arm-none-eabi/10.3.1/../../../arm-none-eabi/lib/thumb/v6-m/nofp/libc.a(lib_a-atoi.o)
                              CMakeFiles/pico_webserver.dir/pico-sdk/lib/lwip/src/core/netif.c.obj (atoi)
/usr/lib/gcc/arm-none-eabi/10.3.1/../../../arm-none-eabi/lib/thumb/v6-m/nofp/libc.a(lib_a-calloc.o)
                              CMakeFiles/pico_webserver.dir/pico-sdk/src/rp2_common/pico_malloc/pico_malloc.c.obj (calloc)
/usr/lib/gcc/arm-none-eabi/10.3.1/../../../arm-none-eabi/lib/thumb/v6-m/nofp/libc.a(lib_a-callocr.o)
                              /usr/lib/gcc/arm-none-eabi/10.3.1/../../../arm-none-eabi/lib/thumb/v6-m/nofp/libc.a(lib_a-calloc.o) (_calloc_r)
/usr/lib/gcc/arm-none-eabi/10.3.1/../../../arm-none-eabi/lib/thumb/v6-m/nofp/libc.a(lib_a-ctype_.o)
                              CMakeFiles/pico_webserver.dir/pico-sdk/lib/lwip/src/core/ipv4/ip4_addr.c.obj (_ctype_)
/usr/lib/gcc/arm-none-eabi/10.3.1/../../../arm-none-eabi/lib/thumb/v6-m/nofp/libc.a(lib_a-fini.o)
                              /usr/lib/gcc/arm-none-eabi/10.3.1/../../../arm-none-eabi/lib/thumb/v6-m/nofp/crt0.o (__libc_fini_array)
/usr/lib/gcc/arm-none-eabi/10.3.1/../../../arm-none-eabi/lib/thumb/v6-m/nofp/libc.a(lib_a-impure.o)
                              /usr/lib/gcc/arm-none-eabi/10.3.1/../../../arm-none-eabi/lib/thumb/v6-m/nofp/libc.a(lib_a-calloc.o) (_impure_ptr)
/usr/lib/gcc/arm-none-eabi/10.3.1/../../../arm-none-eabi/lib/thumb/v6-m/nofp/libc.a(lib_a-init.o)
                              /usr/lib/gcc/arm-none-eabi/10.3.1/../../../arm-none-eabi/lib/thumb/v6-m/nofp/crt0.o (__libc_init_array)
/usr/lib/gcc/arm-none-eabi/10.3.1/../../../arm-none-eabi/lib/thumb/v6-m/nofp/libc.a(lib_a-malloc.o)
                              CMakeFiles/pico_webserver.dir/pico-sdk/src/rp2_common/pico_malloc/pico_malloc.c.obj (malloc)
/usr/lib/gcc/arm-none-eabi/10.3.1/../../../arm-none-eabi/lib/thumb/v6-m/nofp/libc.a(lib_a-mallocr.o)
                              /usr/lib/gcc/arm-none-eabi/10.3.1/../../../arm-none-eabi/lib/thumb/v6-m/nofp/libc.a(lib_a-callocr.o) (_malloc_r)
/usr/lib/gcc/arm-none-eabi/10.3.1/../../../arm-none-eabi/lib/thumb/v6-m/nofp/libc.a(lib_a-memcmp.o)
                              CMakeFiles/pico_webserver.dir/pico-sdk/lib/tinyusb/lib/networking/dhserver.c.obj (memcmp)
/usr/lib/gcc/arm-none-eabi/10.3.1/../../../arm-none-eabi/lib/thumb/v6-m/nofp/libc.a(lib_a-memmove.o)
                              CMakeFiles/pico_webserver.dir/pico-sdk/lib/lwip/src/core/def.c.obj (memmove)
/usr/lib/gcc/arm-none-eabi/10.3.1/../../../arm-none-eabi/lib/thumb/v6-m/nofp/libc.a(lib_a-mlock.o)
                              /usr/lib/gcc/arm-none-eabi/10.3.1/../../../arm-none-eabi/lib/thumb/v6-m/nofp/libc.a(lib_a-mallocr.o) (__malloc_lock)
/usr/lib/gcc/arm-none-eabi/10.3.1/../../../arm-none-eabi/lib/thumb/v6-m/nofp/libc.a(lib_a-realloc.o)
                              CMakeFiles/pico_webserver.dir/pico-sdk/src/rp2_common/pico_malloc/pico_malloc.c.obj (realloc)
/usr/lib/gcc/arm-none-eabi/10.3.1/../../../arm-none-eabi/lib/thumb/v6-m/nofp/libc.a(lib_a-reallocr.o)
                              /usr/lib/gcc/arm-none-eabi/10.3.1/../../../arm-none-eabi/lib/thumb/v6-m/nofp/libc.a(lib_a-realloc.o) (_realloc_r)
/usr/lib/gcc/arm-none-eabi/10.3.1/../../../arm-none-eabi/lib/thumb/v6-m/nofp/libc.a(lib_a-sbrkr.o)
                              /usr/lib/gcc/arm-none-eabi/10.3.1/../../../arm-none-eabi/lib/thumb/v6-m/nofp/libc.a(lib_a-mallocr.o) (_sbrk_r)
/usr/lib/gcc/arm-none-eabi/10.3.1/../../../arm-none-eabi/lib/thumb/v6-m/nofp/libc.a(lib_a-strcat.o)
                              CMakeFiles/pico_webserver.dir/ssi.cpp.obj (strcat)
/usr/lib/gcc/arm-none-eabi/10.3.1/../../../arm-none-eabi/lib/thumb/v6-m/nofp/libc.a(lib_a-strchr.o)
                              CMakeFiles/pico_webserver.dir/pico-sdk/lib/lwip/src/apps/http/httpd.c.obj (strchr)
/usr/lib/gcc/arm-none-eabi/10.3.1/../../../arm-none-eabi/lib/thumb/v6-m/nofp/libc.a(lib_a-strcmp.o)
                              CMakeFiles/pico_webserver.dir/cgi.cpp.obj (strcmp)
/usr/lib/gcc/arm-none-eabi/10.3.1/../../../arm-none-eabi/lib/thumb/v6-m/nofp/libc.a(lib_a-strcpy.o)
                              CMakeFiles/pico_webserver.dir/cgi.cpp.obj (strcpy)
/usr/lib/gcc/arm-none-eabi/10.3.1/../../../arm-none-eabi/lib/thumb/v6-m/nofp/libc.a(lib_a-strlen-stub.o)
                              CMakeFiles/pico_webserver.dir/usb_descriptors.c.obj (strlen)
/usr/lib/gcc/arm-none-eabi/10.3.1/../../../arm-none-eabi/lib/thumb/v6-m/nofp/libc.a(lib_a-strncmp.o)
[...]
Memory Configuration

Name             Origin             Length             Attributes
FLASH            0x0000000010000000 0x0000000000200000 xr
RAM              0x0000000020000000 0x0000000000040000 xrw
SCRATCH_X        0x0000000020040000 0x0000000000001000 xrw
SCRATCH_Y        0x0000000020041000 0x0000000000001000 xrw
*default*        0x0000000000000000 0xffffffffffffffff

Linker script and memory map

LOAD /usr/lib/gcc/arm-none-eabi/10.3.1/thumb/v6-m/nofp/crti.o
LOAD /usr/lib/gcc/arm-none-eabi/10.3.1/thumb/v6-m/nofp/crtbegin.o
LOAD /usr/lib/gcc/arm-none-eabi/10.3.1/../../../arm-none-eabi/lib/thumb/v6-m/nofp/crt0.o

.flash_begin    0x0000000010000000        0x0
                0x0000000010000000                __flash_binary_start = .

.boot2          0x0000000010000000      0x100
                0x0000000010000000                __boot2_start__ = .
 *(.boot2)
 .boot2         0x0000000010000000      0x100 /tmp/ccAKdXhV.o
                0x0000000010000100                __boot2_end__ = .
                0x0000000000000001                ASSERT (((__boot2_end__ - __boot2_start__) == 0x100), ERROR: Pico second stage bootloader must be 256 bytes in size)

.text           0x0000000010000100    0x19150
                0x0000000010000100                __logical_binary_start = .
 *(.vectors)
 .vectors       0x0000000010000100       0xd4 CMakeFiles/pico_webserver.dir/pico-sdk/src/rp2_common/pico_standard_link/crt0.S.obj
                0x0000000010000100                __vectors
                0x0000000010000100                __VECTOR_TABLE
                0x00000000100001c0                isr_invalid
                0x00000000100001c0                __default_isrs_start
                0x00000000100001c2                isr_nmi
                0x00000000100001c4                isr_hardfault
                0x00000000100001c6                isr_svcall
                0x00000000100001c8                isr_pendsv
                0x00000000100001ca                isr_systick
                0x00000000100001cc                isr_irq30
                0x00000000100001cc                __unhandled_user_irq
                0x00000000100001cc                isr_irq13
                0x00000000100001cc                isr_irq27
                0x00000000100001cc                isr_irq31
                0x00000000100001cc                isr_irq5
                0x00000000100001cc                isr_irq11
                0x00000000100001cc                isr_irq23
                0x00000000100001cc                isr_irq18
                0x00000000100001cc                isr_irq28
                0x00000000100001cc                isr_irq19
                0x00000000100001cc                isr_irq0
                0x00000000100001cc                isr_irq6
                0x00000000100001cc                isr_irq22
                0x00000000100001cc                isr_irq17
                0x00000000100001cc                isr_irq14
                0x00000000100001cc                isr_irq2
                0x00000000100001cc                isr_irq10
                0x00000000100001cc                isr_irq8
                0x00000000100001cc                isr_irq24
                0x00000000100001cc                isr_irq1
                0x00000000100001cc                isr_irq7
                0x00000000100001cc                isr_irq21
                0x00000000100001cc                isr_irq20
                0x00000000100001cc                isr_irq15
                0x00000000100001cc                isr_irq25
                0x00000000100001cc                isr_irq4
                0x00000000100001cc                isr_irq16
                0x00000000100001cc                isr_irq29
                0x00000000100001cc                isr_irq26
                0x00000000100001cc                __default_isrs_end
                0x00000000100001cc                isr_irq3
                0x00000000100001cc                isr_irq12
                0x00000000100001cc                isr_irq9
                0x00000000100001d2                unhandled_user_irq_num_in_r0
 *(.binary_info_header)
 .binary_info_header
                0x00000000100001d4       0x14 CMakeFiles/pico_webserver.dir/pico-sdk/src/rp2_common/pico_standard_link/crt0.S.obj
                0x00000000100001e8                __binary_info_header_end = .
 *(.reset)
 .reset         0x00000000100001e8       0xa0 CMakeFiles/pico_webserver.dir/pico-sdk/src/rp2_common/pico_standard_link/crt0.S.obj
                0x00000000100001e8                _entry_point
 .reset         0x0000000010000288       0x30 CMakeFiles/pico_webserver.dir/pico-sdk/src/rp2_common/pico_standard_link/binary_info.c.obj
 *(.init)
 .init          0x00000000100002b8        0x4 /usr/lib/gcc/arm-none-eabi/10.3.1/thumb/v6-m/nofp/crti.o
                0x00000000100002b8                _init
 *(EXCLUDE_FILE(*libm.a: *libc.a:*lib_a-mem*.o *libgcc.a:) .text*)
 .text          0x00000000100002bc       0x98 /usr/lib/gcc/arm-none-eabi/10.3.1/thumb/v6-m/nofp/crtbegin.o
 .text.startup.main
                0x0000000010000354       0x98 CMakeFiles/pico_webserver.dir/webserver.c.obj
                0x0000000010000354                main
 .text.netif_init_cb
                0x00000000100003ec       0x30 CMakeFiles/pico_webserver.dir/tusb_lwip_glue.c.obj
 .text.output_fn
                0x000000001000041c        0x8 CMakeFiles/pico_webserver.dir/tusb_lwip_glue.c.obj
 .text.linkoutput_fn
                0x0000000010000424       0x3c CMakeFiles/pico_webserver.dir/tusb_lwip_glue.c.obj
 .text.init_lwip
                0x0000000010000460       0x5c CMakeFiles/pico_webserver.dir/tusb_lwip_glue.c.obj
                0x0000000010000460                init_lwip
 .text.tud_network_init_cb
                0x00000000100004bc       0x18 CMakeFiles/pico_webserver.dir/tusb_lwip_glue.c.obj
                0x00000000100004bc                tud_network_init_cb
 .text.tud_network_recv_cb
                0x00000000100004d4       0x3c CMakeFiles/pico_webserver.dir/tusb_lwip_glue.c.obj
                0x00000000100004d4                tud_network_recv_cb
 .text.tud_network_xmit_cb
                0x0000000010000510       0x30 CMakeFiles/pico_webserver.dir/tusb_lwip_glue.c.obj
                0x0000000010000510                tud_network_xmit_cb
 .text.service_traffic
                0x0000000010000540       0x40 CMakeFiles/pico_webserver.dir/tusb_lwip_glue.c.obj
                0x0000000010000540                service_traffic
 .text.dhcpd_init
                0x0000000010000580       0x14 CMakeFiles/pico_webserver.dir/tusb_lwip_glue.c.obj
                0x0000000010000580                dhcpd_init
 .text.wait_for_netif_is_up
                0x0000000010000594       0x14 CMakeFiles/pico_webserver.dir/tusb_lwip_glue.c.obj
                0x0000000010000594                wait_for_netif_is_up
 .text.tud_descriptor_device_cb
                0x00000000100005a8        0x8 CMakeFiles/pico_webserver.dir/usb_descriptors.c.obj
                0x00000000100005a8                tud_descriptor_device_cb
 .text.tud_descriptor_configuration_cb
                0x00000000100005b0       0x14 CMakeFiles/pico_webserver.dir/usb_descriptors.c.obj
                0x00000000100005b0                tud_descriptor_configuration_cb
 .text.tud_descriptor_string_cb
                0x00000000100005c4      0x17c CMakeFiles/pico_webserver.dir/usb_descriptors.c.obj
                0x00000000100005c4                tud_descriptor_string_cb
 .text.fill_options
                0x0000000010000740       0xdc CMakeFiles/pico_webserver.dir/pico-sdk/lib/tinyusb/lib/networking/dhserver.c.obj
                0x0000000010000740                fill_options
 .text.udp_recv_proc
                0x000000001000081c      0x2e4 CMakeFiles/pico_webserver.dir/pico-sdk/lib/tinyusb/lib/networking/dhserver.c.obj
 .text.dhserv_init
                0x0000000010000b00       0x64 CMakeFiles/pico_webserver.dir/pico-sdk/lib/tinyusb/lib/networking/dhserver.c.obj
                0x0000000010000b00                dhserv_init
 .text.rndis_class_set_handler
                0x0000000010000b64      0x2d4 CMakeFiles/pico_webserver.dir/pico-sdk/lib/tinyusb/lib/networking/rndis_reports.c.obj
                0x0000000010000b64                rndis_class_set_handler
 .text._Z11scan_resultPvPK23_cyw43_ev_scan_result_t
                0x0000000010000e38       0x4c CMakeFiles/pico_webserver.dir/ssi.cpp.obj
                0x0000000010000e38                scan_result(void*, _cyw43_ev_scan_result_t const*)
 .text.ssi_init
                0x0000000010000e84       0x18 CMakeFiles/pico_webserver.dir/ssi.cpp.obj
                0x0000000010000e84                ssi_init
 .text.cgi_handler_basic
                0x0000000010000e9c      0x11c CMakeFiles/pico_webserver.dir/cgi.cpp.obj
                0x0000000010000e9c                cgi_handler_basic
 .text.cgi_handler_extended
                0x0000000010000fb8      0x11c CMakeFiles/pico_webserver.dir/cgi.cpp.obj
                0x0000000010000fb8                cgi_handler_extended
 .text.wifi_cred_set
                0x00000000100010d4       0xa4 CMakeFiles/pico_webserver.dir/cgi.cpp.obj
                0x00000000100010d4                wifi_cred_set
 .text.cgi_toggle_led
                0x0000000010001178       0x20 CMakeFiles/pico_webserver.dir/cgi.cpp.obj
 .text.cgi_reset_usb_boot
                0x0000000010001198       0x14 CMakeFiles/pico_webserver.dir/cgi.cpp.obj
 .text.cgi_init
                0x00000000100011ac       0x2c CMakeFiles/pico_webserver.dir/cgi.cpp.obj
                0x00000000100011ac                cgi_init
 .text.core1_entry
                0x00000000100011d8       0xd0 CMakeFiles/pico_webserver.dir/wifi_code.c.obj
                0x00000000100011d8                core1_entry
 .text.set_sys_clock_pll
                0x00000000100012a8       0x78 CMakeFiles/pico_webserver.dir/pico-sdk/src/rp2_common/pico_stdlib/stdlib.c.obj
                0x00000000100012a8                set_sys_clock_pll
 .text.check_sys_clock_khz
                0x0000000010001320      0x17c CMakeFiles/pico_webserver.dir/pico-sdk/src/rp2_common/pico_stdlib/stdlib.c.obj
                0x0000000010001320                check_sys_clock_khz
 .text.gpio_set_function
                0x000000001000149c       0x30 CMakeFiles/pico_webserver.dir/pico-sdk/src/rp2_common/hardware_gpio/gpio.c.obj
                0x000000001000149c                gpio_set_function
 .text.gpio_set_pulls
                0x00000000100014cc       0x30 CMakeFiles/pico_webserver.dir/pico-sdk/src/rp2_common/hardware_gpio/gpio.c.obj
                0x00000000100014cc                gpio_set_pulls
 .text.gpio_set_input_hysteresis_enabled
                0x00000000100014fc       0x28 CMakeFiles/pico_webserver.dir/pico-sdk/src/rp2_common/hardware_gpio/gpio.c.obj
                0x00000000100014fc                gpio_set_input_hysteresis_enabled
 .text.gpio_set_irq_enabled
                0x0000000010001524       0x54 CMakeFiles/pico_webserver.dir/pico-sdk/src/rp2_common/hardware_gpio/gpio.c.obj
                0x0000000010001524                gpio_set_irq_enabled
 .text.gpio_add_raw_irq_handler_with_order_priority_masked
                0x0000000010001578       0x44 CMakeFiles/pico_webserver.dir/pico-sdk/src/rp2_common/hardware_gpio/gpio.c.obj
                0x0000000010001578                gpio_add_raw_irq_handler_with_order_priority_masked
 .text.gpio_remove_raw_irq_handler_masked
                0x00000000100015bc       0x20 CMakeFiles/pico_webserver.dir/pico-sdk/src/rp2_common/hardware_gpio/gpio.c.obj
                0x00000000100015bc                gpio_remove_raw_irq_handler_masked
 .text.gpio_init
                0x00000000100015dc       0x3c CMakeFiles/pico_webserver.dir/pico-sdk/src/rp2_common/hardware_gpio/gpio.c.obj
                0x00000000100015dc                gpio_init
 .text.running_on_fpga
                0x0000000010001618       0x10 CMakeFiles/pico_webserver.dir/pico-sdk/src/rp2_common/pico_platform/platform.c.obj
                0x0000000010001618                running_on_fpga
 .text.hw_claim_lock
                0x0000000010001628       0x18 CMakeFiles/pico_webserver.dir/pico-sdk/src/rp2_common/hardware_claim/claim.c.obj
                0x0000000010001628                hw_claim_lock
 .text.hw_claim_unlock
                0x0000000010001640       0x14 CMakeFiles/pico_webserver.dir/pico-sdk/src/rp2_common/hardware_claim/claim.c.obj
                0x0000000010001640                hw_claim_unlock
 .text.hw_claim_or_assert
                0x0000000010001654       0x44 CMakeFiles/pico_webserver.dir/pico-sdk/src/rp2_common/hardware_claim/claim.c.obj
                0x0000000010001654                hw_claim_or_assert
 .text.hw_claim_unused_from_range
                0x0000000010001698       0x9c CMakeFiles/pico_webserver.dir/pico-sdk/src/rp2_common/hardware_claim/claim.c.obj
                0x0000000010001698                hw_claim_unused_from_range
 .text.hw_claim_clear
                0x0000000010001734       0x38 CMakeFiles/pico_webserver.dir/pico-sdk/src/rp2_common/hardware_claim/claim.c.obj
                0x0000000010001734                hw_claim_clear
 .text.spin_locks_reset
                0x000000001000176c       0x1c CMakeFiles/pico_webserver.dir/pico-sdk/src/rp2_common/hardware_sync/sync.c.obj
                0x000000001000176c                spin_locks_reset
 .text.next_striped_spin_lock_num
                0x0000000010001788       0x18 CMakeFiles/pico_webserver.dir/pico-sdk/src/rp2_common/hardware_sync/sync.c.obj
                0x0000000010001788                next_striped_spin_lock_num
 .text.spin_lock_claim_unused
                0x00000000100017a0       0x20 CMakeFiles/pico_webserver.dir/pico-sdk/src/rp2_common/hardware_sync/sync.c.obj
                0x00000000100017a0                spin_lock_claim_unused
 .text.irq_set_enabled
                0x00000000100017c0       0x24 CMakeFiles/pico_webserver.dir/pico-sdk/src/rp2_common/hardware_irq/irq.c.obj
                0x00000000100017c0                irq_set_enabled
 .text.irq_is_enabled
                0x00000000100017e4       0x18 CMakeFiles/pico_webserver.dir/pico-sdk/src/rp2_common/hardware_irq/irq.c.obj
                0x00000000100017e4                irq_is_enabled
 .text.irq_set_pending
                0x00000000100017fc       0x10 CMakeFiles/pico_webserver.dir/pico-sdk/src/rp2_common/hardware_irq/irq.c.obj
                0x00000000100017fc                irq_set_pending
 .text.irq_get_vtable_handler
                0x000000001000180c       0x10 CMakeFiles/pico_webserver.dir/pico-sdk/src/rp2_common/hardware_irq/irq.c.obj
                0x000000001000180c                irq_get_vtable_handler
 .text.irq_set_exclusive_handler
                0x000000001000181c       0x54 CMakeFiles/pico_webserver.dir/pico-sdk/src/rp2_common/hardware_irq/irq.c.obj
                0x000000001000181c                irq_set_exclusive_handler
 .text.irq_add_shared_handler
                0x0000000010001870      0x1e8 CMakeFiles/pico_webserver.dir/pico-sdk/src/rp2_common/hardware_irq/irq.c.obj
                0x0000000010001870                irq_add_shared_handler
 .text.irq_remove_handler
                0x0000000010001a58      0x1b0 CMakeFiles/pico_webserver.dir/pico-sdk/src/rp2_common/hardware_irq/irq.c.obj
                0x0000000010001a58                irq_remove_handler
 .text.irq_set_priority
                0x0000000010001c08       0x28 CMakeFiles/pico_webserver.dir/pico-sdk/src/rp2_common/hardware_irq/irq.c.obj
                0x0000000010001c08                irq_set_priority
 .text.irq_add_tail_to_free_list
                0x0000000010001c30       0xb4 CMakeFiles/pico_webserver.dir/pico-sdk/src/rp2_common/hardware_irq/irq.c.obj
                0x0000000010001c30                irq_add_tail_to_free_list
 .text.irq_init_priorities
                0x0000000010001ce4       0x24 CMakeFiles/pico_webserver.dir/pico-sdk/src/rp2_common/hardware_irq/irq.c.obj
                0x0000000010001ce4                irq_init_priorities
 .text.user_irq_unclaim
                0x0000000010001d08       0x14 CMakeFiles/pico_webserver.dir/pico-sdk/src/rp2_common/hardware_irq/irq.c.obj
                0x0000000010001d08                user_irq_unclaim
 .text.user_irq_claim_unused
                0x0000000010001d1c       0x28 CMakeFiles/pico_webserver.dir/pico-sdk/src/rp2_common/hardware_irq/irq.c.obj
                0x0000000010001d1c                user_irq_claim_unused
 .text.sem_init
                0x0000000010001d44       0x20 CMakeFiles/pico_webserver.dir/pico-sdk/src/common/pico_sync/sem.c.obj
                0x0000000010001d44                sem_init
 .text.lock_init
                0x0000000010001d64       0x10 CMakeFiles/pico_webserver.dir/pico-sdk/src/common/pico_sync/lock_core.c.obj
                0x0000000010001d64                lock_init
 .text.mutex_init
                0x0000000010001d74       0x1c CMakeFiles/pico_webserver.dir/pico-sdk/src/common/pico_sync/mutex.c.obj
                0x0000000010001d74                mutex_init
 .text.recursive_mutex_init
                0x0000000010001d90       0x1c CMakeFiles/pico_webserver.dir/pico-sdk/src/common/pico_sync/mutex.c.obj
                0x0000000010001d90                recursive_mutex_init
 .text.critical_section_init
                0x0000000010001dac       0x20 CMakeFiles/pico_webserver.dir/pico-sdk/src/common/pico_sync/critical_section.c.obj
                0x0000000010001dac                critical_section_init
 .text.timer_pool_entry_comparator
                0x0000000010001dcc       0x34 CMakeFiles/pico_webserver.dir/pico-sdk/src/common/pico_time/time.c.obj
                0x0000000010001dcc                timer_pool_entry_comparator
 .text.sleep_until_callback
                0x0000000010001e00       0x30 CMakeFiles/pico_webserver.dir/pico-sdk/src/common/pico_time/time.c.obj
 .text.add_alarm_under_lock.isra.0
                0x0000000010001e30      0x100 CMakeFiles/pico_webserver.dir/pico-sdk/src/common/pico_time/time.c.obj
 .text.alarm_pool_alarm_callback
                0x0000000010001f30      0x1bc CMakeFiles/pico_webserver.dir/pico-sdk/src/common/pico_time/time.c.obj
 .text.alarm_pool_init_default
                0x00000000100020ec       0x6c CMakeFiles/pico_webserver.dir/pico-sdk/src/common/pico_time/time.c.obj
                0x00000000100020ec                alarm_pool_init_default
 .text.alarm_pool_get_default
                0x0000000010002158        0x8 CMakeFiles/pico_webserver.dir/pico-sdk/src/common/pico_time/time.c.obj
                0x0000000010002158                alarm_pool_get_default
 .text.alarm_pool_create_with_unused_hardware_alarm
                0x0000000010002160       0x74 CMakeFiles/pico_webserver.dir/pico-sdk/src/common/pico_time/time.c.obj
                0x0000000010002160                alarm_pool_create_with_unused_hardware_alarm
 .text.alarm_pool_destroy
                0x00000000100021d4       0x44 CMakeFiles/pico_webserver.dir/pico-sdk/src/common/pico_time/time.c.obj
                0x00000000100021d4                alarm_pool_destroy
 .text.alarm_pool_add_alarm_at
                0x0000000010002218      0x178 CMakeFiles/pico_webserver.dir/pico-sdk/src/common/pico_time/time.c.obj
                0x0000000010002218                alarm_pool_add_alarm_at
 .text.alarm_pool_add_alarm_at_force_in_context
                0x0000000010002390      0x124 CMakeFiles/pico_webserver.dir/pico-sdk/src/common/pico_time/time.c.obj
                0x0000000010002390                alarm_pool_add_alarm_at_force_in_context
 .text.alarm_pool_cancel_alarm
                0x00000000100024b4       0x78 CMakeFiles/pico_webserver.dir/pico-sdk/src/common/pico_time/time.c.obj
                0x00000000100024b4                alarm_pool_cancel_alarm
 .text.alarm_pool_core_num
                0x000000001000252c        0x4 CMakeFiles/pico_webserver.dir/pico-sdk/src/common/pico_time/time.c.obj
                0x000000001000252c                alarm_pool_core_num
 .text.sleep_until
                0x0000000010002530       0xc4 CMakeFiles/pico_webserver.dir/pico-sdk/src/common/pico_time/time.c.obj
                0x0000000010002530                sleep_until
 .text.sleep_ms
                0x00000000100025f4       0x34 CMakeFiles/pico_webserver.dir/pico-sdk/src/common/pico_time/time.c.obj
                0x00000000100025f4                sleep_ms
 .text.best_effort_wfe_or_timeout
                0x0000000010002628       0xd4 CMakeFiles/pico_webserver.dir/pico-sdk/src/common/pico_time/time.c.obj
                0x0000000010002628                best_effort_wfe_or_timeout
 .text.hardware_alarm_irq_handler
                0x00000000100026fc       0xbc CMakeFiles/pico_webserver.dir/pico-sdk/src/rp2_common/hardware_timer/timer.c.obj
 .text.hardware_alarm_claim
                0x00000000100027b8       0x18 CMakeFiles/pico_webserver.dir/pico-sdk/src/rp2_common/hardware_timer/timer.c.obj
                0x00000000100027b8                hardware_alarm_claim
 .text.hardware_alarm_unclaim
                0x00000000100027d0       0x10 CMakeFiles/pico_webserver.dir/pico-sdk/src/rp2_common/hardware_timer/timer.c.obj
                0x00000000100027d0                hardware_alarm_unclaim
 .text.hardware_alarm_claim_unused
                0x00000000100027e0       0x20 CMakeFiles/pico_webserver.dir/pico-sdk/src/rp2_common/hardware_timer/timer.c.obj
                0x00000000100027e0                hardware_alarm_claim_unused
 .text.time_us_64
                0x0000000010002800       0x14 CMakeFiles/pico_webserver.dir/pico-sdk/src/rp2_common/hardware_timer/timer.c.obj
                0x0000000010002800                time_us_64
 .text.busy_wait_until
                0x0000000010002814       0x20 CMakeFiles/pico_webserver.dir/pico-sdk/src/rp2_common/hardware_timer/timer.c.obj
                0x0000000010002814                busy_wait_until
 .text.hardware_alarm_set_callback
                0x0000000010002834       0x8c CMakeFiles/pico_webserver.dir/pico-sdk/src/rp2_common/hardware_timer/timer.c.obj
                0x0000000010002834                hardware_alarm_set_callback
 .text.hardware_alarm_set_target
                0x00000000100028c0       0xd4 CMakeFiles/pico_webserver.dir/pico-sdk/src/rp2_common/hardware_timer/timer.c.obj
                0x00000000100028c0                hardware_alarm_set_target
 .text.hardware_alarm_cancel
                0x0000000010002994       0x3c CMakeFiles/pico_webserver.dir/pico-sdk/src/rp2_common/hardware_timer/timer.c.obj
                0x0000000010002994                hardware_alarm_cancel
 .text.hardware_alarm_force_irq
                0x00000000100029d0       0x3c CMakeFiles/pico_webserver.dir/pico-sdk/src/rp2_common/hardware_timer/timer.c.obj
                0x00000000100029d0                hardware_alarm_force_irq
 .text.ph_merge_nodes
                0x0000000010002a0c       0x68 CMakeFiles/pico_webserver.dir/pico-sdk/src/common/pico_util/pheap.c.obj
 .text.ph_create
                0x0000000010002a74       0x60 CMakeFiles/pico_webserver.dir/pico-sdk/src/common/pico_util/pheap.c.obj
                0x0000000010002a74                ph_create
 .text.ph_post_alloc_init
                0x0000000010002ad4       0x3c CMakeFiles/pico_webserver.dir/pico-sdk/src/common/pico_util/pheap.c.obj
                0x0000000010002ad4                ph_post_alloc_init
 .text.ph_destroy
                0x0000000010002b10       0x14 CMakeFiles/pico_webserver.dir/pico-sdk/src/common/pico_util/pheap.c.obj
                0x0000000010002b10                ph_destroy
 .text.ph_merge_two_pass
                0x0000000010002b24       0x90 CMakeFiles/pico_webserver.dir/pico-sdk/src/common/pico_util/pheap.c.obj
                0x0000000010002b24                ph_merge_two_pass
 .text.ph_remove_any_head
                0x0000000010002bb4      0x100 CMakeFiles/pico_webserver.dir/pico-sdk/src/common/pico_util/pheap.c.obj
 .text.ph_remove_head
                0x0000000010002cb4      0x104 CMakeFiles/pico_webserver.dir/pico-sdk/src/common/pico_util/pheap.c.obj
                0x0000000010002cb4                ph_remove_head
 .text.ph_remove_and_free_node
                0x0000000010002db8       0x7c CMakeFiles/pico_webserver.dir/pico-sdk/src/common/pico_util/pheap.c.obj
                0x0000000010002db8                ph_remove_and_free_node
 .text.queue_init_with_spinlock
                0x0000000010002e34       0x24 CMakeFiles/pico_webserver.dir/pico-sdk/src/common/pico_util/queue.c.obj
                0x0000000010002e34                queue_init_with_spinlock
 .text.clock_configure
                0x0000000010002e58      0x118 CMakeFiles/pico_webserver.dir/pico-sdk/src/rp2_common/hardware_clocks/clocks.c.obj
                0x0000000010002e58                clock_configure
 .text.clocks_init
                0x0000000010002f70      0x2d0 CMakeFiles/pico_webserver.dir/pico-sdk/src/rp2_common/hardware_clocks/clocks.c.obj
                0x0000000010002f70                clocks_init
 .text.clock_get_hz
                0x0000000010003240        0xc CMakeFiles/pico_webserver.dir/pico-sdk/src/rp2_common/hardware_clocks/clocks.c.obj
                0x0000000010003240                clock_get_hz
 .text.pll_init
                0x000000001000324c       0xa0 CMakeFiles/pico_webserver.dir/pico-sdk/src/rp2_common/hardware_pll/pll.c.obj
                0x000000001000324c                pll_init
 .text.watchdog_start_tick
                0x00000000100032ec       0x10 CMakeFiles/pico_webserver.dir/pico-sdk/src/rp2_common/hardware_watchdog/watchdog.c.obj
                0x00000000100032ec                watchdog_start_tick
 .text.xosc_init
                0x00000000100032fc       0x28 CMakeFiles/pico_webserver.dir/pico-sdk/src/rp2_common/hardware_xosc/xosc.c.obj
                0x00000000100032fc                xosc_init
 .text.runtime_init
                0x0000000010003324       0xf0 CMakeFiles/pico_webserver.dir/pico-sdk/src/rp2_common/pico_runtime/runtime.c.obj
                0x0000000010003324                runtime_init
 .text._exit    0x0000000010003414       0x14 CMakeFiles/pico_webserver.dir/pico-sdk/src/rp2_common/pico_runtime/runtime.c.obj
                0x0000000010003414                _exit
 .text._sbrk    0x0000000010003428       0x34 CMakeFiles/pico_webserver.dir/pico-sdk/src/rp2_common/pico_runtime/runtime.c.obj
                0x0000000010003428                _sbrk
 .text.exit     0x000000001000345c        0x8 CMakeFiles/pico_webserver.dir/pico-sdk/src/rp2_common/pico_runtime/runtime.c.obj
                0x000000001000345c                exit
 .text.panic    0x0000000010003464       0x30 CMakeFiles/pico_webserver.dir/pico-sdk/src/rp2_common/pico_runtime/runtime.c.obj
                0x0000000010003464                panic
 .text.hard_assertion_failure
                0x0000000010003494        0xc CMakeFiles/pico_webserver.dir/pico-sdk/src/rp2_common/pico_runtime/runtime.c.obj
                0x0000000010003494                hard_assertion_failure
 .text._out_buffer
                0x00000000100034a0        0x8 CMakeFiles/pico_webserver.dir/pico-sdk/src/rp2_common/pico_printf/printf.c.obj
 .text._out_null
                0x00000000100034a8        0x4 CMakeFiles/pico_webserver.dir/pico-sdk/src/rp2_common/pico_printf/printf.c.obj
 .text._out_rev
                0x00000000100034ac       0x9c CMakeFiles/pico_webserver.dir/pico-sdk/src/rp2_common/pico_printf/printf.c.obj
 .text._ntoa_format
                0x0000000010003548      0x1cc CMakeFiles/pico_webserver.dir/pico-sdk/src/rp2_common/pico_printf/printf.c.obj
 .text._out_char
                0x0000000010003714       0x10 CMakeFiles/pico_webserver.dir/pico-sdk/src/rp2_common/pico_printf/printf.c.obj
 .text._out_fct
                0x0000000010003724       0x10 CMakeFiles/pico_webserver.dir/pico-sdk/src/rp2_common/pico_printf/printf.c.obj
 .text._etoa    0x0000000010003734      0x44c CMakeFiles/pico_webserver.dir/pico-sdk/src/rp2_common/pico_printf/printf.c.obj
 .text._ftoa    0x0000000010003b80      0x398 CMakeFiles/pico_webserver.dir/pico-sdk/src/rp2_common/pico_printf/printf.c.obj
 .text._vsnprintf
                0x0000000010003f18      0xb04 CMakeFiles/pico_webserver.dir/pico-sdk/src/rp2_common/pico_printf/printf.c.obj
 .text.__wrap_sprintf
                0x0000000010004a1c       0x28 CMakeFiles/pico_webserver.dir/pico-sdk/src/rp2_common/pico_printf/printf.c.obj
                0x0000000010004a1c                __wrap_sprintf
 .text.__wrap_snprintf
                0x0000000010004a44       0x28 CMakeFiles/pico_webserver.dir/pico-sdk/src/rp2_common/pico_printf/printf.c.obj
                0x0000000010004a44                __wrap_snprintf
 .text.vfctprintf
                0x0000000010004a6c       0x20 CMakeFiles/pico_webserver.dir/pico-sdk/src/rp2_common/pico_printf/printf.c.obj
                0x0000000010004a6c                vfctprintf
 .text.weak_raw_vprintf
                0x0000000010004a8c       0x30 CMakeFiles/pico_webserver.dir/pico-sdk/src/rp2_common/pico_printf/printf.c.obj
                0x0000000010004a8c                weak_raw_vprintf
 .text          0x0000000010004abc       0x10 CMakeFiles/pico_webserver.dir/pico-sdk/src/rp2_common/pico_bit_ops/bit_ops_aeabi.S.obj
 .text.ctzsi    0x0000000010004acc        0xc CMakeFiles/pico_webserver.dir/pico-sdk/src/rp2_common/pico_bit_ops/bit_ops_aeabi.S.obj
                0x0000000010004acc                __wrap___ctzsi2
 .text.rom_func_lookup
                0x0000000010004ad8       0x10 CMakeFiles/pico_webserver.dir/pico-sdk/src/rp2_common/pico_bootrom/bootrom.c.obj
                0x0000000010004ad8                rom_func_lookup
 .text.rom_data_lookup
                0x0000000010004ae8       0x10 CMakeFiles/pico_webserver.dir/pico-sdk/src/rp2_common/pico_bootrom/bootrom.c.obj
                0x0000000010004ae8                rom_data_lookup
 .text.rom_funcs_lookup
                0x0000000010004af8       0x44 CMakeFiles/pico_webserver.dir/pico-sdk/src/rp2_common/pico_bootrom/bootrom.c.obj
                0x0000000010004af8                rom_funcs_lookup
 .text.__wrap___aeabi_idiv
                0x0000000010004b3c       0x50 CMakeFiles/pico_webserver.dir/pico-sdk/src/rp2_common/pico_divider/divider.S.obj
                0x0000000010004b3c                __wrap___aeabi_idivmod
                0x0000000010004b3c                divmod_s32s32
                0x0000000010004b3c                div_s32s32
                0x0000000010004b3c                __wrap___aeabi_idiv
                0x0000000010004b44                divmod_s32s32_unsafe
                0x0000000010004b70                divmod_s32s32_savestate
 .text.__wrap___aeabi_uidiv
                0x0000000010004b8c       0x4c CMakeFiles/pico_webserver.dir/pico-sdk/src/rp2_common/pico_divider/divider.S.obj
                0x0000000010004b8c                __wrap___aeabi_uidiv
                0x0000000010004b8c                __wrap___aeabi_uidivmod
                0x0000000010004b8c                div_u32u32
                0x0000000010004b8c                divmod_u32u32
                0x0000000010004b94                divmod_u32u32_unsafe
                0x0000000010004bbc                divmod_u32u32_savestate
 .text.__wrap___aeabi_ldiv
                0x0000000010004bd8      0x424 CMakeFiles/pico_webserver.dir/pico-sdk/src/rp2_common/pico_divider/divider.S.obj
                0x0000000010004bd8                div_s64s64
                0x0000000010004bd8                divmod_s64s64
                0x0000000010004bd8                __wrap___aeabi_ldivmod
                0x0000000010004c08                div_u64u64
                0x0000000010004c08                divmod_u64u64
                0x0000000010004c08                __wrap___aeabi_uldivmod
                0x0000000010004c18                divmod_u64u64_savestate
                0x0000000010004c38                divmod_s64s64_unsafe
                0x0000000010004cc0                divmod_u64u64_unsafe
 .text.__wrap___aeabi_darithmetic
                0x0000000010004ffc       0x60 CMakeFiles/pico_webserver.dir/pico-sdk/src/rp2_common/pico_double/double_aeabi.S.obj
                0x0000000010004ffc                __wrap___aeabi_drsub
                0x0000000010005002                __wrap___aeabi_dsub
                0x000000001000500c                __wrap___aeabi_dadd
                0x0000000010005016                __wrap___aeabi_ddiv
                0x000000001000504a                __wrap___aeabi_dmul
 .text.__wrap___aeabi_cdcmple
                0x000000001000505c       0x6c CMakeFiles/pico_webserver.dir/pico-sdk/src/rp2_common/pico_double/double_aeabi.S.obj
                0x000000001000505c                __wrap___aeabi_cdrcmple
                0x000000001000506c                __wrap___aeabi_cdcmple
                0x000000001000506c                __wrap___aeabi_cdcmpeq
 .text.__wrap___aeabi_dcmplt
                0x00000000100050c8        0xc CMakeFiles/pico_webserver.dir/pico-sdk/src/rp2_common/pico_double/double_aeabi.S.obj
                0x00000000100050c8                __wrap___aeabi_dcmplt
 .text.__wrap___aeabi_dcmple
                0x00000000100050d4       0x10 CMakeFiles/pico_webserver.dir/pico-sdk/src/rp2_common/pico_double/double_aeabi.S.obj
                0x00000000100050d4                __wrap___aeabi_dcmple
 .text.__wrap___aeabi_dcmpge
                0x00000000100050e4       0x10 CMakeFiles/pico_webserver.dir/pico-sdk/src/rp2_common/pico_double/double_aeabi.S.obj
                0x00000000100050e4                __wrap___aeabi_dcmpge
 .text.__wrap___aeabi_dcmpgt
                0x00000000100050f4        0xa CMakeFiles/pico_webserver.dir/pico-sdk/src/rp2_common/pico_double/double_aeabi.S.obj
                0x00000000100050f4                __wrap___aeabi_dcmpgt
 .text.__wrap___aeabi_dcmpun
                0x00000000100050fe       0x1c CMakeFiles/pico_webserver.dir/pico-sdk/src/rp2_common/pico_double/double_aeabi.S.obj
                0x00000000100050fe                __wrap___aeabi_dcmpun
 *fill*         0x000000001000511a        0x2 
 .text.__wrap___aeabi_i2d
                0x000000001000511c       0x38 CMakeFiles/pico_webserver.dir/pico-sdk/src/rp2_common/pico_double/double_aeabi.S.obj
                0x000000001000511c                __wrap___aeabi_ui2d
                0x0000000010005124                __wrap___aeabi_i2d
 .text.__wrap___aeabi_d2iz
                0x0000000010005154       0x48 CMakeFiles/pico_webserver.dir/pico-sdk/src/rp2_common/pico_double/double_aeabi.S.obj
                0x0000000010005154                __wrap___aeabi_d2iz
                0x0000000010005154                double2int_z
 .text.__wrap___aeabi_d2uiz
                0x000000001000519c       0x10 CMakeFiles/pico_webserver.dir/pico-sdk/src/rp2_common/pico_double/double_aeabi.S.obj
                0x000000001000519c                double2uint
                0x000000001000519c                __wrap___aeabi_d2uiz
 .text.missing_double_func_shim
                0x00000000100051ac        0xc CMakeFiles/pico_webserver.dir/pico-sdk/src/rp2_common/pico_double/double_init_rom.c.obj
 .text.__aeabi_double_init
                0x00000000100051b8       0x98 CMakeFiles/pico_webserver.dir/pico-sdk/src/rp2_common/pico_double/double_init_rom.c.obj
                0x00000000100051b8                __aeabi_double_init
 .text.double_table_shim_on_use_helper
                0x0000000010005250       0x2c CMakeFiles/pico_webserver.dir/pico-sdk/src/rp2_common/pico_double/double_v1_rom_shim.S.obj
                0x0000000010005250                double_table_shim_on_use_helper
 .text.__aeabi_lmul
                0x000000001000527c       0x32 CMakeFiles/pico_webserver.dir/pico-sdk/src/rp2_common/pico_int64_ops/pico_int64_ops_aeabi.S.obj
                0x000000001000527c                __wrap___aeabi_lmul
 *fill*         0x00000000100052ae        0x2 
 .text.missing_float_func_shim
                0x00000000100052b0        0xc CMakeFiles/pico_webserver.dir/pico-sdk/src/rp2_common/pico_float/float_init_rom.c.obj
 .text.__aeabi_float_init
                0x00000000100052bc       0x5c CMakeFiles/pico_webserver.dir/pico-sdk/src/rp2_common/pico_float/float_init_rom.c.obj
                0x00000000100052bc                __aeabi_float_init
 .text.__wrap_malloc
                0x0000000010005318       0x3c CMakeFiles/pico_webserver.dir/pico-sdk/src/rp2_common/pico_malloc/pico_malloc.c.obj
                0x0000000010005318                __wrap_malloc
 .text.__wrap_calloc
                0x0000000010005354       0x40 CMakeFiles/pico_webserver.dir/pico-sdk/src/rp2_common/pico_malloc/pico_malloc.c.obj
                0x0000000010005354                __wrap_calloc
 .text.__wrap_free
                0x0000000010005394       0x20 CMakeFiles/pico_webserver.dir/pico-sdk/src/rp2_common/pico_malloc/pico_malloc.c.obj
                0x0000000010005394                __wrap_free
 .text          0x00000000100053b4       0x10 CMakeFiles/pico_webserver.dir/pico-sdk/src/rp2_common/pico_mem_ops/mem_ops_aeabi.S.obj
                0x00000000100053b4                __aeabi_mem_init
 .text.memset   0x00000000100053c4        0xc CMakeFiles/pico_webserver.dir/pico-sdk/src/rp2_common/pico_mem_ops/mem_ops_aeabi.S.obj
                0x00000000100053c4                __wrap_memset
 .text.memcpy   0x00000000100053d0        0xc CMakeFiles/pico_webserver.dir/pico-sdk/src/rp2_common/pico_mem_ops/mem_ops_aeabi.S.obj
                0x00000000100053d0                __wrap___aeabi_memcpy
                0x00000000100053d0                __wrap_memcpy
 .text.stdio_out_chars_no_crlf
                0x00000000100053dc       0x10 CMakeFiles/pico_webserver.dir/pico-sdk/src/rp2_common/pico_stdio/stdio.c.obj
 .text.stdio_out_chars_crlf
                0x00000000100053ec       0xb4 CMakeFiles/pico_webserver.dir/pico-sdk/src/rp2_common/pico_stdio/stdio.c.obj
 .text.stdio_buffered_printer
                0x00000000100054a0       0x64 CMakeFiles/pico_webserver.dir/pico-sdk/src/rp2_common/pico_stdio/stdio.c.obj
 .text.stdio_put_string.isra.0
                0x0000000010005504       0xfc CMakeFiles/pico_webserver.dir/pico-sdk/src/rp2_common/pico_stdio/stdio.c.obj
 .text.__wrap_putchar
                0x0000000010005600       0x98 CMakeFiles/pico_webserver.dir/pico-sdk/src/rp2_common/pico_stdio/stdio.c.obj
                0x0000000010005600                __wrap_putchar
 .text.__wrap_puts
                0x0000000010005698       0x3c CMakeFiles/pico_webserver.dir/pico-sdk/src/rp2_common/pico_stdio/stdio.c.obj
                0x0000000010005698                __wrap_puts
 .text.__wrap_vprintf
                0x00000000100056d4       0xd8 CMakeFiles/pico_webserver.dir/pico-sdk/src/rp2_common/pico_stdio/stdio.c.obj
                0x00000000100056d4                __wrap_vprintf
 .text.__wrap_printf
                0x00000000100057ac       0x18 CMakeFiles/pico_webserver.dir/pico-sdk/src/rp2_common/pico_stdio/stdio.c.obj
                0x00000000100057ac                __wrap_printf
 .text.startup._retrieve_unique_id_on_boot
                0x00000000100057c4       0x10 CMakeFiles/pico_webserver.dir/pico-sdk/src/rp2_common/pico_unique_id/unique_id.c.obj
 .text.pico_get_unique_board_id
                0x00000000100057d4       0x10 CMakeFiles/pico_webserver.dir/pico-sdk/src/rp2_common/pico_unique_id/unique_id.c.obj
                0x00000000100057d4                pico_get_unique_board_id
 .text.flash_get_unique_id
                0x00000000100057e4       0x40 CMakeFiles/pico_webserver.dir/pico-sdk/src/rp2_common/hardware_flash/flash.c.obj
                0x00000000100057e4                flash_get_unique_id
 .text.dcd_int_enable
                0x0000000010005824        0xc CMakeFiles/pico_webserver.dir/pico-sdk/lib/tinyusb/src/portable/raspberrypi/rp2040/dcd_rp2040.c.obj
                0x0000000010005824                dcd_int_enable
 .text.dcd_set_address
                0x0000000010005830       0x14 CMakeFiles/pico_webserver.dir/pico-sdk/lib/tinyusb/src/portable/raspberrypi/rp2040/dcd_rp2040.c.obj
                0x0000000010005830                dcd_set_address
 .text.dcd_connect
                0x0000000010005844       0x10 CMakeFiles/pico_webserver.dir/pico-sdk/lib/tinyusb/src/portable/raspberrypi/rp2040/dcd_rp2040.c.obj
                0x0000000010005844                dcd_connect
 .text.dcd_init
                0x0000000010005854       0x98 CMakeFiles/pico_webserver.dir/pico-sdk/lib/tinyusb/src/portable/raspberrypi/rp2040/dcd_rp2040.c.obj
                0x0000000010005854                dcd_init
 .text.dcd_edpt0_status_complete
                0x00000000100058ec       0x1c CMakeFiles/pico_webserver.dir/pico-sdk/lib/tinyusb/src/portable/raspberrypi/rp2040/dcd_rp2040.c.obj
                0x00000000100058ec                dcd_edpt0_status_complete
 .text.dcd_edpt_open
                0x0000000010005908      0x108 CMakeFiles/pico_webserver.dir/pico-sdk/lib/tinyusb/src/portable/raspberrypi/rp2040/dcd_rp2040.c.obj
                0x0000000010005908                dcd_edpt_open
 .text.dcd_edpt_close_all
                0x0000000010005a10        0x8 CMakeFiles/pico_webserver.dir/pico-sdk/lib/tinyusb/src/portable/raspberrypi/rp2040/dcd_rp2040.c.obj
                0x0000000010005a10                dcd_edpt_close_all
 .text.dcd_edpt_xfer
                0x0000000010005a18       0x24 CMakeFiles/pico_webserver.dir/pico-sdk/lib/tinyusb/src/portable/raspberrypi/rp2040/dcd_rp2040.c.obj
                0x0000000010005a18                dcd_edpt_xfer
 .text.dcd_edpt_stall
                0x0000000010005a3c       0x38 CMakeFiles/pico_webserver.dir/pico-sdk/lib/tinyusb/src/portable/raspberrypi/rp2040/dcd_rp2040.c.obj
                0x0000000010005a3c                dcd_edpt_stall
 .text.dcd_edpt_clear_stall
                0x0000000010005a74       0x30 CMakeFiles/pico_webserver.dir/pico-sdk/lib/tinyusb/src/portable/raspberrypi/rp2040/dcd_rp2040.c.obj
                0x0000000010005a74                dcd_edpt_clear_stall
 .text.rp2040_usb_init
                0x0000000010005aa4       0x4c CMakeFiles/pico_webserver.dir/pico-sdk/lib/tinyusb/src/portable/raspberrypi/rp2040/rp2040_usb.c.obj
                0x0000000010005aa4                rp2040_usb_init
 .text.hw_endpoint_xfer_start
                0x0000000010005af0       0x50 CMakeFiles/pico_webserver.dir/pico-sdk/lib/tinyusb/src/portable/raspberrypi/rp2040/rp2040_usb.c.obj
                0x0000000010005af0                hw_endpoint_xfer_start
 .text.tud_mounted
                0x0000000010005b40       0x10 CMakeFiles/pico_webserver.dir/pico-sdk/lib/tinyusb/src/device/usbd.c.obj
                0x0000000010005b40                tud_mounted
 .text.tud_suspended
                0x0000000010005b50       0x10 CMakeFiles/pico_webserver.dir/pico-sdk/lib/tinyusb/src/device/usbd.c.obj
                0x0000000010005b50                tud_suspended
 .text.tud_inited
                0x0000000010005b60       0x14 CMakeFiles/pico_webserver.dir/pico-sdk/lib/tinyusb/src/device/usbd.c.obj
                0x0000000010005b60                tud_inited
 .text.tud_init
                0x0000000010005b74       0xe4 CMakeFiles/pico_webserver.dir/pico-sdk/lib/tinyusb/src/device/usbd.c.obj
                0x0000000010005b74                tud_init
 .text.tud_task_ext
                0x0000000010005c58      0x870 CMakeFiles/pico_webserver.dir/pico-sdk/lib/tinyusb/src/device/usbd.c.obj
                0x0000000010005c58                tud_task_ext
 .text.usbd_open_edpt_pair
                0x00000000100064c8       0x9c CMakeFiles/pico_webserver.dir/pico-sdk/lib/tinyusb/src/device/usbd.c.obj
                0x00000000100064c8                usbd_open_edpt_pair
 .text.usbd_edpt_open
                0x0000000010006564       0x34 CMakeFiles/pico_webserver.dir/pico-sdk/lib/tinyusb/src/device/usbd.c.obj
                0x0000000010006564                usbd_edpt_open
 .text.usbd_edpt_xfer
                0x0000000010006598       0x4c CMakeFiles/pico_webserver.dir/pico-sdk/lib/tinyusb/src/device/usbd.c.obj
                0x0000000010006598                usbd_edpt_xfer
 .text.usbd_edpt_busy
                0x00000000100065e4       0x1c CMakeFiles/pico_webserver.dir/pico-sdk/lib/tinyusb/src/device/usbd.c.obj
                0x00000000100065e4                usbd_edpt_busy
 .text.tud_control_status
                0x0000000010006600       0x30 CMakeFiles/pico_webserver.dir/pico-sdk/lib/tinyusb/src/device/usbd_control.c.obj
                0x0000000010006600                tud_control_status
 .text.tud_control_xfer
                0x0000000010006630       0xbc CMakeFiles/pico_webserver.dir/pico-sdk/lib/tinyusb/src/device/usbd_control.c.obj
                0x0000000010006630                tud_control_xfer
 .text.usbd_control_reset
                0x00000000100066ec       0x14 CMakeFiles/pico_webserver.dir/pico-sdk/lib/tinyusb/src/device/usbd_control.c.obj
                0x00000000100066ec                usbd_control_reset
 .text.usbd_control_set_complete_callback
                0x0000000010006700        0xc CMakeFiles/pico_webserver.dir/pico-sdk/lib/tinyusb/src/device/usbd_control.c.obj
                0x0000000010006700                usbd_control_set_complete_callback
 .text.usbd_control_set_request
                0x000000001000670c       0x1c CMakeFiles/pico_webserver.dir/pico-sdk/lib/tinyusb/src/device/usbd_control.c.obj
                0x000000001000670c                usbd_control_set_request
 .text.usbd_control_xfer_cb
                0x0000000010006728       0xfc CMakeFiles/pico_webserver.dir/pico-sdk/lib/tinyusb/src/device/usbd_control.c.obj
                0x0000000010006728                usbd_control_xfer_cb
 .text.tud_network_recv_renew
                0x0000000010006824       0x20 CMakeFiles/pico_webserver.dir/pico-sdk/lib/tinyusb/src/class/net/ecm_rndis_device.c.obj
                0x0000000010006824                tud_network_recv_renew
 .text.netd_report
                0x0000000010006844       0x24 CMakeFiles/pico_webserver.dir/pico-sdk/lib/tinyusb/src/class/net/ecm_rndis_device.c.obj
                0x0000000010006844                netd_report
 .text.netd_init
                0x0000000010006868       0x14 CMakeFiles/pico_webserver.dir/pico-sdk/lib/tinyusb/src/class/net/ecm_rndis_device.c.obj
                0x0000000010006868                netd_init
 .text.netd_reset
                0x000000001000687c       0x14 CMakeFiles/pico_webserver.dir/pico-sdk/lib/tinyusb/src/class/net/ecm_rndis_device.c.obj
                0x000000001000687c                netd_reset
 .text.netd_open
                0x0000000010006890      0x11c CMakeFiles/pico_webserver.dir/pico-sdk/lib/tinyusb/src/class/net/ecm_rndis_device.c.obj
                0x0000000010006890                netd_open
 .text.netd_control_xfer_cb
                0x00000000100069ac      0x174 CMakeFiles/pico_webserver.dir/pico-sdk/lib/tinyusb/src/class/net/ecm_rndis_device.c.obj
                0x00000000100069ac                netd_control_xfer_cb
 .text.netd_xfer_cb
                0x0000000010006b20       0xec CMakeFiles/pico_webserver.dir/pico-sdk/lib/tinyusb/src/class/net/ecm_rndis_device.c.obj
                0x0000000010006b20                netd_xfer_cb
 .text.tud_network_can_xmit
                0x0000000010006c0c        0xc CMakeFiles/pico_webserver.dir/pico-sdk/lib/tinyusb/src/class/net/ecm_rndis_device.c.obj
                0x0000000010006c0c                tud_network_can_xmit
 .text.tud_network_xmit
                0x0000000010006c18       0x98 CMakeFiles/pico_webserver.dir/pico-sdk/lib/tinyusb/src/class/net/ecm_rndis_device.c.obj
                0x0000000010006c18                tud_network_xmit
 .text.tusb_init
                0x0000000010006cb0        0xc CMakeFiles/pico_webserver.dir/pico-sdk/lib/tinyusb/src/tusb.c.obj
                0x0000000010006cb0                tusb_init
 .text.tusb_inited
                0x0000000010006cbc        0x8 CMakeFiles/pico_webserver.dir/pico-sdk/lib/tinyusb/src/tusb.c.obj
                0x0000000010006cbc                tusb_inited
 .text.tu_edpt_validate
                0x0000000010006cc4       0x78 CMakeFiles/pico_webserver.dir/pico-sdk/lib/tinyusb/src/tusb.c.obj
                0x0000000010006cc4                tu_edpt_validate
 .text.tu_edpt_bind_driver
                0x0000000010006d3c       0x34 CMakeFiles/pico_webserver.dir/pico-sdk/lib/tinyusb/src/tusb.c.obj
                0x0000000010006d3c                tu_edpt_bind_driver
 .text.tu_fifo_read
                0x0000000010006d70       0xa0 CMakeFiles/pico_webserver.dir/pico-sdk/lib/tinyusb/src/common/tusb_fifo.c.obj
                0x0000000010006d70                tu_fifo_read
 .text.tu_fifo_write
                0x0000000010006e10       0x88 CMakeFiles/pico_webserver.dir/pico-sdk/lib/tinyusb/src/common/tusb_fifo.c.obj
                0x0000000010006e10                tu_fifo_write
 .text.tu_fifo_clear
                0x0000000010006e98       0x40 CMakeFiles/pico_webserver.dir/pico-sdk/lib/tinyusb/src/common/tusb_fifo.c.obj
                0x0000000010006e98                tu_fifo_clear
 .text.lwip_timeout_reached
                0x0000000010006ed8        0x8 CMakeFiles/pico_webserver.dir/pico-sdk/src/rp2_common/pico_lwip/lwip_nosys.c.obj
 .text.update_next_timeout
                0x0000000010006ee0       0x6c CMakeFiles/pico_webserver.dir/pico-sdk/src/rp2_common/pico_lwip/lwip_nosys.c.obj
 .text.lwip_nosys_init
                0x0000000010006f4c       0x30 CMakeFiles/pico_webserver.dir/pico-sdk/src/rp2_common/pico_lwip/lwip_nosys.c.obj
                0x0000000010006f4c                lwip_nosys_init
 .text.lwip_nosys_deinit
                0x0000000010006f7c       0x20 CMakeFiles/pico_webserver.dir/pico-sdk/src/rp2_common/pico_lwip/lwip_nosys.c.obj
                0x0000000010006f7c                lwip_nosys_deinit
 .text.sys_arch_protect
                0x0000000010006f9c        0x4 CMakeFiles/pico_webserver.dir/pico-sdk/src/rp2_common/pico_lwip/lwip_nosys.c.obj
                0x0000000010006f9c                sys_arch_protect
 .text.sys_arch_unprotect
                0x0000000010006fa0        0x4 CMakeFiles/pico_webserver.dir/pico-sdk/src/rp2_common/pico_lwip/lwip_nosys.c.obj
                0x0000000010006fa0                sys_arch_unprotect
 .text.sys_now  0x0000000010006fa4       0x20 CMakeFiles/pico_webserver.dir/pico-sdk/src/rp2_common/pico_lwip/lwip_nosys.c.obj
                0x0000000010006fa4                sys_now
 .text.async_context_base_add_at_time_worker
                0x0000000010006fc4       0x28 CMakeFiles/pico_webserver.dir/pico-sdk/src/rp2_common/pico_async_context/async_context_base.c.obj
                0x0000000010006fc4                async_context_base_add_at_time_worker
 .text.async_context_base_remove_at_time_worker
                0x0000000010006fec       0x28 CMakeFiles/pico_webserver.dir/pico-sdk/src/rp2_common/pico_async_context/async_context_base.c.obj
                0x0000000010006fec                async_context_base_remove_at_time_worker
 .text.async_context_base_add_when_pending_worker
                0x0000000010007014       0x24 CMakeFiles/pico_webserver.dir/pico-sdk/src/rp2_common/pico_async_context/async_context_base.c.obj
                0x0000000010007014                async_context_base_add_when_pending_worker
 .text.async_context_base_remove_when_pending_worker
                0x0000000010007038       0x28 CMakeFiles/pico_webserver.dir/pico-sdk/src/rp2_common/pico_async_context/async_context_base.c.obj
                0x0000000010007038                async_context_base_remove_when_pending_worker
 .text.async_context_base_execute_once
                0x0000000010007060       0xe8 CMakeFiles/pico_webserver.dir/pico-sdk/src/rp2_common/pico_async_context/async_context_base.c.obj
                0x0000000010007060                async_context_base_execute_once
 .text.async_context_base_needs_servicing
                0x0000000010007148       0x54 CMakeFiles/pico_webserver.dir/pico-sdk/src/rp2_common/pico_async_context/async_context_base.c.obj
                0x0000000010007148                async_context_base_needs_servicing
 .text.lwip_init
                0x000000001000719c       0x20 CMakeFiles/pico_webserver.dir/pico-sdk/lib/lwip/src/core/init.c.obj
                0x000000001000719c                lwip_init
 .text.lwip_htons
                0x00000000100071bc        0x8 CMakeFiles/pico_webserver.dir/pico-sdk/lib/lwip/src/core/def.c.obj
                0x00000000100071bc                lwip_htons
 .text.lwip_htonl
                0x00000000100071c4        0x4 CMakeFiles/pico_webserver.dir/pico-sdk/lib/lwip/src/core/def.c.obj
                0x00000000100071c4                lwip_htonl
 .text.lwip_strnstr
                0x00000000100071c8       0x5c CMakeFiles/pico_webserver.dir/pico-sdk/lib/lwip/src/core/def.c.obj
                0x00000000100071c8                lwip_strnstr
 .text.lwip_stricmp
                0x0000000010007224       0x34 CMakeFiles/pico_webserver.dir/pico-sdk/lib/lwip/src/core/def.c.obj
                0x0000000010007224                lwip_stricmp
 .text.lwip_standard_chksum
                0x0000000010007258       0x80 CMakeFiles/pico_webserver.dir/pico-sdk/lib/lwip/src/core/inet_chksum.c.obj
                0x0000000010007258                lwip_standard_chksum
 .text.inet_chksum_pseudo
                0x00000000100072d8       0xb4 CMakeFiles/pico_webserver.dir/pico-sdk/lib/lwip/src/core/inet_chksum.c.obj
                0x00000000100072d8                inet_chksum_pseudo
 .text.ip_chksum_pseudo
                0x000000001000738c       0x10 CMakeFiles/pico_webserver.dir/pico-sdk/lib/lwip/src/core/inet_chksum.c.obj
                0x000000001000738c                ip_chksum_pseudo
 .text.inet_chksum
                0x000000001000739c       0x8c CMakeFiles/pico_webserver.dir/pico-sdk/lib/lwip/src/core/inet_chksum.c.obj
                0x000000001000739c                inet_chksum
 .text.inet_chksum_pbuf
                0x0000000010007428       0x6c CMakeFiles/pico_webserver.dir/pico-sdk/lib/lwip/src/core/inet_chksum.c.obj
                0x0000000010007428                inet_chksum_pbuf
 .text.mem_init
                0x0000000010007494       0x48 CMakeFiles/pico_webserver.dir/pico-sdk/lib/lwip/src/core/mem.c.obj
                0x0000000010007494                mem_init
 .text.mem_free
                0x00000000100074dc      0x128 CMakeFiles/pico_webserver.dir/pico-sdk/lib/lwip/src/core/mem.c.obj
                0x00000000100074dc                mem_free
 .text.mem_trim
                0x0000000010007604      0x144 CMakeFiles/pico_webserver.dir/pico-sdk/lib/lwip/src/core/mem.c.obj
                0x0000000010007604                mem_trim
 .text.mem_malloc
                0x0000000010007748      0x130 CMakeFiles/pico_webserver.dir/pico-sdk/lib/lwip/src/core/mem.c.obj
                0x0000000010007748                mem_malloc
 .text.memp_init
                0x0000000010007878       0x94 CMakeFiles/pico_webserver.dir/pico-sdk/lib/lwip/src/core/memp.c.obj
                0x0000000010007878                memp_init
 .text.memp_malloc
                0x000000001000790c       0x4c CMakeFiles/pico_webserver.dir/pico-sdk/lib/lwip/src/core/memp.c.obj
                0x000000001000790c                memp_malloc
 .text.memp_free
                0x0000000010007958       0x30 CMakeFiles/pico_webserver.dir/pico-sdk/lib/lwip/src/core/memp.c.obj
                0x0000000010007958                memp_free
 .text.netif_null_output_ip4
                0x0000000010007988        0x8 CMakeFiles/pico_webserver.dir/pico-sdk/lib/lwip/src/core/netif.c.obj
 .text.netif_init
                0x0000000010007990        0x4 CMakeFiles/pico_webserver.dir/pico-sdk/lib/lwip/src/core/netif.c.obj
                0x0000000010007990                netif_init
 .text.netif_set_addr
                0x0000000010007994       0xc4 CMakeFiles/pico_webserver.dir/pico-sdk/lib/lwip/src/core/netif.c.obj
                0x0000000010007994                netif_set_addr
 .text.netif_add
                0x0000000010007a58       0xf8 CMakeFiles/pico_webserver.dir/pico-sdk/lib/lwip/src/core/netif.c.obj
                0x0000000010007a58                netif_add
 .text.netif_remove
                0x0000000010007b50       0x88 CMakeFiles/pico_webserver.dir/pico-sdk/lib/lwip/src/core/netif.c.obj
                0x0000000010007b50                netif_remove
 .text.netif_set_default
                0x0000000010007bd8        0xc CMakeFiles/pico_webserver.dir/pico-sdk/lib/lwip/src/core/netif.c.obj
                0x0000000010007bd8                netif_set_default
 .text.netif_set_up
                0x0000000010007be4       0x14 CMakeFiles/pico_webserver.dir/pico-sdk/lib/lwip/src/core/netif.c.obj
                0x0000000010007be4                netif_set_up
 .text.netif_set_link_up
                0x0000000010007bf8       0x1c CMakeFiles/pico_webserver.dir/pico-sdk/lib/lwip/src/core/netif.c.obj
                0x0000000010007bf8                netif_set_link_up
 .text.netif_set_link_down
                0x0000000010007c14       0x1c CMakeFiles/pico_webserver.dir/pico-sdk/lib/lwip/src/core/netif.c.obj
                0x0000000010007c14                netif_set_link_down
 .text.netif_get_by_index
                0x0000000010007c30       0x2c CMakeFiles/pico_webserver.dir/pico-sdk/lib/lwip/src/core/netif.c.obj
                0x0000000010007c30                netif_get_by_index
 .text.pbuf_free.part.0
                0x0000000010007c5c       0x80 CMakeFiles/pico_webserver.dir/pico-sdk/lib/lwip/src/core/pbuf.c.obj
 .text.pbuf_free_ooseq
                0x0000000010007cdc       0x34 CMakeFiles/pico_webserver.dir/pico-sdk/lib/lwip/src/core/pbuf.c.obj
                0x0000000010007cdc                pbuf_free_ooseq
 .text.pbuf_alloc
                0x0000000010007d10      0x12c CMakeFiles/pico_webserver.dir/pico-sdk/lib/lwip/src/core/pbuf.c.obj
                0x0000000010007d10                pbuf_alloc
 .text.pbuf_alloced_custom
                0x0000000010007e3c       0x38 CMakeFiles/pico_webserver.dir/pico-sdk/lib/lwip/src/core/pbuf.c.obj
                0x0000000010007e3c                pbuf_alloced_custom
 .text.pbuf_realloc
                0x0000000010007e74       0x70 CMakeFiles/pico_webserver.dir/pico-sdk/lib/lwip/src/core/pbuf.c.obj
                0x0000000010007e74                pbuf_realloc
 .text.pbuf_add_header
                0x0000000010007ee4       0x4c CMakeFiles/pico_webserver.dir/pico-sdk/lib/lwip/src/core/pbuf.c.obj
                0x0000000010007ee4                pbuf_add_header
 .text.pbuf_remove_header
                0x0000000010007f30       0x38 CMakeFiles/pico_webserver.dir/pico-sdk/lib/lwip/src/core/pbuf.c.obj
                0x0000000010007f30                pbuf_remove_header
 .text.pbuf_header_force
                0x0000000010007f68       0x6c CMakeFiles/pico_webserver.dir/pico-sdk/lib/lwip/src/core/pbuf.c.obj
                0x0000000010007f68                pbuf_header_force
 .text.pbuf_free
                0x0000000010007fd4       0x10 CMakeFiles/pico_webserver.dir/pico-sdk/lib/lwip/src/core/pbuf.c.obj
                0x0000000010007fd4                pbuf_free
 .text.pbuf_clen
                0x0000000010007fe4       0x14 CMakeFiles/pico_webserver.dir/pico-sdk/lib/lwip/src/core/pbuf.c.obj
                0x0000000010007fe4                pbuf_clen
 .text.pbuf_ref
                0x0000000010007ff8       0x18 CMakeFiles/pico_webserver.dir/pico-sdk/lib/lwip/src/core/pbuf.c.obj
                0x0000000010007ff8                pbuf_ref
 .text.pbuf_cat
                0x0000000010008010       0x2c CMakeFiles/pico_webserver.dir/pico-sdk/lib/lwip/src/core/pbuf.c.obj
                0x0000000010008010                pbuf_cat
 .text.pbuf_chain
                0x000000001000803c       0x44 CMakeFiles/pico_webserver.dir/pico-sdk/lib/lwip/src/core/pbuf.c.obj
                0x000000001000803c                pbuf_chain
 .text.pbuf_copy_partial_pbuf
                0x0000000010008080      0x11c CMakeFiles/pico_webserver.dir/pico-sdk/lib/lwip/src/core/pbuf.c.obj
                0x0000000010008080                pbuf_copy_partial_pbuf
 .text.pbuf_copy
                0x000000001000819c       0x18 CMakeFiles/pico_webserver.dir/pico-sdk/lib/lwip/src/core/pbuf.c.obj
                0x000000001000819c                pbuf_copy
 .text.pbuf_copy_partial
                0x00000000100081b4       0x70 CMakeFiles/pico_webserver.dir/pico-sdk/lib/lwip/src/core/pbuf.c.obj
                0x00000000100081b4                pbuf_copy_partial
 .text.pbuf_take
                0x0000000010008224       0x54 CMakeFiles/pico_webserver.dir/pico-sdk/lib/lwip/src/core/pbuf.c.obj
                0x0000000010008224                pbuf_take
 .text.pbuf_clone
                0x0000000010008278       0x20 CMakeFiles/pico_webserver.dir/pico-sdk/lib/lwip/src/core/pbuf.c.obj
                0x0000000010008278                pbuf_clone
 .text.raw_input
                0x0000000010008298      0x12c CMakeFiles/pico_webserver.dir/pico-sdk/lib/lwip/src/core/raw.c.obj
                0x0000000010008298                raw_input
 .text.raw_netif_ip_addr_changed
                0x00000000100083c4       0x40 CMakeFiles/pico_webserver.dir/pico-sdk/lib/lwip/src/core/raw.c.obj
                0x00000000100083c4                raw_netif_ip_addr_changed
 .text.stats_init
                0x0000000010008404        0x4 CMakeFiles/pico_webserver.dir/pico-sdk/lib/lwip/src/core/stats.c.obj
                0x0000000010008404                stats_init
 .text.tcp_close_shutdown_fin
                0x0000000010008408       0x4c CMakeFiles/pico_webserver.dir/pico-sdk/lib/lwip/src/core/tcp.c.obj
 .text.tcp_pcb_purge.part.0
                0x0000000010008454       0xc4 CMakeFiles/pico_webserver.dir/pico-sdk/lib/lwip/src/core/tcp.c.obj
 .text.tcp_init
                0x0000000010008518        0x4 CMakeFiles/pico_webserver.dir/pico-sdk/lib/lwip/src/core/tcp.c.obj
                0x0000000010008518                tcp_init
 .text.tcp_free
                0x000000001000851c        0xc CMakeFiles/pico_webserver.dir/pico-sdk/lib/lwip/src/core/tcp.c.obj
                0x000000001000851c                tcp_free
 .text.tcp_bind
                0x0000000010008528       0xf8 CMakeFiles/pico_webserver.dir/pico-sdk/lib/lwip/src/core/tcp.c.obj
                0x0000000010008528                tcp_bind
 .text.tcp_listen_with_backlog
                0x0000000010008620       0x88 CMakeFiles/pico_webserver.dir/pico-sdk/lib/lwip/src/core/tcp.c.obj
                0x0000000010008620                tcp_listen_with_backlog
 .text.tcp_update_rcv_ann_wnd
                0x00000000100086a8       0x3c CMakeFiles/pico_webserver.dir/pico-sdk/lib/lwip/src/core/tcp.c.obj
                0x00000000100086a8                tcp_update_rcv_ann_wnd
 .text.tcp_recved
                0x00000000100086e4       0x78 CMakeFiles/pico_webserver.dir/pico-sdk/lib/lwip/src/core/tcp.c.obj
                0x00000000100086e4                tcp_recved
 .text.tcp_slowtmr
                0x000000001000875c      0x42c CMakeFiles/pico_webserver.dir/pico-sdk/lib/lwip/src/core/tcp.c.obj
                0x000000001000875c                tcp_slowtmr
 .text.tcp_segs_free
                0x0000000010008b88       0x38 CMakeFiles/pico_webserver.dir/pico-sdk/lib/lwip/src/core/tcp.c.obj
                0x0000000010008b88                tcp_segs_free
 .text.tcp_seg_free
                0x0000000010008bc0       0x1c CMakeFiles/pico_webserver.dir/pico-sdk/lib/lwip/src/core/tcp.c.obj
                0x0000000010008bc0                tcp_seg_free
 .text.tcp_setprio
                0x0000000010008bdc        0x8 CMakeFiles/pico_webserver.dir/pico-sdk/lib/lwip/src/core/tcp.c.obj
                0x0000000010008bdc                tcp_setprio
 .text.tcp_seg_copy
                0x0000000010008be4       0x20 CMakeFiles/pico_webserver.dir/pico-sdk/lib/lwip/src/core/tcp.c.obj
                0x0000000010008be4                tcp_seg_copy
 .text.tcp_arg  0x0000000010008c04        0x8 CMakeFiles/pico_webserver.dir/pico-sdk/lib/lwip/src/core/tcp.c.obj
                0x0000000010008c04                tcp_arg
 .text.tcp_recv
                0x0000000010008c0c        0xc CMakeFiles/pico_webserver.dir/pico-sdk/lib/lwip/src/core/tcp.c.obj
                0x0000000010008c0c                tcp_recv
 .text.tcp_sent
                0x0000000010008c18        0xc CMakeFiles/pico_webserver.dir/pico-sdk/lib/lwip/src/core/tcp.c.obj
                0x0000000010008c18                tcp_sent
 .text.tcp_err  0x0000000010008c24        0xc CMakeFiles/pico_webserver.dir/pico-sdk/lib/lwip/src/core/tcp.c.obj
                0x0000000010008c24                tcp_err
 .text.tcp_accept
                0x0000000010008c30       0x10 CMakeFiles/pico_webserver.dir/pico-sdk/lib/lwip/src/core/tcp.c.obj
                0x0000000010008c30                tcp_accept
 .text.tcp_poll
                0x0000000010008c40        0xc CMakeFiles/pico_webserver.dir/pico-sdk/lib/lwip/src/core/tcp.c.obj
                0x0000000010008c40                tcp_poll
 .text.tcp_pcb_purge
                0x0000000010008c4c       0x18 CMakeFiles/pico_webserver.dir/pico-sdk/lib/lwip/src/core/tcp.c.obj
                0x0000000010008c4c                tcp_pcb_purge
 .text.tcp_pcb_remove
                0x0000000010008c64       0x78 CMakeFiles/pico_webserver.dir/pico-sdk/lib/lwip/src/core/tcp.c.obj
                0x0000000010008c64                tcp_pcb_remove
 .text.tcp_abandon
                0x0000000010008cdc      0x184 CMakeFiles/pico_webserver.dir/pico-sdk/lib/lwip/src/core/tcp.c.obj
                0x0000000010008cdc                tcp_abandon
 .text.tcp_abort
                0x0000000010008e60        0xc CMakeFiles/pico_webserver.dir/pico-sdk/lib/lwip/src/core/tcp.c.obj
                0x0000000010008e60                tcp_abort
 .text.tcp_accept_null
                0x0000000010008e6c       0x10 CMakeFiles/pico_webserver.dir/pico-sdk/lib/lwip/src/core/tcp.c.obj
 .text.tcp_alloc
                0x0000000010008e7c      0x1f8 CMakeFiles/pico_webserver.dir/pico-sdk/lib/lwip/src/core/tcp.c.obj
                0x0000000010008e7c                tcp_alloc
 .text.tcp_new_ip_type
                0x0000000010009074      0x1d8 CMakeFiles/pico_webserver.dir/pico-sdk/lib/lwip/src/core/tcp.c.obj
                0x0000000010009074                tcp_new_ip_type
 .text.tcp_close_shutdown
                0x000000001000924c      0x14c CMakeFiles/pico_webserver.dir/pico-sdk/lib/lwip/src/core/tcp.c.obj
 .text.tcp_recv_null
                0x0000000010009398       0xa8 CMakeFiles/pico_webserver.dir/pico-sdk/lib/lwip/src/core/tcp.c.obj
                0x0000000010009398                tcp_recv_null
 .text.tcp_process_refused_data
                0x0000000010009440       0xe8 CMakeFiles/pico_webserver.dir/pico-sdk/lib/lwip/src/core/tcp.c.obj
                0x0000000010009440                tcp_process_refused_data
 .text.tcp_fasttmr
                0x0000000010009528       0x98 CMakeFiles/pico_webserver.dir/pico-sdk/lib/lwip/src/core/tcp.c.obj
                0x0000000010009528                tcp_fasttmr
 .text.tcp_tmr  0x00000000100095c0       0x20 CMakeFiles/pico_webserver.dir/pico-sdk/lib/lwip/src/core/tcp.c.obj
                0x00000000100095c0                tcp_tmr
 .text.tcp_close
                0x00000000100095e0      0x15c CMakeFiles/pico_webserver.dir/pico-sdk/lib/lwip/src/core/tcp.c.obj
                0x00000000100095e0                tcp_close
 .text.tcp_next_iss
                0x000000001000973c       0x18 CMakeFiles/pico_webserver.dir/pico-sdk/lib/lwip/src/core/tcp.c.obj
                0x000000001000973c                tcp_next_iss
 .text.tcp_eff_send_mss_netif
                0x0000000010009754       0x28 CMakeFiles/pico_webserver.dir/pico-sdk/lib/lwip/src/core/tcp.c.obj
                0x0000000010009754                tcp_eff_send_mss_netif
 .text.tcp_netif_ip_addr_changed
                0x000000001000977c       0x9c CMakeFiles/pico_webserver.dir/pico-sdk/lib/lwip/src/core/tcp.c.obj
                0x000000001000977c                tcp_netif_ip_addr_changed
 .text.tcp_free_ooseq
                0x0000000010009818       0x40 CMakeFiles/pico_webserver.dir/pico-sdk/lib/lwip/src/core/tcp.c.obj
                0x0000000010009818                tcp_free_ooseq
 .text.tcp_parseopt
                0x0000000010009858      0x180 CMakeFiles/pico_webserver.dir/pico-sdk/lib/lwip/src/core/tcp_in.c.obj
 .text.tcp_oos_insert_segment
                0x00000000100099d8       0xd4 CMakeFiles/pico_webserver.dir/pico-sdk/lib/lwip/src/core/tcp_in.c.obj
 .text.tcp_receive
                0x0000000010009aac      0xa3c CMakeFiles/pico_webserver.dir/pico-sdk/lib/lwip/src/core/tcp_in.c.obj
 .text.tcp_input
                0x000000001000a4e8      0xc64 CMakeFiles/pico_webserver.dir/pico-sdk/lib/lwip/src/core/tcp_in.c.obj
                0x000000001000a4e8                tcp_input
 .text.tcp_trigger_input_pcb_close
                0x000000001000b14c       0x10 CMakeFiles/pico_webserver.dir/pico-sdk/lib/lwip/src/core/tcp_in.c.obj
                0x000000001000b14c                tcp_trigger_input_pcb_close
 .text.tcp_create_segment
                0x000000001000b15c       0xd0 CMakeFiles/pico_webserver.dir/pico-sdk/lib/lwip/src/core/tcp_out.c.obj
 .text.tcp_output_control_segment
                0x000000001000b22c       0xb4 CMakeFiles/pico_webserver.dir/pico-sdk/lib/lwip/src/core/tcp_out.c.obj
 .text.tcp_write
                0x000000001000b2e0      0x600 CMakeFiles/pico_webserver.dir/pico-sdk/lib/lwip/src/core/tcp_out.c.obj
                0x000000001000b2e0                tcp_write
 .text.tcp_split_unsent_seg
                0x000000001000b8e0      0x19c CMakeFiles/pico_webserver.dir/pico-sdk/lib/lwip/src/core/tcp_out.c.obj
                0x000000001000b8e0                tcp_split_unsent_seg
 .text.tcp_send_fin
                0x000000001000ba7c       0xe0 CMakeFiles/pico_webserver.dir/pico-sdk/lib/lwip/src/core/tcp_out.c.obj
                0x000000001000ba7c                tcp_send_fin
 .text.tcp_enqueue_flags
                0x000000001000bb5c       0xa8 CMakeFiles/pico_webserver.dir/pico-sdk/lib/lwip/src/core/tcp_out.c.obj
                0x000000001000bb5c                tcp_enqueue_flags
 .text.tcp_rexmit_rto_prepare
                0x000000001000bc04       0x8c CMakeFiles/pico_webserver.dir/pico-sdk/lib/lwip/src/core/tcp_out.c.obj
                0x000000001000bc04                tcp_rexmit_rto_prepare
 .text.tcp_rexmit
                0x000000001000bc90       0x90 CMakeFiles/pico_webserver.dir/pico-sdk/lib/lwip/src/core/tcp_out.c.obj
                0x000000001000bc90                tcp_rexmit
 .text.tcp_rexmit_fast
                0x000000001000bd20       0x58 CMakeFiles/pico_webserver.dir/pico-sdk/lib/lwip/src/core/tcp_out.c.obj
                0x000000001000bd20                tcp_rexmit_fast
 .text.tcp_rst  0x000000001000bd78       0xbc CMakeFiles/pico_webserver.dir/pico-sdk/lib/lwip/src/core/tcp_out.c.obj
                0x000000001000bd78                tcp_rst
 .text.tcp_rst_netif
                0x000000001000be34       0xfc CMakeFiles/pico_webserver.dir/pico-sdk/lib/lwip/src/core/tcp_out.c.obj
                0x000000001000be34                tcp_rst_netif
 .text.tcp_send_empty_ack
                0x000000001000bf30       0xdc CMakeFiles/pico_webserver.dir/pico-sdk/lib/lwip/src/core/tcp_out.c.obj
                0x000000001000bf30                tcp_send_empty_ack
 .text.tcp_output
                0x000000001000c00c      0x410 CMakeFiles/pico_webserver.dir/pico-sdk/lib/lwip/src/core/tcp_out.c.obj
                0x000000001000c00c                tcp_output
 .text.tcp_rexmit_rto_commit
                0x000000001000c41c       0x14 CMakeFiles/pico_webserver.dir/pico-sdk/lib/lwip/src/core/tcp_out.c.obj
                0x000000001000c41c                tcp_rexmit_rto_commit
 .text.tcp_rexmit_rto
                0x000000001000c430       0x98 CMakeFiles/pico_webserver.dir/pico-sdk/lib/lwip/src/core/tcp_out.c.obj
                0x000000001000c430                tcp_rexmit_rto
 .text.tcp_keepalive
                0x000000001000c4c8       0xc4 CMakeFiles/pico_webserver.dir/pico-sdk/lib/lwip/src/core/tcp_out.c.obj
                0x000000001000c4c8                tcp_keepalive
 .text.tcp_zero_window_probe
                0x000000001000c58c      0x18c CMakeFiles/pico_webserver.dir/pico-sdk/lib/lwip/src/core/tcp_out.c.obj
                0x000000001000c58c                tcp_zero_window_probe
 .text.tcpip_tcp_timer
                0x000000001000c718       0x6c CMakeFiles/pico_webserver.dir/pico-sdk/lib/lwip/src/core/timeouts.c.obj
 .text.lwip_cyclic_timer
                0x000000001000c784       0x90 CMakeFiles/pico_webserver.dir/pico-sdk/lib/lwip/src/core/timeouts.c.obj
 .text.tcp_timer_needed
                0x000000001000c814       0x70 CMakeFiles/pico_webserver.dir/pico-sdk/lib/lwip/src/core/timeouts.c.obj
                0x000000001000c814                tcp_timer_needed
 .text.sys_timeouts_init
                0x000000001000c884       0x78 CMakeFiles/pico_webserver.dir/pico-sdk/lib/lwip/src/core/timeouts.c.obj
                0x000000001000c884                sys_timeouts_init
 .text.sys_check_timeouts
                0x000000001000c8fc       0x68 CMakeFiles/pico_webserver.dir/pico-sdk/lib/lwip/src/core/timeouts.c.obj
                0x000000001000c8fc                sys_check_timeouts
 .text.sys_timeouts_sleeptime
                0x000000001000c964       0x28 CMakeFiles/pico_webserver.dir/pico-sdk/lib/lwip/src/core/timeouts.c.obj
                0x000000001000c964                sys_timeouts_sleeptime
 .text.udp_init
                0x000000001000c98c        0x4 CMakeFiles/pico_webserver.dir/pico-sdk/lib/lwip/src/core/udp.c.obj
                0x000000001000c98c                udp_init
 .text.udp_input
                0x000000001000c990      0x234 CMakeFiles/pico_webserver.dir/pico-sdk/lib/lwip/src/core/udp.c.obj
                0x000000001000c990                udp_input
 .text.udp_bind
                0x000000001000cbc4      0x10c CMakeFiles/pico_webserver.dir/pico-sdk/lib/lwip/src/core/udp.c.obj
                0x000000001000cbc4                udp_bind
 .text.udp_sendto_if_src
                0x000000001000ccd0      0x120 CMakeFiles/pico_webserver.dir/pico-sdk/lib/lwip/src/core/udp.c.obj
                0x000000001000ccd0                udp_sendto_if_src
 .text.udp_sendto_if
                0x000000001000cdf0       0x48 CMakeFiles/pico_webserver.dir/pico-sdk/lib/lwip/src/core/udp.c.obj
                0x000000001000cdf0                udp_sendto_if
 .text.udp_sendto
                0x000000001000ce38       0x7c CMakeFiles/pico_webserver.dir/pico-sdk/lib/lwip/src/core/udp.c.obj
                0x000000001000ce38                udp_sendto
 .text.udp_connect
                0x000000001000ceb4       0x64 CMakeFiles/pico_webserver.dir/pico-sdk/lib/lwip/src/core/udp.c.obj
                0x000000001000ceb4                udp_connect
 .text.udp_recv
                0x000000001000cf18        0xc CMakeFiles/pico_webserver.dir/pico-sdk/lib/lwip/src/core/udp.c.obj
                0x000000001000cf18                udp_recv
 .text.udp_remove
                0x000000001000cf24       0x3c CMakeFiles/pico_webserver.dir/pico-sdk/lib/lwip/src/core/udp.c.obj
                0x000000001000cf24                udp_remove
 .text.udp_new  0x000000001000cf60       0x1c CMakeFiles/pico_webserver.dir/pico-sdk/lib/lwip/src/core/udp.c.obj
                0x000000001000cf60                udp_new
 .text.udp_netif_ip_addr_changed
                0x000000001000cf7c       0x40 CMakeFiles/pico_webserver.dir/pico-sdk/lib/lwip/src/core/udp.c.obj
                0x000000001000cf7c                udp_netif_ip_addr_changed
 .text.dhcp_create_msg
                0x000000001000cfbc      0x144 CMakeFiles/pico_webserver.dir/pico-sdk/lib/lwip/src/core/ipv4/dhcp.c.obj
 .text.dhcp_bind
                0x000000001000d100      0x140 CMakeFiles/pico_webserver.dir/pico-sdk/lib/lwip/src/core/ipv4/dhcp.c.obj
 .text.dhcp_handle_ack.isra.0
                0x000000001000d240       0xa0 CMakeFiles/pico_webserver.dir/pico-sdk/lib/lwip/src/core/ipv4/dhcp.c.obj
 .text.dhcp_discover
                0x000000001000d2e0      0x10c CMakeFiles/pico_webserver.dir/pico-sdk/lib/lwip/src/core/ipv4/dhcp.c.obj
 .text.dhcp_reboot.isra.0
                0x000000001000d3ec      0x1e0 CMakeFiles/pico_webserver.dir/pico-sdk/lib/lwip/src/core/ipv4/dhcp.c.obj
 .text.dhcp_select.isra.0
                0x000000001000d5cc      0x244 CMakeFiles/pico_webserver.dir/pico-sdk/lib/lwip/src/core/ipv4/dhcp.c.obj
 .text.dhcp_recv
                0x000000001000d810      0x414 CMakeFiles/pico_webserver.dir/pico-sdk/lib/lwip/src/core/ipv4/dhcp.c.obj
 .text.dhcp_conflict_callback
                0x000000001000dc24      0x124 CMakeFiles/pico_webserver.dir/pico-sdk/lib/lwip/src/core/ipv4/dhcp.c.obj
 .text.dhcp_set_struct
                0x000000001000dd48       0x18 CMakeFiles/pico_webserver.dir/pico-sdk/lib/lwip/src/core/ipv4/dhcp.c.obj
                0x000000001000dd48                dhcp_set_struct
 .text.dhcp_network_changed_link_up
                0x000000001000dd60       0x30 CMakeFiles/pico_webserver.dir/pico-sdk/lib/lwip/src/core/ipv4/dhcp.c.obj
                0x000000001000dd60                dhcp_network_changed_link_up
 .text.dhcp_renew
                0x000000001000dd90      0x1a0 CMakeFiles/pico_webserver.dir/pico-sdk/lib/lwip/src/core/ipv4/dhcp.c.obj
                0x000000001000dd90                dhcp_renew
 .text.dhcp_release_and_stop
                0x000000001000df30      0x14c CMakeFiles/pico_webserver.dir/pico-sdk/lib/lwip/src/core/ipv4/dhcp.c.obj
                0x000000001000df30                dhcp_release_and_stop
 .text.dhcp_start
                0x000000001000e07c      0x10c CMakeFiles/pico_webserver.dir/pico-sdk/lib/lwip/src/core/ipv4/dhcp.c.obj
                0x000000001000e07c                dhcp_start
 .text.dhcp_coarse_tmr
                0x000000001000e188      0x238 CMakeFiles/pico_webserver.dir/pico-sdk/lib/lwip/src/core/ipv4/dhcp.c.obj
                0x000000001000e188                dhcp_coarse_tmr
 .text.dhcp_fine_tmr
                0x000000001000e3c0       0x78 CMakeFiles/pico_webserver.dir/pico-sdk/lib/lwip/src/core/ipv4/dhcp.c.obj
                0x000000001000e3c0                dhcp_fine_tmr
 .text.dhcp_stop
                0x000000001000e438      0x14c CMakeFiles/pico_webserver.dir/pico-sdk/lib/lwip/src/core/ipv4/dhcp.c.obj
                0x000000001000e438                dhcp_stop
 .text.etharp_find_entry
                0x000000001000e584     0x1dcc CMakeFiles/pico_webserver.dir/pico-sdk/lib/lwip/src/core/ipv4/etharp.c.obj
 .text.etharp_raw
                0x0000000010010350       0xc0 CMakeFiles/pico_webserver.dir/pico-sdk/lib/lwip/src/core/ipv4/etharp.c.obj
 .text.etharp_output_to_arp_index
                0x0000000010010410       0xd8 CMakeFiles/pico_webserver.dir/pico-sdk/lib/lwip/src/core/ipv4/etharp.c.obj
 .text.etharp_tmr
                0x00000000100104e8       0xa4 CMakeFiles/pico_webserver.dir/pico-sdk/lib/lwip/src/core/ipv4/etharp.c.obj
                0x00000000100104e8                etharp_tmr
 .text.etharp_cleanup_netif
                0x000000001001058c      0x188 CMakeFiles/pico_webserver.dir/pico-sdk/lib/lwip/src/core/ipv4/etharp.c.obj
                0x000000001001058c                etharp_cleanup_netif
 .text.etharp_input
                0x0000000010010714      0x1ac CMakeFiles/pico_webserver.dir/pico-sdk/lib/lwip/src/core/ipv4/etharp.c.obj
                0x0000000010010714                etharp_input
 .text.etharp_query
                0x00000000100108c0      0x188 CMakeFiles/pico_webserver.dir/pico-sdk/lib/lwip/src/core/ipv4/etharp.c.obj
                0x00000000100108c0                etharp_query
 .text.etharp_output
                0x0000000010010a48      0x21c CMakeFiles/pico_webserver.dir/pico-sdk/lib/lwip/src/core/ipv4/etharp.c.obj
                0x0000000010010a48                etharp_output
 .text.etharp_acd_probe
                0x0000000010010c64       0xc0 CMakeFiles/pico_webserver.dir/pico-sdk/lib/lwip/src/core/ipv4/etharp.c.obj
                0x0000000010010c64                etharp_acd_probe
 .text.etharp_acd_announce
                0x0000000010010d24       0xbc CMakeFiles/pico_webserver.dir/pico-sdk/lib/lwip/src/core/ipv4/etharp.c.obj
                0x0000000010010d24                etharp_acd_announce
 .text.icmp_input
                0x0000000010010de0      0x1d8 CMakeFiles/pico_webserver.dir/pico-sdk/lib/lwip/src/core/ipv4/icmp.c.obj
                0x0000000010010de0                icmp_input
 .text.icmp_dest_unreach
                0x0000000010010fb8       0xbc CMakeFiles/pico_webserver.dir/pico-sdk/lib/lwip/src/core/ipv4/icmp.c.obj
                0x0000000010010fb8                icmp_dest_unreach
 .text.icmp_time_exceeded
                0x0000000010011074       0xbc CMakeFiles/pico_webserver.dir/pico-sdk/lib/lwip/src/core/ipv4/icmp.c.obj
                0x0000000010011074                icmp_time_exceeded
 .text.ip_reass_free_complete_datagram
                0x0000000010011130       0xb8 CMakeFiles/pico_webserver.dir/pico-sdk/lib/lwip/src/core/ipv4/ip4_frag.c.obj
 .text.ip_reass_remove_oldest_datagram
                0x00000000100111e8       0xd8 CMakeFiles/pico_webserver.dir/pico-sdk/lib/lwip/src/core/ipv4/ip4_frag.c.obj
 .text.ipfrag_free_pbuf_custom
                0x00000000100112c0       0x18 CMakeFiles/pico_webserver.dir/pico-sdk/lib/lwip/src/core/ipv4/ip4_frag.c.obj
 .text.ip_reass_tmr
                0x00000000100112d8       0x38 CMakeFiles/pico_webserver.dir/pico-sdk/lib/lwip/src/core/ipv4/ip4_frag.c.obj
                0x00000000100112d8                ip_reass_tmr
 .text.ip4_reass
                0x0000000010011310      0x510 CMakeFiles/pico_webserver.dir/pico-sdk/lib/lwip/src/core/ipv4/ip4_frag.c.obj
                0x0000000010011310                ip4_reass
 .text.ip4_frag
                0x0000000010011820      0x1e8 CMakeFiles/pico_webserver.dir/pico-sdk/lib/lwip/src/core/ipv4/ip4_frag.c.obj
                0x0000000010011820                ip4_frag
 .text.ip4_route
                0x0000000010011a08       0x80 CMakeFiles/pico_webserver.dir/pico-sdk/lib/lwip/src/core/ipv4/ip4.c.obj
                0x0000000010011a08                ip4_route
 .text.ip4_input
                0x0000000010011a88      0x3e4 CMakeFiles/pico_webserver.dir/pico-sdk/lib/lwip/src/core/ipv4/ip4.c.obj
                0x0000000010011a88                ip4_input
 .text.ip4_output_if
                0x0000000010011e6c      0x168 CMakeFiles/pico_webserver.dir/pico-sdk/lib/lwip/src/core/ipv4/ip4.c.obj
                0x0000000010011e6c                ip4_output_if
 .text.ip4_output_if_src
                0x0000000010011fd4      0x158 CMakeFiles/pico_webserver.dir/pico-sdk/lib/lwip/src/core/ipv4/ip4.c.obj
                0x0000000010011fd4                ip4_output_if_src
 .text.ip4_addr_isbroadcast_u32
                0x000000001001212c       0x3c CMakeFiles/pico_webserver.dir/pico-sdk/lib/lwip/src/core/ipv4/ip4_addr.c.obj
                0x000000001001212c                ip4_addr_isbroadcast_u32
 .text.acd_add  0x0000000010012168       0x24 CMakeFiles/pico_webserver.dir/pico-sdk/lib/lwip/src/core/ipv4/acd.c.obj
                0x0000000010012168                acd_add
 .text.acd_remove
                0x000000001001218c       0x28 CMakeFiles/pico_webserver.dir/pico-sdk/lib/lwip/src/core/ipv4/acd.c.obj
                0x000000001001218c                acd_remove
 .text.acd_start
                0x00000000100121b4       0x38 CMakeFiles/pico_webserver.dir/pico-sdk/lib/lwip/src/core/ipv4/acd.c.obj
                0x00000000100121b4                acd_start
 .text.acd_network_changed_link_down
                0x00000000100121ec       0x14 CMakeFiles/pico_webserver.dir/pico-sdk/lib/lwip/src/core/ipv4/acd.c.obj
                0x00000000100121ec                acd_network_changed_link_down
 .text.acd_tmr  0x0000000010012200      0x110 CMakeFiles/pico_webserver.dir/pico-sdk/lib/lwip/src/core/ipv4/acd.c.obj
                0x0000000010012200                acd_tmr
 .text.acd_arp_reply
                0x0000000010012310       0xf4 CMakeFiles/pico_webserver.dir/pico-sdk/lib/lwip/src/core/ipv4/acd.c.obj
                0x0000000010012310                acd_arp_reply
 .text.acd_netif_ip_addr_changed
                0x0000000010012404       0x8c CMakeFiles/pico_webserver.dir/pico-sdk/lib/lwip/src/core/ipv4/acd.c.obj
                0x0000000010012404                acd_netif_ip_addr_changed
 .text.ethernet_input
                0x0000000010012490       0xd0 CMakeFiles/pico_webserver.dir/pico-sdk/lib/lwip/src/netif/ethernet.c.obj
                0x0000000010012490                ethernet_input
 .text.ethernet_output
                0x0000000010012560       0x64 CMakeFiles/pico_webserver.dir/pico-sdk/lib/lwip/src/netif/ethernet.c.obj
                0x0000000010012560                ethernet_output
 .text.cyw43_arch_set_async_context
                0x00000000100125c4        0xc CMakeFiles/pico_webserver.dir/pico-sdk/src/rp2_common/pico_cyw43_arch/cyw43_arch.c.obj
                0x00000000100125c4                cyw43_arch_set_async_context
 .text.cyw43_arch_enable_sta_mode
                0x00000000100125d0       0x1c CMakeFiles/pico_webserver.dir/pico-sdk/src/rp2_common/pico_cyw43_arch/cyw43_arch.c.obj
                0x00000000100125d0                cyw43_arch_enable_sta_mode
 .text.cyw43_arch_init_with_country
                0x00000000100125ec       0x10 CMakeFiles/pico_webserver.dir/pico-sdk/src/rp2_common/pico_cyw43_arch/cyw43_arch.c.obj
                0x00000000100125ec                cyw43_arch_init_with_country
 .text.cyw43_arch_gpio_put
                0x00000000100125fc       0x14 CMakeFiles/pico_webserver.dir/pico-sdk/src/rp2_common/pico_cyw43_arch/cyw43_arch.c.obj
                0x00000000100125fc                cyw43_arch_gpio_put
 .text.cyw43_arch_async_context
                0x0000000010012610        0xc CMakeFiles/pico_webserver.dir/pico-sdk/src/rp2_common/pico_cyw43_arch/cyw43_arch.c.obj
                0x0000000010012610                cyw43_arch_async_context
 .text.cyw43_arch_init
                0x000000001001261c       0x80 CMakeFiles/pico_webserver.dir/pico-sdk/src/rp2_common/pico_cyw43_arch/cyw43_arch_threadsafe_background.c.obj
                0x000000001001261c                cyw43_arch_init
 .text.ns_delay.constprop.0
                0x000000001001269c       0x20 CMakeFiles/pico_webserver.dir/pico-sdk/src/rp2_common/pico_cyw43_driver/cyw43_bus_pio_spi.c.obj
 .text.cyw43_spi_deinit
                0x00000000100126bc       0x7c CMakeFiles/pico_webserver.dir/pico-sdk/src/rp2_common/pico_cyw43_driver/cyw43_bus_pio_spi.c.obj
                0x00000000100126bc                cyw43_spi_deinit
 .text.cyw43_spi_init
                0x0000000010012738      0x154 CMakeFiles/pico_webserver.dir/pico-sdk/src/rp2_common/pico_cyw43_driver/cyw43_bus_pio_spi.c.obj
                0x0000000010012738                cyw43_spi_init
 .text.cyw43_spi_transfer
                0x000000001001288c      0x430 CMakeFiles/pico_webserver.dir/pico-sdk/src/rp2_common/pico_cyw43_driver/cyw43_bus_pio_spi.c.obj
                0x000000001001288c                cyw43_spi_transfer
 .text.cyw43_spi_gpio_setup
                0x0000000010012cbc       0x3c CMakeFiles/pico_webserver.dir/pico-sdk/src/rp2_common/pico_cyw43_driver/cyw43_bus_pio_spi.c.obj
                0x0000000010012cbc                cyw43_spi_gpio_setup
 .text.cyw43_spi_reset
                0x0000000010012cf8       0x28 CMakeFiles/pico_webserver.dir/pico-sdk/src/rp2_common/pico_cyw43_driver/cyw43_bus_pio_spi.c.obj
                0x0000000010012cf8                cyw43_spi_reset
 .text.read_reg_u32_swap
                0x0000000010012d20       0x3c CMakeFiles/pico_webserver.dir/pico-sdk/src/rp2_common/pico_cyw43_driver/cyw43_bus_pio_spi.c.obj
                0x0000000010012d20                read_reg_u32_swap
 .text.cyw43_read_reg_u32
                0x0000000010012d5c       0x6c CMakeFiles/pico_webserver.dir/pico-sdk/src/rp2_common/pico_cyw43_driver/cyw43_bus_pio_spi.c.obj
                0x0000000010012d5c                cyw43_read_reg_u32
 .text.cyw43_read_reg_u16
                0x0000000010012dc8       0x6c CMakeFiles/pico_webserver.dir/pico-sdk/src/rp2_common/pico_cyw43_driver/cyw43_bus_pio_spi.c.obj
                0x0000000010012dc8                cyw43_read_reg_u16
 .text.cyw43_read_reg_u8
                0x0000000010012e34       0x6c CMakeFiles/pico_webserver.dir/pico-sdk/src/rp2_common/pico_cyw43_driver/cyw43_bus_pio_spi.c.obj
                0x0000000010012e34                cyw43_read_reg_u8
 .text.write_reg_u32_swap
                0x0000000010012ea0      0x1e0 CMakeFiles/pico_webserver.dir/pico-sdk/src/rp2_common/pico_cyw43_driver/cyw43_bus_pio_spi.c.obj
                0x0000000010012ea0                write_reg_u32_swap
 .text.cyw43_write_reg_u32
                0x0000000010013080      0x200 CMakeFiles/pico_webserver.dir/pico-sdk/src/rp2_common/pico_cyw43_driver/cyw43_bus_pio_spi.c.obj
                0x0000000010013080                cyw43_write_reg_u32
 .text.cyw43_write_reg_u16
                0x0000000010013280      0x200 CMakeFiles/pico_webserver.dir/pico-sdk/src/rp2_common/pico_cyw43_driver/cyw43_bus_pio_spi.c.obj
                0x0000000010013280                cyw43_write_reg_u16
 .text.cyw43_write_reg_u8
                0x0000000010013480      0x200 CMakeFiles/pico_webserver.dir/pico-sdk/src/rp2_common/pico_cyw43_driver/cyw43_bus_pio_spi.c.obj
                0x0000000010013480                cyw43_write_reg_u8
 .text.cyw43_read_bytes
                0x0000000010013680       0x78 CMakeFiles/pico_webserver.dir/pico-sdk/src/rp2_common/pico_cyw43_driver/cyw43_bus_pio_spi.c.obj
                0x0000000010013680                cyw43_read_bytes
 .text.cyw43_write_bytes
                0x00000000100136f8       0xec CMakeFiles/pico_webserver.dir/pico-sdk/src/rp2_common/pico_cyw43_driver/cyw43_bus_pio_spi.c.obj
                0x00000000100136f8                cyw43_write_bytes
 .text.cyw43_set_backplane_window
                0x00000000100137e4       0x64 CMakeFiles/pico_webserver.dir/pico-sdk/lib/cyw43-driver/src/cyw43_ll.c.obj
 .text.cyw43_ll_parse_async_event
                0x0000000010013848      0x13c CMakeFiles/pico_webserver.dir/pico-sdk/lib/cyw43-driver/src/cyw43_ll.c.obj
 .text.cyw43_kso_set
                0x0000000010013984       0xa0 CMakeFiles/pico_webserver.dir/pico-sdk/lib/cyw43-driver/src/cyw43_ll.c.obj
 .text.cyw43_ll_sdpcm_poll_device
                0x0000000010013a24      0x238 CMakeFiles/pico_webserver.dir/pico-sdk/lib/cyw43-driver/src/cyw43_ll.c.obj
 .text.cyw43_sdpcm_send_common
                0x0000000010013c5c       0xf0 CMakeFiles/pico_webserver.dir/pico-sdk/lib/cyw43-driver/src/cyw43_ll.c.obj
 .text.cyw43_do_ioctl
                0x0000000010013d4c      0x110 CMakeFiles/pico_webserver.dir/pico-sdk/lib/cyw43-driver/src/cyw43_ll.c.obj
 .text.cyw43_do_ioctl.constprop.0
                0x0000000010013e5c      0x108 CMakeFiles/pico_webserver.dir/pico-sdk/lib/cyw43-driver/src/cyw43_ll.c.obj
 .text.cyw43_read_backplane.constprop.0
                0x0000000010013f64       0xdc CMakeFiles/pico_webserver.dir/pico-sdk/lib/cyw43-driver/src/cyw43_ll.c.obj
 .text.reset_device_core.constprop.0
                0x0000000010014040      0x3f0 CMakeFiles/pico_webserver.dir/pico-sdk/lib/cyw43-driver/src/cyw43_ll.c.obj
 .text.cyw43_ll_init
                0x0000000010014430       0x1c CMakeFiles/pico_webserver.dir/pico-sdk/lib/cyw43-driver/src/cyw43_ll.c.obj
                0x0000000010014430                cyw43_ll_init
 .text.cyw43_ll_deinit
                0x000000001001444c        0x8 CMakeFiles/pico_webserver.dir/pico-sdk/lib/cyw43-driver/src/cyw43_ll.c.obj
                0x000000001001444c                cyw43_ll_deinit
 .text.cyw43_ll_send_ethernet
                0x0000000010014454       0x60 CMakeFiles/pico_webserver.dir/pico-sdk/lib/cyw43-driver/src/cyw43_ll.c.obj
                0x0000000010014454                cyw43_ll_send_ethernet
 .text.cyw43_ll_process_packets
                0x00000000100144b4       0x54 CMakeFiles/pico_webserver.dir/pico-sdk/lib/cyw43-driver/src/cyw43_ll.c.obj
                0x00000000100144b4                cyw43_ll_process_packets
 .text.cyw43_ll_ioctl
                0x0000000010014508       0x20 CMakeFiles/pico_webserver.dir/pico-sdk/lib/cyw43-driver/src/cyw43_ll.c.obj
                0x0000000010014508                cyw43_ll_ioctl
 .text.cyw43_ll_bus_sleep
                0x0000000010014528       0x34 CMakeFiles/pico_webserver.dir/pico-sdk/lib/cyw43-driver/src/cyw43_ll.c.obj
                0x0000000010014528                cyw43_ll_bus_sleep
 .text.cyw43_ll_bus_init
                0x000000001001455c      0xbf0 CMakeFiles/pico_webserver.dir/pico-sdk/lib/cyw43-driver/src/cyw43_ll.c.obj
                0x000000001001455c                cyw43_ll_bus_init
 .text.cyw43_ll_wifi_on
                0x000000001001514c      0x240 CMakeFiles/pico_webserver.dir/pico-sdk/lib/cyw43-driver/src/cyw43_ll.c.obj
                0x000000001001514c                cyw43_ll_wifi_on
 .text.cyw43_ll_wifi_get_mac
                0x000000001001538c       0x44 CMakeFiles/pico_webserver.dir/pico-sdk/lib/cyw43-driver/src/cyw43_ll.c.obj
                0x000000001001538c                cyw43_ll_wifi_get_mac
 .text.cyw43_ll_wifi_pm
                0x00000000100153d0      0x194 CMakeFiles/pico_webserver.dir/pico-sdk/lib/cyw43-driver/src/cyw43_ll.c.obj
                0x00000000100153d0                cyw43_ll_wifi_pm
 .text.cyw43_ll_wifi_scan
                0x0000000010015564       0x68 CMakeFiles/pico_webserver.dir/pico-sdk/lib/cyw43-driver/src/cyw43_ll.c.obj
                0x0000000010015564                cyw43_ll_wifi_scan
 .text.cyw43_ll_wifi_set_wpa_auth
                0x00000000100155cc       0x2c CMakeFiles/pico_webserver.dir/pico-sdk/lib/cyw43-driver/src/cyw43_ll.c.obj
                0x00000000100155cc                cyw43_ll_wifi_set_wpa_auth
 .text.cyw43_ll_wifi_rejoin
                0x00000000100155f8       0x1c CMakeFiles/pico_webserver.dir/pico-sdk/lib/cyw43-driver/src/cyw43_ll.c.obj
                0x00000000100155f8                cyw43_ll_wifi_rejoin
 .text.cyw43_ll_wifi_ap_init
                0x0000000010015614      0x2c4 CMakeFiles/pico_webserver.dir/pico-sdk/lib/cyw43-driver/src/cyw43_ll.c.obj
                0x0000000010015614                cyw43_ll_wifi_ap_init
 .text.cyw43_ll_wifi_ap_set_up