Archive member included to satisfy reference by file (symbol)

/usr/lib/gcc/arm-none-eabi/10.3.1/thumb/v6-m/nofp/libgcc.a(_dvmd_tls.o)
                              CMakeFiles/pico_webserver.dir/pico-sdk/src/rp2_common/pico_divider/divider.S.obj (__aeabi_idiv0)
/usr/lib/gcc/arm-none-eabi/10.3.1/../../../arm-none-eabi/lib/thumb/v6-m/nofp/libc.a(lib_a-atexit.o)
                              /usr/lib/gcc/arm-none-eabi/10.3.1/../../../arm-none-eabi/lib/thumb/v6-m/nofp/crt0.o (atexit)
/usr/lib/gcc/arm-none-eabi/10.3.1/../../../arm-none-eabi/lib/thumb/v6-m/nofp/libc.a(lib_a-atoi.o)
                              CMakeFiles/pico_webserver.dir/pico-sdk/lib/lwip/src/core/netif.c.obj (atoi)
/usr/lib/gcc/arm-none-eabi/10.3.1/../../../arm-none-eabi/lib/thumb/v6-m/nofp/libc.a(lib_a-calloc.o)
                              CMakeFiles/pico_webserver.dir/pico-sdk/src/rp2_common/pico_malloc/pico_malloc.c.obj (calloc)
/usr/lib/gcc/arm-none-eabi/10.3.1/../../../arm-none-eabi/lib/thumb/v6-m/nofp/libc.a(lib_a-callocr.o)
                              /usr/lib/gcc/arm-none-eabi/10.3.1/../../../arm-none-eabi/lib/thumb/v6-m/nofp/libc.a(lib_a-calloc.o) (_calloc_r)
/usr/lib/gcc/arm-none-eabi/10.3.1/../../../arm-none-eabi/lib/thumb/v6-m/nofp/libc.a(lib_a-ctype_.o)
                              CMakeFiles/pico_webserver.dir/pico-sdk/lib/lwip/src/core/ipv4/ip4_addr.c.obj (_ctype_)
/usr/lib/gcc/arm-none-eabi/10.3.1/../../../arm-none-eabi/lib/thumb/v6-m/nofp/libc.a(lib_a-fini.o)
                              /usr/lib/gcc/arm-none-eabi/10.3.1/../../../arm-none-eabi/lib/thumb/v6-m/nofp/crt0.o (__libc_fini_array)
/usr/lib/gcc/arm-none-eabi/10.3.1/../../../arm-none-eabi/lib/thumb/v6-m/nofp/libc.a(lib_a-impure.o)
                              /usr/lib/gcc/arm-none-eabi/10.3.1/../../../arm-none-eabi/lib/thumb/v6-m/nofp/libc.a(lib_a-calloc.o) (_impure_ptr)
/usr/lib/gcc/arm-none-eabi/10.3.1/../../../arm-none-eabi/lib/thumb/v6-m/nofp/libc.a(lib_a-init.o)
                              /usr/lib/gcc/arm-none-eabi/10.3.1/../../../arm-none-eabi/lib/thumb/v6-m/nofp/crt0.o (__libc_init_array)
/usr/lib/gcc/arm-none-eabi/10.3.1/../../../arm-none-eabi/lib/thumb/v6-m/nofp/libc.a(lib_a-malloc.o)
                              CMakeFiles/pico_webserver.dir/pico-sdk/src/rp2_common/pico_malloc/pico_malloc.c.obj (malloc)
/usr/lib/gcc/arm-none-eabi/10.3.1/../../../arm-none-eabi/lib/thumb/v6-m/nofp/libc.a(lib_a-mallocr.o)
                              /usr/lib/gcc/arm-none-eabi/10.3.1/../../../arm-none-eabi/lib/thumb/v6-m/nofp/libc.a(lib_a-callocr.o) (_malloc_r)
/usr/lib/gcc/arm-none-eabi/10.3.1/../../../arm-none-eabi/lib/thumb/v6-m/nofp/libc.a(lib_a-memcmp.o)
                              CMakeFiles/pico_webserver.dir/pico-sdk/lib/tinyusb/lib/networking/dhserver.c.obj (memcmp)
/usr/lib/gcc/arm-none-eabi/10.3.1/../../../arm-none-eabi/lib/thumb/v6-m/nofp/libc.a(lib_a-memmove.o)
                              CMakeFiles/pico_webserver.dir/pico-sdk/lib/cyw43-driver/src/cyw43_ll.c.obj (memmove)
/usr/lib/gcc/arm-none-eabi/10.3.1/../../../arm-none-eabi/lib/thumb/v6-m/nofp/libc.a(lib_a-mlock.o)
                              /usr/lib/gcc/arm-none-eabi/10.3.1/../../../arm-none-eabi/lib/thumb/v6-m/nofp/libc.a(lib_a-mallocr.o) (__malloc_lock)
/usr/lib/gcc/arm-none-eabi/10.3.1/../../../arm-none-eabi/lib/thumb/v6-m/nofp/libc.a(lib_a-realloc.o)
                              CMakeFiles/pico_webserver.dir/pico-sdk/src/rp2_common/pico_malloc/pico_malloc.c.obj (realloc)
/usr/lib/gcc/arm-none-eabi/10.3.1/../../../arm-none-eabi/lib/thumb/v6-m/nofp/libc.a(lib_a-reallocr.o)
                              /usr/lib/gcc/arm-none-eabi/10.3.1/../../../arm-none-eabi/lib/thumb/v6-m/nofp/libc.a(lib_a-realloc.o) (_realloc_r)
/usr/lib/gcc/arm-none-eabi/10.3.1/../../../arm-none-eabi/lib/thumb/v6-m/nofp/libc.a(lib_a-sbrkr.o)
                              /usr/lib/gcc/arm-none-eabi/10.3.1/../../../arm-none-eabi/lib/thumb/v6-m/nofp/libc.a(lib_a-mallocr.o) (_sbrk_r)
/usr/lib/gcc/arm-none-eabi/10.3.1/../../../arm-none-eabi/lib/thumb/v6-m/nofp/libc.a(lib_a-strchr.o)
                              CMakeFiles/pico_webserver.dir/pico-sdk/lib/lwip/src/apps/http/httpd.c.obj (strchr)
/usr/lib/gcc/arm-none-eabi/10.3.1/../../../arm-none-eabi/lib/thumb/v6-m/nofp/libc.a(lib_a-strcmp.o)
                              CMakeFiles/pico_webserver.dir/cgi.cpp.obj (strcmp)
/usr/lib/gcc/arm-none-eabi/10.3.1/../../../arm-none-eabi/lib/thumb/v6-m/nofp/libc.a(lib_a-strcpy.o)
                              CMakeFiles/pico_webserver.dir/cgi.cpp.obj (strcpy)
/usr/lib/gcc/arm-none-eabi/10.3.1/../../../arm-none-eabi/lib/thumb/v6-m/nofp/libc.a(lib_a-strlen-stub.o)
                              CMakeFiles/pico_webserver.dir/usb_descriptors.c.obj (strlen)
/usr/lib/gcc/arm-none-eabi/10.3.1/../../../arm-none-eabi/lib/thumb/v6-m/nofp/libc.a(lib_a-strncmp.o)
                              CMakeFiles/pico_webserver.dir/pico-sdk/lib/cyw43-driver/src/cyw43_ll.c.obj (strncmp)
[...]
Memory Configuration

Name             Origin             Length             Attributes
FLASH            0x0000000010000000 0x0000000000200000 xr
RAM              0x0000000020000000 0x0000000000040000 xrw
SCRATCH_X        0x0000000020040000 0x0000000000001000 xrw
SCRATCH_Y        0x0000000020041000 0x0000000000001000 xrw
*default*        0x0000000000000000 0xffffffffffffffff

Linker script and memory map

LOAD /usr/lib/gcc/arm-none-eabi/10.3.1/thumb/v6-m/nofp/crti.o
LOAD /usr/lib/gcc/arm-none-eabi/10.3.1/thumb/v6-m/nofp/crtbegin.o
LOAD /usr/lib/gcc/arm-none-eabi/10.3.1/../../../arm-none-eabi/lib/thumb/v6-m/nofp/crt0.o

.flash_begin    0x0000000010000000        0x0
                0x0000000010000000                __flash_binary_start = .

.boot2          0x0000000010000000      0x100
                0x0000000010000000                __boot2_start__ = .
 *(.boot2)
 .boot2         0x0000000010000000      0x100 /tmp/ccJMxfiQ.o
                0x0000000010000100                __boot2_end__ = .
                0x0000000000000001                ASSERT (((__boot2_end__ - __boot2_start__) == 0x100), ERROR: Pico second stage bootloader must be 256 bytes in size)

.text           0x0000000010000100    0x18d30
                0x0000000010000100                __logical_binary_start = .
 *(.vectors)
 .vectors       0x0000000010000100       0xd4 CMakeFiles/pico_webserver.dir/pico-sdk/src/rp2_common/pico_standard_link/crt0.S.obj
                0x0000000010000100                __vectors
                0x0000000010000100                __VECTOR_TABLE
                0x00000000100001c0                isr_invalid
                0x00000000100001c0                __default_isrs_start
                0x00000000100001c2                isr_nmi
                0x00000000100001c4                isr_hardfault
                0x00000000100001c6                isr_svcall
                0x00000000100001c8                isr_pendsv
                0x00000000100001ca                isr_systick
                0x00000000100001cc                isr_irq30
                0x00000000100001cc                __unhandled_user_irq
                0x00000000100001cc                isr_irq13
                0x00000000100001cc                isr_irq27
                0x00000000100001cc                isr_irq31
                0x00000000100001cc                isr_irq5
                0x00000000100001cc                isr_irq11
                0x00000000100001cc                isr_irq23
                0x00000000100001cc                isr_irq18
                0x00000000100001cc                isr_irq28
                0x00000000100001cc                isr_irq19
                0x00000000100001cc                isr_irq0
                0x00000000100001cc                isr_irq6
                0x00000000100001cc                isr_irq22
                0x00000000100001cc                isr_irq17
                0x00000000100001cc                isr_irq14
                0x00000000100001cc                isr_irq2
                0x00000000100001cc                isr_irq10
                0x00000000100001cc                isr_irq8
                0x00000000100001cc                isr_irq24
                0x00000000100001cc                isr_irq1
                0x00000000100001cc                isr_irq7
                0x00000000100001cc                isr_irq21
                0x00000000100001cc                isr_irq20
                0x00000000100001cc                isr_irq15
                0x00000000100001cc                isr_irq25
                0x00000000100001cc                isr_irq4
                0x00000000100001cc                isr_irq16
                0x00000000100001cc                isr_irq29
                0x00000000100001cc                isr_irq26
                0x00000000100001cc                __default_isrs_end
                0x00000000100001cc                isr_irq3
                0x00000000100001cc                isr_irq12
                0x00000000100001cc                isr_irq9
                0x00000000100001d2                unhandled_user_irq_num_in_r0
 *(.binary_info_header)
 .binary_info_header
                0x00000000100001d4       0x14 CMakeFiles/pico_webserver.dir/pico-sdk/src/rp2_common/pico_standard_link/crt0.S.obj
                0x00000000100001e8                __binary_info_header_end = .
 *(.reset)
 .reset         0x00000000100001e8       0xa0 CMakeFiles/pico_webserver.dir/pico-sdk/src/rp2_common/pico_standard_link/crt0.S.obj
                0x00000000100001e8                _entry_point
 .reset         0x0000000010000288       0x30 CMakeFiles/pico_webserver.dir/pico-sdk/src/rp2_common/pico_standard_link/binary_info.c.obj
 *(.init)
 .init          0x00000000100002b8        0x4 /usr/lib/gcc/arm-none-eabi/10.3.1/thumb/v6-m/nofp/crti.o
                0x00000000100002b8                _init
 *(EXCLUDE_FILE(*libm.a: *libc.a:*lib_a-mem*.o *libgcc.a:) .text*)
 .text          0x00000000100002bc       0x98 /usr/lib/gcc/arm-none-eabi/10.3.1/thumb/v6-m/nofp/crtbegin.o
 .text.startup.main
                0x0000000010000354       0x7c CMakeFiles/pico_webserver.dir/webserver.c.obj
                0x0000000010000354                main
 .text.netif_init_cb
                0x00000000100003d0       0x30 CMakeFiles/pico_webserver.dir/tusb_lwip_glue.c.obj
 .text.output_fn
                0x0000000010000400        0x8 CMakeFiles/pico_webserver.dir/tusb_lwip_glue.c.obj
 .text.linkoutput_fn
                0x0000000010000408       0x3c CMakeFiles/pico_webserver.dir/tusb_lwip_glue.c.obj
 .text.init_lwip
                0x0000000010000444       0x8c CMakeFiles/pico_webserver.dir/tusb_lwip_glue.c.obj
                0x0000000010000444                init_lwip
 .text.tud_network_init_cb
                0x00000000100004d0       0x18 CMakeFiles/pico_webserver.dir/tusb_lwip_glue.c.obj
                0x00000000100004d0                tud_network_init_cb
 .text.tud_network_recv_cb
                0x00000000100004e8       0x3c CMakeFiles/pico_webserver.dir/tusb_lwip_glue.c.obj
                0x00000000100004e8                tud_network_recv_cb
 .text.tud_network_xmit_cb
                0x0000000010000524       0x30 CMakeFiles/pico_webserver.dir/tusb_lwip_glue.c.obj
                0x0000000010000524                tud_network_xmit_cb
 .text.service_traffic
                0x0000000010000554       0x6c CMakeFiles/pico_webserver.dir/tusb_lwip_glue.c.obj
                0x0000000010000554                service_traffic
 .text.dhcpd_init
                0x00000000100005c0       0x14 CMakeFiles/pico_webserver.dir/tusb_lwip_glue.c.obj
                0x00000000100005c0                dhcpd_init
 .text.wait_for_netif_is_up
                0x00000000100005d4       0x14 CMakeFiles/pico_webserver.dir/tusb_lwip_glue.c.obj
                0x00000000100005d4                wait_for_netif_is_up
 .text.sys_arch_protect
                0x00000000100005e8        0x4 CMakeFiles/pico_webserver.dir/tusb_lwip_glue.c.obj
                0x00000000100005e8                sys_arch_protect
 .text.sys_arch_unprotect
                0x00000000100005ec        0x4 CMakeFiles/pico_webserver.dir/tusb_lwip_glue.c.obj
                0x00000000100005ec                sys_arch_unprotect
 .text.sys_now  0x00000000100005f0       0x20 CMakeFiles/pico_webserver.dir/tusb_lwip_glue.c.obj
                0x00000000100005f0                sys_now
 .text.tud_descriptor_device_cb
                0x0000000010000610        0x8 CMakeFiles/pico_webserver.dir/usb_descriptors.c.obj
                0x0000000010000610                tud_descriptor_device_cb
 .text.tud_descriptor_configuration_cb
                0x0000000010000618       0x14 CMakeFiles/pico_webserver.dir/usb_descriptors.c.obj
                0x0000000010000618                tud_descriptor_configuration_cb
 .text.tud_descriptor_string_cb
                0x000000001000062c      0x17c CMakeFiles/pico_webserver.dir/usb_descriptors.c.obj
                0x000000001000062c                tud_descriptor_string_cb
 .text.fill_options
                0x00000000100007a8       0xdc CMakeFiles/pico_webserver.dir/pico-sdk/lib/tinyusb/lib/networking/dhserver.c.obj
                0x00000000100007a8                fill_options
 .text.udp_recv_proc
                0x0000000010000884      0x2e8 CMakeFiles/pico_webserver.dir/pico-sdk/lib/tinyusb/lib/networking/dhserver.c.obj
 .text.dhserv_init
                0x0000000010000b6c       0x64 CMakeFiles/pico_webserver.dir/pico-sdk/lib/tinyusb/lib/networking/dhserver.c.obj
                0x0000000010000b6c                dhserv_init
 .text.rndis_class_set_handler
                0x0000000010000bd0      0x2d4 CMakeFiles/pico_webserver.dir/pico-sdk/lib/tinyusb/lib/networking/rndis_reports.c.obj
                0x0000000010000bd0                rndis_class_set_handler
 .text._Z11scan_resultPvPK23_cyw43_ev_scan_result_t
                0x0000000010000ea4       0x4c CMakeFiles/pico_webserver.dir/ssi.cpp.obj
                0x0000000010000ea4                scan_result(void*, _cyw43_ev_scan_result_t const*)
 .text.ssi_init
                0x0000000010000ef0       0x18 CMakeFiles/pico_webserver.dir/ssi.cpp.obj
                0x0000000010000ef0                ssi_init
 .text.wifi_cred_set
                0x0000000010000f08       0xa4 CMakeFiles/pico_webserver.dir/cgi.cpp.obj
                0x0000000010000f08                wifi_cred_set
 .text.cgi_toggle_led
                0x0000000010000fac       0x20 CMakeFiles/pico_webserver.dir/cgi.cpp.obj
 .text.cgi_reset_usb_boot
                0x0000000010000fcc       0x14 CMakeFiles/pico_webserver.dir/cgi.cpp.obj
 .text.cgi_init
                0x0000000010000fe0       0x2c CMakeFiles/pico_webserver.dir/cgi.cpp.obj
                0x0000000010000fe0                cgi_init
 .text.cyw43_cb_tcpip_set_link_up
                0x000000001000100c       0x18 CMakeFiles/pico_webserver.dir/wifi_code.c.obj
                0x000000001000100c                cyw43_cb_tcpip_set_link_up
 .text.cyw43_cb_tcpip_set_link_down
                0x0000000010001024       0x18 CMakeFiles/pico_webserver.dir/wifi_code.c.obj
                0x0000000010001024                cyw43_cb_tcpip_set_link_down
 .text.cyw43_cb_process_ethernet
                0x000000001000103c       0x5c CMakeFiles/pico_webserver.dir/wifi_code.c.obj
                0x000000001000103c                cyw43_cb_process_ethernet
 .text.core1_entry
                0x0000000010001098       0xdc CMakeFiles/pico_webserver.dir/wifi_code.c.obj
                0x0000000010001098                core1_entry
 .text.set_sys_clock_pll
                0x0000000010001174       0x78 CMakeFiles/pico_webserver.dir/pico-sdk/src/rp2_common/pico_stdlib/stdlib.c.obj
                0x0000000010001174                set_sys_clock_pll
 .text.check_sys_clock_khz
                0x00000000100011ec      0x17c CMakeFiles/pico_webserver.dir/pico-sdk/src/rp2_common/pico_stdlib/stdlib.c.obj
                0x00000000100011ec                check_sys_clock_khz
 .text.gpio_set_function
                0x0000000010001368       0x30 CMakeFiles/pico_webserver.dir/pico-sdk/src/rp2_common/hardware_gpio/gpio.c.obj
                0x0000000010001368                gpio_set_function
 .text.gpio_set_pulls
                0x0000000010001398       0x30 CMakeFiles/pico_webserver.dir/pico-sdk/src/rp2_common/hardware_gpio/gpio.c.obj
                0x0000000010001398                gpio_set_pulls
 .text.gpio_set_input_hysteresis_enabled
                0x00000000100013c8       0x28 CMakeFiles/pico_webserver.dir/pico-sdk/src/rp2_common/hardware_gpio/gpio.c.obj
                0x00000000100013c8                gpio_set_input_hysteresis_enabled
 .text.gpio_set_irq_enabled
                0x00000000100013f0       0x54 CMakeFiles/pico_webserver.dir/pico-sdk/src/rp2_common/hardware_gpio/gpio.c.obj
                0x00000000100013f0                gpio_set_irq_enabled
 .text.gpio_add_raw_irq_handler_with_order_priority_masked
                0x0000000010001444       0x44 CMakeFiles/pico_webserver.dir/pico-sdk/src/rp2_common/hardware_gpio/gpio.c.obj
                0x0000000010001444                gpio_add_raw_irq_handler_with_order_priority_masked
 .text.gpio_remove_raw_irq_handler_masked
                0x0000000010001488       0x20 CMakeFiles/pico_webserver.dir/pico-sdk/src/rp2_common/hardware_gpio/gpio.c.obj
                0x0000000010001488                gpio_remove_raw_irq_handler_masked
 .text.gpio_init
                0x00000000100014a8       0x3c CMakeFiles/pico_webserver.dir/pico-sdk/src/rp2_common/hardware_gpio/gpio.c.obj
                0x00000000100014a8                gpio_init
 .text.running_on_fpga
                0x00000000100014e4       0x10 CMakeFiles/pico_webserver.dir/pico-sdk/src/rp2_common/pico_platform/platform.c.obj
                0x00000000100014e4                running_on_fpga
 .text.hw_claim_lock
                0x00000000100014f4       0x18 CMakeFiles/pico_webserver.dir/pico-sdk/src/rp2_common/hardware_claim/claim.c.obj
                0x00000000100014f4                hw_claim_lock
 .text.hw_claim_unlock
                0x000000001000150c       0x14 CMakeFiles/pico_webserver.dir/pico-sdk/src/rp2_common/hardware_claim/claim.c.obj
                0x000000001000150c                hw_claim_unlock
 .text.hw_claim_or_assert
                0x0000000010001520       0x44 CMakeFiles/pico_webserver.dir/pico-sdk/src/rp2_common/hardware_claim/claim.c.obj
                0x0000000010001520                hw_claim_or_assert
 .text.hw_claim_unused_from_range
                0x0000000010001564       0x9c CMakeFiles/pico_webserver.dir/pico-sdk/src/rp2_common/hardware_claim/claim.c.obj
                0x0000000010001564                hw_claim_unused_from_range
 .text.hw_claim_clear
                0x0000000010001600       0x38 CMakeFiles/pico_webserver.dir/pico-sdk/src/rp2_common/hardware_claim/claim.c.obj
                0x0000000010001600                hw_claim_clear
 .text.spin_locks_reset
                0x0000000010001638       0x1c CMakeFiles/pico_webserver.dir/pico-sdk/src/rp2_common/hardware_sync/sync.c.obj
                0x0000000010001638                spin_locks_reset
 .text.next_striped_spin_lock_num
                0x0000000010001654       0x18 CMakeFiles/pico_webserver.dir/pico-sdk/src/rp2_common/hardware_sync/sync.c.obj
                0x0000000010001654                next_striped_spin_lock_num
 .text.spin_lock_claim_unused
                0x000000001000166c       0x20 CMakeFiles/pico_webserver.dir/pico-sdk/src/rp2_common/hardware_sync/sync.c.obj
                0x000000001000166c                spin_lock_claim_unused
 .text.irq_set_enabled
                0x000000001000168c       0x24 CMakeFiles/pico_webserver.dir/pico-sdk/src/rp2_common/hardware_irq/irq.c.obj
                0x000000001000168c                irq_set_enabled
 .text.irq_is_enabled
                0x00000000100016b0       0x18 CMakeFiles/pico_webserver.dir/pico-sdk/src/rp2_common/hardware_irq/irq.c.obj
                0x00000000100016b0                irq_is_enabled
 .text.irq_set_pending
                0x00000000100016c8       0x10 CMakeFiles/pico_webserver.dir/pico-sdk/src/rp2_common/hardware_irq/irq.c.obj
                0x00000000100016c8                irq_set_pending
 .text.irq_get_vtable_handler
                0x00000000100016d8       0x10 CMakeFiles/pico_webserver.dir/pico-sdk/src/rp2_common/hardware_irq/irq.c.obj
                0x00000000100016d8                irq_get_vtable_handler
 .text.irq_set_exclusive_handler
                0x00000000100016e8       0x54 CMakeFiles/pico_webserver.dir/pico-sdk/src/rp2_common/hardware_irq/irq.c.obj
                0x00000000100016e8                irq_set_exclusive_handler
 .text.irq_add_shared_handler
                0x000000001000173c      0x1e8 CMakeFiles/pico_webserver.dir/pico-sdk/src/rp2_common/hardware_irq/irq.c.obj
                0x000000001000173c                irq_add_shared_handler
 .text.irq_remove_handler
                0x0000000010001924      0x1b0 CMakeFiles/pico_webserver.dir/pico-sdk/src/rp2_common/hardware_irq/irq.c.obj
                0x0000000010001924                irq_remove_handler
 .text.irq_set_priority
                0x0000000010001ad4       0x28 CMakeFiles/pico_webserver.dir/pico-sdk/src/rp2_common/hardware_irq/irq.c.obj
                0x0000000010001ad4                irq_set_priority
 .text.irq_add_tail_to_free_list
                0x0000000010001afc       0xb4 CMakeFiles/pico_webserver.dir/pico-sdk/src/rp2_common/hardware_irq/irq.c.obj
                0x0000000010001afc                irq_add_tail_to_free_list
 .text.irq_init_priorities
                0x0000000010001bb0       0x24 CMakeFiles/pico_webserver.dir/pico-sdk/src/rp2_common/hardware_irq/irq.c.obj
                0x0000000010001bb0                irq_init_priorities
 .text.user_irq_unclaim
                0x0000000010001bd4       0x14 CMakeFiles/pico_webserver.dir/pico-sdk/src/rp2_common/hardware_irq/irq.c.obj
                0x0000000010001bd4                user_irq_unclaim
 .text.user_irq_claim_unused
                0x0000000010001be8       0x28 CMakeFiles/pico_webserver.dir/pico-sdk/src/rp2_common/hardware_irq/irq.c.obj
                0x0000000010001be8                user_irq_claim_unused
 .text.sem_init
                0x0000000010001c10       0x20 CMakeFiles/pico_webserver.dir/pico-sdk/src/common/pico_sync/sem.c.obj
                0x0000000010001c10                sem_init
 .text.lock_init
                0x0000000010001c30       0x10 CMakeFiles/pico_webserver.dir/pico-sdk/src/common/pico_sync/lock_core.c.obj
                0x0000000010001c30                lock_init
 .text.mutex_init
                0x0000000010001c40       0x1c CMakeFiles/pico_webserver.dir/pico-sdk/src/common/pico_sync/mutex.c.obj
                0x0000000010001c40                mutex_init
 .text.recursive_mutex_init
                0x0000000010001c5c       0x1c CMakeFiles/pico_webserver.dir/pico-sdk/src/common/pico_sync/mutex.c.obj
                0x0000000010001c5c                recursive_mutex_init
 .text.critical_section_init
                0x0000000010001c78       0x20 CMakeFiles/pico_webserver.dir/pico-sdk/src/common/pico_sync/critical_section.c.obj
                0x0000000010001c78                critical_section_init
 .text.timer_pool_entry_comparator
                0x0000000010001c98       0x34 CMakeFiles/pico_webserver.dir/pico-sdk/src/common/pico_time/time.c.obj
                0x0000000010001c98                timer_pool_entry_comparator
 .text.sleep_until_callback
                0x0000000010001ccc       0x30 CMakeFiles/pico_webserver.dir/pico-sdk/src/common/pico_time/time.c.obj
 .text.add_alarm_under_lock.isra.0
                0x0000000010001cfc      0x100 CMakeFiles/pico_webserver.dir/pico-sdk/src/common/pico_time/time.c.obj
 .text.alarm_pool_alarm_callback
                0x0000000010001dfc      0x1bc CMakeFiles/pico_webserver.dir/pico-sdk/src/common/pico_time/time.c.obj
 .text.alarm_pool_init_default
                0x0000000010001fb8       0x6c CMakeFiles/pico_webserver.dir/pico-sdk/src/common/pico_time/time.c.obj
                0x0000000010001fb8                alarm_pool_init_default
 .text.alarm_pool_get_default
                0x0000000010002024        0x8 CMakeFiles/pico_webserver.dir/pico-sdk/src/common/pico_time/time.c.obj
                0x0000000010002024                alarm_pool_get_default
 .text.alarm_pool_create_with_unused_hardware_alarm
                0x000000001000202c       0x74 CMakeFiles/pico_webserver.dir/pico-sdk/src/common/pico_time/time.c.obj
                0x000000001000202c                alarm_pool_create_with_unused_hardware_alarm
 .text.alarm_pool_destroy
                0x00000000100020a0       0x44 CMakeFiles/pico_webserver.dir/pico-sdk/src/common/pico_time/time.c.obj
                0x00000000100020a0                alarm_pool_destroy
 .text.alarm_pool_add_alarm_at
                0x00000000100020e4      0x178 CMakeFiles/pico_webserver.dir/pico-sdk/src/common/pico_time/time.c.obj
                0x00000000100020e4                alarm_pool_add_alarm_at
 .text.alarm_pool_add_alarm_at_force_in_context
                0x000000001000225c      0x124 CMakeFiles/pico_webserver.dir/pico-sdk/src/common/pico_time/time.c.obj
                0x000000001000225c                alarm_pool_add_alarm_at_force_in_context
 .text.alarm_pool_cancel_alarm
                0x0000000010002380       0x78 CMakeFiles/pico_webserver.dir/pico-sdk/src/common/pico_time/time.c.obj
                0x0000000010002380                alarm_pool_cancel_alarm
 .text.alarm_pool_core_num
                0x00000000100023f8        0x4 CMakeFiles/pico_webserver.dir/pico-sdk/src/common/pico_time/time.c.obj
                0x00000000100023f8                alarm_pool_core_num
 .text.sleep_until
                0x00000000100023fc       0xc4 CMakeFiles/pico_webserver.dir/pico-sdk/src/common/pico_time/time.c.obj
                0x00000000100023fc                sleep_until
 .text.sleep_ms
                0x00000000100024c0       0x34 CMakeFiles/pico_webserver.dir/pico-sdk/src/common/pico_time/time.c.obj
                0x00000000100024c0                sleep_ms
 .text.best_effort_wfe_or_timeout
                0x00000000100024f4       0xd4 CMakeFiles/pico_webserver.dir/pico-sdk/src/common/pico_time/time.c.obj
                0x00000000100024f4                best_effort_wfe_or_timeout
 .text.hardware_alarm_irq_handler
                0x00000000100025c8       0xbc CMakeFiles/pico_webserver.dir/pico-sdk/src/rp2_common/hardware_timer/timer.c.obj
 .text.hardware_alarm_claim
                0x0000000010002684       0x18 CMakeFiles/pico_webserver.dir/pico-sdk/src/rp2_common/hardware_timer/timer.c.obj
                0x0000000010002684                hardware_alarm_claim
 .text.hardware_alarm_unclaim
                0x000000001000269c       0x10 CMakeFiles/pico_webserver.dir/pico-sdk/src/rp2_common/hardware_timer/timer.c.obj
                0x000000001000269c                hardware_alarm_unclaim
 .text.hardware_alarm_claim_unused
                0x00000000100026ac       0x20 CMakeFiles/pico_webserver.dir/pico-sdk/src/rp2_common/hardware_timer/timer.c.obj
                0x00000000100026ac                hardware_alarm_claim_unused
 .text.time_us_64
                0x00000000100026cc       0x14 CMakeFiles/pico_webserver.dir/pico-sdk/src/rp2_common/hardware_timer/timer.c.obj
                0x00000000100026cc                time_us_64
 .text.busy_wait_until
                0x00000000100026e0       0x20 CMakeFiles/pico_webserver.dir/pico-sdk/src/rp2_common/hardware_timer/timer.c.obj
                0x00000000100026e0                busy_wait_until
 .text.hardware_alarm_set_callback
                0x0000000010002700       0x8c CMakeFiles/pico_webserver.dir/pico-sdk/src/rp2_common/hardware_timer/timer.c.obj
                0x0000000010002700                hardware_alarm_set_callback
 .text.hardware_alarm_set_target
                0x000000001000278c       0xd4 CMakeFiles/pico_webserver.dir/pico-sdk/src/rp2_common/hardware_timer/timer.c.obj
                0x000000001000278c                hardware_alarm_set_target
 .text.hardware_alarm_cancel
                0x0000000010002860       0x3c CMakeFiles/pico_webserver.dir/pico-sdk/src/rp2_common/hardware_timer/timer.c.obj
                0x0000000010002860                hardware_alarm_cancel
 .text.hardware_alarm_force_irq
                0x000000001000289c       0x3c CMakeFiles/pico_webserver.dir/pico-sdk/src/rp2_common/hardware_timer/timer.c.obj
                0x000000001000289c                hardware_alarm_force_irq
 .text.ph_merge_nodes
                0x00000000100028d8       0x68 CMakeFiles/pico_webserver.dir/pico-sdk/src/common/pico_util/pheap.c.obj
 .text.ph_create
                0x0000000010002940       0x60 CMakeFiles/pico_webserver.dir/pico-sdk/src/common/pico_util/pheap.c.obj
                0x0000000010002940                ph_create
 .text.ph_post_alloc_init
                0x00000000100029a0       0x3c CMakeFiles/pico_webserver.dir/pico-sdk/src/common/pico_util/pheap.c.obj
                0x00000000100029a0                ph_post_alloc_init
 .text.ph_destroy
                0x00000000100029dc       0x14 CMakeFiles/pico_webserver.dir/pico-sdk/src/common/pico_util/pheap.c.obj
                0x00000000100029dc                ph_destroy
 .text.ph_merge_two_pass
                0x00000000100029f0       0x90 CMakeFiles/pico_webserver.dir/pico-sdk/src/common/pico_util/pheap.c.obj
                0x00000000100029f0                ph_merge_two_pass
 .text.ph_remove_any_head
                0x0000000010002a80      0x100 CMakeFiles/pico_webserver.dir/pico-sdk/src/common/pico_util/pheap.c.obj
 .text.ph_remove_head
                0x0000000010002b80      0x104 CMakeFiles/pico_webserver.dir/pico-sdk/src/common/pico_util/pheap.c.obj
                0x0000000010002b80                ph_remove_head
 .text.ph_remove_and_free_node
                0x0000000010002c84       0x7c CMakeFiles/pico_webserver.dir/pico-sdk/src/common/pico_util/pheap.c.obj
                0x0000000010002c84                ph_remove_and_free_node
 .text.clock_configure
                0x0000000010002d00      0x118 CMakeFiles/pico_webserver.dir/pico-sdk/src/rp2_common/hardware_clocks/clocks.c.obj
                0x0000000010002d00                clock_configure
 .text.clocks_init
                0x0000000010002e18      0x2d0 CMakeFiles/pico_webserver.dir/pico-sdk/src/rp2_common/hardware_clocks/clocks.c.obj
                0x0000000010002e18                clocks_init
 .text.clock_get_hz
                0x00000000100030e8        0xc CMakeFiles/pico_webserver.dir/pico-sdk/src/rp2_common/hardware_clocks/clocks.c.obj
                0x00000000100030e8                clock_get_hz
 .text.pll_init
                0x00000000100030f4       0xa0 CMakeFiles/pico_webserver.dir/pico-sdk/src/rp2_common/hardware_pll/pll.c.obj
                0x00000000100030f4                pll_init
 .text.watchdog_start_tick
                0x0000000010003194       0x10 CMakeFiles/pico_webserver.dir/pico-sdk/src/rp2_common/hardware_watchdog/watchdog.c.obj
                0x0000000010003194                watchdog_start_tick
 .text.xosc_init
                0x00000000100031a4       0x28 CMakeFiles/pico_webserver.dir/pico-sdk/src/rp2_common/hardware_xosc/xosc.c.obj
                0x00000000100031a4                xosc_init
 .text.runtime_init
                0x00000000100031cc       0xf0 CMakeFiles/pico_webserver.dir/pico-sdk/src/rp2_common/pico_runtime/runtime.c.obj
                0x00000000100031cc                runtime_init
 .text._exit    0x00000000100032bc       0x14 CMakeFiles/pico_webserver.dir/pico-sdk/src/rp2_common/pico_runtime/runtime.c.obj
                0x00000000100032bc                _exit
 .text._sbrk    0x00000000100032d0       0x34 CMakeFiles/pico_webserver.dir/pico-sdk/src/rp2_common/pico_runtime/runtime.c.obj
                0x00000000100032d0                _sbrk
 .text.exit     0x0000000010003304        0x8 CMakeFiles/pico_webserver.dir/pico-sdk/src/rp2_common/pico_runtime/runtime.c.obj
                0x0000000010003304                exit
 .text.panic    0x000000001000330c       0x30 CMakeFiles/pico_webserver.dir/pico-sdk/src/rp2_common/pico_runtime/runtime.c.obj
                0x000000001000330c                panic
 .text.hard_assertion_failure
                0x000000001000333c        0xc CMakeFiles/pico_webserver.dir/pico-sdk/src/rp2_common/pico_runtime/runtime.c.obj
                0x000000001000333c                hard_assertion_failure
 .text._out_buffer
                0x0000000010003348        0x8 CMakeFiles/pico_webserver.dir/pico-sdk/src/rp2_common/pico_printf/printf.c.obj
 .text._out_null
                0x0000000010003350        0x4 CMakeFiles/pico_webserver.dir/pico-sdk/src/rp2_common/pico_printf/printf.c.obj
 .text._out_rev
                0x0000000010003354       0x9c CMakeFiles/pico_webserver.dir/pico-sdk/src/rp2_common/pico_printf/printf.c.obj
 .text._ntoa_format
                0x00000000100033f0      0x1cc CMakeFiles/pico_webserver.dir/pico-sdk/src/rp2_common/pico_printf/printf.c.obj
 .text._out_char
                0x00000000100035bc       0x10 CMakeFiles/pico_webserver.dir/pico-sdk/src/rp2_common/pico_printf/printf.c.obj
 .text._out_fct
                0x00000000100035cc       0x10 CMakeFiles/pico_webserver.dir/pico-sdk/src/rp2_common/pico_printf/printf.c.obj
 .text._etoa    0x00000000100035dc      0x44c CMakeFiles/pico_webserver.dir/pico-sdk/src/rp2_common/pico_printf/printf.c.obj
 .text._ftoa    0x0000000010003a28      0x398 CMakeFiles/pico_webserver.dir/pico-sdk/src/rp2_common/pico_printf/printf.c.obj
 .text._vsnprintf
                0x0000000010003dc0      0xb04 CMakeFiles/pico_webserver.dir/pico-sdk/src/rp2_common/pico_printf/printf.c.obj
 .text.__wrap_sprintf
                0x00000000100048c4       0x28 CMakeFiles/pico_webserver.dir/pico-sdk/src/rp2_common/pico_printf/printf.c.obj
                0x00000000100048c4                __wrap_sprintf
 .text.__wrap_snprintf
                0x00000000100048ec       0x28 CMakeFiles/pico_webserver.dir/pico-sdk/src/rp2_common/pico_printf/printf.c.obj
                0x00000000100048ec                __wrap_snprintf
 .text.vfctprintf
                0x0000000010004914       0x20 CMakeFiles/pico_webserver.dir/pico-sdk/src/rp2_common/pico_printf/printf.c.obj
                0x0000000010004914                vfctprintf
 .text.weak_raw_vprintf
                0x0000000010004934       0x30 CMakeFiles/pico_webserver.dir/pico-sdk/src/rp2_common/pico_printf/printf.c.obj
                0x0000000010004934                weak_raw_vprintf
 .text          0x0000000010004964       0x10 CMakeFiles/pico_webserver.dir/pico-sdk/src/rp2_common/pico_bit_ops/bit_ops_aeabi.S.obj
 .text.ctzsi    0x0000000010004974        0xc CMakeFiles/pico_webserver.dir/pico-sdk/src/rp2_common/pico_bit_ops/bit_ops_aeabi.S.obj
                0x0000000010004974                __wrap___ctzsi2
 .text.rom_func_lookup
                0x0000000010004980       0x10 CMakeFiles/pico_webserver.dir/pico-sdk/src/rp2_common/pico_bootrom/bootrom.c.obj
                0x0000000010004980                rom_func_lookup
 .text.rom_data_lookup
                0x0000000010004990       0x10 CMakeFiles/pico_webserver.dir/pico-sdk/src/rp2_common/pico_bootrom/bootrom.c.obj
                0x0000000010004990                rom_data_lookup
 .text.rom_funcs_lookup
                0x00000000100049a0       0x44 CMakeFiles/pico_webserver.dir/pico-sdk/src/rp2_common/pico_bootrom/bootrom.c.obj
                0x00000000100049a0                rom_funcs_lookup
 .text.__wrap___aeabi_idiv
                0x00000000100049e4       0x50 CMakeFiles/pico_webserver.dir/pico-sdk/src/rp2_common/pico_divider/divider.S.obj
                0x00000000100049e4                __wrap___aeabi_idivmod
                0x00000000100049e4                divmod_s32s32
                0x00000000100049e4                div_s32s32
                0x00000000100049e4                __wrap___aeabi_idiv
                0x00000000100049ec                divmod_s32s32_unsafe
                0x0000000010004a18                divmod_s32s32_savestate
 .text.__wrap___aeabi_uidiv
                0x0000000010004a34       0x4c CMakeFiles/pico_webserver.dir/pico-sdk/src/rp2_common/pico_divider/divider.S.obj
                0x0000000010004a34                __wrap___aeabi_uidiv
                0x0000000010004a34                __wrap___aeabi_uidivmod
                0x0000000010004a34                div_u32u32
                0x0000000010004a34                divmod_u32u32
                0x0000000010004a3c                divmod_u32u32_unsafe
                0x0000000010004a64                divmod_u32u32_savestate
 .text.__wrap___aeabi_ldiv
                0x0000000010004a80      0x424 CMakeFiles/pico_webserver.dir/pico-sdk/src/rp2_common/pico_divider/divider.S.obj
                0x0000000010004a80                div_s64s64
                0x0000000010004a80                divmod_s64s64
                0x0000000010004a80                __wrap___aeabi_ldivmod
                0x0000000010004ab0                div_u64u64
                0x0000000010004ab0                divmod_u64u64
                0x0000000010004ab0                __wrap___aeabi_uldivmod
                0x0000000010004ac0                divmod_u64u64_savestate
                0x0000000010004ae0                divmod_s64s64_unsafe
                0x0000000010004b68                divmod_u64u64_unsafe
 .text.__wrap___aeabi_darithmetic
                0x0000000010004ea4       0x60 CMakeFiles/pico_webserver.dir/pico-sdk/src/rp2_common/pico_double/double_aeabi.S.obj
                0x0000000010004ea4                __wrap___aeabi_drsub
                0x0000000010004eaa                __wrap___aeabi_dsub
                0x0000000010004eb4                __wrap___aeabi_dadd
                0x0000000010004ebe                __wrap___aeabi_ddiv
                0x0000000010004ef2                __wrap___aeabi_dmul
 .text.__wrap___aeabi_cdcmple
                0x0000000010004f04       0x6c CMakeFiles/pico_webserver.dir/pico-sdk/src/rp2_common/pico_double/double_aeabi.S.obj
                0x0000000010004f04                __wrap___aeabi_cdrcmple
                0x0000000010004f14                __wrap___aeabi_cdcmple
                0x0000000010004f14                __wrap___aeabi_cdcmpeq
 .text.__wrap___aeabi_dcmplt
                0x0000000010004f70        0xc CMakeFiles/pico_webserver.dir/pico-sdk/src/rp2_common/pico_double/double_aeabi.S.obj
                0x0000000010004f70                __wrap___aeabi_dcmplt
 .text.__wrap___aeabi_dcmple
                0x0000000010004f7c       0x10 CMakeFiles/pico_webserver.dir/pico-sdk/src/rp2_common/pico_double/double_aeabi.S.obj
                0x0000000010004f7c                __wrap___aeabi_dcmple
 .text.__wrap___aeabi_dcmpge
                0x0000000010004f8c       0x10 CMakeFiles/pico_webserver.dir/pico-sdk/src/rp2_common/pico_double/double_aeabi.S.obj
                0x0000000010004f8c                __wrap___aeabi_dcmpge
 .text.__wrap___aeabi_dcmpgt
                0x0000000010004f9c        0xa CMakeFiles/pico_webserver.dir/pico-sdk/src/rp2_common/pico_double/double_aeabi.S.obj
                0x0000000010004f9c                __wrap___aeabi_dcmpgt
 .text.__wrap___aeabi_dcmpun
                0x0000000010004fa6       0x1c CMakeFiles/pico_webserver.dir/pico-sdk/src/rp2_common/pico_double/double_aeabi.S.obj
                0x0000000010004fa6                __wrap___aeabi_dcmpun
 *fill*         0x0000000010004fc2        0x2 
 .text.__wrap___aeabi_i2d
                0x0000000010004fc4       0x38 CMakeFiles/pico_webserver.dir/pico-sdk/src/rp2_common/pico_double/double_aeabi.S.obj
                0x0000000010004fc4                __wrap___aeabi_ui2d
                0x0000000010004fcc                __wrap___aeabi_i2d
 .text.__wrap___aeabi_d2iz
                0x0000000010004ffc       0x48 CMakeFiles/pico_webserver.dir/pico-sdk/src/rp2_common/pico_double/double_aeabi.S.obj
                0x0000000010004ffc                __wrap___aeabi_d2iz
                0x0000000010004ffc                double2int_z
 .text.__wrap___aeabi_d2uiz
                0x0000000010005044       0x10 CMakeFiles/pico_webserver.dir/pico-sdk/src/rp2_common/pico_double/double_aeabi.S.obj
                0x0000000010005044                double2uint
                0x0000000010005044                __wrap___aeabi_d2uiz
 .text.missing_double_func_shim
                0x0000000010005054        0xc CMakeFiles/pico_webserver.dir/pico-sdk/src/rp2_common/pico_double/double_init_rom.c.obj
 .text.__aeabi_double_init
                0x0000000010005060       0x98 CMakeFiles/pico_webserver.dir/pico-sdk/src/rp2_common/pico_double/double_init_rom.c.obj
                0x0000000010005060                __aeabi_double_init
 .text.double_table_shim_on_use_helper
                0x00000000100050f8       0x2c CMakeFiles/pico_webserver.dir/pico-sdk/src/rp2_common/pico_double/double_v1_rom_shim.S.obj
                0x00000000100050f8                double_table_shim_on_use_helper
 .text.__aeabi_lmul
                0x0000000010005124       0x32 CMakeFiles/pico_webserver.dir/pico-sdk/src/rp2_common/pico_int64_ops/pico_int64_ops_aeabi.S.obj
                0x0000000010005124                __wrap___aeabi_lmul
 *fill*         0x0000000010005156        0x2 
 .text.missing_float_func_shim
                0x0000000010005158        0xc CMakeFiles/pico_webserver.dir/pico-sdk/src/rp2_common/pico_float/float_init_rom.c.obj
 .text.__aeabi_float_init
                0x0000000010005164       0x5c CMakeFiles/pico_webserver.dir/pico-sdk/src/rp2_common/pico_float/float_init_rom.c.obj
                0x0000000010005164                __aeabi_float_init
 .text.__wrap_malloc
                0x00000000100051c0       0x3c CMakeFiles/pico_webserver.dir/pico-sdk/src/rp2_common/pico_malloc/pico_malloc.c.obj
                0x00000000100051c0                __wrap_malloc
 .text.__wrap_calloc
                0x00000000100051fc       0x40 CMakeFiles/pico_webserver.dir/pico-sdk/src/rp2_common/pico_malloc/pico_malloc.c.obj
                0x00000000100051fc                __wrap_calloc
 .text.__wrap_free
                0x000000001000523c       0x20 CMakeFiles/pico_webserver.dir/pico-sdk/src/rp2_common/pico_malloc/pico_malloc.c.obj
                0x000000001000523c                __wrap_free
 .text          0x000000001000525c       0x10 CMakeFiles/pico_webserver.dir/pico-sdk/src/rp2_common/pico_mem_ops/mem_ops_aeabi.S.obj
                0x000000001000525c                __aeabi_mem_init
 .text.memset   0x000000001000526c        0xc CMakeFiles/pico_webserver.dir/pico-sdk/src/rp2_common/pico_mem_ops/mem_ops_aeabi.S.obj
                0x000000001000526c                __wrap_memset
 .text.memcpy   0x0000000010005278        0xc CMakeFiles/pico_webserver.dir/pico-sdk/src/rp2_common/pico_mem_ops/mem_ops_aeabi.S.obj
                0x0000000010005278                __wrap___aeabi_memcpy
                0x0000000010005278                __wrap_memcpy
 .text.stdio_out_chars_no_crlf
                0x0000000010005284       0x10 CMakeFiles/pico_webserver.dir/pico-sdk/src/rp2_common/pico_stdio/stdio.c.obj
 .text.stdio_out_chars_crlf
                0x0000000010005294       0xb4 CMakeFiles/pico_webserver.dir/pico-sdk/src/rp2_common/pico_stdio/stdio.c.obj
 .text.stdio_buffered_printer
                0x0000000010005348       0x64 CMakeFiles/pico_webserver.dir/pico-sdk/src/rp2_common/pico_stdio/stdio.c.obj
 .text.stdio_put_string.isra.0
                0x00000000100053ac       0xfc CMakeFiles/pico_webserver.dir/pico-sdk/src/rp2_common/pico_stdio/stdio.c.obj
 .text.__wrap_putchar
                0x00000000100054a8       0x98 CMakeFiles/pico_webserver.dir/pico-sdk/src/rp2_common/pico_stdio/stdio.c.obj
                0x00000000100054a8                __wrap_putchar
 .text.__wrap_puts
                0x0000000010005540       0x3c CMakeFiles/pico_webserver.dir/pico-sdk/src/rp2_common/pico_stdio/stdio.c.obj
                0x0000000010005540                __wrap_puts
 .text.__wrap_vprintf
                0x000000001000557c       0xd8 CMakeFiles/pico_webserver.dir/pico-sdk/src/rp2_common/pico_stdio/stdio.c.obj
                0x000000001000557c                __wrap_vprintf
 .text.__wrap_printf
                0x0000000010005654       0x18 CMakeFiles/pico_webserver.dir/pico-sdk/src/rp2_common/pico_stdio/stdio.c.obj
                0x0000000010005654                __wrap_printf
 .text.startup._retrieve_unique_id_on_boot
                0x000000001000566c       0x10 CMakeFiles/pico_webserver.dir/pico-sdk/src/rp2_common/pico_unique_id/unique_id.c.obj
 .text.pico_get_unique_board_id
                0x000000001000567c       0x10 CMakeFiles/pico_webserver.dir/pico-sdk/src/rp2_common/pico_unique_id/unique_id.c.obj
                0x000000001000567c                pico_get_unique_board_id
 .text.flash_get_unique_id
                0x000000001000568c       0x40 CMakeFiles/pico_webserver.dir/pico-sdk/src/rp2_common/hardware_flash/flash.c.obj
                0x000000001000568c                flash_get_unique_id
 .text.dcd_int_enable
                0x00000000100056cc        0xc CMakeFiles/pico_webserver.dir/pico-sdk/lib/tinyusb/src/portable/raspberrypi/rp2040/dcd_rp2040.c.obj
                0x00000000100056cc                dcd_int_enable
 .text.dcd_set_address
                0x00000000100056d8       0x14 CMakeFiles/pico_webserver.dir/pico-sdk/lib/tinyusb/src/portable/raspberrypi/rp2040/dcd_rp2040.c.obj
                0x00000000100056d8                dcd_set_address
 .text.dcd_connect
                0x00000000100056ec       0x10 CMakeFiles/pico_webserver.dir/pico-sdk/lib/tinyusb/src/portable/raspberrypi/rp2040/dcd_rp2040.c.obj
                0x00000000100056ec                dcd_connect
 .text.dcd_init
                0x00000000100056fc       0x98 CMakeFiles/pico_webserver.dir/pico-sdk/lib/tinyusb/src/portable/raspberrypi/rp2040/dcd_rp2040.c.obj
                0x00000000100056fc                dcd_init
 .text.dcd_edpt0_status_complete
                0x0000000010005794       0x1c CMakeFiles/pico_webserver.dir/pico-sdk/lib/tinyusb/src/portable/raspberrypi/rp2040/dcd_rp2040.c.obj
                0x0000000010005794                dcd_edpt0_status_complete
 .text.dcd_edpt_open
                0x00000000100057b0      0x108 CMakeFiles/pico_webserver.dir/pico-sdk/lib/tinyusb/src/portable/raspberrypi/rp2040/dcd_rp2040.c.obj
                0x00000000100057b0                dcd_edpt_open
 .text.dcd_edpt_close_all
                0x00000000100058b8        0x8 CMakeFiles/pico_webserver.dir/pico-sdk/lib/tinyusb/src/portable/raspberrypi/rp2040/dcd_rp2040.c.obj
                0x00000000100058b8                dcd_edpt_close_all
 .text.dcd_edpt_xfer
                0x00000000100058c0       0x24 CMakeFiles/pico_webserver.dir/pico-sdk/lib/tinyusb/src/portable/raspberrypi/rp2040/dcd_rp2040.c.obj
                0x00000000100058c0                dcd_edpt_xfer
 .text.dcd_edpt_stall
                0x00000000100058e4       0x38 CMakeFiles/pico_webserver.dir/pico-sdk/lib/tinyusb/src/portable/raspberrypi/rp2040/dcd_rp2040.c.obj
                0x00000000100058e4                dcd_edpt_stall
 .text.dcd_edpt_clear_stall
                0x000000001000591c       0x30 CMakeFiles/pico_webserver.dir/pico-sdk/lib/tinyusb/src/portable/raspberrypi/rp2040/dcd_rp2040.c.obj
                0x000000001000591c                dcd_edpt_clear_stall
 .text.rp2040_usb_init
                0x000000001000594c       0x4c CMakeFiles/pico_webserver.dir/pico-sdk/lib/tinyusb/src/portable/raspberrypi/rp2040/rp2040_usb.c.obj
                0x000000001000594c                rp2040_usb_init
 .text.hw_endpoint_xfer_start
                0x0000000010005998       0x50 CMakeFiles/pico_webserver.dir/pico-sdk/lib/tinyusb/src/portable/raspberrypi/rp2040/rp2040_usb.c.obj
                0x0000000010005998                hw_endpoint_xfer_start
 .text.tud_mounted
                0x00000000100059e8       0x10 CMakeFiles/pico_webserver.dir/pico-sdk/lib/tinyusb/src/device/usbd.c.obj
                0x00000000100059e8                tud_mounted
 .text.tud_suspended
                0x00000000100059f8       0x10 CMakeFiles/pico_webserver.dir/pico-sdk/lib/tinyusb/src/device/usbd.c.obj
                0x00000000100059f8                tud_suspended
 .text.tud_init
                0x0000000010005a08       0xe0 CMakeFiles/pico_webserver.dir/pico-sdk/lib/tinyusb/src/device/usbd.c.obj
                0x0000000010005a08                tud_init
 .text.tud_task_ext
                0x0000000010005ae8      0x7ec CMakeFiles/pico_webserver.dir/pico-sdk/lib/tinyusb/src/device/usbd.c.obj
                0x0000000010005ae8                tud_task_ext
 .text.usbd_open_edpt_pair
                0x00000000100062d4       0x9c CMakeFiles/pico_webserver.dir/pico-sdk/lib/tinyusb/src/device/usbd.c.obj
                0x00000000100062d4                usbd_open_edpt_pair
 .text.usbd_edpt_open
                0x0000000010006370       0x34 CMakeFiles/pico_webserver.dir/pico-sdk/lib/tinyusb/src/device/usbd.c.obj
                0x0000000010006370                usbd_edpt_open
 .text.usbd_edpt_xfer
                0x00000000100063a4       0x4c CMakeFiles/pico_webserver.dir/pico-sdk/lib/tinyusb/src/device/usbd.c.obj
                0x00000000100063a4                usbd_edpt_xfer
 .text.usbd_edpt_busy
                0x00000000100063f0       0x1c CMakeFiles/pico_webserver.dir/pico-sdk/lib/tinyusb/src/device/usbd.c.obj
                0x00000000100063f0                usbd_edpt_busy
 .text.tud_control_status
                0x000000001000640c       0x30 CMakeFiles/pico_webserver.dir/pico-sdk/lib/tinyusb/src/device/usbd_control.c.obj
                0x000000001000640c                tud_control_status
 .text.tud_control_xfer
                0x000000001000643c       0xbc CMakeFiles/pico_webserver.dir/pico-sdk/lib/tinyusb/src/device/usbd_control.c.obj
                0x000000001000643c                tud_control_xfer
 .text.usbd_control_reset
                0x00000000100064f8       0x14 CMakeFiles/pico_webserver.dir/pico-sdk/lib/tinyusb/src/device/usbd_control.c.obj
                0x00000000100064f8                usbd_control_reset
 .text.usbd_control_set_complete_callback
                0x000000001000650c        0xc CMakeFiles/pico_webserver.dir/pico-sdk/lib/tinyusb/src/device/usbd_control.c.obj
                0x000000001000650c                usbd_control_set_complete_callback
 .text.usbd_control_set_request
                0x0000000010006518       0x1c CMakeFiles/pico_webserver.dir/pico-sdk/lib/tinyusb/src/device/usbd_control.c.obj
                0x0000000010006518                usbd_control_set_request
 .text.usbd_control_xfer_cb
                0x0000000010006534       0xfc CMakeFiles/pico_webserver.dir/pico-sdk/lib/tinyusb/src/device/usbd_control.c.obj
                0x0000000010006534                usbd_control_xfer_cb
 .text.tud_network_recv_renew
                0x0000000010006630       0x20 CMakeFiles/pico_webserver.dir/pico-sdk/lib/tinyusb/src/class/net/ecm_rndis_device.c.obj
                0x0000000010006630                tud_network_recv_renew
 .text.netd_report
                0x0000000010006650       0x24 CMakeFiles/pico_webserver.dir/pico-sdk/lib/tinyusb/src/class/net/ecm_rndis_device.c.obj
                0x0000000010006650                netd_report
 .text.netd_init
                0x0000000010006674       0x14 CMakeFiles/pico_webserver.dir/pico-sdk/lib/tinyusb/src/class/net/ecm_rndis_device.c.obj
                0x0000000010006674                netd_init
 .text.netd_reset
                0x0000000010006688       0x14 CMakeFiles/pico_webserver.dir/pico-sdk/lib/tinyusb/src/class/net/ecm_rndis_device.c.obj
                0x0000000010006688                netd_reset
 .text.netd_open
                0x000000001000669c      0x11c CMakeFiles/pico_webserver.dir/pico-sdk/lib/tinyusb/src/class/net/ecm_rndis_device.c.obj
                0x000000001000669c                netd_open
 .text.netd_control_xfer_cb
                0x00000000100067b8      0x174 CMakeFiles/pico_webserver.dir/pico-sdk/lib/tinyusb/src/class/net/ecm_rndis_device.c.obj
                0x00000000100067b8                netd_control_xfer_cb
 .text.netd_xfer_cb
                0x000000001000692c       0xec CMakeFiles/pico_webserver.dir/pico-sdk/lib/tinyusb/src/class/net/ecm_rndis_device.c.obj
                0x000000001000692c                netd_xfer_cb
 .text.tud_network_can_xmit
                0x0000000010006a18        0xc CMakeFiles/pico_webserver.dir/pico-sdk/lib/tinyusb/src/class/net/ecm_rndis_device.c.obj
                0x0000000010006a18                tud_network_can_xmit
 .text.tud_network_xmit
                0x0000000010006a24       0x98 CMakeFiles/pico_webserver.dir/pico-sdk/lib/tinyusb/src/class/net/ecm_rndis_device.c.obj
                0x0000000010006a24                tud_network_xmit
 .text.tusb_init
                0x0000000010006abc        0xc CMakeFiles/pico_webserver.dir/pico-sdk/lib/tinyusb/src/tusb.c.obj
                0x0000000010006abc                tusb_init
 .text.tu_edpt_validate
                0x0000000010006ac8       0x78 CMakeFiles/pico_webserver.dir/pico-sdk/lib/tinyusb/src/tusb.c.obj
                0x0000000010006ac8                tu_edpt_validate
 .text.tu_edpt_bind_driver
                0x0000000010006b40       0x34 CMakeFiles/pico_webserver.dir/pico-sdk/lib/tinyusb/src/tusb.c.obj
                0x0000000010006b40                tu_edpt_bind_driver
 .text.tu_fifo_read
                0x0000000010006b74       0xa0 CMakeFiles/pico_webserver.dir/pico-sdk/lib/tinyusb/src/common/tusb_fifo.c.obj
                0x0000000010006b74                tu_fifo_read
 .text.tu_fifo_write
                0x0000000010006c14       0x88 CMakeFiles/pico_webserver.dir/pico-sdk/lib/tinyusb/src/common/tusb_fifo.c.obj
                0x0000000010006c14                tu_fifo_write
 .text.tu_fifo_clear
                0x0000000010006c9c       0x40 CMakeFiles/pico_webserver.dir/pico-sdk/lib/tinyusb/src/common/tusb_fifo.c.obj
                0x0000000010006c9c                tu_fifo_clear
 .text.cyw43_arch_set_async_context
                0x0000000010006cdc        0xc CMakeFiles/pico_webserver.dir/pico-sdk/src/rp2_common/pico_cyw43_arch/cyw43_arch.c.obj
                0x0000000010006cdc                cyw43_arch_set_async_context
 .text.cyw43_arch_enable_sta_mode
                0x0000000010006ce8       0x1c CMakeFiles/pico_webserver.dir/pico-sdk/src/rp2_common/pico_cyw43_arch/cyw43_arch.c.obj
                0x0000000010006ce8                cyw43_arch_enable_sta_mode
 .text.cyw43_arch_wifi_connect_async
                0x0000000010006d04       0x48 CMakeFiles/pico_webserver.dir/pico-sdk/src/rp2_common/pico_cyw43_arch/cyw43_arch.c.obj
                0x0000000010006d04                cyw43_arch_wifi_connect_async
 .text.cyw43_arch_init_with_country
                0x0000000010006d4c       0x10 CMakeFiles/pico_webserver.dir/pico-sdk/src/rp2_common/pico_cyw43_arch/cyw43_arch.c.obj
                0x0000000010006d4c                cyw43_arch_init_with_country
 .text.cyw43_arch_gpio_put
                0x0000000010006d5c       0x14 CMakeFiles/pico_webserver.dir/pico-sdk/src/rp2_common/pico_cyw43_arch/cyw43_arch.c.obj
                0x0000000010006d5c                cyw43_arch_gpio_put
 .text.cyw43_arch_async_context
                0x0000000010006d70        0xc CMakeFiles/pico_webserver.dir/pico-sdk/src/rp2_common/pico_cyw43_arch/cyw43_arch.c.obj
                0x0000000010006d70                cyw43_arch_async_context
 .text.cyw43_arch_init
                0x0000000010006d7c       0x6c CMakeFiles/pico_webserver.dir/pico-sdk/src/rp2_common/pico_cyw43_arch/cyw43_arch_threadsafe_background.c.obj
                0x0000000010006d7c                cyw43_arch_init
 .text.ns_delay.constprop.0
                0x0000000010006de8       0x20 CMakeFiles/pico_webserver.dir/pico-sdk/src/rp2_common/pico_cyw43_driver/cyw43_bus_pio_spi.c.obj
 .text.cyw43_spi_deinit
                0x0000000010006e08       0x7c CMakeFiles/pico_webserver.dir/pico-sdk/src/rp2_common/pico_cyw43_driver/cyw43_bus_pio_spi.c.obj
                0x0000000010006e08                cyw43_spi_deinit
 .text.cyw43_spi_init
                0x0000000010006e84      0x154 CMakeFiles/pico_webserver.dir/pico-sdk/src/rp2_common/pico_cyw43_driver/cyw43_bus_pio_spi.c.obj
                0x0000000010006e84                cyw43_spi_init
 .text.cyw43_spi_transfer
                0x0000000010006fd8      0x430 CMakeFiles/pico_webserver.dir/pico-sdk/src/rp2_common/pico_cyw43_driver/cyw43_bus_pio_spi.c.obj
                0x0000000010006fd8                cyw43_spi_transfer
 .text.cyw43_spi_gpio_setup
                0x0000000010007408       0x3c CMakeFiles/pico_webserver.dir/pico-sdk/src/rp2_common/pico_cyw43_driver/cyw43_bus_pio_spi.c.obj
                0x0000000010007408                cyw43_spi_gpio_setup
 .text.cyw43_spi_reset
                0x0000000010007444       0x28 CMakeFiles/pico_webserver.dir/pico-sdk/src/rp2_common/pico_cyw43_driver/cyw43_bus_pio_spi.c.obj
                0x0000000010007444                cyw43_spi_reset
 .text.read_reg_u32_swap
                0x000000001000746c       0x3c CMakeFiles/pico_webserver.dir/pico-sdk/src/rp2_common/pico_cyw43_driver/cyw43_bus_pio_spi.c.obj
                0x000000001000746c                read_reg_u32_swap
 .text.cyw43_read_reg_u32
                0x00000000100074a8       0x6c CMakeFiles/pico_webserver.dir/pico-sdk/src/rp2_common/pico_cyw43_driver/cyw43_bus_pio_spi.c.obj
                0x00000000100074a8                cyw43_read_reg_u32
 .text.cyw43_read_reg_u16
                0x0000000010007514       0x6c CMakeFiles/pico_webserver.dir/pico-sdk/src/rp2_common/pico_cyw43_driver/cyw43_bus_pio_spi.c.obj
                0x0000000010007514                cyw43_read_reg_u16
 .text.cyw43_read_reg_u8
                0x0000000010007580       0x6c CMakeFiles/pico_webserver.dir/pico-sdk/src/rp2_common/pico_cyw43_driver/cyw43_bus_pio_spi.c.obj
                0x0000000010007580                cyw43_read_reg_u8
 .text.write_reg_u32_swap
                0x00000000100075ec      0x1e0 CMakeFiles/pico_webserver.dir/pico-sdk/src/rp2_common/pico_cyw43_driver/cyw43_bus_pio_spi.c.obj
                0x00000000100075ec                write_reg_u32_swap
 .text.cyw43_write_reg_u32
                0x00000000100077cc      0x200 CMakeFiles/pico_webserver.dir/pico-sdk/src/rp2_common/pico_cyw43_driver/cyw43_bus_pio_spi.c.obj
                0x00000000100077cc                cyw43_write_reg_u32
 .text.cyw43_write_reg_u16
                0x00000000100079cc      0x200 CMakeFiles/pico_webserver.dir/pico-sdk/src/rp2_common/pico_cyw43_driver/cyw43_bus_pio_spi.c.obj
                0x00000000100079cc                cyw43_write_reg_u16
 .text.cyw43_write_reg_u8
                0x0000000010007bcc      0x200 CMakeFiles/pico_webserver.dir/pico-sdk/src/rp2_common/pico_cyw43_driver/cyw43_bus_pio_spi.c.obj
                0x0000000010007bcc                cyw43_write_reg_u8
 .text.cyw43_read_bytes
                0x0000000010007dcc       0x78 CMakeFiles/pico_webserver.dir/pico-sdk/src/rp2_common/pico_cyw43_driver/cyw43_bus_pio_spi.c.obj
                0x0000000010007dcc                cyw43_read_bytes
 .text.cyw43_write_bytes
                0x0000000010007e44       0xec CMakeFiles/pico_webserver.dir/pico-sdk/src/rp2_common/pico_cyw43_driver/cyw43_bus_pio_spi.c.obj
                0x0000000010007e44                cyw43_write_bytes
 .text.cyw43_set_backplane_window
                0x0000000010007f30       0x64 CMakeFiles/pico_webserver.dir/pico-sdk/lib/cyw43-driver/src/cyw43_ll.c.obj
 .text.cyw43_ll_parse_async_event
                0x0000000010007f94      0x13c CMakeFiles/pico_webserver.dir/pico-sdk/lib/cyw43-driver/src/cyw43_ll.c.obj
 .text.cyw43_kso_set
                0x00000000100080d0       0xa0 CMakeFiles/pico_webserver.dir/pico-sdk/lib/cyw43-driver/src/cyw43_ll.c.obj
 .text.cyw43_ll_sdpcm_poll_device
                0x0000000010008170      0x238 CMakeFiles/pico_webserver.dir/pico-sdk/lib/cyw43-driver/src/cyw43_ll.c.obj
 .text.cyw43_sdpcm_send_common
                0x00000000100083a8       0xf0 CMakeFiles/pico_webserver.dir/pico-sdk/lib/cyw43-driver/src/cyw43_ll.c.obj
 .text.cyw43_do_ioctl.part.0
                0x0000000010008498       0xc4 CMakeFiles/pico_webserver.dir/pico-sdk/lib/cyw43-driver/src/cyw43_ll.c.obj
 .text.cyw43_write_iovar_u32
                0x000000001000855c       0xa4 CMakeFiles/pico_webserver.dir/pico-sdk/lib/cyw43-driver/src/cyw43_ll.c.obj
 .text.cyw43_write_iovar_u32_u32.constprop.0
                0x0000000010008600       0xb0 CMakeFiles/pico_webserver.dir/pico-sdk/lib/cyw43-driver/src/cyw43_ll.c.obj
 .text.cyw43_read_backplane.constprop.0
                0x00000000100086b0       0xdc CMakeFiles/pico_webserver.dir/pico-sdk/lib/cyw43-driver/src/cyw43_ll.c.obj
 .text.cyw43_write_backplane
                0x000000001000878c      0x104 CMakeFiles/pico_webserver.dir/pico-sdk/lib/cyw43-driver/src/cyw43_ll.c.obj
 .text.reset_device_core.constprop.0
                0x0000000010008890      0x3f0 CMakeFiles/pico_webserver.dir/pico-sdk/lib/cyw43-driver/src/cyw43_ll.c.obj
 .text.cyw43_ll_init
                0x0000000010008c80       0x1c CMakeFiles/pico_webserver.dir/pico-sdk/lib/cyw43-driver/src/cyw43_ll.c.obj
                0x0000000010008c80                cyw43_ll_init
 .text.cyw43_ll_deinit
                0x0000000010008c9c        0x8 CMakeFiles/pico_webserver.dir/pico-sdk/lib/cyw43-driver/src/cyw43_ll.c.obj
                0x0000000010008c9c                cyw43_ll_deinit
 .text.cyw43_ll_send_ethernet
                0x0000000010008ca4       0x60 CMakeFiles/pico_webserver.dir/pico-sdk/lib/cyw43-driver/src/cyw43_ll.c.obj
                0x0000000010008ca4                cyw43_ll_send_ethernet
 .text.cyw43_ll_process_packets
                0x0000000010008d04       0x54 CMakeFiles/pico_webserver.dir/pico-sdk/lib/cyw43-driver/src/cyw43_ll.c.obj
                0x0000000010008d04                cyw43_ll_process_packets
 .text.cyw43_ll_ioctl
                0x0000000010008d58       0x80 CMakeFiles/pico_webserver.dir/pico-sdk/lib/cyw43-driver/src/cyw43_ll.c.obj
                0x0000000010008d58                cyw43_ll_ioctl
 .text.cyw43_ll_bus_sleep
                0x0000000010008dd8       0x34 CMakeFiles/pico_webserver.dir/pico-sdk/lib/cyw43-driver/src/cyw43_ll.c.obj
                0x0000000010008dd8                cyw43_ll_bus_sleep
 .text.cyw43_ll_wifi_on
                0x0000000010008e0c      0x220 CMakeFiles/pico_webserver.dir/pico-sdk/lib/cyw43-driver/src/cyw43_ll.c.obj
                0x0000000010008e0c                cyw43_ll_wifi_on
 .text.cyw43_ll_wifi_get_mac
                0x000000001000902c       0x74 CMakeFiles/pico_webserver.dir/pico-sdk/lib/cyw43-driver/src/cyw43_ll.c.obj
                0x000000001000902c                cyw43_ll_wifi_get_mac
 .text.cyw43_ll_bus_init
                0x00000000100090a0      0xa24 CMakeFiles/pico_webserver.dir/pico-sdk/lib/cyw43-driver/src/cyw43_ll.c.obj
                0x00000000100090a0                cyw43_ll_bus_init
 .text.cyw43_ll_wifi_pm
                0x0000000010009ac4      0x138 CMakeFiles/pico_webserver.dir/pico-sdk/lib/cyw43-driver/src/cyw43_ll.c.obj
                0x0000000010009ac4                cyw43_ll_wifi_pm
 .text.cyw43_ll_wifi_scan
                0x0000000010009bfc       0xa0 CMakeFiles/pico_webserver.dir/pico-sdk/lib/cyw43-driver/src/cyw43_ll.c.obj
                0x0000000010009bfc                cyw43_ll_wifi_scan
 .text.cyw43_ll_wifi_join
                0x0000000010009c9c      0x3ec CMakeFiles/pico_webserver.dir/pico-sdk/lib/cyw43-driver/src/cyw43_ll.c.obj
                0x0000000010009c9c                cyw43_ll_wifi_join
 .text.cyw43_ll_wifi_set_wpa_auth
                0x000000001000a088       0x4c CMakeFiles/pico_webserver.dir/pico-sdk/lib/cyw43-driver/src/cyw43_ll.c.obj
                0x000000001000a088                cyw43_ll_wifi_set_wpa_auth
 .text.cyw43_ll_wifi_rejoin
                0x000000001000a0d4       0x58 CMakeFiles/pico_webserver.dir/pico-sdk/lib/cyw43-driver/src/cyw43_ll.c.obj
                0x000000001000a0d4                cyw43_ll_wifi_rejoin
 .text.cyw43_ll_wifi_ap_init
                0x000000001000a12c      0x2e8 CMakeFiles/pico_webserver.dir/pico-sdk/lib/cyw43-driver/src/cyw43_ll.c.obj
                0x000000001000a12c                cyw43_ll_wifi_ap_init
 .text.cyw43_ll_wifi_ap_set_up
                0x000000001000a414       0x80 CMakeFiles/pico_webserver.dir/pico-sdk/lib/cyw43-driver/src/cyw43_ll.c.obj
                0x000000001000a414                cyw43_ll_wifi_ap_set_up
 .text.cyw43_ll_gpio_set
                0x000000001000a494       0x9c CMakeFiles/pico_webserver.dir/pico-sdk/lib/cyw43-driver/src/cyw43_ll.c.obj
                0x000000001000a494                cyw43_ll_gpio_set
 .text.cyw43_ll_has_work
                0x000000001000a530       0x14 CMakeFiles/pico_webserver.dir/pico-sdk/lib/cyw43-driver/src/cyw43_ll.c.obj
                0x000000001000a530                cyw43_ll_has_work
 .text.cyw43_poll_func
                0x000000001000a544       0xc0 CMakeFiles/pico_webserver.dir/pico-sdk/lib/cyw43-driver/src/cyw43_ctrl.c.obj
 .text.cyw43_init
                0x000000001000a604       0x6c CMakeFiles/pico_webserver.dir/pico-sdk/lib/cyw43-driver/src/cyw43_ctrl.c.obj
                0x000000001000a604                cyw43_init
 .text.cyw43_deinit
                0x000000001000a670       0x90 CMakeFiles/pico_webserver.dir/pico-sdk/lib/cyw43-driver/src/cyw43_ctrl.c.obj
                0x000000001000a670                cyw43_deinit
 .text.cyw43_cb_read_host_interrupt_pin
                0x000000001000a700        0xc CMakeFiles/pico_webserver.dir/pico-sdk/lib/cyw43-driver/src/cyw43_ctrl.c.obj
                0x000000001000a700                cyw43_cb_read_host_interrupt_pin
 .text.cyw43_cb_ensure_awake
                0x000000001000a70c        0xc CMakeFiles/pico_webserver.dir/pico-sdk/lib/cyw43-driver/src/cyw43_ctrl.c.obj
                0x000000001000a70c                cyw43_cb_ensure_awake
 .text.cyw43_cb_process_async_event
                0x000000001000a718      0x228 CMakeFiles/pico_webserver.dir/pico-sdk/lib/cyw43-driver/src/cyw43_ctrl.c.obj
                0x000000001000a718                cyw43_cb_process_async_event
 .text.cyw43_send_ethernet
                0x000000001000a940       0xc0 CMakeFiles/pico_webserver.dir/pico-sdk/lib/cyw43-driver/src/cyw43_ctrl.c.obj
                0x000000001000a940                cyw43_send_ethernet
 .text.cyw43_wifi_pm
                0x000000001000aa00       0xb4 CMakeFiles/pico_webserver.dir/pico-sdk/lib/cyw43-driver/src/cyw43_ctrl.c.obj
                0x000000001000aa00                cyw43_wifi_pm
 .text.cyw43_wifi_set_up
                0x000000001000aab4      0x308 CMakeFiles/pico_webserver.dir/pico-sdk/lib/cyw43-driver/src/cyw43_ctrl.c.obj
                0x000000001000aab4                cyw43_wifi_set_up
 .text.cyw43_wifi_scan
                0x000000001000adbc       0xd4 CMakeFiles/pico_webserver.dir/pico-sdk/lib/cyw43-driver/src/cyw43_ctrl.c.obj
                0x000000001000adbc                cyw43_wifi_scan
 .text.cyw43_wifi_join
                0x000000001000ae90       0xf4 CMakeFiles/pico_webserver.dir/pico-sdk/lib/cyw43-driver/src/cyw43_ctrl.c.obj
                0x000000001000ae90                cyw43_wifi_join
 .text.cyw43_gpio_set
                0x000000001000af84       0xa0 CMakeFiles/pico_webserver.dir/pico-sdk/lib/cyw43-driver/src/cyw43_ctrl.c.obj
                0x000000001000af84                cyw43_gpio_set
 .text.pio_sm_unclaim
                0x000000001000b024       0x20 CMakeFiles/pico_webserver.dir/pico-sdk/src/rp2_common/hardware_pio/pio.c.obj
                0x000000001000b024                pio_sm_unclaim
 .text.pio_claim_unused_sm
                0x000000001000b044       0x3c CMakeFiles/pico_webserver.dir/pico-sdk/src/rp2_common/hardware_pio/pio.c.obj
                0x000000001000b044                pio_claim_unused_sm
 .text.pio_can_add_program
                0x000000001000b080       0x68 CMakeFiles/pico_webserver.dir/pico-sdk/src/rp2_common/hardware_pio/pio.c.obj
                0x000000001000b080                pio_can_add_program
 .text.pio_add_program
                0x000000001000b0e8       0xc8 CMakeFiles/pico_webserver.dir/pico-sdk/src/rp2_common/hardware_pio/pio.c.obj
                0x000000001000b0e8                pio_add_program
 .text.pio_remove_program
                0x000000001000b1b0       0x34 CMakeFiles/pico_webserver.dir/pico-sdk/src/rp2_common/hardware_pio/pio.c.obj
                0x000000001000b1b0                pio_remove_program
 .text.pio_sm_set_pindirs_with_mask
                0x000000001000b1e4       0xa4 CMakeFiles/pico_webserver.dir/pico-sdk/src/rp2_common/hardware_pio/pio.c.obj
                0x000000001000b1e4                pio_sm_set_pindirs_with_mask
 .text.pio_sm_set_consecutive_pindirs
                0x000000001000b288       0xb0 CMakeFiles/pico_webserver.dir/pico-sdk/src/rp2_common/hardware_pio/pio.c.obj
                0x000000001000b288                pio_sm_set_consecutive_pindirs
 .text.dma_channel_unclaim
                0x000000001000b338       0x10 CMakeFiles/pico_webserver.dir/pico-sdk/src/rp2_common/hardware_dma/dma.c.obj
                0x000000001000b338                dma_channel_unclaim
 .text.dma_claim_unused_channel
                0x000000001000b348       0x20 CMakeFiles/pico_webserver.dir/pico-sdk/src/rp2_common/hardware_dma/dma.c.obj
                0x000000001000b348                dma_claim_unused_channel
 .text.dma_channel_cleanup
                0x000000001000b368       0x60 CMakeFiles/pico_webserver.dir/pico-sdk/src/rp2_common/hardware_dma/dma.c.obj
                0x000000001000b368                dma_channel_cleanup
 .text.cyw43_sleep_timeout_reached
                0x000000001000b3c8       0x10 CMakeFiles/pico_webserver.dir/pico-sdk/src/rp2_common/pico_cyw43_driver/cyw43_driver.c.obj
 .text.cyw43_irq_init
                0x000000001000b3d8       0x28 CMakeFiles/pico_webserver.dir/pico-sdk/src/rp2_common/pico_cyw43_driver/cyw43_driver.c.obj
                0x000000001000b3d8                cyw43_irq_init
 .text.cyw43_irq_deinit
                0x000000001000b400       0x20 CMakeFiles/pico_webserver.dir/pico-sdk/src/rp2_common/pico_cyw43_driver/cyw43_driver.c.obj
                0x000000001000b400                cyw43_irq_deinit
 .text.cyw43_gpio_irq_handler
                0x000000001000b420       0x44 CMakeFiles/pico_webserver.dir/pico-sdk/src/rp2_common/pico_cyw43_driver/cyw43_driver.c.obj
 .text.cyw43_do_poll
                0x000000001000b464       0x6c CMakeFiles/pico_webserver.dir/pico-sdk/src/rp2_common/pico_cyw43_driver/cyw43_driver.c.obj
 .text.cyw43_post_poll_hook
                0x000000001000b4d0       0x10 CMakeFiles/pico_webserver.dir/pico-sdk/src/rp2_common/pico_cyw43_driver/cyw43_driver.c.obj
                0x000000001000b4d0                cyw43_post_poll_hook
 .text.cyw43_schedule_internal_poll_dispatch
                0x000000001000b4e0       0x18 CMakeFiles/pico_webserver.dir/pico-sdk/src/rp2_common/pico_cyw43_driver/cyw43_driver.c.obj
                0x000000001000b4e0                cyw43_schedule_internal_poll_dispatch
 .text.cyw43_driver_init
                0x000000001000b4f8       0x38 CMakeFiles/pico_webserver.dir/pico-sdk/src/rp2_common/pico_cyw43_driver/cyw43_driver.c.obj
                0x000000001000b4f8                cyw43_driver_init
 .text.cyw43_driver_deinit
                0x000000001000b530       0x44 CMakeFiles/pico_webserver.dir/pico-sdk/src/rp2_common/pico_cyw43_driver/cyw43_driver.c.obj
                0x000000001000b530                cyw43_driver_deinit
 .text.cyw43_hal_generate_laa_mac
                0x000000001000b574       0x28 CMakeFiles/pico_webserver.dir/pico-sdk/src/rp2_common/pico_cyw43_driver/cyw43_driver.c.obj
                0x000000001000b574                cyw43_hal_generate_laa_mac
 .text.cyw43_hal_get_mac
                0x000000001000b59c       0x1c CMakeFiles/pico_webserver.dir/pico-sdk/src/rp2_common/pico_cyw43_driver/cyw43_driver.c.obj
                0x000000001000b59c                cyw43_hal_get_mac
 .text.cyw43_thread_enter
                0x000000001000b5b8       0x14 CMakeFiles/pico_webserver.dir/pico-sdk/src/rp2_common/pico_cyw43_driver/cyw43_driver.c.obj
                0x000000001000b5b8                cyw43_thread_enter
 .text.cyw43_thread_exit
                0x000000001000b5cc       0x14 CMakeFiles/pico_webserver.dir/pico-sdk/src/rp2_common/pico_cyw43_driver/cyw43_driver.c.obj
                0x000000001000b5cc                cyw43_thread_exit
 .text.cyw43_await_background_or_timeout_us
                0x000000001000b5e0       0x34 CMakeFiles/pico_webserver.dir/pico-sdk/src/rp2_common/pico_cyw43_driver/cyw43_driver.c.obj
                0x000000001000b5e0                cyw43_await_background_or_timeout_us
 .text.cyw43_delay_ms
                0x000000001000b614       0x44 CMakeFiles/pico_webserver.dir/pico-sdk/src/rp2_common/pico_cyw43_driver/cyw43_driver.c.obj
                0x000000001000b614                cyw43_delay_ms
 .text.cyw43_delay_us
                0x000000001000b658       0x34 CMakeFiles/pico_webserver.dir/pico-sdk/src/rp2_common/pico_cyw43_driver/cyw43_driver.c.obj
                0x000000001000b658                cyw43_delay_us
 .text.cyw43_cb_tcpip_init
                0x000000001000b68c        0x4 CMakeFiles/pico_webserver.dir/pico-sdk/src/rp2_common/pico_cyw43_driver/cyw43_driver.c.obj
                0x000000001000b68c                cyw43_cb_tcpip_init
 .text.cyw43_cb_tcpip_deinit
                0x000000001000b690        0x4 CMakeFiles/pico_webserver.dir/pico-sdk/src/rp2_common/pico_cyw43_driver/cyw43_driver.c.obj
                0x000000001000b690                cyw43_cb_tcpip_deinit
 .text.handle_sync_func_call
                0x000000001000b694       0x24 CMakeFiles/pico_webserver.dir/pico-sdk/src/rp2_common/pico_async_context/async_context_threadsafe_background.c.obj
 .text.async_context_threadsafe_background_acquire_lock_blocking
                0x000000001000b6b8        0xc CMakeFiles/pico_webserver.dir/pico-sdk/src/rp2_common/pico_async_context/async_context_threadsafe_background.c.obj
 .text.process_under_lock
                0x000000001000b6c4       0xc8 CMakeFiles/pico_webserver.dir/pico-sdk/src/rp2_common/pico_async_context/async_context_threadsafe_background.c.obj
 .text.async_context_threadsafe_background_deinit
                0x000000001000b78c       0x64 CMakeFiles/pico_webserver.dir/pico-sdk/src/rp2_common/pico_async_context/async_context_threadsafe_background.c.obj
 .text.low_priority_irq_handler
                0x000000001000b7f0       0x3c CMakeFiles/pico_webserver.dir/pico-sdk/src/rp2_common/pico_async_context/async_context_threadsafe_background.c.obj
 .text.async_context_threadsafe_background_wait_for_work_until
                0x000000001000b82c        0xc CMakeFiles/pico_webserver.dir/pico-sdk/src/rp2_common/pico_async_context/async_context_threadsafe_background.c.obj
 .text.async_context_threadsafe_background_wait_until
                0x000000001000b838       0x1c CMakeFiles/pico_webserver.dir/pico-sdk/src/rp2_common/pico_async_context/async_context_threadsafe_background.c.obj
 .text.async_context_threadsafe_background_lock_check
                0x000000001000b854       0x28 CMakeFiles/pico_webserver.dir/pico-sdk/src/rp2_common/pico_async_context/async_context_threadsafe_background.c.obj
 .text.async_context_threadsafe_background_execute_sync
                0x000000001000b87c       0xe4 CMakeFiles/pico_webserver.dir/pico-sdk/src/rp2_common/pico_async_context/async_context_threadsafe_background.c.obj
                0x000000001000b87c                async_context_threadsafe_background_execute_sync
 .text.async_context_threadsafe_background_set_work_pending
                0x000000001000b960       0x50 CMakeFiles/pico_webserver.dir/pico-sdk/src/rp2_common/pico_async_context/async_context_threadsafe_background.c.obj
 .text.alarm_handler
                0x000000001000b9b0       0x58 CMakeFiles/pico_webserver.dir/pico-sdk/src/rp2_common/pico_async_context/async_context_threadsafe_background.c.obj
 .text.async_context_threadsafe_background_release_lock
                0x000000001000ba08       0x7c CMakeFiles/pico_webserver.dir/pico-sdk/src/rp2_common/pico_async_context/async_context_threadsafe_background.c.obj
 .text.async_context_threadsafe_background_when_pending_worker
                0x000000001000ba84       0x90 CMakeFiles/pico_webserver.dir/pico-sdk/src/rp2_common/pico_async_context/async_context_threadsafe_background.c.obj
 .text.async_context_threadsafe_background_remove_at_time_worker
                0x000000001000bb14       0x90 CMakeFiles/pico_webserver.dir/pico-sdk/src/rp2_common/pico_async_context/async_context_threadsafe_background.c.obj
 .text.async_context_threadsafe_background_add_when_pending_worker
                0x000000001000bba4       0x90 CMakeFiles/pico_webserver.dir/pico-sdk/src/rp2_common/pico_async_context/async_context_threadsafe_background.c.obj
 .text.async_context_threadsafe_background_add_at_time_worker
                0x000000001000bc34       0x90 CMakeFiles/pico_webserver.dir/pico-sdk/src/rp2_common/pico_async_context/async_context_threadsafe_background.c.obj
 .text.async_context_threadsafe_background_default_config
                0x000000001000bcc4        0xc CMakeFiles/pico_webserver.dir/pico-sdk/src/rp2_common/pico_async_context/async_context_threadsafe_background.c.obj
                0x000000001000bcc4                async_context_threadsafe_background_default_config
 .text.async_context_threadsafe_background_init
                0x000000001000bcd0       0xa4 CMakeFiles/pico_webserver.dir/pico-sdk/src/rp2_common/pico_async_context/async_context_threadsafe_background.c.obj
                0x000000001000bcd0                async_context_threadsafe_background_init
 .text.async_context_base_add_at_time_worker
                0x000000001000bd74       0x28 CMakeFiles/pico_webserver.dir/pico-sdk/src/rp2_common/pico_async_context/async_context_base.c.obj
                0x000000001000bd74                async_context_base_add_at_time_worker
 .text.async_context_base_remove_at_time_worker
                0x000000001000bd9c       0x28 CMakeFiles/pico_webserver.dir/pico-sdk/src/rp2_common/pico_async_context/async_context_base.c.obj
                0x000000001000bd9c                async_context_base_remove_at_time_worker
 .text.async_context_base_add_when_pending_worker
                0x000000001000bdc4       0x24 CMakeFiles/pico_webserver.dir/pico-sdk/src/rp2_common/pico_async_context/async_context_base.c.obj
                0x000000001000bdc4                async_context_base_add_when_pending_worker
 .text.async_context_base_remove_when_pending_worker
                0x000000001000bde8       0x28 CMakeFiles/pico_webserver.dir/pico-sdk/src/rp2_common/pico_async_context/async_context_base.c.obj
                0x000000001000bde8                async_context_base_remove_when_pending_worker
 .text.async_context_base_execute_once
                0x000000001000be10       0xe8 CMakeFiles/pico_webserver.dir/pico-sdk/src/rp2_common/pico_async_context/async_context_base.c.obj
                0x000000001000be10                async_context_base_execute_once
 .text.async_context_base_needs_servicing
                0x000000001000bef8       0x54 CMakeFiles/pico_webserver.dir/pico-sdk/src/rp2_common/pico_async_context/async_context_base.c.obj
                0x000000001000bef8                async_context_base_needs_servicing
 .text.lwip_init
                0x000000001000bf4c       0x20 CMakeFiles/pico_webserver.dir/pico-sdk/lib/lwip/src/core/init.c.obj
                0x000000001000bf4c                lwip_init
 .text.lwip_htons
                0x000000001000bf6c        0x8 CMakeFiles/pico_webserver.dir/pico-sdk/lib/lwip/src/core/def.c.obj
                0x000000001000bf6c                lwip_htons
 .text.lwip_htonl
                0x000000001000bf74        0x4 CMakeFiles/pico_webserver.dir/pico-sdk/lib/lwip/src/core/def.c.obj
                0x000000001000bf74                lwip_htonl
 .text.lwip_strnstr
                0x000000001000bf78       0x5c CMakeFiles/pico_webserver.dir/pico-sdk/lib/lwip/src/core/def.c.obj
                0x000000001000bf78                lwip_strnstr
 .text.lwip_stricmp
                0x000000001000bfd4       0x34 CMakeFiles/pico_webserver.dir/pico-sdk/lib/lwip/src/core/def.c.obj
                0x000000001000bfd4                lwip_stricmp
 .text.lwip_standard_chksum
                0x000000001000c008       0x80 CMakeFiles/pico_webserver.dir/pico-sdk/lib/lwip/src/core/inet_chksum.c.obj
                0x000000001000c008                lwip_standard_chksum
 .text.inet_chksum_pseudo
                0x000000001000c088       0xb4 CMakeFiles/pico_webserver.dir/pico-sdk/lib/lwip/src/core/inet_chksum.c.obj
                0x000000001000c088                inet_chksum_pseudo
 .text.ip_chksum_pseudo
                0x000000001000c13c       0x10 CMakeFiles/pico_webserver.dir/pico-sdk/lib/lwip/src/core/inet_chksum.c.obj
                0x000000001000c13c                ip_chksum_pseudo
 .text.inet_chksum
                0x000000001000c14c       0x8c CMakeFiles/pico_webserver.dir/pico-sdk/lib/lwip/src/core/inet_chksum.c.obj
                0x000000001000c14c                inet_chksum
 .text.inet_chksum_pbuf
                0x000000001000c1d8       0x6c CMakeFiles/pico_webserver.dir/pico-sdk/lib/lwip/src/core/inet_chksum.c.obj
                0x000000001000c1d8                inet_chksum_pbuf
 .text.mem_init
                0x000000001000c244       0x48 CMakeFiles/pico_webserver.dir/pico-sdk/lib/lwip/src/core/mem.c.obj
                0x000000001000c244                mem_init
 .text.mem_free
                0x000000001000c28c      0x128 CMakeFiles/pico_webserver.dir/pico-sdk/lib/lwip/src/core/mem.c.obj
                0x000000001000c28c                mem_free
 .text.mem_trim
                0x000000001000c3b4      0x144 CMakeFiles/pico_webserver.dir/pico-sdk/lib/lwip/src/core/mem.c.obj
                0x000000001000c3b4                mem_trim
 .text.mem_malloc
                0x000000001000c4f8      0x130 CMakeFiles/pico_webserver.dir/pico-sdk/lib/lwip/src/core/mem.c.obj
                0x000000001000c4f8                mem_malloc
 .text.memp_init
                0x000000001000c628       0x94 CMakeFiles/pico_webserver.dir/pico-sdk/lib/lwip/src/core/memp.c.obj
                0x000000001000c628                memp_init
 .text.memp_malloc
                0x000000001000c6bc       0x4c CMakeFiles/pico_webserver.dir/pico-sdk/lib/lwip/src/core/memp.c.obj
                0x000000001000c6bc                memp_malloc
 .text.memp_free
                0x000000001000c708       0x30 CMakeFiles/pico_webserver.dir/pico-sdk/lib/lwip/src/core/memp.c.obj
                0x000000001000c708                memp_free
 .text.netif_null_output_ip4
                0x000000001000c738        0x8 CMakeFiles/pico_webserver.dir/pico-sdk/lib/lwip/src/core/netif.c.obj
 .text.netif_init
                0x000000001000c740        0x4 CMakeFiles/pico_webserver.dir/pico-sdk/lib/lwip/src/core/netif.c.obj
                0x000000001000c740                netif_init
 .text.netif_set_addr
                0x000000001000c744       0xc4 CMakeFiles/pico_webserver.dir/pico-sdk/lib/lwip/src/core/netif.c.obj
                0x000000001000c744                netif_set_addr
 .text.netif_add
                0x000000001000c808       0xf8 CMakeFiles/pico_webserver.dir/pico-sdk/lib/lwip/src/core/netif.c.obj
                0x000000001000c808                netif_add
 .text.netif_set_default
                0x000000001000c900        0xc CMakeFiles/pico_webserver.dir/pico-sdk/lib/lwip/src/core/netif.c.obj
                0x000000001000c900                netif_set_default
 .text.netif_get_by_index
                0x000000001000c90c       0x2c CMakeFiles/pico_webserver.dir/pico-sdk/lib/lwip/src/core/netif.c.obj
                0x000000001000c90c                netif_get_by_index
 .text.pbuf_free.part.0
                0x000000001000c938       0x80 CMakeFiles/pico_webserver.dir/pico-sdk/lib/lwip/src/core/pbuf.c.obj
 .text.pbuf_free_ooseq
                0x000000001000c9b8       0x34 CMakeFiles/pico_webserver.dir/pico-sdk/lib/lwip/src/core/pbuf.c.obj
                0x000000001000c9b8                pbuf_free_ooseq
 .text.pbuf_alloc
                0x000000001000c9ec      0x12c CMakeFiles/pico_webserver.dir/pico-sdk/lib/lwip/src/core/pbuf.c.obj
                0x000000001000c9ec                pbuf_alloc
 .text.pbuf_alloced_custom
                0x000000001000cb18       0x38 CMakeFiles/pico_webserver.dir/pico-sdk/lib/lwip/src/core/pbuf.c.obj
                0x000000001000cb18                pbuf_alloced_custom
 .text.pbuf_realloc
                0x000000001000cb50       0x70 CMakeFiles/pico_webserver.dir/pico-sdk/lib/lwip/src/core/pbuf.c.obj
                0x000000001000cb50                pbuf_realloc
 .text.pbuf_add_header
                0x000000001000cbc0       0x4c CMakeFiles/pico_webserver.dir/pico-sdk/lib/lwip/src/core/pbuf.c.obj
                0x000000001000cbc0                pbuf_add_header
 .text.pbuf_remove_header
                0x000000001000cc0c       0x38 CMakeFiles/pico_webserver.dir/pico-sdk/lib/lwip/src/core/pbuf.c.obj
                0x000000001000cc0c                pbuf_remove_header
 .text.pbuf_header_force
                0x000000001000cc44       0x6c CMakeFiles/pico_webserver.dir/pico-sdk/lib/lwip/src/core/pbuf.c.obj
                0x000000001000cc44                pbuf_header_force
 .text.pbuf_free
                0x000000001000ccb0       0x10 CMakeFiles/pico_webserver.dir/pico-sdk/lib/lwip/src/core/pbuf.c.obj
                0x000000001000ccb0                pbuf_free
 .text.pbuf_clen
                0x000000001000ccc0       0x14 CMakeFiles/pico_webserver.dir/pico-sdk/lib/lwip/src/core/pbuf.c.obj
                0x000000001000ccc0                pbuf_clen
 .text.pbuf_ref
                0x000000001000ccd4       0x18 CMakeFiles/pico_webserver.dir/pico-sdk/lib/lwip/src/core/pbuf.c.obj
                0x000000001000ccd4                pbuf_ref
 .text.pbuf_cat
                0x000000001000ccec       0x2c CMakeFiles/pico_webserver.dir/pico-sdk/lib/lwip/src/core/pbuf.c.obj
                0x000000001000ccec                pbuf_cat
 .text.pbuf_chain
                0x000000001000cd18       0x44 CMakeFiles/pico_webserver.dir/pico-sdk/lib/lwip/src/core/pbuf.c.obj
                0x000000001000cd18                pbuf_chain
 .text.pbuf_copy_partial_pbuf
                0x000000001000cd5c      0x11c CMakeFiles/pico_webserver.dir/pico-sdk/lib/lwip/src/core/pbuf.c.obj
                0x000000001000cd5c                pbuf_copy_partial_pbuf
 .text.pbuf_copy
                0x000000001000ce78       0x18 CMakeFiles/pico_webserver.dir/pico-sdk/lib/lwip/src/core/pbuf.c.obj
                0x000000001000ce78                pbuf_copy
 .text.pbuf_copy_partial
                0x000000001000ce90       0x70 CMakeFiles/pico_webserver.dir/pico-sdk/lib/lwip/src/core/pbuf.c.obj
                0x000000001000ce90                pbuf_copy_partial
 .text.pbuf_clone
                0x000000001000cf00       0x20 CMakeFiles/pico_webserver.dir/pico-sdk/lib/lwip/src/core/pbuf.c.obj
                0x000000001000cf00                pbuf_clone
 .text.raw_input
                0x000000001000cf20      0x12c CMakeFiles/pico_webserver.dir/pico-sdk/lib/lwip/src/core/raw.c.obj
                0x000000001000cf20                raw_input
 .text.raw_netif_ip_addr_changed
                0x000000001000d04c       0x40 CMakeFiles/pico_webserver.dir/pico-sdk/lib/lwip/src/core/raw.c.obj
                0x000000001000d04c                raw_netif_ip_addr_changed
 .text.stats_init
                0x000000001000d08c        0x4 CMakeFiles/pico_webserver.dir/pico-sdk/lib/lwip/src/core/stats.c.obj
                0x000000001000d08c                stats_init
 .text.tcp_close_shutdown_fin
                0x000000001000d090       0x4c CMakeFiles/pico_webserver.dir/pico-sdk/lib/lwip/src/core/tcp.c.obj
 .text.tcp_pcb_purge.part.0
                0x000000001000d0dc       0xc4 CMakeFiles/pico_webserver.dir/pico-sdk/lib/lwip/src/core/tcp.c.obj
 .text.tcp_init
                0x000000001000d1a0        0x4 CMakeFiles/pico_webserver.dir/pico-sdk/lib/lwip/src/core/tcp.c.obj
                0x000000001000d1a0                tcp_init
 .text.tcp_free
                0x000000001000d1a4        0xc CMakeFiles/pico_webserver.dir/pico-sdk/lib/lwip/src/core/tcp.c.obj
                0x000000001000d1a4                tcp_free
 .text.tcp_bind
                0x000000001000d1b0       0xf8 CMakeFiles/pico_webserver.dir/pico-sdk/lib/lwip/src/core/tcp.c.obj
                0x000000001000d1b0                tcp_bind
 .text.tcp_listen_with_backlog
                0x000000001000d2a8       0x88 CMakeFiles/pico_webserver.dir/pico-sdk/lib/lwip/src/core/tcp.c.obj
                0x000000001000d2a8                tcp_listen_with_backlog
 .text.tcp_update_rcv_ann_wnd
                0x000000001000d330       0x3c CMakeFiles/pico_webserver.dir/pico-sdk/lib/lwip/src/core/tcp.c.obj
                0x000000001000d330                tcp_update_rcv_ann_wnd
 .text.tcp_recved
                0x000000001000d36c       0x78 CMakeFiles/pico_webserver.dir/pico-sdk/lib/lwip/src/core/tcp.c.obj
                0x000000001000d36c                tcp_recved
 .text.tcp_slowtmr
                0x000000001000d3e4      0x42c CMakeFiles/pico_webserver.dir/pico-sdk/lib/lwip/src/core/tcp.c.obj
                0x000000001000d3e4                tcp_slowtmr
 .text.tcp_segs_free
                0x000000001000d810       0x38 CMakeFiles/pico_webserver.dir/pico-sdk/lib/lwip/src/core/tcp.c.obj
                0x000000001000d810                tcp_segs_free
 .text.tcp_seg_free
                0x000000001000d848       0x1c CMakeFiles/pico_webserver.dir/pico-sdk/lib/lwip/src/core/tcp.c.obj
                0x000000001000d848                tcp_seg_free
 .text.tcp_setprio
                0x000000001000d864        0x8 CMakeFiles/pico_webserver.dir/pico-sdk/lib/lwip/src/core/tcp.c.obj
                0x000000001000d864                tcp_setprio
 .text.tcp_seg_copy
                0x000000001000d86c       0x20 CMakeFiles/pico_webserver.dir/pico-sdk/lib/lwip/src/core/tcp.c.obj
                0x000000001000d86c                tcp_seg_copy
 .text.tcp_arg  0x000000001000d88c        0x8 CMakeFiles/pico_webserver.dir/pico-sdk/lib/lwip/src/core/tcp.c.obj
                0x000000001000d88c                tcp_arg
 .text.tcp_recv
                0x000000001000d894        0xc CMakeFiles/pico_webserver.dir/pico-sdk/lib/lwip/src/core/tcp.c.obj
                0x000000001000d894                tcp_recv
 .text.tcp_sent
                0x000000001000d8a0        0xc CMakeFiles/pico_webserver.dir/pico-sdk/lib/lwip/src/core/tcp.c.obj
                0x000000001000d8a0                tcp_sent
 .text.tcp_err  0x000000001000d8ac        0xc CMakeFiles/pico_webserver.dir/pico-sdk/lib/lwip/src/core/tcp.c.obj
                0x000000001000d8ac                tcp_err
 .text.tcp_accept
                0x000000001000d8b8       0x10 CMakeFiles/pico_webserver.dir/pico-sdk/lib/lwip/src/core/tcp.c.obj
                0x000000001000d8b8                tcp_accept
 .text.tcp_poll
                0x000000001000d8c8        0xc CMakeFiles/pico_webserver.dir/pico-sdk/lib/lwip/src/core/tcp.c.obj
                0x000000001000d8c8                tcp_poll
 .text.tcp_pcb_purge
                0x000000001000d8d4       0x18 CMakeFiles/pico_webserver.dir/pico-sdk/lib/lwip/src/core/tcp.c.obj
                0x000000001000d8d4                tcp_pcb_purge
 .text.tcp_pcb_remove
                0x000000001000d8ec       0x78 CMakeFiles/pico_webserver.dir/pico-sdk/lib/lwip/src/core/tcp.c.obj
                0x000000001000d8ec                tcp_pcb_remove
 .text.tcp_abandon
                0x000000001000d964      0x184 CMakeFiles/pico_webserver.dir/pico-sdk/lib/lwip/src/core/tcp.c.obj
                0x000000001000d964                tcp_abandon
 .text.tcp_abort
                0x000000001000dae8        0xc CMakeFiles/pico_webserver.dir/pico-sdk/lib/lwip/src/core/tcp.c.obj
                0x000000001000dae8                tcp_abort
 .text.tcp_accept_null
                0x000000001000daf4       0x10 CMakeFiles/pico_webserver.dir/pico-sdk/lib/lwip/src/core/tcp.c.obj
 .text.tcp_alloc
                0x000000001000db04      0x1f8 CMakeFiles/pico_webserver.dir/pico-sdk/lib/lwip/src/core/tcp.c.obj
                0x000000001000db04                tcp_alloc
 .text.tcp_new_ip_type
                0x000000001000dcfc      0x1d8 CMakeFiles/pico_webserver.dir/pico-sdk/lib/lwip/src/core/tcp.c.obj
                0x000000001000dcfc                tcp_new_ip_type
 .text.tcp_close_shutdown
                0x000000001000ded4      0x14c CMakeFiles/pico_webserver.dir/pico-sdk/lib/lwip/src/core/tcp.c.obj
 .text.tcp_recv_null
                0x000000001000e020       0xa8 CMakeFiles/pico_webserver.dir/pico-sdk/lib/lwip/src/core/tcp.c.obj
                0x000000001000e020                tcp_recv_null
 .text.tcp_process_refused_data
                0x000000001000e0c8       0xe8 CMakeFiles/pico_webserver.dir/pico-sdk/lib/lwip/src/core/tcp.c.obj
                0x000000001000e0c8                tcp_process_refused_data
 .text.tcp_fasttmr
                0x000000001000e1b0       0x98 CMakeFiles/pico_webserver.dir/pico-sdk/lib/lwip/src/core/tcp.c.obj
                0x000000001000e1b0                tcp_fasttmr
 .text.tcp_tmr  0x000000001000e248       0x20 CMakeFiles/pico_webserver.dir/pico-sdk/lib/lwip/src/core/tcp.c.obj
                0x000000001000e248                tcp_tmr
 .text.tcp_close
                0x000000001000e268      0x15c CMakeFiles/pico_webserver.dir/pico-sdk/lib/lwip/src/core/tcp.c.obj
                0x000000001000e268                tcp_close
 .text.tcp_next_iss
                0x000000001000e3c4       0x18 CMakeFiles/pico_webserver.dir/pico-sdk/lib/lwip/src/core/tcp.c.obj
                0x000000001000e3c4                tcp_next_iss
 .text.tcp_eff_send_mss_netif
                0x000000001000e3dc       0x28 CMakeFiles/pico_webserver.dir/pico-sdk/lib/lwip/src/core/tcp.c.obj
                0x000000001000e3dc                tcp_eff_send_mss_netif
 .text.tcp_netif_ip_addr_changed
                0x000000001000e404       0x9c CMakeFiles/pico_webserver.dir/pico-sdk/lib/lwip/src/core/tcp.c.obj
                0x000000001000e404                tcp_netif_ip_addr_changed
 .text.tcp_free_ooseq
                0x000000001000e4a0       0x40 CMakeFiles/pico_webserver.dir/pico-sdk/lib/lwip/src/core/tcp.c.obj
                0x000000001000e4a0                tcp_free_ooseq
 .text.tcp_parseopt
                0x000000001000e4e0      0x180 CMakeFiles/pico_webserver.dir/pico-sdk/lib/lwip/src/core/tcp_in.c.obj
 .text.tcp_oos_insert_segment
                0x000000001000e660       0xd4 CMakeFiles/pico_webserver.dir/pico-sdk/lib/lwip/src/core/tcp_in.c.obj
 .text.tcp_receive
                0x000000001000e734      0xa44 CMakeFiles/pico_webserver.dir/pico-sdk/lib/lwip/src/core/tcp_in.c.obj
 .text.tcp_input
                0x000000001000f178      0xc64 CMakeFiles/pico_webserver.dir/pico-sdk/lib/lwip/src/core/tcp_in.c.obj
                0x000000001000f178                tcp_input
 .text.tcp_trigger_input_pcb_close
                0x000000001000fddc       0x10 CMakeFiles/pico_webserver.dir/pico-sdk/lib/lwip/src/core/tcp_in.c.obj
                0x000000001000fddc                tcp_trigger_input_pcb_close
 .text.tcp_create_segment
                0x000000001000fdec       0xd0 CMakeFiles/pico_webserver.dir/pico-sdk/lib/lwip/src/core/tcp_out.c.obj
 .text.tcp_output_control_segment
                0x000000001000febc       0xb4 CMakeFiles/pico_webserver.dir/pico-sdk/lib/lwip/src/core/tcp_out.c.obj
 .text.tcp_write
                0x000000001000ff70      0x600 CMakeFiles/pico_webserver.dir/pico-sdk/lib/lwip/src/core/tcp_out.c.obj
                0x000000001000ff70                tcp_write
 .text.tcp_split_unsent_seg
                0x0000000010010570      0x19c CMakeFiles/pico_webserver.dir/pico-sdk/lib/lwip/src/core/tcp_out.c.obj
                0x0000000010010570                tcp_split_unsent_seg
 .text.tcp_send_fin
                0x000000001001070c       0xe0 CMakeFiles/pico_webserver.dir/pico-sdk/lib/lwip/src/core/tcp_out.c.obj
                0x000000001001070c                tcp_send_fin
 .text.tcp_enqueue_flags
                0x00000000100107ec       0xa8 CMakeFiles/pico_webserver.dir/pico-sdk/lib/lwip/src/core/tcp_out.c.obj
                0x00000000100107ec                tcp_enqueue_flags
 .text.tcp_rexmit_rto_prepare
                0x0000000010010894       0x8c CMakeFiles/pico_webserver.dir/pico-sdk/lib/lwip/src/core/tcp_out.c.obj
                0x0000000010010894                tcp_rexmit_rto_prepare
 .text.tcp_rexmit
                0x0000000010010920       0x90 CMakeFiles/pico_webserver.dir/pico-sdk/lib/lwip/src/core/tcp_out.c.obj
                0x0000000010010920                tcp_rexmit
 .text.tcp_rexmit_fast
                0x00000000100109b0       0x58 CMakeFiles/pico_webserver.dir/pico-sdk/lib/lwip/src/core/tcp_out.c.obj
                0x00000000100109b0                tcp_rexmit_fast
 .text.tcp_rst  0x0000000010010a08       0xbc CMakeFiles/pico_webserver.dir/pico-sdk/lib/lwip/src/core/tcp_out.c.obj
                0x0000000010010a08                tcp_rst
 .text.tcp_rst_netif
                0x0000000010010ac4       0xfc CMakeFiles/pico_webserver.dir/pico-sdk/lib/lwip/src/core/tcp_out.c.obj
                0x0000000010010ac4                tcp_rst_netif
 .text.tcp_send_empty_ack
                0x0000000010010bc0       0xdc CMakeFiles/pico_webserver.dir/pico-sdk/lib/lwip/src/core/tcp_out.c.obj
                0x0000000010010bc0                tcp_send_empty_ack
 .text.tcp_output
                0x0000000010010c9c      0x410 CMakeFiles/pico_webserver.dir/pico-sdk/lib/lwip/src/core/tcp_out.c.obj
                0x0000000010010c9c                tcp_output
 .text.tcp_rexmit_rto_commit
                0x00000000100110ac       0x14 CMakeFiles/pico_webserver.dir/pico-sdk/lib/lwip/src/core/tcp_out.c.obj
                0x00000000100110ac                tcp_rexmit_rto_commit
 .text.tcp_rexmit_rto
                0x00000000100110c0       0x98 CMakeFiles/pico_webserver.dir/pico-sdk/lib/lwip/src/core/tcp_out.c.obj
                0x00000000100110c0                tcp_rexmit_rto
 .text.tcp_keepalive
                0x0000000010011158       0xc4 CMakeFiles/pico_webserver.dir/pico-sdk/lib/lwip/src/core/tcp_out.c.obj
                0x0000000010011158                tcp_keepalive
 .text.tcp_zero_window_probe
                0x000000001001121c      0x18c CMakeFiles/pico_webserver.dir/pico-sdk/lib/lwip/src/core/tcp_out.c.obj
                0x000000001001121c                tcp_zero_window_probe
 .text.tcpip_tcp_timer
                0x00000000100113a8       0x6c CMakeFiles/pico_webserver.dir/pico-sdk/lib/lwip/src/core/timeouts.c.obj
 .text.lwip_cyclic_timer
                0x0000000010011414       0x90 CMakeFiles/pico_webserver.dir/pico-sdk/lib/lwip/src/core/timeouts.c.obj
 .text.tcp_timer_needed
                0x00000000100114a4       0x70 CMakeFiles/pico_webserver.dir/pico-sdk/lib/lwip/src/core/timeouts.c.obj
                0x00000000100114a4                tcp_timer_needed