Archive member included to satisfy reference by file (symbol)

/usr/lib/gcc/arm-none-eabi/10.3.1/thumb/v6-m/nofp/libgcc.a(_dvmd_tls.o)
                              CMakeFiles/pico_webserver.dir/pico-sdk/src/rp2_common/pico_divider/divider.S.obj (__aeabi_idiv0)
/usr/lib/gcc/arm-none-eabi/10.3.1/../../../arm-none-eabi/lib/thumb/v6-m/nofp/libc.a(lib_a-atexit.o)
                              /usr/lib/gcc/arm-none-eabi/10.3.1/../../../arm-none-eabi/lib/thumb/v6-m/nofp/crt0.o (atexit)
/usr/lib/gcc/arm-none-eabi/10.3.1/../../../arm-none-eabi/lib/thumb/v6-m/nofp/libc.a(lib_a-atoi.o)
                              CMakeFiles/pico_webserver.dir/pico-sdk/lib/lwip/src/core/netif.c.obj (atoi)
/usr/lib/gcc/arm-none-eabi/10.3.1/../../../arm-none-eabi/lib/thumb/v6-m/nofp/libc.a(lib_a-calloc.o)
                              CMakeFiles/pico_webserver.dir/pico-sdk/src/rp2_common/pico_malloc/pico_malloc.c.obj (calloc)
/usr/lib/gcc/arm-none-eabi/10.3.1/../../../arm-none-eabi/lib/thumb/v6-m/nofp/libc.a(lib_a-callocr.o)
                              /usr/lib/gcc/arm-none-eabi/10.3.1/../../../arm-none-eabi/lib/thumb/v6-m/nofp/libc.a(lib_a-calloc.o) (_calloc_r)
/usr/lib/gcc/arm-none-eabi/10.3.1/../../../arm-none-eabi/lib/thumb/v6-m/nofp/libc.a(lib_a-ctype_.o)
                              CMakeFiles/pico_webserver.dir/pico-sdk/lib/lwip/src/core/ipv4/ip4_addr.c.obj (_ctype_)
/usr/lib/gcc/arm-none-eabi/10.3.1/../../../arm-none-eabi/lib/thumb/v6-m/nofp/libc.a(lib_a-fini.o)
                              /usr/lib/gcc/arm-none-eabi/10.3.1/../../../arm-none-eabi/lib/thumb/v6-m/nofp/crt0.o (__libc_fini_array)
/usr/lib/gcc/arm-none-eabi/10.3.1/../../../arm-none-eabi/lib/thumb/v6-m/nofp/libc.a(lib_a-impure.o)
                              /usr/lib/gcc/arm-none-eabi/10.3.1/../../../arm-none-eabi/lib/thumb/v6-m/nofp/libc.a(lib_a-calloc.o) (_impure_ptr)
/usr/lib/gcc/arm-none-eabi/10.3.1/../../../arm-none-eabi/lib/thumb/v6-m/nofp/libc.a(lib_a-init.o)
                              /usr/lib/gcc/arm-none-eabi/10.3.1/../../../arm-none-eabi/lib/thumb/v6-m/nofp/crt0.o (__libc_init_array)
/usr/lib/gcc/arm-none-eabi/10.3.1/../../../arm-none-eabi/lib/thumb/v6-m/nofp/libc.a(lib_a-malloc.o)
                              CMakeFiles/pico_webserver.dir/pico-sdk/src/rp2_common/pico_malloc/pico_malloc.c.obj (malloc)
/usr/lib/gcc/arm-none-eabi/10.3.1/../../../arm-none-eabi/lib/thumb/v6-m/nofp/libc.a(lib_a-mallocr.o)
                              /usr/lib/gcc/arm-none-eabi/10.3.1/../../../arm-none-eabi/lib/thumb/v6-m/nofp/libc.a(lib_a-callocr.o) (_malloc_r)
/usr/lib/gcc/arm-none-eabi/10.3.1/../../../arm-none-eabi/lib/thumb/v6-m/nofp/libc.a(lib_a-memcmp.o)
                              CMakeFiles/pico_webserver.dir/pico-sdk/lib/tinyusb/lib/networking/dhserver.c.obj (memcmp)
/usr/lib/gcc/arm-none-eabi/10.3.1/../../../arm-none-eabi/lib/thumb/v6-m/nofp/libc.a(lib_a-memmove.o)
                              CMakeFiles/pico_webserver.dir/pico-sdk/lib/cyw43-driver/src/cyw43_ll.c.obj (memmove)
/usr/lib/gcc/arm-none-eabi/10.3.1/../../../arm-none-eabi/lib/thumb/v6-m/nofp/libc.a(lib_a-mlock.o)
                              /usr/lib/gcc/arm-none-eabi/10.3.1/../../../arm-none-eabi/lib/thumb/v6-m/nofp/libc.a(lib_a-mallocr.o) (__malloc_lock)
/usr/lib/gcc/arm-none-eabi/10.3.1/../../../arm-none-eabi/lib/thumb/v6-m/nofp/libc.a(lib_a-rand.o)
                              CMakeFiles/pico_webserver.dir/ssi.cpp.obj (rand)
/usr/lib/gcc/arm-none-eabi/10.3.1/../../../arm-none-eabi/lib/thumb/v6-m/nofp/libc.a(lib_a-realloc.o)
                              CMakeFiles/pico_webserver.dir/pico-sdk/src/rp2_common/pico_malloc/pico_malloc.c.obj (realloc)
/usr/lib/gcc/arm-none-eabi/10.3.1/../../../arm-none-eabi/lib/thumb/v6-m/nofp/libc.a(lib_a-reallocr.o)
                              /usr/lib/gcc/arm-none-eabi/10.3.1/../../../arm-none-eabi/lib/thumb/v6-m/nofp/libc.a(lib_a-realloc.o) (_realloc_r)
/usr/lib/gcc/arm-none-eabi/10.3.1/../../../arm-none-eabi/lib/thumb/v6-m/nofp/libc.a(lib_a-sbrkr.o)
                              /usr/lib/gcc/arm-none-eabi/10.3.1/../../../arm-none-eabi/lib/thumb/v6-m/nofp/libc.a(lib_a-mallocr.o) (_sbrk_r)
/usr/lib/gcc/arm-none-eabi/10.3.1/../../../arm-none-eabi/lib/thumb/v6-m/nofp/libc.a(lib_a-strchr.o)
                              CMakeFiles/pico_webserver.dir/pico-sdk/lib/lwip/src/apps/http/httpd.c.obj (strchr)
/usr/lib/gcc/arm-none-eabi/10.3.1/../../../arm-none-eabi/lib/thumb/v6-m/nofp/libc.a(lib_a-strcmp.o)
                              CMakeFiles/pico_webserver.dir/cgi.cpp.obj (strcmp)
/usr/lib/gcc/arm-none-eabi/10.3.1/../../../arm-none-eabi/lib/thumb/v6-m/nofp/libc.a(lib_a-strcpy.o)
                              CMakeFiles/pico_webserver.dir/cgi.cpp.obj (strcpy)
/usr/lib/gcc/arm-none-eabi/10.3.1/../../../arm-none-eabi/lib/thumb/v6-m/nofp/libc.a(lib_a-strlen-stub.o)
                              CMakeFiles/pico_webserver.dir/webserver.c.obj (strlen)
/usr/lib/gcc/arm-none-eabi/10.3.1/../../../arm-none-eabi/lib/thumb/v6-m/nofp/libc.a(lib_a-strncmp.o)
[...]
Memory Configuration

Name             Origin             Length             Attributes
FLASH            0x0000000010000000 0x0000000000200000 xr
RAM              0x0000000020000000 0x0000000000040000 xrw
SCRATCH_X        0x0000000020040000 0x0000000000001000 xrw
SCRATCH_Y        0x0000000020041000 0x0000000000001000 xrw
*default*        0x0000000000000000 0xffffffffffffffff

Linker script and memory map

LOAD /usr/lib/gcc/arm-none-eabi/10.3.1/thumb/v6-m/nofp/crti.o
LOAD /usr/lib/gcc/arm-none-eabi/10.3.1/thumb/v6-m/nofp/crtbegin.o
LOAD /usr/lib/gcc/arm-none-eabi/10.3.1/../../../arm-none-eabi/lib/thumb/v6-m/nofp/crt0.o

.flash_begin    0x0000000010000000        0x0
                0x0000000010000000                __flash_binary_start = .

.boot2          0x0000000010000000      0x100
                0x0000000010000000                __boot2_start__ = .
 *(.boot2)
 .boot2         0x0000000010000000      0x100 /tmp/ccFuLJ73.o
                0x0000000010000100                __boot2_end__ = .
                0x0000000000000001                ASSERT (((__boot2_end__ - __boot2_start__) == 0x100), ERROR: Pico second stage bootloader must be 256 bytes in size)

.text           0x0000000010000100    0x19058
                0x0000000010000100                __logical_binary_start = .
 *(.vectors)
 .vectors       0x0000000010000100       0xd4 CMakeFiles/pico_webserver.dir/pico-sdk/src/rp2_common/pico_standard_link/crt0.S.obj
                0x0000000010000100                __vectors
                0x0000000010000100                __VECTOR_TABLE
                0x00000000100001c0                isr_invalid
                0x00000000100001c0                __default_isrs_start
                0x00000000100001c2                isr_nmi
                0x00000000100001c4                isr_hardfault
                0x00000000100001c6                isr_svcall
                0x00000000100001c8                isr_pendsv
                0x00000000100001ca                isr_systick
                0x00000000100001cc                isr_irq30
                0x00000000100001cc                __unhandled_user_irq
                0x00000000100001cc                isr_irq13
                0x00000000100001cc                isr_irq27
                0x00000000100001cc                isr_irq31
                0x00000000100001cc                isr_irq5
                0x00000000100001cc                isr_irq11
                0x00000000100001cc                isr_irq23
                0x00000000100001cc                isr_irq18
                0x00000000100001cc                isr_irq28
                0x00000000100001cc                isr_irq19
                0x00000000100001cc                isr_irq0
                0x00000000100001cc                isr_irq6
                0x00000000100001cc                isr_irq22
                0x00000000100001cc                isr_irq17
                0x00000000100001cc                isr_irq14
                0x00000000100001cc                isr_irq2
                0x00000000100001cc                isr_irq10
                0x00000000100001cc                isr_irq8
                0x00000000100001cc                isr_irq24
                0x00000000100001cc                isr_irq1
                0x00000000100001cc                isr_irq7
                0x00000000100001cc                isr_irq21
                0x00000000100001cc                isr_irq20
                0x00000000100001cc                isr_irq15
                0x00000000100001cc                isr_irq25
                0x00000000100001cc                isr_irq4
                0x00000000100001cc                isr_irq16
                0x00000000100001cc                isr_irq29
                0x00000000100001cc                isr_irq26
                0x00000000100001cc                __default_isrs_end
                0x00000000100001cc                isr_irq3
                0x00000000100001cc                isr_irq12
                0x00000000100001cc                isr_irq9
                0x00000000100001d2                unhandled_user_irq_num_in_r0
 *(.binary_info_header)
 .binary_info_header
                0x00000000100001d4       0x14 CMakeFiles/pico_webserver.dir/pico-sdk/src/rp2_common/pico_standard_link/crt0.S.obj
                0x00000000100001e8                __binary_info_header_end = .
 *(.reset)
 .reset         0x00000000100001e8       0xa0 CMakeFiles/pico_webserver.dir/pico-sdk/src/rp2_common/pico_standard_link/crt0.S.obj
                0x00000000100001e8                _entry_point
 .reset         0x0000000010000288       0x30 CMakeFiles/pico_webserver.dir/pico-sdk/src/rp2_common/pico_standard_link/binary_info.c.obj
 *(.init)
 .init          0x00000000100002b8        0x4 /usr/lib/gcc/arm-none-eabi/10.3.1/thumb/v6-m/nofp/crti.o
                0x00000000100002b8                _init
 *(EXCLUDE_FILE(*libm.a: *libc.a:*lib_a-mem*.o *libgcc.a:) .text*)
 .text          0x00000000100002bc       0x98 /usr/lib/gcc/arm-none-eabi/10.3.1/thumb/v6-m/nofp/crtbegin.o
 .text.core1_entry
                0x0000000010000354      0x118 CMakeFiles/pico_webserver.dir/webserver.c.obj
                0x0000000010000354                core1_entry
 .text.cyw43_cb_tcpip_set_link_up
                0x000000001000046c       0x18 CMakeFiles/pico_webserver.dir/webserver.c.obj
                0x000000001000046c                cyw43_cb_tcpip_set_link_up
 .text.cyw43_cb_tcpip_set_link_down
                0x0000000010000484       0x18 CMakeFiles/pico_webserver.dir/webserver.c.obj
                0x0000000010000484                cyw43_cb_tcpip_set_link_down
 .text.cyw43_cb_process_ethernet
                0x000000001000049c       0x2c CMakeFiles/pico_webserver.dir/webserver.c.obj
                0x000000001000049c                cyw43_cb_process_ethernet
 .text.startup.main
                0x00000000100004c8       0x60 CMakeFiles/pico_webserver.dir/webserver.c.obj
                0x00000000100004c8                main
 .text.netif_init_cb
                0x0000000010000528       0x2c CMakeFiles/pico_webserver.dir/tusb_lwip_glue.c.obj
 .text.output_fn
                0x0000000010000554        0x8 CMakeFiles/pico_webserver.dir/tusb_lwip_glue.c.obj
 .text.linkoutput_fn
                0x000000001000055c       0x6c CMakeFiles/pico_webserver.dir/tusb_lwip_glue.c.obj
 .text.init_lwip
                0x00000000100005c8       0x60 CMakeFiles/pico_webserver.dir/tusb_lwip_glue.c.obj
                0x00000000100005c8                init_lwip
 .text.tud_network_init_cb
                0x0000000010000628       0x18 CMakeFiles/pico_webserver.dir/tusb_lwip_glue.c.obj
                0x0000000010000628                tud_network_init_cb
 .text.tud_network_recv_cb
                0x0000000010000640       0x3c CMakeFiles/pico_webserver.dir/tusb_lwip_glue.c.obj
                0x0000000010000640                tud_network_recv_cb
 .text.tud_network_xmit_cb
                0x000000001000067c       0x30 CMakeFiles/pico_webserver.dir/tusb_lwip_glue.c.obj
                0x000000001000067c                tud_network_xmit_cb
 .text.service_traffic
                0x00000000100006ac       0x2c CMakeFiles/pico_webserver.dir/tusb_lwip_glue.c.obj
                0x00000000100006ac                service_traffic
 .text.dhcpd_init
                0x00000000100006d8       0x14 CMakeFiles/pico_webserver.dir/tusb_lwip_glue.c.obj
                0x00000000100006d8                dhcpd_init
 .text.wait_for_netif_is_up
                0x00000000100006ec       0x14 CMakeFiles/pico_webserver.dir/tusb_lwip_glue.c.obj
                0x00000000100006ec                wait_for_netif_is_up
 .text.sys_arch_protect
                0x0000000010000700        0x4 CMakeFiles/pico_webserver.dir/tusb_lwip_glue.c.obj
                0x0000000010000700                sys_arch_protect
 .text.sys_arch_unprotect
                0x0000000010000704        0x4 CMakeFiles/pico_webserver.dir/tusb_lwip_glue.c.obj
                0x0000000010000704                sys_arch_unprotect
 .text.sys_now  0x0000000010000708       0x20 CMakeFiles/pico_webserver.dir/tusb_lwip_glue.c.obj
                0x0000000010000708                sys_now
 .text.tud_descriptor_device_cb
                0x0000000010000728        0x8 CMakeFiles/pico_webserver.dir/usb_descriptors.c.obj
                0x0000000010000728                tud_descriptor_device_cb
 .text.tud_descriptor_configuration_cb
                0x0000000010000730       0x14 CMakeFiles/pico_webserver.dir/usb_descriptors.c.obj
                0x0000000010000730                tud_descriptor_configuration_cb
 .text.tud_descriptor_string_cb
                0x0000000010000744      0x17c CMakeFiles/pico_webserver.dir/usb_descriptors.c.obj
                0x0000000010000744                tud_descriptor_string_cb
 .text.fill_options
                0x00000000100008c0       0xdc CMakeFiles/pico_webserver.dir/pico-sdk/lib/tinyusb/lib/networking/dhserver.c.obj
                0x00000000100008c0                fill_options
 .text.udp_recv_proc
                0x000000001000099c      0x2e4 CMakeFiles/pico_webserver.dir/pico-sdk/lib/tinyusb/lib/networking/dhserver.c.obj
 .text.dhserv_init
                0x0000000010000c80       0x64 CMakeFiles/pico_webserver.dir/pico-sdk/lib/tinyusb/lib/networking/dhserver.c.obj
                0x0000000010000c80                dhserv_init
 .text.rndis_class_set_handler
                0x0000000010000ce4      0x2d4 CMakeFiles/pico_webserver.dir/pico-sdk/lib/tinyusb/lib/networking/rndis_reports.c.obj
                0x0000000010000ce4                rndis_class_set_handler
 .text._Z11scan_resultPvPK23_cyw43_ev_scan_result_t
                0x0000000010000fb8       0x4c CMakeFiles/pico_webserver.dir/ssi.cpp.obj
                0x0000000010000fb8                scan_result(void*, _cyw43_ev_scan_result_t const*)
 .text.ssi_init
                0x0000000010001004       0x4c CMakeFiles/pico_webserver.dir/ssi.cpp.obj
                0x0000000010001004                ssi_init
 .text.cgi_handler_basic
                0x0000000010001050      0x11c CMakeFiles/pico_webserver.dir/cgi.cpp.obj
                0x0000000010001050                cgi_handler_basic
 .text.cgi_handler_extended
                0x000000001000116c      0x11c CMakeFiles/pico_webserver.dir/cgi.cpp.obj
                0x000000001000116c                cgi_handler_extended
 .text.wifi_cred_set
                0x0000000010001288       0xa4 CMakeFiles/pico_webserver.dir/cgi.cpp.obj
                0x0000000010001288                wifi_cred_set
 .text.cgi_toggle_led
                0x000000001000132c       0x20 CMakeFiles/pico_webserver.dir/cgi.cpp.obj
 .text.cgi_reset_usb_boot
                0x000000001000134c       0x14 CMakeFiles/pico_webserver.dir/cgi.cpp.obj
 .text.cgi_init
                0x0000000010001360       0x2c CMakeFiles/pico_webserver.dir/cgi.cpp.obj
                0x0000000010001360                cgi_init
 .text.set_sys_clock_pll
                0x000000001000138c       0x78 CMakeFiles/pico_webserver.dir/pico-sdk/src/rp2_common/pico_stdlib/stdlib.c.obj
                0x000000001000138c                set_sys_clock_pll
 .text.check_sys_clock_khz
                0x0000000010001404      0x17c CMakeFiles/pico_webserver.dir/pico-sdk/src/rp2_common/pico_stdlib/stdlib.c.obj
                0x0000000010001404                check_sys_clock_khz
 .text.gpio_set_function
                0x0000000010001580       0x30 CMakeFiles/pico_webserver.dir/pico-sdk/src/rp2_common/hardware_gpio/gpio.c.obj
                0x0000000010001580                gpio_set_function
 .text.gpio_set_pulls
                0x00000000100015b0       0x30 CMakeFiles/pico_webserver.dir/pico-sdk/src/rp2_common/hardware_gpio/gpio.c.obj
                0x00000000100015b0                gpio_set_pulls
 .text.gpio_set_input_hysteresis_enabled
                0x00000000100015e0       0x28 CMakeFiles/pico_webserver.dir/pico-sdk/src/rp2_common/hardware_gpio/gpio.c.obj
                0x00000000100015e0                gpio_set_input_hysteresis_enabled
 .text.gpio_set_irq_enabled
                0x0000000010001608       0x54 CMakeFiles/pico_webserver.dir/pico-sdk/src/rp2_common/hardware_gpio/gpio.c.obj
                0x0000000010001608                gpio_set_irq_enabled
 .text.gpio_add_raw_irq_handler_with_order_priority_masked
                0x000000001000165c       0x44 CMakeFiles/pico_webserver.dir/pico-sdk/src/rp2_common/hardware_gpio/gpio.c.obj
                0x000000001000165c                gpio_add_raw_irq_handler_with_order_priority_masked
 .text.gpio_remove_raw_irq_handler_masked
                0x00000000100016a0       0x20 CMakeFiles/pico_webserver.dir/pico-sdk/src/rp2_common/hardware_gpio/gpio.c.obj
                0x00000000100016a0                gpio_remove_raw_irq_handler_masked
 .text.gpio_set_input_enabled
                0x00000000100016c0       0x28 CMakeFiles/pico_webserver.dir/pico-sdk/src/rp2_common/hardware_gpio/gpio.c.obj
                0x00000000100016c0                gpio_set_input_enabled
 .text.gpio_init
                0x00000000100016e8       0x3c CMakeFiles/pico_webserver.dir/pico-sdk/src/rp2_common/hardware_gpio/gpio.c.obj
                0x00000000100016e8                gpio_init
 .text.running_on_fpga
                0x0000000010001724       0x10 CMakeFiles/pico_webserver.dir/pico-sdk/src/rp2_common/pico_platform/platform.c.obj
                0x0000000010001724                running_on_fpga
 .text.hw_claim_lock
                0x0000000010001734       0x18 CMakeFiles/pico_webserver.dir/pico-sdk/src/rp2_common/hardware_claim/claim.c.obj
                0x0000000010001734                hw_claim_lock
 .text.hw_claim_unlock
                0x000000001000174c       0x14 CMakeFiles/pico_webserver.dir/pico-sdk/src/rp2_common/hardware_claim/claim.c.obj
                0x000000001000174c                hw_claim_unlock
 .text.hw_claim_or_assert
                0x0000000010001760       0x44 CMakeFiles/pico_webserver.dir/pico-sdk/src/rp2_common/hardware_claim/claim.c.obj
                0x0000000010001760                hw_claim_or_assert
 .text.hw_claim_unused_from_range
                0x00000000100017a4       0x9c CMakeFiles/pico_webserver.dir/pico-sdk/src/rp2_common/hardware_claim/claim.c.obj
                0x00000000100017a4                hw_claim_unused_from_range
 .text.hw_claim_clear
                0x0000000010001840       0x38 CMakeFiles/pico_webserver.dir/pico-sdk/src/rp2_common/hardware_claim/claim.c.obj
                0x0000000010001840                hw_claim_clear
 .text.spin_locks_reset
                0x0000000010001878       0x1c CMakeFiles/pico_webserver.dir/pico-sdk/src/rp2_common/hardware_sync/sync.c.obj
                0x0000000010001878                spin_locks_reset
 .text.next_striped_spin_lock_num
                0x0000000010001894       0x18 CMakeFiles/pico_webserver.dir/pico-sdk/src/rp2_common/hardware_sync/sync.c.obj
                0x0000000010001894                next_striped_spin_lock_num
 .text.spin_lock_claim_unused
                0x00000000100018ac       0x20 CMakeFiles/pico_webserver.dir/pico-sdk/src/rp2_common/hardware_sync/sync.c.obj
                0x00000000100018ac                spin_lock_claim_unused
 .text.irq_set_enabled
                0x00000000100018cc       0x24 CMakeFiles/pico_webserver.dir/pico-sdk/src/rp2_common/hardware_irq/irq.c.obj
                0x00000000100018cc                irq_set_enabled
 .text.irq_is_enabled
                0x00000000100018f0       0x18 CMakeFiles/pico_webserver.dir/pico-sdk/src/rp2_common/hardware_irq/irq.c.obj
                0x00000000100018f0                irq_is_enabled
 .text.irq_set_pending
                0x0000000010001908       0x10 CMakeFiles/pico_webserver.dir/pico-sdk/src/rp2_common/hardware_irq/irq.c.obj
                0x0000000010001908                irq_set_pending
 .text.irq_get_vtable_handler
                0x0000000010001918       0x10 CMakeFiles/pico_webserver.dir/pico-sdk/src/rp2_common/hardware_irq/irq.c.obj
                0x0000000010001918                irq_get_vtable_handler
 .text.irq_set_exclusive_handler
                0x0000000010001928       0x54 CMakeFiles/pico_webserver.dir/pico-sdk/src/rp2_common/hardware_irq/irq.c.obj
                0x0000000010001928                irq_set_exclusive_handler
 .text.irq_add_shared_handler
                0x000000001000197c      0x1e8 CMakeFiles/pico_webserver.dir/pico-sdk/src/rp2_common/hardware_irq/irq.c.obj
                0x000000001000197c                irq_add_shared_handler
 .text.irq_remove_handler
                0x0000000010001b64      0x1b0 CMakeFiles/pico_webserver.dir/pico-sdk/src/rp2_common/hardware_irq/irq.c.obj
                0x0000000010001b64                irq_remove_handler
 .text.irq_set_priority
                0x0000000010001d14       0x28 CMakeFiles/pico_webserver.dir/pico-sdk/src/rp2_common/hardware_irq/irq.c.obj
                0x0000000010001d14                irq_set_priority
 .text.irq_add_tail_to_free_list
                0x0000000010001d3c       0xb4 CMakeFiles/pico_webserver.dir/pico-sdk/src/rp2_common/hardware_irq/irq.c.obj
                0x0000000010001d3c                irq_add_tail_to_free_list
 .text.irq_init_priorities
                0x0000000010001df0       0x24 CMakeFiles/pico_webserver.dir/pico-sdk/src/rp2_common/hardware_irq/irq.c.obj
                0x0000000010001df0                irq_init_priorities
 .text.user_irq_unclaim
                0x0000000010001e14       0x14 CMakeFiles/pico_webserver.dir/pico-sdk/src/rp2_common/hardware_irq/irq.c.obj
                0x0000000010001e14                user_irq_unclaim
 .text.user_irq_claim_unused
                0x0000000010001e28       0x28 CMakeFiles/pico_webserver.dir/pico-sdk/src/rp2_common/hardware_irq/irq.c.obj
                0x0000000010001e28                user_irq_claim_unused
 .text.sem_init
                0x0000000010001e50       0x20 CMakeFiles/pico_webserver.dir/pico-sdk/src/common/pico_sync/sem.c.obj
                0x0000000010001e50                sem_init
 .text.lock_init
                0x0000000010001e70       0x10 CMakeFiles/pico_webserver.dir/pico-sdk/src/common/pico_sync/lock_core.c.obj
                0x0000000010001e70                lock_init
 .text.mutex_init
                0x0000000010001e80       0x1c CMakeFiles/pico_webserver.dir/pico-sdk/src/common/pico_sync/mutex.c.obj
                0x0000000010001e80                mutex_init
 .text.recursive_mutex_init
                0x0000000010001e9c       0x1c CMakeFiles/pico_webserver.dir/pico-sdk/src/common/pico_sync/mutex.c.obj
                0x0000000010001e9c                recursive_mutex_init
 .text.critical_section_init
                0x0000000010001eb8       0x20 CMakeFiles/pico_webserver.dir/pico-sdk/src/common/pico_sync/critical_section.c.obj
                0x0000000010001eb8                critical_section_init
 .text.timer_pool_entry_comparator
                0x0000000010001ed8       0x34 CMakeFiles/pico_webserver.dir/pico-sdk/src/common/pico_time/time.c.obj
                0x0000000010001ed8                timer_pool_entry_comparator
 .text.sleep_until_callback
                0x0000000010001f0c       0x30 CMakeFiles/pico_webserver.dir/pico-sdk/src/common/pico_time/time.c.obj
 .text.add_alarm_under_lock.isra.0
                0x0000000010001f3c      0x100 CMakeFiles/pico_webserver.dir/pico-sdk/src/common/pico_time/time.c.obj
 .text.alarm_pool_alarm_callback
                0x000000001000203c      0x1bc CMakeFiles/pico_webserver.dir/pico-sdk/src/common/pico_time/time.c.obj
 .text.alarm_pool_init_default
                0x00000000100021f8       0x6c CMakeFiles/pico_webserver.dir/pico-sdk/src/common/pico_time/time.c.obj
                0x00000000100021f8                alarm_pool_init_default
 .text.alarm_pool_get_default
                0x0000000010002264        0x8 CMakeFiles/pico_webserver.dir/pico-sdk/src/common/pico_time/time.c.obj
                0x0000000010002264                alarm_pool_get_default
 .text.alarm_pool_create_with_unused_hardware_alarm
                0x000000001000226c       0x74 CMakeFiles/pico_webserver.dir/pico-sdk/src/common/pico_time/time.c.obj
                0x000000001000226c                alarm_pool_create_with_unused_hardware_alarm
 .text.alarm_pool_destroy
                0x00000000100022e0       0x44 CMakeFiles/pico_webserver.dir/pico-sdk/src/common/pico_time/time.c.obj
                0x00000000100022e0                alarm_pool_destroy
 .text.alarm_pool_add_alarm_at
                0x0000000010002324      0x178 CMakeFiles/pico_webserver.dir/pico-sdk/src/common/pico_time/time.c.obj
                0x0000000010002324                alarm_pool_add_alarm_at
 .text.alarm_pool_add_alarm_at_force_in_context
                0x000000001000249c      0x124 CMakeFiles/pico_webserver.dir/pico-sdk/src/common/pico_time/time.c.obj
                0x000000001000249c                alarm_pool_add_alarm_at_force_in_context
 .text.alarm_pool_cancel_alarm
                0x00000000100025c0       0x78 CMakeFiles/pico_webserver.dir/pico-sdk/src/common/pico_time/time.c.obj
                0x00000000100025c0                alarm_pool_cancel_alarm
 .text.alarm_pool_core_num
                0x0000000010002638        0x4 CMakeFiles/pico_webserver.dir/pico-sdk/src/common/pico_time/time.c.obj
                0x0000000010002638                alarm_pool_core_num
 .text.sleep_until
                0x000000001000263c       0xc4 CMakeFiles/pico_webserver.dir/pico-sdk/src/common/pico_time/time.c.obj
                0x000000001000263c                sleep_until
 .text.sleep_ms
                0x0000000010002700       0x34 CMakeFiles/pico_webserver.dir/pico-sdk/src/common/pico_time/time.c.obj
                0x0000000010002700                sleep_ms
 .text.best_effort_wfe_or_timeout
                0x0000000010002734       0xd4 CMakeFiles/pico_webserver.dir/pico-sdk/src/common/pico_time/time.c.obj
                0x0000000010002734                best_effort_wfe_or_timeout
 .text.hardware_alarm_irq_handler
                0x0000000010002808       0xbc CMakeFiles/pico_webserver.dir/pico-sdk/src/rp2_common/hardware_timer/timer.c.obj
 .text.hardware_alarm_claim
                0x00000000100028c4       0x18 CMakeFiles/pico_webserver.dir/pico-sdk/src/rp2_common/hardware_timer/timer.c.obj
                0x00000000100028c4                hardware_alarm_claim
 .text.hardware_alarm_unclaim
                0x00000000100028dc       0x10 CMakeFiles/pico_webserver.dir/pico-sdk/src/rp2_common/hardware_timer/timer.c.obj
                0x00000000100028dc                hardware_alarm_unclaim
 .text.hardware_alarm_claim_unused
                0x00000000100028ec       0x20 CMakeFiles/pico_webserver.dir/pico-sdk/src/rp2_common/hardware_timer/timer.c.obj
                0x00000000100028ec                hardware_alarm_claim_unused
 .text.time_us_64
                0x000000001000290c       0x14 CMakeFiles/pico_webserver.dir/pico-sdk/src/rp2_common/hardware_timer/timer.c.obj
                0x000000001000290c                time_us_64
 .text.busy_wait_until
                0x0000000010002920       0x20 CMakeFiles/pico_webserver.dir/pico-sdk/src/rp2_common/hardware_timer/timer.c.obj
                0x0000000010002920                busy_wait_until
 .text.hardware_alarm_set_callback
                0x0000000010002940       0x8c CMakeFiles/pico_webserver.dir/pico-sdk/src/rp2_common/hardware_timer/timer.c.obj
                0x0000000010002940                hardware_alarm_set_callback
 .text.hardware_alarm_set_target
                0x00000000100029cc       0xd4 CMakeFiles/pico_webserver.dir/pico-sdk/src/rp2_common/hardware_timer/timer.c.obj
                0x00000000100029cc                hardware_alarm_set_target
 .text.hardware_alarm_cancel
                0x0000000010002aa0       0x3c CMakeFiles/pico_webserver.dir/pico-sdk/src/rp2_common/hardware_timer/timer.c.obj
                0x0000000010002aa0                hardware_alarm_cancel
 .text.hardware_alarm_force_irq
                0x0000000010002adc       0x3c CMakeFiles/pico_webserver.dir/pico-sdk/src/rp2_common/hardware_timer/timer.c.obj
                0x0000000010002adc                hardware_alarm_force_irq
 .text.ph_merge_nodes
                0x0000000010002b18       0x68 CMakeFiles/pico_webserver.dir/pico-sdk/src/common/pico_util/pheap.c.obj
 .text.ph_create
                0x0000000010002b80       0x60 CMakeFiles/pico_webserver.dir/pico-sdk/src/common/pico_util/pheap.c.obj
                0x0000000010002b80                ph_create
 .text.ph_post_alloc_init
                0x0000000010002be0       0x3c CMakeFiles/pico_webserver.dir/pico-sdk/src/common/pico_util/pheap.c.obj
                0x0000000010002be0                ph_post_alloc_init
 .text.ph_destroy
                0x0000000010002c1c       0x14 CMakeFiles/pico_webserver.dir/pico-sdk/src/common/pico_util/pheap.c.obj
                0x0000000010002c1c                ph_destroy
 .text.ph_merge_two_pass
                0x0000000010002c30       0x90 CMakeFiles/pico_webserver.dir/pico-sdk/src/common/pico_util/pheap.c.obj
                0x0000000010002c30                ph_merge_two_pass
 .text.ph_remove_any_head
                0x0000000010002cc0      0x100 CMakeFiles/pico_webserver.dir/pico-sdk/src/common/pico_util/pheap.c.obj
 .text.ph_remove_head
                0x0000000010002dc0      0x104 CMakeFiles/pico_webserver.dir/pico-sdk/src/common/pico_util/pheap.c.obj
                0x0000000010002dc0                ph_remove_head
 .text.ph_remove_and_free_node
                0x0000000010002ec4       0x7c CMakeFiles/pico_webserver.dir/pico-sdk/src/common/pico_util/pheap.c.obj
                0x0000000010002ec4                ph_remove_and_free_node
 .text.clock_configure
                0x0000000010002f40      0x118 CMakeFiles/pico_webserver.dir/pico-sdk/src/rp2_common/hardware_clocks/clocks.c.obj
                0x0000000010002f40                clock_configure
 .text.clocks_init
                0x0000000010003058      0x2d0 CMakeFiles/pico_webserver.dir/pico-sdk/src/rp2_common/hardware_clocks/clocks.c.obj
                0x0000000010003058                clocks_init
 .text.clock_get_hz
                0x0000000010003328        0xc CMakeFiles/pico_webserver.dir/pico-sdk/src/rp2_common/hardware_clocks/clocks.c.obj
                0x0000000010003328                clock_get_hz
 .text.pll_init
                0x0000000010003334       0xa0 CMakeFiles/pico_webserver.dir/pico-sdk/src/rp2_common/hardware_pll/pll.c.obj
                0x0000000010003334                pll_init
 .text.watchdog_start_tick
                0x00000000100033d4       0x10 CMakeFiles/pico_webserver.dir/pico-sdk/src/rp2_common/hardware_watchdog/watchdog.c.obj
                0x00000000100033d4                watchdog_start_tick
 .text.xosc_init
                0x00000000100033e4       0x28 CMakeFiles/pico_webserver.dir/pico-sdk/src/rp2_common/hardware_xosc/xosc.c.obj
                0x00000000100033e4                xosc_init
 .text.runtime_init
                0x000000001000340c       0xf0 CMakeFiles/pico_webserver.dir/pico-sdk/src/rp2_common/pico_runtime/runtime.c.obj
                0x000000001000340c                runtime_init
 .text._exit    0x00000000100034fc       0x14 CMakeFiles/pico_webserver.dir/pico-sdk/src/rp2_common/pico_runtime/runtime.c.obj
                0x00000000100034fc                _exit
 .text._sbrk    0x0000000010003510       0x34 CMakeFiles/pico_webserver.dir/pico-sdk/src/rp2_common/pico_runtime/runtime.c.obj
                0x0000000010003510                _sbrk
 .text.exit     0x0000000010003544        0x8 CMakeFiles/pico_webserver.dir/pico-sdk/src/rp2_common/pico_runtime/runtime.c.obj
                0x0000000010003544                exit
 .text.panic    0x000000001000354c       0x30 CMakeFiles/pico_webserver.dir/pico-sdk/src/rp2_common/pico_runtime/runtime.c.obj
                0x000000001000354c                panic
 .text.hard_assertion_failure
                0x000000001000357c        0xc CMakeFiles/pico_webserver.dir/pico-sdk/src/rp2_common/pico_runtime/runtime.c.obj
                0x000000001000357c                hard_assertion_failure
 .text._out_buffer
                0x0000000010003588        0x8 CMakeFiles/pico_webserver.dir/pico-sdk/src/rp2_common/pico_printf/printf.c.obj
 .text._out_null
                0x0000000010003590        0x4 CMakeFiles/pico_webserver.dir/pico-sdk/src/rp2_common/pico_printf/printf.c.obj
 .text._out_rev
                0x0000000010003594       0x9c CMakeFiles/pico_webserver.dir/pico-sdk/src/rp2_common/pico_printf/printf.c.obj
 .text._ntoa_format
                0x0000000010003630      0x1cc CMakeFiles/pico_webserver.dir/pico-sdk/src/rp2_common/pico_printf/printf.c.obj
 .text._out_char
                0x00000000100037fc       0x10 CMakeFiles/pico_webserver.dir/pico-sdk/src/rp2_common/pico_printf/printf.c.obj
 .text._out_fct
                0x000000001000380c       0x10 CMakeFiles/pico_webserver.dir/pico-sdk/src/rp2_common/pico_printf/printf.c.obj
 .text._etoa    0x000000001000381c      0x44c CMakeFiles/pico_webserver.dir/pico-sdk/src/rp2_common/pico_printf/printf.c.obj
 .text._ftoa    0x0000000010003c68      0x398 CMakeFiles/pico_webserver.dir/pico-sdk/src/rp2_common/pico_printf/printf.c.obj
 .text._vsnprintf
                0x0000000010004000      0xb04 CMakeFiles/pico_webserver.dir/pico-sdk/src/rp2_common/pico_printf/printf.c.obj
 .text.__wrap_sprintf
                0x0000000010004b04       0x28 CMakeFiles/pico_webserver.dir/pico-sdk/src/rp2_common/pico_printf/printf.c.obj
                0x0000000010004b04                __wrap_sprintf
 .text.__wrap_snprintf
                0x0000000010004b2c       0x28 CMakeFiles/pico_webserver.dir/pico-sdk/src/rp2_common/pico_printf/printf.c.obj
                0x0000000010004b2c                __wrap_snprintf
 .text.vfctprintf
                0x0000000010004b54       0x20 CMakeFiles/pico_webserver.dir/pico-sdk/src/rp2_common/pico_printf/printf.c.obj
                0x0000000010004b54                vfctprintf
 .text.weak_raw_vprintf
                0x0000000010004b74       0x30 CMakeFiles/pico_webserver.dir/pico-sdk/src/rp2_common/pico_printf/printf.c.obj
                0x0000000010004b74                weak_raw_vprintf
 .text          0x0000000010004ba4       0x10 CMakeFiles/pico_webserver.dir/pico-sdk/src/rp2_common/pico_bit_ops/bit_ops_aeabi.S.obj
 .text.ctzsi    0x0000000010004bb4        0xc CMakeFiles/pico_webserver.dir/pico-sdk/src/rp2_common/pico_bit_ops/bit_ops_aeabi.S.obj
                0x0000000010004bb4                __wrap___ctzsi2
 .text.rom_func_lookup
                0x0000000010004bc0       0x10 CMakeFiles/pico_webserver.dir/pico-sdk/src/rp2_common/pico_bootrom/bootrom.c.obj
                0x0000000010004bc0                rom_func_lookup
 .text.rom_data_lookup
                0x0000000010004bd0       0x10 CMakeFiles/pico_webserver.dir/pico-sdk/src/rp2_common/pico_bootrom/bootrom.c.obj
                0x0000000010004bd0                rom_data_lookup
 .text.rom_funcs_lookup
                0x0000000010004be0       0x44 CMakeFiles/pico_webserver.dir/pico-sdk/src/rp2_common/pico_bootrom/bootrom.c.obj
                0x0000000010004be0                rom_funcs_lookup
 .text.__wrap___aeabi_idiv
                0x0000000010004c24       0x50 CMakeFiles/pico_webserver.dir/pico-sdk/src/rp2_common/pico_divider/divider.S.obj
                0x0000000010004c24                __wrap___aeabi_idivmod
                0x0000000010004c24                divmod_s32s32
                0x0000000010004c24                div_s32s32
                0x0000000010004c24                __wrap___aeabi_idiv
                0x0000000010004c2c                divmod_s32s32_unsafe
                0x0000000010004c58                divmod_s32s32_savestate
 .text.__wrap___aeabi_uidiv
                0x0000000010004c74       0x4c CMakeFiles/pico_webserver.dir/pico-sdk/src/rp2_common/pico_divider/divider.S.obj
                0x0000000010004c74                __wrap___aeabi_uidiv
                0x0000000010004c74                __wrap___aeabi_uidivmod
                0x0000000010004c74                div_u32u32
                0x0000000010004c74                divmod_u32u32
                0x0000000010004c7c                divmod_u32u32_unsafe
                0x0000000010004ca4                divmod_u32u32_savestate
 .text.__wrap___aeabi_ldiv
                0x0000000010004cc0      0x424 CMakeFiles/pico_webserver.dir/pico-sdk/src/rp2_common/pico_divider/divider.S.obj
                0x0000000010004cc0                div_s64s64
                0x0000000010004cc0                divmod_s64s64
                0x0000000010004cc0                __wrap___aeabi_ldivmod
                0x0000000010004cf0                div_u64u64
                0x0000000010004cf0                divmod_u64u64
                0x0000000010004cf0                __wrap___aeabi_uldivmod
                0x0000000010004d00                divmod_u64u64_savestate
                0x0000000010004d20                divmod_s64s64_unsafe
                0x0000000010004da8                divmod_u64u64_unsafe
 .text.__wrap___aeabi_darithmetic
                0x00000000100050e4       0x60 CMakeFiles/pico_webserver.dir/pico-sdk/src/rp2_common/pico_double/double_aeabi.S.obj
                0x00000000100050e4                __wrap___aeabi_drsub
                0x00000000100050ea                __wrap___aeabi_dsub
                0x00000000100050f4                __wrap___aeabi_dadd
                0x00000000100050fe                __wrap___aeabi_ddiv
                0x0000000010005132                __wrap___aeabi_dmul
 .text.__wrap___aeabi_cdcmple
                0x0000000010005144       0x6c CMakeFiles/pico_webserver.dir/pico-sdk/src/rp2_common/pico_double/double_aeabi.S.obj
                0x0000000010005144                __wrap___aeabi_cdrcmple
                0x0000000010005154                __wrap___aeabi_cdcmple
                0x0000000010005154                __wrap___aeabi_cdcmpeq
 .text.__wrap___aeabi_dcmplt
                0x00000000100051b0        0xc CMakeFiles/pico_webserver.dir/pico-sdk/src/rp2_common/pico_double/double_aeabi.S.obj
                0x00000000100051b0                __wrap___aeabi_dcmplt
 .text.__wrap___aeabi_dcmple
                0x00000000100051bc       0x10 CMakeFiles/pico_webserver.dir/pico-sdk/src/rp2_common/pico_double/double_aeabi.S.obj
                0x00000000100051bc                __wrap___aeabi_dcmple
 .text.__wrap___aeabi_dcmpge
                0x00000000100051cc       0x10 CMakeFiles/pico_webserver.dir/pico-sdk/src/rp2_common/pico_double/double_aeabi.S.obj
                0x00000000100051cc                __wrap___aeabi_dcmpge
 .text.__wrap___aeabi_dcmpgt
                0x00000000100051dc        0xa CMakeFiles/pico_webserver.dir/pico-sdk/src/rp2_common/pico_double/double_aeabi.S.obj
                0x00000000100051dc                __wrap___aeabi_dcmpgt
 .text.__wrap___aeabi_dcmpun
                0x00000000100051e6       0x1c CMakeFiles/pico_webserver.dir/pico-sdk/src/rp2_common/pico_double/double_aeabi.S.obj
                0x00000000100051e6                __wrap___aeabi_dcmpun
 *fill*         0x0000000010005202        0x2 
 .text.__wrap___aeabi_i2d
                0x0000000010005204       0x38 CMakeFiles/pico_webserver.dir/pico-sdk/src/rp2_common/pico_double/double_aeabi.S.obj
                0x0000000010005204                __wrap___aeabi_ui2d
                0x000000001000520c                __wrap___aeabi_i2d
 .text.__wrap___aeabi_d2iz
                0x000000001000523c       0x48 CMakeFiles/pico_webserver.dir/pico-sdk/src/rp2_common/pico_double/double_aeabi.S.obj
                0x000000001000523c                __wrap___aeabi_d2iz
                0x000000001000523c                double2int_z
 .text.__wrap___aeabi_d2uiz
                0x0000000010005284       0x10 CMakeFiles/pico_webserver.dir/pico-sdk/src/rp2_common/pico_double/double_aeabi.S.obj
                0x0000000010005284                double2uint
                0x0000000010005284                __wrap___aeabi_d2uiz
 .text.missing_double_func_shim
                0x0000000010005294        0xc CMakeFiles/pico_webserver.dir/pico-sdk/src/rp2_common/pico_double/double_init_rom.c.obj
 .text.__aeabi_double_init
                0x00000000100052a0       0x98 CMakeFiles/pico_webserver.dir/pico-sdk/src/rp2_common/pico_double/double_init_rom.c.obj
                0x00000000100052a0                __aeabi_double_init
 .text.double_table_shim_on_use_helper
                0x0000000010005338       0x2c CMakeFiles/pico_webserver.dir/pico-sdk/src/rp2_common/pico_double/double_v1_rom_shim.S.obj
                0x0000000010005338                double_table_shim_on_use_helper
 .text.__aeabi_lmul
                0x0000000010005364       0x32 CMakeFiles/pico_webserver.dir/pico-sdk/src/rp2_common/pico_int64_ops/pico_int64_ops_aeabi.S.obj
                0x0000000010005364                __wrap___aeabi_lmul
 *fill*         0x0000000010005396        0x2 
 .text.__wrap___aeabi_farithmetic
                0x0000000010005398       0x48 CMakeFiles/pico_webserver.dir/pico-sdk/src/rp2_common/pico_float/float_aeabi.S.obj
                0x0000000010005398                __wrap___aeabi_frsub
                0x000000001000539e                __wrap___aeabi_fsub
                0x00000000100053a4                __wrap___aeabi_fadd
                0x00000000100053aa                __wrap___aeabi_fdiv
                0x00000000100053d2                __wrap___aeabi_fmul
 .text.__wrap___aeabi_i2f
                0x00000000100053e0       0x44 CMakeFiles/pico_webserver.dir/pico-sdk/src/rp2_common/pico_float/float_aeabi.S.obj
                0x00000000100053e0                __wrap___aeabi_i2f
 .text.__wrap___aeabi_f2d
                0x0000000010005424        0xc CMakeFiles/pico_webserver.dir/pico-sdk/src/rp2_common/pico_float/float_aeabi.S.obj
                0x0000000010005424                __wrap___aeabi_f2d
 .text.missing_float_func_shim
                0x0000000010005430        0xc CMakeFiles/pico_webserver.dir/pico-sdk/src/rp2_common/pico_float/float_init_rom.c.obj
 .text.__aeabi_float_init
                0x000000001000543c       0x5c CMakeFiles/pico_webserver.dir/pico-sdk/src/rp2_common/pico_float/float_init_rom.c.obj
                0x000000001000543c                __aeabi_float_init
 .text.__wrap_malloc
                0x0000000010005498       0x3c CMakeFiles/pico_webserver.dir/pico-sdk/src/rp2_common/pico_malloc/pico_malloc.c.obj
                0x0000000010005498                __wrap_malloc
 .text.__wrap_calloc
                0x00000000100054d4       0x40 CMakeFiles/pico_webserver.dir/pico-sdk/src/rp2_common/pico_malloc/pico_malloc.c.obj
                0x00000000100054d4                __wrap_calloc
 .text.__wrap_free
                0x0000000010005514       0x20 CMakeFiles/pico_webserver.dir/pico-sdk/src/rp2_common/pico_malloc/pico_malloc.c.obj
                0x0000000010005514                __wrap_free
 .text          0x0000000010005534       0x10 CMakeFiles/pico_webserver.dir/pico-sdk/src/rp2_common/pico_mem_ops/mem_ops_aeabi.S.obj
                0x0000000010005534                __aeabi_mem_init
 .text.memset   0x0000000010005544        0xc CMakeFiles/pico_webserver.dir/pico-sdk/src/rp2_common/pico_mem_ops/mem_ops_aeabi.S.obj
                0x0000000010005544                __wrap_memset
 .text.memcpy   0x0000000010005550        0xc CMakeFiles/pico_webserver.dir/pico-sdk/src/rp2_common/pico_mem_ops/mem_ops_aeabi.S.obj
                0x0000000010005550                __wrap___aeabi_memcpy
                0x0000000010005550                __wrap_memcpy
 .text.stdio_out_chars_no_crlf
                0x000000001000555c       0x10 CMakeFiles/pico_webserver.dir/pico-sdk/src/rp2_common/pico_stdio/stdio.c.obj
 .text.stdio_out_chars_crlf
                0x000000001000556c       0xb4 CMakeFiles/pico_webserver.dir/pico-sdk/src/rp2_common/pico_stdio/stdio.c.obj
 .text.stdio_buffered_printer
                0x0000000010005620       0x64 CMakeFiles/pico_webserver.dir/pico-sdk/src/rp2_common/pico_stdio/stdio.c.obj
 .text.stdio_put_string.isra.0
                0x0000000010005684       0xfc CMakeFiles/pico_webserver.dir/pico-sdk/src/rp2_common/pico_stdio/stdio.c.obj
 .text.__wrap_putchar
                0x0000000010005780       0x98 CMakeFiles/pico_webserver.dir/pico-sdk/src/rp2_common/pico_stdio/stdio.c.obj
                0x0000000010005780                __wrap_putchar
 .text.__wrap_puts
                0x0000000010005818       0x3c CMakeFiles/pico_webserver.dir/pico-sdk/src/rp2_common/pico_stdio/stdio.c.obj
                0x0000000010005818                __wrap_puts
 .text.__wrap_vprintf
                0x0000000010005854       0xd8 CMakeFiles/pico_webserver.dir/pico-sdk/src/rp2_common/pico_stdio/stdio.c.obj
                0x0000000010005854                __wrap_vprintf
 .text.__wrap_printf
                0x000000001000592c       0x18 CMakeFiles/pico_webserver.dir/pico-sdk/src/rp2_common/pico_stdio/stdio.c.obj
                0x000000001000592c                __wrap_printf
 .text.startup._retrieve_unique_id_on_boot
                0x0000000010005944       0x10 CMakeFiles/pico_webserver.dir/pico-sdk/src/rp2_common/pico_unique_id/unique_id.c.obj
 .text.pico_get_unique_board_id
                0x0000000010005954       0x10 CMakeFiles/pico_webserver.dir/pico-sdk/src/rp2_common/pico_unique_id/unique_id.c.obj
                0x0000000010005954                pico_get_unique_board_id
 .text.flash_get_unique_id
                0x0000000010005964       0x40 CMakeFiles/pico_webserver.dir/pico-sdk/src/rp2_common/hardware_flash/flash.c.obj
                0x0000000010005964                flash_get_unique_id
 .text.dcd_int_enable
                0x00000000100059a4        0xc CMakeFiles/pico_webserver.dir/pico-sdk/lib/tinyusb/src/portable/raspberrypi/rp2040/dcd_rp2040.c.obj
                0x00000000100059a4                dcd_int_enable
 .text.dcd_set_address
                0x00000000100059b0       0x14 CMakeFiles/pico_webserver.dir/pico-sdk/lib/tinyusb/src/portable/raspberrypi/rp2040/dcd_rp2040.c.obj
                0x00000000100059b0                dcd_set_address
 .text.dcd_connect
                0x00000000100059c4       0x10 CMakeFiles/pico_webserver.dir/pico-sdk/lib/tinyusb/src/portable/raspberrypi/rp2040/dcd_rp2040.c.obj
                0x00000000100059c4                dcd_connect
 .text.dcd_init
                0x00000000100059d4       0x98 CMakeFiles/pico_webserver.dir/pico-sdk/lib/tinyusb/src/portable/raspberrypi/rp2040/dcd_rp2040.c.obj
                0x00000000100059d4                dcd_init
 .text.dcd_edpt0_status_complete
                0x0000000010005a6c       0x1c CMakeFiles/pico_webserver.dir/pico-sdk/lib/tinyusb/src/portable/raspberrypi/rp2040/dcd_rp2040.c.obj
                0x0000000010005a6c                dcd_edpt0_status_complete
 .text.dcd_edpt_open
                0x0000000010005a88      0x108 CMakeFiles/pico_webserver.dir/pico-sdk/lib/tinyusb/src/portable/raspberrypi/rp2040/dcd_rp2040.c.obj
                0x0000000010005a88                dcd_edpt_open
 .text.dcd_edpt_close_all
                0x0000000010005b90        0x8 CMakeFiles/pico_webserver.dir/pico-sdk/lib/tinyusb/src/portable/raspberrypi/rp2040/dcd_rp2040.c.obj
                0x0000000010005b90                dcd_edpt_close_all
 .text.dcd_edpt_xfer
                0x0000000010005b98       0x24 CMakeFiles/pico_webserver.dir/pico-sdk/lib/tinyusb/src/portable/raspberrypi/rp2040/dcd_rp2040.c.obj
                0x0000000010005b98                dcd_edpt_xfer
 .text.dcd_edpt_stall
                0x0000000010005bbc       0x38 CMakeFiles/pico_webserver.dir/pico-sdk/lib/tinyusb/src/portable/raspberrypi/rp2040/dcd_rp2040.c.obj
                0x0000000010005bbc                dcd_edpt_stall
 .text.dcd_edpt_clear_stall
                0x0000000010005bf4       0x30 CMakeFiles/pico_webserver.dir/pico-sdk/lib/tinyusb/src/portable/raspberrypi/rp2040/dcd_rp2040.c.obj
                0x0000000010005bf4                dcd_edpt_clear_stall
 .text.rp2040_usb_init
                0x0000000010005c24       0x4c CMakeFiles/pico_webserver.dir/pico-sdk/lib/tinyusb/src/portable/raspberrypi/rp2040/rp2040_usb.c.obj
                0x0000000010005c24                rp2040_usb_init
 .text.hw_endpoint_xfer_start
                0x0000000010005c70       0x50 CMakeFiles/pico_webserver.dir/pico-sdk/lib/tinyusb/src/portable/raspberrypi/rp2040/rp2040_usb.c.obj
                0x0000000010005c70                hw_endpoint_xfer_start
 .text.tud_mounted
                0x0000000010005cc0       0x10 CMakeFiles/pico_webserver.dir/pico-sdk/lib/tinyusb/src/device/usbd.c.obj
                0x0000000010005cc0                tud_mounted
 .text.tud_suspended
                0x0000000010005cd0       0x10 CMakeFiles/pico_webserver.dir/pico-sdk/lib/tinyusb/src/device/usbd.c.obj
                0x0000000010005cd0                tud_suspended
 .text.tud_inited
                0x0000000010005ce0       0x14 CMakeFiles/pico_webserver.dir/pico-sdk/lib/tinyusb/src/device/usbd.c.obj
                0x0000000010005ce0                tud_inited
 .text.tud_init
                0x0000000010005cf4       0xe4 CMakeFiles/pico_webserver.dir/pico-sdk/lib/tinyusb/src/device/usbd.c.obj
                0x0000000010005cf4                tud_init
 .text.tud_task_ext
                0x0000000010005dd8      0x870 CMakeFiles/pico_webserver.dir/pico-sdk/lib/tinyusb/src/device/usbd.c.obj
                0x0000000010005dd8                tud_task_ext
 .text.usbd_open_edpt_pair
                0x0000000010006648       0x9c CMakeFiles/pico_webserver.dir/pico-sdk/lib/tinyusb/src/device/usbd.c.obj
                0x0000000010006648                usbd_open_edpt_pair
 .text.usbd_edpt_open
                0x00000000100066e4       0x34 CMakeFiles/pico_webserver.dir/pico-sdk/lib/tinyusb/src/device/usbd.c.obj
                0x00000000100066e4                usbd_edpt_open
 .text.usbd_edpt_xfer
                0x0000000010006718       0x4c CMakeFiles/pico_webserver.dir/pico-sdk/lib/tinyusb/src/device/usbd.c.obj
                0x0000000010006718                usbd_edpt_xfer
 .text.usbd_edpt_busy
                0x0000000010006764       0x1c CMakeFiles/pico_webserver.dir/pico-sdk/lib/tinyusb/src/device/usbd.c.obj
                0x0000000010006764                usbd_edpt_busy
 .text.tud_control_status
                0x0000000010006780       0x30 CMakeFiles/pico_webserver.dir/pico-sdk/lib/tinyusb/src/device/usbd_control.c.obj
                0x0000000010006780                tud_control_status
 .text.tud_control_xfer
                0x00000000100067b0       0xbc CMakeFiles/pico_webserver.dir/pico-sdk/lib/tinyusb/src/device/usbd_control.c.obj
                0x00000000100067b0                tud_control_xfer
 .text.usbd_control_reset
                0x000000001000686c       0x14 CMakeFiles/pico_webserver.dir/pico-sdk/lib/tinyusb/src/device/usbd_control.c.obj
                0x000000001000686c                usbd_control_reset
 .text.usbd_control_set_complete_callback
                0x0000000010006880        0xc CMakeFiles/pico_webserver.dir/pico-sdk/lib/tinyusb/src/device/usbd_control.c.obj
                0x0000000010006880                usbd_control_set_complete_callback
 .text.usbd_control_set_request
                0x000000001000688c       0x1c CMakeFiles/pico_webserver.dir/pico-sdk/lib/tinyusb/src/device/usbd_control.c.obj
                0x000000001000688c                usbd_control_set_request
 .text.usbd_control_xfer_cb
                0x00000000100068a8       0xfc CMakeFiles/pico_webserver.dir/pico-sdk/lib/tinyusb/src/device/usbd_control.c.obj
                0x00000000100068a8                usbd_control_xfer_cb
 .text.tud_network_recv_renew
                0x00000000100069a4       0x20 CMakeFiles/pico_webserver.dir/pico-sdk/lib/tinyusb/src/class/net/ecm_rndis_device.c.obj
                0x00000000100069a4                tud_network_recv_renew
 .text.netd_report
                0x00000000100069c4       0x24 CMakeFiles/pico_webserver.dir/pico-sdk/lib/tinyusb/src/class/net/ecm_rndis_device.c.obj
                0x00000000100069c4                netd_report
 .text.netd_init
                0x00000000100069e8       0x14 CMakeFiles/pico_webserver.dir/pico-sdk/lib/tinyusb/src/class/net/ecm_rndis_device.c.obj
                0x00000000100069e8                netd_init
 .text.netd_reset
                0x00000000100069fc       0x14 CMakeFiles/pico_webserver.dir/pico-sdk/lib/tinyusb/src/class/net/ecm_rndis_device.c.obj
                0x00000000100069fc                netd_reset
 .text.netd_open
                0x0000000010006a10      0x11c CMakeFiles/pico_webserver.dir/pico-sdk/lib/tinyusb/src/class/net/ecm_rndis_device.c.obj
                0x0000000010006a10                netd_open
 .text.netd_control_xfer_cb
                0x0000000010006b2c      0x174 CMakeFiles/pico_webserver.dir/pico-sdk/lib/tinyusb/src/class/net/ecm_rndis_device.c.obj
                0x0000000010006b2c                netd_control_xfer_cb
 .text.netd_xfer_cb
                0x0000000010006ca0       0xec CMakeFiles/pico_webserver.dir/pico-sdk/lib/tinyusb/src/class/net/ecm_rndis_device.c.obj
                0x0000000010006ca0                netd_xfer_cb
 .text.tud_network_can_xmit
                0x0000000010006d8c        0xc CMakeFiles/pico_webserver.dir/pico-sdk/lib/tinyusb/src/class/net/ecm_rndis_device.c.obj
                0x0000000010006d8c                tud_network_can_xmit
 .text.tud_network_xmit
                0x0000000010006d98       0x98 CMakeFiles/pico_webserver.dir/pico-sdk/lib/tinyusb/src/class/net/ecm_rndis_device.c.obj
                0x0000000010006d98                tud_network_xmit
 .text.tusb_init
                0x0000000010006e30        0xc CMakeFiles/pico_webserver.dir/pico-sdk/lib/tinyusb/src/tusb.c.obj
                0x0000000010006e30                tusb_init
 .text.tusb_inited
                0x0000000010006e3c        0x8 CMakeFiles/pico_webserver.dir/pico-sdk/lib/tinyusb/src/tusb.c.obj
                0x0000000010006e3c                tusb_inited
 .text.tu_edpt_validate
                0x0000000010006e44       0x78 CMakeFiles/pico_webserver.dir/pico-sdk/lib/tinyusb/src/tusb.c.obj
                0x0000000010006e44                tu_edpt_validate
 .text.tu_edpt_bind_driver
                0x0000000010006ebc       0x34 CMakeFiles/pico_webserver.dir/pico-sdk/lib/tinyusb/src/tusb.c.obj
                0x0000000010006ebc                tu_edpt_bind_driver
 .text.tu_fifo_read
                0x0000000010006ef0       0xa0 CMakeFiles/pico_webserver.dir/pico-sdk/lib/tinyusb/src/common/tusb_fifo.c.obj
                0x0000000010006ef0                tu_fifo_read
 .text.tu_fifo_write
                0x0000000010006f90       0x88 CMakeFiles/pico_webserver.dir/pico-sdk/lib/tinyusb/src/common/tusb_fifo.c.obj
                0x0000000010006f90                tu_fifo_write
 .text.tu_fifo_clear
                0x0000000010007018       0x40 CMakeFiles/pico_webserver.dir/pico-sdk/lib/tinyusb/src/common/tusb_fifo.c.obj
                0x0000000010007018                tu_fifo_clear
 .text.cyw43_arch_set_async_context
                0x0000000010007058        0xc CMakeFiles/pico_webserver.dir/pico-sdk/src/rp2_common/pico_cyw43_arch/cyw43_arch.c.obj
                0x0000000010007058                cyw43_arch_set_async_context
 .text.cyw43_arch_enable_sta_mode
                0x0000000010007064       0x1c CMakeFiles/pico_webserver.dir/pico-sdk/src/rp2_common/pico_cyw43_arch/cyw43_arch.c.obj
                0x0000000010007064                cyw43_arch_enable_sta_mode
 .text.cyw43_arch_wifi_connect_async
                0x0000000010007080       0x48 CMakeFiles/pico_webserver.dir/pico-sdk/src/rp2_common/pico_cyw43_arch/cyw43_arch.c.obj
                0x0000000010007080                cyw43_arch_wifi_connect_async
 .text.cyw43_arch_init_with_country
                0x00000000100070c8       0x10 CMakeFiles/pico_webserver.dir/pico-sdk/src/rp2_common/pico_cyw43_arch/cyw43_arch.c.obj
                0x00000000100070c8                cyw43_arch_init_with_country
 .text.cyw43_arch_gpio_put
                0x00000000100070d8       0x14 CMakeFiles/pico_webserver.dir/pico-sdk/src/rp2_common/pico_cyw43_arch/cyw43_arch.c.obj
                0x00000000100070d8                cyw43_arch_gpio_put
 .text.cyw43_arch_async_context
                0x00000000100070ec        0xc CMakeFiles/pico_webserver.dir/pico-sdk/src/rp2_common/pico_cyw43_arch/cyw43_arch.c.obj
                0x00000000100070ec                cyw43_arch_async_context
 .text.cyw43_arch_init
                0x00000000100070f8       0x6c CMakeFiles/pico_webserver.dir/pico-sdk/src/rp2_common/pico_cyw43_arch/cyw43_arch_threadsafe_background.c.obj
                0x00000000100070f8                cyw43_arch_init
 .text.ns_delay.constprop.0
                0x0000000010007164       0x20 CMakeFiles/pico_webserver.dir/pico-sdk/src/rp2_common/pico_cyw43_driver/cyw43_bus_pio_spi.c.obj
 .text.cyw43_spi_deinit
                0x0000000010007184       0x7c CMakeFiles/pico_webserver.dir/pico-sdk/src/rp2_common/pico_cyw43_driver/cyw43_bus_pio_spi.c.obj
                0x0000000010007184                cyw43_spi_deinit
 .text.cyw43_spi_init
                0x0000000010007200      0x154 CMakeFiles/pico_webserver.dir/pico-sdk/src/rp2_common/pico_cyw43_driver/cyw43_bus_pio_spi.c.obj
                0x0000000010007200                cyw43_spi_init
 .text.cyw43_spi_transfer
                0x0000000010007354      0x430 CMakeFiles/pico_webserver.dir/pico-sdk/src/rp2_common/pico_cyw43_driver/cyw43_bus_pio_spi.c.obj
                0x0000000010007354                cyw43_spi_transfer
 .text.cyw43_spi_gpio_setup
                0x0000000010007784       0x3c CMakeFiles/pico_webserver.dir/pico-sdk/src/rp2_common/pico_cyw43_driver/cyw43_bus_pio_spi.c.obj
                0x0000000010007784                cyw43_spi_gpio_setup
 .text.cyw43_spi_reset
                0x00000000100077c0       0x28 CMakeFiles/pico_webserver.dir/pico-sdk/src/rp2_common/pico_cyw43_driver/cyw43_bus_pio_spi.c.obj
                0x00000000100077c0                cyw43_spi_reset
 .text.read_reg_u32_swap
                0x00000000100077e8       0x3c CMakeFiles/pico_webserver.dir/pico-sdk/src/rp2_common/pico_cyw43_driver/cyw43_bus_pio_spi.c.obj
                0x00000000100077e8                read_reg_u32_swap
 .text.cyw43_read_reg_u32
                0x0000000010007824       0x6c CMakeFiles/pico_webserver.dir/pico-sdk/src/rp2_common/pico_cyw43_driver/cyw43_bus_pio_spi.c.obj
                0x0000000010007824                cyw43_read_reg_u32
 .text.cyw43_read_reg_u16
                0x0000000010007890       0x6c CMakeFiles/pico_webserver.dir/pico-sdk/src/rp2_common/pico_cyw43_driver/cyw43_bus_pio_spi.c.obj
                0x0000000010007890                cyw43_read_reg_u16
 .text.cyw43_read_reg_u8
                0x00000000100078fc       0x6c CMakeFiles/pico_webserver.dir/pico-sdk/src/rp2_common/pico_cyw43_driver/cyw43_bus_pio_spi.c.obj
                0x00000000100078fc                cyw43_read_reg_u8
 .text.write_reg_u32_swap
                0x0000000010007968      0x1e0 CMakeFiles/pico_webserver.dir/pico-sdk/src/rp2_common/pico_cyw43_driver/cyw43_bus_pio_spi.c.obj
                0x0000000010007968                write_reg_u32_swap
 .text.cyw43_write_reg_u32
                0x0000000010007b48      0x200 CMakeFiles/pico_webserver.dir/pico-sdk/src/rp2_common/pico_cyw43_driver/cyw43_bus_pio_spi.c.obj
                0x0000000010007b48                cyw43_write_reg_u32
 .text.cyw43_write_reg_u16
                0x0000000010007d48      0x200 CMakeFiles/pico_webserver.dir/pico-sdk/src/rp2_common/pico_cyw43_driver/cyw43_bus_pio_spi.c.obj
                0x0000000010007d48                cyw43_write_reg_u16
 .text.cyw43_write_reg_u8
                0x0000000010007f48      0x200 CMakeFiles/pico_webserver.dir/pico-sdk/src/rp2_common/pico_cyw43_driver/cyw43_bus_pio_spi.c.obj
                0x0000000010007f48                cyw43_write_reg_u8
 .text.cyw43_read_bytes
                0x0000000010008148       0x78 CMakeFiles/pico_webserver.dir/pico-sdk/src/rp2_common/pico_cyw43_driver/cyw43_bus_pio_spi.c.obj
                0x0000000010008148                cyw43_read_bytes
 .text.cyw43_write_bytes
                0x00000000100081c0       0xec CMakeFiles/pico_webserver.dir/pico-sdk/src/rp2_common/pico_cyw43_driver/cyw43_bus_pio_spi.c.obj
                0x00000000100081c0                cyw43_write_bytes
 .text.cyw43_set_backplane_window
                0x00000000100082ac       0x64 CMakeFiles/pico_webserver.dir/pico-sdk/lib/cyw43-driver/src/cyw43_ll.c.obj
 .text.cyw43_ll_parse_async_event
                0x0000000010008310      0x13c CMakeFiles/pico_webserver.dir/pico-sdk/lib/cyw43-driver/src/cyw43_ll.c.obj
 .text.cyw43_kso_set
                0x000000001000844c       0xa0 CMakeFiles/pico_webserver.dir/pico-sdk/lib/cyw43-driver/src/cyw43_ll.c.obj
 .text.cyw43_ll_sdpcm_poll_device
                0x00000000100084ec      0x238 CMakeFiles/pico_webserver.dir/pico-sdk/lib/cyw43-driver/src/cyw43_ll.c.obj
 .text.cyw43_sdpcm_send_common
                0x0000000010008724       0xf0 CMakeFiles/pico_webserver.dir/pico-sdk/lib/cyw43-driver/src/cyw43_ll.c.obj
 .text.cyw43_do_ioctl
                0x0000000010008814      0x110 CMakeFiles/pico_webserver.dir/pico-sdk/lib/cyw43-driver/src/cyw43_ll.c.obj
 .text.cyw43_do_ioctl.constprop.0
                0x0000000010008924      0x108 CMakeFiles/pico_webserver.dir/pico-sdk/lib/cyw43-driver/src/cyw43_ll.c.obj
 .text.cyw43_read_backplane.constprop.0
                0x0000000010008a2c       0xdc CMakeFiles/pico_webserver.dir/pico-sdk/lib/cyw43-driver/src/cyw43_ll.c.obj
 .text.reset_device_core.constprop.0
                0x0000000010008b08      0x3f0 CMakeFiles/pico_webserver.dir/pico-sdk/lib/cyw43-driver/src/cyw43_ll.c.obj
 .text.cyw43_ll_init
                0x0000000010008ef8       0x1c CMakeFiles/pico_webserver.dir/pico-sdk/lib/cyw43-driver/src/cyw43_ll.c.obj
                0x0000000010008ef8                cyw43_ll_init
 .text.cyw43_ll_deinit
                0x0000000010008f14        0x8 CMakeFiles/pico_webserver.dir/pico-sdk/lib/cyw43-driver/src/cyw43_ll.c.obj
                0x0000000010008f14                cyw43_ll_deinit
 .text.cyw43_ll_send_ethernet
                0x0000000010008f1c       0x60 CMakeFiles/pico_webserver.dir/pico-sdk/lib/cyw43-driver/src/cyw43_ll.c.obj
                0x0000000010008f1c                cyw43_ll_send_ethernet
 .text.cyw43_ll_process_packets
                0x0000000010008f7c       0x54 CMakeFiles/pico_webserver.dir/pico-sdk/lib/cyw43-driver/src/cyw43_ll.c.obj
                0x0000000010008f7c                cyw43_ll_process_packets
 .text.cyw43_ll_ioctl
                0x0000000010008fd0       0x20 CMakeFiles/pico_webserver.dir/pico-sdk/lib/cyw43-driver/src/cyw43_ll.c.obj
                0x0000000010008fd0                cyw43_ll_ioctl
 .text.cyw43_ll_bus_sleep
                0x0000000010008ff0       0x34 CMakeFiles/pico_webserver.dir/pico-sdk/lib/cyw43-driver/src/cyw43_ll.c.obj
                0x0000000010008ff0                cyw43_ll_bus_sleep
 .text.cyw43_ll_bus_init
                0x0000000010009024      0xbf0 CMakeFiles/pico_webserver.dir/pico-sdk/lib/cyw43-driver/src/cyw43_ll.c.obj
                0x0000000010009024                cyw43_ll_bus_init
 .text.cyw43_ll_wifi_on
                0x0000000010009c14      0x240 CMakeFiles/pico_webserver.dir/pico-sdk/lib/cyw43-driver/src/cyw43_ll.c.obj
                0x0000000010009c14                cyw43_ll_wifi_on
 .text.cyw43_ll_wifi_get_mac
                0x0000000010009e54       0x44 CMakeFiles/pico_webserver.dir/pico-sdk/lib/cyw43-driver/src/cyw43_ll.c.obj
                0x0000000010009e54                cyw43_ll_wifi_get_mac
 .text.cyw43_ll_wifi_pm
                0x0000000010009e98      0x194 CMakeFiles/pico_webserver.dir/pico-sdk/lib/cyw43-driver/src/cyw43_ll.c.obj
                0x0000000010009e98                cyw43_ll_wifi_pm
 .text.cyw43_ll_wifi_scan
                0x000000001000a02c       0x68 CMakeFiles/pico_webserver.dir/pico-sdk/lib/cyw43-driver/src/cyw43_ll.c.obj
                0x000000001000a02c                cyw43_ll_wifi_scan
 .text.cyw43_ll_wifi_join
                0x000000001000a094      0x310 CMakeFiles/pico_webserver.dir/pico-sdk/lib/cyw43-driver/src/cyw43_ll.c.obj
                0x000000001000a094                cyw43_ll_wifi_join
 .text.cyw43_ll_wifi_set_wpa_auth
                0x000000001000a3a4       0x2c CMakeFiles/pico_webserver.dir/pico-sdk/lib/cyw43-driver/src/cyw43_ll.c.obj
                0x000000001000a3a4                cyw43_ll_wifi_set_wpa_auth
 .text.cyw43_ll_wifi_rejoin
                0x000000001000a3d0       0x1c CMakeFiles/pico_webserver.dir/pico-sdk/lib/cyw43-driver/src/cyw43_ll.c.obj
                0x000000001000a3d0                cyw43_ll_wifi_rejoin
 .text.cyw43_ll_wifi_ap_init
                0x000000001000a3ec      0x2c4 CMakeFiles/pico_webserver.dir/pico-sdk/lib/cyw43-driver/src/cyw43_ll.c.obj
                0x000000001000a3ec                cyw43_ll_wifi_ap_init
 .text.cyw43_ll_wifi_ap_set_up
                0x000000001000a6b0       0x54 CMakeFiles/pico_webserver.dir/pico-sdk/lib/cyw43-driver/src/cyw43_ll.c.obj
                0x000000001000a6b0                cyw43_ll_wifi_ap_set_up
 .text.cyw43_ll_gpio_set
                0x000000001000a704       0x6c CMakeFiles/pico_webserver.dir/pico-sdk/lib/cyw43-driver/src/cyw43_ll.c.obj
                0x000000001000a704                cyw43_ll_gpio_set
 .text.cyw43_ll_has_work
                0x000000001000a770       0x14 CMakeFiles/pico_webserver.dir/pico-sdk/lib/cyw43-driver/src/cyw43_ll.c.obj
                0x000000001000a770                cyw43_ll_has_work
 .text.cyw43_poll_func
                0x000000001000a784       0xc0 CMakeFiles/pico_webserver.dir/pico-sdk/lib/cyw43-driver/src/cyw43_ctrl.c.obj
 .text.cyw43_init
                0x000000001000a844       0x6c CMakeFiles/pico_webserver.dir/pico-sdk/lib/cyw43-driver/src/cyw43_ctrl.c.obj
                0x000000001000a844                cyw43_init
 .text.cyw43_deinit
                0x000000001000a8b0       0x90 CMakeFiles/pico_webserver.dir/pico-sdk/lib/cyw43-driver/src/cyw43_ctrl.c.obj
                0x000000001000a8b0                cyw43_deinit
 .text.cyw43_cb_read_host_interrupt_pin
                0x000000001000a940        0xc CMakeFiles/pico_webserver.dir/pico-sdk/lib/cyw43-driver/src/cyw43_ctrl.c.obj
                0x000000001000a940                cyw43_cb_read_host_interrupt_pin
 .text.cyw43_cb_ensure_awake
                0x000000001000a94c        0xc CMakeFiles/pico_webserver.dir/pico-sdk/lib/cyw43-driver/src/cyw43_ctrl.c.obj
                0x000000001000a94c                cyw43_cb_ensure_awake
 .text.cyw43_cb_process_async_event
                0x000000001000a958      0x228 CMakeFiles/pico_webserver.dir/pico-sdk/lib/cyw43-driver/src/cyw43_ctrl.c.obj
                0x000000001000a958                cyw43_cb_process_async_event
 .text.cyw43_ioctl
                0x000000001000ab80       0xb4 CMakeFiles/pico_webserver.dir/pico-sdk/lib/cyw43-driver/src/cyw43_ctrl.c.obj
                0x000000001000ab80                cyw43_ioctl
 .text.cyw43_send_ethernet
                0x000000001000ac34       0xc0 CMakeFiles/pico_webserver.dir/pico-sdk/lib/cyw43-driver/src/cyw43_ctrl.c.obj
                0x000000001000ac34                cyw43_send_ethernet
 .text.cyw43_wifi_pm
                0x000000001000acf4       0xb4 CMakeFiles/pico_webserver.dir/pico-sdk/lib/cyw43-driver/src/cyw43_ctrl.c.obj
                0x000000001000acf4                cyw43_wifi_pm
 .text.cyw43_wifi_set_up
                0x000000001000ada8      0x308 CMakeFiles/pico_webserver.dir/pico-sdk/lib/cyw43-driver/src/cyw43_ctrl.c.obj
                0x000000001000ada8                cyw43_wifi_set_up
 .text.cyw43_wifi_scan
                0x000000001000b0b0       0xd4 CMakeFiles/pico_webserver.dir/pico-sdk/lib/cyw43-driver/src/cyw43_ctrl.c.obj
                0x000000001000b0b0                cyw43_wifi_scan
 .text.cyw43_wifi_link_status
                0x000000001000b184       0x3c CMakeFiles/pico_webserver.dir/pico-sdk/lib/cyw43-driver/src/cyw43_ctrl.c.obj
                0x000000001000b184                cyw43_wifi_link_status
 .text.cyw43_wifi_join
                0x000000001000b1c0       0xf4 CMakeFiles/pico_webserver.dir/pico-sdk/lib/cyw43-driver/src/cyw43_ctrl.c.obj
                0x000000001000b1c0                cyw43_wifi_join
 .text.cyw43_gpio_set
                0x000000001000b2b4       0xa0 CMakeFiles/pico_webserver.dir/pico-sdk/lib/cyw43-driver/src/cyw43_ctrl.c.obj
                0x000000001000b2b4                cyw43_gpio_set
 .text.pio_sm_unclaim
                0x000000001000b354       0x20 CMakeFiles/pico_webserver.dir/pico-sdk/src/rp2_common/hardware_pio/pio.c.obj
                0x000000001000b354                pio_sm_unclaim
 .text.pio_claim_unused_sm
                0x000000001000b374       0x3c CMakeFiles/pico_webserver.dir/pico-sdk/src/rp2_common/hardware_pio/pio.c.obj
                0x000000001000b374                pio_claim_unused_sm
 .text.pio_can_add_program
                0x000000001000b3b0       0x68 CMakeFiles/pico_webserver.dir/pico-sdk/src/rp2_common/hardware_pio/pio.c.obj
                0x000000001000b3b0                pio_can_add_program
 .text.pio_add_program
                0x000000001000b418       0xc8 CMakeFiles/pico_webserver.dir/pico-sdk/src/rp2_common/hardware_pio/pio.c.obj
                0x000000001000b418                pio_add_program
 .text.pio_remove_program
                0x000000001000b4e0       0x34 CMakeFiles/pico_webserver.dir/pico-sdk/src/rp2_common/hardware_pio/pio.c.obj
                0x000000001000b4e0                pio_remove_program
 .text.pio_sm_set_pindirs_with_mask
                0x000000001000b514       0xa4 CMakeFiles/pico_webserver.dir/pico-sdk/src/rp2_common/hardware_pio/pio.c.obj
                0x000000001000b514                pio_sm_set_pindirs_with_mask
 .text.pio_sm_set_consecutive_pindirs
                0x000000001000b5b8       0xb0 CMakeFiles/pico_webserver.dir/pico-sdk/src/rp2_common/hardware_pio/pio.c.obj
                0x000000001000b5b8                pio_sm_set_consecutive_pindirs
 .text.dma_channel_unclaim
                0x000000001000b668       0x10 CMakeFiles/pico_webserver.dir/pico-sdk/src/rp2_common/hardware_dma/dma.c.obj
                0x000000001000b668                dma_channel_unclaim
 .text.dma_claim_unused_channel
                0x000000001000b678       0x20 CMakeFiles/pico_webserver.dir/pico-sdk/src/rp2_common/hardware_dma/dma.c.obj
                0x000000001000b678                dma_claim_unused_channel
 .text.dma_channel_cleanup
                0x000000001000b698       0x60 CMakeFiles/pico_webserver.dir/pico-sdk/src/rp2_common/hardware_dma/dma.c.obj
                0x000000001000b698                dma_channel_cleanup
 .text.cyw43_sleep_timeout_reached
                0x000000001000b6f8       0x10 CMakeFiles/pico_webserver.dir/pico-sdk/src/rp2_common/pico_cyw43_driver/cyw43_driver.c.obj
 .text.cyw43_irq_init
                0x000000001000b708       0x28 CMakeFiles/pico_webserver.dir/pico-sdk/src/rp2_common/pico_cyw43_driver/cyw43_driver.c.obj
                0x000000001000b708                cyw43_irq_init
 .text.cyw43_irq_deinit
                0x000000001000b730       0x20 CMakeFiles/pico_webserver.dir/pico-sdk/src/rp2_common/pico_cyw43_driver/cyw43_driver.c.obj
                0x000000001000b730                cyw43_irq_deinit
 .text.cyw43_gpio_irq_handler
                0x000000001000b750       0x44 CMakeFiles/pico_webserver.dir/pico-sdk/src/rp2_common/pico_cyw43_driver/cyw43_driver.c.obj
 .text.cyw43_do_poll
                0x000000001000b794       0x6c CMakeFiles/pico_webserver.dir/pico-sdk/src/rp2_common/pico_cyw43_driver/cyw43_driver.c.obj
 .text.cyw43_post_poll_hook
                0x000000001000b800       0x10 CMakeFiles/pico_webserver.dir/pico-sdk/src/rp2_common/pico_cyw43_driver/cyw43_driver.c.obj
                0x000000001000b800                cyw43_post_poll_hook
 .text.cyw43_schedule_internal_poll_dispatch
                0x000000001000b810       0x18 CMakeFiles/pico_webserver.dir/pico-sdk/src/rp2_common/pico_cyw43_driver/cyw43_driver.c.obj
                0x000000001000b810                cyw43_schedule_internal_poll_dispatch
 .text.cyw43_driver_init
                0x000000001000b828       0x38 CMakeFiles/pico_webserver.dir/pico-sdk/src/rp2_common/pico_cyw43_driver/cyw43_driver.c.obj
                0x000000001000b828                cyw43_driver_init
 .text.cyw43_driver_deinit
                0x000000001000b860       0x44 CMakeFiles/pico_webserver.dir/pico-sdk/src/rp2_common/pico_cyw43_driver/cyw43_driver.c.obj
                0x000000001000b860                cyw43_driver_deinit
 .text.cyw43_hal_generate_laa_mac
                0x000000001000b8a4       0x28 CMakeFiles/pico_webserver.dir/pico-sdk/src/rp2_common/pico_cyw43_driver/cyw43_driver.c.obj
                0x000000001000b8a4                cyw43_hal_generate_laa_mac
 .text.cyw43_thread_enter
                0x000000001000b8cc       0x14 CMakeFiles/pico_webserver.dir/pico-sdk/src/rp2_common/pico_cyw43_driver/cyw43_driver.c.obj
                0x000000001000b8cc                cyw43_thread_enter
 .text.cyw43_thread_exit
                0x000000001000b8e0       0x14 CMakeFiles/pico_webserver.dir/pico-sdk/src/rp2_common/pico_cyw43_driver/cyw43_driver.c.obj
                0x000000001000b8e0                cyw43_thread_exit
 .text.cyw43_await_background_or_timeout_us
                0x000000001000b8f4       0x34 CMakeFiles/pico_webserver.dir/pico-sdk/src/rp2_common/pico_cyw43_driver/cyw43_driver.c.obj
                0x000000001000b8f4                cyw43_await_background_or_timeout_us
 .text.cyw43_delay_ms
                0x000000001000b928       0x44 CMakeFiles/pico_webserver.dir/pico-sdk/src/rp2_common/pico_cyw43_driver/cyw43_driver.c.obj
                0x000000001000b928                cyw43_delay_ms
 .text.cyw43_delay_us
                0x000000001000b96c       0x34 CMakeFiles/pico_webserver.dir/pico-sdk/src/rp2_common/pico_cyw43_driver/cyw43_driver.c.obj
                0x000000001000b96c                cyw43_delay_us
 .text.cyw43_cb_tcpip_init
                0x000000001000b9a0        0x4 CMakeFiles/pico_webserver.dir/pico-sdk/src/rp2_common/pico_cyw43_driver/cyw43_driver.c.obj
                0x000000001000b9a0                cyw43_cb_tcpip_init
 .text.cyw43_cb_tcpip_deinit
                0x000000001000b9a4        0x4 CMakeFiles/pico_webserver.dir/pico-sdk/src/rp2_common/pico_cyw43_driver/cyw43_driver.c.obj
                0x000000001000b9a4                cyw43_cb_tcpip_deinit
 .text.handle_sync_func_call
                0x000000001000b9a8       0x24 CMakeFiles/pico_webserver.dir/pico-sdk/src/rp2_common/pico_async_context/async_context_threadsafe_background.c.obj
 .text.async_context_threadsafe_background_acquire_lock_blocking
                0x000000001000b9cc        0xc CMakeFiles/pico_webserver.dir/pico-sdk/src/rp2_common/pico_async_context/async_context_threadsafe_background.c.obj
 .text.process_under_lock
                0x000000001000b9d8       0xc8 CMakeFiles/pico_webserver.dir/pico-sdk/src/rp2_common/pico_async_context/async_context_threadsafe_background.c.obj
 .text.async_context_threadsafe_background_deinit
                0x000000001000baa0       0x64 CMakeFiles/pico_webserver.dir/pico-sdk/src/rp2_common/pico_async_context/async_context_threadsafe_background.c.obj
 .text.low_priority_irq_handler
                0x000000001000bb04       0x3c CMakeFiles/pico_webserver.dir/pico-sdk/src/rp2_common/pico_async_context/async_context_threadsafe_background.c.obj
 .text.async_context_threadsafe_background_wait_for_work_until
                0x000000001000bb40        0xc CMakeFiles/pico_webserver.dir/pico-sdk/src/rp2_common/pico_async_context/async_context_threadsafe_background.c.obj
 .text.async_context_threadsafe_background_wait_until
                0x000000001000bb4c       0x1c CMakeFiles/pico_webserver.dir/pico-sdk/src/rp2_common/pico_async_context/async_context_threadsafe_background.c.obj
 .text.async_context_threadsafe_background_lock_check
                0x000000001000bb68       0x28 CMakeFiles/pico_webserver.dir/pico-sdk/src/rp2_common/pico_async_context/async_context_threadsafe_background.c.obj
 .text.async_context_threadsafe_background_execute_sync
                0x000000001000bb90       0xe4 CMakeFiles/pico_webserver.dir/pico-sdk/src/rp2_common/pico_async_context/async_context_threadsafe_background.c.obj
                0x000000001000bb90                async_context_threadsafe_background_execute_sync
 .text.async_context_threadsafe_background_set_work_pending
                0x000000001000bc74       0x50 CMakeFiles/pico_webserver.dir/pico-sdk/src/rp2_common/pico_async_context/async_context_threadsafe_background.c.obj
 .text.alarm_handler
                0x000000001000bcc4       0x58 CMakeFiles/pico_webserver.dir/pico-sdk/src/rp2_common/pico_async_context/async_context_threadsafe_background.c.obj
 .text.async_context_threadsafe_background_release_lock
                0x000000001000bd1c       0x7c CMakeFiles/pico_webserver.dir/pico-sdk/src/rp2_common/pico_async_context/async_context_threadsafe_background.c.obj
 .text.async_context_threadsafe_background_when_pending_worker
                0x000000001000bd98       0x90 CMakeFiles/pico_webserver.dir/pico-sdk/src/rp2_common/pico_async_context/async_context_threadsafe_background.c.obj
 .text.async_context_threadsafe_background_remove_at_time_worker
                0x000000001000be28       0x90 CMakeFiles/pico_webserver.dir/pico-sdk/src/rp2_common/pico_async_context/async_context_threadsafe_background.c.obj
 .text.async_context_threadsafe_background_add_when_pending_worker
                0x000000001000beb8       0x90 CMakeFiles/pico_webserver.dir/pico-sdk/src/rp2_common/pico_async_context/async_context_threadsafe_background.c.obj
 .text.async_context_threadsafe_background_add_at_time_worker
                0x000000001000bf48       0x90 CMakeFiles/pico_webserver.dir/pico-sdk/src/rp2_common/pico_async_context/async_context_threadsafe_background.c.obj
 .text.async_context_threadsafe_background_default_config
                0x000000001000bfd8        0xc CMakeFiles/pico_webserver.dir/pico-sdk/src/rp2_common/pico_async_context/async_context_threadsafe_background.c.obj
                0x000000001000bfd8                async_context_threadsafe_background_default_config
 .text.async_context_threadsafe_background_init
                0x000000001000bfe4       0xa4 CMakeFiles/pico_webserver.dir/pico-sdk/src/rp2_common/pico_async_context/async_context_threadsafe_background.c.obj
                0x000000001000bfe4                async_context_threadsafe_background_init
 .text.async_context_base_add_at_time_worker
                0x000000001000c088       0x28 CMakeFiles/pico_webserver.dir/pico-sdk/src/rp2_common/pico_async_context/async_context_base.c.obj
                0x000000001000c088                async_context_base_add_at_time_worker
 .text.async_context_base_remove_at_time_worker
                0x000000001000c0b0       0x28 CMakeFiles/pico_webserver.dir/pico-sdk/src/rp2_common/pico_async_context/async_context_base.c.obj
                0x000000001000c0b0                async_context_base_remove_at_time_worker
 .text.async_context_base_add_when_pending_worker
                0x000000001000c0d8       0x24 CMakeFiles/pico_webserver.dir/pico-sdk/src/rp2_common/pico_async_context/async_context_base.c.obj
                0x000000001000c0d8                async_context_base_add_when_pending_worker
 .text.async_context_base_remove_when_pending_worker
                0x000000001000c0fc       0x28 CMakeFiles/pico_webserver.dir/pico-sdk/src/rp2_common/pico_async_context/async_context_base.c.obj
                0x000000001000c0fc                async_context_base_remove_when_pending_worker
 .text.async_context_base_execute_once
                0x000000001000c124       0xe8 CMakeFiles/pico_webserver.dir/pico-sdk/src/rp2_common/pico_async_context/async_context_base.c.obj
                0x000000001000c124                async_context_base_execute_once
 .text.async_context_base_needs_servicing
                0x000000001000c20c       0x54 CMakeFiles/pico_webserver.dir/pico-sdk/src/rp2_common/pico_async_context/async_context_base.c.obj
                0x000000001000c20c                async_context_base_needs_servicing
 .text.lwip_init
                0x000000001000c260       0x20 CMakeFiles/pico_webserver.dir/pico-sdk/lib/lwip/src/core/init.c.obj
                0x000000001000c260                lwip_init
 .text.lwip_htons
                0x000000001000c280        0x8 CMakeFiles/pico_webserver.dir/pico-sdk/lib/lwip/src/core/def.c.obj
                0x000000001000c280                lwip_htons
 .text.lwip_htonl
                0x000000001000c288        0x4 CMakeFiles/pico_webserver.dir/pico-sdk/lib/lwip/src/core/def.c.obj
                0x000000001000c288                lwip_htonl
 .text.lwip_strnstr
                0x000000001000c28c       0x5c CMakeFiles/pico_webserver.dir/pico-sdk/lib/lwip/src/core/def.c.obj
                0x000000001000c28c                lwip_strnstr
 .text.lwip_stricmp
                0x000000001000c2e8       0x34 CMakeFiles/pico_webserver.dir/pico-sdk/lib/lwip/src/core/def.c.obj
                0x000000001000c2e8                lwip_stricmp
 .text.lwip_standard_chksum
                0x000000001000c31c       0x80 CMakeFiles/pico_webserver.dir/pico-sdk/lib/lwip/src/core/inet_chksum.c.obj
                0x000000001000c31c                lwip_standard_chksum
 .text.inet_chksum_pseudo
                0x000000001000c39c       0xb4 CMakeFiles/pico_webserver.dir/pico-sdk/lib/lwip/src/core/inet_chksum.c.obj
                0x000000001000c39c                inet_chksum_pseudo
 .text.ip_chksum_pseudo
                0x000000001000c450       0x10 CMakeFiles/pico_webserver.dir/pico-sdk/lib/lwip/src/core/inet_chksum.c.obj
                0x000000001000c450                ip_chksum_pseudo
 .text.inet_chksum
                0x000000001000c460       0x8c CMakeFiles/pico_webserver.dir/pico-sdk/lib/lwip/src/core/inet_chksum.c.obj
                0x000000001000c460                inet_chksum
 .text.inet_chksum_pbuf
                0x000000001000c4ec       0x6c CMakeFiles/pico_webserver.dir/pico-sdk/lib/lwip/src/core/inet_chksum.c.obj
                0x000000001000c4ec                inet_chksum_pbuf
 .text.mem_init
                0x000000001000c558       0x48 CMakeFiles/pico_webserver.dir/pico-sdk/lib/lwip/src/core/mem.c.obj
                0x000000001000c558                mem_init
 .text.mem_free
                0x000000001000c5a0      0x128 CMakeFiles/pico_webserver.dir/pico-sdk/lib/lwip/src/core/mem.c.obj
                0x000000001000c5a0                mem_free
 .text.mem_trim
                0x000000001000c6c8      0x144 CMakeFiles/pico_webserver.dir/pico-sdk/lib/lwip/src/core/mem.c.obj
                0x000000001000c6c8                mem_trim
 .text.mem_malloc
                0x000000001000c80c      0x130 CMakeFiles/pico_webserver.dir/pico-sdk/lib/lwip/src/core/mem.c.obj
                0x000000001000c80c                mem_malloc
 .text.memp_init
                0x000000001000c93c       0x94 CMakeFiles/pico_webserver.dir/pico-sdk/lib/lwip/src/core/memp.c.obj
                0x000000001000c93c                memp_init
 .text.memp_malloc
                0x000000001000c9d0       0x4c CMakeFiles/pico_webserver.dir/pico-sdk/lib/lwip/src/core/memp.c.obj
                0x000000001000c9d0                memp_malloc
 .text.memp_free
                0x000000001000ca1c       0x30 CMakeFiles/pico_webserver.dir/pico-sdk/lib/lwip/src/core/memp.c.obj
                0x000000001000ca1c                memp_free
 .text.netif_null_output_ip4
                0x000000001000ca4c        0x8 CMakeFiles/pico_webserver.dir/pico-sdk/lib/lwip/src/core/netif.c.obj
 .text.netif_init
                0x000000001000ca54        0x4 CMakeFiles/pico_webserver.dir/pico-sdk/lib/lwip/src/core/netif.c.obj
                0x000000001000ca54                netif_init
 .text.netif_set_addr
                0x000000001000ca58       0xc4 CMakeFiles/pico_webserver.dir/pico-sdk/lib/lwip/src/core/netif.c.obj
                0x000000001000ca58                netif_set_addr
 .text.netif_add
                0x000000001000cb1c       0xf8 CMakeFiles/pico_webserver.dir/pico-sdk/lib/lwip/src/core/netif.c.obj
                0x000000001000cb1c                netif_add
 .text.netif_set_default
                0x000000001000cc14        0xc CMakeFiles/pico_webserver.dir/pico-sdk/lib/lwip/src/core/netif.c.obj
                0x000000001000cc14                netif_set_default
 .text.netif_get_by_index
                0x000000001000cc20       0x2c CMakeFiles/pico_webserver.dir/pico-sdk/lib/lwip/src/core/netif.c.obj
                0x000000001000cc20                netif_get_by_index
 .text.pbuf_free.part.0
                0x000000001000cc4c       0x80 CMakeFiles/pico_webserver.dir/pico-sdk/lib/lwip/src/core/pbuf.c.obj
 .text.pbuf_free_ooseq
                0x000000001000cccc       0x34 CMakeFiles/pico_webserver.dir/pico-sdk/lib/lwip/src/core/pbuf.c.obj
                0x000000001000cccc                pbuf_free_ooseq
 .text.pbuf_alloc
                0x000000001000cd00      0x12c CMakeFiles/pico_webserver.dir/pico-sdk/lib/lwip/src/core/pbuf.c.obj
                0x000000001000cd00                pbuf_alloc
 .text.pbuf_alloced_custom
                0x000000001000ce2c       0x38 CMakeFiles/pico_webserver.dir/pico-sdk/lib/lwip/src/core/pbuf.c.obj
                0x000000001000ce2c                pbuf_alloced_custom
 .text.pbuf_realloc
                0x000000001000ce64       0x70 CMakeFiles/pico_webserver.dir/pico-sdk/lib/lwip/src/core/pbuf.c.obj
                0x000000001000ce64                pbuf_realloc
 .text.pbuf_add_header
                0x000000001000ced4       0x4c CMakeFiles/pico_webserver.dir/pico-sdk/lib/lwip/src/core/pbuf.c.obj
                0x000000001000ced4                pbuf_add_header
 .text.pbuf_remove_header
                0x000000001000cf20       0x38 CMakeFiles/pico_webserver.dir/pico-sdk/lib/lwip/src/core/pbuf.c.obj
                0x000000001000cf20                pbuf_remove_header
 .text.pbuf_header_force
                0x000000001000cf58       0x6c CMakeFiles/pico_webserver.dir/pico-sdk/lib/lwip/src/core/pbuf.c.obj
                0x000000001000cf58                pbuf_header_force
 .text.pbuf_free
                0x000000001000cfc4       0x10 CMakeFiles/pico_webserver.dir/pico-sdk/lib/lwip/src/core/pbuf.c.obj
                0x000000001000cfc4                pbuf_free
 .text.pbuf_clen
                0x000000001000cfd4       0x14 CMakeFiles/pico_webserver.dir/pico-sdk/lib/lwip/src/core/pbuf.c.obj
                0x000000001000cfd4                pbuf_clen
 .text.pbuf_ref
                0x000000001000cfe8       0x18 CMakeFiles/pico_webserver.dir/pico-sdk/lib/lwip/src/core/pbuf.c.obj
                0x000000001000cfe8                pbuf_ref
 .text.pbuf_cat
                0x000000001000d000       0x2c CMakeFiles/pico_webserver.dir/pico-sdk/lib/lwip/src/core/pbuf.c.obj
                0x000000001000d000                pbuf_cat
 .text.pbuf_chain
                0x000000001000d02c       0x44 CMakeFiles/pico_webserver.dir/pico-sdk/lib/lwip/src/core/pbuf.c.obj
                0x000000001000d02c                pbuf_chain
 .text.pbuf_copy_partial_pbuf
                0x000000001000d070      0x11c CMakeFiles/pico_webserver.dir/pico-sdk/lib/lwip/src/core/pbuf.c.obj
                0x000000001000d070                pbuf_copy_partial_pbuf
 .text.pbuf_copy
                0x000000001000d18c       0x18 CMakeFiles/pico_webserver.dir/pico-sdk/lib/lwip/src/core/pbuf.c.obj
                0x000000001000d18c                pbuf_copy
 .text.pbuf_copy_partial
                0x000000001000d1a4       0x70 CMakeFiles/pico_webserver.dir/pico-sdk/lib/lwip/src/core/pbuf.c.obj
                0x000000001000d1a4                pbuf_copy_partial
 .text.pbuf_clone
                0x000000001000d214       0x20 CMakeFiles/pico_webserver.dir/pico-sdk/lib/lwip/src/core/pbuf.c.obj
                0x000000001000d214                pbuf_clone
 .text.raw_input
                0x000000001000d234      0x12c CMakeFiles/pico_webserver.dir/pico-sdk/lib/lwip/src/core/raw.c.obj
                0x000000001000d234                raw_input
 .text.raw_netif_ip_addr_changed
                0x000000001000d360       0x40 CMakeFiles/pico_webserver.dir/pico-sdk/lib/lwip/src/core/raw.c.obj
                0x000000001000d360                raw_netif_ip_addr_changed
 .text.stats_init
                0x000000001000d3a0        0x4 CMakeFiles/pico_webserver.dir/pico-sdk/lib/lwip/src/core/stats.c.obj
                0x000000001000d3a0                stats_init
 .text.tcp_close_shutdown_fin
                0x000000001000d3a4       0x4c CMakeFiles/pico_webserver.dir/pico-sdk/lib/lwip/src/core/tcp.c.obj
 .text.tcp_pcb_purge.part.0
                0x000000001000d3f0       0xc4 CMakeFiles/pico_webserver.dir/pico-sdk/lib/lwip/src/core/tcp.c.obj
 .text.tcp_init
                0x000000001000d4b4        0x4 CMakeFiles/pico_webserver.dir/pico-sdk/lib/lwip/src/core/tcp.c.obj
                0x000000001000d4b4                tcp_init
 .text.tcp_free
                0x000000001000d4b8        0xc CMakeFiles/pico_webserver.dir/pico-sdk/lib/lwip/src/core/tcp.c.obj
                0x000000001000d4b8                tcp_free
 .text.tcp_bind
                0x000000001000d4c4       0xf8 CMakeFiles/pico_webserver.dir/pico-sdk/lib/lwip/src/core/tcp.c.obj
                0x000000001000d4c4                tcp_bind
 .text.tcp_listen_with_backlog
                0x000000001000d5bc       0x88 CMakeFiles/pico_webserver.dir/pico-sdk/lib/lwip/src/core/tcp.c.obj
                0x000000001000d5bc                tcp_listen_with_backlog
 .text.tcp_update_rcv_ann_wnd
                0x000000001000d644       0x3c CMakeFiles/pico_webserver.dir/pico-sdk/lib/lwip/src/core/tcp.c.obj
                0x000000001000d644                tcp_update_rcv_ann_wnd
 .text.tcp_recved
                0x000000001000d680       0x78 CMakeFiles/pico_webserver.dir/pico-sdk/lib/lwip/src/core/tcp.c.obj
                0x000000001000d680                tcp_recved
 .text.tcp_slowtmr
                0x000000001000d6f8      0x42c CMakeFiles/pico_webserver.dir/pico-sdk/lib/lwip/src/core/tcp.c.obj
                0x000000001000d6f8                tcp_slowtmr
 .text.tcp_segs_free
                0x000000001000db24       0x38 CMakeFiles/pico_webserver.dir/pico-sdk/lib/lwip/src/core/tcp.c.obj
                0x000000001000db24                tcp_segs_free
 .text.tcp_seg_free
                0x000000001000db5c       0x1c CMakeFiles/pico_webserver.dir/pico-sdk/lib/lwip/src/core/tcp.c.obj
                0x000000001000db5c                tcp_seg_free
 .text.tcp_setprio
                0x000000001000db78        0x8 CMakeFiles/pico_webserver.dir/pico-sdk/lib/lwip/src/core/tcp.c.obj
                0x000000001000db78                tcp_setprio
 .text.tcp_seg_copy
                0x000000001000db80       0x20 CMakeFiles/pico_webserver.dir/pico-sdk/lib/lwip/src/core/tcp.c.obj
                0x000000001000db80                tcp_seg_copy
 .text.tcp_arg  0x000000001000dba0        0x8 CMakeFiles/pico_webserver.dir/pico-sdk/lib/lwip/src/core/tcp.c.obj
                0x000000001000dba0                tcp_arg
 .text.tcp_recv
                0x000000001000dba8        0xc CMakeFiles/pico_webserver.dir/pico-sdk/lib/lwip/src/core/tcp.c.obj
                0x000000001000dba8                tcp_recv
 .text.tcp_sent
                0x000000001000dbb4        0xc CMakeFiles/pico_webserver.dir/pico-sdk/lib/lwip/src/core/tcp.c.obj
                0x000000001000dbb4                tcp_sent
 .text.tcp_err  0x000000001000dbc0        0xc CMakeFiles/pico_webserver.dir/pico-sdk/lib/lwip/src/core/tcp.c.obj
                0x000000001000dbc0                tcp_err
 .text.tcp_accept
                0x000000001000dbcc       0x10 CMakeFiles/pico_webserver.dir/pico-sdk/lib/lwip/src/core/tcp.c.obj
                0x000000001000dbcc                tcp_accept
 .text.tcp_poll
                0x000000001000dbdc        0xc CMakeFiles/pico_webserver.dir/pico-sdk/lib/lwip/src/core/tcp.c.obj
                0x000000001000dbdc                tcp_poll
 .text.tcp_pcb_purge
                0x000000001000dbe8       0x18 CMakeFiles/pico_webserver.dir/pico-sdk/lib/lwip/src/core/tcp.c.obj
                0x000000001000dbe8                tcp_pcb_purge
 .text.tcp_pcb_remove
                0x000000001000dc00       0x78 CMakeFiles/pico_webserver.dir/pico-sdk/lib/lwip/src/core/tcp.c.obj
                0x000000001000dc00                tcp_pcb_remove
 .text.tcp_abandon
                0x000000001000dc78      0x184 CMakeFiles/pico_webserver.dir/pico-sdk/lib/lwip/src/core/tcp.c.obj
                0x000000001000dc78                tcp_abandon
 .text.tcp_abort
                0x000000001000ddfc        0xc CMakeFiles/pico_webserver.dir/pico-sdk/lib/lwip/src/core/tcp.c.obj
                0x000000001000ddfc                tcp_abort
 .text.tcp_accept_null
                0x000000001000de08       0x10 CMakeFiles/pico_webserver.dir/pico-sdk/lib/lwip/src/core/tcp.c.obj
 .text.tcp_alloc
                0x000000001000de18      0x1f8 CMakeFiles/pico_webserver.dir/pico-sdk/lib/lwip/src/core/tcp.c.obj
                0x000000001000de18                tcp_alloc
 .text.tcp_new_ip_type
                0x000000001000e010      0x1d8 CMakeFiles/pico_webserver.dir/pico-sdk/lib/lwip/src/core/tcp.c.obj
                0x000000001000e010                tcp_new_ip_type
 .text.tcp_close_shutdown
                0x000000001000e1e8      0x14c CMakeFiles/pico_webserver.dir/pico-sdk/lib/lwip/src/core/tcp.c.obj
 .text.tcp_recv_null
                0x000000001000e334       0xa8 CMakeFiles/pico_webserver.dir/pico-sdk/lib/lwip/src/core/tcp.c.obj
                0x000000001000e334                tcp_recv_null
 .text.tcp_process_refused_data
                0x000000001000e3dc       0xe8 CMakeFiles/pico_webserver.dir/pico-sdk/lib/lwip/src/core/tcp.c.obj
                0x000000001000e3dc                tcp_process_refused_data
 .text.tcp_fasttmr
                0x000000001000e4c4       0x98 CMakeFiles/pico_webserver.dir/pico-sdk/lib/lwip/src/core/tcp.c.obj
                0x000000001000e4c4                tcp_fasttmr
 .text.tcp_tmr  0x000000001000e55c       0x20 CMakeFiles/pico_webserver.dir/pico-sdk/lib/lwip/src/core/tcp.c.obj
                0x000000001000e55c                tcp_tmr
 .text.tcp_close
                0x000000001000e57c      0x15c CMakeFiles/pico_webserver.dir/pico-sdk/lib/lwip/src/core/tcp.c.obj
                0x000000001000e57c                tcp_close
 .text.tcp_next_iss
                0x000000001000e6d8       0x18 CMakeFiles/pico_webserver.dir/pico-sdk/lib/lwip/src/core/tcp.c.obj
                0x000000001000e6d8                tcp_next_iss
 .text.tcp_eff_send_mss_netif
                0x000000001000e6f0       0x28 CMakeFiles/pico_webserver.dir/pico-sdk/lib/lwip/src/core/tcp.c.obj
                0x000000001000e6f0                tcp_eff_send_mss_netif
 .text.tcp_netif_ip_addr_changed
                0x000000001000e718       0x9c CMakeFiles/pico_webserver.dir/pico-sdk/lib/lwip/src/core/tcp.c.obj
                0x000000001000e718                tcp_netif_ip_addr_changed
 .text.tcp_free_ooseq
                0x000000001000e7b4       0x40 CMakeFiles/pico_webserver.dir/pico-sdk/lib/lwip/src/core/tcp.c.obj
                0x000000001000e7b4                tcp_free_ooseq
 .text.tcp_parseopt
                0x000000001000e7f4      0x180 CMakeFiles/pico_webserver.dir/pico-sdk/lib/lwip/src/core/tcp_in.c.obj
 .text.tcp_oos_insert_segment
                0x000000001000e974       0xd4 CMakeFiles/pico_webserver.dir/pico-sdk/lib/lwip/src/core/tcp_in.c.obj
 .text.tcp_receive
                0x000000001000ea48      0xa3c CMakeFiles/pico_webserver.dir/pico-sdk/lib/lwip/src/core/tcp_in.c.obj
 .text.tcp_input
                0x000000001000f484      0xc64 CMakeFiles/pico_webserver.dir/pico-sdk/lib/lwip/src/core/tcp_in.c.obj
                0x000000001000f484                tcp_input
 .text.tcp_trigger_input_pcb_close
                0x00000000100100e8       0x10 CMakeFiles/pico_webserver.dir/pico-sdk/lib/lwip/src/core/tcp_in.c.obj
                0x00000000100100e8                tcp_trigger_input_pcb_close
 .text.tcp_create_segment
                0x00000000100100f8       0xd0 CMakeFiles/pico_webserver.dir/pico-sdk/lib/lwip/src/core/tcp_out.c.obj
 .text.tcp_output_control_segment
                0x00000000100101c8       0xb4 CMakeFiles/pico_webserver.dir/pico-sdk/lib/lwip/src/core/tcp_out.c.obj
 .text.tcp_write
                0x000000001001027c      0x600 CMakeFiles/pico_webserver.dir/pico-sdk/lib/lwip/src/core/tcp_out.c.obj
                0x000000001001027c                tcp_write
 .text.tcp_split_unsent_seg
                0x000000001001087c      0x19c CMakeFiles/pico_webserver.dir/pico-sdk/lib/lwip/src/core/tcp_out.c.obj
                0x000000001001087c                tcp_split_unsent_seg
 .text.tcp_send_fin
                0x0000000010010a18       0xe0 CMakeFiles/pico_webserver.dir/pico-sdk/lib/lwip/src/core/tcp_out.c.obj
                0x0000000010010a18                tcp_send_fin
 .text.tcp_enqueue_flags
                0x0000000010010af8       0xa8 CMakeFiles/pico_webserver.dir/pico-sdk/lib/lwip/src/core/tcp_out.c.obj
                0x0000000010010af8                tcp_enqueue_flags
 .text.tcp_rexmit_rto_prepare
                0x0000000010010ba0       0x8c CMakeFiles/pico_webserver.dir/pico-sdk/lib/lwip/src/core/tcp_out.c.obj
                0x0000000010010ba0                tcp_rexmit_rto_prepare
 .text.tcp_rexmit
                0x0000000010010c2c       0x90 CMakeFiles/pico_webserver.dir/pico-sdk/lib/lwip/src/core/tcp_out.c.obj
                0x0000000010010c2c                tcp_rexmit
 .text.tcp_rexmit_fast
                0x0000000010010cbc       0x58 CMakeFiles/pico_webserver.dir/pico-sdk/lib/lwip/src/core/tcp_out.c.obj
                0x0000000010010cbc                tcp_rexmit_fast
 .text.tcp_rst  0x0000000010010d14       0xbc CMakeFiles/pico_webserver.dir/pico-sdk/lib/lwip/src/core/tcp_out.c.obj
                0x0000000010010d14                tcp_rst
 .text.tcp_rst_netif