Archive member included to satisfy reference by file (symbol)

liblwipallapps.a(httpd.c.obj)
                              CMakeFiles/pico_webserver.dir/webserver.c.obj (httpd_init)
liblwipallapps.a(fs.c.obj)    liblwipallapps.a(httpd.c.obj) (fs_open)
liblwipcore.a(init.c.obj)     CMakeFiles/pico_webserver.dir/tusb_lwip_glue.c.obj (lwip_init)
liblwipcore.a(def.c.obj)      CMakeFiles/pico_webserver.dir/pico-sdk/lib/tinyusb/lib/networking/dnserver.c.obj (lwip_htons)
liblwipcore.a(mem.c.obj)      liblwipcore.a(init.c.obj) (mem_init)
liblwipcore.a(memp.c.obj)     liblwipcore.a(init.c.obj) (memp_init)
liblwipcore.a(netif.c.obj)    liblwipcore.a(init.c.obj) (netif_init)
liblwipcore.a(pbuf.c.obj)     CMakeFiles/pico_webserver.dir/tusb_lwip_glue.c.obj (pbuf_alloc)
liblwipcore.a(stats.c.obj)    liblwipcore.a(init.c.obj) (stats_init)
liblwipcore.a(tcp.c.obj)      liblwipcore.a(init.c.obj) (tcp_init)
liblwipcore.a(tcp_in.c.obj)   liblwipcore.a(tcp.c.obj) (tcp_trigger_input_pcb_close)
liblwipcore.a(tcp_out.c.obj)  liblwipallapps.a(httpd.c.obj) (tcp_write)
liblwipcore.a(timeouts.c.obj)
                              liblwipcore.a(tcp.c.obj) (tcp_timer_needed)
liblwipcore.a(udp.c.obj)      CMakeFiles/pico_webserver.dir/pico-sdk/lib/tinyusb/lib/networking/dhserver.c.obj (udp_init)
liblwipcore.a(etharp.c.obj)   liblwipcore.a(timeouts.c.obj) (etharp_tmr)
liblwipcore.a(icmp.c.obj)     liblwipcore.a(udp.c.obj) (icmp_dest_unreach)
liblwipcore.a(ip4_frag.c.obj)
                              liblwipcore.a(timeouts.c.obj) (ip_reass_tmr)
liblwipcore.a(ip4.c.obj)      liblwipcore.a(tcp.c.obj) (ip4_route)
liblwipcore.a(ip4_addr.c.obj)
                              liblwipcore.a(tcp_in.c.obj) (ip4_addr_isbroadcast_u32)
liblwipcore.a(ethernet.c.obj)
                              CMakeFiles/pico_webserver.dir/tusb_lwip_glue.c.obj (ethernet_input)
liblwipcore.a(inet_chksum.c.obj)
                              liblwipcore.a(tcp_in.c.obj) (ip_chksum_pseudo)
liblwipcore.a(ip.c.obj)       liblwipcore.a(tcp_in.c.obj) (ip_data)
/usr/lib/gcc/arm-none-eabi/10.3.1/thumb/v6-m/nofp/libgcc.a(_dvmd_tls.o)
                              CMakeFiles/pico_webserver.dir/pico-sdk/src/rp2_common/pico_divider/divider.S.obj (__aeabi_idiv0)
/usr/lib/gcc/arm-none-eabi/10.3.1/../../../arm-none-eabi/lib/thumb/v6-m/nofp/libc.a(lib_a-atexit.o)
                              /usr/lib/gcc/arm-none-eabi/10.3.1/../../../arm-none-eabi/lib/thumb/v6-m/nofp/crt0.o (atexit)
/usr/lib/gcc/arm-none-eabi/10.3.1/../../../arm-none-eabi/lib/thumb/v6-m/nofp/libc.a(lib_a-atoi.o)
                              liblwipcore.a(netif.c.obj) (atoi)
/usr/lib/gcc/arm-none-eabi/10.3.1/../../../arm-none-eabi/lib/thumb/v6-m/nofp/libc.a(lib_a-calloc.o)
                              CMakeFiles/pico_webserver.dir/pico-sdk/src/rp2_common/pico_malloc/pico_malloc.c.obj (calloc)
/usr/lib/gcc/arm-none-eabi/10.3.1/../../../arm-none-eabi/lib/thumb/v6-m/nofp/libc.a(lib_a-callocr.o)
                              /usr/lib/gcc/arm-none-eabi/10.3.1/../../../arm-none-eabi/lib/thumb/v6-m/nofp/libc.a(lib_a-calloc.o) (_calloc_r)
/usr/lib/gcc/arm-none-eabi/10.3.1/../../../arm-none-eabi/lib/thumb/v6-m/nofp/libc.a(lib_a-ctype_.o)
                              liblwipcore.a(ip4_addr.c.obj) (_ctype_)
/usr/lib/gcc/arm-none-eabi/10.3.1/../../../arm-none-eabi/lib/thumb/v6-m/nofp/libc.a(lib_a-fini.o)
                              /usr/lib/gcc/arm-none-eabi/10.3.1/../../../arm-none-eabi/lib/thumb/v6-m/nofp/crt0.o (__libc_fini_array)
/usr/lib/gcc/arm-none-eabi/10.3.1/../../../arm-none-eabi/lib/thumb/v6-m/nofp/libc.a(lib_a-impure.o)
                              /usr/lib/gcc/arm-none-eabi/10.3.1/../../../arm-none-eabi/lib/thumb/v6-m/nofp/libc.a(lib_a-calloc.o) (_impure_ptr)
/usr/lib/gcc/arm-none-eabi/10.3.1/../../../arm-none-eabi/lib/thumb/v6-m/nofp/libc.a(lib_a-init.o)
                              /usr/lib/gcc/arm-none-eabi/10.3.1/../../../arm-none-eabi/lib/thumb/v6-m/nofp/crt0.o (__libc_init_array)
/usr/lib/gcc/arm-none-eabi/10.3.1/../../../arm-none-eabi/lib/thumb/v6-m/nofp/libc.a(lib_a-malloc.o)
                              CMakeFiles/pico_webserver.dir/pico-sdk/src/rp2_common/pico_malloc/pico_malloc.c.obj (malloc)
/usr/lib/gcc/arm-none-eabi/10.3.1/../../../arm-none-eabi/lib/thumb/v6-m/nofp/libc.a(lib_a-mallocr.o)
                              /usr/lib/gcc/arm-none-eabi/10.3.1/../../../arm-none-eabi/lib/thumb/v6-m/nofp/libc.a(lib_a-callocr.o) (_malloc_r)
/usr/lib/gcc/arm-none-eabi/10.3.1/../../../arm-none-eabi/lib/thumb/v6-m/nofp/libc.a(lib_a-memcmp.o)
                              CMakeFiles/pico_webserver.dir/pico-sdk/lib/tinyusb/lib/networking/dhserver.c.obj (memcmp)
/usr/lib/gcc/arm-none-eabi/10.3.1/../../../arm-none-eabi/lib/thumb/v6-m/nofp/libc.a(lib_a-memmove.o)
                              liblwipcore.a(def.c.obj) (memmove)
/usr/lib/gcc/arm-none-eabi/10.3.1/../../../arm-none-eabi/lib/thumb/v6-m/nofp/libc.a(lib_a-mlock.o)
[...]
Memory Configuration

Name             Origin             Length             Attributes
FLASH            0x0000000010000000 0x0000000000200000 xr
RAM              0x0000000020000000 0x0000000000040000 xrw
SCRATCH_X        0x0000000020040000 0x0000000000001000 xrw
SCRATCH_Y        0x0000000020041000 0x0000000000001000 xrw
*default*        0x0000000000000000 0xffffffffffffffff

Linker script and memory map

LOAD /usr/lib/gcc/arm-none-eabi/10.3.1/thumb/v6-m/nofp/crti.o
LOAD /usr/lib/gcc/arm-none-eabi/10.3.1/thumb/v6-m/nofp/crtbegin.o
LOAD /usr/lib/gcc/arm-none-eabi/10.3.1/../../../arm-none-eabi/lib/thumb/v6-m/nofp/crt0.o

.flash_begin    0x0000000010000000        0x0
                0x0000000010000000                __flash_binary_start = .

.boot2          0x0000000010000000      0x100
                0x0000000010000000                __boot2_start__ = .
 *(.boot2)
 .boot2         0x0000000010000000      0x100 /tmp/ccgiqTrj.o
                0x0000000010000100                __boot2_end__ = .
                0x0000000000000001                ASSERT (((__boot2_end__ - __boot2_start__) == 0x100), ERROR: Pico second stage bootloader must be 256 bytes in size)

.text           0x0000000010000100     0xeff8
                0x0000000010000100                __logical_binary_start = .
 *(.vectors)
 .vectors       0x0000000010000100       0xd4 CMakeFiles/pico_webserver.dir/pico-sdk/src/rp2_common/pico_standard_link/crt0.S.obj
                0x0000000010000100                __vectors
                0x0000000010000100                __VECTOR_TABLE
                0x00000000100001c0                isr_invalid
                0x00000000100001c0                __default_isrs_start
                0x00000000100001c2                isr_nmi
                0x00000000100001c4                isr_hardfault
                0x00000000100001c6                isr_svcall
                0x00000000100001c8                isr_pendsv
                0x00000000100001ca                isr_systick
                0x00000000100001cc                isr_irq30
                0x00000000100001cc                __unhandled_user_irq
                0x00000000100001cc                isr_irq13
                0x00000000100001cc                isr_irq27
                0x00000000100001cc                isr_irq31
                0x00000000100001cc                isr_irq5
                0x00000000100001cc                isr_irq11
                0x00000000100001cc                isr_irq23
                0x00000000100001cc                isr_irq18
                0x00000000100001cc                isr_irq28
                0x00000000100001cc                isr_irq19
                0x00000000100001cc                isr_irq0
                0x00000000100001cc                isr_irq6
                0x00000000100001cc                isr_irq22
                0x00000000100001cc                isr_irq17
                0x00000000100001cc                isr_irq14
                0x00000000100001cc                isr_irq2
                0x00000000100001cc                isr_irq10
                0x00000000100001cc                isr_irq8
                0x00000000100001cc                isr_irq24
                0x00000000100001cc                isr_irq1
                0x00000000100001cc                isr_irq7
                0x00000000100001cc                isr_irq21
                0x00000000100001cc                isr_irq20
                0x00000000100001cc                isr_irq15
                0x00000000100001cc                isr_irq25
                0x00000000100001cc                isr_irq4
                0x00000000100001cc                isr_irq16
                0x00000000100001cc                isr_irq29
                0x00000000100001cc                isr_irq26
                0x00000000100001cc                __default_isrs_end
                0x00000000100001cc                isr_irq3
                0x00000000100001cc                isr_irq12
                0x00000000100001cc                isr_irq9
                0x00000000100001d2                unhandled_user_irq_num_in_r0
 *(.binary_info_header)
 .binary_info_header
                0x00000000100001d4       0x14 CMakeFiles/pico_webserver.dir/pico-sdk/src/rp2_common/pico_standard_link/crt0.S.obj
                0x00000000100001e8                __binary_info_header_end = .
 *(.reset)
 .reset         0x00000000100001e8       0xa0 CMakeFiles/pico_webserver.dir/pico-sdk/src/rp2_common/pico_standard_link/crt0.S.obj
                0x00000000100001e8                _entry_point
 .reset         0x0000000010000288       0x30 CMakeFiles/pico_webserver.dir/pico-sdk/src/rp2_common/pico_standard_link/binary_info.c.obj
 *(.init)
 .init          0x00000000100002b8        0x4 /usr/lib/gcc/arm-none-eabi/10.3.1/thumb/v6-m/nofp/crti.o
                0x00000000100002b8                _init
 *(EXCLUDE_FILE(*libm.a: *libc.a:*lib_a-mem*.o *libgcc.a:) .text*)
 .text          0x00000000100002bc       0x98 /usr/lib/gcc/arm-none-eabi/10.3.1/thumb/v6-m/nofp/crtbegin.o
 .text.cgi_toggle_led
                0x0000000010000354       0x20 CMakeFiles/pico_webserver.dir/webserver.c.obj
 .text.cgi_reset_usb_boot
                0x0000000010000374       0x14 CMakeFiles/pico_webserver.dir/webserver.c.obj
 .text.startup.main
                0x0000000010000388       0x40 CMakeFiles/pico_webserver.dir/webserver.c.obj
                0x0000000010000388                main
 .text.netif_init_cb
                0x00000000100003c8       0x30 CMakeFiles/pico_webserver.dir/tusb_lwip_glue.c.obj
 .text.output_fn
                0x00000000100003f8        0x8 CMakeFiles/pico_webserver.dir/tusb_lwip_glue.c.obj
 .text.linkoutput_fn
                0x0000000010000400       0x3c CMakeFiles/pico_webserver.dir/tusb_lwip_glue.c.obj
 .text.init_lwip
                0x000000001000043c       0x60 CMakeFiles/pico_webserver.dir/tusb_lwip_glue.c.obj
                0x000000001000043c                init_lwip
 .text.tud_network_init_cb
                0x000000001000049c       0x18 CMakeFiles/pico_webserver.dir/tusb_lwip_glue.c.obj
                0x000000001000049c                tud_network_init_cb
 .text.tud_network_recv_cb
                0x00000000100004b4       0x3c CMakeFiles/pico_webserver.dir/tusb_lwip_glue.c.obj
                0x00000000100004b4                tud_network_recv_cb
 .text.tud_network_xmit_cb
                0x00000000100004f0       0x30 CMakeFiles/pico_webserver.dir/tusb_lwip_glue.c.obj
                0x00000000100004f0                tud_network_xmit_cb
 .text.service_traffic
                0x0000000010000520       0x2c CMakeFiles/pico_webserver.dir/tusb_lwip_glue.c.obj
                0x0000000010000520                service_traffic
 .text.dhcpd_init
                0x000000001000054c       0x14 CMakeFiles/pico_webserver.dir/tusb_lwip_glue.c.obj
                0x000000001000054c                dhcpd_init
 .text.wait_for_netif_is_up
                0x0000000010000560       0x14 CMakeFiles/pico_webserver.dir/tusb_lwip_glue.c.obj
                0x0000000010000560                wait_for_netif_is_up
 .text.sys_arch_protect
                0x0000000010000574       0x3c CMakeFiles/pico_webserver.dir/tusb_lwip_glue.c.obj
                0x0000000010000574                sys_arch_protect
 .text.sys_arch_unprotect
                0x00000000100005b0       0x24 CMakeFiles/pico_webserver.dir/tusb_lwip_glue.c.obj
                0x00000000100005b0                sys_arch_unprotect
 .text.sys_now  0x00000000100005d4       0x20 CMakeFiles/pico_webserver.dir/tusb_lwip_glue.c.obj
                0x00000000100005d4                sys_now
 .text.tud_descriptor_device_cb
                0x00000000100005f4        0x8 CMakeFiles/pico_webserver.dir/usb_descriptors.c.obj
                0x00000000100005f4                tud_descriptor_device_cb
 .text.tud_descriptor_configuration_cb
                0x00000000100005fc       0x14 CMakeFiles/pico_webserver.dir/usb_descriptors.c.obj
                0x00000000100005fc                tud_descriptor_configuration_cb
 .text.tud_descriptor_string_cb
                0x0000000010000610      0x17c CMakeFiles/pico_webserver.dir/usb_descriptors.c.obj
                0x0000000010000610                tud_descriptor_string_cb
 .text.fill_options
                0x000000001000078c       0xdc CMakeFiles/pico_webserver.dir/pico-sdk/lib/tinyusb/lib/networking/dhserver.c.obj
                0x000000001000078c                fill_options
 .text.udp_recv_proc
                0x0000000010000868      0x2e4 CMakeFiles/pico_webserver.dir/pico-sdk/lib/tinyusb/lib/networking/dhserver.c.obj
 .text.dhserv_init
                0x0000000010000b4c       0x64 CMakeFiles/pico_webserver.dir/pico-sdk/lib/tinyusb/lib/networking/dhserver.c.obj
                0x0000000010000b4c                dhserv_init
 .text.rndis_class_set_handler
                0x0000000010000bb0      0x2d4 CMakeFiles/pico_webserver.dir/pico-sdk/lib/tinyusb/lib/networking/rndis_reports.c.obj
                0x0000000010000bb0                rndis_class_set_handler
 .text.gpio_init
                0x0000000010000e84       0x3c CMakeFiles/pico_webserver.dir/pico-sdk/src/rp2_common/hardware_gpio/gpio.c.obj
                0x0000000010000e84                gpio_init
 .text.running_on_fpga
                0x0000000010000ec0       0x10 CMakeFiles/pico_webserver.dir/pico-sdk/src/rp2_common/pico_platform/platform.c.obj
                0x0000000010000ec0                running_on_fpga
 .text.hw_claim_or_assert
                0x0000000010000ed0       0x44 CMakeFiles/pico_webserver.dir/pico-sdk/src/rp2_common/hardware_claim/claim.c.obj
                0x0000000010000ed0                hw_claim_or_assert
 .text.hw_claim_unused_from_range
                0x0000000010000f14       0x9c CMakeFiles/pico_webserver.dir/pico-sdk/src/rp2_common/hardware_claim/claim.c.obj
                0x0000000010000f14                hw_claim_unused_from_range
 .text.spin_locks_reset
                0x0000000010000fb0       0x1c CMakeFiles/pico_webserver.dir/pico-sdk/src/rp2_common/hardware_sync/sync.c.obj
                0x0000000010000fb0                spin_locks_reset
 .text.next_striped_spin_lock_num
                0x0000000010000fcc       0x18 CMakeFiles/pico_webserver.dir/pico-sdk/src/rp2_common/hardware_sync/sync.c.obj
                0x0000000010000fcc                next_striped_spin_lock_num
 .text.spin_lock_claim_unused
                0x0000000010000fe4       0x20 CMakeFiles/pico_webserver.dir/pico-sdk/src/rp2_common/hardware_sync/sync.c.obj
                0x0000000010000fe4                spin_lock_claim_unused
 .text.irq_set_enabled
                0x0000000010001004       0x24 CMakeFiles/pico_webserver.dir/pico-sdk/src/rp2_common/hardware_irq/irq.c.obj
                0x0000000010001004                irq_set_enabled
 .text.irq_get_vtable_handler
                0x0000000010001028       0x10 CMakeFiles/pico_webserver.dir/pico-sdk/src/rp2_common/hardware_irq/irq.c.obj
                0x0000000010001028                irq_get_vtable_handler
 .text.irq_set_exclusive_handler
                0x0000000010001038       0x54 CMakeFiles/pico_webserver.dir/pico-sdk/src/rp2_common/hardware_irq/irq.c.obj
                0x0000000010001038                irq_set_exclusive_handler
 .text.irq_add_shared_handler
                0x000000001000108c      0x1e8 CMakeFiles/pico_webserver.dir/pico-sdk/src/rp2_common/hardware_irq/irq.c.obj
                0x000000001000108c                irq_add_shared_handler
 .text.irq_remove_handler
                0x0000000010001274      0x1b0 CMakeFiles/pico_webserver.dir/pico-sdk/src/rp2_common/hardware_irq/irq.c.obj
                0x0000000010001274                irq_remove_handler
 .text.irq_add_tail_to_free_list
                0x0000000010001424       0xb4 CMakeFiles/pico_webserver.dir/pico-sdk/src/rp2_common/hardware_irq/irq.c.obj
                0x0000000010001424                irq_add_tail_to_free_list
 .text.irq_init_priorities
                0x00000000100014d8       0x24 CMakeFiles/pico_webserver.dir/pico-sdk/src/rp2_common/hardware_irq/irq.c.obj
                0x00000000100014d8                irq_init_priorities
 .text.lock_init
                0x00000000100014fc       0x10 CMakeFiles/pico_webserver.dir/pico-sdk/src/common/pico_sync/lock_core.c.obj
                0x00000000100014fc                lock_init
 .text.mutex_init
                0x000000001000150c       0x1c CMakeFiles/pico_webserver.dir/pico-sdk/src/common/pico_sync/mutex.c.obj
                0x000000001000150c                mutex_init
 .text.recursive_mutex_init
                0x0000000010001528       0x1c CMakeFiles/pico_webserver.dir/pico-sdk/src/common/pico_sync/mutex.c.obj
                0x0000000010001528                recursive_mutex_init
 .text.critical_section_init
                0x0000000010001544       0x20 CMakeFiles/pico_webserver.dir/pico-sdk/src/common/pico_sync/critical_section.c.obj
                0x0000000010001544                critical_section_init
 .text.timer_pool_entry_comparator
                0x0000000010001564       0x34 CMakeFiles/pico_webserver.dir/pico-sdk/src/common/pico_time/time.c.obj
                0x0000000010001564                timer_pool_entry_comparator
 .text.sleep_until_callback
                0x0000000010001598       0x30 CMakeFiles/pico_webserver.dir/pico-sdk/src/common/pico_time/time.c.obj
 .text.add_alarm_under_lock.isra.0
                0x00000000100015c8      0x100 CMakeFiles/pico_webserver.dir/pico-sdk/src/common/pico_time/time.c.obj
 .text.alarm_pool_alarm_callback
                0x00000000100016c8      0x1bc CMakeFiles/pico_webserver.dir/pico-sdk/src/common/pico_time/time.c.obj
 .text.alarm_pool_init_default
                0x0000000010001884       0x6c CMakeFiles/pico_webserver.dir/pico-sdk/src/common/pico_time/time.c.obj
                0x0000000010001884                alarm_pool_init_default
 .text.alarm_pool_add_alarm_at
                0x00000000100018f0      0x178 CMakeFiles/pico_webserver.dir/pico-sdk/src/common/pico_time/time.c.obj
                0x00000000100018f0                alarm_pool_add_alarm_at
 .text.best_effort_wfe_or_timeout
                0x0000000010001a68       0xd4 CMakeFiles/pico_webserver.dir/pico-sdk/src/common/pico_time/time.c.obj
                0x0000000010001a68                best_effort_wfe_or_timeout
 .text.hardware_alarm_irq_handler
                0x0000000010001b3c       0xbc CMakeFiles/pico_webserver.dir/pico-sdk/src/rp2_common/hardware_timer/timer.c.obj
 .text.hardware_alarm_claim
                0x0000000010001bf8       0x18 CMakeFiles/pico_webserver.dir/pico-sdk/src/rp2_common/hardware_timer/timer.c.obj
                0x0000000010001bf8                hardware_alarm_claim
 .text.time_us_64
                0x0000000010001c10       0x14 CMakeFiles/pico_webserver.dir/pico-sdk/src/rp2_common/hardware_timer/timer.c.obj
                0x0000000010001c10                time_us_64
 .text.hardware_alarm_set_callback
                0x0000000010001c24       0x8c CMakeFiles/pico_webserver.dir/pico-sdk/src/rp2_common/hardware_timer/timer.c.obj
                0x0000000010001c24                hardware_alarm_set_callback
 .text.hardware_alarm_set_target
                0x0000000010001cb0       0xd4 CMakeFiles/pico_webserver.dir/pico-sdk/src/rp2_common/hardware_timer/timer.c.obj
                0x0000000010001cb0                hardware_alarm_set_target
 .text.hardware_alarm_cancel
                0x0000000010001d84       0x3c CMakeFiles/pico_webserver.dir/pico-sdk/src/rp2_common/hardware_timer/timer.c.obj
                0x0000000010001d84                hardware_alarm_cancel
 .text.ph_merge_nodes
                0x0000000010001dc0       0x68 CMakeFiles/pico_webserver.dir/pico-sdk/src/common/pico_util/pheap.c.obj
 .text.ph_post_alloc_init
                0x0000000010001e28       0x3c CMakeFiles/pico_webserver.dir/pico-sdk/src/common/pico_util/pheap.c.obj
                0x0000000010001e28                ph_post_alloc_init
 .text.ph_merge_two_pass
                0x0000000010001e64       0x90 CMakeFiles/pico_webserver.dir/pico-sdk/src/common/pico_util/pheap.c.obj
                0x0000000010001e64                ph_merge_two_pass
 .text.ph_remove_any_head
                0x0000000010001ef4      0x100 CMakeFiles/pico_webserver.dir/pico-sdk/src/common/pico_util/pheap.c.obj
 .text.ph_remove_head
                0x0000000010001ff4      0x104 CMakeFiles/pico_webserver.dir/pico-sdk/src/common/pico_util/pheap.c.obj
                0x0000000010001ff4                ph_remove_head
 .text.ph_remove_and_free_node
                0x00000000100020f8       0x7c CMakeFiles/pico_webserver.dir/pico-sdk/src/common/pico_util/pheap.c.obj
                0x00000000100020f8                ph_remove_and_free_node
 .text.clocks_init
                0x0000000010002174      0x2d0 CMakeFiles/pico_webserver.dir/pico-sdk/src/rp2_common/hardware_clocks/clocks.c.obj
                0x0000000010002174                clocks_init
 .text.pll_init
                0x0000000010002444       0xa0 CMakeFiles/pico_webserver.dir/pico-sdk/src/rp2_common/hardware_pll/pll.c.obj
                0x0000000010002444                pll_init
 .text.watchdog_start_tick
                0x00000000100024e4       0x10 CMakeFiles/pico_webserver.dir/pico-sdk/src/rp2_common/hardware_watchdog/watchdog.c.obj
                0x00000000100024e4                watchdog_start_tick
 .text.xosc_init
                0x00000000100024f4       0x28 CMakeFiles/pico_webserver.dir/pico-sdk/src/rp2_common/hardware_xosc/xosc.c.obj
                0x00000000100024f4                xosc_init
 .text.runtime_init
                0x000000001000251c       0xf0 CMakeFiles/pico_webserver.dir/pico-sdk/src/rp2_common/pico_runtime/runtime.c.obj
                0x000000001000251c                runtime_init
 .text._exit    0x000000001000260c       0x14 CMakeFiles/pico_webserver.dir/pico-sdk/src/rp2_common/pico_runtime/runtime.c.obj
                0x000000001000260c                _exit
 .text.exit     0x0000000010002620        0x8 CMakeFiles/pico_webserver.dir/pico-sdk/src/rp2_common/pico_runtime/runtime.c.obj
                0x0000000010002620                exit
 .text.panic    0x0000000010002628       0x30 CMakeFiles/pico_webserver.dir/pico-sdk/src/rp2_common/pico_runtime/runtime.c.obj
                0x0000000010002628                panic
 .text.hard_assertion_failure
                0x0000000010002658        0xc CMakeFiles/pico_webserver.dir/pico-sdk/src/rp2_common/pico_runtime/runtime.c.obj
                0x0000000010002658                hard_assertion_failure
 .text._out_char
                0x0000000010002664       0x10 CMakeFiles/pico_webserver.dir/pico-sdk/src/rp2_common/pico_printf/printf.c.obj
 .text.weak_raw_vprintf
                0x0000000010002674       0x30 CMakeFiles/pico_webserver.dir/pico-sdk/src/rp2_common/pico_printf/printf.c.obj
                0x0000000010002674                weak_raw_vprintf
 .text          0x00000000100026a4       0x10 CMakeFiles/pico_webserver.dir/pico-sdk/src/rp2_common/pico_bit_ops/bit_ops_aeabi.S.obj
 .text.rom_func_lookup
                0x00000000100026b4       0x10 CMakeFiles/pico_webserver.dir/pico-sdk/src/rp2_common/pico_bootrom/bootrom.c.obj
                0x00000000100026b4                rom_func_lookup
 .text.rom_data_lookup
                0x00000000100026c4       0x10 CMakeFiles/pico_webserver.dir/pico-sdk/src/rp2_common/pico_bootrom/bootrom.c.obj
                0x00000000100026c4                rom_data_lookup
 .text.rom_funcs_lookup
                0x00000000100026d4       0x44 CMakeFiles/pico_webserver.dir/pico-sdk/src/rp2_common/pico_bootrom/bootrom.c.obj
                0x00000000100026d4                rom_funcs_lookup
 .text.__wrap___aeabi_idiv
                0x0000000010002718       0x50 CMakeFiles/pico_webserver.dir/pico-sdk/src/rp2_common/pico_divider/divider.S.obj
                0x0000000010002718                __wrap___aeabi_idivmod
                0x0000000010002718                divmod_s32s32
                0x0000000010002718                div_s32s32
                0x0000000010002718                __wrap___aeabi_idiv
                0x0000000010002720                divmod_s32s32_unsafe
                0x000000001000274c                divmod_s32s32_savestate
 .text.__wrap___aeabi_uidiv
                0x0000000010002768       0x4c CMakeFiles/pico_webserver.dir/pico-sdk/src/rp2_common/pico_divider/divider.S.obj
                0x0000000010002768                __wrap___aeabi_uidiv
                0x0000000010002768                __wrap___aeabi_uidivmod
                0x0000000010002768                div_u32u32
                0x0000000010002768                divmod_u32u32
                0x0000000010002770                divmod_u32u32_unsafe
                0x0000000010002798                divmod_u32u32_savestate
 .text.__wrap___aeabi_ldiv
                0x00000000100027b4      0x424 CMakeFiles/pico_webserver.dir/pico-sdk/src/rp2_common/pico_divider/divider.S.obj
                0x00000000100027b4                div_s64s64
                0x00000000100027b4                divmod_s64s64
                0x00000000100027b4                __wrap___aeabi_ldivmod
                0x00000000100027e4                div_u64u64
                0x00000000100027e4                divmod_u64u64
                0x00000000100027e4                __wrap___aeabi_uldivmod
                0x00000000100027f4                divmod_u64u64_savestate
                0x0000000010002814                divmod_s64s64_unsafe
                0x000000001000289c                divmod_u64u64_unsafe
 .text.missing_double_func_shim
                0x0000000010002bd8        0xc CMakeFiles/pico_webserver.dir/pico-sdk/src/rp2_common/pico_double/double_init_rom.c.obj
 .text.__aeabi_double_init
                0x0000000010002be4       0x98 CMakeFiles/pico_webserver.dir/pico-sdk/src/rp2_common/pico_double/double_init_rom.c.obj
                0x0000000010002be4                __aeabi_double_init
 .text.double_table_shim_on_use_helper
                0x0000000010002c7c       0x2c CMakeFiles/pico_webserver.dir/pico-sdk/src/rp2_common/pico_double/double_v1_rom_shim.S.obj
                0x0000000010002c7c                double_table_shim_on_use_helper
 .text.__aeabi_lmul
                0x0000000010002ca8       0x32 CMakeFiles/pico_webserver.dir/pico-sdk/src/rp2_common/pico_int64_ops/pico_int64_ops_aeabi.S.obj
                0x0000000010002ca8                __wrap___aeabi_lmul
 *fill*         0x0000000010002cda        0x2 
 .text.missing_float_func_shim
                0x0000000010002cdc        0xc CMakeFiles/pico_webserver.dir/pico-sdk/src/rp2_common/pico_float/float_init_rom.c.obj
 .text.__aeabi_float_init
                0x0000000010002ce8       0x5c CMakeFiles/pico_webserver.dir/pico-sdk/src/rp2_common/pico_float/float_init_rom.c.obj
                0x0000000010002ce8                __aeabi_float_init
 .text          0x0000000010002d44       0x10 CMakeFiles/pico_webserver.dir/pico-sdk/src/rp2_common/pico_mem_ops/mem_ops_aeabi.S.obj
                0x0000000010002d44                __aeabi_mem_init
 .text.memset   0x0000000010002d54        0xc CMakeFiles/pico_webserver.dir/pico-sdk/src/rp2_common/pico_mem_ops/mem_ops_aeabi.S.obj
                0x0000000010002d54                __wrap_memset
 .text.memcpy   0x0000000010002d60        0xc CMakeFiles/pico_webserver.dir/pico-sdk/src/rp2_common/pico_mem_ops/mem_ops_aeabi.S.obj
                0x0000000010002d60                __wrap___aeabi_memcpy
                0x0000000010002d60                __wrap_memcpy
 .text.stdio_out_chars_no_crlf
                0x0000000010002d6c       0x10 CMakeFiles/pico_webserver.dir/pico-sdk/src/rp2_common/pico_stdio/stdio.c.obj
 .text.stdio_out_chars_crlf
                0x0000000010002d7c       0xb4 CMakeFiles/pico_webserver.dir/pico-sdk/src/rp2_common/pico_stdio/stdio.c.obj
 .text.stdio_put_string.isra.0
                0x0000000010002e30       0xfc CMakeFiles/pico_webserver.dir/pico-sdk/src/rp2_common/pico_stdio/stdio.c.obj
 .text.__wrap_putchar
                0x0000000010002f2c       0x98 CMakeFiles/pico_webserver.dir/pico-sdk/src/rp2_common/pico_stdio/stdio.c.obj
                0x0000000010002f2c                __wrap_putchar
 .text.__wrap_puts
                0x0000000010002fc4       0x3c CMakeFiles/pico_webserver.dir/pico-sdk/src/rp2_common/pico_stdio/stdio.c.obj
                0x0000000010002fc4                __wrap_puts
 .text.startup._retrieve_unique_id_on_boot
                0x0000000010003000       0x10 CMakeFiles/pico_webserver.dir/pico-sdk/src/rp2_common/pico_unique_id/unique_id.c.obj
 .text.pico_get_unique_board_id
                0x0000000010003010       0x10 CMakeFiles/pico_webserver.dir/pico-sdk/src/rp2_common/pico_unique_id/unique_id.c.obj
                0x0000000010003010                pico_get_unique_board_id
 .text.flash_get_unique_id
                0x0000000010003020       0x40 CMakeFiles/pico_webserver.dir/pico-sdk/src/rp2_common/hardware_flash/flash.c.obj
                0x0000000010003020                flash_get_unique_id
 .text.dcd_int_enable
                0x0000000010003060        0xc CMakeFiles/pico_webserver.dir/pico-sdk/lib/tinyusb/src/portable/raspberrypi/rp2040/dcd_rp2040.c.obj
                0x0000000010003060                dcd_int_enable
 .text.dcd_set_address
                0x000000001000306c       0x14 CMakeFiles/pico_webserver.dir/pico-sdk/lib/tinyusb/src/portable/raspberrypi/rp2040/dcd_rp2040.c.obj
                0x000000001000306c                dcd_set_address
 .text.dcd_connect
                0x0000000010003080       0x10 CMakeFiles/pico_webserver.dir/pico-sdk/lib/tinyusb/src/portable/raspberrypi/rp2040/dcd_rp2040.c.obj
                0x0000000010003080                dcd_connect
 .text.dcd_init
                0x0000000010003090       0x98 CMakeFiles/pico_webserver.dir/pico-sdk/lib/tinyusb/src/portable/raspberrypi/rp2040/dcd_rp2040.c.obj
                0x0000000010003090                dcd_init
 .text.dcd_edpt0_status_complete
                0x0000000010003128       0x1c CMakeFiles/pico_webserver.dir/pico-sdk/lib/tinyusb/src/portable/raspberrypi/rp2040/dcd_rp2040.c.obj
                0x0000000010003128                dcd_edpt0_status_complete
 .text.dcd_edpt_open
                0x0000000010003144      0x108 CMakeFiles/pico_webserver.dir/pico-sdk/lib/tinyusb/src/portable/raspberrypi/rp2040/dcd_rp2040.c.obj
                0x0000000010003144                dcd_edpt_open
 .text.dcd_edpt_close_all
                0x000000001000324c        0x8 CMakeFiles/pico_webserver.dir/pico-sdk/lib/tinyusb/src/portable/raspberrypi/rp2040/dcd_rp2040.c.obj
                0x000000001000324c                dcd_edpt_close_all
 .text.dcd_edpt_xfer
                0x0000000010003254       0x24 CMakeFiles/pico_webserver.dir/pico-sdk/lib/tinyusb/src/portable/raspberrypi/rp2040/dcd_rp2040.c.obj
                0x0000000010003254                dcd_edpt_xfer
 .text.dcd_edpt_stall
                0x0000000010003278       0x38 CMakeFiles/pico_webserver.dir/pico-sdk/lib/tinyusb/src/portable/raspberrypi/rp2040/dcd_rp2040.c.obj
                0x0000000010003278                dcd_edpt_stall
 .text.dcd_edpt_clear_stall
                0x00000000100032b0       0x30 CMakeFiles/pico_webserver.dir/pico-sdk/lib/tinyusb/src/portable/raspberrypi/rp2040/dcd_rp2040.c.obj
                0x00000000100032b0                dcd_edpt_clear_stall
 .text.rp2040_usb_init
                0x00000000100032e0       0x4c CMakeFiles/pico_webserver.dir/pico-sdk/lib/tinyusb/src/portable/raspberrypi/rp2040/rp2040_usb.c.obj
                0x00000000100032e0                rp2040_usb_init
 .text.hw_endpoint_xfer_start
                0x000000001000332c       0x50 CMakeFiles/pico_webserver.dir/pico-sdk/lib/tinyusb/src/portable/raspberrypi/rp2040/rp2040_usb.c.obj
                0x000000001000332c                hw_endpoint_xfer_start
 .text.tud_mounted
                0x000000001000337c       0x10 CMakeFiles/pico_webserver.dir/pico-sdk/lib/tinyusb/src/device/usbd.c.obj
                0x000000001000337c                tud_mounted
 .text.tud_suspended
                0x000000001000338c       0x10 CMakeFiles/pico_webserver.dir/pico-sdk/lib/tinyusb/src/device/usbd.c.obj
                0x000000001000338c                tud_suspended
 .text.tud_inited
                0x000000001000339c       0x14 CMakeFiles/pico_webserver.dir/pico-sdk/lib/tinyusb/src/device/usbd.c.obj
                0x000000001000339c                tud_inited
 .text.tud_init
                0x00000000100033b0       0xe4 CMakeFiles/pico_webserver.dir/pico-sdk/lib/tinyusb/src/device/usbd.c.obj
                0x00000000100033b0                tud_init
 .text.tud_task_ext
                0x0000000010003494      0x870 CMakeFiles/pico_webserver.dir/pico-sdk/lib/tinyusb/src/device/usbd.c.obj
                0x0000000010003494                tud_task_ext
 .text.usbd_open_edpt_pair
                0x0000000010003d04       0x9c CMakeFiles/pico_webserver.dir/pico-sdk/lib/tinyusb/src/device/usbd.c.obj
                0x0000000010003d04                usbd_open_edpt_pair
 .text.usbd_edpt_open
                0x0000000010003da0       0x34 CMakeFiles/pico_webserver.dir/pico-sdk/lib/tinyusb/src/device/usbd.c.obj
                0x0000000010003da0                usbd_edpt_open
 .text.usbd_edpt_xfer
                0x0000000010003dd4       0x4c CMakeFiles/pico_webserver.dir/pico-sdk/lib/tinyusb/src/device/usbd.c.obj
                0x0000000010003dd4                usbd_edpt_xfer
 .text.usbd_edpt_busy
                0x0000000010003e20       0x1c CMakeFiles/pico_webserver.dir/pico-sdk/lib/tinyusb/src/device/usbd.c.obj
                0x0000000010003e20                usbd_edpt_busy
 .text.tud_control_status
                0x0000000010003e3c       0x30 CMakeFiles/pico_webserver.dir/pico-sdk/lib/tinyusb/src/device/usbd_control.c.obj
                0x0000000010003e3c                tud_control_status
 .text.tud_control_xfer
                0x0000000010003e6c       0xbc CMakeFiles/pico_webserver.dir/pico-sdk/lib/tinyusb/src/device/usbd_control.c.obj
                0x0000000010003e6c                tud_control_xfer
 .text.usbd_control_reset
                0x0000000010003f28       0x14 CMakeFiles/pico_webserver.dir/pico-sdk/lib/tinyusb/src/device/usbd_control.c.obj
                0x0000000010003f28                usbd_control_reset
 .text.usbd_control_set_complete_callback
                0x0000000010003f3c        0xc CMakeFiles/pico_webserver.dir/pico-sdk/lib/tinyusb/src/device/usbd_control.c.obj
                0x0000000010003f3c                usbd_control_set_complete_callback
 .text.usbd_control_set_request
                0x0000000010003f48       0x1c CMakeFiles/pico_webserver.dir/pico-sdk/lib/tinyusb/src/device/usbd_control.c.obj
                0x0000000010003f48                usbd_control_set_request
 .text.usbd_control_xfer_cb
                0x0000000010003f64       0xfc CMakeFiles/pico_webserver.dir/pico-sdk/lib/tinyusb/src/device/usbd_control.c.obj
                0x0000000010003f64                usbd_control_xfer_cb
 .text.tud_network_recv_renew
                0x0000000010004060       0x20 CMakeFiles/pico_webserver.dir/pico-sdk/lib/tinyusb/src/class/net/ecm_rndis_device.c.obj
                0x0000000010004060                tud_network_recv_renew
 .text.netd_report
                0x0000000010004080       0x24 CMakeFiles/pico_webserver.dir/pico-sdk/lib/tinyusb/src/class/net/ecm_rndis_device.c.obj
                0x0000000010004080                netd_report
 .text.netd_init
                0x00000000100040a4       0x14 CMakeFiles/pico_webserver.dir/pico-sdk/lib/tinyusb/src/class/net/ecm_rndis_device.c.obj
                0x00000000100040a4                netd_init
 .text.netd_reset
                0x00000000100040b8       0x14 CMakeFiles/pico_webserver.dir/pico-sdk/lib/tinyusb/src/class/net/ecm_rndis_device.c.obj
                0x00000000100040b8                netd_reset
 .text.netd_open
                0x00000000100040cc      0x11c CMakeFiles/pico_webserver.dir/pico-sdk/lib/tinyusb/src/class/net/ecm_rndis_device.c.obj
                0x00000000100040cc                netd_open
 .text.netd_control_xfer_cb
                0x00000000100041e8      0x174 CMakeFiles/pico_webserver.dir/pico-sdk/lib/tinyusb/src/class/net/ecm_rndis_device.c.obj
                0x00000000100041e8                netd_control_xfer_cb
 .text.netd_xfer_cb
                0x000000001000435c       0xec CMakeFiles/pico_webserver.dir/pico-sdk/lib/tinyusb/src/class/net/ecm_rndis_device.c.obj
                0x000000001000435c                netd_xfer_cb
 .text.tud_network_can_xmit
                0x0000000010004448        0xc CMakeFiles/pico_webserver.dir/pico-sdk/lib/tinyusb/src/class/net/ecm_rndis_device.c.obj
                0x0000000010004448                tud_network_can_xmit
 .text.tud_network_xmit
                0x0000000010004454       0x98 CMakeFiles/pico_webserver.dir/pico-sdk/lib/tinyusb/src/class/net/ecm_rndis_device.c.obj
                0x0000000010004454                tud_network_xmit
 .text.tusb_init
                0x00000000100044ec        0xc CMakeFiles/pico_webserver.dir/pico-sdk/lib/tinyusb/src/tusb.c.obj
                0x00000000100044ec                tusb_init
 .text.tusb_inited
                0x00000000100044f8        0x8 CMakeFiles/pico_webserver.dir/pico-sdk/lib/tinyusb/src/tusb.c.obj
                0x00000000100044f8                tusb_inited
 .text.tu_edpt_validate
                0x0000000010004500       0x78 CMakeFiles/pico_webserver.dir/pico-sdk/lib/tinyusb/src/tusb.c.obj
                0x0000000010004500                tu_edpt_validate
 .text.tu_edpt_bind_driver
                0x0000000010004578       0x34 CMakeFiles/pico_webserver.dir/pico-sdk/lib/tinyusb/src/tusb.c.obj
                0x0000000010004578                tu_edpt_bind_driver
 .text.tu_fifo_read
                0x00000000100045ac       0xa0 CMakeFiles/pico_webserver.dir/pico-sdk/lib/tinyusb/src/common/tusb_fifo.c.obj
                0x00000000100045ac                tu_fifo_read
 .text.tu_fifo_write
                0x000000001000464c       0x88 CMakeFiles/pico_webserver.dir/pico-sdk/lib/tinyusb/src/common/tusb_fifo.c.obj
                0x000000001000464c                tu_fifo_write
 .text.tu_fifo_clear
                0x00000000100046d4       0x40 CMakeFiles/pico_webserver.dir/pico-sdk/lib/tinyusb/src/common/tusb_fifo.c.obj
                0x00000000100046d4                tu_fifo_clear
 .text          0x0000000010004714      0x784 liblwipallapps.a(httpd.c.obj)
                0x0000000010004e58                httpd_init
                0x0000000010004e8c                http_set_cgi_handlers
 .text          0x0000000010004e98       0x58 liblwipallapps.a(fs.c.obj)
                0x0000000010004e98                fs_open
                0x0000000010004ee4                fs_close
                0x0000000010004ee8                fs_bytes_left
 .text          0x0000000010004ef0       0x20 liblwipcore.a(init.c.obj)
                0x0000000010004ef0                lwip_init
 .text          0x0000000010004f10      0x1e0 liblwipcore.a(def.c.obj)
                0x0000000010004f10                lwip_htons
                0x0000000010004f18                lwip_htonl
                0x0000000010004f1c                lwip_strnstr
                0x0000000010004f78                lwip_strnistr
                0x0000000010005000                lwip_stricmp
                0x0000000010005034                lwip_strnicmp
                0x0000000010005070                lwip_itoa
 .text          0x00000000100050f0      0x3f0 liblwipcore.a(mem.c.obj)
                0x00000000100050f0                mem_init
                0x0000000010005130                mem_free
                0x0000000010005248                mem_trim
                0x0000000010005380                mem_malloc
                0x00000000100054b8                mem_calloc
 .text          0x00000000100054e0      0x1a8 liblwipcore.a(memp.c.obj)
                0x00000000100054e0                memp_init_pool
                0x0000000010005514                memp_init
                0x00000000100055a4                memp_malloc_pool
                0x00000000100055e4                memp_malloc
                0x0000000010005630                memp_free_pool
                0x0000000010005658                memp_free
 .text          0x0000000010005688      0x4e0 liblwipcore.a(netif.c.obj)
                0x0000000010005690                netif_init
                0x0000000010005694                netif_input
                0x00000000100056ac                netif_add_noaddr
                0x0000000010005738                netif_add
                0x0000000010005804                netif_set_ipaddr
                0x0000000010005860                netif_set_netmask
                0x000000001000587c                netif_set_gw
                0x0000000010005898                netif_set_addr
                0x0000000010005964                netif_remove
                0x00000000100059b8                netif_set_default
                0x00000000100059c4                netif_set_up
                0x00000000100059fc                netif_set_down
                0x0000000010005a20                netif_set_link_up
                0x0000000010005a58                netif_set_link_down
                0x0000000010005a6c                netif_name_to_index
                0x0000000010005ab8                netif_index_to_name
                0x0000000010005af8                netif_get_by_index
                0x0000000010005b20                netif_find
 .text          0x0000000010005b68      0xb20 liblwipcore.a(pbuf.c.obj)
                0x0000000010005be8                pbuf_free_ooseq
                0x0000000010005c1c                pbuf_alloc
                0x0000000010005d48                pbuf_alloc_reference
                0x0000000010005d70                pbuf_alloced_custom
                0x0000000010005da8                pbuf_realloc
                0x0000000010005e18                pbuf_add_header
                0x0000000010005e64                pbuf_add_header_force
                0x0000000010005eb0                pbuf_remove_header
                0x0000000010005ee8                pbuf_header
                0x0000000010005f54                pbuf_header_force
                0x0000000010005fc0                pbuf_free_header
                0x0000000010006004                pbuf_free
                0x0000000010006014                pbuf_clen
                0x0000000010006028                pbuf_ref
                0x0000000010006040                pbuf_cat
                0x000000001000606c                pbuf_chain
                0x00000000100060b0                pbuf_dechain
                0x00000000100060d8                pbuf_copy_partial_pbuf
                0x00000000100061f4                pbuf_copy
                0x000000001000620c                pbuf_copy_partial
                0x000000001000627c                pbuf_get_contiguous
                0x000000001000631c                pbuf_skip
                0x0000000010006340                pbuf_take
                0x0000000010006394                pbuf_take_at
                0x0000000010006430                pbuf_coalesce
                0x00000000100064a4                pbuf_clone
                0x00000000100064c4                pbuf_get_at
                0x00000000100064e4                pbuf_try_get_at
                0x000000001000650c                pbuf_put_at
                0x0000000010006528                pbuf_memcmp
                0x000000001000659c                pbuf_memfind
                0x0000000010006648                pbuf_strstr
 .text          0x0000000010006688        0x4 liblwipcore.a(stats.c.obj)
                0x0000000010006688                stats_init
 .text          0x000000001000668c     0x18b4 liblwipcore.a(tcp.c.obj)
                0x000000001000679c                tcp_init
                0x00000000100067a0                tcp_free
                0x00000000100067ac                tcp_bind
                0x00000000100068a4                tcp_bind_netif
                0x00000000100068b8                tcp_listen_with_backlog
                0x000000001000693c                tcp_listen_with_backlog_and_err
                0x00000000100069dc                tcp_update_rcv_ann_wnd
                0x0000000010006a18                tcp_recved
                0x0000000010006a90                tcp_connect
                0x0000000010006c24                tcp_slowtmr
                0x0000000010007024                tcp_txnow
                0x0000000010007050                tcp_segs_free
                0x0000000010007088                tcp_seg_free
                0x00000000100070a4                tcp_setprio
                0x00000000100070ac                tcp_seg_copy
                0x00000000100070cc                tcp_arg
                0x00000000100070d4                tcp_recv
                0x00000000100070e0                tcp_sent
                0x00000000100070ec                tcp_err
                0x00000000100070f8                tcp_accept
                0x0000000010007108                tcp_poll
                0x0000000010007114                tcp_pcb_purge
                0x000000001000712c                tcp_pcb_remove
                0x00000000100071a4                tcp_abandon
                0x0000000010007320                tcp_abort
                0x000000001000733c                tcp_alloc
                0x0000000010007524                tcp_new
                0x00000000100076ec                tcp_new_ip_type
                0x00000000100079f4                tcp_shutdown
                0x0000000010007a54                tcp_recv_null
                0x0000000010007afc                tcp_process_refused_data
                0x0000000010007be4                tcp_fasttmr
                0x0000000010007c68                tcp_tmr
                0x0000000010007c88                tcp_close
                0x0000000010007de8                tcp_next_iss
                0x0000000010007e00                tcp_eff_send_mss_netif
                0x0000000010007e28                tcp_netif_ip_addr_changed
                0x0000000010007eb8                tcp_debug_state_str
                0x0000000010007ec8                tcp_tcp_get_tcp_addrinfo
                0x0000000010007f00                tcp_free_ooseq
 .text          0x0000000010007f40     0x1758 liblwipcore.a(tcp_in.c.obj)
                0x0000000010008b00                tcp_input
                0x0000000010009684                tcp_trigger_input_pcb_close
 .text          0x0000000010009698     0x15bc liblwipcore.a(tcp_out.c.obj)
                0x000000001000981c                tcp_write
                0x0000000010009e1c                tcp_split_unsent_seg
                0x0000000010009fb8                tcp_send_fin
                0x000000001000a098                tcp_enqueue_flags
                0x000000001000a140                tcp_rexmit_rto_prepare
                0x000000001000a1cc                tcp_rexmit
                0x000000001000a25c                tcp_rexmit_fast
                0x000000001000a2b4                tcp_rst
                0x000000001000a370                tcp_rst_netif
                0x000000001000a46c                tcp_send_empty_ack
                0x000000001000a548                tcp_output
                0x000000001000a958                tcp_rexmit_rto_commit
                0x000000001000a96c                tcp_rexmit_rto
                0x000000001000aa04                tcp_keepalive
                0x000000001000aac8                tcp_zero_window_probe
 .text          0x000000001000ac54      0x320 liblwipcore.a(timeouts.c.obj)
                0x000000001000ad54                tcp_timer_needed
                0x000000001000adc8                sys_timeouts_init
                0x000000001000ae40                sys_timeout
                0x000000001000ae84                sys_untimeout
                0x000000001000aec4                sys_check_timeouts
                0x000000001000af1c                sys_restart_timeouts
                0x000000001000af4c                sys_timeouts_sleeptime
 .text          0x000000001000af74      0x6f0 liblwipcore.a(udp.c.obj)
                0x000000001000af74                udp_init
                0x000000001000af78                udp_input
                0x000000001000b1ac                udp_bind
                0x000000001000b2b8                udp_sendto_if_src
                0x000000001000b3d8                udp_sendto_if
                0x000000001000b420                udp_sendto
                0x000000001000b49c                udp_send
                0x000000001000b514                udp_bind_netif
                0x000000001000b528                udp_connect
                0x000000001000b58c                udp_disconnect
                0x000000001000b5a4                udp_recv
                0x000000001000b5b0                udp_remove
                0x000000001000b5ec                udp_new
                0x000000001000b608                udp_new_ip_type
                0x000000001000b624                udp_netif_ip_addr_changed
 .text          0x000000001000b664     0x1a7c liblwipcore.a(etharp.c.obj)
                0x000000001000c7cc                etharp_tmr
                0x000000001000c870                etharp_add_static_entry
                0x000000001000c918                etharp_remove_static_entry
                0x000000001000c960                etharp_cleanup_netif
                0x000000001000cae8                etharp_find_addr
                0x000000001000cb24                etharp_get_entry
                0x000000001000cb58                etharp_input
                0x000000001000ccf8                etharp_query
                0x000000001000ce7c                etharp_output
                0x000000001000d024                etharp_request
 .text          0x000000001000d0e0      0x350 liblwipcore.a(icmp.c.obj)
                0x000000001000d0e0                icmp_input
                0x000000001000d2b8                icmp_dest_unreach
                0x000000001000d374                icmp_time_exceeded
 .text          0x000000001000d430      0x8d0 liblwipcore.a(ip4_frag.c.obj)
                0x000000001000d5d8                ip_reass_tmr
                0x000000001000d610                ip4_reass
                0x000000001000db18                ip4_frag
 .text          0x000000001000dd00      0x6d8 liblwipcore.a(ip4.c.obj)
                0x000000001000dd00                ip4_route
                0x000000001000dd3c                ip4_input
                0x000000001000df84                ip4_output_if
                0x000000001000e100                ip4_output_if_src
                0x000000001000e258                ip4_output
 .text          0x000000001000e3d8      0x3bc liblwipcore.a(ip4_addr.c.obj)
                0x000000001000e3d8                ip4_addr_isbroadcast_u32
                0x000000001000e414                ip4_addr_netmask_valid
                0x000000001000e444                ip4addr_aton
                0x000000001000e5c4                ipaddr_addr
                0x000000001000e5e0                ip4addr_ntoa
                0x000000001000e6bc                ip4addr_ntoa_r
 .text          0x000000001000e794      0x134 liblwipcore.a(ethernet.c.obj)
                0x000000001000e794                ethernet_input
                0x000000001000e864                ethernet_output
 .text          0x000000001000e8c8      0x334 liblwipcore.a(inet_chksum.c.obj)
                0x000000001000e8c8                lwip_standard_chksum
                0x000000001000e948                inet_chksum_pseudo
                0x000000001000e9fc                ip_chksum_pseudo
                0x000000001000ea0c                inet_chksum_pseudo_partial
                0x000000001000eaf0                ip_chksum_pseudo_partial
                0x000000001000eb04                inet_chksum
                0x000000001000eb90                inet_chksum_pbuf
 .text          0x000000001000ebfc       0x18 /usr/lib/gcc/arm-none-eabi/10.3.1/../../../arm-none-eabi/lib/thumb/v6-m/nofp/libc.a(lib_a-atoi.o)
                0x000000001000ebfc                atoi
                0x000000001000ec08                _atoi_r
 .text          0x000000001000ec14       0xc0 /usr/lib/gcc/arm-none-eabi/10.3.1/../../../arm-none-eabi/lib/thumb/v6-m/nofp/libc.a(lib_a-strchr.o)
                0x000000001000ec14                strchr
 .text          0x000000001000ecd4       0x88 /usr/lib/gcc/arm-none-eabi/10.3.1/../../../arm-none-eabi/lib/thumb/v6-m/nofp/libc.a(lib_a-strcmp.o)
                0x000000001000ecd4                strcmp
 .text          0x000000001000ed5c       0x5c /usr/lib/gcc/arm-none-eabi/10.3.1/../../../arm-none-eabi/lib/thumb/v6-m/nofp/libc.a(lib_a-strlen-stub.o)
                0x000000001000ed5c                strlen
 .text          0x000000001000edb8       0x74 /usr/lib/gcc/arm-none-eabi/10.3.1/../../../arm-none-eabi/lib/thumb/v6-m/nofp/libc.a(lib_a-strncmp.o)
                0x000000001000edb8                strncmp
 .text          0x000000001000ee2c      0x1b8 /usr/lib/gcc/arm-none-eabi/10.3.1/../../../arm-none-eabi/lib/thumb/v6-m/nofp/libc.a(lib_a-strtol.o)
                0x000000001000ef70                _strtol_r
                0x000000001000ef8c                strtol_l
                0x000000001000efb8                strtol
 .text          0x000000001000efe4        0xc /usr/lib/gcc/arm-none-eabi/10.3.1/../../../arm-none-eabi/lib/thumb/v6-m/nofp/libc.a(lib_a-errno.o)
                0x000000001000efe4                __errno
 *(.fini)
 .fini          0x000000001000eff0        0x4 /usr/lib/gcc/arm-none-eabi/10.3.1/thumb/v6-m/nofp/crti.o
                0x000000001000eff0                _fini
 *fill*         0x000000001000eff4        0x4 
 .fini.__stub   0x000000001000eff8      0x100 linker stubs
 *crtbegin.o(.ctors)
 *crtbegin?.o(.ctors)
 *(EXCLUDE_FILE(*crtend.o *crtend?.o) .ctors)
 *(SORT_BY_NAME(.ctors.*))
 *(.ctors)
 *crtbegin.o(.dtors)
 *crtbegin?.o(.dtors)
 *(EXCLUDE_FILE(*crtend.o *crtend?.o) .dtors)
 *(SORT_BY_NAME(.dtors.*))
 *(.dtors)
 *(.eh_frame*)
 .eh_frame      0x000000001000f0f8        0x0 /usr/lib/gcc/arm-none-eabi/10.3.1/thumb/v6-m/nofp/crtbegin.o
                0x000000001000f0f8                . = ALIGN (0x4)

.glue_7         0x000000001000f0f8        0x0
 .glue_7        0x000000001000f0f8        0x0 linker stubs

.glue_7t        0x000000001000f0f8        0x0
 .glue_7t       0x000000001000f0f8        0x0 linker stubs

.vfp11_veneer   0x000000001000f0f8        0x0
 .vfp11_veneer  0x000000001000f0f8        0x0 linker stubs

.v4_bx          0x000000001000f0f8        0x0
 .v4_bx         0x000000001000f0f8        0x0 linker stubs

.iplt           0x000000001000f0f8        0x0
 .iplt          0x000000001000f0f8        0x0 /usr/lib/gcc/arm-none-eabi/10.3.1/thumb/v6-m/nofp/crtbegin.o

.rodata         0x000000001000f0f8    0x2419c
 *(EXCLUDE_FILE(*libm.a: *libc.a:*lib_a-mem*.o *libgcc.a:) .rodata*)
 .rodata.cgi_toggle_led.str1.4
                0x000000001000f0f8        0xc CMakeFiles/pico_webserver.dir/webserver.c.obj
 .rodata.str1.4
                0x000000001000f104       0x1c CMakeFiles/pico_webserver.dir/webserver.c.obj
 .rodata.cgi_handlers
                0x000000001000f120       0x10 CMakeFiles/pico_webserver.dir/webserver.c.obj
 .rodata.init_lwip.str1.4
                0x000000001000f130        0x6 CMakeFiles/pico_webserver.dir/tusb_lwip_glue.c.obj
 .rodata.str1.4
                0x000000001000f136        0x6 CMakeFiles/pico_webserver.dir/tusb_lwip_glue.c.obj
                                          0x1 (size before relaxing)
 *fill*         0x000000001000f136        0x2 
 .rodata.dhcp_config
                0x000000001000f138       0x18 CMakeFiles/pico_webserver.dir/tusb_lwip_glue.c.obj
 .rodata.gateway
                0x000000001000f150        0x4 CMakeFiles/pico_webserver.dir/tusb_lwip_glue.c.obj
 .rodata.ipaddr
                0x000000001000f154        0x4 CMakeFiles/pico_webserver.dir/tusb_lwip_glue.c.obj
 .rodata.netmask
                0x000000001000f158        0x4 CMakeFiles/pico_webserver.dir/tusb_lwip_glue.c.obj
 .rodata.tud_network_mac_address
                0x000000001000f15c        0x6 CMakeFiles/pico_webserver.dir/tusb_lwip_glue.c.obj
                0x000000001000f15c                tud_network_mac_address
 *fill*         0x000000001000f162        0x2 
 .rodata.tud_descriptor_string_cb.str1.4
                0x000000001000f164       0x11 CMakeFiles/pico_webserver.dir/usb_descriptors.c.obj
 *fill*         0x000000001000f175        0x3 
 .rodata.str1.4
                0x000000001000f178       0x3e CMakeFiles/pico_webserver.dir/usb_descriptors.c.obj
 *fill*         0x000000001000f1b6        0x2 
 .rodata.__compound_literal.0
                0x000000001000f1b8        0x2 CMakeFiles/pico_webserver.dir/usb_descriptors.c.obj
 *fill*         0x000000001000f1ba        0x2 
 .rodata.configuration_arr
                0x000000001000f1bc        0x8 CMakeFiles/pico_webserver.dir/usb_descriptors.c.obj
 .rodata.desc_device
                0x000000001000f1c4       0x12 CMakeFiles/pico_webserver.dir/usb_descriptors.c.obj
                0x000000001000f1c4                desc_device
 *fill*         0x000000001000f1d6        0x2 
 .rodata.ecm_configuration
                0x000000001000f1d8       0x58 CMakeFiles/pico_webserver.dir/usb_descriptors.c.obj
 .rodata.rndis_configuration
                0x000000001000f230       0x4b CMakeFiles/pico_webserver.dir/usb_descriptors.c.obj
 *fill*         0x000000001000f27b        0x1 
 .rodata.string_desc_arr
                0x000000001000f27c       0x14 CMakeFiles/pico_webserver.dir/usb_descriptors.c.obj
 .rodata        0x000000001000f290        0x6 CMakeFiles/pico_webserver.dir/pico-sdk/lib/tinyusb/lib/networking/dhserver.c.obj
 .rodata.rndis_class_set_handler.str1.4
                0x000000001000f296        0x8 CMakeFiles/pico_webserver.dir/pico-sdk/lib/tinyusb/lib/networking/rndis_reports.c.obj
 *fill*         0x000000001000f296        0x2 
 .rodata.rndis_class_set_handler
                0x000000001000f298       0x90 CMakeFiles/pico_webserver.dir/pico-sdk/lib/tinyusb/lib/networking/rndis_reports.c.obj
 .rodata.OIDSupportedList
                0x000000001000f328       0x58 CMakeFiles/pico_webserver.dir/pico-sdk/lib/tinyusb/lib/networking/rndis_reports.c.obj
 .rodata.spin_lock_claim_unused.str1.4
                0x000000001000f380       0x1b CMakeFiles/pico_webserver.dir/pico-sdk/src/rp2_common/hardware_sync/sync.c.obj
 *fill*         0x000000001000f39b        0x1 
 .rodata.hardware_alarm_claim.str1.4
                0x000000001000f39c       0x22 CMakeFiles/pico_webserver.dir/pico-sdk/src/rp2_common/hardware_timer/timer.c.obj
 *fill*         0x000000001000f3be        0x2 
 .rodata.panic.str1.4
                0x000000001000f3c0       0x12 CMakeFiles/pico_webserver.dir/pico-sdk/src/rp2_common/pico_runtime/runtime.c.obj
 *fill*         0x000000001000f3d2        0x2 
 .rodata.hard_assertion_failure.str1.4
                0x000000001000f3d4        0xc CMakeFiles/pico_webserver.dir/pico-sdk/src/rp2_common/pico_runtime/runtime.c.obj
 .rodata.missing_double_func_shim.str1.4
                0x000000001000f3e0       0x18 CMakeFiles/pico_webserver.dir/pico-sdk/src/rp2_common/pico_double/double_init_rom.c.obj
 .rodata.missing_float_func_shim.str1.4
                0x000000001000f3f8        0x1 CMakeFiles/pico_webserver.dir/pico-sdk/src/rp2_common/pico_float/float_init_rom.c.obj
 .rodata.str1.4
                0x000000001000f3f8       0x44 CMakeFiles/pico_webserver.dir/pico-sdk/src/rp2_common/pico_standard_link/binary_info.c.obj
 .rodata.__bi_44
                0x000000001000f43c        0xc CMakeFiles/pico_webserver.dir/pico-sdk/src/rp2_common/pico_standard_link/binary_info.c.obj
 .rodata.__bi_75
                0x000000001000f448        0xc CMakeFiles/pico_webserver.dir/pico-sdk/src/rp2_common/pico_standard_link/binary_info.c.obj
 .rodata.__bi_81
                0x000000001000f454        0xc CMakeFiles/pico_webserver.dir/pico-sdk/src/rp2_common/pico_standard_link/binary_info.c.obj
 .rodata.crlf_str.0
                0x000000001000f460        0x2 CMakeFiles/pico_webserver.dir/pico-sdk/src/rp2_common/pico_stdio/stdio.c.obj
 *fill*         0x000000001000f462        0x2 
 .rodata.str1.4
                0x000000001000f464       0x14 CMakeFiles/pico_webserver.dir/pico-sdk/lib/tinyusb/src/portable/raspberrypi/rp2040/dcd_rp2040.c.obj
 .rodata.str1.4
                0x000000001000f478       0x53 CMakeFiles/pico_webserver.dir/pico-sdk/lib/tinyusb/src/portable/raspberrypi/rp2040/rp2040_usb.c.obj
 *fill*         0x000000001000f4cb        0x1 
 .rodata.tud_task_ext
                0x000000001000f4cc       0x8c CMakeFiles/pico_webserver.dir/pico-sdk/lib/tinyusb/src/device/usbd.c.obj
 .rodata._usbd_driver
                0x000000001000f558       0x18 CMakeFiles/pico_webserver.dir/pico-sdk/lib/tinyusb/src/device/usbd.c.obj
 .rodata.str1.4
                0x000000001000f570       0x6f liblwipallapps.a(httpd.c.obj)
                                         0x7b (size before relaxing)
 *fill*         0x000000001000f5df        0x1 
 .rodata        0x000000001000f5e0       0x28 liblwipallapps.a(httpd.c.obj)
 .rodata        0x000000001000f608    0x239ab liblwipallapps.a(fs.c.obj)
                0x000000001000f608                file__pico_png
                0x000000001000f61c                file__index_html
 *fill*         0x0000000010032fb3        0x1 
 .rodata        0x0000000010032fb4       0xb4 liblwipcore.a(memp.c.obj)
                0x0000000010032fb4                memp_pools
                0x0000000010032fd8                memp_PBUF_POOL
                0x0000000010032fe8                memp_PBUF
                0x0000000010032ff8                memp_SYS_TIMEOUT
                0x0000000010033008                memp_FRAG_PBUF
                0x0000000010033018                memp_REASSDATA
                0x0000000010033028                memp_TCP_SEG
                0x0000000010033038                memp_TCP_PCB_LISTEN
                0x0000000010033048                memp_TCP_PCB
                0x0000000010033058                memp_UDP_PCB
 .rodata.str1.4
                0x0000000010033068       0x76 liblwipcore.a(tcp.c.obj)
 *fill*         0x00000000100330de        0x2 
 .rodata        0x00000000100330e0       0x54 liblwipcore.a(tcp.c.obj)
                0x00000000100330e0                tcp_pcb_lists
 .rodata        0x0000000010033134       0x28 liblwipcore.a(tcp_in.c.obj)
 .rodata        0x000000001003315c       0x1c liblwipcore.a(timeouts.c.obj)
                0x000000001003315c                lwip_cyclic_timers
                0x0000000010033174                lwip_num_cyclic_timers
 .rodata        0x0000000010033178        0x8 liblwipcore.a(ip4_addr.c.obj)
                0x0000000010033178                ip_addr_broadcast
                0x000000001003317c                ip_addr_any
 .rodata        0x0000000010033180        0xe liblwipcore.a(ethernet.c.obj)
                0x0000000010033180                ethbroadcast
                0x0000000010033188                ethzero
 *fill*         0x000000001003318e        0x2 
 .rodata        0x0000000010033190      0x101 /usr/lib/gcc/arm-none-eabi/10.3.1/../../../arm-none-eabi/lib/thumb/v6-m/nofp/libc.a(lib_a-ctype_.o)
                0x0000000010033190                _ctype_
                0x0000000010033294                . = ALIGN (0x4)
 *fill*         0x0000000010033291        0x3 
 *(SORT_BY_ALIGNMENT(SORT_BY_NAME(.flashdata*)))
                0x0000000010033294                . = ALIGN (0x4)

.ARM.extab
 *(.ARM.extab* .gnu.linkonce.armextab.*)
                0x0000000010033294                __exidx_start = .

.ARM.exidx
 *(.ARM.exidx* .gnu.linkonce.armexidx.*)
                0x0000000010033294                __exidx_end = .
                0x0000000010033294                . = ALIGN (0x4)
                0x0000000010033294                __binary_info_start = .

.binary_info    0x0000000010033294       0x1c
 *(.binary_info.keep.*)
 .binary_info.keep.__bi_ptr22
                0x0000000010033294        0x4 CMakeFiles/pico_webserver.dir/pico-sdk/src/rp2_common/pico_standard_link/binary_info.c.obj
 .binary_info.keep.__bi_ptr30
                0x0000000010033298        0x4 CMakeFiles/pico_webserver.dir/pico-sdk/src/rp2_common/pico_standard_link/binary_info.c.obj
 .binary_info.keep.__bi_ptr38
                0x000000001003329c        0x4 CMakeFiles/pico_webserver.dir/pico-sdk/src/rp2_common/pico_standard_link/binary_info.c.obj
 .binary_info.keep.__bi_ptr44
                0x00000000100332a0        0x4 CMakeFiles/pico_webserver.dir/pico-sdk/src/rp2_common/pico_standard_link/binary_info.c.obj
 .binary_info.keep.__bi_ptr50
                0x00000000100332a4        0x4 CMakeFiles/pico_webserver.dir/pico-sdk/src/rp2_common/pico_standard_link/binary_info.c.obj
 .binary_info.keep.__bi_ptr75
                0x00000000100332a8        0x4 CMakeFiles/pico_webserver.dir/pico-sdk/src/rp2_common/pico_standard_link/binary_info.c.obj
 .binary_info.keep.__bi_ptr81
                0x00000000100332ac        0x4 CMakeFiles/pico_webserver.dir/pico-sdk/src/rp2_common/pico_standard_link/binary_info.c.obj
 *(.binary_info.*)
                0x00000000100332b0                __binary_info_end = .

.rel.dyn        0x00000000100332b0        0x0
 .rel.iplt      0x00000000100332b0        0x0 /usr/lib/gcc/arm-none-eabi/10.3.1/thumb/v6-m/nofp/crtbegin.o
                0x00000000100332b0                . = ALIGN (0x4)

.ram_vector_table
                0x0000000020000000       0xc0
 *(.ram_vector_table)
 .ram_vector_table
                0x0000000020000000       0xc0 CMakeFiles/pico_webserver.dir/pico-sdk/src/rp2_common/pico_runtime/runtime.c.obj
                0x0000000020000000                ram_vector_table

.data           0x00000000200000c0     0x13f0 load address 0x00000000100332b0
                0x00000000200000c0                __data_start__ = .
 *(vtable)
 *(.time_critical*)
 .time_critical.mutex_enter_blocking
                0x00000000200000c0       0x48 CMakeFiles/pico_webserver.dir/pico-sdk/src/common/pico_sync/mutex.c.obj
                0x00000000200000c0                mutex_enter_blocking
 .time_critical.mutex_try_enter
                0x0000000020000108       0x44 CMakeFiles/pico_webserver.dir/pico-sdk/src/common/pico_sync/mutex.c.obj
                0x0000000020000108                mutex_try_enter
 .time_critical.mutex_try_enter_block_until
                0x000000002000014c       0x9c CMakeFiles/pico_webserver.dir/pico-sdk/src/common/pico_sync/mutex.c.obj
                0x000000002000014c                mutex_try_enter_block_until
 .time_critical.mutex_enter_timeout_ms
                0x00000000200001e8       0x90 CMakeFiles/pico_webserver.dir/pico-sdk/src/common/pico_sync/mutex.c.obj
                0x00000000200001e8                mutex_enter_timeout_ms
 .time_critical.mutex_exit
                0x0000000020000278       0x28 CMakeFiles/pico_webserver.dir/pico-sdk/src/common/pico_sync/mutex.c.obj
                0x0000000020000278                mutex_exit
 .time_critical.flash_init_boot2_copyout
                0x00000000200002a0       0x30 CMakeFiles/pico_webserver.dir/pico-sdk/src/rp2_common/hardware_flash/flash.c.obj
 .time_critical.flash_enable_xip_via_boot2
                0x00000000200002d0       0x10 CMakeFiles/pico_webserver.dir/pico-sdk/src/rp2_common/hardware_flash/flash.c.obj
 .time_critical.flash_cs_force
                0x00000000200002e0       0x38 CMakeFiles/pico_webserver.dir/pico-sdk/src/rp2_common/hardware_flash/flash.c.obj
 .time_critical.flash_do_cmd
                0x0000000020000318       0xc4 CMakeFiles/pico_webserver.dir/pico-sdk/src/rp2_common/hardware_flash/flash.c.obj
                0x0000000020000318                flash_do_cmd
 .time_critical.reset_non_control_endpoints
                0x00000000200003dc       0xbc CMakeFiles/pico_webserver.dir/pico-sdk/lib/tinyusb/src/portable/raspberrypi/rp2040/dcd_rp2040.c.obj
 .time_critical.hw_handle_buff_status
                0x0000000020000498       0xa8 CMakeFiles/pico_webserver.dir/pico-sdk/lib/tinyusb/src/portable/raspberrypi/rp2040/dcd_rp2040.c.obj
 .time_critical.dcd_rp2040_irq
                0x0000000020000540      0x4d8 CMakeFiles/pico_webserver.dir/pico-sdk/lib/tinyusb/src/portable/raspberrypi/rp2040/dcd_rp2040.c.obj
 .time_critical.e15_is_bulkin_ep
                0x0000000020000a18       0x28 CMakeFiles/pico_webserver.dir/pico-sdk/lib/tinyusb/src/portable/raspberrypi/rp2040/rp2040_usb.c.obj
 .time_critical.e15_is_critical_frame_period
                0x0000000020000a40       0x34 CMakeFiles/pico_webserver.dir/pico-sdk/lib/tinyusb/src/portable/raspberrypi/rp2040/rp2040_usb.c.obj
 .time_critical.prepare_ep_buffer
                0x0000000020000a74       0x70 CMakeFiles/pico_webserver.dir/pico-sdk/lib/tinyusb/src/portable/raspberrypi/rp2040/rp2040_usb.c.obj
 .time_critical.sync_ep_buffer
                0x0000000020000ae4       0x4c CMakeFiles/pico_webserver.dir/pico-sdk/lib/tinyusb/src/portable/raspberrypi/rp2040/rp2040_usb.c.obj
 .time_critical._hw_endpoint_xfer_sync
                0x0000000020000b30       0x28 CMakeFiles/pico_webserver.dir/pico-sdk/lib/tinyusb/src/portable/raspberrypi/rp2040/rp2040_usb.c.obj
 .time_critical.hw_endpoint_reset_transfer
                0x0000000020000b58        0xc CMakeFiles/pico_webserver.dir/pico-sdk/lib/tinyusb/src/portable/raspberrypi/rp2040/rp2040_usb.c.obj
                0x0000000020000b58                hw_endpoint_reset_transfer
 .time_critical._hw_endpoint_buffer_control_update32
                0x0000000020000b64       0x58 CMakeFiles/pico_webserver.dir/pico-sdk/lib/tinyusb/src/portable/raspberrypi/rp2040/rp2040_usb.c.obj
                0x0000000020000b64                _hw_endpoint_buffer_control_update32
 .time_critical.hw_endpoint_start_next_buffer
                0x0000000020000bbc       0x6c CMakeFiles/pico_webserver.dir/pico-sdk/lib/tinyusb/src/portable/raspberrypi/rp2040/rp2040_usb.c.obj
                0x0000000020000bbc                hw_endpoint_start_next_buffer
 .time_critical.hw_endpoint_xfer_continue
                0x0000000020000c28       0x50 CMakeFiles/pico_webserver.dir/pico-sdk/lib/tinyusb/src/portable/raspberrypi/rp2040/rp2040_usb.c.obj
                0x0000000020000c28                hw_endpoint_xfer_continue
 .time_critical.tinyusb
                0x0000000020000c78      0x170 CMakeFiles/pico_webserver.dir/pico-sdk/lib/tinyusb/src/device/usbd.c.obj
                0x0000000020000c78                dcd_event_handler
 *(.text*)
 .text          0x0000000020000de8        0x4 /usr/lib/gcc/arm-none-eabi/10.3.1/thumb/v6-m/nofp/libgcc.a(_dvmd_tls.o)
                0x0000000020000de8                __aeabi_ldiv0
                0x0000000020000de8                __aeabi_idiv0
 .text          0x0000000020000dec       0x48 /usr/lib/gcc/arm-none-eabi/10.3.1/../../../arm-none-eabi/lib/thumb/v6-m/nofp/libc.a(lib_a-memcmp.o)
                0x0000000020000dec                memcmp
 .text          0x0000000020000e34       0xac /usr/lib/gcc/arm-none-eabi/10.3.1/../../../arm-none-eabi/lib/thumb/v6-m/nofp/libc.a(lib_a-memmove.o)
                0x0000000020000e34                memmove
 .text.__stub   0x0000000020000ee0       0x70 linker stubs
                0x0000000020000f50                . = ALIGN (0x4)
 *(.rodata*)
                0x0000000020000f50                . = ALIGN (0x4)
 *(.data*)
 .data.entries  0x0000000020000f50       0x30 CMakeFiles/pico_webserver.dir/tusb_lwip_glue.c.obj
 .data.magic_cookie
                0x0000000020000f80        0x4 CMakeFiles/pico_webserver.dir/pico-sdk/lib/tinyusb/lib/networking/dhserver.c.obj
                0x0000000020000f80                magic_cookie
 .data.ndis_report
                0x0000000020000f84        0x8 CMakeFiles/pico_webserver.dir/pico-sdk/lib/tinyusb/lib/networking/rndis_reports.c.obj
 .data.striped_spin_lock_num
                0x0000000020000f8c        0x1 CMakeFiles/pico_webserver.dir/pico-sdk/src/rp2_common/hardware_sync/sync.c.obj
 *fill*         0x0000000020000f8d        0x3 
 .data          0x0000000020000f90       0x48 CMakeFiles/pico_webserver.dir/pico-sdk/src/rp2_common/hardware_irq/irq_handler_chain.S.obj
                0x0000000020000f90                irq_handler_chain_slots
                0x0000000020000fc0                irq_handler_chain_first_slot
                0x0000000020000fca                irq_handler_chain_remove_tail
 .data.default_alarm_pool
                0x0000000020000fd8       0x18 CMakeFiles/pico_webserver.dir/pico-sdk/src/common/pico_time/time.c.obj
 .data.default_alarm_pool_heap
                0x0000000020000ff0       0x10 CMakeFiles/pico_webserver.dir/pico-sdk/src/common/pico_time/time.c.obj
 .data.aeabi_bits_funcs
                0x0000000020001000       0x10 CMakeFiles/pico_webserver.dir/pico-sdk/src/rp2_common/pico_bit_ops/bit_ops_aeabi.S.obj
                0x0000000020001000                aeabi_bits_funcs
                0x0000000020001010                aeabi_bits_funcs_end
 .data.aeabi_mem_funcs
                0x0000000020001010       0x10 CMakeFiles/pico_webserver.dir/pico-sdk/src/rp2_common/pico_mem_ops/mem_ops_aeabi.S.obj
                0x0000000020001010                aeabi_mem_funcs
                0x0000000020001020                aeabi_mem_funcs_end
 .data.ep_dir_string
                0x0000000020001020        0x8 CMakeFiles/pico_webserver.dir/pico-sdk/lib/tinyusb/src/portable/raspberrypi/rp2040/rp2040_usb.c.obj
                0x0000000020001020                ep_dir_string
 .data._usbd_qdef
                0x0000000020001028       0x1c CMakeFiles/pico_webserver.dir/pico-sdk/lib/tinyusb/src/device/usbd.c.obj
                0x0000000020001028                _usbd_qdef
 .data._usbd_rhport
                0x0000000020001044        0x1 CMakeFiles/pico_webserver.dir/pico-sdk/lib/tinyusb/src/device/usbd.c.obj
 *fill*         0x0000000020001045        0x3 
 .data          0x0000000020001048        0x8 liblwipcore.a(tcp.c.obj)
 .data          0x0000000020001050        0x2 liblwipcore.a(udp.c.obj)
 *fill*         0x0000000020001052        0x6 
 .data          0x0000000020001058      0x430 /usr/lib/gcc/arm-none-eabi/10.3.1/../../../arm-none-eabi/lib/thumb/v6-m/nofp/libc.a(lib_a-impure.o)
                0x0000000020001058                _impure_ptr
                0x0000000020001488                . = ALIGN (0x4)
 *(.after_data.*)
                0x0000000020001488                . = ALIGN (0x4)
                0x0000000020001488                PROVIDE (__mutex_array_start = .)
 *(SORT_BY_NAME(.mutex_array.*))
 *(.mutex_array)
 .mutex_array   0x0000000020001488        0x8 CMakeFiles/pico_webserver.dir/tusb_lwip_glue.c.obj
 .mutex_array   0x0000000020001490        0x8 CMakeFiles/pico_webserver.dir/pico-sdk/src/rp2_common/pico_stdio/stdio.c.obj
                0x0000000020001498                PROVIDE (__mutex_array_end = .)
                0x0000000020001498                . = ALIGN (0x4)
                0x0000000020001498                PROVIDE (__preinit_array_start = .)
 *(SORT_BY_NAME(.preinit_array.*))
 .preinit_array.00001
                0x0000000020001498        0x4 CMakeFiles/pico_webserver.dir/pico-sdk/src/rp2_common/pico_mem_ops/mem_ops_aeabi.S.obj
 .preinit_array.00010
                0x000000002000149c        0x4 CMakeFiles/pico_webserver.dir/pico-sdk/src/rp2_common/pico_bit_ops/bit_ops_aeabi.S.obj
 .preinit_array.00020
                0x00000000200014a0        0x4 CMakeFiles/pico_webserver.dir/pico-sdk/src/rp2_common/pico_double/double_aeabi.S.obj
 .preinit_array.00020
                0x00000000200014a4        0x4 CMakeFiles/pico_webserver.dir/pico-sdk/src/rp2_common/pico_float/float_aeabi.S.obj
 *(.preinit_array)
                0x00000000200014a8                PROVIDE (__preinit_array_end = .)
                0x00000000200014a8                . = ALIGN (0x4)
                0x00000000200014a8                PROVIDE (__init_array_start = .)
 *(SORT_BY_NAME(.init_array.*))
 *(.init_array)
 .init_array    0x00000000200014a8        0x4 /usr/lib/gcc/arm-none-eabi/10.3.1/thumb/v6-m/nofp/crtbegin.o
 .init_array    0x00000000200014ac        0x4 CMakeFiles/pico_webserver.dir/pico-sdk/src/rp2_common/pico_unique_id/unique_id.c.obj
                0x00000000200014b0                PROVIDE (__init_array_end = .)
                0x00000000200014b0                . = ALIGN (0x4)
                0x00000000200014b0                PROVIDE (__fini_array_start = .)
 *(SORT_BY_NAME(.fini_array.*))
 *(.fini_array)
                0x00000000200014b0                PROVIDE (__fini_array_end = .)
 *(.jcr)
                0x00000000200014b0                . = ALIGN (0x4)
                0x00000000200014b0                __data_end__ = .
                0x00000000100332b0                __etext = LOADADDR (.data)

.tm_clone_table
                0x00000000200014b0        0x0 load address 0x00000000100346a0
 .tm_clone_table
                0x00000000200014b0        0x0 /usr/lib/gcc/arm-none-eabi/10.3.1/thumb/v6-m/nofp/crtbegin.o
 .tm_clone_table
                0x00000000200014b0        0x0 /usr/lib/gcc/arm-none-eabi/10.3.1/thumb/v6-m/nofp/crtend.o

.igot.plt       0x00000000200014b0        0x0 load address 0x00000000100346a0
 .igot.plt      0x00000000200014b0        0x0 /usr/lib/gcc/arm-none-eabi/10.3.1/thumb/v6-m/nofp/crtbegin.o

.uninitialized_data
                0x00000000200014b0        0x0 load address 0x00000000100346a0
                0x00000000200014b0                . = ALIGN (0x4)
 *(.uninitialized_data*)

.scratch_x      0x0000000020040000        0x0 load address 0x00000000100346a0
                0x0000000020040000                __scratch_x_start__ = .
 *(.scratch_x.*)
                0x0000000020040000                . = ALIGN (0x4)
                0x0000000020040000                __scratch_x_end__ = .
                0x00000000100346a0                __scratch_x_source__ = LOADADDR (.scratch_x)

.scratch_y      0x0000000020041000        0x0 load address 0x00000000100346a0
                0x0000000020041000                __scratch_y_start__ = .
 *(.scratch_y.*)
                0x0000000020041000                . = ALIGN (0x4)
                0x0000000020041000                __scratch_y_end__ = .
                0x00000000100346a0                __scratch_y_source__ = LOADADDR (.scratch_y)

.bss            0x00000000200014b0     0x901c
                0x00000000200014b0                . = ALIGN (0x4)
                0x00000000200014b0                __bss_start__ = .
 *(SORT_BY_ALIGNMENT(SORT_BY_NAME(.bss*)))
 .bss.default_alarm_pool_entries
                0x00000000200014b0      0x100 CMakeFiles/pico_webserver.dir/pico-sdk/src/common/pico_time/time.c.obj
 .bss.sd_table  0x00000000200015b0      0x100 CMakeFiles/pico_webserver.dir/pico-sdk/src/rp2_common/pico_double/double_init_rom.c.obj
                0x00000000200015b0                sd_table
 .bss           0x00000000200016b0       0x1c /usr/lib/gcc/arm-none-eabi/10.3.1/thumb/v6-m/nofp/crtbegin.o
 .bss           0x00000000200016cc      0x448 liblwipallapps.a(httpd.c.obj)
 .bss           0x0000000020001b14      0x65f liblwipcore.a(mem.c.obj)
                0x0000000020001b20                ram_heap
 *fill*         0x0000000020002173        0x1 
 .bss           0x0000000020002174     0x6917 liblwipcore.a(memp.c.obj)
                0x0000000020002194                memp_memory_PBUF_POOL_base
                0x0000000020008168                memp_memory_PBUF_base
                0x000000002000827c                memp_memory_SYS_TIMEOUT_base
                0x00000000200082c0                memp_memory_FRAG_PBUF_base
                0x000000002000843c                memp_memory_REASSDATA_base
                0x00000000200084f0                memp_memory_TCP_SEG_base
                0x0000000020008604                memp_memory_TCP_PCB_LISTEN_base
                0x00000000200086f8                memp_memory_TCP_PCB_base
                0x0000000020008a08                memp_memory_UDP_PCB_base
 *fill*         0x0000000020008a8b        0x1 
 .bss           0x0000000020008a8c        0x4 liblwipcore.a(netif.c.obj)
                0x0000000020008a8c                netif_default
 .bss           0x0000000020008a90       0xd8 liblwipcore.a(stats.c.obj)
                0x0000000020008a90                lwip_stats
 .bss           0x0000000020008b68       0x19 liblwipcore.a(tcp.c.obj)
                0x0000000020008b68                tcp_bound_pcbs
                0x0000000020008b6c                tcp_listen_pcbs
                0x0000000020008b70                tcp_ticks
                0x0000000020008b74                tcp_active_pcbs
                0x0000000020008b78                tcp_active_pcbs_changed
                0x0000000020008b7c                tcp_tw_pcbs
 *fill*         0x0000000020008b81        0x3 
 .bss           0x0000000020008b84       0x3c liblwipcore.a(tcp_in.c.obj)
                0x0000000020008bbc                tcp_input_pcb
 .bss           0x0000000020008bc0        0xc liblwipcore.a(timeouts.c.obj)
 .bss           0x0000000020008bcc        0x4 liblwipcore.a(udp.c.obj)
                0x0000000020008bcc                udp_pcbs
 .bss           0x0000000020008bd0       0xf4 liblwipcore.a(etharp.c.obj)
 .bss           0x0000000020008cc4        0x6 liblwipcore.a(ip4_frag.c.obj)
 *fill*         0x0000000020008cca        0x2 
 .bss           0x0000000020008ccc       0x10 liblwipcore.a(ip4_addr.c.obj)
 .bss           0x0000000020008cdc       0x18 liblwipcore.a(ip.c.obj)
                0x0000000020008cdc                ip_data
 .bss._app_driver
                0x0000000020008cf4        0x4 CMakeFiles/pico_webserver.dir/pico-sdk/lib/tinyusb/src/device/usbd.c.obj
 .bss._ctrl_xfer
                0x0000000020008cf8       0x14 CMakeFiles/pico_webserver.dir/pico-sdk/lib/tinyusb/src/device/usbd_control.c.obj
 .bss._desc_str
                0x0000000020008d0c       0x40 CMakeFiles/pico_webserver.dir/usb_descriptors.c.obj
 .bss._netd_itf
                0x0000000020008d4c        0xc CMakeFiles/pico_webserver.dir/pico-sdk/lib/tinyusb/src/class/net/ecm_rndis_device.c.obj
 .bss._ubsd_mutexdef
                0x0000000020008d58        0x8 CMakeFiles/pico_webserver.dir/pico-sdk/lib/tinyusb/src/device/usbd.c.obj
 .bss._usbd_ctrl_buf
                0x0000000020008d60       0x40 CMakeFiles/pico_webserver.dir/pico-sdk/lib/tinyusb/src/device/usbd_control.c.obj
 .bss._usbd_dev
                0x0000000020008da0       0x53 CMakeFiles/pico_webserver.dir/pico-sdk/lib/tinyusb/src/device/usbd.c.obj
 *fill*         0x0000000020008df3        0x1 
 .bss._usbd_mutex
                0x0000000020008df4        0x4 CMakeFiles/pico_webserver.dir/pico-sdk/lib/tinyusb/src/device/usbd.c.obj
 .bss._usbd_q   0x0000000020008df8        0x4 CMakeFiles/pico_webserver.dir/pico-sdk/lib/tinyusb/src/device/usbd.c.obj
 .bss._usbd_qdef_buf
                0x0000000020008dfc       0xc0 CMakeFiles/pico_webserver.dir/pico-sdk/lib/tinyusb/src/device/usbd.c.obj
                0x0000000020008dfc                _usbd_qdef_buf
 .bss.alarm_callbacks
                0x0000000020008ebc       0x10 CMakeFiles/pico_webserver.dir/pico-sdk/src/rp2_common/hardware_timer/timer.c.obj
 .bss.boot2_copyout
                0x0000000020008ecc      0x100 CMakeFiles/pico_webserver.dir/pico-sdk/src/rp2_common/hardware_flash/flash.c.obj
 .bss.claimed   0x0000000020008fcc        0x4 CMakeFiles/pico_webserver.dir/pico-sdk/src/rp2_common/hardware_sync/sync.c.obj
 .bss.config    0x0000000020008fd0        0x4 CMakeFiles/pico_webserver.dir/pico-sdk/lib/tinyusb/lib/networking/dhserver.c.obj
 .bss.configured_freq
                0x0000000020008fd4       0x28 CMakeFiles/pico_webserver.dir/pico-sdk/src/rp2_common/hardware_clocks/clocks.c.obj
 .bss.default_alarm_pool_entry_ids_high
                0x0000000020008ffc       0x10 CMakeFiles/pico_webserver.dir/pico-sdk/src/common/pico_time/time.c.obj
 .bss.default_alarm_pool_heap_nodes
                0x000000002000900c       0x30 CMakeFiles/pico_webserver.dir/pico-sdk/src/common/pico_time/time.c.obj
 .bss.dhcp_data
                0x000000002000903c      0x204 CMakeFiles/pico_webserver.dir/pico-sdk/lib/tinyusb/lib/networking/dhserver.c.obj
                0x000000002000903c                dhcp_data
 .bss.drivers   0x0000000020009240        0x4 CMakeFiles/pico_webserver.dir/pico-sdk/src/rp2_common/pico_stdio/stdio.c.obj
 .bss.e15_last_sof
                0x0000000020009244        0x4 CMakeFiles/pico_webserver.dir/pico-sdk/lib/tinyusb/src/portable/raspberrypi/rp2040/rp2040_usb.c.obj
                0x0000000020009244                e15_last_sof
 .bss.encapsulated_buffer
                0x0000000020009248        0x4 CMakeFiles/pico_webserver.dir/pico-sdk/lib/tinyusb/lib/networking/rndis_reports.c.obj
 .bss.filter    0x000000002000924c        0x4 CMakeFiles/pico_webserver.dir/pico-sdk/src/rp2_common/pico_stdio/stdio.c.obj
 .bss.hw_endpoints
                0x0000000020009250      0x400 CMakeFiles/pico_webserver.dir/pico-sdk/lib/tinyusb/src/portable/raspberrypi/rp2040/dcd_rp2040.c.obj
 .bss.lazy_vsnprintf
                0x0000000020009650        0x4 CMakeFiles/pico_webserver.dir/pico-sdk/src/rp2_common/pico_printf/printf.c.obj
 .bss.lwip_mutex_count
                0x0000000020009654        0x4 CMakeFiles/pico_webserver.dir/tusb_lwip_glue.c.obj
 .bss.netif_data
                0x0000000020009658       0x2c CMakeFiles/pico_webserver.dir/tusb_lwip_glue.c.obj
 .bss.next_buffer_ptr
                0x0000000020009684        0x4 CMakeFiles/pico_webserver.dir/pico-sdk/lib/tinyusb/src/portable/raspberrypi/rp2040/dcd_rp2040.c.obj
 .bss.notify    0x0000000020009688       0x78 CMakeFiles/pico_webserver.dir/pico-sdk/lib/tinyusb/src/class/net/ecm_rndis_device.c.obj
 .bss.oid_packet_filter
                0x0000000020009700        0x4 CMakeFiles/pico_webserver.dir/pico-sdk/lib/tinyusb/lib/networking/rndis_reports.c.obj
 .bss.pcb       0x0000000020009704        0x4 CMakeFiles/pico_webserver.dir/pico-sdk/lib/tinyusb/lib/networking/dhserver.c.obj
 .bss.pools     0x0000000020009708       0x10 CMakeFiles/pico_webserver.dir/pico-sdk/src/common/pico_time/time.c.obj
 .bss.received  0x0000000020009718      0x642 CMakeFiles/pico_webserver.dir/pico-sdk/lib/tinyusb/src/class/net/ecm_rndis_device.c.obj
 *fill*         0x0000000020009d5a        0x2 
 .bss.received_frame
                0x0000000020009d5c        0x4 CMakeFiles/pico_webserver.dir/tusb_lwip_glue.c.obj
 .bss.retrieved_id
                0x0000000020009d60        0x8 CMakeFiles/pico_webserver.dir/pico-sdk/src/rp2_common/pico_unique_id/unique_id.c.obj
 .bss.sf_clz_func
                0x0000000020009d68        0x4 CMakeFiles/pico_webserver.dir/pico-sdk/src/rp2_common/pico_double/double_init_rom.c.obj
                0x0000000020009d68                sf_clz_func
 .bss.sf_table  0x0000000020009d6c      0x100 CMakeFiles/pico_webserver.dir/pico-sdk/src/rp2_common/pico_float/float_init_rom.c.obj
                0x0000000020009d6c                sf_table
 .bss.sleep_notifier
                0x0000000020009e6c        0x4 CMakeFiles/pico_webserver.dir/pico-sdk/src/common/pico_time/time.c.obj
 .bss.target_hi
                0x0000000020009e70       0x10 CMakeFiles/pico_webserver.dir/pico-sdk/src/rp2_common/hardware_timer/timer.c.obj
 .bss.transmitted
                0x0000000020009e80      0x642 CMakeFiles/pico_webserver.dir/pico-sdk/lib/tinyusb/src/class/net/ecm_rndis_device.c.obj
 .bss           0x000000002000a4c2        0x2 liblwipcore.a(ip4.c.obj)
 .bss           0x000000002000a4c4        0x1 liblwipcore.a(pbuf.c.obj)
                0x000000002000a4c4                pbuf_free_ooseq_pending
 .bss._app_driver_count
                0x000000002000a4c5        0x1 CMakeFiles/pico_webserver.dir/pico-sdk/lib/tinyusb/src/device/usbd.c.obj
 .bss._sof_enable
                0x000000002000a4c6        0x1 CMakeFiles/pico_webserver.dir/pico-sdk/lib/tinyusb/src/portable/raspberrypi/rp2040/dcd_rp2040.c.obj
 .bss.boot2_copyout_valid
                0x000000002000a4c7        0x1 CMakeFiles/pico_webserver.dir/pico-sdk/src/rp2_common/hardware_flash/flash.c.obj
 .bss.can_xmit  0x000000002000a4c8        0x1 CMakeFiles/pico_webserver.dir/pico-sdk/lib/tinyusb/src/class/net/ecm_rndis_device.c.obj
 .bss.claimed   0x000000002000a4c9        0x1 CMakeFiles/pico_webserver.dir/pico-sdk/src/rp2_common/hardware_timer/timer.c.obj
 .bss.irq_hander_chain_free_slot_head
                0x000000002000a4ca        0x1 CMakeFiles/pico_webserver.dir/pico-sdk/src/rp2_common/hardware_irq/irq.c.obj
 .bss.timer_callbacks_pending
                0x000000002000a4cb        0x1 CMakeFiles/pico_webserver.dir/pico-sdk/src/rp2_common/hardware_timer/timer.c.obj
 *(COMMON)
                0x000000002000a4cc                . = ALIGN (0x4)
                0x000000002000a4cc                __bss_end__ = .

.heap           0x000000002000a4cc      0x800
                0x000000002000a4cc                __end__ = .
                0x000000002000a4cc                end = __end__
 *(.heap*)
 .heap          0x000000002000a4cc      0x800 CMakeFiles/pico_webserver.dir/pico-sdk/src/rp2_common/pico_standard_link/crt0.S.obj
                0x000000002000accc                __HeapLimit = .

.stack1_dummy   0x0000000020040000        0x0
 *(.stack1*)

.stack_dummy    0x0000000020041000      0x800
 *(.stack*)
 .stack         0x0000000020041000      0x800 CMakeFiles/pico_webserver.dir/pico-sdk/src/rp2_common/pico_standard_link/crt0.S.obj

.flash_end      0x00000000100346a0        0x0
                0x00000000100346a0                PROVIDE (__flash_binary_end = .)
                0x0000000020040000                __StackLimit = (ORIGIN (RAM) + LENGTH (RAM))
                0x0000000020041000                __StackOneTop = (ORIGIN (SCRATCH_X) + LENGTH (SCRATCH_X))
                0x0000000020042000                __StackTop = (ORIGIN (SCRATCH_Y) + LENGTH (SCRATCH_Y))
                0x0000000020041000                __StackOneBottom = (__StackOneTop - SIZEOF (.stack1_dummy))
                0x0000000020041800                __StackBottom = (__StackTop - SIZEOF (.stack_dummy))
                0x0000000020042000                PROVIDE (__stack = __StackTop)
                0x0000000000000001                ASSERT ((__StackLimit >= __HeapLimit), region RAM overflowed)
                0x0000000000000001                ASSERT (((__binary_info_header_end - __logical_binary_start) <= 0x100), Binary info must be in first 256 bytes of the binary)
LOAD CMakeFiles/pico_webserver.dir/webserver.c.obj
LOAD CMakeFiles/pico_webserver.dir/tusb_lwip_glue.c.obj
LOAD CMakeFiles/pico_webserver.dir/usb_descriptors.c.obj
LOAD CMakeFiles/pico_webserver.dir/pico-sdk/lib/tinyusb/lib/networking/dhserver.c.obj
LOAD CMakeFiles/pico_webserver.dir/pico-sdk/lib/tinyusb/lib/networking/dnserver.c.obj
LOAD CMakeFiles/pico_webserver.dir/pico-sdk/lib/tinyusb/lib/networking/rndis_reports.c.obj
LOAD CMakeFiles/pico_webserver.dir/pico-sdk/src/rp2_common/pico_stdlib/stdlib.c.obj
LOAD CMakeFiles/pico_webserver.dir/pico-sdk/src/rp2_common/hardware_gpio/gpio.c.obj
LOAD CMakeFiles/pico_webserver.dir/pico-sdk/src/rp2_common/pico_platform/platform.c.obj
LOAD CMakeFiles/pico_webserver.dir/pico-sdk/src/rp2_common/hardware_claim/claim.c.obj
LOAD CMakeFiles/pico_webserver.dir/pico-sdk/src/rp2_common/hardware_sync/sync.c.obj
LOAD CMakeFiles/pico_webserver.dir/pico-sdk/src/rp2_common/hardware_irq/irq.c.obj
LOAD CMakeFiles/pico_webserver.dir/pico-sdk/src/rp2_common/hardware_irq/irq_handler_chain.S.obj
LOAD CMakeFiles/pico_webserver.dir/pico-sdk/src/common/pico_sync/sem.c.obj
LOAD CMakeFiles/pico_webserver.dir/pico-sdk/src/common/pico_sync/lock_core.c.obj
LOAD CMakeFiles/pico_webserver.dir/pico-sdk/src/common/pico_sync/mutex.c.obj
LOAD CMakeFiles/pico_webserver.dir/pico-sdk/src/common/pico_sync/critical_section.c.obj
LOAD CMakeFiles/pico_webserver.dir/pico-sdk/src/common/pico_time/time.c.obj
LOAD CMakeFiles/pico_webserver.dir/pico-sdk/src/common/pico_time/timeout_helper.c.obj
LOAD CMakeFiles/pico_webserver.dir/pico-sdk/src/rp2_common/hardware_timer/timer.c.obj
LOAD CMakeFiles/pico_webserver.dir/pico-sdk/src/common/pico_util/datetime.c.obj
LOAD CMakeFiles/pico_webserver.dir/pico-sdk/src/common/pico_util/pheap.c.obj
LOAD CMakeFiles/pico_webserver.dir/pico-sdk/src/common/pico_util/queue.c.obj
LOAD CMakeFiles/pico_webserver.dir/pico-sdk/src/rp2_common/hardware_uart/uart.c.obj
LOAD CMakeFiles/pico_webserver.dir/pico-sdk/src/rp2_common/hardware_clocks/clocks.c.obj
LOAD CMakeFiles/pico_webserver.dir/pico-sdk/src/rp2_common/hardware_pll/pll.c.obj
LOAD CMakeFiles/pico_webserver.dir/pico-sdk/src/rp2_common/hardware_vreg/vreg.c.obj
LOAD CMakeFiles/pico_webserver.dir/pico-sdk/src/rp2_common/hardware_watchdog/watchdog.c.obj
LOAD CMakeFiles/pico_webserver.dir/pico-sdk/src/rp2_common/hardware_xosc/xosc.c.obj
LOAD CMakeFiles/pico_webserver.dir/pico-sdk/src/rp2_common/hardware_divider/divider.S.obj
LOAD CMakeFiles/pico_webserver.dir/pico-sdk/src/rp2_common/pico_runtime/runtime.c.obj
LOAD CMakeFiles/pico_webserver.dir/pico-sdk/src/rp2_common/pico_printf/printf.c.obj
LOAD CMakeFiles/pico_webserver.dir/pico-sdk/src/rp2_common/pico_bit_ops/bit_ops_aeabi.S.obj
LOAD CMakeFiles/pico_webserver.dir/pico-sdk/src/rp2_common/pico_bootrom/bootrom.c.obj
LOAD CMakeFiles/pico_webserver.dir/pico-sdk/src/rp2_common/pico_divider/divider.S.obj
LOAD CMakeFiles/pico_webserver.dir/pico-sdk/src/rp2_common/pico_double/double_aeabi.S.obj
LOAD CMakeFiles/pico_webserver.dir/pico-sdk/src/rp2_common/pico_double/double_init_rom.c.obj
LOAD CMakeFiles/pico_webserver.dir/pico-sdk/src/rp2_common/pico_double/double_math.c.obj
LOAD CMakeFiles/pico_webserver.dir/pico-sdk/src/rp2_common/pico_double/double_v1_rom_shim.S.obj
LOAD CMakeFiles/pico_webserver.dir/pico-sdk/src/rp2_common/pico_int64_ops/pico_int64_ops_aeabi.S.obj
LOAD CMakeFiles/pico_webserver.dir/pico-sdk/src/rp2_common/pico_float/float_aeabi.S.obj
LOAD CMakeFiles/pico_webserver.dir/pico-sdk/src/rp2_common/pico_float/float_init_rom.c.obj
LOAD CMakeFiles/pico_webserver.dir/pico-sdk/src/rp2_common/pico_float/float_math.c.obj
LOAD CMakeFiles/pico_webserver.dir/pico-sdk/src/rp2_common/pico_float/float_v1_rom_shim.S.obj
LOAD CMakeFiles/pico_webserver.dir/pico-sdk/src/rp2_common/pico_malloc/pico_malloc.c.obj
LOAD CMakeFiles/pico_webserver.dir/pico-sdk/src/rp2_common/pico_mem_ops/mem_ops_aeabi.S.obj
LOAD CMakeFiles/pico_webserver.dir/pico-sdk/src/rp2_common/pico_standard_link/crt0.S.obj
LOAD CMakeFiles/pico_webserver.dir/pico-sdk/src/rp2_common/pico_standard_link/new_delete.cpp.obj
LOAD CMakeFiles/pico_webserver.dir/pico-sdk/src/rp2_common/pico_standard_link/binary_info.c.obj
LOAD CMakeFiles/pico_webserver.dir/pico-sdk/src/rp2_common/pico_stdio/stdio.c.obj
LOAD CMakeFiles/pico_webserver.dir/pico-sdk/src/rp2_common/pico_unique_id/unique_id.c.obj
LOAD CMakeFiles/pico_webserver.dir/pico-sdk/src/rp2_common/hardware_flash/flash.c.obj
LOAD CMakeFiles/pico_webserver.dir/pico-sdk/lib/tinyusb/src/portable/raspberrypi/rp2040/dcd_rp2040.c.obj
LOAD CMakeFiles/pico_webserver.dir/pico-sdk/lib/tinyusb/src/portable/raspberrypi/rp2040/rp2040_usb.c.obj
LOAD CMakeFiles/pico_webserver.dir/pico-sdk/lib/tinyusb/src/device/usbd.c.obj
LOAD CMakeFiles/pico_webserver.dir/pico-sdk/lib/tinyusb/src/device/usbd_control.c.obj
LOAD CMakeFiles/pico_webserver.dir/pico-sdk/lib/tinyusb/src/class/audio/audio_device.c.obj
LOAD CMakeFiles/pico_webserver.dir/pico-sdk/lib/tinyusb/src/class/cdc/cdc_device.c.obj
LOAD CMakeFiles/pico_webserver.dir/pico-sdk/lib/tinyusb/src/class/dfu/dfu_device.c.obj
LOAD CMakeFiles/pico_webserver.dir/pico-sdk/lib/tinyusb/src/class/dfu/dfu_rt_device.c.obj
LOAD CMakeFiles/pico_webserver.dir/pico-sdk/lib/tinyusb/src/class/hid/hid_device.c.obj
LOAD CMakeFiles/pico_webserver.dir/pico-sdk/lib/tinyusb/src/class/midi/midi_device.c.obj
LOAD CMakeFiles/pico_webserver.dir/pico-sdk/lib/tinyusb/src/class/msc/msc_device.c.obj
LOAD CMakeFiles/pico_webserver.dir/pico-sdk/lib/tinyusb/src/class/net/ecm_rndis_device.c.obj
LOAD CMakeFiles/pico_webserver.dir/pico-sdk/lib/tinyusb/src/class/net/ncm_device.c.obj
LOAD CMakeFiles/pico_webserver.dir/pico-sdk/lib/tinyusb/src/class/usbtmc/usbtmc_device.c.obj
LOAD CMakeFiles/pico_webserver.dir/pico-sdk/lib/tinyusb/src/class/vendor/vendor_device.c.obj
LOAD CMakeFiles/pico_webserver.dir/pico-sdk/lib/tinyusb/src/class/video/video_device.c.obj
LOAD CMakeFiles/pico_webserver.dir/pico-sdk/lib/tinyusb/src/tusb.c.obj
LOAD CMakeFiles/pico_webserver.dir/pico-sdk/lib/tinyusb/src/common/tusb_fifo.c.obj
LOAD CMakeFiles/pico_webserver.dir/pico-sdk/src/rp2_common/pico_fix/rp2040_usb_device_enumeration/rp2040_usb_device_enumeration.c.obj
LOAD liblwipallapps.a
LOAD liblwipcore.a
LOAD /tmp/ccgiqTrj.o
LOAD /usr/lib/gcc/arm-none-eabi/10.3.1/../../../arm-none-eabi/lib/thumb/v6-m/nofp/libstdc++.a
LOAD /usr/lib/gcc/arm-none-eabi/10.3.1/../../../arm-none-eabi/lib/thumb/v6-m/nofp/libm.a
START GROUP
LOAD /usr/lib/gcc/arm-none-eabi/10.3.1/thumb/v6-m/nofp/libgcc.a
LOAD /usr/lib/gcc/arm-none-eabi/10.3.1/../../../arm-none-eabi/lib/thumb/v6-m/nofp/libc.a
END GROUP
START GROUP
LOAD /usr/lib/gcc/arm-none-eabi/10.3.1/thumb/v6-m/nofp/libgcc.a
LOAD /usr/lib/gcc/arm-none-eabi/10.3.1/../../../arm-none-eabi/lib/thumb/v6-m/nofp/libc.a
LOAD /usr/lib/gcc/arm-none-eabi/10.3.1/../../../arm-none-eabi/lib/thumb/v6-m/nofp/libnosys.a
END GROUP
LOAD /usr/lib/gcc/arm-none-eabi/10.3.1/thumb/v6-m/nofp/crtend.o
LOAD /usr/lib/gcc/arm-none-eabi/10.3.1/thumb/v6-m/nofp/crtn.o
OUTPUT(pico_webserver.elf elf32-littlearm)
LOAD linker stubs

.ARM.attributes
                0x0000000000000000       0x28
 .ARM.attributes
                0x0000000000000000       0x1e /usr/lib/gcc/arm-none-eabi/10.3.1/thumb/v6-m/nofp/crti.o
 .ARM.attributes
                0x000000000000001e       0x2c /usr/lib/gcc/arm-none-eabi/10.3.1/thumb/v6-m/nofp/crtbegin.o
 .ARM.attributes
                0x000000000000004a       0x2c CMakeFiles/pico_webserver.dir/webserver.c.obj
 .ARM.attributes
                0x0000000000000076       0x2c CMakeFiles/pico_webserver.dir/tusb_lwip_glue.c.obj
 .ARM.attributes
                0x00000000000000a2       0x2c CMakeFiles/pico_webserver.dir/usb_descriptors.c.obj
 .ARM.attributes
                0x00000000000000ce       0x2c CMakeFiles/pico_webserver.dir/pico-sdk/lib/tinyusb/lib/networking/dhserver.c.obj
 .ARM.attributes