Archive member included to satisfy reference by file (symbol)

liblwipcore.a(init.c.obj)     CMakeFiles/pico_webserver.dir/tusb_lwip_glue.c.obj (lwip_init)
liblwipcore.a(def.c.obj)      CMakeFiles/pico_webserver.dir/pico-sdk/lib/tinyusb/lib/networking/dnserver.c.obj (lwip_htons)
liblwipcore.a(mem.c.obj)      liblwipcore.a(init.c.obj) (mem_init)
liblwipcore.a(memp.c.obj)     liblwipcore.a(init.c.obj) (memp_init)
liblwipcore.a(netif.c.obj)    liblwipcore.a(init.c.obj) (netif_init)
liblwipcore.a(pbuf.c.obj)     CMakeFiles/pico_webserver.dir/tusb_lwip_glue.c.obj (pbuf_alloc)
liblwipcore.a(stats.c.obj)    liblwipcore.a(init.c.obj) (stats_init)
liblwipcore.a(tcp.c.obj)      liblwipcore.a(init.c.obj) (tcp_init)
liblwipcore.a(tcp_in.c.obj)   liblwipcore.a(tcp.c.obj) (tcp_trigger_input_pcb_close)
liblwipcore.a(tcp_out.c.obj)  liblwipcore.a(tcp.c.obj) (tcp_split_unsent_seg)
liblwipcore.a(timeouts.c.obj)
                              liblwipcore.a(tcp.c.obj) (tcp_timer_needed)
liblwipcore.a(udp.c.obj)      CMakeFiles/pico_webserver.dir/pico-sdk/lib/tinyusb/lib/networking/dhserver.c.obj (udp_init)
liblwipcore.a(etharp.c.obj)   liblwipcore.a(timeouts.c.obj) (etharp_tmr)
liblwipcore.a(ip4_frag.c.obj)
                              liblwipcore.a(timeouts.c.obj) (ip_reass_tmr)
liblwipcore.a(ip4.c.obj)      liblwipcore.a(tcp.c.obj) (ip4_route)
liblwipcore.a(ip4_addr.c.obj)
                              liblwipcore.a(tcp_in.c.obj) (ip4_addr_isbroadcast_u32)
liblwipcore.a(ethernet.c.obj)
                              liblwipcore.a(netif.c.obj) (ethernet_input)
liblwipcore.a(inet_chksum.c.obj)
                              liblwipcore.a(tcp_in.c.obj) (ip_chksum_pseudo)
liblwipcore.a(ip.c.obj)       liblwipcore.a(tcp_in.c.obj) (ip_data)
/usr/lib/gcc/arm-none-eabi/10.3.1/thumb/v6-m/nofp/libgcc.a(_dvmd_tls.o)
                              CMakeFiles/pico_webserver.dir/pico-sdk/src/rp2_common/pico_divider/divider.S.obj (__aeabi_idiv0)
/usr/lib/gcc/arm-none-eabi/10.3.1/../../../arm-none-eabi/lib/thumb/v6-m/nofp/libc.a(lib_a-atexit.o)
                              /usr/lib/gcc/arm-none-eabi/10.3.1/../../../arm-none-eabi/lib/thumb/v6-m/nofp/crt0.o (atexit)
/usr/lib/gcc/arm-none-eabi/10.3.1/../../../arm-none-eabi/lib/thumb/v6-m/nofp/libc.a(lib_a-atoi.o)
                              liblwipcore.a(netif.c.obj) (atoi)
/usr/lib/gcc/arm-none-eabi/10.3.1/../../../arm-none-eabi/lib/thumb/v6-m/nofp/libc.a(lib_a-calloc.o)
                              CMakeFiles/pico_webserver.dir/pico-sdk/src/rp2_common/pico_malloc/pico_malloc.c.obj (calloc)
/usr/lib/gcc/arm-none-eabi/10.3.1/../../../arm-none-eabi/lib/thumb/v6-m/nofp/libc.a(lib_a-callocr.o)
                              /usr/lib/gcc/arm-none-eabi/10.3.1/../../../arm-none-eabi/lib/thumb/v6-m/nofp/libc.a(lib_a-calloc.o) (_calloc_r)
/usr/lib/gcc/arm-none-eabi/10.3.1/../../../arm-none-eabi/lib/thumb/v6-m/nofp/libc.a(lib_a-ctype_.o)
                              liblwipcore.a(ip4_addr.c.obj) (_ctype_)
/usr/lib/gcc/arm-none-eabi/10.3.1/../../../arm-none-eabi/lib/thumb/v6-m/nofp/libc.a(lib_a-fini.o)
                              /usr/lib/gcc/arm-none-eabi/10.3.1/../../../arm-none-eabi/lib/thumb/v6-m/nofp/crt0.o (__libc_fini_array)
/usr/lib/gcc/arm-none-eabi/10.3.1/../../../arm-none-eabi/lib/thumb/v6-m/nofp/libc.a(lib_a-impure.o)
                              /usr/lib/gcc/arm-none-eabi/10.3.1/../../../arm-none-eabi/lib/thumb/v6-m/nofp/libc.a(lib_a-calloc.o) (_impure_ptr)
/usr/lib/gcc/arm-none-eabi/10.3.1/../../../arm-none-eabi/lib/thumb/v6-m/nofp/libc.a(lib_a-init.o)
                              /usr/lib/gcc/arm-none-eabi/10.3.1/../../../arm-none-eabi/lib/thumb/v6-m/nofp/crt0.o (__libc_init_array)
/usr/lib/gcc/arm-none-eabi/10.3.1/../../../arm-none-eabi/lib/thumb/v6-m/nofp/libc.a(lib_a-malloc.o)
                              CMakeFiles/pico_webserver.dir/pico-sdk/src/rp2_common/pico_malloc/pico_malloc.c.obj (malloc)
/usr/lib/gcc/arm-none-eabi/10.3.1/../../../arm-none-eabi/lib/thumb/v6-m/nofp/libc.a(lib_a-mallocr.o)
                              /usr/lib/gcc/arm-none-eabi/10.3.1/../../../arm-none-eabi/lib/thumb/v6-m/nofp/libc.a(lib_a-callocr.o) (_malloc_r)
/usr/lib/gcc/arm-none-eabi/10.3.1/../../../arm-none-eabi/lib/thumb/v6-m/nofp/libc.a(lib_a-memcmp.o)
                              CMakeFiles/pico_webserver.dir/pico-sdk/lib/tinyusb/lib/networking/dhserver.c.obj (memcmp)
/usr/lib/gcc/arm-none-eabi/10.3.1/../../../arm-none-eabi/lib/thumb/v6-m/nofp/libc.a(lib_a-memmove.o)
                              CMakeFiles/pico_webserver.dir/pico-sdk/lib/cyw43-driver/src/cyw43_ll.c.obj (memmove)
/usr/lib/gcc/arm-none-eabi/10.3.1/../../../arm-none-eabi/lib/thumb/v6-m/nofp/libc.a(lib_a-mlock.o)
                              /usr/lib/gcc/arm-none-eabi/10.3.1/../../../arm-none-eabi/lib/thumb/v6-m/nofp/libc.a(lib_a-mallocr.o) (__malloc_lock)
/usr/lib/gcc/arm-none-eabi/10.3.1/../../../arm-none-eabi/lib/thumb/v6-m/nofp/libc.a(lib_a-realloc.o)
[...]
Memory Configuration

Name             Origin             Length             Attributes
FLASH            0x0000000010000000 0x0000000000200000 xr
RAM              0x0000000020000000 0x0000000000040000 xrw
SCRATCH_X        0x0000000020040000 0x0000000000001000 xrw
SCRATCH_Y        0x0000000020041000 0x0000000000001000 xrw
*default*        0x0000000000000000 0xffffffffffffffff

Linker script and memory map

LOAD /usr/lib/gcc/arm-none-eabi/10.3.1/thumb/v6-m/nofp/crti.o
LOAD /usr/lib/gcc/arm-none-eabi/10.3.1/thumb/v6-m/nofp/crtbegin.o
LOAD /usr/lib/gcc/arm-none-eabi/10.3.1/../../../arm-none-eabi/lib/thumb/v6-m/nofp/crt0.o

.flash_begin    0x0000000010000000        0x0
                0x0000000010000000                __flash_binary_start = .

.boot2          0x0000000010000000      0x100
                0x0000000010000000                __boot2_start__ = .
 *(.boot2)
 .boot2         0x0000000010000000      0x100 /tmp/cc9HMSf7.o
                0x0000000010000100                __boot2_end__ = .
                0x0000000000000001                ASSERT (((__boot2_end__ - __boot2_start__) == 0x100), ERROR: Pico second stage bootloader must be 256 bytes in size)

.text           0x0000000010000100    0x16b20
                0x0000000010000100                __logical_binary_start = .
 *(.vectors)
 .vectors       0x0000000010000100       0xd4 CMakeFiles/pico_webserver.dir/pico-sdk/src/rp2_common/pico_standard_link/crt0.S.obj
                0x0000000010000100                __vectors
                0x0000000010000100                __VECTOR_TABLE
                0x00000000100001c0                isr_invalid
                0x00000000100001c0                __default_isrs_start
                0x00000000100001c2                isr_nmi
                0x00000000100001c4                isr_hardfault
                0x00000000100001c6                isr_svcall
                0x00000000100001c8                isr_pendsv
                0x00000000100001ca                isr_systick
                0x00000000100001cc                isr_irq30
                0x00000000100001cc                __unhandled_user_irq
                0x00000000100001cc                isr_irq13
                0x00000000100001cc                isr_irq27
                0x00000000100001cc                isr_irq31
                0x00000000100001cc                isr_irq5
                0x00000000100001cc                isr_irq11
                0x00000000100001cc                isr_irq23
                0x00000000100001cc                isr_irq18
                0x00000000100001cc                isr_irq28
                0x00000000100001cc                isr_irq19
                0x00000000100001cc                isr_irq0
                0x00000000100001cc                isr_irq6
                0x00000000100001cc                isr_irq22
                0x00000000100001cc                isr_irq17
                0x00000000100001cc                isr_irq14
                0x00000000100001cc                isr_irq2
                0x00000000100001cc                isr_irq10
                0x00000000100001cc                isr_irq8
                0x00000000100001cc                isr_irq24
                0x00000000100001cc                isr_irq1
                0x00000000100001cc                isr_irq7
                0x00000000100001cc                isr_irq21
                0x00000000100001cc                isr_irq20
                0x00000000100001cc                isr_irq15
                0x00000000100001cc                isr_irq25
                0x00000000100001cc                isr_irq4
                0x00000000100001cc                isr_irq16
                0x00000000100001cc                isr_irq29
                0x00000000100001cc                isr_irq26
                0x00000000100001cc                __default_isrs_end
                0x00000000100001cc                isr_irq3
                0x00000000100001cc                isr_irq12
                0x00000000100001cc                isr_irq9
                0x00000000100001d2                unhandled_user_irq_num_in_r0
 *(.binary_info_header)
 .binary_info_header
                0x00000000100001d4       0x14 CMakeFiles/pico_webserver.dir/pico-sdk/src/rp2_common/pico_standard_link/crt0.S.obj
                0x00000000100001e8                __binary_info_header_end = .
 *(.reset)
 .reset         0x00000000100001e8       0xa0 CMakeFiles/pico_webserver.dir/pico-sdk/src/rp2_common/pico_standard_link/crt0.S.obj
                0x00000000100001e8                _entry_point
 .reset         0x0000000010000288       0x30 CMakeFiles/pico_webserver.dir/pico-sdk/src/rp2_common/pico_standard_link/binary_info.c.obj
 *(.init)
 .init          0x00000000100002b8        0x4 /usr/lib/gcc/arm-none-eabi/10.3.1/thumb/v6-m/nofp/crti.o
                0x00000000100002b8                _init
 *(EXCLUDE_FILE(*libm.a: *libc.a:*lib_a-mem*.o *libgcc.a:) .text*)
 .text          0x00000000100002bc       0x98 /usr/lib/gcc/arm-none-eabi/10.3.1/thumb/v6-m/nofp/crtbegin.o
 .text.startup.main
                0x0000000010000354       0x84 CMakeFiles/pico_webserver.dir/webserver.c.obj
                0x0000000010000354                main
 .text.netif_init_cb
                0x00000000100003d8       0x30 CMakeFiles/pico_webserver.dir/tusb_lwip_glue.c.obj
 .text.output_fn
                0x0000000010000408        0x8 CMakeFiles/pico_webserver.dir/tusb_lwip_glue.c.obj
 .text.linkoutput_fn
                0x0000000010000410       0x3c CMakeFiles/pico_webserver.dir/tusb_lwip_glue.c.obj
 .text.init_lwip
                0x000000001000044c       0x8c CMakeFiles/pico_webserver.dir/tusb_lwip_glue.c.obj
                0x000000001000044c                init_lwip
 .text.tud_network_init_cb
                0x00000000100004d8       0x18 CMakeFiles/pico_webserver.dir/tusb_lwip_glue.c.obj
                0x00000000100004d8                tud_network_init_cb
 .text.tud_network_recv_cb
                0x00000000100004f0       0x3c CMakeFiles/pico_webserver.dir/tusb_lwip_glue.c.obj
                0x00000000100004f0                tud_network_recv_cb
 .text.tud_network_xmit_cb
                0x000000001000052c       0x14 CMakeFiles/pico_webserver.dir/tusb_lwip_glue.c.obj
                0x000000001000052c                tud_network_xmit_cb
 .text.service_traffic
                0x0000000010000540       0x3c CMakeFiles/pico_webserver.dir/tusb_lwip_glue.c.obj
                0x0000000010000540                service_traffic
 .text.wait_for_netif_is_up
                0x000000001000057c       0x14 CMakeFiles/pico_webserver.dir/tusb_lwip_glue.c.obj
                0x000000001000057c                wait_for_netif_is_up
 .text.sys_arch_protect
                0x0000000010000590        0x4 CMakeFiles/pico_webserver.dir/tusb_lwip_glue.c.obj
                0x0000000010000590                sys_arch_protect
 .text.sys_arch_unprotect
                0x0000000010000594        0x4 CMakeFiles/pico_webserver.dir/tusb_lwip_glue.c.obj
                0x0000000010000594                sys_arch_unprotect
 .text.sys_now  0x0000000010000598       0x20 CMakeFiles/pico_webserver.dir/tusb_lwip_glue.c.obj
                0x0000000010000598                sys_now
 .text.tud_descriptor_device_cb
                0x00000000100005b8        0x8 CMakeFiles/pico_webserver.dir/usb_descriptors.c.obj
                0x00000000100005b8                tud_descriptor_device_cb
 .text.tud_descriptor_configuration_cb
                0x00000000100005c0       0x14 CMakeFiles/pico_webserver.dir/usb_descriptors.c.obj
                0x00000000100005c0                tud_descriptor_configuration_cb
 .text.tud_descriptor_string_cb
                0x00000000100005d4       0xdc CMakeFiles/pico_webserver.dir/usb_descriptors.c.obj
                0x00000000100005d4                tud_descriptor_string_cb
 .text.rndis_class_set_handler
                0x00000000100006b0      0x2d4 CMakeFiles/pico_webserver.dir/pico-sdk/lib/tinyusb/lib/networking/rndis_reports.c.obj
                0x00000000100006b0                rndis_class_set_handler
 .text.cyw43_cb_tcpip_set_link_up
                0x0000000010000984       0x20 CMakeFiles/pico_webserver.dir/wifi_code.c.obj
                0x0000000010000984                cyw43_cb_tcpip_set_link_up
 .text.cyw43_cb_tcpip_set_link_down
                0x00000000100009a4       0x20 CMakeFiles/pico_webserver.dir/wifi_code.c.obj
                0x00000000100009a4                cyw43_cb_tcpip_set_link_down
 .text.cyw43_cb_process_ethernet
                0x00000000100009c4       0x64 CMakeFiles/pico_webserver.dir/wifi_code.c.obj
                0x00000000100009c4                cyw43_cb_process_ethernet
 .text.core1_entry
                0x0000000010000a28      0x100 CMakeFiles/pico_webserver.dir/wifi_code.c.obj
                0x0000000010000a28                core1_entry
 .text.set_sys_clock_pll
                0x0000000010000b28       0x78 CMakeFiles/pico_webserver.dir/pico-sdk/src/rp2_common/pico_stdlib/stdlib.c.obj
                0x0000000010000b28                set_sys_clock_pll
 .text.check_sys_clock_khz
                0x0000000010000ba0      0x17c CMakeFiles/pico_webserver.dir/pico-sdk/src/rp2_common/pico_stdlib/stdlib.c.obj
                0x0000000010000ba0                check_sys_clock_khz
 .text.gpio_set_function
                0x0000000010000d1c       0x30 CMakeFiles/pico_webserver.dir/pico-sdk/src/rp2_common/hardware_gpio/gpio.c.obj
                0x0000000010000d1c                gpio_set_function
 .text.gpio_set_pulls
                0x0000000010000d4c       0x30 CMakeFiles/pico_webserver.dir/pico-sdk/src/rp2_common/hardware_gpio/gpio.c.obj
                0x0000000010000d4c                gpio_set_pulls
 .text.gpio_set_input_hysteresis_enabled
                0x0000000010000d7c       0x28 CMakeFiles/pico_webserver.dir/pico-sdk/src/rp2_common/hardware_gpio/gpio.c.obj
                0x0000000010000d7c                gpio_set_input_hysteresis_enabled
 .text.gpio_set_irq_enabled
                0x0000000010000da4       0x54 CMakeFiles/pico_webserver.dir/pico-sdk/src/rp2_common/hardware_gpio/gpio.c.obj
                0x0000000010000da4                gpio_set_irq_enabled
 .text.gpio_add_raw_irq_handler_with_order_priority_masked
                0x0000000010000df8       0x44 CMakeFiles/pico_webserver.dir/pico-sdk/src/rp2_common/hardware_gpio/gpio.c.obj
                0x0000000010000df8                gpio_add_raw_irq_handler_with_order_priority_masked
 .text.gpio_remove_raw_irq_handler_masked
                0x0000000010000e3c       0x20 CMakeFiles/pico_webserver.dir/pico-sdk/src/rp2_common/hardware_gpio/gpio.c.obj
                0x0000000010000e3c                gpio_remove_raw_irq_handler_masked
 .text.gpio_init
                0x0000000010000e5c       0x3c CMakeFiles/pico_webserver.dir/pico-sdk/src/rp2_common/hardware_gpio/gpio.c.obj
                0x0000000010000e5c                gpio_init
 .text.running_on_fpga
                0x0000000010000e98       0x10 CMakeFiles/pico_webserver.dir/pico-sdk/src/rp2_common/pico_platform/platform.c.obj
                0x0000000010000e98                running_on_fpga
 .text.hw_claim_lock
                0x0000000010000ea8       0x18 CMakeFiles/pico_webserver.dir/pico-sdk/src/rp2_common/hardware_claim/claim.c.obj
                0x0000000010000ea8                hw_claim_lock
 .text.hw_claim_unlock
                0x0000000010000ec0       0x14 CMakeFiles/pico_webserver.dir/pico-sdk/src/rp2_common/hardware_claim/claim.c.obj
                0x0000000010000ec0                hw_claim_unlock
 .text.hw_claim_or_assert
                0x0000000010000ed4       0x44 CMakeFiles/pico_webserver.dir/pico-sdk/src/rp2_common/hardware_claim/claim.c.obj
                0x0000000010000ed4                hw_claim_or_assert
 .text.hw_claim_unused_from_range
                0x0000000010000f18       0x9c CMakeFiles/pico_webserver.dir/pico-sdk/src/rp2_common/hardware_claim/claim.c.obj
                0x0000000010000f18                hw_claim_unused_from_range
 .text.hw_claim_clear
                0x0000000010000fb4       0x38 CMakeFiles/pico_webserver.dir/pico-sdk/src/rp2_common/hardware_claim/claim.c.obj
                0x0000000010000fb4                hw_claim_clear
 .text.spin_locks_reset
                0x0000000010000fec       0x1c CMakeFiles/pico_webserver.dir/pico-sdk/src/rp2_common/hardware_sync/sync.c.obj
                0x0000000010000fec                spin_locks_reset
 .text.next_striped_spin_lock_num
                0x0000000010001008       0x18 CMakeFiles/pico_webserver.dir/pico-sdk/src/rp2_common/hardware_sync/sync.c.obj
                0x0000000010001008                next_striped_spin_lock_num
 .text.spin_lock_claim_unused
                0x0000000010001020       0x20 CMakeFiles/pico_webserver.dir/pico-sdk/src/rp2_common/hardware_sync/sync.c.obj
                0x0000000010001020                spin_lock_claim_unused
 .text.irq_set_enabled
                0x0000000010001040       0x24 CMakeFiles/pico_webserver.dir/pico-sdk/src/rp2_common/hardware_irq/irq.c.obj
                0x0000000010001040                irq_set_enabled
 .text.irq_is_enabled
                0x0000000010001064       0x18 CMakeFiles/pico_webserver.dir/pico-sdk/src/rp2_common/hardware_irq/irq.c.obj
                0x0000000010001064                irq_is_enabled
 .text.irq_set_pending
                0x000000001000107c       0x10 CMakeFiles/pico_webserver.dir/pico-sdk/src/rp2_common/hardware_irq/irq.c.obj
                0x000000001000107c                irq_set_pending
 .text.irq_get_vtable_handler
                0x000000001000108c       0x10 CMakeFiles/pico_webserver.dir/pico-sdk/src/rp2_common/hardware_irq/irq.c.obj
                0x000000001000108c                irq_get_vtable_handler
 .text.irq_set_exclusive_handler
                0x000000001000109c       0x54 CMakeFiles/pico_webserver.dir/pico-sdk/src/rp2_common/hardware_irq/irq.c.obj
                0x000000001000109c                irq_set_exclusive_handler
 .text.irq_add_shared_handler
                0x00000000100010f0      0x1e8 CMakeFiles/pico_webserver.dir/pico-sdk/src/rp2_common/hardware_irq/irq.c.obj
                0x00000000100010f0                irq_add_shared_handler
 .text.irq_remove_handler
                0x00000000100012d8      0x1b0 CMakeFiles/pico_webserver.dir/pico-sdk/src/rp2_common/hardware_irq/irq.c.obj
                0x00000000100012d8                irq_remove_handler
 .text.irq_set_priority
                0x0000000010001488       0x28 CMakeFiles/pico_webserver.dir/pico-sdk/src/rp2_common/hardware_irq/irq.c.obj
                0x0000000010001488                irq_set_priority
 .text.irq_add_tail_to_free_list
                0x00000000100014b0       0xb4 CMakeFiles/pico_webserver.dir/pico-sdk/src/rp2_common/hardware_irq/irq.c.obj
                0x00000000100014b0                irq_add_tail_to_free_list
 .text.irq_init_priorities
                0x0000000010001564       0x24 CMakeFiles/pico_webserver.dir/pico-sdk/src/rp2_common/hardware_irq/irq.c.obj
                0x0000000010001564                irq_init_priorities
 .text.user_irq_unclaim
                0x0000000010001588       0x14 CMakeFiles/pico_webserver.dir/pico-sdk/src/rp2_common/hardware_irq/irq.c.obj
                0x0000000010001588                user_irq_unclaim
 .text.user_irq_claim_unused
                0x000000001000159c       0x28 CMakeFiles/pico_webserver.dir/pico-sdk/src/rp2_common/hardware_irq/irq.c.obj
                0x000000001000159c                user_irq_claim_unused
 .text.sem_init
                0x00000000100015c4       0x20 CMakeFiles/pico_webserver.dir/pico-sdk/src/common/pico_sync/sem.c.obj
                0x00000000100015c4                sem_init
 .text.lock_init
                0x00000000100015e4       0x10 CMakeFiles/pico_webserver.dir/pico-sdk/src/common/pico_sync/lock_core.c.obj
                0x00000000100015e4                lock_init
 .text.mutex_init
                0x00000000100015f4       0x1c CMakeFiles/pico_webserver.dir/pico-sdk/src/common/pico_sync/mutex.c.obj
                0x00000000100015f4                mutex_init
 .text.recursive_mutex_init
                0x0000000010001610       0x1c CMakeFiles/pico_webserver.dir/pico-sdk/src/common/pico_sync/mutex.c.obj
                0x0000000010001610                recursive_mutex_init
 .text.critical_section_init
                0x000000001000162c       0x20 CMakeFiles/pico_webserver.dir/pico-sdk/src/common/pico_sync/critical_section.c.obj
                0x000000001000162c                critical_section_init
 .text.timer_pool_entry_comparator
                0x000000001000164c       0x34 CMakeFiles/pico_webserver.dir/pico-sdk/src/common/pico_time/time.c.obj
                0x000000001000164c                timer_pool_entry_comparator
 .text.sleep_until_callback
                0x0000000010001680       0x30 CMakeFiles/pico_webserver.dir/pico-sdk/src/common/pico_time/time.c.obj
 .text.add_alarm_under_lock.isra.0
                0x00000000100016b0      0x100 CMakeFiles/pico_webserver.dir/pico-sdk/src/common/pico_time/time.c.obj
 .text.alarm_pool_alarm_callback
                0x00000000100017b0      0x1bc CMakeFiles/pico_webserver.dir/pico-sdk/src/common/pico_time/time.c.obj
 .text.alarm_pool_init_default
                0x000000001000196c       0x6c CMakeFiles/pico_webserver.dir/pico-sdk/src/common/pico_time/time.c.obj
                0x000000001000196c                alarm_pool_init_default
 .text.alarm_pool_get_default
                0x00000000100019d8        0x8 CMakeFiles/pico_webserver.dir/pico-sdk/src/common/pico_time/time.c.obj
                0x00000000100019d8                alarm_pool_get_default
 .text.alarm_pool_create_with_unused_hardware_alarm
                0x00000000100019e0       0x74 CMakeFiles/pico_webserver.dir/pico-sdk/src/common/pico_time/time.c.obj
                0x00000000100019e0                alarm_pool_create_with_unused_hardware_alarm
 .text.alarm_pool_destroy
                0x0000000010001a54       0x44 CMakeFiles/pico_webserver.dir/pico-sdk/src/common/pico_time/time.c.obj
                0x0000000010001a54                alarm_pool_destroy
 .text.alarm_pool_add_alarm_at
                0x0000000010001a98      0x178 CMakeFiles/pico_webserver.dir/pico-sdk/src/common/pico_time/time.c.obj
                0x0000000010001a98                alarm_pool_add_alarm_at
 .text.alarm_pool_add_alarm_at_force_in_context
                0x0000000010001c10      0x124 CMakeFiles/pico_webserver.dir/pico-sdk/src/common/pico_time/time.c.obj
                0x0000000010001c10                alarm_pool_add_alarm_at_force_in_context
 .text.alarm_pool_cancel_alarm
                0x0000000010001d34       0x78 CMakeFiles/pico_webserver.dir/pico-sdk/src/common/pico_time/time.c.obj
                0x0000000010001d34                alarm_pool_cancel_alarm
 .text.alarm_pool_core_num
                0x0000000010001dac        0x4 CMakeFiles/pico_webserver.dir/pico-sdk/src/common/pico_time/time.c.obj
                0x0000000010001dac                alarm_pool_core_num
 .text.sleep_until
                0x0000000010001db0       0xc4 CMakeFiles/pico_webserver.dir/pico-sdk/src/common/pico_time/time.c.obj
                0x0000000010001db0                sleep_until
 .text.sleep_ms
                0x0000000010001e74       0x34 CMakeFiles/pico_webserver.dir/pico-sdk/src/common/pico_time/time.c.obj
                0x0000000010001e74                sleep_ms
 .text.best_effort_wfe_or_timeout
                0x0000000010001ea8       0xd4 CMakeFiles/pico_webserver.dir/pico-sdk/src/common/pico_time/time.c.obj
                0x0000000010001ea8                best_effort_wfe_or_timeout
 .text.hardware_alarm_irq_handler
                0x0000000010001f7c       0xbc CMakeFiles/pico_webserver.dir/pico-sdk/src/rp2_common/hardware_timer/timer.c.obj
 .text.hardware_alarm_claim
                0x0000000010002038       0x18 CMakeFiles/pico_webserver.dir/pico-sdk/src/rp2_common/hardware_timer/timer.c.obj
                0x0000000010002038                hardware_alarm_claim
 .text.hardware_alarm_unclaim
                0x0000000010002050       0x10 CMakeFiles/pico_webserver.dir/pico-sdk/src/rp2_common/hardware_timer/timer.c.obj
                0x0000000010002050                hardware_alarm_unclaim
 .text.hardware_alarm_claim_unused
                0x0000000010002060       0x20 CMakeFiles/pico_webserver.dir/pico-sdk/src/rp2_common/hardware_timer/timer.c.obj
                0x0000000010002060                hardware_alarm_claim_unused
 .text.time_us_64
                0x0000000010002080       0x14 CMakeFiles/pico_webserver.dir/pico-sdk/src/rp2_common/hardware_timer/timer.c.obj
                0x0000000010002080                time_us_64
 .text.busy_wait_until
                0x0000000010002094       0x20 CMakeFiles/pico_webserver.dir/pico-sdk/src/rp2_common/hardware_timer/timer.c.obj
                0x0000000010002094                busy_wait_until
 .text.hardware_alarm_set_callback
                0x00000000100020b4       0x8c CMakeFiles/pico_webserver.dir/pico-sdk/src/rp2_common/hardware_timer/timer.c.obj
                0x00000000100020b4                hardware_alarm_set_callback
 .text.hardware_alarm_set_target
                0x0000000010002140       0xd4 CMakeFiles/pico_webserver.dir/pico-sdk/src/rp2_common/hardware_timer/timer.c.obj
                0x0000000010002140                hardware_alarm_set_target
 .text.hardware_alarm_cancel
                0x0000000010002214       0x3c CMakeFiles/pico_webserver.dir/pico-sdk/src/rp2_common/hardware_timer/timer.c.obj
                0x0000000010002214                hardware_alarm_cancel
 .text.hardware_alarm_force_irq
                0x0000000010002250       0x3c CMakeFiles/pico_webserver.dir/pico-sdk/src/rp2_common/hardware_timer/timer.c.obj
                0x0000000010002250                hardware_alarm_force_irq
 .text.ph_merge_nodes
                0x000000001000228c       0x68 CMakeFiles/pico_webserver.dir/pico-sdk/src/common/pico_util/pheap.c.obj
 .text.ph_create
                0x00000000100022f4       0x60 CMakeFiles/pico_webserver.dir/pico-sdk/src/common/pico_util/pheap.c.obj
                0x00000000100022f4                ph_create
 .text.ph_post_alloc_init
                0x0000000010002354       0x3c CMakeFiles/pico_webserver.dir/pico-sdk/src/common/pico_util/pheap.c.obj
                0x0000000010002354                ph_post_alloc_init
 .text.ph_destroy
                0x0000000010002390       0x14 CMakeFiles/pico_webserver.dir/pico-sdk/src/common/pico_util/pheap.c.obj
                0x0000000010002390                ph_destroy
 .text.ph_merge_two_pass
                0x00000000100023a4       0x90 CMakeFiles/pico_webserver.dir/pico-sdk/src/common/pico_util/pheap.c.obj
                0x00000000100023a4                ph_merge_two_pass
 .text.ph_remove_any_head
                0x0000000010002434      0x100 CMakeFiles/pico_webserver.dir/pico-sdk/src/common/pico_util/pheap.c.obj
 .text.ph_remove_head
                0x0000000010002534      0x104 CMakeFiles/pico_webserver.dir/pico-sdk/src/common/pico_util/pheap.c.obj
                0x0000000010002534                ph_remove_head
 .text.ph_remove_and_free_node
                0x0000000010002638       0x7c CMakeFiles/pico_webserver.dir/pico-sdk/src/common/pico_util/pheap.c.obj
                0x0000000010002638                ph_remove_and_free_node
 .text.clock_configure
                0x00000000100026b4      0x118 CMakeFiles/pico_webserver.dir/pico-sdk/src/rp2_common/hardware_clocks/clocks.c.obj
                0x00000000100026b4                clock_configure
 .text.clocks_init
                0x00000000100027cc      0x2d0 CMakeFiles/pico_webserver.dir/pico-sdk/src/rp2_common/hardware_clocks/clocks.c.obj
                0x00000000100027cc                clocks_init
 .text.clock_get_hz
                0x0000000010002a9c        0xc CMakeFiles/pico_webserver.dir/pico-sdk/src/rp2_common/hardware_clocks/clocks.c.obj
                0x0000000010002a9c                clock_get_hz
 .text.pll_init
                0x0000000010002aa8       0xa0 CMakeFiles/pico_webserver.dir/pico-sdk/src/rp2_common/hardware_pll/pll.c.obj
                0x0000000010002aa8                pll_init
 .text.watchdog_start_tick
                0x0000000010002b48       0x10 CMakeFiles/pico_webserver.dir/pico-sdk/src/rp2_common/hardware_watchdog/watchdog.c.obj
                0x0000000010002b48                watchdog_start_tick
 .text.xosc_init
                0x0000000010002b58       0x28 CMakeFiles/pico_webserver.dir/pico-sdk/src/rp2_common/hardware_xosc/xosc.c.obj
                0x0000000010002b58                xosc_init
 .text.runtime_init
                0x0000000010002b80       0xf0 CMakeFiles/pico_webserver.dir/pico-sdk/src/rp2_common/pico_runtime/runtime.c.obj
                0x0000000010002b80                runtime_init
 .text._exit    0x0000000010002c70       0x14 CMakeFiles/pico_webserver.dir/pico-sdk/src/rp2_common/pico_runtime/runtime.c.obj
                0x0000000010002c70                _exit
 .text._sbrk    0x0000000010002c84       0x34 CMakeFiles/pico_webserver.dir/pico-sdk/src/rp2_common/pico_runtime/runtime.c.obj
                0x0000000010002c84                _sbrk
 .text.exit     0x0000000010002cb8        0x8 CMakeFiles/pico_webserver.dir/pico-sdk/src/rp2_common/pico_runtime/runtime.c.obj
                0x0000000010002cb8                exit
 .text.panic    0x0000000010002cc0       0x30 CMakeFiles/pico_webserver.dir/pico-sdk/src/rp2_common/pico_runtime/runtime.c.obj
                0x0000000010002cc0                panic
 .text.hard_assertion_failure
                0x0000000010002cf0        0xc CMakeFiles/pico_webserver.dir/pico-sdk/src/rp2_common/pico_runtime/runtime.c.obj
                0x0000000010002cf0                hard_assertion_failure
 .text._out_null
                0x0000000010002cfc        0x4 CMakeFiles/pico_webserver.dir/pico-sdk/src/rp2_common/pico_printf/printf.c.obj
 .text._out_rev
                0x0000000010002d00       0x9c CMakeFiles/pico_webserver.dir/pico-sdk/src/rp2_common/pico_printf/printf.c.obj
 .text._ntoa_format
                0x0000000010002d9c      0x1cc CMakeFiles/pico_webserver.dir/pico-sdk/src/rp2_common/pico_printf/printf.c.obj
 .text._out_char
                0x0000000010002f68       0x10 CMakeFiles/pico_webserver.dir/pico-sdk/src/rp2_common/pico_printf/printf.c.obj
 .text._out_fct
                0x0000000010002f78       0x10 CMakeFiles/pico_webserver.dir/pico-sdk/src/rp2_common/pico_printf/printf.c.obj
 .text._etoa    0x0000000010002f88      0x44c CMakeFiles/pico_webserver.dir/pico-sdk/src/rp2_common/pico_printf/printf.c.obj
 .text._ftoa    0x00000000100033d4      0x398 CMakeFiles/pico_webserver.dir/pico-sdk/src/rp2_common/pico_printf/printf.c.obj
 .text._vsnprintf
                0x000000001000376c      0xb04 CMakeFiles/pico_webserver.dir/pico-sdk/src/rp2_common/pico_printf/printf.c.obj
 .text.vfctprintf
                0x0000000010004270       0x20 CMakeFiles/pico_webserver.dir/pico-sdk/src/rp2_common/pico_printf/printf.c.obj
                0x0000000010004270                vfctprintf
 .text.weak_raw_vprintf
                0x0000000010004290       0x30 CMakeFiles/pico_webserver.dir/pico-sdk/src/rp2_common/pico_printf/printf.c.obj
                0x0000000010004290                weak_raw_vprintf
 .text          0x00000000100042c0       0x10 CMakeFiles/pico_webserver.dir/pico-sdk/src/rp2_common/pico_bit_ops/bit_ops_aeabi.S.obj
 .text.ctzsi    0x00000000100042d0        0xc CMakeFiles/pico_webserver.dir/pico-sdk/src/rp2_common/pico_bit_ops/bit_ops_aeabi.S.obj
                0x00000000100042d0                __wrap___ctzsi2
 .text.rom_func_lookup
                0x00000000100042dc       0x10 CMakeFiles/pico_webserver.dir/pico-sdk/src/rp2_common/pico_bootrom/bootrom.c.obj
                0x00000000100042dc                rom_func_lookup
 .text.rom_data_lookup
                0x00000000100042ec       0x10 CMakeFiles/pico_webserver.dir/pico-sdk/src/rp2_common/pico_bootrom/bootrom.c.obj
                0x00000000100042ec                rom_data_lookup
 .text.rom_funcs_lookup
                0x00000000100042fc       0x44 CMakeFiles/pico_webserver.dir/pico-sdk/src/rp2_common/pico_bootrom/bootrom.c.obj
                0x00000000100042fc                rom_funcs_lookup
 .text.__wrap___aeabi_idiv
                0x0000000010004340       0x50 CMakeFiles/pico_webserver.dir/pico-sdk/src/rp2_common/pico_divider/divider.S.obj
                0x0000000010004340                __wrap___aeabi_idivmod
                0x0000000010004340                divmod_s32s32
                0x0000000010004340                div_s32s32
                0x0000000010004340                __wrap___aeabi_idiv
                0x0000000010004348                divmod_s32s32_unsafe
                0x0000000010004374                divmod_s32s32_savestate
 .text.__wrap___aeabi_uidiv
                0x0000000010004390       0x4c CMakeFiles/pico_webserver.dir/pico-sdk/src/rp2_common/pico_divider/divider.S.obj
                0x0000000010004390                __wrap___aeabi_uidiv
                0x0000000010004390                __wrap___aeabi_uidivmod
                0x0000000010004390                div_u32u32
                0x0000000010004390                divmod_u32u32
                0x0000000010004398                divmod_u32u32_unsafe
                0x00000000100043c0                divmod_u32u32_savestate
 .text.__wrap___aeabi_ldiv
                0x00000000100043dc      0x424 CMakeFiles/pico_webserver.dir/pico-sdk/src/rp2_common/pico_divider/divider.S.obj
                0x00000000100043dc                div_s64s64
                0x00000000100043dc                divmod_s64s64
                0x00000000100043dc                __wrap___aeabi_ldivmod
                0x000000001000440c                div_u64u64
                0x000000001000440c                divmod_u64u64
                0x000000001000440c                __wrap___aeabi_uldivmod
                0x000000001000441c                divmod_u64u64_savestate
                0x000000001000443c                divmod_s64s64_unsafe
                0x00000000100044c4                divmod_u64u64_unsafe
 .text.__wrap___aeabi_darithmetic
                0x0000000010004800       0x60 CMakeFiles/pico_webserver.dir/pico-sdk/src/rp2_common/pico_double/double_aeabi.S.obj
                0x0000000010004800                __wrap___aeabi_drsub
                0x0000000010004806                __wrap___aeabi_dsub
                0x0000000010004810                __wrap___aeabi_dadd
                0x000000001000481a                __wrap___aeabi_ddiv
                0x000000001000484e                __wrap___aeabi_dmul
 .text.__wrap___aeabi_cdcmple
                0x0000000010004860       0x6c CMakeFiles/pico_webserver.dir/pico-sdk/src/rp2_common/pico_double/double_aeabi.S.obj
                0x0000000010004860                __wrap___aeabi_cdrcmple
                0x0000000010004870                __wrap___aeabi_cdcmple
                0x0000000010004870                __wrap___aeabi_cdcmpeq
 .text.__wrap___aeabi_dcmplt
                0x00000000100048cc        0xc CMakeFiles/pico_webserver.dir/pico-sdk/src/rp2_common/pico_double/double_aeabi.S.obj
                0x00000000100048cc                __wrap___aeabi_dcmplt
 .text.__wrap___aeabi_dcmple
                0x00000000100048d8       0x10 CMakeFiles/pico_webserver.dir/pico-sdk/src/rp2_common/pico_double/double_aeabi.S.obj
                0x00000000100048d8                __wrap___aeabi_dcmple
 .text.__wrap___aeabi_dcmpge
                0x00000000100048e8       0x10 CMakeFiles/pico_webserver.dir/pico-sdk/src/rp2_common/pico_double/double_aeabi.S.obj
                0x00000000100048e8                __wrap___aeabi_dcmpge
 .text.__wrap___aeabi_dcmpgt
                0x00000000100048f8        0xa CMakeFiles/pico_webserver.dir/pico-sdk/src/rp2_common/pico_double/double_aeabi.S.obj
                0x00000000100048f8                __wrap___aeabi_dcmpgt
 .text.__wrap___aeabi_dcmpun
                0x0000000010004902       0x1c CMakeFiles/pico_webserver.dir/pico-sdk/src/rp2_common/pico_double/double_aeabi.S.obj
                0x0000000010004902                __wrap___aeabi_dcmpun
 *fill*         0x000000001000491e        0x2 
 .text.__wrap___aeabi_i2d
                0x0000000010004920       0x38 CMakeFiles/pico_webserver.dir/pico-sdk/src/rp2_common/pico_double/double_aeabi.S.obj
                0x0000000010004920                __wrap___aeabi_ui2d
                0x0000000010004928                __wrap___aeabi_i2d
 .text.__wrap___aeabi_d2iz
                0x0000000010004958       0x48 CMakeFiles/pico_webserver.dir/pico-sdk/src/rp2_common/pico_double/double_aeabi.S.obj
                0x0000000010004958                __wrap___aeabi_d2iz
                0x0000000010004958                double2int_z
 .text.__wrap___aeabi_d2uiz
                0x00000000100049a0       0x10 CMakeFiles/pico_webserver.dir/pico-sdk/src/rp2_common/pico_double/double_aeabi.S.obj
                0x00000000100049a0                double2uint
                0x00000000100049a0                __wrap___aeabi_d2uiz
 .text.missing_double_func_shim
                0x00000000100049b0        0xc CMakeFiles/pico_webserver.dir/pico-sdk/src/rp2_common/pico_double/double_init_rom.c.obj
 .text.__aeabi_double_init
                0x00000000100049bc       0x98 CMakeFiles/pico_webserver.dir/pico-sdk/src/rp2_common/pico_double/double_init_rom.c.obj
                0x00000000100049bc                __aeabi_double_init
 .text.double_table_shim_on_use_helper
                0x0000000010004a54       0x2c CMakeFiles/pico_webserver.dir/pico-sdk/src/rp2_common/pico_double/double_v1_rom_shim.S.obj
                0x0000000010004a54                double_table_shim_on_use_helper
 .text.__aeabi_lmul
                0x0000000010004a80       0x32 CMakeFiles/pico_webserver.dir/pico-sdk/src/rp2_common/pico_int64_ops/pico_int64_ops_aeabi.S.obj
                0x0000000010004a80                __wrap___aeabi_lmul
 *fill*         0x0000000010004ab2        0x2 
 .text.missing_float_func_shim
                0x0000000010004ab4        0xc CMakeFiles/pico_webserver.dir/pico-sdk/src/rp2_common/pico_float/float_init_rom.c.obj
 .text.__aeabi_float_init
                0x0000000010004ac0       0x5c CMakeFiles/pico_webserver.dir/pico-sdk/src/rp2_common/pico_float/float_init_rom.c.obj
                0x0000000010004ac0                __aeabi_float_init
 .text.__wrap_malloc
                0x0000000010004b1c       0x3c CMakeFiles/pico_webserver.dir/pico-sdk/src/rp2_common/pico_malloc/pico_malloc.c.obj
                0x0000000010004b1c                __wrap_malloc
 .text.__wrap_calloc
                0x0000000010004b58       0x40 CMakeFiles/pico_webserver.dir/pico-sdk/src/rp2_common/pico_malloc/pico_malloc.c.obj
                0x0000000010004b58                __wrap_calloc
 .text.__wrap_free
                0x0000000010004b98       0x20 CMakeFiles/pico_webserver.dir/pico-sdk/src/rp2_common/pico_malloc/pico_malloc.c.obj
                0x0000000010004b98                __wrap_free
 .text          0x0000000010004bb8       0x10 CMakeFiles/pico_webserver.dir/pico-sdk/src/rp2_common/pico_mem_ops/mem_ops_aeabi.S.obj
                0x0000000010004bb8                __aeabi_mem_init
 .text.memset   0x0000000010004bc8        0xc CMakeFiles/pico_webserver.dir/pico-sdk/src/rp2_common/pico_mem_ops/mem_ops_aeabi.S.obj
                0x0000000010004bc8                __wrap_memset
 .text.memcpy   0x0000000010004bd4        0xc CMakeFiles/pico_webserver.dir/pico-sdk/src/rp2_common/pico_mem_ops/mem_ops_aeabi.S.obj
                0x0000000010004bd4                __wrap___aeabi_memcpy
                0x0000000010004bd4                __wrap_memcpy
 .text.stdio_out_chars_no_crlf
                0x0000000010004be0       0x10 CMakeFiles/pico_webserver.dir/pico-sdk/src/rp2_common/pico_stdio/stdio.c.obj
 .text.stdio_out_chars_crlf
                0x0000000010004bf0       0xb4 CMakeFiles/pico_webserver.dir/pico-sdk/src/rp2_common/pico_stdio/stdio.c.obj
 .text.stdio_buffered_printer
                0x0000000010004ca4       0x64 CMakeFiles/pico_webserver.dir/pico-sdk/src/rp2_common/pico_stdio/stdio.c.obj
 .text.stdio_put_string.isra.0
                0x0000000010004d08       0xfc CMakeFiles/pico_webserver.dir/pico-sdk/src/rp2_common/pico_stdio/stdio.c.obj
 .text.__wrap_putchar
                0x0000000010004e04       0x98 CMakeFiles/pico_webserver.dir/pico-sdk/src/rp2_common/pico_stdio/stdio.c.obj
                0x0000000010004e04                __wrap_putchar
 .text.__wrap_puts
                0x0000000010004e9c       0x3c CMakeFiles/pico_webserver.dir/pico-sdk/src/rp2_common/pico_stdio/stdio.c.obj
                0x0000000010004e9c                __wrap_puts
 .text.__wrap_vprintf
                0x0000000010004ed8       0xd8 CMakeFiles/pico_webserver.dir/pico-sdk/src/rp2_common/pico_stdio/stdio.c.obj
                0x0000000010004ed8                __wrap_vprintf
 .text.__wrap_printf
                0x0000000010004fb0       0x18 CMakeFiles/pico_webserver.dir/pico-sdk/src/rp2_common/pico_stdio/stdio.c.obj
                0x0000000010004fb0                __wrap_printf
 .text.startup._retrieve_unique_id_on_boot
                0x0000000010004fc8       0x10 CMakeFiles/pico_webserver.dir/pico-sdk/src/rp2_common/pico_unique_id/unique_id.c.obj
 .text.pico_get_unique_board_id
                0x0000000010004fd8       0x10 CMakeFiles/pico_webserver.dir/pico-sdk/src/rp2_common/pico_unique_id/unique_id.c.obj
                0x0000000010004fd8                pico_get_unique_board_id
 .text.flash_get_unique_id
                0x0000000010004fe8       0x40 CMakeFiles/pico_webserver.dir/pico-sdk/src/rp2_common/hardware_flash/flash.c.obj
                0x0000000010004fe8                flash_get_unique_id
 .text.dcd_int_enable
                0x0000000010005028        0xc CMakeFiles/pico_webserver.dir/pico-sdk/lib/tinyusb/src/portable/raspberrypi/rp2040/dcd_rp2040.c.obj
                0x0000000010005028                dcd_int_enable
 .text.dcd_set_address
                0x0000000010005034       0x14 CMakeFiles/pico_webserver.dir/pico-sdk/lib/tinyusb/src/portable/raspberrypi/rp2040/dcd_rp2040.c.obj
                0x0000000010005034                dcd_set_address
 .text.dcd_connect
                0x0000000010005048       0x10 CMakeFiles/pico_webserver.dir/pico-sdk/lib/tinyusb/src/portable/raspberrypi/rp2040/dcd_rp2040.c.obj
                0x0000000010005048                dcd_connect
 .text.dcd_init
                0x0000000010005058       0x98 CMakeFiles/pico_webserver.dir/pico-sdk/lib/tinyusb/src/portable/raspberrypi/rp2040/dcd_rp2040.c.obj
                0x0000000010005058                dcd_init
 .text.dcd_edpt0_status_complete
                0x00000000100050f0       0x1c CMakeFiles/pico_webserver.dir/pico-sdk/lib/tinyusb/src/portable/raspberrypi/rp2040/dcd_rp2040.c.obj
                0x00000000100050f0                dcd_edpt0_status_complete
 .text.dcd_edpt_open
                0x000000001000510c      0x108 CMakeFiles/pico_webserver.dir/pico-sdk/lib/tinyusb/src/portable/raspberrypi/rp2040/dcd_rp2040.c.obj
                0x000000001000510c                dcd_edpt_open
 .text.dcd_edpt_close_all
                0x0000000010005214        0x8 CMakeFiles/pico_webserver.dir/pico-sdk/lib/tinyusb/src/portable/raspberrypi/rp2040/dcd_rp2040.c.obj
                0x0000000010005214                dcd_edpt_close_all
 .text.dcd_edpt_xfer
                0x000000001000521c       0x24 CMakeFiles/pico_webserver.dir/pico-sdk/lib/tinyusb/src/portable/raspberrypi/rp2040/dcd_rp2040.c.obj
                0x000000001000521c                dcd_edpt_xfer
 .text.dcd_edpt_stall
                0x0000000010005240       0x38 CMakeFiles/pico_webserver.dir/pico-sdk/lib/tinyusb/src/portable/raspberrypi/rp2040/dcd_rp2040.c.obj
                0x0000000010005240                dcd_edpt_stall
 .text.dcd_edpt_clear_stall
                0x0000000010005278       0x30 CMakeFiles/pico_webserver.dir/pico-sdk/lib/tinyusb/src/portable/raspberrypi/rp2040/dcd_rp2040.c.obj
                0x0000000010005278                dcd_edpt_clear_stall
 .text.rp2040_usb_init
                0x00000000100052a8       0x4c CMakeFiles/pico_webserver.dir/pico-sdk/lib/tinyusb/src/portable/raspberrypi/rp2040/rp2040_usb.c.obj
                0x00000000100052a8                rp2040_usb_init
 .text.hw_endpoint_xfer_start
                0x00000000100052f4       0x50 CMakeFiles/pico_webserver.dir/pico-sdk/lib/tinyusb/src/portable/raspberrypi/rp2040/rp2040_usb.c.obj
                0x00000000100052f4                hw_endpoint_xfer_start
 .text.tud_mounted
                0x0000000010005344       0x10 CMakeFiles/pico_webserver.dir/pico-sdk/lib/tinyusb/src/device/usbd.c.obj
                0x0000000010005344                tud_mounted
 .text.tud_suspended
                0x0000000010005354       0x10 CMakeFiles/pico_webserver.dir/pico-sdk/lib/tinyusb/src/device/usbd.c.obj
                0x0000000010005354                tud_suspended
 .text.tud_init
                0x0000000010005364       0xe0 CMakeFiles/pico_webserver.dir/pico-sdk/lib/tinyusb/src/device/usbd.c.obj
                0x0000000010005364                tud_init
 .text.tud_task_ext
                0x0000000010005444      0x7ec CMakeFiles/pico_webserver.dir/pico-sdk/lib/tinyusb/src/device/usbd.c.obj
                0x0000000010005444                tud_task_ext
 .text.usbd_open_edpt_pair
                0x0000000010005c30       0x9c CMakeFiles/pico_webserver.dir/pico-sdk/lib/tinyusb/src/device/usbd.c.obj
                0x0000000010005c30                usbd_open_edpt_pair
 .text.usbd_edpt_open
                0x0000000010005ccc       0x34 CMakeFiles/pico_webserver.dir/pico-sdk/lib/tinyusb/src/device/usbd.c.obj
                0x0000000010005ccc                usbd_edpt_open
 .text.usbd_edpt_xfer
                0x0000000010005d00       0x4c CMakeFiles/pico_webserver.dir/pico-sdk/lib/tinyusb/src/device/usbd.c.obj
                0x0000000010005d00                usbd_edpt_xfer
 .text.usbd_edpt_busy
                0x0000000010005d4c       0x1c CMakeFiles/pico_webserver.dir/pico-sdk/lib/tinyusb/src/device/usbd.c.obj
                0x0000000010005d4c                usbd_edpt_busy
 .text.tud_control_status
                0x0000000010005d68       0x30 CMakeFiles/pico_webserver.dir/pico-sdk/lib/tinyusb/src/device/usbd_control.c.obj
                0x0000000010005d68                tud_control_status
 .text.tud_control_xfer
                0x0000000010005d98       0xbc CMakeFiles/pico_webserver.dir/pico-sdk/lib/tinyusb/src/device/usbd_control.c.obj
                0x0000000010005d98                tud_control_xfer
 .text.usbd_control_reset
                0x0000000010005e54       0x14 CMakeFiles/pico_webserver.dir/pico-sdk/lib/tinyusb/src/device/usbd_control.c.obj
                0x0000000010005e54                usbd_control_reset
 .text.usbd_control_set_complete_callback
                0x0000000010005e68        0xc CMakeFiles/pico_webserver.dir/pico-sdk/lib/tinyusb/src/device/usbd_control.c.obj
                0x0000000010005e68                usbd_control_set_complete_callback
 .text.usbd_control_set_request
                0x0000000010005e74       0x1c CMakeFiles/pico_webserver.dir/pico-sdk/lib/tinyusb/src/device/usbd_control.c.obj
                0x0000000010005e74                usbd_control_set_request
 .text.usbd_control_xfer_cb
                0x0000000010005e90       0xfc CMakeFiles/pico_webserver.dir/pico-sdk/lib/tinyusb/src/device/usbd_control.c.obj
                0x0000000010005e90                usbd_control_xfer_cb
 .text.tud_network_recv_renew
                0x0000000010005f8c       0x20 CMakeFiles/pico_webserver.dir/pico-sdk/lib/tinyusb/src/class/net/ecm_rndis_device.c.obj
                0x0000000010005f8c                tud_network_recv_renew
 .text.netd_report
                0x0000000010005fac       0x24 CMakeFiles/pico_webserver.dir/pico-sdk/lib/tinyusb/src/class/net/ecm_rndis_device.c.obj
                0x0000000010005fac                netd_report
 .text.netd_init
                0x0000000010005fd0       0x14 CMakeFiles/pico_webserver.dir/pico-sdk/lib/tinyusb/src/class/net/ecm_rndis_device.c.obj
                0x0000000010005fd0                netd_init
 .text.netd_reset
                0x0000000010005fe4       0x14 CMakeFiles/pico_webserver.dir/pico-sdk/lib/tinyusb/src/class/net/ecm_rndis_device.c.obj
                0x0000000010005fe4                netd_reset
 .text.netd_open
                0x0000000010005ff8      0x11c CMakeFiles/pico_webserver.dir/pico-sdk/lib/tinyusb/src/class/net/ecm_rndis_device.c.obj
                0x0000000010005ff8                netd_open
 .text.netd_control_xfer_cb
                0x0000000010006114      0x174 CMakeFiles/pico_webserver.dir/pico-sdk/lib/tinyusb/src/class/net/ecm_rndis_device.c.obj
                0x0000000010006114                netd_control_xfer_cb
 .text.netd_xfer_cb
                0x0000000010006288       0xec CMakeFiles/pico_webserver.dir/pico-sdk/lib/tinyusb/src/class/net/ecm_rndis_device.c.obj
                0x0000000010006288                netd_xfer_cb
 .text.tud_network_can_xmit
                0x0000000010006374        0xc CMakeFiles/pico_webserver.dir/pico-sdk/lib/tinyusb/src/class/net/ecm_rndis_device.c.obj
                0x0000000010006374                tud_network_can_xmit
 .text.tud_network_xmit
                0x0000000010006380       0x98 CMakeFiles/pico_webserver.dir/pico-sdk/lib/tinyusb/src/class/net/ecm_rndis_device.c.obj
                0x0000000010006380                tud_network_xmit
 .text.tusb_init
                0x0000000010006418        0xc CMakeFiles/pico_webserver.dir/pico-sdk/lib/tinyusb/src/tusb.c.obj
                0x0000000010006418                tusb_init
 .text.tu_edpt_validate
                0x0000000010006424       0x78 CMakeFiles/pico_webserver.dir/pico-sdk/lib/tinyusb/src/tusb.c.obj
                0x0000000010006424                tu_edpt_validate
 .text.tu_edpt_bind_driver
                0x000000001000649c       0x34 CMakeFiles/pico_webserver.dir/pico-sdk/lib/tinyusb/src/tusb.c.obj
                0x000000001000649c                tu_edpt_bind_driver
 .text.tu_fifo_read
                0x00000000100064d0       0xa0 CMakeFiles/pico_webserver.dir/pico-sdk/lib/tinyusb/src/common/tusb_fifo.c.obj
                0x00000000100064d0                tu_fifo_read
 .text.tu_fifo_write
                0x0000000010006570       0x88 CMakeFiles/pico_webserver.dir/pico-sdk/lib/tinyusb/src/common/tusb_fifo.c.obj
                0x0000000010006570                tu_fifo_write
 .text.tu_fifo_clear
                0x00000000100065f8       0x40 CMakeFiles/pico_webserver.dir/pico-sdk/lib/tinyusb/src/common/tusb_fifo.c.obj
                0x00000000100065f8                tu_fifo_clear
 .text.cyw43_arch_set_async_context
                0x0000000010006638        0xc CMakeFiles/pico_webserver.dir/pico-sdk/src/rp2_common/pico_cyw43_arch/cyw43_arch.c.obj
                0x0000000010006638                cyw43_arch_set_async_context
 .text.cyw43_arch_enable_sta_mode
                0x0000000010006644       0x1c CMakeFiles/pico_webserver.dir/pico-sdk/src/rp2_common/pico_cyw43_arch/cyw43_arch.c.obj
                0x0000000010006644                cyw43_arch_enable_sta_mode
 .text.cyw43_arch_wifi_connect_async
                0x0000000010006660       0x48 CMakeFiles/pico_webserver.dir/pico-sdk/src/rp2_common/pico_cyw43_arch/cyw43_arch.c.obj
                0x0000000010006660                cyw43_arch_wifi_connect_async
 .text.cyw43_arch_init_with_country
                0x00000000100066a8       0x10 CMakeFiles/pico_webserver.dir/pico-sdk/src/rp2_common/pico_cyw43_arch/cyw43_arch.c.obj
                0x00000000100066a8                cyw43_arch_init_with_country
 .text.cyw43_arch_gpio_put
                0x00000000100066b8       0x14 CMakeFiles/pico_webserver.dir/pico-sdk/src/rp2_common/pico_cyw43_arch/cyw43_arch.c.obj
                0x00000000100066b8                cyw43_arch_gpio_put
 .text.cyw43_arch_async_context
                0x00000000100066cc        0xc CMakeFiles/pico_webserver.dir/pico-sdk/src/rp2_common/pico_cyw43_arch/cyw43_arch.c.obj
                0x00000000100066cc                cyw43_arch_async_context
 .text.cyw43_arch_init
                0x00000000100066d8       0x6c CMakeFiles/pico_webserver.dir/pico-sdk/src/rp2_common/pico_cyw43_arch/cyw43_arch_threadsafe_background.c.obj
                0x00000000100066d8                cyw43_arch_init
 .text.ns_delay.constprop.0
                0x0000000010006744       0x20 CMakeFiles/pico_webserver.dir/pico-sdk/src/rp2_common/pico_cyw43_driver/cyw43_bus_pio_spi.c.obj
 .text.cyw43_spi_deinit
                0x0000000010006764       0x7c CMakeFiles/pico_webserver.dir/pico-sdk/src/rp2_common/pico_cyw43_driver/cyw43_bus_pio_spi.c.obj
                0x0000000010006764                cyw43_spi_deinit
 .text.cyw43_spi_init
                0x00000000100067e0      0x154 CMakeFiles/pico_webserver.dir/pico-sdk/src/rp2_common/pico_cyw43_driver/cyw43_bus_pio_spi.c.obj
                0x00000000100067e0                cyw43_spi_init
 .text.cyw43_spi_transfer
                0x0000000010006934      0x430 CMakeFiles/pico_webserver.dir/pico-sdk/src/rp2_common/pico_cyw43_driver/cyw43_bus_pio_spi.c.obj
                0x0000000010006934                cyw43_spi_transfer
 .text.cyw43_spi_gpio_setup
                0x0000000010006d64       0x3c CMakeFiles/pico_webserver.dir/pico-sdk/src/rp2_common/pico_cyw43_driver/cyw43_bus_pio_spi.c.obj
                0x0000000010006d64                cyw43_spi_gpio_setup
 .text.cyw43_spi_reset
                0x0000000010006da0       0x28 CMakeFiles/pico_webserver.dir/pico-sdk/src/rp2_common/pico_cyw43_driver/cyw43_bus_pio_spi.c.obj
                0x0000000010006da0                cyw43_spi_reset
 .text.read_reg_u32_swap
                0x0000000010006dc8       0x3c CMakeFiles/pico_webserver.dir/pico-sdk/src/rp2_common/pico_cyw43_driver/cyw43_bus_pio_spi.c.obj
                0x0000000010006dc8                read_reg_u32_swap
 .text.cyw43_read_reg_u32
                0x0000000010006e04       0x6c CMakeFiles/pico_webserver.dir/pico-sdk/src/rp2_common/pico_cyw43_driver/cyw43_bus_pio_spi.c.obj
                0x0000000010006e04                cyw43_read_reg_u32
 .text.cyw43_read_reg_u16
                0x0000000010006e70       0x6c CMakeFiles/pico_webserver.dir/pico-sdk/src/rp2_common/pico_cyw43_driver/cyw43_bus_pio_spi.c.obj
                0x0000000010006e70                cyw43_read_reg_u16
 .text.cyw43_read_reg_u8
                0x0000000010006edc       0x6c CMakeFiles/pico_webserver.dir/pico-sdk/src/rp2_common/pico_cyw43_driver/cyw43_bus_pio_spi.c.obj
                0x0000000010006edc                cyw43_read_reg_u8
 .text.write_reg_u32_swap
                0x0000000010006f48      0x1e0 CMakeFiles/pico_webserver.dir/pico-sdk/src/rp2_common/pico_cyw43_driver/cyw43_bus_pio_spi.c.obj
                0x0000000010006f48                write_reg_u32_swap
 .text.cyw43_write_reg_u32
                0x0000000010007128      0x200 CMakeFiles/pico_webserver.dir/pico-sdk/src/rp2_common/pico_cyw43_driver/cyw43_bus_pio_spi.c.obj
                0x0000000010007128                cyw43_write_reg_u32
 .text.cyw43_write_reg_u16
                0x0000000010007328      0x200 CMakeFiles/pico_webserver.dir/pico-sdk/src/rp2_common/pico_cyw43_driver/cyw43_bus_pio_spi.c.obj
                0x0000000010007328                cyw43_write_reg_u16
 .text.cyw43_write_reg_u8
                0x0000000010007528      0x200 CMakeFiles/pico_webserver.dir/pico-sdk/src/rp2_common/pico_cyw43_driver/cyw43_bus_pio_spi.c.obj
                0x0000000010007528                cyw43_write_reg_u8
 .text.cyw43_read_bytes
                0x0000000010007728       0x78 CMakeFiles/pico_webserver.dir/pico-sdk/src/rp2_common/pico_cyw43_driver/cyw43_bus_pio_spi.c.obj
                0x0000000010007728                cyw43_read_bytes
 .text.cyw43_write_bytes
                0x00000000100077a0       0xec CMakeFiles/pico_webserver.dir/pico-sdk/src/rp2_common/pico_cyw43_driver/cyw43_bus_pio_spi.c.obj
                0x00000000100077a0                cyw43_write_bytes
 .text.cyw43_set_backplane_window
                0x000000001000788c       0x64 CMakeFiles/pico_webserver.dir/pico-sdk/lib/cyw43-driver/src/cyw43_ll.c.obj
 .text.cyw43_ll_parse_async_event
                0x00000000100078f0      0x13c CMakeFiles/pico_webserver.dir/pico-sdk/lib/cyw43-driver/src/cyw43_ll.c.obj
 .text.cyw43_kso_set
                0x0000000010007a2c       0xa0 CMakeFiles/pico_webserver.dir/pico-sdk/lib/cyw43-driver/src/cyw43_ll.c.obj
 .text.cyw43_ll_sdpcm_poll_device
                0x0000000010007acc      0x238 CMakeFiles/pico_webserver.dir/pico-sdk/lib/cyw43-driver/src/cyw43_ll.c.obj
 .text.cyw43_sdpcm_send_common
                0x0000000010007d04       0xf0 CMakeFiles/pico_webserver.dir/pico-sdk/lib/cyw43-driver/src/cyw43_ll.c.obj
 .text.cyw43_do_ioctl.part.0
                0x0000000010007df4       0xc4 CMakeFiles/pico_webserver.dir/pico-sdk/lib/cyw43-driver/src/cyw43_ll.c.obj
 .text.cyw43_write_iovar_u32
                0x0000000010007eb8       0xa4 CMakeFiles/pico_webserver.dir/pico-sdk/lib/cyw43-driver/src/cyw43_ll.c.obj
 .text.cyw43_write_iovar_u32_u32.constprop.0
                0x0000000010007f5c       0xb0 CMakeFiles/pico_webserver.dir/pico-sdk/lib/cyw43-driver/src/cyw43_ll.c.obj
 .text.cyw43_read_backplane.constprop.0
                0x000000001000800c       0xdc CMakeFiles/pico_webserver.dir/pico-sdk/lib/cyw43-driver/src/cyw43_ll.c.obj
 .text.cyw43_write_backplane
                0x00000000100080e8      0x104 CMakeFiles/pico_webserver.dir/pico-sdk/lib/cyw43-driver/src/cyw43_ll.c.obj
 .text.reset_device_core.constprop.0
                0x00000000100081ec      0x3f0 CMakeFiles/pico_webserver.dir/pico-sdk/lib/cyw43-driver/src/cyw43_ll.c.obj
 .text.cyw43_ll_init
                0x00000000100085dc       0x1c CMakeFiles/pico_webserver.dir/pico-sdk/lib/cyw43-driver/src/cyw43_ll.c.obj
                0x00000000100085dc                cyw43_ll_init
 .text.cyw43_ll_deinit
                0x00000000100085f8        0x8 CMakeFiles/pico_webserver.dir/pico-sdk/lib/cyw43-driver/src/cyw43_ll.c.obj
                0x00000000100085f8                cyw43_ll_deinit
 .text.cyw43_ll_send_ethernet
                0x0000000010008600       0x60 CMakeFiles/pico_webserver.dir/pico-sdk/lib/cyw43-driver/src/cyw43_ll.c.obj
                0x0000000010008600                cyw43_ll_send_ethernet
 .text.cyw43_ll_process_packets
                0x0000000010008660       0x54 CMakeFiles/pico_webserver.dir/pico-sdk/lib/cyw43-driver/src/cyw43_ll.c.obj
                0x0000000010008660                cyw43_ll_process_packets
 .text.cyw43_ll_ioctl
                0x00000000100086b4       0x80 CMakeFiles/pico_webserver.dir/pico-sdk/lib/cyw43-driver/src/cyw43_ll.c.obj
                0x00000000100086b4                cyw43_ll_ioctl
 .text.cyw43_ll_bus_sleep
                0x0000000010008734       0x34 CMakeFiles/pico_webserver.dir/pico-sdk/lib/cyw43-driver/src/cyw43_ll.c.obj
                0x0000000010008734                cyw43_ll_bus_sleep
 .text.cyw43_ll_wifi_on
                0x0000000010008768      0x220 CMakeFiles/pico_webserver.dir/pico-sdk/lib/cyw43-driver/src/cyw43_ll.c.obj
                0x0000000010008768                cyw43_ll_wifi_on
 .text.cyw43_ll_wifi_get_mac
                0x0000000010008988       0x74 CMakeFiles/pico_webserver.dir/pico-sdk/lib/cyw43-driver/src/cyw43_ll.c.obj
                0x0000000010008988                cyw43_ll_wifi_get_mac
 .text.cyw43_ll_bus_init
                0x00000000100089fc      0xa24 CMakeFiles/pico_webserver.dir/pico-sdk/lib/cyw43-driver/src/cyw43_ll.c.obj
                0x00000000100089fc                cyw43_ll_bus_init
 .text.cyw43_ll_wifi_pm
                0x0000000010009420      0x138 CMakeFiles/pico_webserver.dir/pico-sdk/lib/cyw43-driver/src/cyw43_ll.c.obj
                0x0000000010009420                cyw43_ll_wifi_pm
 .text.cyw43_ll_wifi_join
                0x0000000010009558      0x3ec CMakeFiles/pico_webserver.dir/pico-sdk/lib/cyw43-driver/src/cyw43_ll.c.obj
                0x0000000010009558                cyw43_ll_wifi_join
 .text.cyw43_ll_wifi_set_wpa_auth
                0x0000000010009944       0x4c CMakeFiles/pico_webserver.dir/pico-sdk/lib/cyw43-driver/src/cyw43_ll.c.obj
                0x0000000010009944                cyw43_ll_wifi_set_wpa_auth
 .text.cyw43_ll_wifi_rejoin
                0x0000000010009990       0x58 CMakeFiles/pico_webserver.dir/pico-sdk/lib/cyw43-driver/src/cyw43_ll.c.obj
                0x0000000010009990                cyw43_ll_wifi_rejoin
 .text.cyw43_ll_wifi_ap_init
                0x00000000100099e8      0x2e8 CMakeFiles/pico_webserver.dir/pico-sdk/lib/cyw43-driver/src/cyw43_ll.c.obj
                0x00000000100099e8                cyw43_ll_wifi_ap_init
 .text.cyw43_ll_wifi_ap_set_up
                0x0000000010009cd0       0x80 CMakeFiles/pico_webserver.dir/pico-sdk/lib/cyw43-driver/src/cyw43_ll.c.obj
                0x0000000010009cd0                cyw43_ll_wifi_ap_set_up
 .text.cyw43_ll_gpio_set
                0x0000000010009d50       0x9c CMakeFiles/pico_webserver.dir/pico-sdk/lib/cyw43-driver/src/cyw43_ll.c.obj
                0x0000000010009d50                cyw43_ll_gpio_set
 .text.cyw43_ll_has_work
                0x0000000010009dec       0x14 CMakeFiles/pico_webserver.dir/pico-sdk/lib/cyw43-driver/src/cyw43_ll.c.obj
                0x0000000010009dec                cyw43_ll_has_work
 .text.cyw43_poll_func
                0x0000000010009e00       0xc0 CMakeFiles/pico_webserver.dir/pico-sdk/lib/cyw43-driver/src/cyw43_ctrl.c.obj
 .text.cyw43_init
                0x0000000010009ec0       0x6c CMakeFiles/pico_webserver.dir/pico-sdk/lib/cyw43-driver/src/cyw43_ctrl.c.obj
                0x0000000010009ec0                cyw43_init
 .text.cyw43_deinit
                0x0000000010009f2c       0x90 CMakeFiles/pico_webserver.dir/pico-sdk/lib/cyw43-driver/src/cyw43_ctrl.c.obj
                0x0000000010009f2c                cyw43_deinit
 .text.cyw43_cb_read_host_interrupt_pin
                0x0000000010009fbc        0xc CMakeFiles/pico_webserver.dir/pico-sdk/lib/cyw43-driver/src/cyw43_ctrl.c.obj
                0x0000000010009fbc                cyw43_cb_read_host_interrupt_pin
 .text.cyw43_cb_ensure_awake
                0x0000000010009fc8        0xc CMakeFiles/pico_webserver.dir/pico-sdk/lib/cyw43-driver/src/cyw43_ctrl.c.obj
                0x0000000010009fc8                cyw43_cb_ensure_awake
 .text.cyw43_cb_process_async_event
                0x0000000010009fd4      0x228 CMakeFiles/pico_webserver.dir/pico-sdk/lib/cyw43-driver/src/cyw43_ctrl.c.obj
                0x0000000010009fd4                cyw43_cb_process_async_event
 .text.cyw43_send_ethernet
                0x000000001000a1fc       0xc0 CMakeFiles/pico_webserver.dir/pico-sdk/lib/cyw43-driver/src/cyw43_ctrl.c.obj
                0x000000001000a1fc                cyw43_send_ethernet
 .text.cyw43_wifi_pm
                0x000000001000a2bc       0xb4 CMakeFiles/pico_webserver.dir/pico-sdk/lib/cyw43-driver/src/cyw43_ctrl.c.obj
                0x000000001000a2bc                cyw43_wifi_pm
 .text.cyw43_wifi_set_up
                0x000000001000a370      0x308 CMakeFiles/pico_webserver.dir/pico-sdk/lib/cyw43-driver/src/cyw43_ctrl.c.obj
                0x000000001000a370                cyw43_wifi_set_up
 .text.cyw43_wifi_join
                0x000000001000a678       0xf4 CMakeFiles/pico_webserver.dir/pico-sdk/lib/cyw43-driver/src/cyw43_ctrl.c.obj
                0x000000001000a678                cyw43_wifi_join
 .text.cyw43_gpio_set
                0x000000001000a76c       0xa0 CMakeFiles/pico_webserver.dir/pico-sdk/lib/cyw43-driver/src/cyw43_ctrl.c.obj
                0x000000001000a76c                cyw43_gpio_set
 .text.pio_sm_unclaim
                0x000000001000a80c       0x20 CMakeFiles/pico_webserver.dir/pico-sdk/src/rp2_common/hardware_pio/pio.c.obj
                0x000000001000a80c                pio_sm_unclaim
 .text.pio_claim_unused_sm
                0x000000001000a82c       0x3c CMakeFiles/pico_webserver.dir/pico-sdk/src/rp2_common/hardware_pio/pio.c.obj
                0x000000001000a82c                pio_claim_unused_sm
 .text.pio_can_add_program
                0x000000001000a868       0x68 CMakeFiles/pico_webserver.dir/pico-sdk/src/rp2_common/hardware_pio/pio.c.obj
                0x000000001000a868                pio_can_add_program
 .text.pio_add_program
                0x000000001000a8d0       0xc8 CMakeFiles/pico_webserver.dir/pico-sdk/src/rp2_common/hardware_pio/pio.c.obj
                0x000000001000a8d0                pio_add_program
 .text.pio_remove_program
                0x000000001000a998       0x34 CMakeFiles/pico_webserver.dir/pico-sdk/src/rp2_common/hardware_pio/pio.c.obj
                0x000000001000a998                pio_remove_program
 .text.pio_sm_set_pindirs_with_mask
                0x000000001000a9cc       0xa4 CMakeFiles/pico_webserver.dir/pico-sdk/src/rp2_common/hardware_pio/pio.c.obj
                0x000000001000a9cc                pio_sm_set_pindirs_with_mask
 .text.pio_sm_set_consecutive_pindirs
                0x000000001000aa70       0xb0 CMakeFiles/pico_webserver.dir/pico-sdk/src/rp2_common/hardware_pio/pio.c.obj
                0x000000001000aa70                pio_sm_set_consecutive_pindirs
 .text.dma_channel_unclaim
                0x000000001000ab20       0x10 CMakeFiles/pico_webserver.dir/pico-sdk/src/rp2_common/hardware_dma/dma.c.obj
                0x000000001000ab20                dma_channel_unclaim
 .text.dma_claim_unused_channel
                0x000000001000ab30       0x20 CMakeFiles/pico_webserver.dir/pico-sdk/src/rp2_common/hardware_dma/dma.c.obj
                0x000000001000ab30                dma_claim_unused_channel
 .text.dma_channel_cleanup
                0x000000001000ab50       0x60 CMakeFiles/pico_webserver.dir/pico-sdk/src/rp2_common/hardware_dma/dma.c.obj
                0x000000001000ab50                dma_channel_cleanup
 .text.cyw43_sleep_timeout_reached
                0x000000001000abb0       0x10 CMakeFiles/pico_webserver.dir/pico-sdk/src/rp2_common/pico_cyw43_driver/cyw43_driver.c.obj
 .text.cyw43_irq_init
                0x000000001000abc0       0x28 CMakeFiles/pico_webserver.dir/pico-sdk/src/rp2_common/pico_cyw43_driver/cyw43_driver.c.obj
                0x000000001000abc0                cyw43_irq_init
 .text.cyw43_irq_deinit
                0x000000001000abe8       0x20 CMakeFiles/pico_webserver.dir/pico-sdk/src/rp2_common/pico_cyw43_driver/cyw43_driver.c.obj
                0x000000001000abe8                cyw43_irq_deinit
 .text.cyw43_gpio_irq_handler
                0x000000001000ac08       0x44 CMakeFiles/pico_webserver.dir/pico-sdk/src/rp2_common/pico_cyw43_driver/cyw43_driver.c.obj
 .text.cyw43_do_poll
                0x000000001000ac4c       0x6c CMakeFiles/pico_webserver.dir/pico-sdk/src/rp2_common/pico_cyw43_driver/cyw43_driver.c.obj
 .text.cyw43_post_poll_hook
                0x000000001000acb8       0x10 CMakeFiles/pico_webserver.dir/pico-sdk/src/rp2_common/pico_cyw43_driver/cyw43_driver.c.obj
                0x000000001000acb8                cyw43_post_poll_hook
 .text.cyw43_schedule_internal_poll_dispatch
                0x000000001000acc8       0x18 CMakeFiles/pico_webserver.dir/pico-sdk/src/rp2_common/pico_cyw43_driver/cyw43_driver.c.obj
                0x000000001000acc8                cyw43_schedule_internal_poll_dispatch
 .text.cyw43_driver_init
                0x000000001000ace0       0x38 CMakeFiles/pico_webserver.dir/pico-sdk/src/rp2_common/pico_cyw43_driver/cyw43_driver.c.obj
                0x000000001000ace0                cyw43_driver_init
 .text.cyw43_driver_deinit
                0x000000001000ad18       0x44 CMakeFiles/pico_webserver.dir/pico-sdk/src/rp2_common/pico_cyw43_driver/cyw43_driver.c.obj
                0x000000001000ad18                cyw43_driver_deinit
 .text.cyw43_hal_generate_laa_mac
                0x000000001000ad5c       0x28 CMakeFiles/pico_webserver.dir/pico-sdk/src/rp2_common/pico_cyw43_driver/cyw43_driver.c.obj
                0x000000001000ad5c                cyw43_hal_generate_laa_mac
 .text.cyw43_hal_get_mac
                0x000000001000ad84       0x1c CMakeFiles/pico_webserver.dir/pico-sdk/src/rp2_common/pico_cyw43_driver/cyw43_driver.c.obj
                0x000000001000ad84                cyw43_hal_get_mac
 .text.cyw43_thread_enter
                0x000000001000ada0       0x14 CMakeFiles/pico_webserver.dir/pico-sdk/src/rp2_common/pico_cyw43_driver/cyw43_driver.c.obj
                0x000000001000ada0                cyw43_thread_enter
 .text.cyw43_thread_exit
                0x000000001000adb4       0x14 CMakeFiles/pico_webserver.dir/pico-sdk/src/rp2_common/pico_cyw43_driver/cyw43_driver.c.obj
                0x000000001000adb4                cyw43_thread_exit
 .text.cyw43_await_background_or_timeout_us
                0x000000001000adc8       0x34 CMakeFiles/pico_webserver.dir/pico-sdk/src/rp2_common/pico_cyw43_driver/cyw43_driver.c.obj
                0x000000001000adc8                cyw43_await_background_or_timeout_us
 .text.cyw43_delay_ms
                0x000000001000adfc       0x44 CMakeFiles/pico_webserver.dir/pico-sdk/src/rp2_common/pico_cyw43_driver/cyw43_driver.c.obj
                0x000000001000adfc                cyw43_delay_ms
 .text.cyw43_delay_us
                0x000000001000ae40       0x34 CMakeFiles/pico_webserver.dir/pico-sdk/src/rp2_common/pico_cyw43_driver/cyw43_driver.c.obj
                0x000000001000ae40                cyw43_delay_us
 .text.cyw43_cb_tcpip_init
                0x000000001000ae74        0x4 CMakeFiles/pico_webserver.dir/pico-sdk/src/rp2_common/pico_cyw43_driver/cyw43_driver.c.obj
                0x000000001000ae74                cyw43_cb_tcpip_init
 .text.cyw43_cb_tcpip_deinit
                0x000000001000ae78        0x4 CMakeFiles/pico_webserver.dir/pico-sdk/src/rp2_common/pico_cyw43_driver/cyw43_driver.c.obj
                0x000000001000ae78                cyw43_cb_tcpip_deinit
 .text.handle_sync_func_call
                0x000000001000ae7c       0x24 CMakeFiles/pico_webserver.dir/pico-sdk/src/rp2_common/pico_async_context/async_context_threadsafe_background.c.obj
 .text.async_context_threadsafe_background_acquire_lock_blocking
                0x000000001000aea0        0xc CMakeFiles/pico_webserver.dir/pico-sdk/src/rp2_common/pico_async_context/async_context_threadsafe_background.c.obj
 .text.process_under_lock
                0x000000001000aeac       0xc8 CMakeFiles/pico_webserver.dir/pico-sdk/src/rp2_common/pico_async_context/async_context_threadsafe_background.c.obj
 .text.async_context_threadsafe_background_deinit
                0x000000001000af74       0x64 CMakeFiles/pico_webserver.dir/pico-sdk/src/rp2_common/pico_async_context/async_context_threadsafe_background.c.obj
 .text.low_priority_irq_handler
                0x000000001000afd8       0x3c CMakeFiles/pico_webserver.dir/pico-sdk/src/rp2_common/pico_async_context/async_context_threadsafe_background.c.obj
 .text.async_context_threadsafe_background_wait_for_work_until
                0x000000001000b014        0xc CMakeFiles/pico_webserver.dir/pico-sdk/src/rp2_common/pico_async_context/async_context_threadsafe_background.c.obj
 .text.async_context_threadsafe_background_wait_until
                0x000000001000b020       0x1c CMakeFiles/pico_webserver.dir/pico-sdk/src/rp2_common/pico_async_context/async_context_threadsafe_background.c.obj
 .text.async_context_threadsafe_background_lock_check
                0x000000001000b03c       0x28 CMakeFiles/pico_webserver.dir/pico-sdk/src/rp2_common/pico_async_context/async_context_threadsafe_background.c.obj
 .text.async_context_threadsafe_background_execute_sync
                0x000000001000b064       0xe4 CMakeFiles/pico_webserver.dir/pico-sdk/src/rp2_common/pico_async_context/async_context_threadsafe_background.c.obj
                0x000000001000b064                async_context_threadsafe_background_execute_sync
 .text.async_context_threadsafe_background_set_work_pending
                0x000000001000b148       0x50 CMakeFiles/pico_webserver.dir/pico-sdk/src/rp2_common/pico_async_context/async_context_threadsafe_background.c.obj
 .text.alarm_handler
                0x000000001000b198       0x58 CMakeFiles/pico_webserver.dir/pico-sdk/src/rp2_common/pico_async_context/async_context_threadsafe_background.c.obj
 .text.async_context_threadsafe_background_release_lock
                0x000000001000b1f0       0x7c CMakeFiles/pico_webserver.dir/pico-sdk/src/rp2_common/pico_async_context/async_context_threadsafe_background.c.obj
 .text.async_context_threadsafe_background_when_pending_worker
                0x000000001000b26c       0x90 CMakeFiles/pico_webserver.dir/pico-sdk/src/rp2_common/pico_async_context/async_context_threadsafe_background.c.obj
 .text.async_context_threadsafe_background_remove_at_time_worker
                0x000000001000b2fc       0x90 CMakeFiles/pico_webserver.dir/pico-sdk/src/rp2_common/pico_async_context/async_context_threadsafe_background.c.obj
 .text.async_context_threadsafe_background_add_when_pending_worker
                0x000000001000b38c       0x90 CMakeFiles/pico_webserver.dir/pico-sdk/src/rp2_common/pico_async_context/async_context_threadsafe_background.c.obj
 .text.async_context_threadsafe_background_add_at_time_worker
                0x000000001000b41c       0x90 CMakeFiles/pico_webserver.dir/pico-sdk/src/rp2_common/pico_async_context/async_context_threadsafe_background.c.obj
 .text.async_context_threadsafe_background_default_config
                0x000000001000b4ac        0xc CMakeFiles/pico_webserver.dir/pico-sdk/src/rp2_common/pico_async_context/async_context_threadsafe_background.c.obj
                0x000000001000b4ac                async_context_threadsafe_background_default_config
 .text.async_context_threadsafe_background_init
                0x000000001000b4b8       0xa4 CMakeFiles/pico_webserver.dir/pico-sdk/src/rp2_common/pico_async_context/async_context_threadsafe_background.c.obj
                0x000000001000b4b8                async_context_threadsafe_background_init
 .text.async_context_base_add_at_time_worker
                0x000000001000b55c       0x28 CMakeFiles/pico_webserver.dir/pico-sdk/src/rp2_common/pico_async_context/async_context_base.c.obj
                0x000000001000b55c                async_context_base_add_at_time_worker
 .text.async_context_base_remove_at_time_worker
                0x000000001000b584       0x28 CMakeFiles/pico_webserver.dir/pico-sdk/src/rp2_common/pico_async_context/async_context_base.c.obj
                0x000000001000b584                async_context_base_remove_at_time_worker
 .text.async_context_base_add_when_pending_worker
                0x000000001000b5ac       0x24 CMakeFiles/pico_webserver.dir/pico-sdk/src/rp2_common/pico_async_context/async_context_base.c.obj
                0x000000001000b5ac                async_context_base_add_when_pending_worker
 .text.async_context_base_remove_when_pending_worker
                0x000000001000b5d0       0x28 CMakeFiles/pico_webserver.dir/pico-sdk/src/rp2_common/pico_async_context/async_context_base.c.obj
                0x000000001000b5d0                async_context_base_remove_when_pending_worker
 .text.async_context_base_execute_once
                0x000000001000b5f8       0xe8 CMakeFiles/pico_webserver.dir/pico-sdk/src/rp2_common/pico_async_context/async_context_base.c.obj
                0x000000001000b5f8                async_context_base_execute_once
 .text.async_context_base_needs_servicing
                0x000000001000b6e0       0x54 CMakeFiles/pico_webserver.dir/pico-sdk/src/rp2_common/pico_async_context/async_context_base.c.obj
                0x000000001000b6e0                async_context_base_needs_servicing
 .text.core1_trampoline
                0x000000001000b734        0x4 CMakeFiles/pico_webserver.dir/pico-sdk/src/rp2_common/pico_multicore/multicore.c.obj
 .text.core1_wrapper
                0x000000001000b738        0xc CMakeFiles/pico_webserver.dir/pico-sdk/src/rp2_common/pico_multicore/multicore.c.obj
                0x000000001000b738                core1_wrapper
 .text.multicore_launch_core1_raw
                0x000000001000b744       0x84 CMakeFiles/pico_webserver.dir/pico-sdk/src/rp2_common/pico_multicore/multicore.c.obj
                0x000000001000b744                multicore_launch_core1_raw
 .text.multicore_launch_core1
                0x000000001000b7c8       0x4c CMakeFiles/pico_webserver.dir/pico-sdk/src/rp2_common/pico_multicore/multicore.c.obj
                0x000000001000b7c8                multicore_launch_core1
 .text          0x000000001000b814       0x20 liblwipcore.a(init.c.obj)
                0x000000001000b814                lwip_init
 .text          0x000000001000b834      0x1e0 liblwipcore.a(def.c.obj)
                0x000000001000b834                lwip_htons
                0x000000001000b83c                lwip_htonl
                0x000000001000b840                lwip_strnstr
                0x000000001000b89c                lwip_strnistr
                0x000000001000b924                lwip_stricmp
                0x000000001000b958                lwip_strnicmp
                0x000000001000b994                lwip_itoa
 .text          0x000000001000ba14      0x3f0 liblwipcore.a(mem.c.obj)
                0x000000001000ba14                mem_init
                0x000000001000ba54                mem_free
                0x000000001000bb6c                mem_trim
                0x000000001000bca4                mem_malloc
                0x000000001000bddc                mem_calloc
 .text          0x000000001000be04      0x1a8 liblwipcore.a(memp.c.obj)
                0x000000001000be04                memp_init_pool
                0x000000001000be38                memp_init
                0x000000001000bec8                memp_malloc_pool
                0x000000001000bf08                memp_malloc
                0x000000001000bf54                memp_free_pool
                0x000000001000bf7c                memp_free
 .text          0x000000001000bfac      0x490 liblwipcore.a(netif.c.obj)
                0x000000001000bfb4                netif_init
                0x000000001000bfb8                netif_input
                0x000000001000bfd0                netif_set_ipaddr
                0x000000001000c02c                netif_set_netmask
                0x000000001000c048                netif_set_gw
                0x000000001000c064                netif_set_addr
                0x000000001000c130                netif_add
                0x000000001000c1e0                netif_add_noaddr
                0x000000001000c1f8                netif_remove
                0x000000001000c270                netif_set_default
                0x000000001000c27c                netif_set_up
                0x000000001000c2b4                netif_set_down
                0x000000001000c2d8                netif_set_link_up
                0x000000001000c310                netif_set_link_down
                0x000000001000c324                netif_name_to_index
                0x000000001000c378                netif_index_to_name
                0x000000001000c3c0                netif_get_by_index
                0x000000001000c3ec                netif_find
 .text          0x000000001000c43c      0xc68 liblwipcore.a(pbuf.c.obj)
                0x000000001000c43c                pbuf_free_ooseq
                0x000000001000c470                pbuf_alloc
                0x000000001000c5e0                pbuf_alloc_reference
                0x000000001000c608                pbuf_realloc
                0x000000001000c6c4                pbuf_add_header
                0x000000001000c710                pbuf_add_header_force
                0x000000001000c75c                pbuf_remove_header
                0x000000001000c794                pbuf_header
                0x000000001000c800                pbuf_header_force
                0x000000001000c86c                pbuf_free_header
                0x000000001000c91c                pbuf_free
                0x000000001000c980                pbuf_clen
                0x000000001000c994                pbuf_ref
                0x000000001000c9ac                pbuf_cat
                0x000000001000c9d8                pbuf_chain
                0x000000001000ca1c                pbuf_dechain
                0x000000001000caa8                pbuf_copy_partial_pbuf
                0x000000001000cbc4                pbuf_copy
                0x000000001000cbdc                pbuf_copy_partial
                0x000000001000cc4c                pbuf_get_contiguous
                0x000000001000ccf4                pbuf_skip
                0x000000001000cd18                pbuf_take
                0x000000001000cd6c                pbuf_take_at
                0x000000001000ce08                pbuf_coalesce
                0x000000001000cec0                pbuf_clone
                0x000000001000cee0                pbuf_get_at
                0x000000001000cf00                pbuf_try_get_at
                0x000000001000cf28                pbuf_put_at
                0x000000001000cf44                pbuf_memcmp
                0x000000001000cfb8                pbuf_memfind
                0x000000001000d064                pbuf_strstr
 .text          0x000000001000d0a4        0x4 liblwipcore.a(stats.c.obj)
                0x000000001000d0a4                stats_init
 .text          0x000000001000d0a8     0x18e8 liblwipcore.a(tcp.c.obj)
                0x000000001000d1b8                tcp_init
                0x000000001000d1bc                tcp_free
                0x000000001000d1c8                tcp_bind
                0x000000001000d2c0                tcp_bind_netif
                0x000000001000d2d4                tcp_listen_with_backlog
                0x000000001000d358                tcp_listen_with_backlog_and_err
                0x000000001000d3f8                tcp_update_rcv_ann_wnd
                0x000000001000d434                tcp_recved
                0x000000001000d4ac                tcp_connect
                0x000000001000d640                tcp_slowtmr
                0x000000001000da44                tcp_txnow
                0x000000001000da70                tcp_segs_free
                0x000000001000daa8                tcp_seg_free
                0x000000001000dac4                tcp_setprio
                0x000000001000dacc                tcp_seg_copy
                0x000000001000daec                tcp_arg
                0x000000001000daf4                tcp_recv
                0x000000001000db00                tcp_sent
                0x000000001000db0c                tcp_err
                0x000000001000db18                tcp_accept
                0x000000001000db28                tcp_poll
                0x000000001000db34                tcp_pcb_purge
                0x000000001000db4c                tcp_pcb_remove
                0x000000001000dbc4                tcp_abandon
                0x000000001000dd40                tcp_abort
                0x000000001000dd5c                tcp_alloc
                0x000000001000df54                tcp_new
                0x000000001000e12c                tcp_new_ip_type
                0x000000001000e444                tcp_shutdown
                0x000000001000e4a4                tcp_recv_null
                0x000000001000e54c                tcp_process_refused_data
                0x000000001000e634                tcp_fasttmr
                0x000000001000e6b8                tcp_tmr
                0x000000001000e6d8                tcp_close
                0x000000001000e838                tcp_next_iss
                0x000000001000e850                tcp_eff_send_mss_netif
                0x000000001000e878                tcp_netif_ip_addr_changed
                0x000000001000e908                tcp_debug_state_str
                0x000000001000e918                tcp_tcp_get_tcp_addrinfo
                0x000000001000e950                tcp_free_ooseq
 .text          0x000000001000e990     0x1760 liblwipcore.a(tcp_in.c.obj)
                0x000000001000f558                tcp_input
                0x00000000100100dc                tcp_trigger_input_pcb_close
 .text          0x00000000100100f0     0x12b4 liblwipcore.a(tcp_out.c.obj)
                0x0000000010010274                tcp_write
                0x000000001001056c                tcp_split_unsent_seg
                0x0000000010010708                tcp_send_fin
                0x00000000100107e8                tcp_enqueue_flags
                0x0000000010010890                tcp_rexmit_rto_prepare
                0x000000001001091c                tcp_rexmit
                0x00000000100109ac                tcp_rexmit_fast
                0x0000000010010a04                tcp_rst
                0x0000000010010ac0                tcp_rst_netif
                0x0000000010010bbc                tcp_send_empty_ack
                0x0000000010010c98                tcp_output
                0x00000000100110a8                tcp_rexmit_rto_commit
                0x00000000100110bc                tcp_rexmit_rto
                0x0000000010011154                tcp_keepalive
                0x0000000010011218                tcp_zero_window_probe
 .text          0x00000000100113a4      0x320 liblwipcore.a(timeouts.c.obj)
                0x00000000100114a4                tcp_timer_needed
                0x0000000010011518                sys_timeouts_init
                0x0000000010011590                sys_timeout
                0x00000000100115d4                sys_untimeout
                0x0000000010011614                sys_check_timeouts
                0x000000001001166c                sys_restart_timeouts
                0x000000001001169c                sys_timeouts_sleeptime
 .text          0x00000000100116c4      0x6c4 liblwipcore.a(udp.c.obj)
                0x00000000100116c4                udp_init
                0x00000000100116c8                udp_input
                0x00000000100118d0                udp_bind
                0x00000000100119dc                udp_sendto_if_src
                0x0000000010011afc                udp_sendto_if
                0x0000000010011b44                udp_sendto
                0x0000000010011bc0                udp_send
                0x0000000010011c38                udp_bind_netif
                0x0000000010011c4c                udp_connect
                0x0000000010011cb0                udp_disconnect
                0x0000000010011cc8                udp_recv
                0x0000000010011cd4                udp_remove
                0x0000000010011d10                udp_new
                0x0000000010011d2c                udp_new_ip_type
                0x0000000010011d48                udp_netif_ip_addr_changed
 .text          0x0000000010011d88     0x2a3c liblwipcore.a(etharp.c.obj)
                0x0000000010013f2c                etharp_tmr
                0x0000000010013fc0                etharp_cleanup_netif
                0x0000000010014148                etharp_find_addr
                0x0000000010014188                etharp_get_entry
                0x00000000100141bc                etharp_input
                0x000000001001435c                etharp_query
                0x00000000100144e4                etharp_output
                0x0000000010014700                etharp_request
 .text          0x00000000100147c4      0x848 liblwipcore.a(ip4_frag.c.obj)
                0x0000000010014904                ip_reass_tmr
                0x00000000100149a4                ip4_reass
                0x0000000010014eac                ip4_frag
 .text          0x000000001001500c      0x748 liblwipcore.a(ip4.c.obj)
                0x000000001001500c                ip4_route
                0x000000001001508c                ip4_input
                0x0000000010015310                ip4_output_if
                0x0000000010015478                ip4_output_if_src
                0x00000000100155d0                ip4_output
 .text          0x0000000010015754      0x3bc liblwipcore.a(ip4_addr.c.obj)
                0x0000000010015754                ip4_addr_isbroadcast_u32
                0x0000000010015790                ip4_addr_netmask_valid
                0x00000000100157c0                ip4addr_aton
                0x0000000010015940                ipaddr_addr
                0x000000001001595c                ip4addr_ntoa
                0x0000000010015a38                ip4addr_ntoa_r
 .text          0x0000000010015b10      0x13c liblwipcore.a(ethernet.c.obj)
                0x0000000010015b10                ethernet_input
                0x0000000010015be4                ethernet_output
 .text          0x0000000010015c4c      0x334 liblwipcore.a(inet_chksum.c.obj)
                0x0000000010015c4c                lwip_standard_chksum
                0x0000000010015ccc                inet_chksum_pseudo
                0x0000000010015d80                ip_chksum_pseudo
                0x0000000010015d90                inet_chksum_pseudo_partial
                0x0000000010015e74                ip_chksum_pseudo_partial
                0x0000000010015e88                inet_chksum
                0x0000000010015f14                inet_chksum_pbuf
 .text          0x0000000010015f80       0x18 /usr/lib/gcc/arm-none-eabi/10.3.1/../../../arm-none-eabi/lib/thumb/v6-m/nofp/libc.a(lib_a-atoi.o)
                0x0000000010015f80                atoi
                0x0000000010015f8c                _atoi_r
 .text          0x0000000010015f98       0x18 /usr/lib/gcc/arm-none-eabi/10.3.1/../../../arm-none-eabi/lib/thumb/v6-m/nofp/libc.a(lib_a-calloc.o)
                0x0000000010015f98                calloc
 .text          0x0000000010015fb0       0x5c /usr/lib/gcc/arm-none-eabi/10.3.1/../../../arm-none-eabi/lib/thumb/v6-m/nofp/libc.a(lib_a-callocr.o)
                0x0000000010015fb0                _calloc_r
 .text          0x000000001001600c       0x28 /usr/lib/gcc/arm-none-eabi/10.3.1/../../../arm-none-eabi/lib/thumb/v6-m/nofp/libc.a(lib_a-malloc.o)
                0x000000001001600c                malloc
                0x0000000010016020                free
 .text          0x0000000010016034      0x574 /usr/lib/gcc/arm-none-eabi/10.3.1/../../../arm-none-eabi/lib/thumb/v6-m/nofp/libc.a(lib_a-mallocr.o)
                0x0000000010016034                _malloc_r
 .text          0x00000000100165a8        0x8 /usr/lib/gcc/arm-none-eabi/10.3.1/../../../arm-none-eabi/lib/thumb/v6-m/nofp/libc.a(lib_a-mlock.o)
                0x00000000100165a8                __malloc_lock
                0x00000000100165ac                __malloc_unlock
 .text          0x00000000100165b0       0x24 /usr/lib/gcc/arm-none-eabi/10.3.1/../../../arm-none-eabi/lib/thumb/v6-m/nofp/libc.a(lib_a-sbrkr.o)
                0x00000000100165b0                _sbrk_r
 .text          0x00000000100165d4       0x5c /usr/lib/gcc/arm-none-eabi/10.3.1/../../../arm-none-eabi/lib/thumb/v6-m/nofp/libc.a(lib_a-strlen-stub.o)
                0x00000000100165d4                strlen
 .text          0x0000000010016630       0x74 /usr/lib/gcc/arm-none-eabi/10.3.1/../../../arm-none-eabi/lib/thumb/v6-m/nofp/libc.a(lib_a-strncmp.o)
                0x0000000010016630                strncmp
 .text          0x00000000100166a4      0x1b8 /usr/lib/gcc/arm-none-eabi/10.3.1/../../../arm-none-eabi/lib/thumb/v6-m/nofp/libc.a(lib_a-strtol.o)
                0x00000000100167e8                _strtol_r
                0x0000000010016804                strtol_l
                0x0000000010016830                strtol
 .text          0x000000001001685c        0xc /usr/lib/gcc/arm-none-eabi/10.3.1/../../../arm-none-eabi/lib/thumb/v6-m/nofp/libc.a(lib_a-errno.o)
                0x000000001001685c                __errno
 .text          0x0000000010016868      0x260 /usr/lib/gcc/arm-none-eabi/10.3.1/../../../arm-none-eabi/lib/thumb/v6-m/nofp/libc.a(lib_a-freer.o)
                0x0000000010016868                _malloc_trim_r
                0x0000000010016904                _free_r
 *(.fini)
 .fini          0x0000000010016ac8        0x4 /usr/lib/gcc/arm-none-eabi/10.3.1/thumb/v6-m/nofp/crti.o
                0x0000000010016ac8                _fini
 *fill*         0x0000000010016acc        0x4 
 .fini.__stub   0x0000000010016ad0      0x150 linker stubs
 *crtbegin.o(.ctors)
 *crtbegin?.o(.ctors)
 *(EXCLUDE_FILE(*crtend.o *crtend?.o) .ctors)
 *(SORT_BY_NAME(.ctors.*))
 *(.ctors)
 *crtbegin.o(.dtors)
 *crtbegin?.o(.dtors)
 *(EXCLUDE_FILE(*crtend.o *crtend?.o) .dtors)
 *(SORT_BY_NAME(.dtors.*))
 *(.dtors)
 *(.eh_frame*)
 .eh_frame      0x0000000010016c20        0x0 /usr/lib/gcc/arm-none-eabi/10.3.1/thumb/v6-m/nofp/crtbegin.o
                0x0000000010016c20                . = ALIGN (0x4)

.glue_7         0x0000000010016c20        0x0
 .glue_7        0x0000000010016c20        0x0 linker stubs

.glue_7t        0x0000000010016c20        0x0
 .glue_7t       0x0000000010016c20        0x0 linker stubs

.vfp11_veneer   0x0000000010016c20        0x0
 .vfp11_veneer  0x0000000010016c20        0x0 linker stubs

.v4_bx          0x0000000010016c20        0x0
 .v4_bx         0x0000000010016c20        0x0 linker stubs

.iplt           0x0000000010016c20        0x0
 .iplt          0x0000000010016c20        0x0 /usr/lib/gcc/arm-none-eabi/10.3.1/thumb/v6-m/nofp/crtbegin.o

.rodata         0x0000000010016c20    0x38304
 *(EXCLUDE_FILE(*libm.a: *libc.a:*lib_a-mem*.o *libgcc.a:) .rodata*)
 .rodata.main.str1.4
                0x0000000010016c20       0x32 CMakeFiles/pico_webserver.dir/webserver.c.obj
 *fill*         0x0000000010016c52        0x2 
 .rodata.gateway
                0x0000000010016c54        0x4 CMakeFiles/pico_webserver.dir/tusb_lwip_glue.c.obj
 .rodata.ipaddr
                0x0000000010016c58        0x4 CMakeFiles/pico_webserver.dir/tusb_lwip_glue.c.obj
 .rodata.netmask
                0x0000000010016c5c        0x4 CMakeFiles/pico_webserver.dir/tusb_lwip_glue.c.obj
 .rodata.tud_descriptor_string_cb.str1.4
                0x0000000010016c60       0x11 CMakeFiles/pico_webserver.dir/usb_descriptors.c.obj
 *fill*         0x0000000010016c71        0x3 
 .rodata.str1.4
                0x0000000010016c74       0x3e CMakeFiles/pico_webserver.dir/usb_descriptors.c.obj
 *fill*         0x0000000010016cb2        0x2 
 .rodata.__compound_literal.0
                0x0000000010016cb4        0x2 CMakeFiles/pico_webserver.dir/usb_descriptors.c.obj
 *fill*         0x0000000010016cb6        0x2 
 .rodata.configuration_arr
                0x0000000010016cb8        0x8 CMakeFiles/pico_webserver.dir/usb_descriptors.c.obj
 .rodata.desc_device
                0x0000000010016cc0       0x12 CMakeFiles/pico_webserver.dir/usb_descriptors.c.obj
                0x0000000010016cc0                desc_device
 *fill*         0x0000000010016cd2        0x2 
 .rodata.ecm_configuration
                0x0000000010016cd4       0x58 CMakeFiles/pico_webserver.dir/usb_descriptors.c.obj
 .rodata.rndis_configuration
                0x0000000010016d2c       0x4b CMakeFiles/pico_webserver.dir/usb_descriptors.c.obj
 *fill*         0x0000000010016d77        0x1 
 .rodata.string_desc_arr
                0x0000000010016d78       0x14 CMakeFiles/pico_webserver.dir/usb_descriptors.c.obj
 .rodata.rndis_class_set_handler.str1.4
                0x0000000010016d8c        0x8 CMakeFiles/pico_webserver.dir/pico-sdk/lib/tinyusb/lib/networking/rndis_reports.c.obj
 .rodata.rndis_class_set_handler
                0x0000000010016d8c       0x90 CMakeFiles/pico_webserver.dir/pico-sdk/lib/tinyusb/lib/networking/rndis_reports.c.obj
 .rodata.OIDSupportedList
                0x0000000010016e1c       0x58 CMakeFiles/pico_webserver.dir/pico-sdk/lib/tinyusb/lib/networking/rndis_reports.c.obj
 .rodata.core1_entry.str1.4
                0x0000000010016e74       0x18 CMakeFiles/pico_webserver.dir/wifi_code.c.obj
 .rodata.spin_lock_claim_unused.str1.4
                0x0000000010016e8c       0x1b CMakeFiles/pico_webserver.dir/pico-sdk/src/rp2_common/hardware_sync/sync.c.obj
 *fill*         0x0000000010016ea7        0x1 
 .rodata.user_irq_claim_unused.str1.4
                0x0000000010016ea8       0x1b CMakeFiles/pico_webserver.dir/pico-sdk/src/rp2_common/hardware_irq/irq.c.obj
 *fill*         0x0000000010016ec3        0x5 
 .rodata.at_the_end_of_time
                0x0000000010016ec8        0x8 CMakeFiles/pico_webserver.dir/pico-sdk/src/common/pico_time/time.c.obj
                0x0000000010016ec8                at_the_end_of_time
 .rodata.hardware_alarm_claim.str1.4
                0x0000000010016ed0       0x22 CMakeFiles/pico_webserver.dir/pico-sdk/src/rp2_common/hardware_timer/timer.c.obj
 *fill*         0x0000000010016ef2        0x2 
 .rodata.hardware_alarm_claim_unused.str1.4
                0x0000000010016ef4       0x14 CMakeFiles/pico_webserver.dir/pico-sdk/src/rp2_common/hardware_timer/timer.c.obj
 .rodata.panic.str1.4
                0x0000000010016f08       0x10 CMakeFiles/pico_webserver.dir/pico-sdk/src/rp2_common/pico_runtime/runtime.c.obj
                                         0x12 (size before relaxing)
 .rodata.hard_assertion_failure.str1.4
                0x0000000010016f18        0xc CMakeFiles/pico_webserver.dir/pico-sdk/src/rp2_common/pico_runtime/runtime.c.obj
 .rodata._ftoa.str1.4
                0x0000000010016f24       0x15 CMakeFiles/pico_webserver.dir/pico-sdk/src/rp2_common/pico_printf/printf.c.obj
 *fill*         0x0000000010016f39        0x3 
 .rodata._vsnprintf
                0x0000000010016f3c      0x1e0 CMakeFiles/pico_webserver.dir/pico-sdk/src/rp2_common/pico_printf/printf.c.obj
 *fill*         0x000000001001711c        0x4 
 .rodata.pow10.0
                0x0000000010017120       0x50 CMakeFiles/pico_webserver.dir/pico-sdk/src/rp2_common/pico_printf/printf.c.obj
 .rodata.missing_double_func_shim.str1.4
                0x0000000010017170       0x18 CMakeFiles/pico_webserver.dir/pico-sdk/src/rp2_common/pico_double/double_init_rom.c.obj
 .rodata.missing_float_func_shim.str1.4
                0x0000000010017188       0x18 CMakeFiles/pico_webserver.dir/pico-sdk/src/rp2_common/pico_float/float_init_rom.c.obj