Archive member included to satisfy reference by file (symbol)

liblwipcore.a(init.c.obj)     CMakeFiles/pico_webserver.dir/tusb_lwip_glue.c.obj (lwip_init)
liblwipcore.a(def.c.obj)      CMakeFiles/pico_webserver.dir/pico-sdk/lib/tinyusb/lib/networking/dnserver.c.obj (lwip_htons)
liblwipcore.a(mem.c.obj)      liblwipcore.a(init.c.obj) (mem_init)
liblwipcore.a(memp.c.obj)     liblwipcore.a(init.c.obj) (memp_init)
liblwipcore.a(netif.c.obj)    liblwipcore.a(init.c.obj) (netif_init)
liblwipcore.a(pbuf.c.obj)     CMakeFiles/pico_webserver.dir/tusb_lwip_glue.c.obj (pbuf_alloc)
liblwipcore.a(stats.c.obj)    liblwipcore.a(init.c.obj) (stats_init)
liblwipcore.a(tcp.c.obj)      liblwipcore.a(init.c.obj) (tcp_init)
liblwipcore.a(tcp_in.c.obj)   liblwipcore.a(tcp.c.obj) (tcp_trigger_input_pcb_close)
liblwipcore.a(tcp_out.c.obj)  liblwipcore.a(tcp.c.obj) (tcp_split_unsent_seg)
liblwipcore.a(timeouts.c.obj)
                              liblwipcore.a(tcp.c.obj) (tcp_timer_needed)
liblwipcore.a(udp.c.obj)      CMakeFiles/pico_webserver.dir/pico-sdk/lib/tinyusb/lib/networking/dhserver.c.obj (udp_init)
liblwipcore.a(etharp.c.obj)   liblwipcore.a(timeouts.c.obj) (etharp_tmr)
liblwipcore.a(ip4_frag.c.obj)
                              liblwipcore.a(timeouts.c.obj) (ip_reass_tmr)
liblwipcore.a(ip4.c.obj)      liblwipcore.a(tcp.c.obj) (ip4_route)
liblwipcore.a(ip4_addr.c.obj)
                              liblwipcore.a(tcp_in.c.obj) (ip4_addr_isbroadcast_u32)
liblwipcore.a(ethernet.c.obj)
                              liblwipcore.a(netif.c.obj) (ethernet_input)
liblwipcore.a(inet_chksum.c.obj)
                              liblwipcore.a(tcp_in.c.obj) (ip_chksum_pseudo)
liblwipcore.a(ip.c.obj)       liblwipcore.a(tcp_in.c.obj) (ip_data)
/usr/lib/gcc/arm-none-eabi/10.3.1/thumb/v6-m/nofp/libgcc.a(_dvmd_tls.o)
                              CMakeFiles/pico_webserver.dir/pico-sdk/src/rp2_common/pico_divider/divider.S.obj (__aeabi_idiv0)
/usr/lib/gcc/arm-none-eabi/10.3.1/../../../arm-none-eabi/lib/thumb/v6-m/nofp/libc.a(lib_a-atexit.o)
                              /usr/lib/gcc/arm-none-eabi/10.3.1/../../../arm-none-eabi/lib/thumb/v6-m/nofp/crt0.o (atexit)
/usr/lib/gcc/arm-none-eabi/10.3.1/../../../arm-none-eabi/lib/thumb/v6-m/nofp/libc.a(lib_a-atoi.o)
                              liblwipcore.a(netif.c.obj) (atoi)
/usr/lib/gcc/arm-none-eabi/10.3.1/../../../arm-none-eabi/lib/thumb/v6-m/nofp/libc.a(lib_a-calloc.o)
                              CMakeFiles/pico_webserver.dir/pico-sdk/src/rp2_common/pico_malloc/pico_malloc.c.obj (calloc)
/usr/lib/gcc/arm-none-eabi/10.3.1/../../../arm-none-eabi/lib/thumb/v6-m/nofp/libc.a(lib_a-callocr.o)
                              /usr/lib/gcc/arm-none-eabi/10.3.1/../../../arm-none-eabi/lib/thumb/v6-m/nofp/libc.a(lib_a-calloc.o) (_calloc_r)
/usr/lib/gcc/arm-none-eabi/10.3.1/../../../arm-none-eabi/lib/thumb/v6-m/nofp/libc.a(lib_a-ctype_.o)
                              liblwipcore.a(ip4_addr.c.obj) (_ctype_)
/usr/lib/gcc/arm-none-eabi/10.3.1/../../../arm-none-eabi/lib/thumb/v6-m/nofp/libc.a(lib_a-fini.o)
                              /usr/lib/gcc/arm-none-eabi/10.3.1/../../../arm-none-eabi/lib/thumb/v6-m/nofp/crt0.o (__libc_fini_array)
/usr/lib/gcc/arm-none-eabi/10.3.1/../../../arm-none-eabi/lib/thumb/v6-m/nofp/libc.a(lib_a-impure.o)
                              /usr/lib/gcc/arm-none-eabi/10.3.1/../../../arm-none-eabi/lib/thumb/v6-m/nofp/libc.a(lib_a-calloc.o) (_impure_ptr)
/usr/lib/gcc/arm-none-eabi/10.3.1/../../../arm-none-eabi/lib/thumb/v6-m/nofp/libc.a(lib_a-init.o)
                              /usr/lib/gcc/arm-none-eabi/10.3.1/../../../arm-none-eabi/lib/thumb/v6-m/nofp/crt0.o (__libc_init_array)
/usr/lib/gcc/arm-none-eabi/10.3.1/../../../arm-none-eabi/lib/thumb/v6-m/nofp/libc.a(lib_a-malloc.o)
                              CMakeFiles/pico_webserver.dir/pico-sdk/src/rp2_common/pico_malloc/pico_malloc.c.obj (malloc)
/usr/lib/gcc/arm-none-eabi/10.3.1/../../../arm-none-eabi/lib/thumb/v6-m/nofp/libc.a(lib_a-mallocr.o)
                              /usr/lib/gcc/arm-none-eabi/10.3.1/../../../arm-none-eabi/lib/thumb/v6-m/nofp/libc.a(lib_a-callocr.o) (_malloc_r)
/usr/lib/gcc/arm-none-eabi/10.3.1/../../../arm-none-eabi/lib/thumb/v6-m/nofp/libc.a(lib_a-memcmp.o)
                              CMakeFiles/pico_webserver.dir/pico-sdk/lib/tinyusb/lib/networking/dhserver.c.obj (memcmp)
/usr/lib/gcc/arm-none-eabi/10.3.1/../../../arm-none-eabi/lib/thumb/v6-m/nofp/libc.a(lib_a-memmove.o)
                              CMakeFiles/pico_webserver.dir/pico-sdk/lib/cyw43-driver/src/cyw43_ll.c.obj (memmove)
/usr/lib/gcc/arm-none-eabi/10.3.1/../../../arm-none-eabi/lib/thumb/v6-m/nofp/libc.a(lib_a-mlock.o)
                              /usr/lib/gcc/arm-none-eabi/10.3.1/../../../arm-none-eabi/lib/thumb/v6-m/nofp/libc.a(lib_a-mallocr.o) (__malloc_lock)
/usr/lib/gcc/arm-none-eabi/10.3.1/../../../arm-none-eabi/lib/thumb/v6-m/nofp/libc.a(lib_a-realloc.o)
[...]
Memory Configuration

Name             Origin             Length             Attributes
FLASH            0x0000000010000000 0x0000000000200000 xr
RAM              0x0000000020000000 0x0000000000040000 xrw
SCRATCH_X        0x0000000020040000 0x0000000000001000 xrw
SCRATCH_Y        0x0000000020041000 0x0000000000001000 xrw
*default*        0x0000000000000000 0xffffffffffffffff

Linker script and memory map

LOAD /usr/lib/gcc/arm-none-eabi/10.3.1/thumb/v6-m/nofp/crti.o
LOAD /usr/lib/gcc/arm-none-eabi/10.3.1/thumb/v6-m/nofp/crtbegin.o
LOAD /usr/lib/gcc/arm-none-eabi/10.3.1/../../../arm-none-eabi/lib/thumb/v6-m/nofp/crt0.o

.flash_begin    0x0000000010000000        0x0
                0x0000000010000000                __flash_binary_start = .

.boot2          0x0000000010000000      0x100
                0x0000000010000000                __boot2_start__ = .
 *(.boot2)
 .boot2         0x0000000010000000      0x100 /tmp/ccupa4yY.o
                0x0000000010000100                __boot2_end__ = .
                0x0000000000000001                ASSERT (((__boot2_end__ - __boot2_start__) == 0x100), ERROR: Pico second stage bootloader must be 256 bytes in size)

.text           0x0000000010000100    0x175e8
                0x0000000010000100                __logical_binary_start = .
 *(.vectors)
 .vectors       0x0000000010000100       0xd4 CMakeFiles/pico_webserver.dir/pico-sdk/src/rp2_common/pico_standard_link/crt0.S.obj
                0x0000000010000100                __vectors
                0x0000000010000100                __VECTOR_TABLE
                0x00000000100001c0                isr_invalid
                0x00000000100001c0                __default_isrs_start
                0x00000000100001c2                isr_nmi
                0x00000000100001c4                isr_hardfault
                0x00000000100001c6                isr_svcall
                0x00000000100001c8                isr_pendsv
                0x00000000100001ca                isr_systick
                0x00000000100001cc                isr_irq30
                0x00000000100001cc                __unhandled_user_irq
                0x00000000100001cc                isr_irq13
                0x00000000100001cc                isr_irq27
                0x00000000100001cc                isr_irq31
                0x00000000100001cc                isr_irq5
                0x00000000100001cc                isr_irq11
                0x00000000100001cc                isr_irq23
                0x00000000100001cc                isr_irq18
                0x00000000100001cc                isr_irq28
                0x00000000100001cc                isr_irq19
                0x00000000100001cc                isr_irq0
                0x00000000100001cc                isr_irq6
                0x00000000100001cc                isr_irq22
                0x00000000100001cc                isr_irq17
                0x00000000100001cc                isr_irq14
                0x00000000100001cc                isr_irq2
                0x00000000100001cc                isr_irq10
                0x00000000100001cc                isr_irq8
                0x00000000100001cc                isr_irq24
                0x00000000100001cc                isr_irq1
                0x00000000100001cc                isr_irq7
                0x00000000100001cc                isr_irq21
                0x00000000100001cc                isr_irq20
                0x00000000100001cc                isr_irq15
                0x00000000100001cc                isr_irq25
                0x00000000100001cc                isr_irq4
                0x00000000100001cc                isr_irq16
                0x00000000100001cc                isr_irq29
                0x00000000100001cc                isr_irq26
                0x00000000100001cc                __default_isrs_end
                0x00000000100001cc                isr_irq3
                0x00000000100001cc                isr_irq12
                0x00000000100001cc                isr_irq9
                0x00000000100001d2                unhandled_user_irq_num_in_r0
 *(.binary_info_header)
 .binary_info_header
                0x00000000100001d4       0x14 CMakeFiles/pico_webserver.dir/pico-sdk/src/rp2_common/pico_standard_link/crt0.S.obj
                0x00000000100001e8                __binary_info_header_end = .
 *(.reset)
 .reset         0x00000000100001e8       0xa0 CMakeFiles/pico_webserver.dir/pico-sdk/src/rp2_common/pico_standard_link/crt0.S.obj
                0x00000000100001e8                _entry_point
 .reset         0x0000000010000288       0x30 CMakeFiles/pico_webserver.dir/pico-sdk/src/rp2_common/pico_standard_link/binary_info.c.obj
 *(.init)
 .init          0x00000000100002b8        0x4 /usr/lib/gcc/arm-none-eabi/10.3.1/thumb/v6-m/nofp/crti.o
                0x00000000100002b8                _init
 *(EXCLUDE_FILE(*libm.a: *libc.a:*lib_a-mem*.o *libgcc.a:) .text*)
 .text          0x00000000100002bc       0x98 /usr/lib/gcc/arm-none-eabi/10.3.1/thumb/v6-m/nofp/crtbegin.o
 .text.cdc_task
                0x0000000010000354       0x6c CMakeFiles/pico_webserver.dir/webserver.c.obj
                0x0000000010000354                cdc_task
 .text.startup.main
                0x00000000100003c0       0x94 CMakeFiles/pico_webserver.dir/webserver.c.obj
                0x00000000100003c0                main
 .text.tud_cdc_line_state_cb
                0x0000000010000454       0x1c CMakeFiles/pico_webserver.dir/webserver.c.obj
                0x0000000010000454                tud_cdc_line_state_cb
 .text.tud_cdc_rx_cb
                0x0000000010000470        0x4 CMakeFiles/pico_webserver.dir/webserver.c.obj
                0x0000000010000470                tud_cdc_rx_cb
 .text.netif_init_cb
                0x0000000010000474       0x30 CMakeFiles/pico_webserver.dir/tusb_lwip_glue.c.obj
 .text.output_fn
                0x00000000100004a4        0x8 CMakeFiles/pico_webserver.dir/tusb_lwip_glue.c.obj
 .text.linkoutput_fn
                0x00000000100004ac       0x3c CMakeFiles/pico_webserver.dir/tusb_lwip_glue.c.obj
 .text.init_lwip
                0x00000000100004e8       0x8c CMakeFiles/pico_webserver.dir/tusb_lwip_glue.c.obj
                0x00000000100004e8                init_lwip
 .text.tud_network_init_cb
                0x0000000010000574       0x18 CMakeFiles/pico_webserver.dir/tusb_lwip_glue.c.obj
                0x0000000010000574                tud_network_init_cb
 .text.tud_network_recv_cb
                0x000000001000058c       0x3c CMakeFiles/pico_webserver.dir/tusb_lwip_glue.c.obj
                0x000000001000058c                tud_network_recv_cb
 .text.tud_network_xmit_cb
                0x00000000100005c8       0x14 CMakeFiles/pico_webserver.dir/tusb_lwip_glue.c.obj
                0x00000000100005c8                tud_network_xmit_cb
 .text.service_traffic
                0x00000000100005dc       0x3c CMakeFiles/pico_webserver.dir/tusb_lwip_glue.c.obj
                0x00000000100005dc                service_traffic
 .text.wait_for_netif_is_up
                0x0000000010000618       0x14 CMakeFiles/pico_webserver.dir/tusb_lwip_glue.c.obj
                0x0000000010000618                wait_for_netif_is_up
 .text.sys_arch_protect
                0x000000001000062c        0x4 CMakeFiles/pico_webserver.dir/tusb_lwip_glue.c.obj
                0x000000001000062c                sys_arch_protect
 .text.sys_arch_unprotect
                0x0000000010000630        0x4 CMakeFiles/pico_webserver.dir/tusb_lwip_glue.c.obj
                0x0000000010000630                sys_arch_unprotect
 .text.sys_now  0x0000000010000634       0x20 CMakeFiles/pico_webserver.dir/tusb_lwip_glue.c.obj
                0x0000000010000634                sys_now
 .text.tud_descriptor_device_cb
                0x0000000010000654        0x8 CMakeFiles/pico_webserver.dir/usb_descriptors.c.obj
                0x0000000010000654                tud_descriptor_device_cb
 .text.tud_descriptor_configuration_cb
                0x000000001000065c        0x8 CMakeFiles/pico_webserver.dir/usb_descriptors.c.obj
                0x000000001000065c                tud_descriptor_configuration_cb
 .text.tud_descriptor_string_cb
                0x0000000010000664       0xdc CMakeFiles/pico_webserver.dir/usb_descriptors.c.obj
                0x0000000010000664                tud_descriptor_string_cb
 .text.rndis_class_set_handler
                0x0000000010000740      0x2d4 CMakeFiles/pico_webserver.dir/pico-sdk/lib/tinyusb/lib/networking/rndis_reports.c.obj
                0x0000000010000740                rndis_class_set_handler
 .text.cyw43_cb_tcpip_set_link_up
                0x0000000010000a14       0x20 CMakeFiles/pico_webserver.dir/wifi_code.c.obj
                0x0000000010000a14                cyw43_cb_tcpip_set_link_up
 .text.cyw43_cb_tcpip_set_link_down
                0x0000000010000a34       0x20 CMakeFiles/pico_webserver.dir/wifi_code.c.obj
                0x0000000010000a34                cyw43_cb_tcpip_set_link_down
 .text.cyw43_cb_process_ethernet
                0x0000000010000a54       0x68 CMakeFiles/pico_webserver.dir/wifi_code.c.obj
                0x0000000010000a54                cyw43_cb_process_ethernet
 .text.core1_entry
                0x0000000010000abc       0xa4 CMakeFiles/pico_webserver.dir/wifi_code.c.obj
                0x0000000010000abc                core1_entry
 .text.set_sys_clock_pll
                0x0000000010000b60       0x78 CMakeFiles/pico_webserver.dir/pico-sdk/src/rp2_common/pico_stdlib/stdlib.c.obj
                0x0000000010000b60                set_sys_clock_pll
 .text.check_sys_clock_khz
                0x0000000010000bd8      0x17c CMakeFiles/pico_webserver.dir/pico-sdk/src/rp2_common/pico_stdlib/stdlib.c.obj
                0x0000000010000bd8                check_sys_clock_khz
 .text.gpio_set_function
                0x0000000010000d54       0x30 CMakeFiles/pico_webserver.dir/pico-sdk/src/rp2_common/hardware_gpio/gpio.c.obj
                0x0000000010000d54                gpio_set_function
 .text.gpio_set_pulls
                0x0000000010000d84       0x30 CMakeFiles/pico_webserver.dir/pico-sdk/src/rp2_common/hardware_gpio/gpio.c.obj
                0x0000000010000d84                gpio_set_pulls
 .text.gpio_set_input_hysteresis_enabled
                0x0000000010000db4       0x28 CMakeFiles/pico_webserver.dir/pico-sdk/src/rp2_common/hardware_gpio/gpio.c.obj
                0x0000000010000db4                gpio_set_input_hysteresis_enabled
 .text.gpio_set_irq_enabled
                0x0000000010000ddc       0x54 CMakeFiles/pico_webserver.dir/pico-sdk/src/rp2_common/hardware_gpio/gpio.c.obj
                0x0000000010000ddc                gpio_set_irq_enabled
 .text.gpio_add_raw_irq_handler_with_order_priority_masked
                0x0000000010000e30       0x44 CMakeFiles/pico_webserver.dir/pico-sdk/src/rp2_common/hardware_gpio/gpio.c.obj
                0x0000000010000e30                gpio_add_raw_irq_handler_with_order_priority_masked
 .text.gpio_remove_raw_irq_handler_masked
                0x0000000010000e74       0x20 CMakeFiles/pico_webserver.dir/pico-sdk/src/rp2_common/hardware_gpio/gpio.c.obj
                0x0000000010000e74                gpio_remove_raw_irq_handler_masked
 .text.gpio_init
                0x0000000010000e94       0x3c CMakeFiles/pico_webserver.dir/pico-sdk/src/rp2_common/hardware_gpio/gpio.c.obj
                0x0000000010000e94                gpio_init
 .text.running_on_fpga
                0x0000000010000ed0       0x10 CMakeFiles/pico_webserver.dir/pico-sdk/src/rp2_common/pico_platform/platform.c.obj
                0x0000000010000ed0                running_on_fpga
 .text.hw_claim_lock
                0x0000000010000ee0       0x18 CMakeFiles/pico_webserver.dir/pico-sdk/src/rp2_common/hardware_claim/claim.c.obj
                0x0000000010000ee0                hw_claim_lock
 .text.hw_claim_unlock
                0x0000000010000ef8       0x14 CMakeFiles/pico_webserver.dir/pico-sdk/src/rp2_common/hardware_claim/claim.c.obj
                0x0000000010000ef8                hw_claim_unlock
 .text.hw_claim_or_assert
                0x0000000010000f0c       0x44 CMakeFiles/pico_webserver.dir/pico-sdk/src/rp2_common/hardware_claim/claim.c.obj
                0x0000000010000f0c                hw_claim_or_assert
 .text.hw_claim_unused_from_range
                0x0000000010000f50       0x9c CMakeFiles/pico_webserver.dir/pico-sdk/src/rp2_common/hardware_claim/claim.c.obj
                0x0000000010000f50                hw_claim_unused_from_range
 .text.hw_claim_clear
                0x0000000010000fec       0x38 CMakeFiles/pico_webserver.dir/pico-sdk/src/rp2_common/hardware_claim/claim.c.obj
                0x0000000010000fec                hw_claim_clear
 .text.spin_locks_reset
                0x0000000010001024       0x1c CMakeFiles/pico_webserver.dir/pico-sdk/src/rp2_common/hardware_sync/sync.c.obj
                0x0000000010001024                spin_locks_reset
 .text.next_striped_spin_lock_num
                0x0000000010001040       0x18 CMakeFiles/pico_webserver.dir/pico-sdk/src/rp2_common/hardware_sync/sync.c.obj
                0x0000000010001040                next_striped_spin_lock_num
 .text.spin_lock_claim_unused
                0x0000000010001058       0x20 CMakeFiles/pico_webserver.dir/pico-sdk/src/rp2_common/hardware_sync/sync.c.obj
                0x0000000010001058                spin_lock_claim_unused
 .text.irq_set_enabled
                0x0000000010001078       0x24 CMakeFiles/pico_webserver.dir/pico-sdk/src/rp2_common/hardware_irq/irq.c.obj
                0x0000000010001078                irq_set_enabled
 .text.irq_is_enabled
                0x000000001000109c       0x18 CMakeFiles/pico_webserver.dir/pico-sdk/src/rp2_common/hardware_irq/irq.c.obj
                0x000000001000109c                irq_is_enabled
 .text.irq_set_pending
                0x00000000100010b4       0x10 CMakeFiles/pico_webserver.dir/pico-sdk/src/rp2_common/hardware_irq/irq.c.obj
                0x00000000100010b4                irq_set_pending
 .text.irq_get_vtable_handler
                0x00000000100010c4       0x10 CMakeFiles/pico_webserver.dir/pico-sdk/src/rp2_common/hardware_irq/irq.c.obj
                0x00000000100010c4                irq_get_vtable_handler
 .text.irq_set_exclusive_handler
                0x00000000100010d4       0x54 CMakeFiles/pico_webserver.dir/pico-sdk/src/rp2_common/hardware_irq/irq.c.obj
                0x00000000100010d4                irq_set_exclusive_handler
 .text.irq_add_shared_handler
                0x0000000010001128      0x1e8 CMakeFiles/pico_webserver.dir/pico-sdk/src/rp2_common/hardware_irq/irq.c.obj
                0x0000000010001128                irq_add_shared_handler
 .text.irq_remove_handler
                0x0000000010001310      0x1b0 CMakeFiles/pico_webserver.dir/pico-sdk/src/rp2_common/hardware_irq/irq.c.obj
                0x0000000010001310                irq_remove_handler
 .text.irq_set_priority
                0x00000000100014c0       0x28 CMakeFiles/pico_webserver.dir/pico-sdk/src/rp2_common/hardware_irq/irq.c.obj
                0x00000000100014c0                irq_set_priority
 .text.irq_add_tail_to_free_list
                0x00000000100014e8       0xb4 CMakeFiles/pico_webserver.dir/pico-sdk/src/rp2_common/hardware_irq/irq.c.obj
                0x00000000100014e8                irq_add_tail_to_free_list
 .text.irq_init_priorities
                0x000000001000159c       0x24 CMakeFiles/pico_webserver.dir/pico-sdk/src/rp2_common/hardware_irq/irq.c.obj
                0x000000001000159c                irq_init_priorities
 .text.user_irq_unclaim
                0x00000000100015c0       0x14 CMakeFiles/pico_webserver.dir/pico-sdk/src/rp2_common/hardware_irq/irq.c.obj
                0x00000000100015c0                user_irq_unclaim
 .text.user_irq_claim_unused
                0x00000000100015d4       0x28 CMakeFiles/pico_webserver.dir/pico-sdk/src/rp2_common/hardware_irq/irq.c.obj
                0x00000000100015d4                user_irq_claim_unused
 .text.sem_init
                0x00000000100015fc       0x20 CMakeFiles/pico_webserver.dir/pico-sdk/src/common/pico_sync/sem.c.obj
                0x00000000100015fc                sem_init
 .text.lock_init
                0x000000001000161c       0x10 CMakeFiles/pico_webserver.dir/pico-sdk/src/common/pico_sync/lock_core.c.obj
                0x000000001000161c                lock_init
 .text.mutex_init
                0x000000001000162c       0x1c CMakeFiles/pico_webserver.dir/pico-sdk/src/common/pico_sync/mutex.c.obj
                0x000000001000162c                mutex_init
 .text.recursive_mutex_init
                0x0000000010001648       0x1c CMakeFiles/pico_webserver.dir/pico-sdk/src/common/pico_sync/mutex.c.obj
                0x0000000010001648                recursive_mutex_init
 .text.critical_section_init
                0x0000000010001664       0x20 CMakeFiles/pico_webserver.dir/pico-sdk/src/common/pico_sync/critical_section.c.obj
                0x0000000010001664                critical_section_init
 .text.timer_pool_entry_comparator
                0x0000000010001684       0x34 CMakeFiles/pico_webserver.dir/pico-sdk/src/common/pico_time/time.c.obj
                0x0000000010001684                timer_pool_entry_comparator
 .text.sleep_until_callback
                0x00000000100016b8       0x30 CMakeFiles/pico_webserver.dir/pico-sdk/src/common/pico_time/time.c.obj
 .text.add_alarm_under_lock.isra.0
                0x00000000100016e8      0x100 CMakeFiles/pico_webserver.dir/pico-sdk/src/common/pico_time/time.c.obj
 .text.alarm_pool_alarm_callback
                0x00000000100017e8      0x1bc CMakeFiles/pico_webserver.dir/pico-sdk/src/common/pico_time/time.c.obj
 .text.alarm_pool_init_default
                0x00000000100019a4       0x6c CMakeFiles/pico_webserver.dir/pico-sdk/src/common/pico_time/time.c.obj
                0x00000000100019a4                alarm_pool_init_default
 .text.alarm_pool_get_default
                0x0000000010001a10        0x8 CMakeFiles/pico_webserver.dir/pico-sdk/src/common/pico_time/time.c.obj
                0x0000000010001a10                alarm_pool_get_default
 .text.alarm_pool_create_with_unused_hardware_alarm
                0x0000000010001a18       0x74 CMakeFiles/pico_webserver.dir/pico-sdk/src/common/pico_time/time.c.obj
                0x0000000010001a18                alarm_pool_create_with_unused_hardware_alarm
 .text.alarm_pool_destroy
                0x0000000010001a8c       0x44 CMakeFiles/pico_webserver.dir/pico-sdk/src/common/pico_time/time.c.obj
                0x0000000010001a8c                alarm_pool_destroy
 .text.alarm_pool_add_alarm_at
                0x0000000010001ad0      0x178 CMakeFiles/pico_webserver.dir/pico-sdk/src/common/pico_time/time.c.obj
                0x0000000010001ad0                alarm_pool_add_alarm_at
 .text.alarm_pool_add_alarm_at_force_in_context
                0x0000000010001c48      0x124 CMakeFiles/pico_webserver.dir/pico-sdk/src/common/pico_time/time.c.obj
                0x0000000010001c48                alarm_pool_add_alarm_at_force_in_context
 .text.alarm_pool_cancel_alarm
                0x0000000010001d6c       0x78 CMakeFiles/pico_webserver.dir/pico-sdk/src/common/pico_time/time.c.obj
                0x0000000010001d6c                alarm_pool_cancel_alarm
 .text.alarm_pool_core_num
                0x0000000010001de4        0x4 CMakeFiles/pico_webserver.dir/pico-sdk/src/common/pico_time/time.c.obj
                0x0000000010001de4                alarm_pool_core_num
 .text.sleep_until
                0x0000000010001de8       0xc4 CMakeFiles/pico_webserver.dir/pico-sdk/src/common/pico_time/time.c.obj
                0x0000000010001de8                sleep_until
 .text.sleep_ms
                0x0000000010001eac       0x34 CMakeFiles/pico_webserver.dir/pico-sdk/src/common/pico_time/time.c.obj
                0x0000000010001eac                sleep_ms
 .text.best_effort_wfe_or_timeout
                0x0000000010001ee0       0xd4 CMakeFiles/pico_webserver.dir/pico-sdk/src/common/pico_time/time.c.obj
                0x0000000010001ee0                best_effort_wfe_or_timeout
 .text.hardware_alarm_irq_handler
                0x0000000010001fb4       0xbc CMakeFiles/pico_webserver.dir/pico-sdk/src/rp2_common/hardware_timer/timer.c.obj
 .text.hardware_alarm_claim
                0x0000000010002070       0x18 CMakeFiles/pico_webserver.dir/pico-sdk/src/rp2_common/hardware_timer/timer.c.obj
                0x0000000010002070                hardware_alarm_claim
 .text.hardware_alarm_unclaim
                0x0000000010002088       0x10 CMakeFiles/pico_webserver.dir/pico-sdk/src/rp2_common/hardware_timer/timer.c.obj
                0x0000000010002088                hardware_alarm_unclaim
 .text.hardware_alarm_claim_unused
                0x0000000010002098       0x20 CMakeFiles/pico_webserver.dir/pico-sdk/src/rp2_common/hardware_timer/timer.c.obj
                0x0000000010002098                hardware_alarm_claim_unused
 .text.time_us_64
                0x00000000100020b8       0x14 CMakeFiles/pico_webserver.dir/pico-sdk/src/rp2_common/hardware_timer/timer.c.obj
                0x00000000100020b8                time_us_64
 .text.busy_wait_until
                0x00000000100020cc       0x20 CMakeFiles/pico_webserver.dir/pico-sdk/src/rp2_common/hardware_timer/timer.c.obj
                0x00000000100020cc                busy_wait_until
 .text.hardware_alarm_set_callback
                0x00000000100020ec       0x8c CMakeFiles/pico_webserver.dir/pico-sdk/src/rp2_common/hardware_timer/timer.c.obj
                0x00000000100020ec                hardware_alarm_set_callback
 .text.hardware_alarm_set_target
                0x0000000010002178       0xd4 CMakeFiles/pico_webserver.dir/pico-sdk/src/rp2_common/hardware_timer/timer.c.obj
                0x0000000010002178                hardware_alarm_set_target
 .text.hardware_alarm_cancel
                0x000000001000224c       0x3c CMakeFiles/pico_webserver.dir/pico-sdk/src/rp2_common/hardware_timer/timer.c.obj
                0x000000001000224c                hardware_alarm_cancel
 .text.hardware_alarm_force_irq
                0x0000000010002288       0x3c CMakeFiles/pico_webserver.dir/pico-sdk/src/rp2_common/hardware_timer/timer.c.obj
                0x0000000010002288                hardware_alarm_force_irq
 .text.ph_merge_nodes
                0x00000000100022c4       0x68 CMakeFiles/pico_webserver.dir/pico-sdk/src/common/pico_util/pheap.c.obj
 .text.ph_create
                0x000000001000232c       0x60 CMakeFiles/pico_webserver.dir/pico-sdk/src/common/pico_util/pheap.c.obj
                0x000000001000232c                ph_create
 .text.ph_post_alloc_init
                0x000000001000238c       0x3c CMakeFiles/pico_webserver.dir/pico-sdk/src/common/pico_util/pheap.c.obj
                0x000000001000238c                ph_post_alloc_init
 .text.ph_destroy
                0x00000000100023c8       0x14 CMakeFiles/pico_webserver.dir/pico-sdk/src/common/pico_util/pheap.c.obj
                0x00000000100023c8                ph_destroy
 .text.ph_merge_two_pass
                0x00000000100023dc       0x90 CMakeFiles/pico_webserver.dir/pico-sdk/src/common/pico_util/pheap.c.obj
                0x00000000100023dc                ph_merge_two_pass
 .text.ph_remove_any_head
                0x000000001000246c      0x100 CMakeFiles/pico_webserver.dir/pico-sdk/src/common/pico_util/pheap.c.obj
 .text.ph_remove_head
                0x000000001000256c      0x104 CMakeFiles/pico_webserver.dir/pico-sdk/src/common/pico_util/pheap.c.obj
                0x000000001000256c                ph_remove_head
 .text.ph_remove_and_free_node
                0x0000000010002670       0x7c CMakeFiles/pico_webserver.dir/pico-sdk/src/common/pico_util/pheap.c.obj
                0x0000000010002670                ph_remove_and_free_node
 .text.clock_configure
                0x00000000100026ec      0x118 CMakeFiles/pico_webserver.dir/pico-sdk/src/rp2_common/hardware_clocks/clocks.c.obj
                0x00000000100026ec                clock_configure
 .text.clocks_init
                0x0000000010002804      0x2d0 CMakeFiles/pico_webserver.dir/pico-sdk/src/rp2_common/hardware_clocks/clocks.c.obj
                0x0000000010002804                clocks_init
 .text.clock_get_hz
                0x0000000010002ad4        0xc CMakeFiles/pico_webserver.dir/pico-sdk/src/rp2_common/hardware_clocks/clocks.c.obj
                0x0000000010002ad4                clock_get_hz
 .text.pll_init
                0x0000000010002ae0       0xa0 CMakeFiles/pico_webserver.dir/pico-sdk/src/rp2_common/hardware_pll/pll.c.obj
                0x0000000010002ae0                pll_init
 .text.watchdog_start_tick
                0x0000000010002b80       0x10 CMakeFiles/pico_webserver.dir/pico-sdk/src/rp2_common/hardware_watchdog/watchdog.c.obj
                0x0000000010002b80                watchdog_start_tick
 .text.watchdog_update
                0x0000000010002b90       0x14 CMakeFiles/pico_webserver.dir/pico-sdk/src/rp2_common/hardware_watchdog/watchdog.c.obj
                0x0000000010002b90                watchdog_update
 .text.watchdog_enable
                0x0000000010002ba4       0x84 CMakeFiles/pico_webserver.dir/pico-sdk/src/rp2_common/hardware_watchdog/watchdog.c.obj
                0x0000000010002ba4                watchdog_enable
 .text.xosc_init
                0x0000000010002c28       0x28 CMakeFiles/pico_webserver.dir/pico-sdk/src/rp2_common/hardware_xosc/xosc.c.obj
                0x0000000010002c28                xosc_init
 .text.runtime_init
                0x0000000010002c50       0xf0 CMakeFiles/pico_webserver.dir/pico-sdk/src/rp2_common/pico_runtime/runtime.c.obj
                0x0000000010002c50                runtime_init
 .text._exit    0x0000000010002d40        0x4 CMakeFiles/pico_webserver.dir/pico-sdk/src/rp2_common/pico_runtime/runtime.c.obj
                0x0000000010002d40                _exit
 .text._sbrk    0x0000000010002d44       0x34 CMakeFiles/pico_webserver.dir/pico-sdk/src/rp2_common/pico_runtime/runtime.c.obj
                0x0000000010002d44                _sbrk
 .text.exit     0x0000000010002d78        0x8 CMakeFiles/pico_webserver.dir/pico-sdk/src/rp2_common/pico_runtime/runtime.c.obj
                0x0000000010002d78                exit
 .text.panic    0x0000000010002d80       0x30 CMakeFiles/pico_webserver.dir/pico-sdk/src/rp2_common/pico_runtime/runtime.c.obj
                0x0000000010002d80                panic
 .text.hard_assertion_failure
                0x0000000010002db0        0xc CMakeFiles/pico_webserver.dir/pico-sdk/src/rp2_common/pico_runtime/runtime.c.obj
                0x0000000010002db0                hard_assertion_failure
 .text._out_null
                0x0000000010002dbc        0x4 CMakeFiles/pico_webserver.dir/pico-sdk/src/rp2_common/pico_printf/printf.c.obj
 .text._out_rev
                0x0000000010002dc0       0x9c CMakeFiles/pico_webserver.dir/pico-sdk/src/rp2_common/pico_printf/printf.c.obj
 .text._ntoa_format
                0x0000000010002e5c      0x1cc CMakeFiles/pico_webserver.dir/pico-sdk/src/rp2_common/pico_printf/printf.c.obj
 .text._out_char
                0x0000000010003028       0x10 CMakeFiles/pico_webserver.dir/pico-sdk/src/rp2_common/pico_printf/printf.c.obj
 .text._out_fct
                0x0000000010003038       0x10 CMakeFiles/pico_webserver.dir/pico-sdk/src/rp2_common/pico_printf/printf.c.obj
 .text._etoa    0x0000000010003048      0x44c CMakeFiles/pico_webserver.dir/pico-sdk/src/rp2_common/pico_printf/printf.c.obj
 .text._ftoa    0x0000000010003494      0x398 CMakeFiles/pico_webserver.dir/pico-sdk/src/rp2_common/pico_printf/printf.c.obj
 .text._vsnprintf
                0x000000001000382c      0xb04 CMakeFiles/pico_webserver.dir/pico-sdk/src/rp2_common/pico_printf/printf.c.obj
 .text.vfctprintf
                0x0000000010004330       0x20 CMakeFiles/pico_webserver.dir/pico-sdk/src/rp2_common/pico_printf/printf.c.obj
                0x0000000010004330                vfctprintf
 .text.weak_raw_vprintf
                0x0000000010004350       0x30 CMakeFiles/pico_webserver.dir/pico-sdk/src/rp2_common/pico_printf/printf.c.obj
                0x0000000010004350                weak_raw_vprintf
 .text          0x0000000010004380       0x10 CMakeFiles/pico_webserver.dir/pico-sdk/src/rp2_common/pico_bit_ops/bit_ops_aeabi.S.obj
 .text.ctzsi    0x0000000010004390        0xc CMakeFiles/pico_webserver.dir/pico-sdk/src/rp2_common/pico_bit_ops/bit_ops_aeabi.S.obj
                0x0000000010004390                __wrap___ctzsi2
 .text.rom_func_lookup
                0x000000001000439c       0x10 CMakeFiles/pico_webserver.dir/pico-sdk/src/rp2_common/pico_bootrom/bootrom.c.obj
                0x000000001000439c                rom_func_lookup
 .text.rom_data_lookup
                0x00000000100043ac       0x10 CMakeFiles/pico_webserver.dir/pico-sdk/src/rp2_common/pico_bootrom/bootrom.c.obj
                0x00000000100043ac                rom_data_lookup
 .text.rom_funcs_lookup
                0x00000000100043bc       0x44 CMakeFiles/pico_webserver.dir/pico-sdk/src/rp2_common/pico_bootrom/bootrom.c.obj
                0x00000000100043bc                rom_funcs_lookup
 .text.__wrap___aeabi_idiv
                0x0000000010004400       0x50 CMakeFiles/pico_webserver.dir/pico-sdk/src/rp2_common/pico_divider/divider.S.obj
                0x0000000010004400                __wrap___aeabi_idivmod
                0x0000000010004400                divmod_s32s32
                0x0000000010004400                div_s32s32
                0x0000000010004400                __wrap___aeabi_idiv
                0x0000000010004408                divmod_s32s32_unsafe
                0x0000000010004434                divmod_s32s32_savestate
 .text.__wrap___aeabi_uidiv
                0x0000000010004450       0x4c CMakeFiles/pico_webserver.dir/pico-sdk/src/rp2_common/pico_divider/divider.S.obj
                0x0000000010004450                __wrap___aeabi_uidiv
                0x0000000010004450                __wrap___aeabi_uidivmod
                0x0000000010004450                div_u32u32
                0x0000000010004450                divmod_u32u32
                0x0000000010004458                divmod_u32u32_unsafe
                0x0000000010004480                divmod_u32u32_savestate
 .text.__wrap___aeabi_ldiv
                0x000000001000449c      0x424 CMakeFiles/pico_webserver.dir/pico-sdk/src/rp2_common/pico_divider/divider.S.obj
                0x000000001000449c                div_s64s64
                0x000000001000449c                divmod_s64s64
                0x000000001000449c                __wrap___aeabi_ldivmod
                0x00000000100044cc                div_u64u64
                0x00000000100044cc                divmod_u64u64
                0x00000000100044cc                __wrap___aeabi_uldivmod
                0x00000000100044dc                divmod_u64u64_savestate
                0x00000000100044fc                divmod_s64s64_unsafe
                0x0000000010004584                divmod_u64u64_unsafe
 .text.__wrap___aeabi_darithmetic
                0x00000000100048c0       0x60 CMakeFiles/pico_webserver.dir/pico-sdk/src/rp2_common/pico_double/double_aeabi.S.obj
                0x00000000100048c0                __wrap___aeabi_drsub
                0x00000000100048c6                __wrap___aeabi_dsub
                0x00000000100048d0                __wrap___aeabi_dadd
                0x00000000100048da                __wrap___aeabi_ddiv
                0x000000001000490e                __wrap___aeabi_dmul
 .text.__wrap___aeabi_cdcmple
                0x0000000010004920       0x6c CMakeFiles/pico_webserver.dir/pico-sdk/src/rp2_common/pico_double/double_aeabi.S.obj
                0x0000000010004920                __wrap___aeabi_cdrcmple
                0x0000000010004930                __wrap___aeabi_cdcmple
                0x0000000010004930                __wrap___aeabi_cdcmpeq
 .text.__wrap___aeabi_dcmplt
                0x000000001000498c        0xc CMakeFiles/pico_webserver.dir/pico-sdk/src/rp2_common/pico_double/double_aeabi.S.obj
                0x000000001000498c                __wrap___aeabi_dcmplt
 .text.__wrap___aeabi_dcmple
                0x0000000010004998       0x10 CMakeFiles/pico_webserver.dir/pico-sdk/src/rp2_common/pico_double/double_aeabi.S.obj
                0x0000000010004998                __wrap___aeabi_dcmple
 .text.__wrap___aeabi_dcmpge
                0x00000000100049a8       0x10 CMakeFiles/pico_webserver.dir/pico-sdk/src/rp2_common/pico_double/double_aeabi.S.obj
                0x00000000100049a8                __wrap___aeabi_dcmpge
 .text.__wrap___aeabi_dcmpgt
                0x00000000100049b8        0xa CMakeFiles/pico_webserver.dir/pico-sdk/src/rp2_common/pico_double/double_aeabi.S.obj
                0x00000000100049b8                __wrap___aeabi_dcmpgt
 .text.__wrap___aeabi_dcmpun
                0x00000000100049c2       0x1c CMakeFiles/pico_webserver.dir/pico-sdk/src/rp2_common/pico_double/double_aeabi.S.obj
                0x00000000100049c2                __wrap___aeabi_dcmpun
 *fill*         0x00000000100049de        0x2 
 .text.__wrap___aeabi_i2d
                0x00000000100049e0       0x38 CMakeFiles/pico_webserver.dir/pico-sdk/src/rp2_common/pico_double/double_aeabi.S.obj
                0x00000000100049e0                __wrap___aeabi_ui2d
                0x00000000100049e8                __wrap___aeabi_i2d
 .text.__wrap___aeabi_d2iz
                0x0000000010004a18       0x48 CMakeFiles/pico_webserver.dir/pico-sdk/src/rp2_common/pico_double/double_aeabi.S.obj
                0x0000000010004a18                __wrap___aeabi_d2iz
                0x0000000010004a18                double2int_z
 .text.__wrap___aeabi_d2uiz
                0x0000000010004a60       0x10 CMakeFiles/pico_webserver.dir/pico-sdk/src/rp2_common/pico_double/double_aeabi.S.obj
                0x0000000010004a60                double2uint
                0x0000000010004a60                __wrap___aeabi_d2uiz
 .text.missing_double_func_shim
                0x0000000010004a70        0xc CMakeFiles/pico_webserver.dir/pico-sdk/src/rp2_common/pico_double/double_init_rom.c.obj
 .text.__aeabi_double_init
                0x0000000010004a7c       0x98 CMakeFiles/pico_webserver.dir/pico-sdk/src/rp2_common/pico_double/double_init_rom.c.obj
                0x0000000010004a7c                __aeabi_double_init
 .text.double_table_shim_on_use_helper
                0x0000000010004b14       0x2c CMakeFiles/pico_webserver.dir/pico-sdk/src/rp2_common/pico_double/double_v1_rom_shim.S.obj
                0x0000000010004b14                double_table_shim_on_use_helper
 .text.__aeabi_lmul
                0x0000000010004b40       0x32 CMakeFiles/pico_webserver.dir/pico-sdk/src/rp2_common/pico_int64_ops/pico_int64_ops_aeabi.S.obj
                0x0000000010004b40                __wrap___aeabi_lmul
 *fill*         0x0000000010004b72        0x2 
 .text.missing_float_func_shim
                0x0000000010004b74        0xc CMakeFiles/pico_webserver.dir/pico-sdk/src/rp2_common/pico_float/float_init_rom.c.obj
 .text.__aeabi_float_init
                0x0000000010004b80       0x5c CMakeFiles/pico_webserver.dir/pico-sdk/src/rp2_common/pico_float/float_init_rom.c.obj
                0x0000000010004b80                __aeabi_float_init
 .text.__wrap_malloc
                0x0000000010004bdc       0x3c CMakeFiles/pico_webserver.dir/pico-sdk/src/rp2_common/pico_malloc/pico_malloc.c.obj
                0x0000000010004bdc                __wrap_malloc
 .text.__wrap_calloc
                0x0000000010004c18       0x40 CMakeFiles/pico_webserver.dir/pico-sdk/src/rp2_common/pico_malloc/pico_malloc.c.obj
                0x0000000010004c18                __wrap_calloc
 .text.__wrap_free
                0x0000000010004c58       0x20 CMakeFiles/pico_webserver.dir/pico-sdk/src/rp2_common/pico_malloc/pico_malloc.c.obj
                0x0000000010004c58                __wrap_free
 .text          0x0000000010004c78       0x10 CMakeFiles/pico_webserver.dir/pico-sdk/src/rp2_common/pico_mem_ops/mem_ops_aeabi.S.obj
                0x0000000010004c78                __aeabi_mem_init
 .text.memset   0x0000000010004c88        0xc CMakeFiles/pico_webserver.dir/pico-sdk/src/rp2_common/pico_mem_ops/mem_ops_aeabi.S.obj
                0x0000000010004c88                __wrap_memset
 .text.memcpy   0x0000000010004c94        0xc CMakeFiles/pico_webserver.dir/pico-sdk/src/rp2_common/pico_mem_ops/mem_ops_aeabi.S.obj
                0x0000000010004c94                __wrap___aeabi_memcpy
                0x0000000010004c94                __wrap_memcpy
 .text.stdio_out_chars_no_crlf
                0x0000000010004ca0       0x10 CMakeFiles/pico_webserver.dir/pico-sdk/src/rp2_common/pico_stdio/stdio.c.obj
 .text.stdio_out_chars_crlf
                0x0000000010004cb0       0xb4 CMakeFiles/pico_webserver.dir/pico-sdk/src/rp2_common/pico_stdio/stdio.c.obj
 .text.stdio_buffered_printer
                0x0000000010004d64       0x64 CMakeFiles/pico_webserver.dir/pico-sdk/src/rp2_common/pico_stdio/stdio.c.obj
 .text.stdio_put_string.isra.0
                0x0000000010004dc8       0xfc CMakeFiles/pico_webserver.dir/pico-sdk/src/rp2_common/pico_stdio/stdio.c.obj
 .text.__wrap_putchar
                0x0000000010004ec4       0x98 CMakeFiles/pico_webserver.dir/pico-sdk/src/rp2_common/pico_stdio/stdio.c.obj
                0x0000000010004ec4                __wrap_putchar
 .text.__wrap_puts
                0x0000000010004f5c       0x3c CMakeFiles/pico_webserver.dir/pico-sdk/src/rp2_common/pico_stdio/stdio.c.obj
                0x0000000010004f5c                __wrap_puts
 .text.__wrap_vprintf
                0x0000000010004f98       0xd8 CMakeFiles/pico_webserver.dir/pico-sdk/src/rp2_common/pico_stdio/stdio.c.obj
                0x0000000010004f98                __wrap_vprintf
 .text.__wrap_printf
                0x0000000010005070       0x18 CMakeFiles/pico_webserver.dir/pico-sdk/src/rp2_common/pico_stdio/stdio.c.obj
                0x0000000010005070                __wrap_printf
 .text.startup._retrieve_unique_id_on_boot
                0x0000000010005088       0x10 CMakeFiles/pico_webserver.dir/pico-sdk/src/rp2_common/pico_unique_id/unique_id.c.obj
 .text.pico_get_unique_board_id
                0x0000000010005098       0x10 CMakeFiles/pico_webserver.dir/pico-sdk/src/rp2_common/pico_unique_id/unique_id.c.obj
                0x0000000010005098                pico_get_unique_board_id
 .text.flash_get_unique_id
                0x00000000100050a8       0x40 CMakeFiles/pico_webserver.dir/pico-sdk/src/rp2_common/hardware_flash/flash.c.obj
                0x00000000100050a8                flash_get_unique_id
 .text.dcd_int_enable
                0x00000000100050e8        0xc CMakeFiles/pico_webserver.dir/pico-sdk/lib/tinyusb/src/portable/raspberrypi/rp2040/dcd_rp2040.c.obj
                0x00000000100050e8                dcd_int_enable
 .text.dcd_set_address
                0x00000000100050f4       0x14 CMakeFiles/pico_webserver.dir/pico-sdk/lib/tinyusb/src/portable/raspberrypi/rp2040/dcd_rp2040.c.obj
                0x00000000100050f4                dcd_set_address
 .text.dcd_connect
                0x0000000010005108       0x10 CMakeFiles/pico_webserver.dir/pico-sdk/lib/tinyusb/src/portable/raspberrypi/rp2040/dcd_rp2040.c.obj
                0x0000000010005108                dcd_connect
 .text.dcd_init
                0x0000000010005118       0x98 CMakeFiles/pico_webserver.dir/pico-sdk/lib/tinyusb/src/portable/raspberrypi/rp2040/dcd_rp2040.c.obj
                0x0000000010005118                dcd_init
 .text.dcd_edpt0_status_complete
                0x00000000100051b0       0x1c CMakeFiles/pico_webserver.dir/pico-sdk/lib/tinyusb/src/portable/raspberrypi/rp2040/dcd_rp2040.c.obj
                0x00000000100051b0                dcd_edpt0_status_complete
 .text.dcd_edpt_open
                0x00000000100051cc      0x108 CMakeFiles/pico_webserver.dir/pico-sdk/lib/tinyusb/src/portable/raspberrypi/rp2040/dcd_rp2040.c.obj
                0x00000000100051cc                dcd_edpt_open
 .text.dcd_edpt_close_all
                0x00000000100052d4        0x8 CMakeFiles/pico_webserver.dir/pico-sdk/lib/tinyusb/src/portable/raspberrypi/rp2040/dcd_rp2040.c.obj
                0x00000000100052d4                dcd_edpt_close_all
 .text.dcd_edpt_xfer
                0x00000000100052dc       0x24 CMakeFiles/pico_webserver.dir/pico-sdk/lib/tinyusb/src/portable/raspberrypi/rp2040/dcd_rp2040.c.obj
                0x00000000100052dc                dcd_edpt_xfer
 .text.dcd_edpt_stall
                0x0000000010005300       0x38 CMakeFiles/pico_webserver.dir/pico-sdk/lib/tinyusb/src/portable/raspberrypi/rp2040/dcd_rp2040.c.obj
                0x0000000010005300                dcd_edpt_stall
 .text.dcd_edpt_clear_stall
                0x0000000010005338       0x30 CMakeFiles/pico_webserver.dir/pico-sdk/lib/tinyusb/src/portable/raspberrypi/rp2040/dcd_rp2040.c.obj
                0x0000000010005338                dcd_edpt_clear_stall
 .text.rp2040_usb_init
                0x0000000010005368       0x4c CMakeFiles/pico_webserver.dir/pico-sdk/lib/tinyusb/src/portable/raspberrypi/rp2040/rp2040_usb.c.obj
                0x0000000010005368                rp2040_usb_init
 .text.hw_endpoint_xfer_start
                0x00000000100053b4       0x50 CMakeFiles/pico_webserver.dir/pico-sdk/lib/tinyusb/src/portable/raspberrypi/rp2040/rp2040_usb.c.obj
                0x00000000100053b4                hw_endpoint_xfer_start
 .text.tud_mounted
                0x0000000010005404       0x10 CMakeFiles/pico_webserver.dir/pico-sdk/lib/tinyusb/src/device/usbd.c.obj
                0x0000000010005404                tud_mounted
 .text.tud_suspended
                0x0000000010005414       0x10 CMakeFiles/pico_webserver.dir/pico-sdk/lib/tinyusb/src/device/usbd.c.obj
                0x0000000010005414                tud_suspended
 .text.tud_init
                0x0000000010005424       0xdc CMakeFiles/pico_webserver.dir/pico-sdk/lib/tinyusb/src/device/usbd.c.obj
                0x0000000010005424                tud_init
 .text.tud_task_ext
                0x0000000010005500      0x86c CMakeFiles/pico_webserver.dir/pico-sdk/lib/tinyusb/src/device/usbd.c.obj
                0x0000000010005500                tud_task_ext
 .text.usbd_open_edpt_pair
                0x0000000010005d6c       0x9c CMakeFiles/pico_webserver.dir/pico-sdk/lib/tinyusb/src/device/usbd.c.obj
                0x0000000010005d6c                usbd_open_edpt_pair
 .text.usbd_edpt_open
                0x0000000010005e08       0x34 CMakeFiles/pico_webserver.dir/pico-sdk/lib/tinyusb/src/device/usbd.c.obj
                0x0000000010005e08                usbd_edpt_open
 .text.usbd_edpt_claim
                0x0000000010005e3c       0x28 CMakeFiles/pico_webserver.dir/pico-sdk/lib/tinyusb/src/device/usbd.c.obj
                0x0000000010005e3c                usbd_edpt_claim
 .text.usbd_edpt_release
                0x0000000010005e64       0x28 CMakeFiles/pico_webserver.dir/pico-sdk/lib/tinyusb/src/device/usbd.c.obj
                0x0000000010005e64                usbd_edpt_release
 .text.usbd_edpt_xfer
                0x0000000010005e8c       0x4c CMakeFiles/pico_webserver.dir/pico-sdk/lib/tinyusb/src/device/usbd.c.obj
                0x0000000010005e8c                usbd_edpt_xfer
 .text.usbd_edpt_busy
                0x0000000010005ed8       0x1c CMakeFiles/pico_webserver.dir/pico-sdk/lib/tinyusb/src/device/usbd.c.obj
                0x0000000010005ed8                usbd_edpt_busy
 .text.tud_control_status
                0x0000000010005ef4       0x30 CMakeFiles/pico_webserver.dir/pico-sdk/lib/tinyusb/src/device/usbd_control.c.obj
                0x0000000010005ef4                tud_control_status
 .text.tud_control_xfer
                0x0000000010005f24       0xbc CMakeFiles/pico_webserver.dir/pico-sdk/lib/tinyusb/src/device/usbd_control.c.obj
                0x0000000010005f24                tud_control_xfer
 .text.usbd_control_reset
                0x0000000010005fe0       0x14 CMakeFiles/pico_webserver.dir/pico-sdk/lib/tinyusb/src/device/usbd_control.c.obj
                0x0000000010005fe0                usbd_control_reset
 .text.usbd_control_set_complete_callback
                0x0000000010005ff4        0xc CMakeFiles/pico_webserver.dir/pico-sdk/lib/tinyusb/src/device/usbd_control.c.obj
                0x0000000010005ff4                usbd_control_set_complete_callback
 .text.usbd_control_set_request
                0x0000000010006000       0x1c CMakeFiles/pico_webserver.dir/pico-sdk/lib/tinyusb/src/device/usbd_control.c.obj
                0x0000000010006000                usbd_control_set_request
 .text.usbd_control_xfer_cb
                0x000000001000601c       0xfc CMakeFiles/pico_webserver.dir/pico-sdk/lib/tinyusb/src/device/usbd_control.c.obj
                0x000000001000601c                usbd_control_xfer_cb
 .text.tud_cdc_n_connected
                0x0000000010006118       0x34 CMakeFiles/pico_webserver.dir/pico-sdk/lib/tinyusb/src/class/cdc/cdc_device.c.obj
                0x0000000010006118                tud_cdc_n_connected
 .text.tud_cdc_n_available
                0x000000001000614c       0x20 CMakeFiles/pico_webserver.dir/pico-sdk/lib/tinyusb/src/class/cdc/cdc_device.c.obj
                0x000000001000614c                tud_cdc_n_available
 .text.tud_cdc_n_read
                0x000000001000616c       0x8c CMakeFiles/pico_webserver.dir/pico-sdk/lib/tinyusb/src/class/cdc/cdc_device.c.obj
                0x000000001000616c                tud_cdc_n_read
 .text.tud_cdc_n_write_flush
                0x00000000100061f8       0x78 CMakeFiles/pico_webserver.dir/pico-sdk/lib/tinyusb/src/class/cdc/cdc_device.c.obj
                0x00000000100061f8                tud_cdc_n_write_flush
 .text.tud_cdc_n_write
                0x0000000010006270       0x48 CMakeFiles/pico_webserver.dir/pico-sdk/lib/tinyusb/src/class/cdc/cdc_device.c.obj
                0x0000000010006270                tud_cdc_n_write
 .text.cdcd_init
                0x00000000100062b8       0x6c CMakeFiles/pico_webserver.dir/pico-sdk/lib/tinyusb/src/class/cdc/cdc_device.c.obj
                0x00000000100062b8                cdcd_init
 .text.cdcd_reset
                0x0000000010006324       0x2c CMakeFiles/pico_webserver.dir/pico-sdk/lib/tinyusb/src/class/cdc/cdc_device.c.obj
                0x0000000010006324                cdcd_reset
 .text.cdcd_open
                0x0000000010006350       0xe4 CMakeFiles/pico_webserver.dir/pico-sdk/lib/tinyusb/src/class/cdc/cdc_device.c.obj
                0x0000000010006350                cdcd_open
 .text.cdcd_control_xfer_cb
                0x0000000010006434       0xe4 CMakeFiles/pico_webserver.dir/pico-sdk/lib/tinyusb/src/class/cdc/cdc_device.c.obj
                0x0000000010006434                cdcd_control_xfer_cb
 .text.cdcd_xfer_cb
                0x0000000010006518      0x144 CMakeFiles/pico_webserver.dir/pico-sdk/lib/tinyusb/src/class/cdc/cdc_device.c.obj
                0x0000000010006518                cdcd_xfer_cb
 .text.tud_network_recv_renew
                0x000000001000665c       0x20 CMakeFiles/pico_webserver.dir/pico-sdk/lib/tinyusb/src/class/net/ecm_rndis_device.c.obj
                0x000000001000665c                tud_network_recv_renew
 .text.netd_report
                0x000000001000667c       0x24 CMakeFiles/pico_webserver.dir/pico-sdk/lib/tinyusb/src/class/net/ecm_rndis_device.c.obj
                0x000000001000667c                netd_report
 .text.netd_init
                0x00000000100066a0       0x14 CMakeFiles/pico_webserver.dir/pico-sdk/lib/tinyusb/src/class/net/ecm_rndis_device.c.obj
                0x00000000100066a0                netd_init
 .text.netd_reset
                0x00000000100066b4       0x14 CMakeFiles/pico_webserver.dir/pico-sdk/lib/tinyusb/src/class/net/ecm_rndis_device.c.obj
                0x00000000100066b4                netd_reset
 .text.netd_open
                0x00000000100066c8      0x11c CMakeFiles/pico_webserver.dir/pico-sdk/lib/tinyusb/src/class/net/ecm_rndis_device.c.obj
                0x00000000100066c8                netd_open
 .text.netd_control_xfer_cb
                0x00000000100067e4      0x174 CMakeFiles/pico_webserver.dir/pico-sdk/lib/tinyusb/src/class/net/ecm_rndis_device.c.obj
                0x00000000100067e4                netd_control_xfer_cb
 .text.netd_xfer_cb
                0x0000000010006958       0xec CMakeFiles/pico_webserver.dir/pico-sdk/lib/tinyusb/src/class/net/ecm_rndis_device.c.obj
                0x0000000010006958                netd_xfer_cb
 .text.tud_network_can_xmit
                0x0000000010006a44        0xc CMakeFiles/pico_webserver.dir/pico-sdk/lib/tinyusb/src/class/net/ecm_rndis_device.c.obj
                0x0000000010006a44                tud_network_can_xmit
 .text.tud_network_xmit
                0x0000000010006a50       0x98 CMakeFiles/pico_webserver.dir/pico-sdk/lib/tinyusb/src/class/net/ecm_rndis_device.c.obj
                0x0000000010006a50                tud_network_xmit
 .text.tusb_init
                0x0000000010006ae8        0xc CMakeFiles/pico_webserver.dir/pico-sdk/lib/tinyusb/src/tusb.c.obj
                0x0000000010006ae8                tusb_init
 .text.tu_edpt_claim
                0x0000000010006af4       0x50 CMakeFiles/pico_webserver.dir/pico-sdk/lib/tinyusb/src/tusb.c.obj
                0x0000000010006af4                tu_edpt_claim
 .text.tu_edpt_release
                0x0000000010006b44       0x38 CMakeFiles/pico_webserver.dir/pico-sdk/lib/tinyusb/src/tusb.c.obj
                0x0000000010006b44                tu_edpt_release
 .text.tu_edpt_validate
                0x0000000010006b7c       0x78 CMakeFiles/pico_webserver.dir/pico-sdk/lib/tinyusb/src/tusb.c.obj
                0x0000000010006b7c                tu_edpt_validate
 .text.tu_edpt_bind_driver
                0x0000000010006bf4       0x34 CMakeFiles/pico_webserver.dir/pico-sdk/lib/tinyusb/src/tusb.c.obj
                0x0000000010006bf4                tu_edpt_bind_driver
 .text.tu_fifo_config
                0x0000000010006c28       0x70 CMakeFiles/pico_webserver.dir/pico-sdk/lib/tinyusb/src/common/tusb_fifo.c.obj
                0x0000000010006c28                tu_fifo_config
 .text.tu_fifo_count
                0x0000000010006c98       0x2c CMakeFiles/pico_webserver.dir/pico-sdk/lib/tinyusb/src/common/tusb_fifo.c.obj
                0x0000000010006c98                tu_fifo_count
 .text.tu_fifo_empty
                0x0000000010006cc4       0x10 CMakeFiles/pico_webserver.dir/pico-sdk/lib/tinyusb/src/common/tusb_fifo.c.obj
                0x0000000010006cc4                tu_fifo_empty
 .text.tu_fifo_remaining
                0x0000000010006cd4       0x2c CMakeFiles/pico_webserver.dir/pico-sdk/lib/tinyusb/src/common/tusb_fifo.c.obj
                0x0000000010006cd4                tu_fifo_remaining
 .text.tu_fifo_read
                0x0000000010006d00       0xa0 CMakeFiles/pico_webserver.dir/pico-sdk/lib/tinyusb/src/common/tusb_fifo.c.obj
                0x0000000010006d00                tu_fifo_read
 .text.tu_fifo_read_n
                0x0000000010006da0       0xec CMakeFiles/pico_webserver.dir/pico-sdk/lib/tinyusb/src/common/tusb_fifo.c.obj
                0x0000000010006da0                tu_fifo_read_n
 .text.tu_fifo_write
                0x0000000010006e8c       0x88 CMakeFiles/pico_webserver.dir/pico-sdk/lib/tinyusb/src/common/tusb_fifo.c.obj
                0x0000000010006e8c                tu_fifo_write
 .text.tu_fifo_write_n
                0x0000000010006f14      0x168 CMakeFiles/pico_webserver.dir/pico-sdk/lib/tinyusb/src/common/tusb_fifo.c.obj
                0x0000000010006f14                tu_fifo_write_n
 .text.tu_fifo_clear
                0x000000001000707c       0x40 CMakeFiles/pico_webserver.dir/pico-sdk/lib/tinyusb/src/common/tusb_fifo.c.obj
                0x000000001000707c                tu_fifo_clear
 .text.tu_fifo_set_overwritable
                0x00000000100070bc       0x48 CMakeFiles/pico_webserver.dir/pico-sdk/lib/tinyusb/src/common/tusb_fifo.c.obj
                0x00000000100070bc                tu_fifo_set_overwritable
 .text.cyw43_arch_set_async_context
                0x0000000010007104        0xc CMakeFiles/pico_webserver.dir/pico-sdk/src/rp2_common/pico_cyw43_arch/cyw43_arch.c.obj
                0x0000000010007104                cyw43_arch_set_async_context
 .text.cyw43_arch_enable_sta_mode
                0x0000000010007110       0x1c CMakeFiles/pico_webserver.dir/pico-sdk/src/rp2_common/pico_cyw43_arch/cyw43_arch.c.obj
                0x0000000010007110                cyw43_arch_enable_sta_mode
 .text.cyw43_arch_wifi_connect_async
                0x000000001000712c       0x48 CMakeFiles/pico_webserver.dir/pico-sdk/src/rp2_common/pico_cyw43_arch/cyw43_arch.c.obj
                0x000000001000712c                cyw43_arch_wifi_connect_async
 .text.cyw43_arch_init_with_country
                0x0000000010007174       0x10 CMakeFiles/pico_webserver.dir/pico-sdk/src/rp2_common/pico_cyw43_arch/cyw43_arch.c.obj
                0x0000000010007174                cyw43_arch_init_with_country
 .text.cyw43_arch_gpio_put
                0x0000000010007184       0x14 CMakeFiles/pico_webserver.dir/pico-sdk/src/rp2_common/pico_cyw43_arch/cyw43_arch.c.obj
                0x0000000010007184                cyw43_arch_gpio_put
 .text.cyw43_arch_async_context
                0x0000000010007198        0xc CMakeFiles/pico_webserver.dir/pico-sdk/src/rp2_common/pico_cyw43_arch/cyw43_arch.c.obj
                0x0000000010007198                cyw43_arch_async_context
 .text.cyw43_arch_init
                0x00000000100071a4       0x6c CMakeFiles/pico_webserver.dir/pico-sdk/src/rp2_common/pico_cyw43_arch/cyw43_arch_threadsafe_background.c.obj
                0x00000000100071a4                cyw43_arch_init
 .text.ns_delay.constprop.0
                0x0000000010007210       0x20 CMakeFiles/pico_webserver.dir/pico-sdk/src/rp2_common/pico_cyw43_driver/cyw43_bus_pio_spi.c.obj
 .text.cyw43_spi_deinit
                0x0000000010007230       0x7c CMakeFiles/pico_webserver.dir/pico-sdk/src/rp2_common/pico_cyw43_driver/cyw43_bus_pio_spi.c.obj
                0x0000000010007230                cyw43_spi_deinit
 .text.cyw43_spi_init
                0x00000000100072ac      0x154 CMakeFiles/pico_webserver.dir/pico-sdk/src/rp2_common/pico_cyw43_driver/cyw43_bus_pio_spi.c.obj
                0x00000000100072ac                cyw43_spi_init
 .text.cyw43_spi_transfer
                0x0000000010007400      0x430 CMakeFiles/pico_webserver.dir/pico-sdk/src/rp2_common/pico_cyw43_driver/cyw43_bus_pio_spi.c.obj
                0x0000000010007400                cyw43_spi_transfer
 .text.cyw43_spi_gpio_setup
                0x0000000010007830       0x3c CMakeFiles/pico_webserver.dir/pico-sdk/src/rp2_common/pico_cyw43_driver/cyw43_bus_pio_spi.c.obj
                0x0000000010007830                cyw43_spi_gpio_setup
 .text.cyw43_spi_reset
                0x000000001000786c       0x28 CMakeFiles/pico_webserver.dir/pico-sdk/src/rp2_common/pico_cyw43_driver/cyw43_bus_pio_spi.c.obj
                0x000000001000786c                cyw43_spi_reset
 .text.read_reg_u32_swap
                0x0000000010007894       0x3c CMakeFiles/pico_webserver.dir/pico-sdk/src/rp2_common/pico_cyw43_driver/cyw43_bus_pio_spi.c.obj
                0x0000000010007894                read_reg_u32_swap
 .text.cyw43_read_reg_u32
                0x00000000100078d0       0x6c CMakeFiles/pico_webserver.dir/pico-sdk/src/rp2_common/pico_cyw43_driver/cyw43_bus_pio_spi.c.obj
                0x00000000100078d0                cyw43_read_reg_u32
 .text.cyw43_read_reg_u16
                0x000000001000793c       0x6c CMakeFiles/pico_webserver.dir/pico-sdk/src/rp2_common/pico_cyw43_driver/cyw43_bus_pio_spi.c.obj
                0x000000001000793c                cyw43_read_reg_u16
 .text.cyw43_read_reg_u8
                0x00000000100079a8       0x6c CMakeFiles/pico_webserver.dir/pico-sdk/src/rp2_common/pico_cyw43_driver/cyw43_bus_pio_spi.c.obj
                0x00000000100079a8                cyw43_read_reg_u8
 .text.write_reg_u32_swap
                0x0000000010007a14      0x1e0 CMakeFiles/pico_webserver.dir/pico-sdk/src/rp2_common/pico_cyw43_driver/cyw43_bus_pio_spi.c.obj
                0x0000000010007a14                write_reg_u32_swap
 .text.cyw43_write_reg_u32
                0x0000000010007bf4      0x200 CMakeFiles/pico_webserver.dir/pico-sdk/src/rp2_common/pico_cyw43_driver/cyw43_bus_pio_spi.c.obj
                0x0000000010007bf4                cyw43_write_reg_u32
 .text.cyw43_write_reg_u16
                0x0000000010007df4      0x200 CMakeFiles/pico_webserver.dir/pico-sdk/src/rp2_common/pico_cyw43_driver/cyw43_bus_pio_spi.c.obj
                0x0000000010007df4                cyw43_write_reg_u16
 .text.cyw43_write_reg_u8
                0x0000000010007ff4      0x200 CMakeFiles/pico_webserver.dir/pico-sdk/src/rp2_common/pico_cyw43_driver/cyw43_bus_pio_spi.c.obj
                0x0000000010007ff4                cyw43_write_reg_u8
 .text.cyw43_read_bytes
                0x00000000100081f4       0x78 CMakeFiles/pico_webserver.dir/pico-sdk/src/rp2_common/pico_cyw43_driver/cyw43_bus_pio_spi.c.obj
                0x00000000100081f4                cyw43_read_bytes
 .text.cyw43_write_bytes
                0x000000001000826c       0xec CMakeFiles/pico_webserver.dir/pico-sdk/src/rp2_common/pico_cyw43_driver/cyw43_bus_pio_spi.c.obj
                0x000000001000826c                cyw43_write_bytes
 .text.cyw43_set_backplane_window
                0x0000000010008358       0x64 CMakeFiles/pico_webserver.dir/pico-sdk/lib/cyw43-driver/src/cyw43_ll.c.obj
 .text.cyw43_ll_parse_async_event
                0x00000000100083bc      0x13c CMakeFiles/pico_webserver.dir/pico-sdk/lib/cyw43-driver/src/cyw43_ll.c.obj
 .text.cyw43_kso_set
                0x00000000100084f8       0xa0 CMakeFiles/pico_webserver.dir/pico-sdk/lib/cyw43-driver/src/cyw43_ll.c.obj
 .text.cyw43_ll_sdpcm_poll_device
                0x0000000010008598      0x238 CMakeFiles/pico_webserver.dir/pico-sdk/lib/cyw43-driver/src/cyw43_ll.c.obj
 .text.cyw43_sdpcm_send_common
                0x00000000100087d0       0xf0 CMakeFiles/pico_webserver.dir/pico-sdk/lib/cyw43-driver/src/cyw43_ll.c.obj
 .text.cyw43_do_ioctl.part.0
                0x00000000100088c0       0xc4 CMakeFiles/pico_webserver.dir/pico-sdk/lib/cyw43-driver/src/cyw43_ll.c.obj
 .text.cyw43_write_iovar_u32
                0x0000000010008984       0xa4 CMakeFiles/pico_webserver.dir/pico-sdk/lib/cyw43-driver/src/cyw43_ll.c.obj
 .text.cyw43_write_iovar_u32_u32.constprop.0
                0x0000000010008a28       0xb0 CMakeFiles/pico_webserver.dir/pico-sdk/lib/cyw43-driver/src/cyw43_ll.c.obj
 .text.cyw43_read_backplane.constprop.0
                0x0000000010008ad8       0xdc CMakeFiles/pico_webserver.dir/pico-sdk/lib/cyw43-driver/src/cyw43_ll.c.obj
 .text.cyw43_write_backplane
                0x0000000010008bb4      0x104 CMakeFiles/pico_webserver.dir/pico-sdk/lib/cyw43-driver/src/cyw43_ll.c.obj
 .text.reset_device_core.constprop.0
                0x0000000010008cb8      0x3f0 CMakeFiles/pico_webserver.dir/pico-sdk/lib/cyw43-driver/src/cyw43_ll.c.obj
 .text.cyw43_ll_init
                0x00000000100090a8       0x1c CMakeFiles/pico_webserver.dir/pico-sdk/lib/cyw43-driver/src/cyw43_ll.c.obj
                0x00000000100090a8                cyw43_ll_init
 .text.cyw43_ll_deinit
                0x00000000100090c4        0x8 CMakeFiles/pico_webserver.dir/pico-sdk/lib/cyw43-driver/src/cyw43_ll.c.obj
                0x00000000100090c4                cyw43_ll_deinit
 .text.cyw43_ll_send_ethernet
                0x00000000100090cc       0x60 CMakeFiles/pico_webserver.dir/pico-sdk/lib/cyw43-driver/src/cyw43_ll.c.obj
                0x00000000100090cc                cyw43_ll_send_ethernet
 .text.cyw43_ll_process_packets
                0x000000001000912c       0x54 CMakeFiles/pico_webserver.dir/pico-sdk/lib/cyw43-driver/src/cyw43_ll.c.obj
                0x000000001000912c                cyw43_ll_process_packets
 .text.cyw43_ll_ioctl
                0x0000000010009180       0x80 CMakeFiles/pico_webserver.dir/pico-sdk/lib/cyw43-driver/src/cyw43_ll.c.obj
                0x0000000010009180                cyw43_ll_ioctl
 .text.cyw43_ll_bus_sleep
                0x0000000010009200       0x34 CMakeFiles/pico_webserver.dir/pico-sdk/lib/cyw43-driver/src/cyw43_ll.c.obj
                0x0000000010009200                cyw43_ll_bus_sleep
 .text.cyw43_ll_wifi_on
                0x0000000010009234      0x220 CMakeFiles/pico_webserver.dir/pico-sdk/lib/cyw43-driver/src/cyw43_ll.c.obj
                0x0000000010009234                cyw43_ll_wifi_on
 .text.cyw43_ll_wifi_get_mac
                0x0000000010009454       0x74 CMakeFiles/pico_webserver.dir/pico-sdk/lib/cyw43-driver/src/cyw43_ll.c.obj
                0x0000000010009454                cyw43_ll_wifi_get_mac
 .text.cyw43_ll_bus_init
                0x00000000100094c8      0xa24 CMakeFiles/pico_webserver.dir/pico-sdk/lib/cyw43-driver/src/cyw43_ll.c.obj
                0x00000000100094c8                cyw43_ll_bus_init
 .text.cyw43_ll_wifi_pm
                0x0000000010009eec      0x138 CMakeFiles/pico_webserver.dir/pico-sdk/lib/cyw43-driver/src/cyw43_ll.c.obj
                0x0000000010009eec                cyw43_ll_wifi_pm
 .text.cyw43_ll_wifi_join
                0x000000001000a024      0x3ec CMakeFiles/pico_webserver.dir/pico-sdk/lib/cyw43-driver/src/cyw43_ll.c.obj
                0x000000001000a024                cyw43_ll_wifi_join
 .text.cyw43_ll_wifi_set_wpa_auth
                0x000000001000a410       0x4c CMakeFiles/pico_webserver.dir/pico-sdk/lib/cyw43-driver/src/cyw43_ll.c.obj
                0x000000001000a410                cyw43_ll_wifi_set_wpa_auth
 .text.cyw43_ll_wifi_rejoin
                0x000000001000a45c       0x58 CMakeFiles/pico_webserver.dir/pico-sdk/lib/cyw43-driver/src/cyw43_ll.c.obj
                0x000000001000a45c                cyw43_ll_wifi_rejoin
 .text.cyw43_ll_wifi_ap_init
                0x000000001000a4b4      0x2e8 CMakeFiles/pico_webserver.dir/pico-sdk/lib/cyw43-driver/src/cyw43_ll.c.obj
                0x000000001000a4b4                cyw43_ll_wifi_ap_init
 .text.cyw43_ll_wifi_ap_set_up
                0x000000001000a79c       0x80 CMakeFiles/pico_webserver.dir/pico-sdk/lib/cyw43-driver/src/cyw43_ll.c.obj
                0x000000001000a79c                cyw43_ll_wifi_ap_set_up
 .text.cyw43_ll_gpio_set
                0x000000001000a81c       0x9c CMakeFiles/pico_webserver.dir/pico-sdk/lib/cyw43-driver/src/cyw43_ll.c.obj
                0x000000001000a81c                cyw43_ll_gpio_set
 .text.cyw43_ll_has_work
                0x000000001000a8b8       0x14 CMakeFiles/pico_webserver.dir/pico-sdk/lib/cyw43-driver/src/cyw43_ll.c.obj
                0x000000001000a8b8                cyw43_ll_has_work
 .text.cyw43_poll_func
                0x000000001000a8cc       0xc0 CMakeFiles/pico_webserver.dir/pico-sdk/lib/cyw43-driver/src/cyw43_ctrl.c.obj
 .text.cyw43_init
                0x000000001000a98c       0x6c CMakeFiles/pico_webserver.dir/pico-sdk/lib/cyw43-driver/src/cyw43_ctrl.c.obj
                0x000000001000a98c                cyw43_init
 .text.cyw43_deinit
                0x000000001000a9f8       0x90 CMakeFiles/pico_webserver.dir/pico-sdk/lib/cyw43-driver/src/cyw43_ctrl.c.obj
                0x000000001000a9f8                cyw43_deinit
 .text.cyw43_cb_read_host_interrupt_pin
                0x000000001000aa88        0xc CMakeFiles/pico_webserver.dir/pico-sdk/lib/cyw43-driver/src/cyw43_ctrl.c.obj
                0x000000001000aa88                cyw43_cb_read_host_interrupt_pin
 .text.cyw43_cb_ensure_awake
                0x000000001000aa94        0xc CMakeFiles/pico_webserver.dir/pico-sdk/lib/cyw43-driver/src/cyw43_ctrl.c.obj
                0x000000001000aa94                cyw43_cb_ensure_awake
 .text.cyw43_cb_process_async_event
                0x000000001000aaa0      0x228 CMakeFiles/pico_webserver.dir/pico-sdk/lib/cyw43-driver/src/cyw43_ctrl.c.obj
                0x000000001000aaa0                cyw43_cb_process_async_event
 .text.cyw43_send_ethernet
                0x000000001000acc8       0xc0 CMakeFiles/pico_webserver.dir/pico-sdk/lib/cyw43-driver/src/cyw43_ctrl.c.obj
                0x000000001000acc8                cyw43_send_ethernet
 .text.cyw43_wifi_pm
                0x000000001000ad88       0xb4 CMakeFiles/pico_webserver.dir/pico-sdk/lib/cyw43-driver/src/cyw43_ctrl.c.obj
                0x000000001000ad88                cyw43_wifi_pm
 .text.cyw43_wifi_set_up
                0x000000001000ae3c      0x308 CMakeFiles/pico_webserver.dir/pico-sdk/lib/cyw43-driver/src/cyw43_ctrl.c.obj
                0x000000001000ae3c                cyw43_wifi_set_up
 .text.cyw43_wifi_join
                0x000000001000b144       0xf4 CMakeFiles/pico_webserver.dir/pico-sdk/lib/cyw43-driver/src/cyw43_ctrl.c.obj
                0x000000001000b144                cyw43_wifi_join
 .text.cyw43_gpio_set
                0x000000001000b238       0xa0 CMakeFiles/pico_webserver.dir/pico-sdk/lib/cyw43-driver/src/cyw43_ctrl.c.obj
                0x000000001000b238                cyw43_gpio_set
 .text.pio_sm_unclaim
                0x000000001000b2d8       0x20 CMakeFiles/pico_webserver.dir/pico-sdk/src/rp2_common/hardware_pio/pio.c.obj
                0x000000001000b2d8                pio_sm_unclaim
 .text.pio_claim_unused_sm
                0x000000001000b2f8       0x3c CMakeFiles/pico_webserver.dir/pico-sdk/src/rp2_common/hardware_pio/pio.c.obj
                0x000000001000b2f8                pio_claim_unused_sm
 .text.pio_can_add_program
                0x000000001000b334       0x68 CMakeFiles/pico_webserver.dir/pico-sdk/src/rp2_common/hardware_pio/pio.c.obj
                0x000000001000b334                pio_can_add_program
 .text.pio_add_program
                0x000000001000b39c       0xc8 CMakeFiles/pico_webserver.dir/pico-sdk/src/rp2_common/hardware_pio/pio.c.obj
                0x000000001000b39c                pio_add_program
 .text.pio_remove_program
                0x000000001000b464       0x34 CMakeFiles/pico_webserver.dir/pico-sdk/src/rp2_common/hardware_pio/pio.c.obj
                0x000000001000b464                pio_remove_program
 .text.pio_sm_set_pindirs_with_mask
                0x000000001000b498       0xa4 CMakeFiles/pico_webserver.dir/pico-sdk/src/rp2_common/hardware_pio/pio.c.obj
                0x000000001000b498                pio_sm_set_pindirs_with_mask
 .text.pio_sm_set_consecutive_pindirs
                0x000000001000b53c       0xb0 CMakeFiles/pico_webserver.dir/pico-sdk/src/rp2_common/hardware_pio/pio.c.obj
                0x000000001000b53c                pio_sm_set_consecutive_pindirs
 .text.dma_channel_unclaim
                0x000000001000b5ec       0x10 CMakeFiles/pico_webserver.dir/pico-sdk/src/rp2_common/hardware_dma/dma.c.obj
                0x000000001000b5ec                dma_channel_unclaim
 .text.dma_claim_unused_channel
                0x000000001000b5fc       0x20 CMakeFiles/pico_webserver.dir/pico-sdk/src/rp2_common/hardware_dma/dma.c.obj
                0x000000001000b5fc                dma_claim_unused_channel
 .text.dma_channel_cleanup
                0x000000001000b61c       0x60 CMakeFiles/pico_webserver.dir/pico-sdk/src/rp2_common/hardware_dma/dma.c.obj
                0x000000001000b61c                dma_channel_cleanup
 .text.cyw43_sleep_timeout_reached
                0x000000001000b67c       0x10 CMakeFiles/pico_webserver.dir/pico-sdk/src/rp2_common/pico_cyw43_driver/cyw43_driver.c.obj
 .text.cyw43_irq_init
                0x000000001000b68c       0x28 CMakeFiles/pico_webserver.dir/pico-sdk/src/rp2_common/pico_cyw43_driver/cyw43_driver.c.obj
                0x000000001000b68c                cyw43_irq_init
 .text.cyw43_irq_deinit
                0x000000001000b6b4       0x20 CMakeFiles/pico_webserver.dir/pico-sdk/src/rp2_common/pico_cyw43_driver/cyw43_driver.c.obj
                0x000000001000b6b4                cyw43_irq_deinit
 .text.cyw43_gpio_irq_handler
                0x000000001000b6d4       0x44 CMakeFiles/pico_webserver.dir/pico-sdk/src/rp2_common/pico_cyw43_driver/cyw43_driver.c.obj
 .text.cyw43_do_poll
                0x000000001000b718       0x6c CMakeFiles/pico_webserver.dir/pico-sdk/src/rp2_common/pico_cyw43_driver/cyw43_driver.c.obj
 .text.cyw43_post_poll_hook
                0x000000001000b784       0x10 CMakeFiles/pico_webserver.dir/pico-sdk/src/rp2_common/pico_cyw43_driver/cyw43_driver.c.obj
                0x000000001000b784                cyw43_post_poll_hook
 .text.cyw43_schedule_internal_poll_dispatch
                0x000000001000b794       0x18 CMakeFiles/pico_webserver.dir/pico-sdk/src/rp2_common/pico_cyw43_driver/cyw43_driver.c.obj
                0x000000001000b794                cyw43_schedule_internal_poll_dispatch
 .text.cyw43_driver_init
                0x000000001000b7ac       0x38 CMakeFiles/pico_webserver.dir/pico-sdk/src/rp2_common/pico_cyw43_driver/cyw43_driver.c.obj
                0x000000001000b7ac                cyw43_driver_init
 .text.cyw43_driver_deinit
                0x000000001000b7e4       0x44 CMakeFiles/pico_webserver.dir/pico-sdk/src/rp2_common/pico_cyw43_driver/cyw43_driver.c.obj
                0x000000001000b7e4                cyw43_driver_deinit
 .text.cyw43_hal_generate_laa_mac
                0x000000001000b828       0x28 CMakeFiles/pico_webserver.dir/pico-sdk/src/rp2_common/pico_cyw43_driver/cyw43_driver.c.obj
                0x000000001000b828                cyw43_hal_generate_laa_mac
 .text.cyw43_hal_get_mac
                0x000000001000b850       0x1c CMakeFiles/pico_webserver.dir/pico-sdk/src/rp2_common/pico_cyw43_driver/cyw43_driver.c.obj
                0x000000001000b850                cyw43_hal_get_mac
 .text.cyw43_thread_enter
                0x000000001000b86c       0x14 CMakeFiles/pico_webserver.dir/pico-sdk/src/rp2_common/pico_cyw43_driver/cyw43_driver.c.obj
                0x000000001000b86c                cyw43_thread_enter
 .text.cyw43_thread_exit
                0x000000001000b880       0x14 CMakeFiles/pico_webserver.dir/pico-sdk/src/rp2_common/pico_cyw43_driver/cyw43_driver.c.obj
                0x000000001000b880                cyw43_thread_exit
 .text.cyw43_await_background_or_timeout_us
                0x000000001000b894       0x34 CMakeFiles/pico_webserver.dir/pico-sdk/src/rp2_common/pico_cyw43_driver/cyw43_driver.c.obj
                0x000000001000b894                cyw43_await_background_or_timeout_us
 .text.cyw43_delay_ms
                0x000000001000b8c8       0x44 CMakeFiles/pico_webserver.dir/pico-sdk/src/rp2_common/pico_cyw43_driver/cyw43_driver.c.obj
                0x000000001000b8c8                cyw43_delay_ms
 .text.cyw43_delay_us
                0x000000001000b90c       0x34 CMakeFiles/pico_webserver.dir/pico-sdk/src/rp2_common/pico_cyw43_driver/cyw43_driver.c.obj
                0x000000001000b90c                cyw43_delay_us
 .text.cyw43_cb_tcpip_init
                0x000000001000b940        0x4 CMakeFiles/pico_webserver.dir/pico-sdk/src/rp2_common/pico_cyw43_driver/cyw43_driver.c.obj
                0x000000001000b940                cyw43_cb_tcpip_init
 .text.cyw43_cb_tcpip_deinit
                0x000000001000b944        0x4 CMakeFiles/pico_webserver.dir/pico-sdk/src/rp2_common/pico_cyw43_driver/cyw43_driver.c.obj
                0x000000001000b944                cyw43_cb_tcpip_deinit
 .text.handle_sync_func_call
                0x000000001000b948       0x24 CMakeFiles/pico_webserver.dir/pico-sdk/src/rp2_common/pico_async_context/async_context_threadsafe_background.c.obj
 .text.async_context_threadsafe_background_acquire_lock_blocking
                0x000000001000b96c        0xc CMakeFiles/pico_webserver.dir/pico-sdk/src/rp2_common/pico_async_context/async_context_threadsafe_background.c.obj
 .text.process_under_lock
                0x000000001000b978       0xc8 CMakeFiles/pico_webserver.dir/pico-sdk/src/rp2_common/pico_async_context/async_context_threadsafe_background.c.obj
 .text.async_context_threadsafe_background_deinit
                0x000000001000ba40       0x64 CMakeFiles/pico_webserver.dir/pico-sdk/src/rp2_common/pico_async_context/async_context_threadsafe_background.c.obj
 .text.low_priority_irq_handler
                0x000000001000baa4       0x3c CMakeFiles/pico_webserver.dir/pico-sdk/src/rp2_common/pico_async_context/async_context_threadsafe_background.c.obj
 .text.async_context_threadsafe_background_wait_for_work_until
                0x000000001000bae0        0xc CMakeFiles/pico_webserver.dir/pico-sdk/src/rp2_common/pico_async_context/async_context_threadsafe_background.c.obj
 .text.async_context_threadsafe_background_wait_until
                0x000000001000baec       0x1c CMakeFiles/pico_webserver.dir/pico-sdk/src/rp2_common/pico_async_context/async_context_threadsafe_background.c.obj
 .text.async_context_threadsafe_background_lock_check
                0x000000001000bb08       0x28 CMakeFiles/pico_webserver.dir/pico-sdk/src/rp2_common/pico_async_context/async_context_threadsafe_background.c.obj
 .text.async_context_threadsafe_background_execute_sync
                0x000000001000bb30       0xe4 CMakeFiles/pico_webserver.dir/pico-sdk/src/rp2_common/pico_async_context/async_context_threadsafe_background.c.obj
                0x000000001000bb30                async_context_threadsafe_background_execute_sync
 .text.async_context_threadsafe_background_set_work_pending
                0x000000001000bc14       0x50 CMakeFiles/pico_webserver.dir/pico-sdk/src/rp2_common/pico_async_context/async_context_threadsafe_background.c.obj
 .text.alarm_handler
                0x000000001000bc64       0x58 CMakeFiles/pico_webserver.dir/pico-sdk/src/rp2_common/pico_async_context/async_context_threadsafe_background.c.obj
 .text.async_context_threadsafe_background_release_lock
                0x000000001000bcbc       0x7c CMakeFiles/pico_webserver.dir/pico-sdk/src/rp2_common/pico_async_context/async_context_threadsafe_background.c.obj
 .text.async_context_threadsafe_background_when_pending_worker
                0x000000001000bd38       0x90 CMakeFiles/pico_webserver.dir/pico-sdk/src/rp2_common/pico_async_context/async_context_threadsafe_background.c.obj
 .text.async_context_threadsafe_background_remove_at_time_worker
                0x000000001000bdc8       0x90 CMakeFiles/pico_webserver.dir/pico-sdk/src/rp2_common/pico_async_context/async_context_threadsafe_background.c.obj
 .text.async_context_threadsafe_background_add_when_pending_worker
                0x000000001000be58       0x90 CMakeFiles/pico_webserver.dir/pico-sdk/src/rp2_common/pico_async_context/async_context_threadsafe_background.c.obj
 .text.async_context_threadsafe_background_add_at_time_worker
                0x000000001000bee8       0x90 CMakeFiles/pico_webserver.dir/pico-sdk/src/rp2_common/pico_async_context/async_context_threadsafe_background.c.obj
 .text.async_context_threadsafe_background_default_config
                0x000000001000bf78        0xc CMakeFiles/pico_webserver.dir/pico-sdk/src/rp2_common/pico_async_context/async_context_threadsafe_background.c.obj
                0x000000001000bf78                async_context_threadsafe_background_default_config
 .text.async_context_threadsafe_background_init
                0x000000001000bf84       0xa4 CMakeFiles/pico_webserver.dir/pico-sdk/src/rp2_common/pico_async_context/async_context_threadsafe_background.c.obj
                0x000000001000bf84                async_context_threadsafe_background_init
 .text.async_context_base_add_at_time_worker
                0x000000001000c028       0x28 CMakeFiles/pico_webserver.dir/pico-sdk/src/rp2_common/pico_async_context/async_context_base.c.obj
                0x000000001000c028                async_context_base_add_at_time_worker
 .text.async_context_base_remove_at_time_worker
                0x000000001000c050       0x28 CMakeFiles/pico_webserver.dir/pico-sdk/src/rp2_common/pico_async_context/async_context_base.c.obj
                0x000000001000c050                async_context_base_remove_at_time_worker
 .text.async_context_base_add_when_pending_worker
                0x000000001000c078       0x24 CMakeFiles/pico_webserver.dir/pico-sdk/src/rp2_common/pico_async_context/async_context_base.c.obj
                0x000000001000c078                async_context_base_add_when_pending_worker
 .text.async_context_base_remove_when_pending_worker
                0x000000001000c09c       0x28 CMakeFiles/pico_webserver.dir/pico-sdk/src/rp2_common/pico_async_context/async_context_base.c.obj
                0x000000001000c09c                async_context_base_remove_when_pending_worker
 .text.async_context_base_execute_once
                0x000000001000c0c4       0xe8 CMakeFiles/pico_webserver.dir/pico-sdk/src/rp2_common/pico_async_context/async_context_base.c.obj
                0x000000001000c0c4                async_context_base_execute_once
 .text.async_context_base_needs_servicing
                0x000000001000c1ac       0x54 CMakeFiles/pico_webserver.dir/pico-sdk/src/rp2_common/pico_async_context/async_context_base.c.obj
                0x000000001000c1ac                async_context_base_needs_servicing
 .text.core1_trampoline
                0x000000001000c200        0x4 CMakeFiles/pico_webserver.dir/pico-sdk/src/rp2_common/pico_multicore/multicore.c.obj
 .text.core1_wrapper
                0x000000001000c204        0xc CMakeFiles/pico_webserver.dir/pico-sdk/src/rp2_common/pico_multicore/multicore.c.obj
                0x000000001000c204                core1_wrapper
 .text.multicore_launch_core1_raw
                0x000000001000c210       0x84 CMakeFiles/pico_webserver.dir/pico-sdk/src/rp2_common/pico_multicore/multicore.c.obj
                0x000000001000c210                multicore_launch_core1_raw
 .text.multicore_launch_core1
                0x000000001000c294       0x4c CMakeFiles/pico_webserver.dir/pico-sdk/src/rp2_common/pico_multicore/multicore.c.obj
                0x000000001000c294                multicore_launch_core1
 .text          0x000000001000c2e0       0x20 liblwipcore.a(init.c.obj)
                0x000000001000c2e0                lwip_init
 .text          0x000000001000c300      0x1e0 liblwipcore.a(def.c.obj)
                0x000000001000c300                lwip_htons
                0x000000001000c308                lwip_htonl
                0x000000001000c30c                lwip_strnstr
                0x000000001000c368                lwip_strnistr
                0x000000001000c3f0                lwip_stricmp
                0x000000001000c424                lwip_strnicmp
                0x000000001000c460                lwip_itoa
 .text          0x000000001000c4e0      0x3f0 liblwipcore.a(mem.c.obj)
                0x000000001000c4e0                mem_init
                0x000000001000c520                mem_free
                0x000000001000c638                mem_trim
                0x000000001000c770                mem_malloc
                0x000000001000c8a8                mem_calloc
 .text          0x000000001000c8d0      0x1a8 liblwipcore.a(memp.c.obj)
                0x000000001000c8d0                memp_init_pool
                0x000000001000c904                memp_init
                0x000000001000c994                memp_malloc_pool
                0x000000001000c9d4                memp_malloc
                0x000000001000ca20                memp_free_pool
                0x000000001000ca48                memp_free
 .text          0x000000001000ca78      0x490 liblwipcore.a(netif.c.obj)
                0x000000001000ca80                netif_init
                0x000000001000ca84                netif_input
                0x000000001000ca9c                netif_set_ipaddr
                0x000000001000caf8                netif_set_netmask
                0x000000001000cb14                netif_set_gw
                0x000000001000cb30                netif_set_addr
                0x000000001000cbfc                netif_add
                0x000000001000ccac                netif_add_noaddr
                0x000000001000ccc4                netif_remove
                0x000000001000cd3c                netif_set_default
                0x000000001000cd48                netif_set_up
                0x000000001000cd80                netif_set_down
                0x000000001000cda4                netif_set_link_up
                0x000000001000cddc                netif_set_link_down
                0x000000001000cdf0                netif_name_to_index
                0x000000001000ce44                netif_index_to_name
                0x000000001000ce8c                netif_get_by_index
                0x000000001000ceb8                netif_find
 .text          0x000000001000cf08      0xc68 liblwipcore.a(pbuf.c.obj)
                0x000000001000cf08                pbuf_free_ooseq
                0x000000001000cf3c                pbuf_alloc
                0x000000001000d0ac                pbuf_alloc_reference
                0x000000001000d0d4                pbuf_realloc
                0x000000001000d190                pbuf_add_header
                0x000000001000d1dc                pbuf_add_header_force
                0x000000001000d228                pbuf_remove_header
                0x000000001000d260                pbuf_header
                0x000000001000d2cc                pbuf_header_force
                0x000000001000d338                pbuf_free_header
                0x000000001000d3e8                pbuf_free
                0x000000001000d44c                pbuf_clen
                0x000000001000d460                pbuf_ref
                0x000000001000d478                pbuf_cat
                0x000000001000d4a4                pbuf_chain
                0x000000001000d4e8                pbuf_dechain
                0x000000001000d574                pbuf_copy_partial_pbuf
                0x000000001000d690                pbuf_copy
                0x000000001000d6a8                pbuf_copy_partial
                0x000000001000d718                pbuf_get_contiguous
                0x000000001000d7c0                pbuf_skip
                0x000000001000d7e4                pbuf_take
                0x000000001000d838                pbuf_take_at
                0x000000001000d8d4                pbuf_coalesce
                0x000000001000d98c                pbuf_clone
                0x000000001000d9ac                pbuf_get_at
                0x000000001000d9cc                pbuf_try_get_at
                0x000000001000d9f4                pbuf_put_at
                0x000000001000da10                pbuf_memcmp
                0x000000001000da84                pbuf_memfind
                0x000000001000db30                pbuf_strstr
 .text          0x000000001000db70        0x4 liblwipcore.a(stats.c.obj)
                0x000000001000db70                stats_init
 .text          0x000000001000db74     0x18e8 liblwipcore.a(tcp.c.obj)
                0x000000001000dc84                tcp_init
                0x000000001000dc88                tcp_free
                0x000000001000dc94                tcp_bind
                0x000000001000dd8c                tcp_bind_netif
                0x000000001000dda0                tcp_listen_with_backlog
                0x000000001000de24                tcp_listen_with_backlog_and_err
                0x000000001000dec4                tcp_update_rcv_ann_wnd
                0x000000001000df00                tcp_recved
                0x000000001000df78                tcp_connect
                0x000000001000e10c                tcp_slowtmr
                0x000000001000e510                tcp_txnow
                0x000000001000e53c                tcp_segs_free
                0x000000001000e574                tcp_seg_free
                0x000000001000e590                tcp_setprio
                0x000000001000e598                tcp_seg_copy
                0x000000001000e5b8                tcp_arg
                0x000000001000e5c0                tcp_recv
                0x000000001000e5cc                tcp_sent
                0x000000001000e5d8                tcp_err
                0x000000001000e5e4                tcp_accept
                0x000000001000e5f4                tcp_poll
                0x000000001000e600                tcp_pcb_purge
                0x000000001000e618                tcp_pcb_remove
                0x000000001000e690                tcp_abandon
                0x000000001000e80c                tcp_abort
                0x000000001000e828                tcp_alloc
                0x000000001000ea20                tcp_new
                0x000000001000ebf8                tcp_new_ip_type
                0x000000001000ef10                tcp_shutdown
                0x000000001000ef70                tcp_recv_null
                0x000000001000f018                tcp_process_refused_data
                0x000000001000f100                tcp_fasttmr
                0x000000001000f184                tcp_tmr
                0x000000001000f1a4                tcp_close
                0x000000001000f304                tcp_next_iss
                0x000000001000f31c                tcp_eff_send_mss_netif
                0x000000001000f344                tcp_netif_ip_addr_changed
                0x000000001000f3d4                tcp_debug_state_str
                0x000000001000f3e4                tcp_tcp_get_tcp_addrinfo
                0x000000001000f41c                tcp_free_ooseq
 .text          0x000000001000f45c     0x1760 liblwipcore.a(tcp_in.c.obj)
                0x0000000010010024                tcp_input
                0x0000000010010ba8                tcp_trigger_input_pcb_close
 .text          0x0000000010010bbc     0x12b4 liblwipcore.a(tcp_out.c.obj)
                0x0000000010010d40                tcp_write
                0x0000000010011038                tcp_split_unsent_seg
                0x00000000100111d4                tcp_send_fin
                0x00000000100112b4                tcp_enqueue_flags
                0x000000001001135c                tcp_rexmit_rto_prepare
                0x00000000100113e8                tcp_rexmit
                0x0000000010011478                tcp_rexmit_fast
                0x00000000100114d0                tcp_rst
                0x000000001001158c                tcp_rst_netif
                0x0000000010011688                tcp_send_empty_ack
                0x0000000010011764                tcp_output
                0x0000000010011b74                tcp_rexmit_rto_commit
                0x0000000010011b88                tcp_rexmit_rto
                0x0000000010011c20                tcp_keepalive
                0x0000000010011ce4                tcp_zero_window_probe
 .text          0x0000000010011e70      0x320 liblwipcore.a(timeouts.c.obj)
                0x0000000010011f70                tcp_timer_needed
                0x0000000010011fe4                sys_timeouts_init
                0x000000001001205c                sys_timeout
                0x00000000100120a0                sys_untimeout
                0x00000000100120e0                sys_check_timeouts
                0x0000000010012138                sys_restart_timeouts
                0x0000000010012168                sys_timeouts_sleeptime
 .text          0x0000000010012190      0x6c4 liblwipcore.a(udp.c.obj)
                0x0000000010012190                udp_init
                0x0000000010012194                udp_input
                0x000000001001239c                udp_bind
                0x00000000100124a8                udp_sendto_if_src
                0x00000000100125c8                udp_sendto_if
                0x0000000010012610                udp_sendto
                0x000000001001268c                udp_send
                0x0000000010012704                udp_bind_netif
                0x0000000010012718                udp_connect
                0x000000001001277c                udp_disconnect
                0x0000000010012794                udp_recv
                0x00000000100127a0                udp_remove
                0x00000000100127dc                udp_new
                0x00000000100127f8                udp_new_ip_type
                0x0000000010012814                udp_netif_ip_addr_changed
 .text          0x0000000010012854     0x2a3c liblwipcore.a(etharp.c.obj)
                0x00000000100149f8                etharp_tmr
                0x0000000010014a8c                etharp_cleanup_netif
                0x0000000010014c14                etharp_find_addr
                0x0000000010014c54                etharp_get_entry
                0x0000000010014c88                etharp_input
                0x0000000010014e28                etharp_query
                0x0000000010014fb0                etharp_output
                0x00000000100151cc                etharp_request
 .text          0x0000000010015290      0x848 liblwipcore.a(ip4_frag.c.obj)
                0x00000000100153d0                ip_reass_tmr
                0x0000000010015470                ip4_reass
                0x0000000010015978                ip4_frag
 .text          0x0000000010015ad8      0x748 liblwipcore.a(ip4.c.obj)
                0x0000000010015ad8                ip4_route
                0x0000000010015b58                ip4_input
                0x0000000010015ddc                ip4_output_if
                0x0000000010015f44                ip4_output_if_src
                0x000000001001609c                ip4_output
 .text          0x0000000010016220      0x3bc liblwipcore.a(ip4_addr.c.obj)
                0x0000000010016220                ip4_addr_isbroadcast_u32
                0x000000001001625c                ip4_addr_netmask_valid
                0x000000001001628c                ip4addr_aton
                0x000000001001640c                ipaddr_addr
                0x0000000010016428                ip4addr_ntoa
                0x0000000010016504                ip4addr_ntoa_r
 .text          0x00000000100165dc      0x13c liblwipcore.a(ethernet.c.obj)
                0x00000000100165dc                ethernet_input
                0x00000000100166b0                ethernet_output
 .text          0x0000000010016718      0x334 liblwipcore.a(inet_chksum.c.obj)
                0x0000000010016718                lwip_standard_chksum
                0x0000000010016798                inet_chksum_pseudo
                0x000000001001684c                ip_chksum_pseudo
                0x000000001001685c                inet_chksum_pseudo_partial
                0x0000000010016940                ip_chksum_pseudo_partial
                0x0000000010016954                inet_chksum
                0x00000000100169e0                inet_chksum_pbuf
 .text          0x0000000010016a4c       0x18 /usr/lib/gcc/arm-none-eabi/10.3.1/../../../arm-none-eabi/lib/thumb/v6-m/nofp/libc.a(lib_a-atoi.o)
                0x0000000010016a4c                atoi
                0x0000000010016a58                _atoi_r
 .text          0x0000000010016a64       0x18 /usr/lib/gcc/arm-none-eabi/10.3.1/../../../arm-none-eabi/lib/thumb/v6-m/nofp/libc.a(lib_a-calloc.o)
                0x0000000010016a64                calloc
 .text          0x0000000010016a7c       0x5c /usr/lib/gcc/arm-none-eabi/10.3.1/../../../arm-none-eabi/lib/thumb/v6-m/nofp/libc.a(lib_a-callocr.o)
                0x0000000010016a7c                _calloc_r
 .text          0x0000000010016ad8       0x28 /usr/lib/gcc/arm-none-eabi/10.3.1/../../../arm-none-eabi/lib/thumb/v6-m/nofp/libc.a(lib_a-malloc.o)
                0x0000000010016ad8                malloc
                0x0000000010016aec                free
 .text          0x0000000010016b00      0x574 /usr/lib/gcc/arm-none-eabi/10.3.1/../../../arm-none-eabi/lib/thumb/v6-m/nofp/libc.a(lib_a-mallocr.o)
                0x0000000010016b00                _malloc_r
 .text          0x0000000010017074        0x8 /usr/lib/gcc/arm-none-eabi/10.3.1/../../../arm-none-eabi/lib/thumb/v6-m/nofp/libc.a(lib_a-mlock.o)
                0x0000000010017074                __malloc_lock
                0x0000000010017078                __malloc_unlock
 .text          0x000000001001707c       0x24 /usr/lib/gcc/arm-none-eabi/10.3.1/../../../arm-none-eabi/lib/thumb/v6-m/nofp/libc.a(lib_a-sbrkr.o)
                0x000000001001707c                _sbrk_r
 .text          0x00000000100170a0       0x5c /usr/lib/gcc/arm-none-eabi/10.3.1/../../../arm-none-eabi/lib/thumb/v6-m/nofp/libc.a(lib_a-strlen-stub.o)
                0x00000000100170a0                strlen
 .text          0x00000000100170fc       0x74 /usr/lib/gcc/arm-none-eabi/10.3.1/../../../arm-none-eabi/lib/thumb/v6-m/nofp/libc.a(lib_a-strncmp.o)
                0x00000000100170fc                strncmp
 .text          0x0000000010017170      0x1b8 /usr/lib/gcc/arm-none-eabi/10.3.1/../../../arm-none-eabi/lib/thumb/v6-m/nofp/libc.a(lib_a-strtol.o)
                0x00000000100172b4                _strtol_r
                0x00000000100172d0                strtol_l
                0x00000000100172fc                strtol
 .text          0x0000000010017328        0xc /usr/lib/gcc/arm-none-eabi/10.3.1/../../../arm-none-eabi/lib/thumb/v6-m/nofp/libc.a(lib_a-errno.o)
                0x0000000010017328                __errno
 .text          0x0000000010017334      0x260 /usr/lib/gcc/arm-none-eabi/10.3.1/../../../arm-none-eabi/lib/thumb/v6-m/nofp/libc.a(lib_a-freer.o)
                0x0000000010017334                _malloc_trim_r
                0x00000000100173d0                _free_r
 *(.fini)
 .fini          0x0000000010017594        0x4 /usr/lib/gcc/arm-none-eabi/10.3.1/thumb/v6-m/nofp/crti.o
                0x0000000010017594                _fini
 .fini.__stub   0x0000000010017598      0x150 linker stubs
 *crtbegin.o(.ctors)
 *crtbegin?.o(.ctors)
 *(EXCLUDE_FILE(*crtend.o *crtend?.o) .ctors)
 *(SORT_BY_NAME(.ctors.*))
 *(.ctors)
 *crtbegin.o(.dtors)
 *crtbegin?.o(.dtors)
 *(EXCLUDE_FILE(*crtend.o *crtend?.o) .dtors)
 *(SORT_BY_NAME(.dtors.*))
 *(.dtors)
 *(.eh_frame*)
 .eh_frame      0x00000000100176e8        0x0 /usr/lib/gcc/arm-none-eabi/10.3.1/thumb/v6-m/nofp/crtbegin.o