Archive member included to satisfy reference by file (symbol)

liblwipallapps.a(httpd.c.obj)
                              CMakeFiles/pico_webserver.dir/webserver.c.obj (httpd_init)
liblwipallapps.a(fs.c.obj)    liblwipallapps.a(httpd.c.obj) (fs_open)
/usr/lib/gcc/arm-none-eabi/10.3.1/thumb/v6-m/nofp/libgcc.a(_dvmd_tls.o)
                              CMakeFiles/pico_webserver.dir/pico-sdk/src/rp2_common/pico_divider/divider.S.obj (__aeabi_idiv0)
/usr/lib/gcc/arm-none-eabi/10.3.1/../../../arm-none-eabi/lib/thumb/v6-m/nofp/libc.a(lib_a-atexit.o)
                              /usr/lib/gcc/arm-none-eabi/10.3.1/../../../arm-none-eabi/lib/thumb/v6-m/nofp/crt0.o (atexit)
/usr/lib/gcc/arm-none-eabi/10.3.1/../../../arm-none-eabi/lib/thumb/v6-m/nofp/libc.a(lib_a-atoi.o)
                              CMakeFiles/pico_webserver.dir/pico-sdk/lib/lwip/src/core/netif.c.obj (atoi)
/usr/lib/gcc/arm-none-eabi/10.3.1/../../../arm-none-eabi/lib/thumb/v6-m/nofp/libc.a(lib_a-calloc.o)
                              CMakeFiles/pico_webserver.dir/pico-sdk/src/rp2_common/pico_malloc/pico_malloc.c.obj (calloc)
/usr/lib/gcc/arm-none-eabi/10.3.1/../../../arm-none-eabi/lib/thumb/v6-m/nofp/libc.a(lib_a-callocr.o)
                              /usr/lib/gcc/arm-none-eabi/10.3.1/../../../arm-none-eabi/lib/thumb/v6-m/nofp/libc.a(lib_a-calloc.o) (_calloc_r)
/usr/lib/gcc/arm-none-eabi/10.3.1/../../../arm-none-eabi/lib/thumb/v6-m/nofp/libc.a(lib_a-ctype_.o)
                              CMakeFiles/pico_webserver.dir/pico-sdk/lib/lwip/src/core/ipv4/ip4_addr.c.obj (_ctype_)
/usr/lib/gcc/arm-none-eabi/10.3.1/../../../arm-none-eabi/lib/thumb/v6-m/nofp/libc.a(lib_a-fini.o)
                              /usr/lib/gcc/arm-none-eabi/10.3.1/../../../arm-none-eabi/lib/thumb/v6-m/nofp/crt0.o (__libc_fini_array)
/usr/lib/gcc/arm-none-eabi/10.3.1/../../../arm-none-eabi/lib/thumb/v6-m/nofp/libc.a(lib_a-impure.o)
                              /usr/lib/gcc/arm-none-eabi/10.3.1/../../../arm-none-eabi/lib/thumb/v6-m/nofp/libc.a(lib_a-calloc.o) (_impure_ptr)
/usr/lib/gcc/arm-none-eabi/10.3.1/../../../arm-none-eabi/lib/thumb/v6-m/nofp/libc.a(lib_a-init.o)
                              /usr/lib/gcc/arm-none-eabi/10.3.1/../../../arm-none-eabi/lib/thumb/v6-m/nofp/crt0.o (__libc_init_array)
/usr/lib/gcc/arm-none-eabi/10.3.1/../../../arm-none-eabi/lib/thumb/v6-m/nofp/libc.a(lib_a-malloc.o)
                              CMakeFiles/pico_webserver.dir/pico-sdk/src/rp2_common/pico_malloc/pico_malloc.c.obj (malloc)
/usr/lib/gcc/arm-none-eabi/10.3.1/../../../arm-none-eabi/lib/thumb/v6-m/nofp/libc.a(lib_a-mallocr.o)
                              /usr/lib/gcc/arm-none-eabi/10.3.1/../../../arm-none-eabi/lib/thumb/v6-m/nofp/libc.a(lib_a-callocr.o) (_malloc_r)
/usr/lib/gcc/arm-none-eabi/10.3.1/../../../arm-none-eabi/lib/thumb/v6-m/nofp/libc.a(lib_a-memcmp.o)
                              CMakeFiles/pico_webserver.dir/pico-sdk/lib/tinyusb/lib/networking/dhserver.c.obj (memcmp)
/usr/lib/gcc/arm-none-eabi/10.3.1/../../../arm-none-eabi/lib/thumb/v6-m/nofp/libc.a(lib_a-memmove.o)
                              CMakeFiles/pico_webserver.dir/pico-sdk/lib/lwip/src/core/def.c.obj (memmove)
/usr/lib/gcc/arm-none-eabi/10.3.1/../../../arm-none-eabi/lib/thumb/v6-m/nofp/libc.a(lib_a-mlock.o)
                              /usr/lib/gcc/arm-none-eabi/10.3.1/../../../arm-none-eabi/lib/thumb/v6-m/nofp/libc.a(lib_a-mallocr.o) (__malloc_lock)
/usr/lib/gcc/arm-none-eabi/10.3.1/../../../arm-none-eabi/lib/thumb/v6-m/nofp/libc.a(lib_a-realloc.o)
                              CMakeFiles/pico_webserver.dir/pico-sdk/src/rp2_common/pico_malloc/pico_malloc.c.obj (realloc)
/usr/lib/gcc/arm-none-eabi/10.3.1/../../../arm-none-eabi/lib/thumb/v6-m/nofp/libc.a(lib_a-reallocr.o)
                              /usr/lib/gcc/arm-none-eabi/10.3.1/../../../arm-none-eabi/lib/thumb/v6-m/nofp/libc.a(lib_a-realloc.o) (_realloc_r)
/usr/lib/gcc/arm-none-eabi/10.3.1/../../../arm-none-eabi/lib/thumb/v6-m/nofp/libc.a(lib_a-sbrkr.o)
                              /usr/lib/gcc/arm-none-eabi/10.3.1/../../../arm-none-eabi/lib/thumb/v6-m/nofp/libc.a(lib_a-mallocr.o) (_sbrk_r)
/usr/lib/gcc/arm-none-eabi/10.3.1/../../../arm-none-eabi/lib/thumb/v6-m/nofp/libc.a(lib_a-strchr.o)
                              liblwipallapps.a(httpd.c.obj) (strchr)
/usr/lib/gcc/arm-none-eabi/10.3.1/../../../arm-none-eabi/lib/thumb/v6-m/nofp/libc.a(lib_a-strcmp.o)
                              liblwipallapps.a(httpd.c.obj) (strcmp)
/usr/lib/gcc/arm-none-eabi/10.3.1/../../../arm-none-eabi/lib/thumb/v6-m/nofp/libc.a(lib_a-strlen-stub.o)
                              CMakeFiles/pico_webserver.dir/usb_descriptors.c.obj (strlen)
/usr/lib/gcc/arm-none-eabi/10.3.1/../../../arm-none-eabi/lib/thumb/v6-m/nofp/libc.a(lib_a-strncmp.o)
                              CMakeFiles/pico_webserver.dir/pico-sdk/lib/lwip/src/core/def.c.obj (strncmp)
/usr/lib/gcc/arm-none-eabi/10.3.1/../../../arm-none-eabi/lib/thumb/v6-m/nofp/libc.a(lib_a-strtol.o)
[...]
Memory Configuration

Name             Origin             Length             Attributes
FLASH            0x0000000010000000 0x0000000000200000 xr
RAM              0x0000000020000000 0x0000000000040000 xrw
SCRATCH_X        0x0000000020040000 0x0000000000001000 xrw
SCRATCH_Y        0x0000000020041000 0x0000000000001000 xrw
*default*        0x0000000000000000 0xffffffffffffffff

Linker script and memory map

LOAD /usr/lib/gcc/arm-none-eabi/10.3.1/thumb/v6-m/nofp/crti.o
LOAD /usr/lib/gcc/arm-none-eabi/10.3.1/thumb/v6-m/nofp/crtbegin.o
LOAD /usr/lib/gcc/arm-none-eabi/10.3.1/../../../arm-none-eabi/lib/thumb/v6-m/nofp/crt0.o

.flash_begin    0x0000000010000000        0x0
                0x0000000010000000                __flash_binary_start = .

.boot2          0x0000000010000000      0x100
                0x0000000010000000                __boot2_start__ = .
 *(.boot2)
 .boot2         0x0000000010000000      0x100 /tmp/ccCPHpX0.o
                0x0000000010000100                __boot2_end__ = .
                0x0000000000000001                ASSERT (((__boot2_end__ - __boot2_start__) == 0x100), ERROR: Pico second stage bootloader must be 256 bytes in size)

.text           0x0000000010000100     0xe438
                0x0000000010000100                __logical_binary_start = .
 *(.vectors)
 .vectors       0x0000000010000100       0xd4 CMakeFiles/pico_webserver.dir/pico-sdk/src/rp2_common/pico_standard_link/crt0.S.obj
                0x0000000010000100                __vectors
                0x0000000010000100                __VECTOR_TABLE
                0x00000000100001c0                isr_invalid
                0x00000000100001c0                __default_isrs_start
                0x00000000100001c2                isr_nmi
                0x00000000100001c4                isr_hardfault
                0x00000000100001c6                isr_svcall
                0x00000000100001c8                isr_pendsv
                0x00000000100001ca                isr_systick
                0x00000000100001cc                isr_irq30
                0x00000000100001cc                __unhandled_user_irq
                0x00000000100001cc                isr_irq13
                0x00000000100001cc                isr_irq27
                0x00000000100001cc                isr_irq31
                0x00000000100001cc                isr_irq5
                0x00000000100001cc                isr_irq11
                0x00000000100001cc                isr_irq23
                0x00000000100001cc                isr_irq18
                0x00000000100001cc                isr_irq28
                0x00000000100001cc                isr_irq19
                0x00000000100001cc                isr_irq0
                0x00000000100001cc                isr_irq6
                0x00000000100001cc                isr_irq22
                0x00000000100001cc                isr_irq17
                0x00000000100001cc                isr_irq14
                0x00000000100001cc                isr_irq2
                0x00000000100001cc                isr_irq10
                0x00000000100001cc                isr_irq8
                0x00000000100001cc                isr_irq24
                0x00000000100001cc                isr_irq1
                0x00000000100001cc                isr_irq7
                0x00000000100001cc                isr_irq21
                0x00000000100001cc                isr_irq20
                0x00000000100001cc                isr_irq15
                0x00000000100001cc                isr_irq25
                0x00000000100001cc                isr_irq4
                0x00000000100001cc                isr_irq16
                0x00000000100001cc                isr_irq29
                0x00000000100001cc                isr_irq26
                0x00000000100001cc                __default_isrs_end
                0x00000000100001cc                isr_irq3
                0x00000000100001cc                isr_irq12
                0x00000000100001cc                isr_irq9
                0x00000000100001d2                unhandled_user_irq_num_in_r0
 *(.binary_info_header)
 .binary_info_header
                0x00000000100001d4       0x14 CMakeFiles/pico_webserver.dir/pico-sdk/src/rp2_common/pico_standard_link/crt0.S.obj
                0x00000000100001e8                __binary_info_header_end = .
 *(.reset)
 .reset         0x00000000100001e8       0xa0 CMakeFiles/pico_webserver.dir/pico-sdk/src/rp2_common/pico_standard_link/crt0.S.obj
                0x00000000100001e8                _entry_point
 .reset         0x0000000010000288       0x30 CMakeFiles/pico_webserver.dir/pico-sdk/src/rp2_common/pico_standard_link/binary_info.c.obj
 *(.init)
 .init          0x00000000100002b8        0x4 /usr/lib/gcc/arm-none-eabi/10.3.1/thumb/v6-m/nofp/crti.o
                0x00000000100002b8                _init
 *(EXCLUDE_FILE(*libm.a: *libc.a:*lib_a-mem*.o *libgcc.a:) .text*)
 .text          0x00000000100002bc       0x98 /usr/lib/gcc/arm-none-eabi/10.3.1/thumb/v6-m/nofp/crtbegin.o
 .text.cgi_toggle_led
                0x0000000010000354       0x20 CMakeFiles/pico_webserver.dir/webserver.c.obj
 .text.cgi_reset_usb_boot
                0x0000000010000374       0x14 CMakeFiles/pico_webserver.dir/webserver.c.obj
 .text.startup.main
                0x0000000010000388       0x40 CMakeFiles/pico_webserver.dir/webserver.c.obj
                0x0000000010000388                main
 .text.netif_init_cb
                0x00000000100003c8       0x30 CMakeFiles/pico_webserver.dir/tusb_lwip_glue.c.obj
 .text.output_fn
                0x00000000100003f8        0x8 CMakeFiles/pico_webserver.dir/tusb_lwip_glue.c.obj
 .text.linkoutput_fn
                0x0000000010000400       0x3c CMakeFiles/pico_webserver.dir/tusb_lwip_glue.c.obj
 .text.init_lwip
                0x000000001000043c       0x60 CMakeFiles/pico_webserver.dir/tusb_lwip_glue.c.obj
                0x000000001000043c                init_lwip
 .text.tud_network_init_cb
                0x000000001000049c       0x18 CMakeFiles/pico_webserver.dir/tusb_lwip_glue.c.obj
                0x000000001000049c                tud_network_init_cb
 .text.tud_network_recv_cb
                0x00000000100004b4       0x3c CMakeFiles/pico_webserver.dir/tusb_lwip_glue.c.obj
                0x00000000100004b4                tud_network_recv_cb
 .text.tud_network_xmit_cb
                0x00000000100004f0       0x30 CMakeFiles/pico_webserver.dir/tusb_lwip_glue.c.obj
                0x00000000100004f0                tud_network_xmit_cb
 .text.service_traffic
                0x0000000010000520       0x2c CMakeFiles/pico_webserver.dir/tusb_lwip_glue.c.obj
                0x0000000010000520                service_traffic
 .text.dhcpd_init
                0x000000001000054c       0x14 CMakeFiles/pico_webserver.dir/tusb_lwip_glue.c.obj
                0x000000001000054c                dhcpd_init
 .text.wait_for_netif_is_up
                0x0000000010000560       0x14 CMakeFiles/pico_webserver.dir/tusb_lwip_glue.c.obj
                0x0000000010000560                wait_for_netif_is_up
 .text.tud_descriptor_device_cb
                0x0000000010000574        0x8 CMakeFiles/pico_webserver.dir/usb_descriptors.c.obj
                0x0000000010000574                tud_descriptor_device_cb
 .text.tud_descriptor_configuration_cb
                0x000000001000057c       0x14 CMakeFiles/pico_webserver.dir/usb_descriptors.c.obj
                0x000000001000057c                tud_descriptor_configuration_cb
 .text.tud_descriptor_string_cb
                0x0000000010000590      0x17c CMakeFiles/pico_webserver.dir/usb_descriptors.c.obj
                0x0000000010000590                tud_descriptor_string_cb
 .text.fill_options
                0x000000001000070c       0xdc CMakeFiles/pico_webserver.dir/pico-sdk/lib/tinyusb/lib/networking/dhserver.c.obj
                0x000000001000070c                fill_options
 .text.udp_recv_proc
                0x00000000100007e8      0x2e4 CMakeFiles/pico_webserver.dir/pico-sdk/lib/tinyusb/lib/networking/dhserver.c.obj
 .text.dhserv_init
                0x0000000010000acc       0x64 CMakeFiles/pico_webserver.dir/pico-sdk/lib/tinyusb/lib/networking/dhserver.c.obj
                0x0000000010000acc                dhserv_init
 .text.rndis_class_set_handler
                0x0000000010000b30      0x2d4 CMakeFiles/pico_webserver.dir/pico-sdk/lib/tinyusb/lib/networking/rndis_reports.c.obj
                0x0000000010000b30                rndis_class_set_handler
 .text.gpio_init
                0x0000000010000e04       0x3c CMakeFiles/pico_webserver.dir/pico-sdk/src/rp2_common/hardware_gpio/gpio.c.obj
                0x0000000010000e04                gpio_init
 .text.running_on_fpga
                0x0000000010000e40       0x10 CMakeFiles/pico_webserver.dir/pico-sdk/src/rp2_common/pico_platform/platform.c.obj
                0x0000000010000e40                running_on_fpga
 .text.hw_claim_or_assert
                0x0000000010000e50       0x44 CMakeFiles/pico_webserver.dir/pico-sdk/src/rp2_common/hardware_claim/claim.c.obj
                0x0000000010000e50                hw_claim_or_assert
 .text.hw_claim_unused_from_range
                0x0000000010000e94       0x9c CMakeFiles/pico_webserver.dir/pico-sdk/src/rp2_common/hardware_claim/claim.c.obj
                0x0000000010000e94                hw_claim_unused_from_range
 .text.spin_locks_reset
                0x0000000010000f30       0x1c CMakeFiles/pico_webserver.dir/pico-sdk/src/rp2_common/hardware_sync/sync.c.obj
                0x0000000010000f30                spin_locks_reset
 .text.next_striped_spin_lock_num
                0x0000000010000f4c       0x18 CMakeFiles/pico_webserver.dir/pico-sdk/src/rp2_common/hardware_sync/sync.c.obj
                0x0000000010000f4c                next_striped_spin_lock_num
 .text.spin_lock_claim_unused
                0x0000000010000f64       0x20 CMakeFiles/pico_webserver.dir/pico-sdk/src/rp2_common/hardware_sync/sync.c.obj
                0x0000000010000f64                spin_lock_claim_unused
 .text.irq_set_enabled
                0x0000000010000f84       0x24 CMakeFiles/pico_webserver.dir/pico-sdk/src/rp2_common/hardware_irq/irq.c.obj
                0x0000000010000f84                irq_set_enabled
 .text.irq_get_vtable_handler
                0x0000000010000fa8       0x10 CMakeFiles/pico_webserver.dir/pico-sdk/src/rp2_common/hardware_irq/irq.c.obj
                0x0000000010000fa8                irq_get_vtable_handler
 .text.irq_set_exclusive_handler
                0x0000000010000fb8       0x54 CMakeFiles/pico_webserver.dir/pico-sdk/src/rp2_common/hardware_irq/irq.c.obj
                0x0000000010000fb8                irq_set_exclusive_handler
 .text.irq_add_shared_handler
                0x000000001000100c      0x1e8 CMakeFiles/pico_webserver.dir/pico-sdk/src/rp2_common/hardware_irq/irq.c.obj
                0x000000001000100c                irq_add_shared_handler
 .text.irq_remove_handler
                0x00000000100011f4      0x1b0 CMakeFiles/pico_webserver.dir/pico-sdk/src/rp2_common/hardware_irq/irq.c.obj
                0x00000000100011f4                irq_remove_handler
 .text.irq_add_tail_to_free_list
                0x00000000100013a4       0xb4 CMakeFiles/pico_webserver.dir/pico-sdk/src/rp2_common/hardware_irq/irq.c.obj
                0x00000000100013a4                irq_add_tail_to_free_list
 .text.irq_init_priorities
                0x0000000010001458       0x24 CMakeFiles/pico_webserver.dir/pico-sdk/src/rp2_common/hardware_irq/irq.c.obj
                0x0000000010001458                irq_init_priorities
 .text.lock_init
                0x000000001000147c       0x10 CMakeFiles/pico_webserver.dir/pico-sdk/src/common/pico_sync/lock_core.c.obj
                0x000000001000147c                lock_init
 .text.mutex_init
                0x000000001000148c       0x1c CMakeFiles/pico_webserver.dir/pico-sdk/src/common/pico_sync/mutex.c.obj
                0x000000001000148c                mutex_init
 .text.recursive_mutex_init
                0x00000000100014a8       0x1c CMakeFiles/pico_webserver.dir/pico-sdk/src/common/pico_sync/mutex.c.obj
                0x00000000100014a8                recursive_mutex_init
 .text.critical_section_init
                0x00000000100014c4       0x20 CMakeFiles/pico_webserver.dir/pico-sdk/src/common/pico_sync/critical_section.c.obj
                0x00000000100014c4                critical_section_init
 .text.timer_pool_entry_comparator
                0x00000000100014e4       0x34 CMakeFiles/pico_webserver.dir/pico-sdk/src/common/pico_time/time.c.obj
                0x00000000100014e4                timer_pool_entry_comparator
 .text.sleep_until_callback
                0x0000000010001518       0x30 CMakeFiles/pico_webserver.dir/pico-sdk/src/common/pico_time/time.c.obj
 .text.add_alarm_under_lock.isra.0
                0x0000000010001548      0x100 CMakeFiles/pico_webserver.dir/pico-sdk/src/common/pico_time/time.c.obj
 .text.alarm_pool_alarm_callback
                0x0000000010001648      0x1bc CMakeFiles/pico_webserver.dir/pico-sdk/src/common/pico_time/time.c.obj
 .text.alarm_pool_init_default
                0x0000000010001804       0x6c CMakeFiles/pico_webserver.dir/pico-sdk/src/common/pico_time/time.c.obj
                0x0000000010001804                alarm_pool_init_default
 .text.alarm_pool_add_alarm_at
                0x0000000010001870      0x178 CMakeFiles/pico_webserver.dir/pico-sdk/src/common/pico_time/time.c.obj
                0x0000000010001870                alarm_pool_add_alarm_at
 .text.best_effort_wfe_or_timeout
                0x00000000100019e8       0xd4 CMakeFiles/pico_webserver.dir/pico-sdk/src/common/pico_time/time.c.obj
                0x00000000100019e8                best_effort_wfe_or_timeout
 .text.hardware_alarm_irq_handler
                0x0000000010001abc       0xbc CMakeFiles/pico_webserver.dir/pico-sdk/src/rp2_common/hardware_timer/timer.c.obj
 .text.hardware_alarm_claim
                0x0000000010001b78       0x18 CMakeFiles/pico_webserver.dir/pico-sdk/src/rp2_common/hardware_timer/timer.c.obj
                0x0000000010001b78                hardware_alarm_claim
 .text.time_us_64
                0x0000000010001b90       0x14 CMakeFiles/pico_webserver.dir/pico-sdk/src/rp2_common/hardware_timer/timer.c.obj
                0x0000000010001b90                time_us_64
 .text.hardware_alarm_set_callback
                0x0000000010001ba4       0x8c CMakeFiles/pico_webserver.dir/pico-sdk/src/rp2_common/hardware_timer/timer.c.obj
                0x0000000010001ba4                hardware_alarm_set_callback
 .text.hardware_alarm_set_target
                0x0000000010001c30       0xd4 CMakeFiles/pico_webserver.dir/pico-sdk/src/rp2_common/hardware_timer/timer.c.obj
                0x0000000010001c30                hardware_alarm_set_target
 .text.hardware_alarm_cancel
                0x0000000010001d04       0x3c CMakeFiles/pico_webserver.dir/pico-sdk/src/rp2_common/hardware_timer/timer.c.obj
                0x0000000010001d04                hardware_alarm_cancel
 .text.ph_merge_nodes
                0x0000000010001d40       0x68 CMakeFiles/pico_webserver.dir/pico-sdk/src/common/pico_util/pheap.c.obj
 .text.ph_post_alloc_init
                0x0000000010001da8       0x3c CMakeFiles/pico_webserver.dir/pico-sdk/src/common/pico_util/pheap.c.obj
                0x0000000010001da8                ph_post_alloc_init
 .text.ph_merge_two_pass
                0x0000000010001de4       0x90 CMakeFiles/pico_webserver.dir/pico-sdk/src/common/pico_util/pheap.c.obj
                0x0000000010001de4                ph_merge_two_pass
 .text.ph_remove_any_head
                0x0000000010001e74      0x100 CMakeFiles/pico_webserver.dir/pico-sdk/src/common/pico_util/pheap.c.obj
 .text.ph_remove_head
                0x0000000010001f74      0x104 CMakeFiles/pico_webserver.dir/pico-sdk/src/common/pico_util/pheap.c.obj
                0x0000000010001f74                ph_remove_head
 .text.ph_remove_and_free_node
                0x0000000010002078       0x7c CMakeFiles/pico_webserver.dir/pico-sdk/src/common/pico_util/pheap.c.obj
                0x0000000010002078                ph_remove_and_free_node
 .text.clocks_init
                0x00000000100020f4      0x2d0 CMakeFiles/pico_webserver.dir/pico-sdk/src/rp2_common/hardware_clocks/clocks.c.obj
                0x00000000100020f4                clocks_init
 .text.pll_init
                0x00000000100023c4       0xa0 CMakeFiles/pico_webserver.dir/pico-sdk/src/rp2_common/hardware_pll/pll.c.obj
                0x00000000100023c4                pll_init
 .text.watchdog_start_tick
                0x0000000010002464       0x10 CMakeFiles/pico_webserver.dir/pico-sdk/src/rp2_common/hardware_watchdog/watchdog.c.obj
                0x0000000010002464                watchdog_start_tick
 .text.xosc_init
                0x0000000010002474       0x28 CMakeFiles/pico_webserver.dir/pico-sdk/src/rp2_common/hardware_xosc/xosc.c.obj
                0x0000000010002474                xosc_init
 .text.runtime_init
                0x000000001000249c       0xf0 CMakeFiles/pico_webserver.dir/pico-sdk/src/rp2_common/pico_runtime/runtime.c.obj
                0x000000001000249c                runtime_init
 .text._exit    0x000000001000258c       0x14 CMakeFiles/pico_webserver.dir/pico-sdk/src/rp2_common/pico_runtime/runtime.c.obj
                0x000000001000258c                _exit
 .text.exit     0x00000000100025a0        0x8 CMakeFiles/pico_webserver.dir/pico-sdk/src/rp2_common/pico_runtime/runtime.c.obj
                0x00000000100025a0                exit
 .text.panic    0x00000000100025a8       0x30 CMakeFiles/pico_webserver.dir/pico-sdk/src/rp2_common/pico_runtime/runtime.c.obj
                0x00000000100025a8                panic
 .text.hard_assertion_failure
                0x00000000100025d8        0xc CMakeFiles/pico_webserver.dir/pico-sdk/src/rp2_common/pico_runtime/runtime.c.obj
                0x00000000100025d8                hard_assertion_failure
 .text._out_char
                0x00000000100025e4       0x10 CMakeFiles/pico_webserver.dir/pico-sdk/src/rp2_common/pico_printf/printf.c.obj
 .text.weak_raw_vprintf
                0x00000000100025f4       0x30 CMakeFiles/pico_webserver.dir/pico-sdk/src/rp2_common/pico_printf/printf.c.obj
                0x00000000100025f4                weak_raw_vprintf
 .text          0x0000000010002624       0x10 CMakeFiles/pico_webserver.dir/pico-sdk/src/rp2_common/pico_bit_ops/bit_ops_aeabi.S.obj
 .text.rom_func_lookup
                0x0000000010002634       0x10 CMakeFiles/pico_webserver.dir/pico-sdk/src/rp2_common/pico_bootrom/bootrom.c.obj
                0x0000000010002634                rom_func_lookup
 .text.rom_data_lookup
                0x0000000010002644       0x10 CMakeFiles/pico_webserver.dir/pico-sdk/src/rp2_common/pico_bootrom/bootrom.c.obj
                0x0000000010002644                rom_data_lookup
 .text.rom_funcs_lookup
                0x0000000010002654       0x44 CMakeFiles/pico_webserver.dir/pico-sdk/src/rp2_common/pico_bootrom/bootrom.c.obj
                0x0000000010002654                rom_funcs_lookup
 .text.__wrap___aeabi_uidiv
                0x0000000010002698       0x4c CMakeFiles/pico_webserver.dir/pico-sdk/src/rp2_common/pico_divider/divider.S.obj
                0x0000000010002698                __wrap___aeabi_uidiv
                0x0000000010002698                __wrap___aeabi_uidivmod
                0x0000000010002698                div_u32u32
                0x0000000010002698                divmod_u32u32
                0x00000000100026a0                divmod_u32u32_unsafe
                0x00000000100026c8                divmod_u32u32_savestate
 .text.__wrap___aeabi_ldiv
                0x00000000100026e4      0x424 CMakeFiles/pico_webserver.dir/pico-sdk/src/rp2_common/pico_divider/divider.S.obj
                0x00000000100026e4                div_s64s64
                0x00000000100026e4                divmod_s64s64
                0x00000000100026e4                __wrap___aeabi_ldivmod
                0x0000000010002714                div_u64u64
                0x0000000010002714                divmod_u64u64
                0x0000000010002714                __wrap___aeabi_uldivmod
                0x0000000010002724                divmod_u64u64_savestate
                0x0000000010002744                divmod_s64s64_unsafe
                0x00000000100027cc                divmod_u64u64_unsafe
 .text.missing_double_func_shim
                0x0000000010002b08        0xc CMakeFiles/pico_webserver.dir/pico-sdk/src/rp2_common/pico_double/double_init_rom.c.obj
 .text.__aeabi_double_init
                0x0000000010002b14       0x98 CMakeFiles/pico_webserver.dir/pico-sdk/src/rp2_common/pico_double/double_init_rom.c.obj
                0x0000000010002b14                __aeabi_double_init
 .text.double_table_shim_on_use_helper
                0x0000000010002bac       0x2c CMakeFiles/pico_webserver.dir/pico-sdk/src/rp2_common/pico_double/double_v1_rom_shim.S.obj
                0x0000000010002bac                double_table_shim_on_use_helper
 .text.__aeabi_lmul
                0x0000000010002bd8       0x32 CMakeFiles/pico_webserver.dir/pico-sdk/src/rp2_common/pico_int64_ops/pico_int64_ops_aeabi.S.obj
                0x0000000010002bd8                __wrap___aeabi_lmul
 *fill*         0x0000000010002c0a        0x2 
 .text.missing_float_func_shim
                0x0000000010002c0c        0xc CMakeFiles/pico_webserver.dir/pico-sdk/src/rp2_common/pico_float/float_init_rom.c.obj
 .text.__aeabi_float_init
                0x0000000010002c18       0x5c CMakeFiles/pico_webserver.dir/pico-sdk/src/rp2_common/pico_float/float_init_rom.c.obj
                0x0000000010002c18                __aeabi_float_init
 .text          0x0000000010002c74       0x10 CMakeFiles/pico_webserver.dir/pico-sdk/src/rp2_common/pico_mem_ops/mem_ops_aeabi.S.obj
                0x0000000010002c74                __aeabi_mem_init
 .text.memset   0x0000000010002c84        0xc CMakeFiles/pico_webserver.dir/pico-sdk/src/rp2_common/pico_mem_ops/mem_ops_aeabi.S.obj
                0x0000000010002c84                __wrap_memset
 .text.memcpy   0x0000000010002c90        0xc CMakeFiles/pico_webserver.dir/pico-sdk/src/rp2_common/pico_mem_ops/mem_ops_aeabi.S.obj
                0x0000000010002c90                __wrap___aeabi_memcpy
                0x0000000010002c90                __wrap_memcpy
 .text.stdio_out_chars_no_crlf
                0x0000000010002c9c       0x10 CMakeFiles/pico_webserver.dir/pico-sdk/src/rp2_common/pico_stdio/stdio.c.obj
 .text.stdio_out_chars_crlf
                0x0000000010002cac       0xb4 CMakeFiles/pico_webserver.dir/pico-sdk/src/rp2_common/pico_stdio/stdio.c.obj
 .text.stdio_put_string.isra.0
                0x0000000010002d60       0xfc CMakeFiles/pico_webserver.dir/pico-sdk/src/rp2_common/pico_stdio/stdio.c.obj
 .text.__wrap_putchar
                0x0000000010002e5c       0x98 CMakeFiles/pico_webserver.dir/pico-sdk/src/rp2_common/pico_stdio/stdio.c.obj
                0x0000000010002e5c                __wrap_putchar
 .text.__wrap_puts
                0x0000000010002ef4       0x3c CMakeFiles/pico_webserver.dir/pico-sdk/src/rp2_common/pico_stdio/stdio.c.obj
                0x0000000010002ef4                __wrap_puts
 .text.startup._retrieve_unique_id_on_boot
                0x0000000010002f30       0x10 CMakeFiles/pico_webserver.dir/pico-sdk/src/rp2_common/pico_unique_id/unique_id.c.obj
 .text.pico_get_unique_board_id
                0x0000000010002f40       0x10 CMakeFiles/pico_webserver.dir/pico-sdk/src/rp2_common/pico_unique_id/unique_id.c.obj
                0x0000000010002f40                pico_get_unique_board_id
 .text.flash_get_unique_id
                0x0000000010002f50       0x40 CMakeFiles/pico_webserver.dir/pico-sdk/src/rp2_common/hardware_flash/flash.c.obj
                0x0000000010002f50                flash_get_unique_id
 .text.dcd_int_enable
                0x0000000010002f90        0xc CMakeFiles/pico_webserver.dir/pico-sdk/lib/tinyusb/src/portable/raspberrypi/rp2040/dcd_rp2040.c.obj
                0x0000000010002f90                dcd_int_enable
 .text.dcd_set_address
                0x0000000010002f9c       0x14 CMakeFiles/pico_webserver.dir/pico-sdk/lib/tinyusb/src/portable/raspberrypi/rp2040/dcd_rp2040.c.obj
                0x0000000010002f9c                dcd_set_address
 .text.dcd_connect
                0x0000000010002fb0       0x10 CMakeFiles/pico_webserver.dir/pico-sdk/lib/tinyusb/src/portable/raspberrypi/rp2040/dcd_rp2040.c.obj
                0x0000000010002fb0                dcd_connect
 .text.dcd_init
                0x0000000010002fc0       0x98 CMakeFiles/pico_webserver.dir/pico-sdk/lib/tinyusb/src/portable/raspberrypi/rp2040/dcd_rp2040.c.obj
                0x0000000010002fc0                dcd_init
 .text.dcd_edpt0_status_complete
                0x0000000010003058       0x1c CMakeFiles/pico_webserver.dir/pico-sdk/lib/tinyusb/src/portable/raspberrypi/rp2040/dcd_rp2040.c.obj
                0x0000000010003058                dcd_edpt0_status_complete
 .text.dcd_edpt_open
                0x0000000010003074      0x108 CMakeFiles/pico_webserver.dir/pico-sdk/lib/tinyusb/src/portable/raspberrypi/rp2040/dcd_rp2040.c.obj
                0x0000000010003074                dcd_edpt_open
 .text.dcd_edpt_close_all
                0x000000001000317c        0x8 CMakeFiles/pico_webserver.dir/pico-sdk/lib/tinyusb/src/portable/raspberrypi/rp2040/dcd_rp2040.c.obj
                0x000000001000317c                dcd_edpt_close_all
 .text.dcd_edpt_xfer
                0x0000000010003184       0x24 CMakeFiles/pico_webserver.dir/pico-sdk/lib/tinyusb/src/portable/raspberrypi/rp2040/dcd_rp2040.c.obj
                0x0000000010003184                dcd_edpt_xfer
 .text.dcd_edpt_stall
                0x00000000100031a8       0x38 CMakeFiles/pico_webserver.dir/pico-sdk/lib/tinyusb/src/portable/raspberrypi/rp2040/dcd_rp2040.c.obj
                0x00000000100031a8                dcd_edpt_stall
 .text.dcd_edpt_clear_stall
                0x00000000100031e0       0x30 CMakeFiles/pico_webserver.dir/pico-sdk/lib/tinyusb/src/portable/raspberrypi/rp2040/dcd_rp2040.c.obj
                0x00000000100031e0                dcd_edpt_clear_stall
 .text.rp2040_usb_init
                0x0000000010003210       0x4c CMakeFiles/pico_webserver.dir/pico-sdk/lib/tinyusb/src/portable/raspberrypi/rp2040/rp2040_usb.c.obj
                0x0000000010003210                rp2040_usb_init
 .text.hw_endpoint_xfer_start
                0x000000001000325c       0x50 CMakeFiles/pico_webserver.dir/pico-sdk/lib/tinyusb/src/portable/raspberrypi/rp2040/rp2040_usb.c.obj
                0x000000001000325c                hw_endpoint_xfer_start
 .text.tud_mounted
                0x00000000100032ac       0x10 CMakeFiles/pico_webserver.dir/pico-sdk/lib/tinyusb/src/device/usbd.c.obj
                0x00000000100032ac                tud_mounted
 .text.tud_suspended
                0x00000000100032bc       0x10 CMakeFiles/pico_webserver.dir/pico-sdk/lib/tinyusb/src/device/usbd.c.obj
                0x00000000100032bc                tud_suspended
 .text.tud_inited
                0x00000000100032cc       0x14 CMakeFiles/pico_webserver.dir/pico-sdk/lib/tinyusb/src/device/usbd.c.obj
                0x00000000100032cc                tud_inited
 .text.tud_init
                0x00000000100032e0       0xe4 CMakeFiles/pico_webserver.dir/pico-sdk/lib/tinyusb/src/device/usbd.c.obj
                0x00000000100032e0                tud_init
 .text.tud_task_ext
                0x00000000100033c4      0x870 CMakeFiles/pico_webserver.dir/pico-sdk/lib/tinyusb/src/device/usbd.c.obj
                0x00000000100033c4                tud_task_ext
 .text.usbd_open_edpt_pair
                0x0000000010003c34       0x9c CMakeFiles/pico_webserver.dir/pico-sdk/lib/tinyusb/src/device/usbd.c.obj
                0x0000000010003c34                usbd_open_edpt_pair
 .text.usbd_edpt_open
                0x0000000010003cd0       0x34 CMakeFiles/pico_webserver.dir/pico-sdk/lib/tinyusb/src/device/usbd.c.obj
                0x0000000010003cd0                usbd_edpt_open
 .text.usbd_edpt_xfer
                0x0000000010003d04       0x4c CMakeFiles/pico_webserver.dir/pico-sdk/lib/tinyusb/src/device/usbd.c.obj
                0x0000000010003d04                usbd_edpt_xfer
 .text.usbd_edpt_busy
                0x0000000010003d50       0x1c CMakeFiles/pico_webserver.dir/pico-sdk/lib/tinyusb/src/device/usbd.c.obj
                0x0000000010003d50                usbd_edpt_busy
 .text.tud_control_status
                0x0000000010003d6c       0x30 CMakeFiles/pico_webserver.dir/pico-sdk/lib/tinyusb/src/device/usbd_control.c.obj
                0x0000000010003d6c                tud_control_status
 .text.tud_control_xfer
                0x0000000010003d9c       0xbc CMakeFiles/pico_webserver.dir/pico-sdk/lib/tinyusb/src/device/usbd_control.c.obj
                0x0000000010003d9c                tud_control_xfer
 .text.usbd_control_reset
                0x0000000010003e58       0x14 CMakeFiles/pico_webserver.dir/pico-sdk/lib/tinyusb/src/device/usbd_control.c.obj
                0x0000000010003e58                usbd_control_reset
 .text.usbd_control_set_complete_callback
                0x0000000010003e6c        0xc CMakeFiles/pico_webserver.dir/pico-sdk/lib/tinyusb/src/device/usbd_control.c.obj
                0x0000000010003e6c                usbd_control_set_complete_callback
 .text.usbd_control_set_request
                0x0000000010003e78       0x1c CMakeFiles/pico_webserver.dir/pico-sdk/lib/tinyusb/src/device/usbd_control.c.obj
                0x0000000010003e78                usbd_control_set_request
 .text.usbd_control_xfer_cb
                0x0000000010003e94       0xfc CMakeFiles/pico_webserver.dir/pico-sdk/lib/tinyusb/src/device/usbd_control.c.obj
                0x0000000010003e94                usbd_control_xfer_cb
 .text.tud_network_recv_renew
                0x0000000010003f90       0x20 CMakeFiles/pico_webserver.dir/pico-sdk/lib/tinyusb/src/class/net/ecm_rndis_device.c.obj
                0x0000000010003f90                tud_network_recv_renew
 .text.netd_report
                0x0000000010003fb0       0x24 CMakeFiles/pico_webserver.dir/pico-sdk/lib/tinyusb/src/class/net/ecm_rndis_device.c.obj
                0x0000000010003fb0                netd_report
 .text.netd_init
                0x0000000010003fd4       0x14 CMakeFiles/pico_webserver.dir/pico-sdk/lib/tinyusb/src/class/net/ecm_rndis_device.c.obj
                0x0000000010003fd4                netd_init
 .text.netd_reset
                0x0000000010003fe8       0x14 CMakeFiles/pico_webserver.dir/pico-sdk/lib/tinyusb/src/class/net/ecm_rndis_device.c.obj
                0x0000000010003fe8                netd_reset
 .text.netd_open
                0x0000000010003ffc      0x11c CMakeFiles/pico_webserver.dir/pico-sdk/lib/tinyusb/src/class/net/ecm_rndis_device.c.obj
                0x0000000010003ffc                netd_open
 .text.netd_control_xfer_cb
                0x0000000010004118      0x174 CMakeFiles/pico_webserver.dir/pico-sdk/lib/tinyusb/src/class/net/ecm_rndis_device.c.obj
                0x0000000010004118                netd_control_xfer_cb
 .text.netd_xfer_cb
                0x000000001000428c       0xec CMakeFiles/pico_webserver.dir/pico-sdk/lib/tinyusb/src/class/net/ecm_rndis_device.c.obj
                0x000000001000428c                netd_xfer_cb
 .text.tud_network_can_xmit
                0x0000000010004378        0xc CMakeFiles/pico_webserver.dir/pico-sdk/lib/tinyusb/src/class/net/ecm_rndis_device.c.obj
                0x0000000010004378                tud_network_can_xmit
 .text.tud_network_xmit
                0x0000000010004384       0x98 CMakeFiles/pico_webserver.dir/pico-sdk/lib/tinyusb/src/class/net/ecm_rndis_device.c.obj
                0x0000000010004384                tud_network_xmit
 .text.tusb_init
                0x000000001000441c        0xc CMakeFiles/pico_webserver.dir/pico-sdk/lib/tinyusb/src/tusb.c.obj
                0x000000001000441c                tusb_init
 .text.tusb_inited
                0x0000000010004428        0x8 CMakeFiles/pico_webserver.dir/pico-sdk/lib/tinyusb/src/tusb.c.obj
                0x0000000010004428                tusb_inited
 .text.tu_edpt_validate
                0x0000000010004430       0x78 CMakeFiles/pico_webserver.dir/pico-sdk/lib/tinyusb/src/tusb.c.obj
                0x0000000010004430                tu_edpt_validate
 .text.tu_edpt_bind_driver
                0x00000000100044a8       0x34 CMakeFiles/pico_webserver.dir/pico-sdk/lib/tinyusb/src/tusb.c.obj
                0x00000000100044a8                tu_edpt_bind_driver
 .text.tu_fifo_read
                0x00000000100044dc       0xa0 CMakeFiles/pico_webserver.dir/pico-sdk/lib/tinyusb/src/common/tusb_fifo.c.obj
                0x00000000100044dc                tu_fifo_read
 .text.tu_fifo_write
                0x000000001000457c       0x88 CMakeFiles/pico_webserver.dir/pico-sdk/lib/tinyusb/src/common/tusb_fifo.c.obj
                0x000000001000457c                tu_fifo_write
 .text.tu_fifo_clear
                0x0000000010004604       0x40 CMakeFiles/pico_webserver.dir/pico-sdk/lib/tinyusb/src/common/tusb_fifo.c.obj
                0x0000000010004604                tu_fifo_clear
 .text.sys_arch_protect
                0x0000000010004644        0x4 CMakeFiles/pico_webserver.dir/pico-sdk/src/rp2_common/pico_lwip/lwip_nosys.c.obj
                0x0000000010004644                sys_arch_protect
 .text.sys_arch_unprotect
                0x0000000010004648        0x4 CMakeFiles/pico_webserver.dir/pico-sdk/src/rp2_common/pico_lwip/lwip_nosys.c.obj
                0x0000000010004648                sys_arch_unprotect
 .text.sys_now  0x000000001000464c       0x20 CMakeFiles/pico_webserver.dir/pico-sdk/src/rp2_common/pico_lwip/lwip_nosys.c.obj
                0x000000001000464c                sys_now
 .text.lwip_init
                0x000000001000466c       0x20 CMakeFiles/pico_webserver.dir/pico-sdk/lib/lwip/src/core/init.c.obj
                0x000000001000466c                lwip_init
 .text.lwip_htons
                0x000000001000468c        0x8 CMakeFiles/pico_webserver.dir/pico-sdk/lib/lwip/src/core/def.c.obj
                0x000000001000468c                lwip_htons
 .text.lwip_htonl
                0x0000000010004694        0x4 CMakeFiles/pico_webserver.dir/pico-sdk/lib/lwip/src/core/def.c.obj
                0x0000000010004694                lwip_htonl
 .text.lwip_strnstr
                0x0000000010004698       0x5c CMakeFiles/pico_webserver.dir/pico-sdk/lib/lwip/src/core/def.c.obj
                0x0000000010004698                lwip_strnstr
 .text.lwip_standard_chksum
                0x00000000100046f4       0x80 CMakeFiles/pico_webserver.dir/pico-sdk/lib/lwip/src/core/inet_chksum.c.obj
                0x00000000100046f4                lwip_standard_chksum
 .text.inet_chksum_pseudo
                0x0000000010004774       0xb4 CMakeFiles/pico_webserver.dir/pico-sdk/lib/lwip/src/core/inet_chksum.c.obj
                0x0000000010004774                inet_chksum_pseudo
 .text.ip_chksum_pseudo
                0x0000000010004828       0x10 CMakeFiles/pico_webserver.dir/pico-sdk/lib/lwip/src/core/inet_chksum.c.obj
                0x0000000010004828                ip_chksum_pseudo
 .text.inet_chksum
                0x0000000010004838       0x8c CMakeFiles/pico_webserver.dir/pico-sdk/lib/lwip/src/core/inet_chksum.c.obj
                0x0000000010004838                inet_chksum
 .text.inet_chksum_pbuf
                0x00000000100048c4       0x6c CMakeFiles/pico_webserver.dir/pico-sdk/lib/lwip/src/core/inet_chksum.c.obj
                0x00000000100048c4                inet_chksum_pbuf
 .text.mem_init
                0x0000000010004930       0x48 CMakeFiles/pico_webserver.dir/pico-sdk/lib/lwip/src/core/mem.c.obj
                0x0000000010004930                mem_init
 .text.mem_free
                0x0000000010004978      0x128 CMakeFiles/pico_webserver.dir/pico-sdk/lib/lwip/src/core/mem.c.obj
                0x0000000010004978                mem_free
 .text.mem_trim
                0x0000000010004aa0      0x144 CMakeFiles/pico_webserver.dir/pico-sdk/lib/lwip/src/core/mem.c.obj
                0x0000000010004aa0                mem_trim
 .text.mem_malloc
                0x0000000010004be4      0x130 CMakeFiles/pico_webserver.dir/pico-sdk/lib/lwip/src/core/mem.c.obj
                0x0000000010004be4                mem_malloc
 .text.memp_init
                0x0000000010004d14       0x94 CMakeFiles/pico_webserver.dir/pico-sdk/lib/lwip/src/core/memp.c.obj
                0x0000000010004d14                memp_init
 .text.memp_malloc
                0x0000000010004da8       0x4c CMakeFiles/pico_webserver.dir/pico-sdk/lib/lwip/src/core/memp.c.obj
                0x0000000010004da8                memp_malloc
 .text.memp_free
                0x0000000010004df4       0x30 CMakeFiles/pico_webserver.dir/pico-sdk/lib/lwip/src/core/memp.c.obj
                0x0000000010004df4                memp_free
 .text.netif_null_output_ip4
                0x0000000010004e24        0x8 CMakeFiles/pico_webserver.dir/pico-sdk/lib/lwip/src/core/netif.c.obj
 .text.netif_init
                0x0000000010004e2c        0x4 CMakeFiles/pico_webserver.dir/pico-sdk/lib/lwip/src/core/netif.c.obj
                0x0000000010004e2c                netif_init
 .text.netif_set_addr
                0x0000000010004e30       0xcc CMakeFiles/pico_webserver.dir/pico-sdk/lib/lwip/src/core/netif.c.obj
                0x0000000010004e30                netif_set_addr
 .text.netif_add
                0x0000000010004efc       0xb8 CMakeFiles/pico_webserver.dir/pico-sdk/lib/lwip/src/core/netif.c.obj
                0x0000000010004efc                netif_add
 .text.netif_set_default
                0x0000000010004fb4        0xc CMakeFiles/pico_webserver.dir/pico-sdk/lib/lwip/src/core/netif.c.obj
                0x0000000010004fb4                netif_set_default
 .text.netif_get_by_index
                0x0000000010004fc0       0x2c CMakeFiles/pico_webserver.dir/pico-sdk/lib/lwip/src/core/netif.c.obj
                0x0000000010004fc0                netif_get_by_index
 .text.pbuf_free.part.0
                0x0000000010004fec       0x80 CMakeFiles/pico_webserver.dir/pico-sdk/lib/lwip/src/core/pbuf.c.obj
 .text.pbuf_free_ooseq
                0x000000001000506c       0x34 CMakeFiles/pico_webserver.dir/pico-sdk/lib/lwip/src/core/pbuf.c.obj
                0x000000001000506c                pbuf_free_ooseq
 .text.pbuf_alloc
                0x00000000100050a0      0x12c CMakeFiles/pico_webserver.dir/pico-sdk/lib/lwip/src/core/pbuf.c.obj
                0x00000000100050a0                pbuf_alloc
 .text.pbuf_alloced_custom
                0x00000000100051cc       0x38 CMakeFiles/pico_webserver.dir/pico-sdk/lib/lwip/src/core/pbuf.c.obj
                0x00000000100051cc                pbuf_alloced_custom
 .text.pbuf_realloc
                0x0000000010005204       0x70 CMakeFiles/pico_webserver.dir/pico-sdk/lib/lwip/src/core/pbuf.c.obj
                0x0000000010005204                pbuf_realloc
 .text.pbuf_add_header
                0x0000000010005274       0x4c CMakeFiles/pico_webserver.dir/pico-sdk/lib/lwip/src/core/pbuf.c.obj
                0x0000000010005274                pbuf_add_header
 .text.pbuf_remove_header
                0x00000000100052c0       0x38 CMakeFiles/pico_webserver.dir/pico-sdk/lib/lwip/src/core/pbuf.c.obj
                0x00000000100052c0                pbuf_remove_header
 .text.pbuf_header_force
                0x00000000100052f8       0x6c CMakeFiles/pico_webserver.dir/pico-sdk/lib/lwip/src/core/pbuf.c.obj
                0x00000000100052f8                pbuf_header_force
 .text.pbuf_free
                0x0000000010005364       0x10 CMakeFiles/pico_webserver.dir/pico-sdk/lib/lwip/src/core/pbuf.c.obj
                0x0000000010005364                pbuf_free
 .text.pbuf_clen
                0x0000000010005374       0x14 CMakeFiles/pico_webserver.dir/pico-sdk/lib/lwip/src/core/pbuf.c.obj
                0x0000000010005374                pbuf_clen
 .text.pbuf_ref
                0x0000000010005388       0x18 CMakeFiles/pico_webserver.dir/pico-sdk/lib/lwip/src/core/pbuf.c.obj
                0x0000000010005388                pbuf_ref
 .text.pbuf_cat
                0x00000000100053a0       0x2c CMakeFiles/pico_webserver.dir/pico-sdk/lib/lwip/src/core/pbuf.c.obj
                0x00000000100053a0                pbuf_cat
 .text.pbuf_chain
                0x00000000100053cc       0x44 CMakeFiles/pico_webserver.dir/pico-sdk/lib/lwip/src/core/pbuf.c.obj
                0x00000000100053cc                pbuf_chain
 .text.pbuf_copy_partial_pbuf
                0x0000000010005410      0x11c CMakeFiles/pico_webserver.dir/pico-sdk/lib/lwip/src/core/pbuf.c.obj
                0x0000000010005410                pbuf_copy_partial_pbuf
 .text.pbuf_copy
                0x000000001000552c       0x18 CMakeFiles/pico_webserver.dir/pico-sdk/lib/lwip/src/core/pbuf.c.obj
                0x000000001000552c                pbuf_copy
 .text.pbuf_copy_partial
                0x0000000010005544       0x70 CMakeFiles/pico_webserver.dir/pico-sdk/lib/lwip/src/core/pbuf.c.obj
                0x0000000010005544                pbuf_copy_partial
 .text.pbuf_clone
                0x00000000100055b4       0x20 CMakeFiles/pico_webserver.dir/pico-sdk/lib/lwip/src/core/pbuf.c.obj
                0x00000000100055b4                pbuf_clone
 .text.stats_init
                0x00000000100055d4        0x4 CMakeFiles/pico_webserver.dir/pico-sdk/lib/lwip/src/core/stats.c.obj
                0x00000000100055d4                stats_init
 .text.tcp_close_shutdown_fin
                0x00000000100055d8       0x4c CMakeFiles/pico_webserver.dir/pico-sdk/lib/lwip/src/core/tcp.c.obj
 .text.tcp_pcb_purge.part.0
                0x0000000010005624       0xc4 CMakeFiles/pico_webserver.dir/pico-sdk/lib/lwip/src/core/tcp.c.obj
 .text.tcp_init
                0x00000000100056e8        0x4 CMakeFiles/pico_webserver.dir/pico-sdk/lib/lwip/src/core/tcp.c.obj
                0x00000000100056e8                tcp_init
 .text.tcp_free
                0x00000000100056ec        0xc CMakeFiles/pico_webserver.dir/pico-sdk/lib/lwip/src/core/tcp.c.obj
                0x00000000100056ec                tcp_free
 .text.tcp_bind
                0x00000000100056f8       0xf8 CMakeFiles/pico_webserver.dir/pico-sdk/lib/lwip/src/core/tcp.c.obj
                0x00000000100056f8                tcp_bind
 .text.tcp_listen_with_backlog
                0x00000000100057f0       0x88 CMakeFiles/pico_webserver.dir/pico-sdk/lib/lwip/src/core/tcp.c.obj
                0x00000000100057f0                tcp_listen_with_backlog
 .text.tcp_update_rcv_ann_wnd
                0x0000000010005878       0x3c CMakeFiles/pico_webserver.dir/pico-sdk/lib/lwip/src/core/tcp.c.obj
                0x0000000010005878                tcp_update_rcv_ann_wnd
 .text.tcp_recved
                0x00000000100058b4       0x78 CMakeFiles/pico_webserver.dir/pico-sdk/lib/lwip/src/core/tcp.c.obj
                0x00000000100058b4                tcp_recved
 .text.tcp_slowtmr
                0x000000001000592c      0x42c CMakeFiles/pico_webserver.dir/pico-sdk/lib/lwip/src/core/tcp.c.obj
                0x000000001000592c                tcp_slowtmr
 .text.tcp_segs_free
                0x0000000010005d58       0x38 CMakeFiles/pico_webserver.dir/pico-sdk/lib/lwip/src/core/tcp.c.obj
                0x0000000010005d58                tcp_segs_free
 .text.tcp_seg_free
                0x0000000010005d90       0x1c CMakeFiles/pico_webserver.dir/pico-sdk/lib/lwip/src/core/tcp.c.obj
                0x0000000010005d90                tcp_seg_free
 .text.tcp_setprio
                0x0000000010005dac        0x8 CMakeFiles/pico_webserver.dir/pico-sdk/lib/lwip/src/core/tcp.c.obj
                0x0000000010005dac                tcp_setprio
 .text.tcp_seg_copy
                0x0000000010005db4       0x20 CMakeFiles/pico_webserver.dir/pico-sdk/lib/lwip/src/core/tcp.c.obj
                0x0000000010005db4                tcp_seg_copy
 .text.tcp_arg  0x0000000010005dd4        0x8 CMakeFiles/pico_webserver.dir/pico-sdk/lib/lwip/src/core/tcp.c.obj
                0x0000000010005dd4                tcp_arg
 .text.tcp_recv
                0x0000000010005ddc        0xc CMakeFiles/pico_webserver.dir/pico-sdk/lib/lwip/src/core/tcp.c.obj
                0x0000000010005ddc                tcp_recv
 .text.tcp_sent
                0x0000000010005de8        0xc CMakeFiles/pico_webserver.dir/pico-sdk/lib/lwip/src/core/tcp.c.obj
                0x0000000010005de8                tcp_sent
 .text.tcp_err  0x0000000010005df4        0xc CMakeFiles/pico_webserver.dir/pico-sdk/lib/lwip/src/core/tcp.c.obj
                0x0000000010005df4                tcp_err
 .text.tcp_accept
                0x0000000010005e00       0x10 CMakeFiles/pico_webserver.dir/pico-sdk/lib/lwip/src/core/tcp.c.obj
                0x0000000010005e00                tcp_accept
 .text.tcp_poll
                0x0000000010005e10        0xc CMakeFiles/pico_webserver.dir/pico-sdk/lib/lwip/src/core/tcp.c.obj
                0x0000000010005e10                tcp_poll
 .text.tcp_pcb_purge
                0x0000000010005e1c       0x18 CMakeFiles/pico_webserver.dir/pico-sdk/lib/lwip/src/core/tcp.c.obj
                0x0000000010005e1c                tcp_pcb_purge
 .text.tcp_pcb_remove
                0x0000000010005e34       0x78 CMakeFiles/pico_webserver.dir/pico-sdk/lib/lwip/src/core/tcp.c.obj
                0x0000000010005e34                tcp_pcb_remove
 .text.tcp_abandon
                0x0000000010005eac      0x184 CMakeFiles/pico_webserver.dir/pico-sdk/lib/lwip/src/core/tcp.c.obj
                0x0000000010005eac                tcp_abandon
 .text.tcp_abort
                0x0000000010006030        0xc CMakeFiles/pico_webserver.dir/pico-sdk/lib/lwip/src/core/tcp.c.obj
                0x0000000010006030                tcp_abort
 .text.tcp_accept_null
                0x000000001000603c       0x10 CMakeFiles/pico_webserver.dir/pico-sdk/lib/lwip/src/core/tcp.c.obj
 .text.tcp_alloc
                0x000000001000604c      0x1f8 CMakeFiles/pico_webserver.dir/pico-sdk/lib/lwip/src/core/tcp.c.obj
                0x000000001000604c                tcp_alloc
 .text.tcp_new_ip_type
                0x0000000010006244      0x1d8 CMakeFiles/pico_webserver.dir/pico-sdk/lib/lwip/src/core/tcp.c.obj
                0x0000000010006244                tcp_new_ip_type
 .text.tcp_close_shutdown
                0x000000001000641c      0x14c CMakeFiles/pico_webserver.dir/pico-sdk/lib/lwip/src/core/tcp.c.obj
 .text.tcp_recv_null
                0x0000000010006568       0xa8 CMakeFiles/pico_webserver.dir/pico-sdk/lib/lwip/src/core/tcp.c.obj
                0x0000000010006568                tcp_recv_null
 .text.tcp_process_refused_data
                0x0000000010006610       0xe8 CMakeFiles/pico_webserver.dir/pico-sdk/lib/lwip/src/core/tcp.c.obj
                0x0000000010006610                tcp_process_refused_data
 .text.tcp_fasttmr
                0x00000000100066f8       0x98 CMakeFiles/pico_webserver.dir/pico-sdk/lib/lwip/src/core/tcp.c.obj
                0x00000000100066f8                tcp_fasttmr
 .text.tcp_tmr  0x0000000010006790       0x20 CMakeFiles/pico_webserver.dir/pico-sdk/lib/lwip/src/core/tcp.c.obj
                0x0000000010006790                tcp_tmr
 .text.tcp_close
                0x00000000100067b0      0x15c CMakeFiles/pico_webserver.dir/pico-sdk/lib/lwip/src/core/tcp.c.obj
                0x00000000100067b0                tcp_close
 .text.tcp_next_iss
                0x000000001000690c       0x18 CMakeFiles/pico_webserver.dir/pico-sdk/lib/lwip/src/core/tcp.c.obj
                0x000000001000690c                tcp_next_iss
 .text.tcp_eff_send_mss_netif
                0x0000000010006924       0x28 CMakeFiles/pico_webserver.dir/pico-sdk/lib/lwip/src/core/tcp.c.obj
                0x0000000010006924                tcp_eff_send_mss_netif
 .text.tcp_netif_ip_addr_changed
                0x000000001000694c       0x9c CMakeFiles/pico_webserver.dir/pico-sdk/lib/lwip/src/core/tcp.c.obj
                0x000000001000694c                tcp_netif_ip_addr_changed
 .text.tcp_free_ooseq
                0x00000000100069e8       0x40 CMakeFiles/pico_webserver.dir/pico-sdk/lib/lwip/src/core/tcp.c.obj
                0x00000000100069e8                tcp_free_ooseq
 .text.tcp_parseopt
                0x0000000010006a28      0x180 CMakeFiles/pico_webserver.dir/pico-sdk/lib/lwip/src/core/tcp_in.c.obj
 .text.tcp_oos_insert_segment
                0x0000000010006ba8       0xd4 CMakeFiles/pico_webserver.dir/pico-sdk/lib/lwip/src/core/tcp_in.c.obj
 .text.tcp_receive
                0x0000000010006c7c      0xa3c CMakeFiles/pico_webserver.dir/pico-sdk/lib/lwip/src/core/tcp_in.c.obj
 .text.tcp_input
                0x00000000100076b8      0xc64 CMakeFiles/pico_webserver.dir/pico-sdk/lib/lwip/src/core/tcp_in.c.obj
                0x00000000100076b8                tcp_input
 .text.tcp_trigger_input_pcb_close
                0x000000001000831c       0x10 CMakeFiles/pico_webserver.dir/pico-sdk/lib/lwip/src/core/tcp_in.c.obj
                0x000000001000831c                tcp_trigger_input_pcb_close
 .text.tcp_create_segment
                0x000000001000832c       0xd0 CMakeFiles/pico_webserver.dir/pico-sdk/lib/lwip/src/core/tcp_out.c.obj
 .text.tcp_output_control_segment
                0x00000000100083fc       0xb4 CMakeFiles/pico_webserver.dir/pico-sdk/lib/lwip/src/core/tcp_out.c.obj
 .text.tcp_write
                0x00000000100084b0      0x600 CMakeFiles/pico_webserver.dir/pico-sdk/lib/lwip/src/core/tcp_out.c.obj
                0x00000000100084b0                tcp_write
 .text.tcp_split_unsent_seg
                0x0000000010008ab0      0x19c CMakeFiles/pico_webserver.dir/pico-sdk/lib/lwip/src/core/tcp_out.c.obj
                0x0000000010008ab0                tcp_split_unsent_seg
 .text.tcp_send_fin
                0x0000000010008c4c       0xe0 CMakeFiles/pico_webserver.dir/pico-sdk/lib/lwip/src/core/tcp_out.c.obj
                0x0000000010008c4c                tcp_send_fin
 .text.tcp_enqueue_flags
                0x0000000010008d2c       0xa8 CMakeFiles/pico_webserver.dir/pico-sdk/lib/lwip/src/core/tcp_out.c.obj
                0x0000000010008d2c                tcp_enqueue_flags
 .text.tcp_rexmit_rto_prepare
                0x0000000010008dd4       0x8c CMakeFiles/pico_webserver.dir/pico-sdk/lib/lwip/src/core/tcp_out.c.obj
                0x0000000010008dd4                tcp_rexmit_rto_prepare
 .text.tcp_rexmit
                0x0000000010008e60       0x90 CMakeFiles/pico_webserver.dir/pico-sdk/lib/lwip/src/core/tcp_out.c.obj
                0x0000000010008e60                tcp_rexmit
 .text.tcp_rexmit_fast
                0x0000000010008ef0       0x58 CMakeFiles/pico_webserver.dir/pico-sdk/lib/lwip/src/core/tcp_out.c.obj
                0x0000000010008ef0                tcp_rexmit_fast
 .text.tcp_rst  0x0000000010008f48       0xbc CMakeFiles/pico_webserver.dir/pico-sdk/lib/lwip/src/core/tcp_out.c.obj
                0x0000000010008f48                tcp_rst
 .text.tcp_rst_netif
                0x0000000010009004       0xfc CMakeFiles/pico_webserver.dir/pico-sdk/lib/lwip/src/core/tcp_out.c.obj
                0x0000000010009004                tcp_rst_netif
 .text.tcp_send_empty_ack
                0x0000000010009100       0xdc CMakeFiles/pico_webserver.dir/pico-sdk/lib/lwip/src/core/tcp_out.c.obj
                0x0000000010009100                tcp_send_empty_ack
 .text.tcp_output
                0x00000000100091dc      0x410 CMakeFiles/pico_webserver.dir/pico-sdk/lib/lwip/src/core/tcp_out.c.obj
                0x00000000100091dc                tcp_output
 .text.tcp_rexmit_rto_commit
                0x00000000100095ec       0x14 CMakeFiles/pico_webserver.dir/pico-sdk/lib/lwip/src/core/tcp_out.c.obj
                0x00000000100095ec                tcp_rexmit_rto_commit
 .text.tcp_rexmit_rto
                0x0000000010009600       0x98 CMakeFiles/pico_webserver.dir/pico-sdk/lib/lwip/src/core/tcp_out.c.obj
                0x0000000010009600                tcp_rexmit_rto
 .text.tcp_keepalive
                0x0000000010009698       0xc4 CMakeFiles/pico_webserver.dir/pico-sdk/lib/lwip/src/core/tcp_out.c.obj
                0x0000000010009698                tcp_keepalive
 .text.tcp_zero_window_probe
                0x000000001000975c      0x18c CMakeFiles/pico_webserver.dir/pico-sdk/lib/lwip/src/core/tcp_out.c.obj
                0x000000001000975c                tcp_zero_window_probe
 .text.tcpip_tcp_timer
                0x00000000100098e8       0x6c CMakeFiles/pico_webserver.dir/pico-sdk/lib/lwip/src/core/timeouts.c.obj
 .text.lwip_cyclic_timer
                0x0000000010009954       0x90 CMakeFiles/pico_webserver.dir/pico-sdk/lib/lwip/src/core/timeouts.c.obj
 .text.tcp_timer_needed
                0x00000000100099e4       0x70 CMakeFiles/pico_webserver.dir/pico-sdk/lib/lwip/src/core/timeouts.c.obj
                0x00000000100099e4                tcp_timer_needed
 .text.sys_timeouts_init
                0x0000000010009a54       0x78 CMakeFiles/pico_webserver.dir/pico-sdk/lib/lwip/src/core/timeouts.c.obj
                0x0000000010009a54                sys_timeouts_init
 .text.sys_check_timeouts
                0x0000000010009acc       0x68 CMakeFiles/pico_webserver.dir/pico-sdk/lib/lwip/src/core/timeouts.c.obj
                0x0000000010009acc                sys_check_timeouts
 .text.udp_init
                0x0000000010009b34        0x4 CMakeFiles/pico_webserver.dir/pico-sdk/lib/lwip/src/core/udp.c.obj
                0x0000000010009b34                udp_init
 .text.udp_input
                0x0000000010009b38      0x234 CMakeFiles/pico_webserver.dir/pico-sdk/lib/lwip/src/core/udp.c.obj
                0x0000000010009b38                udp_input
 .text.udp_bind
                0x0000000010009d6c      0x10c CMakeFiles/pico_webserver.dir/pico-sdk/lib/lwip/src/core/udp.c.obj
                0x0000000010009d6c                udp_bind
 .text.udp_sendto_if_src
                0x0000000010009e78      0x120 CMakeFiles/pico_webserver.dir/pico-sdk/lib/lwip/src/core/udp.c.obj
                0x0000000010009e78                udp_sendto_if_src
 .text.udp_sendto
                0x0000000010009f98       0x7c CMakeFiles/pico_webserver.dir/pico-sdk/lib/lwip/src/core/udp.c.obj
                0x0000000010009f98                udp_sendto
 .text.udp_recv
                0x000000001000a014        0xc CMakeFiles/pico_webserver.dir/pico-sdk/lib/lwip/src/core/udp.c.obj
                0x000000001000a014                udp_recv
 .text.udp_remove
                0x000000001000a020       0x3c CMakeFiles/pico_webserver.dir/pico-sdk/lib/lwip/src/core/udp.c.obj
                0x000000001000a020                udp_remove
 .text.udp_new  0x000000001000a05c       0x1c CMakeFiles/pico_webserver.dir/pico-sdk/lib/lwip/src/core/udp.c.obj
                0x000000001000a05c                udp_new
 .text.udp_netif_ip_addr_changed
                0x000000001000a078       0x40 CMakeFiles/pico_webserver.dir/pico-sdk/lib/lwip/src/core/udp.c.obj
                0x000000001000a078                udp_netif_ip_addr_changed
 .text.etharp_find_entry
                0x000000001000a0b8     0x1dcc CMakeFiles/pico_webserver.dir/pico-sdk/lib/lwip/src/core/ipv4/etharp.c.obj
 .text.etharp_raw
                0x000000001000be84       0xc0 CMakeFiles/pico_webserver.dir/pico-sdk/lib/lwip/src/core/ipv4/etharp.c.obj
 .text.etharp_output_to_arp_index
                0x000000001000bf44       0xd8 CMakeFiles/pico_webserver.dir/pico-sdk/lib/lwip/src/core/ipv4/etharp.c.obj
 .text.etharp_tmr
                0x000000001000c01c       0xa4 CMakeFiles/pico_webserver.dir/pico-sdk/lib/lwip/src/core/ipv4/etharp.c.obj
                0x000000001000c01c                etharp_tmr
 .text.etharp_input
                0x000000001000c0c0      0x1a4 CMakeFiles/pico_webserver.dir/pico-sdk/lib/lwip/src/core/ipv4/etharp.c.obj
                0x000000001000c0c0                etharp_input
 .text.etharp_query
                0x000000001000c264      0x188 CMakeFiles/pico_webserver.dir/pico-sdk/lib/lwip/src/core/ipv4/etharp.c.obj
                0x000000001000c264                etharp_query
 .text.etharp_output
                0x000000001000c3ec      0x21c CMakeFiles/pico_webserver.dir/pico-sdk/lib/lwip/src/core/ipv4/etharp.c.obj
                0x000000001000c3ec                etharp_output
 .text.etharp_request
                0x000000001000c608       0xc4 CMakeFiles/pico_webserver.dir/pico-sdk/lib/lwip/src/core/ipv4/etharp.c.obj
                0x000000001000c608                etharp_request
 .text.icmp_input
                0x000000001000c6cc      0x1d8 CMakeFiles/pico_webserver.dir/pico-sdk/lib/lwip/src/core/ipv4/icmp.c.obj
                0x000000001000c6cc                icmp_input
 .text.icmp_dest_unreach
                0x000000001000c8a4       0xbc CMakeFiles/pico_webserver.dir/pico-sdk/lib/lwip/src/core/ipv4/icmp.c.obj
                0x000000001000c8a4                icmp_dest_unreach
 .text.icmp_time_exceeded
                0x000000001000c960       0xbc CMakeFiles/pico_webserver.dir/pico-sdk/lib/lwip/src/core/ipv4/icmp.c.obj
                0x000000001000c960                icmp_time_exceeded
 .text.ip_reass_free_complete_datagram
                0x000000001000ca1c       0xb8 CMakeFiles/pico_webserver.dir/pico-sdk/lib/lwip/src/core/ipv4/ip4_frag.c.obj
 .text.ip_reass_remove_oldest_datagram
                0x000000001000cad4       0xd8 CMakeFiles/pico_webserver.dir/pico-sdk/lib/lwip/src/core/ipv4/ip4_frag.c.obj
 .text.ipfrag_free_pbuf_custom
                0x000000001000cbac       0x18 CMakeFiles/pico_webserver.dir/pico-sdk/lib/lwip/src/core/ipv4/ip4_frag.c.obj
 .text.ip_reass_tmr
                0x000000001000cbc4       0x38 CMakeFiles/pico_webserver.dir/pico-sdk/lib/lwip/src/core/ipv4/ip4_frag.c.obj
                0x000000001000cbc4                ip_reass_tmr
 .text.ip4_reass
                0x000000001000cbfc      0x510 CMakeFiles/pico_webserver.dir/pico-sdk/lib/lwip/src/core/ipv4/ip4_frag.c.obj
                0x000000001000cbfc                ip4_reass
 .text.ip4_frag
                0x000000001000d10c      0x1e8 CMakeFiles/pico_webserver.dir/pico-sdk/lib/lwip/src/core/ipv4/ip4_frag.c.obj
                0x000000001000d10c                ip4_frag
 .text.ip4_route
                0x000000001000d2f4       0x80 CMakeFiles/pico_webserver.dir/pico-sdk/lib/lwip/src/core/ipv4/ip4.c.obj
                0x000000001000d2f4                ip4_route
 .text.ip4_input
                0x000000001000d374      0x2c8 CMakeFiles/pico_webserver.dir/pico-sdk/lib/lwip/src/core/ipv4/ip4.c.obj
                0x000000001000d374                ip4_input
 .text.ip4_output_if
                0x000000001000d63c      0x168 CMakeFiles/pico_webserver.dir/pico-sdk/lib/lwip/src/core/ipv4/ip4.c.obj
                0x000000001000d63c                ip4_output_if
 .text.ip4_output_if_src
                0x000000001000d7a4      0x158 CMakeFiles/pico_webserver.dir/pico-sdk/lib/lwip/src/core/ipv4/ip4.c.obj
                0x000000001000d7a4                ip4_output_if_src
 .text.ip4_addr_isbroadcast_u32
                0x000000001000d8fc       0x3c CMakeFiles/pico_webserver.dir/pico-sdk/lib/lwip/src/core/ipv4/ip4_addr.c.obj
                0x000000001000d8fc                ip4_addr_isbroadcast_u32
 .text.ethernet_input
                0x000000001000d938       0xd0 CMakeFiles/pico_webserver.dir/pico-sdk/lib/lwip/src/netif/ethernet.c.obj
                0x000000001000d938                ethernet_input
 .text.ethernet_output
                0x000000001000da08       0x64 CMakeFiles/pico_webserver.dir/pico-sdk/lib/lwip/src/netif/ethernet.c.obj
                0x000000001000da08                ethernet_output
 .text          0x000000001000da6c      0x784 liblwipallapps.a(httpd.c.obj)
                0x000000001000e1b0                httpd_init
                0x000000001000e1e4                http_set_cgi_handlers
 .text          0x000000001000e1f0       0x58 liblwipallapps.a(fs.c.obj)
                0x000000001000e1f0                fs_open
                0x000000001000e23c                fs_close
                0x000000001000e240                fs_bytes_left
 .text          0x000000001000e248       0xc0 /usr/lib/gcc/arm-none-eabi/10.3.1/../../../arm-none-eabi/lib/thumb/v6-m/nofp/libc.a(lib_a-strchr.o)
                0x000000001000e248                strchr
 .text          0x000000001000e308       0x88 /usr/lib/gcc/arm-none-eabi/10.3.1/../../../arm-none-eabi/lib/thumb/v6-m/nofp/libc.a(lib_a-strcmp.o)
                0x000000001000e308                strcmp
 .text          0x000000001000e390       0x5c /usr/lib/gcc/arm-none-eabi/10.3.1/../../../arm-none-eabi/lib/thumb/v6-m/nofp/libc.a(lib_a-strlen-stub.o)
                0x000000001000e390                strlen
 .text          0x000000001000e3ec       0x74 /usr/lib/gcc/arm-none-eabi/10.3.1/../../../arm-none-eabi/lib/thumb/v6-m/nofp/libc.a(lib_a-strncmp.o)
                0x000000001000e3ec                strncmp
 *(.fini)
 .fini          0x000000001000e460        0x4 /usr/lib/gcc/arm-none-eabi/10.3.1/thumb/v6-m/nofp/crti.o
                0x000000001000e460                _fini
 *fill*         0x000000001000e464        0x4 
 .fini.__stub   0x000000001000e468       0xd0 linker stubs
 *crtbegin.o(.ctors)
 *crtbegin?.o(.ctors)
 *(EXCLUDE_FILE(*crtend.o *crtend?.o) .ctors)
 *(SORT_BY_NAME(.ctors.*))
 *(.ctors)
 *crtbegin.o(.dtors)
 *crtbegin?.o(.dtors)
 *(EXCLUDE_FILE(*crtend.o *crtend?.o) .dtors)
 *(SORT_BY_NAME(.dtors.*))
 *(.dtors)
 *(.eh_frame*)
 .eh_frame      0x000000001000e538        0x0 /usr/lib/gcc/arm-none-eabi/10.3.1/thumb/v6-m/nofp/crtbegin.o
                0x000000001000e538                . = ALIGN (0x4)

.glue_7         0x000000001000e538        0x0
 .glue_7        0x000000001000e538        0x0 linker stubs

.glue_7t        0x000000001000e538        0x0
 .glue_7t       0x000000001000e538        0x0 linker stubs

.vfp11_veneer   0x000000001000e538        0x0
 .vfp11_veneer  0x000000001000e538        0x0 linker stubs

.v4_bx          0x000000001000e538        0x0
 .v4_bx         0x000000001000e538        0x0 linker stubs

.iplt           0x000000001000e538        0x0
 .iplt          0x000000001000e538        0x0 /usr/lib/gcc/arm-none-eabi/10.3.1/thumb/v6-m/nofp/crtbegin.o

.rodata         0x000000001000e538     0x1420
 *(EXCLUDE_FILE(*libm.a: *libc.a:*lib_a-mem*.o *libgcc.a:) .rodata*)
 .rodata.cgi_toggle_led.str1.4
                0x000000001000e538        0xc CMakeFiles/pico_webserver.dir/webserver.c.obj
 .rodata.str1.4
                0x000000001000e544       0x1c CMakeFiles/pico_webserver.dir/webserver.c.obj
 .rodata.cgi_handlers
                0x000000001000e560       0x10 CMakeFiles/pico_webserver.dir/webserver.c.obj
 .rodata.init_lwip.str1.4
                0x000000001000e570        0x6 CMakeFiles/pico_webserver.dir/tusb_lwip_glue.c.obj
 .rodata.str1.4
                0x000000001000e576        0x6 CMakeFiles/pico_webserver.dir/tusb_lwip_glue.c.obj
                                          0x1 (size before relaxing)
 *fill*         0x000000001000e576        0x2 
 .rodata.dhcp_config
                0x000000001000e578       0x18 CMakeFiles/pico_webserver.dir/tusb_lwip_glue.c.obj
 .rodata.gateway
                0x000000001000e590        0x4 CMakeFiles/pico_webserver.dir/tusb_lwip_glue.c.obj
 .rodata.ipaddr
                0x000000001000e594        0x4 CMakeFiles/pico_webserver.dir/tusb_lwip_glue.c.obj
 .rodata.netmask
                0x000000001000e598        0x4 CMakeFiles/pico_webserver.dir/tusb_lwip_glue.c.obj
 .rodata.tud_network_mac_address
                0x000000001000e59c        0x6 CMakeFiles/pico_webserver.dir/tusb_lwip_glue.c.obj
                0x000000001000e59c                tud_network_mac_address
 *fill*         0x000000001000e5a2        0x2 
 .rodata.tud_descriptor_string_cb.str1.4
                0x000000001000e5a4       0x11 CMakeFiles/pico_webserver.dir/usb_descriptors.c.obj
 *fill*         0x000000001000e5b5        0x3 
 .rodata.str1.4
                0x000000001000e5b8       0x3e CMakeFiles/pico_webserver.dir/usb_descriptors.c.obj
 *fill*         0x000000001000e5f6        0x2 
 .rodata.__compound_literal.0
                0x000000001000e5f8        0x2 CMakeFiles/pico_webserver.dir/usb_descriptors.c.obj
 *fill*         0x000000001000e5fa        0x2 
 .rodata.configuration_arr
                0x000000001000e5fc        0x8 CMakeFiles/pico_webserver.dir/usb_descriptors.c.obj
 .rodata.desc_device
                0x000000001000e604       0x12 CMakeFiles/pico_webserver.dir/usb_descriptors.c.obj
                0x000000001000e604                desc_device
 *fill*         0x000000001000e616        0x2 
 .rodata.ecm_configuration
                0x000000001000e618       0x58 CMakeFiles/pico_webserver.dir/usb_descriptors.c.obj
 .rodata.rndis_configuration
                0x000000001000e670       0x4b CMakeFiles/pico_webserver.dir/usb_descriptors.c.obj
 *fill*         0x000000001000e6bb        0x1 
 .rodata.string_desc_arr
                0x000000001000e6bc       0x14 CMakeFiles/pico_webserver.dir/usb_descriptors.c.obj
 .rodata        0x000000001000e6d0        0x6 CMakeFiles/pico_webserver.dir/pico-sdk/lib/tinyusb/lib/networking/dhserver.c.obj
 .rodata.rndis_class_set_handler.str1.4
                0x000000001000e6d6        0x8 CMakeFiles/pico_webserver.dir/pico-sdk/lib/tinyusb/lib/networking/rndis_reports.c.obj
 *fill*         0x000000001000e6d6        0x2 
 .rodata.rndis_class_set_handler
                0x000000001000e6d8       0x90 CMakeFiles/pico_webserver.dir/pico-sdk/lib/tinyusb/lib/networking/rndis_reports.c.obj
 .rodata.OIDSupportedList
                0x000000001000e768       0x58 CMakeFiles/pico_webserver.dir/pico-sdk/lib/tinyusb/lib/networking/rndis_reports.c.obj
 .rodata.spin_lock_claim_unused.str1.4
                0x000000001000e7c0       0x1b CMakeFiles/pico_webserver.dir/pico-sdk/src/rp2_common/hardware_sync/sync.c.obj
 *fill*         0x000000001000e7db        0x1 
 .rodata.hardware_alarm_claim.str1.4
                0x000000001000e7dc       0x22 CMakeFiles/pico_webserver.dir/pico-sdk/src/rp2_common/hardware_timer/timer.c.obj
 *fill*         0x000000001000e7fe        0x2 
 .rodata.panic.str1.4
                0x000000001000e800       0x12 CMakeFiles/pico_webserver.dir/pico-sdk/src/rp2_common/pico_runtime/runtime.c.obj
 *fill*         0x000000001000e812        0x2 
 .rodata.hard_assertion_failure.str1.4
                0x000000001000e814        0xc CMakeFiles/pico_webserver.dir/pico-sdk/src/rp2_common/pico_runtime/runtime.c.obj
 .rodata.missing_double_func_shim.str1.4
                0x000000001000e820       0x18 CMakeFiles/pico_webserver.dir/pico-sdk/src/rp2_common/pico_double/double_init_rom.c.obj
 .rodata.missing_float_func_shim.str1.4
                0x000000001000e838        0x1 CMakeFiles/pico_webserver.dir/pico-sdk/src/rp2_common/pico_float/float_init_rom.c.obj
 .rodata.str1.4
                0x000000001000e838       0x44 CMakeFiles/pico_webserver.dir/pico-sdk/src/rp2_common/pico_standard_link/binary_info.c.obj
 .rodata.__bi_44
                0x000000001000e87c        0xc CMakeFiles/pico_webserver.dir/pico-sdk/src/rp2_common/pico_standard_link/binary_info.c.obj
 .rodata.__bi_75
                0x000000001000e888        0xc CMakeFiles/pico_webserver.dir/pico-sdk/src/rp2_common/pico_standard_link/binary_info.c.obj
 .rodata.__bi_81
                0x000000001000e894        0xc CMakeFiles/pico_webserver.dir/pico-sdk/src/rp2_common/pico_standard_link/binary_info.c.obj
 .rodata.crlf_str.0
                0x000000001000e8a0        0x2 CMakeFiles/pico_webserver.dir/pico-sdk/src/rp2_common/pico_stdio/stdio.c.obj
 *fill*         0x000000001000e8a2        0x2 
 .rodata.str1.4
                0x000000001000e8a4       0x14 CMakeFiles/pico_webserver.dir/pico-sdk/lib/tinyusb/src/portable/raspberrypi/rp2040/dcd_rp2040.c.obj
 .rodata.str1.4
                0x000000001000e8b8       0x53 CMakeFiles/pico_webserver.dir/pico-sdk/lib/tinyusb/src/portable/raspberrypi/rp2040/rp2040_usb.c.obj
 *fill*         0x000000001000e90b        0x1 
 .rodata.tud_task_ext
                0x000000001000e90c       0x8c CMakeFiles/pico_webserver.dir/pico-sdk/lib/tinyusb/src/device/usbd.c.obj
 .rodata._usbd_driver
                0x000000001000e998       0x18 CMakeFiles/pico_webserver.dir/pico-sdk/lib/tinyusb/src/device/usbd.c.obj
 .rodata.memp_FRAG_PBUF
                0x000000001000e9b0       0x10 CMakeFiles/pico_webserver.dir/pico-sdk/lib/lwip/src/core/memp.c.obj
                0x000000001000e9b0                memp_FRAG_PBUF
 .rodata.memp_PBUF
                0x000000001000e9c0       0x10 CMakeFiles/pico_webserver.dir/pico-sdk/lib/lwip/src/core/memp.c.obj
                0x000000001000e9c0                memp_PBUF
 .rodata.memp_PBUF_POOL
                0x000000001000e9d0       0x10 CMakeFiles/pico_webserver.dir/pico-sdk/lib/lwip/src/core/memp.c.obj
                0x000000001000e9d0                memp_PBUF_POOL
 .rodata.memp_REASSDATA
                0x000000001000e9e0       0x10 CMakeFiles/pico_webserver.dir/pico-sdk/lib/lwip/src/core/memp.c.obj
                0x000000001000e9e0                memp_REASSDATA
 .rodata.memp_SYS_TIMEOUT
                0x000000001000e9f0       0x10 CMakeFiles/pico_webserver.dir/pico-sdk/lib/lwip/src/core/memp.c.obj
                0x000000001000e9f0                memp_SYS_TIMEOUT
 .rodata.memp_TCP_PCB
                0x000000001000ea00       0x10 CMakeFiles/pico_webserver.dir/pico-sdk/lib/lwip/src/core/memp.c.obj
                0x000000001000ea00                memp_TCP_PCB
 .rodata.memp_TCP_PCB_LISTEN
                0x000000001000ea10       0x10 CMakeFiles/pico_webserver.dir/pico-sdk/lib/lwip/src/core/memp.c.obj
                0x000000001000ea10                memp_TCP_PCB_LISTEN
 .rodata.memp_TCP_SEG
                0x000000001000ea20       0x10 CMakeFiles/pico_webserver.dir/pico-sdk/lib/lwip/src/core/memp.c.obj
                0x000000001000ea20                memp_TCP_SEG
 .rodata.memp_UDP_PCB
                0x000000001000ea30       0x10 CMakeFiles/pico_webserver.dir/pico-sdk/lib/lwip/src/core/memp.c.obj
                0x000000001000ea30                memp_UDP_PCB
 .rodata.memp_pools
                0x000000001000ea40       0x24 CMakeFiles/pico_webserver.dir/pico-sdk/lib/lwip/src/core/memp.c.obj
                0x000000001000ea40                memp_pools
 .rodata.tcp_backoff
                0x000000001000ea64        0xd CMakeFiles/pico_webserver.dir/pico-sdk/lib/lwip/src/core/tcp.c.obj
 *fill*         0x000000001000ea71        0x3 
 .rodata.tcp_pcb_lists
                0x000000001000ea74       0x10 CMakeFiles/pico_webserver.dir/pico-sdk/lib/lwip/src/core/tcp.c.obj
                0x000000001000ea74                tcp_pcb_lists
 .rodata.tcp_persist_backoff
                0x000000001000ea84        0x7 CMakeFiles/pico_webserver.dir/pico-sdk/lib/lwip/src/core/tcp.c.obj
 *fill*         0x000000001000ea8b        0x1 
 .rodata.tcp_input
                0x000000001000ea8c       0x28 CMakeFiles/pico_webserver.dir/pico-sdk/lib/lwip/src/core/tcp_in.c.obj
 .rodata.lwip_cyclic_timers
                0x000000001000eab4       0x18 CMakeFiles/pico_webserver.dir/pico-sdk/lib/lwip/src/core/timeouts.c.obj
                0x000000001000eab4                lwip_cyclic_timers
 .rodata.ip_addr_any
                0x000000001000eacc        0x4 CMakeFiles/pico_webserver.dir/pico-sdk/lib/lwip/src/core/ipv4/ip4_addr.c.obj
                0x000000001000eacc                ip_addr_any
 .rodata.ip_addr_broadcast
                0x000000001000ead0        0x4 CMakeFiles/pico_webserver.dir/pico-sdk/lib/lwip/src/core/ipv4/ip4_addr.c.obj
                0x000000001000ead0                ip_addr_broadcast
 .rodata.ethbroadcast
                0x000000001000ead4        0x6 CMakeFiles/pico_webserver.dir/pico-sdk/lib/lwip/src/netif/ethernet.c.obj
                0x000000001000ead4                ethbroadcast
 *fill*         0x000000001000eada        0x2 
 .rodata.ethzero
                0x000000001000eadc        0x6 CMakeFiles/pico_webserver.dir/pico-sdk/lib/lwip/src/netif/ethernet.c.obj
                0x000000001000eadc                ethzero
 *fill*         0x000000001000eae2        0x2 
 .rodata.str1.4
                0x000000001000eae4       0x6f liblwipallapps.a(httpd.c.obj)
                                         0x7b (size before relaxing)
 *fill*         0x000000001000eb53        0x1 
 .rodata        0x000000001000eb54       0x28 liblwipallapps.a(httpd.c.obj)
 .rodata        0x000000001000eb7c      0xdd9 liblwipallapps.a(fs.c.obj)
                0x000000001000eb7c                file__index_html
                0x000000001000eb90                file__404_html
                0x000000001000eba4                file__img_sics_gif
                0x000000001000f958                . = ALIGN (0x4)
 *fill*         0x000000001000f955        0x3 
 *(SORT_BY_ALIGNMENT(SORT_BY_NAME(.flashdata*)))
                0x000000001000f958                . = ALIGN (0x4)

.ARM.extab
 *(.ARM.extab* .gnu.linkonce.armextab.*)
                0x000000001000f958                __exidx_start = .

.ARM.exidx
 *(.ARM.exidx* .gnu.linkonce.armexidx.*)
                0x000000001000f958                __exidx_end = .
                0x000000001000f958                . = ALIGN (0x4)
                0x000000001000f958                __binary_info_start = .

.binary_info    0x000000001000f958       0x1c
 *(.binary_info.keep.*)
 .binary_info.keep.__bi_ptr22
                0x000000001000f958        0x4 CMakeFiles/pico_webserver.dir/pico-sdk/src/rp2_common/pico_standard_link/binary_info.c.obj
 .binary_info.keep.__bi_ptr30
                0x000000001000f95c        0x4 CMakeFiles/pico_webserver.dir/pico-sdk/src/rp2_common/pico_standard_link/binary_info.c.obj
 .binary_info.keep.__bi_ptr38
                0x000000001000f960        0x4 CMakeFiles/pico_webserver.dir/pico-sdk/src/rp2_common/pico_standard_link/binary_info.c.obj
 .binary_info.keep.__bi_ptr44
                0x000000001000f964        0x4 CMakeFiles/pico_webserver.dir/pico-sdk/src/rp2_common/pico_standard_link/binary_info.c.obj
 .binary_info.keep.__bi_ptr50
                0x000000001000f968        0x4 CMakeFiles/pico_webserver.dir/pico-sdk/src/rp2_common/pico_standard_link/binary_info.c.obj
 .binary_info.keep.__bi_ptr75
                0x000000001000f96c        0x4 CMakeFiles/pico_webserver.dir/pico-sdk/src/rp2_common/pico_standard_link/binary_info.c.obj
 .binary_info.keep.__bi_ptr81
                0x000000001000f970        0x4 CMakeFiles/pico_webserver.dir/pico-sdk/src/rp2_common/pico_standard_link/binary_info.c.obj
 *(.binary_info.*)
                0x000000001000f974                __binary_info_end = .

.rel.dyn        0x000000001000f974        0x0
 .rel.iplt      0x000000001000f974        0x0 /usr/lib/gcc/arm-none-eabi/10.3.1/thumb/v6-m/nofp/crtbegin.o
                0x000000001000f974                . = ALIGN (0x4)

.ram_vector_table
                0x0000000020000000       0xc0
 *(.ram_vector_table)
 .ram_vector_table
                0x0000000020000000       0xc0 CMakeFiles/pico_webserver.dir/pico-sdk/src/rp2_common/pico_runtime/runtime.c.obj
                0x0000000020000000                ram_vector_table

.data           0x00000000200000c0      0xe80 load address 0x000000001000f974
                0x00000000200000c0                __data_start__ = .
 *(vtable)
 *(.time_critical*)
 .time_critical.mutex_try_enter_block_until
                0x00000000200000c0       0x9c CMakeFiles/pico_webserver.dir/pico-sdk/src/common/pico_sync/mutex.c.obj
                0x00000000200000c0                mutex_try_enter_block_until
 .time_critical.mutex_enter_timeout_ms
                0x000000002000015c       0x90 CMakeFiles/pico_webserver.dir/pico-sdk/src/common/pico_sync/mutex.c.obj
                0x000000002000015c                mutex_enter_timeout_ms
 .time_critical.mutex_exit
                0x00000000200001ec       0x28 CMakeFiles/pico_webserver.dir/pico-sdk/src/common/pico_sync/mutex.c.obj
                0x00000000200001ec                mutex_exit
 .time_critical.flash_init_boot2_copyout
                0x0000000020000214       0x30 CMakeFiles/pico_webserver.dir/pico-sdk/src/rp2_common/hardware_flash/flash.c.obj
 .time_critical.flash_enable_xip_via_boot2
                0x0000000020000244       0x10 CMakeFiles/pico_webserver.dir/pico-sdk/src/rp2_common/hardware_flash/flash.c.obj
 .time_critical.flash_cs_force
                0x0000000020000254       0x38 CMakeFiles/pico_webserver.dir/pico-sdk/src/rp2_common/hardware_flash/flash.c.obj
 .time_critical.flash_do_cmd
                0x000000002000028c       0xc4 CMakeFiles/pico_webserver.dir/pico-sdk/src/rp2_common/hardware_flash/flash.c.obj
                0x000000002000028c                flash_do_cmd
 .time_critical.reset_non_control_endpoints
                0x0000000020000350       0xbc CMakeFiles/pico_webserver.dir/pico-sdk/lib/tinyusb/src/portable/raspberrypi/rp2040/dcd_rp2040.c.obj
 .time_critical.hw_handle_buff_status
                0x000000002000040c       0xa8 CMakeFiles/pico_webserver.dir/pico-sdk/lib/tinyusb/src/portable/raspberrypi/rp2040/dcd_rp2040.c.obj
 .time_critical.dcd_rp2040_irq
                0x00000000200004b4      0x4d8 CMakeFiles/pico_webserver.dir/pico-sdk/lib/tinyusb/src/portable/raspberrypi/rp2040/dcd_rp2040.c.obj
 .time_critical.e15_is_bulkin_ep
                0x000000002000098c       0x28 CMakeFiles/pico_webserver.dir/pico-sdk/lib/tinyusb/src/portable/raspberrypi/rp2040/rp2040_usb.c.obj
 .time_critical.e15_is_critical_frame_period
                0x00000000200009b4       0x34 CMakeFiles/pico_webserver.dir/pico-sdk/lib/tinyusb/src/portable/raspberrypi/rp2040/rp2040_usb.c.obj
 .time_critical.prepare_ep_buffer
                0x00000000200009e8       0x70 CMakeFiles/pico_webserver.dir/pico-sdk/lib/tinyusb/src/portable/raspberrypi/rp2040/rp2040_usb.c.obj
 .time_critical.sync_ep_buffer
                0x0000000020000a58       0x4c CMakeFiles/pico_webserver.dir/pico-sdk/lib/tinyusb/src/portable/raspberrypi/rp2040/rp2040_usb.c.obj
 .time_critical._hw_endpoint_xfer_sync
                0x0000000020000aa4       0x28 CMakeFiles/pico_webserver.dir/pico-sdk/lib/tinyusb/src/portable/raspberrypi/rp2040/rp2040_usb.c.obj
 .time_critical.hw_endpoint_reset_transfer
                0x0000000020000acc        0xc CMakeFiles/pico_webserver.dir/pico-sdk/lib/tinyusb/src/portable/raspberrypi/rp2040/rp2040_usb.c.obj
                0x0000000020000acc                hw_endpoint_reset_transfer
 .time_critical._hw_endpoint_buffer_control_update32
                0x0000000020000ad8       0x58 CMakeFiles/pico_webserver.dir/pico-sdk/lib/tinyusb/src/portable/raspberrypi/rp2040/rp2040_usb.c.obj
                0x0000000020000ad8                _hw_endpoint_buffer_control_update32
 .time_critical.hw_endpoint_start_next_buffer
                0x0000000020000b30       0x6c CMakeFiles/pico_webserver.dir/pico-sdk/lib/tinyusb/src/portable/raspberrypi/rp2040/rp2040_usb.c.obj
                0x0000000020000b30                hw_endpoint_start_next_buffer
 .time_critical.hw_endpoint_xfer_continue
                0x0000000020000b9c       0x50 CMakeFiles/pico_webserver.dir/pico-sdk/lib/tinyusb/src/portable/raspberrypi/rp2040/rp2040_usb.c.obj
                0x0000000020000b9c                hw_endpoint_xfer_continue
 .time_critical.tinyusb
                0x0000000020000bec      0x170 CMakeFiles/pico_webserver.dir/pico-sdk/lib/tinyusb/src/device/usbd.c.obj
                0x0000000020000bec                dcd_event_handler
 *(.text*)
 .text          0x0000000020000d5c        0x4 /usr/lib/gcc/arm-none-eabi/10.3.1/thumb/v6-m/nofp/libgcc.a(_dvmd_tls.o)
                0x0000000020000d5c                __aeabi_ldiv0
                0x0000000020000d5c                __aeabi_idiv0
 .text          0x0000000020000d60       0x48 /usr/lib/gcc/arm-none-eabi/10.3.1/../../../arm-none-eabi/lib/thumb/v6-m/nofp/libc.a(lib_a-memcmp.o)
                0x0000000020000d60                memcmp
 .text.__stub   0x0000000020000da8       0x70 linker stubs
                0x0000000020000e18                . = ALIGN (0x4)
 *(.rodata*)
                0x0000000020000e18                . = ALIGN (0x4)
 *(.data*)
 .data.entries  0x0000000020000e18       0x30 CMakeFiles/pico_webserver.dir/tusb_lwip_glue.c.obj
 .data.magic_cookie
                0x0000000020000e48        0x4 CMakeFiles/pico_webserver.dir/pico-sdk/lib/tinyusb/lib/networking/dhserver.c.obj
                0x0000000020000e48                magic_cookie
 .data.ndis_report
                0x0000000020000e4c        0x8 CMakeFiles/pico_webserver.dir/pico-sdk/lib/tinyusb/lib/networking/rndis_reports.c.obj
 .data.striped_spin_lock_num
                0x0000000020000e54        0x1 CMakeFiles/pico_webserver.dir/pico-sdk/src/rp2_common/hardware_sync/sync.c.obj
 *fill*         0x0000000020000e55        0x3 
 .data          0x0000000020000e58       0x48 CMakeFiles/pico_webserver.dir/pico-sdk/src/rp2_common/hardware_irq/irq_handler_chain.S.obj
                0x0000000020000e58                irq_handler_chain_slots
                0x0000000020000e88                irq_handler_chain_first_slot
                0x0000000020000e92                irq_handler_chain_remove_tail
 .data.default_alarm_pool
                0x0000000020000ea0       0x18 CMakeFiles/pico_webserver.dir/pico-sdk/src/common/pico_time/time.c.obj
 .data.default_alarm_pool_heap
                0x0000000020000eb8       0x10 CMakeFiles/pico_webserver.dir/pico-sdk/src/common/pico_time/time.c.obj
 *fill*         0x0000000020000ec8        0x8 
 .data.aeabi_bits_funcs
                0x0000000020000ed0       0x10 CMakeFiles/pico_webserver.dir/pico-sdk/src/rp2_common/pico_bit_ops/bit_ops_aeabi.S.obj
                0x0000000020000ed0                aeabi_bits_funcs
                0x0000000020000ee0                aeabi_bits_funcs_end
 .data.aeabi_mem_funcs
                0x0000000020000ee0       0x10 CMakeFiles/pico_webserver.dir/pico-sdk/src/rp2_common/pico_mem_ops/mem_ops_aeabi.S.obj
                0x0000000020000ee0                aeabi_mem_funcs
                0x0000000020000ef0                aeabi_mem_funcs_end
 .data.ep_dir_string
                0x0000000020000ef0        0x8 CMakeFiles/pico_webserver.dir/pico-sdk/lib/tinyusb/src/portable/raspberrypi/rp2040/rp2040_usb.c.obj
                0x0000000020000ef0                ep_dir_string
 .data._usbd_qdef
                0x0000000020000ef8       0x1c CMakeFiles/pico_webserver.dir/pico-sdk/lib/tinyusb/src/device/usbd.c.obj
                0x0000000020000ef8                _usbd_qdef
 .data._usbd_rhport
                0x0000000020000f14        0x1 CMakeFiles/pico_webserver.dir/pico-sdk/lib/tinyusb/src/device/usbd.c.obj
 *fill*         0x0000000020000f15        0x3 
 .data.iss.0    0x0000000020000f18        0x4 CMakeFiles/pico_webserver.dir/pico-sdk/lib/lwip/src/core/tcp.c.obj
 .data.tcp_port
                0x0000000020000f1c        0x2 CMakeFiles/pico_webserver.dir/pico-sdk/lib/lwip/src/core/tcp.c.obj
 .data.udp_port
                0x0000000020000f1e        0x2 CMakeFiles/pico_webserver.dir/pico-sdk/lib/lwip/src/core/udp.c.obj
                0x0000000020000f20                . = ALIGN (0x4)
 *(.after_data.*)
                0x0000000020000f20                . = ALIGN (0x4)
                0x0000000020000f20                PROVIDE (__mutex_array_start = .)
 *(SORT_BY_NAME(.mutex_array.*))
 *(.mutex_array)
 .mutex_array   0x0000000020000f20        0x8 CMakeFiles/pico_webserver.dir/pico-sdk/src/rp2_common/pico_stdio/stdio.c.obj
                0x0000000020000f28                PROVIDE (__mutex_array_end = .)
                0x0000000020000f28                . = ALIGN (0x4)
                0x0000000020000f28                PROVIDE (__preinit_array_start = .)
 *(SORT_BY_NAME(.preinit_array.*))
 .preinit_array.00001
                0x0000000020000f28        0x4 CMakeFiles/pico_webserver.dir/pico-sdk/src/rp2_common/pico_mem_ops/mem_ops_aeabi.S.obj
 .preinit_array.00010
                0x0000000020000f2c        0x4 CMakeFiles/pico_webserver.dir/pico-sdk/src/rp2_common/pico_bit_ops/bit_ops_aeabi.S.obj
 .preinit_array.00020
                0x0000000020000f30        0x4 CMakeFiles/pico_webserver.dir/pico-sdk/src/rp2_common/pico_double/double_aeabi.S.obj
 .preinit_array.00020
                0x0000000020000f34        0x4 CMakeFiles/pico_webserver.dir/pico-sdk/src/rp2_common/pico_float/float_aeabi.S.obj
 *(.preinit_array)
                0x0000000020000f38                PROVIDE (__preinit_array_end = .)
                0x0000000020000f38                . = ALIGN (0x4)
                0x0000000020000f38                PROVIDE (__init_array_start = .)
 *(SORT_BY_NAME(.init_array.*))
 *(.init_array)
 .init_array    0x0000000020000f38        0x4 /usr/lib/gcc/arm-none-eabi/10.3.1/thumb/v6-m/nofp/crtbegin.o
 .init_array    0x0000000020000f3c        0x4 CMakeFiles/pico_webserver.dir/pico-sdk/src/rp2_common/pico_unique_id/unique_id.c.obj
                0x0000000020000f40                PROVIDE (__init_array_end = .)
                0x0000000020000f40                . = ALIGN (0x4)
                0x0000000020000f40                PROVIDE (__fini_array_start = .)
 *(SORT_BY_NAME(.fini_array.*))
 *(.fini_array)
                0x0000000020000f40                PROVIDE (__fini_array_end = .)
 *(.jcr)
                0x0000000020000f40                . = ALIGN (0x4)
                0x0000000020000f40                __data_end__ = .
                0x000000001000f974                __etext = LOADADDR (.data)

.tm_clone_table
                0x0000000020000f40        0x0 load address 0x00000000100107f4
 .tm_clone_table
                0x0000000020000f40        0x0 /usr/lib/gcc/arm-none-eabi/10.3.1/thumb/v6-m/nofp/crtbegin.o
 .tm_clone_table
                0x0000000020000f40        0x0 /usr/lib/gcc/arm-none-eabi/10.3.1/thumb/v6-m/nofp/crtend.o

.igot.plt       0x0000000020000f40        0x0 load address 0x00000000100107f4
 .igot.plt      0x0000000020000f40        0x0 /usr/lib/gcc/arm-none-eabi/10.3.1/thumb/v6-m/nofp/crtbegin.o

.uninitialized_data
                0x0000000020000f40        0x0 load address 0x00000000100107f4
                0x0000000020000f40                . = ALIGN (0x4)
 *(.uninitialized_data*)

.scratch_x      0x0000000020040000        0x0 load address 0x00000000100107f4
                0x0000000020040000                __scratch_x_start__ = .
 *(.scratch_x.*)
                0x0000000020040000                . = ALIGN (0x4)
                0x0000000020040000                __scratch_x_end__ = .
                0x00000000100107f4                __scratch_x_source__ = LOADADDR (.scratch_x)

.scratch_y      0x0000000020041000        0x0 load address 0x00000000100107f4
                0x0000000020041000                __scratch_y_start__ = .
 *(.scratch_y.*)
                0x0000000020041000                . = ALIGN (0x4)
                0x0000000020041000                __scratch_y_end__ = .
                0x00000000100107f4                __scratch_y_source__ = LOADADDR (.scratch_y)

.bss            0x0000000020000f40     0x9004
                0x0000000020000f40                . = ALIGN (0x4)
                0x0000000020000f40                __bss_start__ = .
 *(SORT_BY_ALIGNMENT(SORT_BY_NAME(.bss*)))
 .bss.default_alarm_pool_entries
                0x0000000020000f40      0x100 CMakeFiles/pico_webserver.dir/pico-sdk/src/common/pico_time/time.c.obj
 .bss.sd_table  0x0000000020001040      0x100 CMakeFiles/pico_webserver.dir/pico-sdk/src/rp2_common/pico_double/double_init_rom.c.obj
                0x0000000020001040                sd_table
 .bss           0x0000000020001140       0x1c /usr/lib/gcc/arm-none-eabi/10.3.1/thumb/v6-m/nofp/crtbegin.o
 .bss           0x000000002000115c      0x448 liblwipallapps.a(httpd.c.obj)
 .bss._app_driver
                0x00000000200015a4        0x4 CMakeFiles/pico_webserver.dir/pico-sdk/lib/tinyusb/src/device/usbd.c.obj
 .bss._ctrl_xfer
                0x00000000200015a8       0x14 CMakeFiles/pico_webserver.dir/pico-sdk/lib/tinyusb/src/device/usbd_control.c.obj
 .bss._desc_str
                0x00000000200015bc       0x40 CMakeFiles/pico_webserver.dir/usb_descriptors.c.obj
 .bss._netd_itf
                0x00000000200015fc        0xc CMakeFiles/pico_webserver.dir/pico-sdk/lib/tinyusb/src/class/net/ecm_rndis_device.c.obj
 .bss._ubsd_mutexdef
                0x0000000020001608        0x8 CMakeFiles/pico_webserver.dir/pico-sdk/lib/tinyusb/src/device/usbd.c.obj
 .bss._usbd_ctrl_buf
                0x0000000020001610       0x40 CMakeFiles/pico_webserver.dir/pico-sdk/lib/tinyusb/src/device/usbd_control.c.obj
 .bss._usbd_dev
                0x0000000020001650       0x53 CMakeFiles/pico_webserver.dir/pico-sdk/lib/tinyusb/src/device/usbd.c.obj
 *fill*         0x00000000200016a3        0x1 
 .bss._usbd_mutex
                0x00000000200016a4        0x4 CMakeFiles/pico_webserver.dir/pico-sdk/lib/tinyusb/src/device/usbd.c.obj
 .bss._usbd_q   0x00000000200016a8        0x4 CMakeFiles/pico_webserver.dir/pico-sdk/lib/tinyusb/src/device/usbd.c.obj
 .bss._usbd_qdef_buf
                0x00000000200016ac       0xc0 CMakeFiles/pico_webserver.dir/pico-sdk/lib/tinyusb/src/device/usbd.c.obj
                0x00000000200016ac                _usbd_qdef_buf
 .bss.ackno     0x000000002000176c        0x4 CMakeFiles/pico_webserver.dir/pico-sdk/lib/lwip/src/core/tcp_in.c.obj
 .bss.alarm_callbacks
                0x0000000020001770       0x10 CMakeFiles/pico_webserver.dir/pico-sdk/src/rp2_common/hardware_timer/timer.c.obj
 .bss.arp_table
                0x0000000020001780       0xf0 CMakeFiles/pico_webserver.dir/pico-sdk/lib/lwip/src/core/ipv4/etharp.c.obj
 .bss.boot2_copyout
                0x0000000020001870      0x100 CMakeFiles/pico_webserver.dir/pico-sdk/src/rp2_common/hardware_flash/flash.c.obj
 .bss.claimed   0x0000000020001970        0x4 CMakeFiles/pico_webserver.dir/pico-sdk/src/rp2_common/hardware_sync/sync.c.obj
 .bss.config    0x0000000020001974        0x4 CMakeFiles/pico_webserver.dir/pico-sdk/lib/tinyusb/lib/networking/dhserver.c.obj
 .bss.configured_freq
                0x0000000020001978       0x28 CMakeFiles/pico_webserver.dir/pico-sdk/src/rp2_common/hardware_clocks/clocks.c.obj
 .bss.current_timeout_due_time
                0x00000000200019a0        0x4 CMakeFiles/pico_webserver.dir/pico-sdk/lib/lwip/src/core/timeouts.c.obj
 .bss.default_alarm_pool_entry_ids_high
                0x00000000200019a4       0x10 CMakeFiles/pico_webserver.dir/pico-sdk/src/common/pico_time/time.c.obj
 .bss.default_alarm_pool_heap_nodes
                0x00000000200019b4       0x30 CMakeFiles/pico_webserver.dir/pico-sdk/src/common/pico_time/time.c.obj
 .bss.dhcp_data
                0x00000000200019e4      0x204 CMakeFiles/pico_webserver.dir/pico-sdk/lib/tinyusb/lib/networking/dhserver.c.obj
                0x00000000200019e4                dhcp_data
 .bss.drivers   0x0000000020001be8        0x4 CMakeFiles/pico_webserver.dir/pico-sdk/src/rp2_common/pico_stdio/stdio.c.obj
 .bss.e15_last_sof
                0x0000000020001bec        0x4 CMakeFiles/pico_webserver.dir/pico-sdk/lib/tinyusb/src/portable/raspberrypi/rp2040/rp2040_usb.c.obj
                0x0000000020001bec                e15_last_sof
 .bss.encapsulated_buffer
                0x0000000020001bf0        0x4 CMakeFiles/pico_webserver.dir/pico-sdk/lib/tinyusb/lib/networking/rndis_reports.c.obj
 .bss.filter    0x0000000020001bf4        0x4 CMakeFiles/pico_webserver.dir/pico-sdk/src/rp2_common/pico_stdio/stdio.c.obj
 .bss.hw_endpoints
                0x0000000020001bf8      0x400 CMakeFiles/pico_webserver.dir/pico-sdk/lib/tinyusb/src/portable/raspberrypi/rp2040/dcd_rp2040.c.obj
 .bss.inseg     0x0000000020001ff8       0x10 CMakeFiles/pico_webserver.dir/pico-sdk/lib/lwip/src/core/tcp_in.c.obj
 .bss.ip_data   0x0000000020002008       0x18 CMakeFiles/pico_webserver.dir/pico-sdk/lib/lwip/src/core/ip.c.obj
                0x0000000020002008                ip_data
 .bss.lazy_vsnprintf
                0x0000000020002020        0x4 CMakeFiles/pico_webserver.dir/pico-sdk/src/rp2_common/pico_printf/printf.c.obj
 .bss.lfree     0x0000000020002024        0x4 CMakeFiles/pico_webserver.dir/pico-sdk/lib/lwip/src/core/mem.c.obj
 .bss.lwip_stats
                0x0000000020002028       0xd8 CMakeFiles/pico_webserver.dir/pico-sdk/lib/lwip/src/core/stats.c.obj
                0x0000000020002028                lwip_stats
 .bss.memp_memory_FRAG_PBUF_base
                0x0000000020002100      0x16b CMakeFiles/pico_webserver.dir/pico-sdk/lib/lwip/src/core/memp.c.obj
                0x0000000020002100                memp_memory_FRAG_PBUF_base
 *fill*         0x000000002000226b        0x1 
 .bss.memp_memory_PBUF_POOL_base
                0x000000002000226c     0x5fc3 CMakeFiles/pico_webserver.dir/pico-sdk/lib/lwip/src/core/memp.c.obj
                0x000000002000226c                memp_memory_PBUF_POOL_base
 *fill*         0x000000002000822f        0x1 
 .bss.memp_memory_PBUF_base
                0x0000000020008230      0x103 CMakeFiles/pico_webserver.dir/pico-sdk/lib/lwip/src/core/memp.c.obj
                0x0000000020008230                memp_memory_PBUF_base
 *fill*         0x0000000020008333        0x1 
 .bss.memp_memory_REASSDATA_base
                0x0000000020008334       0xa3 CMakeFiles/pico_webserver.dir/pico-sdk/lib/lwip/src/core/memp.c.obj
                0x0000000020008334                memp_memory_REASSDATA_base
 *fill*         0x00000000200083d7        0x1 
 .bss.memp_memory_SYS_TIMEOUT_base
                0x00000000200083d8       0x33 CMakeFiles/pico_webserver.dir/pico-sdk/lib/lwip/src/core/memp.c.obj
                0x00000000200083d8                memp_memory_SYS_TIMEOUT_base
 *fill*         0x000000002000840b        0x1 
 .bss.memp_memory_TCP_PCB_LISTEN_base
                0x000000002000840c       0xe3 CMakeFiles/pico_webserver.dir/pico-sdk/lib/lwip/src/core/memp.c.obj
                0x000000002000840c                memp_memory_TCP_PCB_LISTEN_base
 *fill*         0x00000000200084ef        0x1 
 .bss.memp_memory_TCP_PCB_base
                0x00000000200084f0      0x30f CMakeFiles/pico_webserver.dir/pico-sdk/lib/lwip/src/core/memp.c.obj
                0x00000000200084f0                memp_memory_TCP_PCB_base
 *fill*         0x00000000200087ff        0x1 