Archive member included to satisfy reference by file (symbol)

/usr/lib/gcc/arm-none-eabi/10.3.1/thumb/v6-m/nofp/libgcc.a(_dvmd_tls.o)
                              CMakeFiles/pico_webserver.dir/pico-sdk/src/rp2_common/pico_divider/divider.S.obj (__aeabi_idiv0)
/usr/lib/gcc/arm-none-eabi/10.3.1/../../../arm-none-eabi/lib/thumb/v6-m/nofp/libc.a(lib_a-atexit.o)
                              /usr/lib/gcc/arm-none-eabi/10.3.1/../../../arm-none-eabi/lib/thumb/v6-m/nofp/crt0.o (atexit)
/usr/lib/gcc/arm-none-eabi/10.3.1/../../../arm-none-eabi/lib/thumb/v6-m/nofp/libc.a(lib_a-atoi.o)
                              CMakeFiles/pico_webserver.dir/pico-sdk/lib/lwip/src/core/netif.c.obj (atoi)
/usr/lib/gcc/arm-none-eabi/10.3.1/../../../arm-none-eabi/lib/thumb/v6-m/nofp/libc.a(lib_a-calloc.o)
                              CMakeFiles/pico_webserver.dir/pico-sdk/src/rp2_common/pico_malloc/pico_malloc.c.obj (calloc)
/usr/lib/gcc/arm-none-eabi/10.3.1/../../../arm-none-eabi/lib/thumb/v6-m/nofp/libc.a(lib_a-callocr.o)
                              /usr/lib/gcc/arm-none-eabi/10.3.1/../../../arm-none-eabi/lib/thumb/v6-m/nofp/libc.a(lib_a-calloc.o) (_calloc_r)
/usr/lib/gcc/arm-none-eabi/10.3.1/../../../arm-none-eabi/lib/thumb/v6-m/nofp/libc.a(lib_a-ctype_.o)
                              CMakeFiles/pico_webserver.dir/pico-sdk/lib/lwip/src/core/ipv4/ip4_addr.c.obj (_ctype_)
/usr/lib/gcc/arm-none-eabi/10.3.1/../../../arm-none-eabi/lib/thumb/v6-m/nofp/libc.a(lib_a-fini.o)
                              /usr/lib/gcc/arm-none-eabi/10.3.1/../../../arm-none-eabi/lib/thumb/v6-m/nofp/crt0.o (__libc_fini_array)
/usr/lib/gcc/arm-none-eabi/10.3.1/../../../arm-none-eabi/lib/thumb/v6-m/nofp/libc.a(lib_a-impure.o)
                              /usr/lib/gcc/arm-none-eabi/10.3.1/../../../arm-none-eabi/lib/thumb/v6-m/nofp/libc.a(lib_a-calloc.o) (_impure_ptr)
/usr/lib/gcc/arm-none-eabi/10.3.1/../../../arm-none-eabi/lib/thumb/v6-m/nofp/libc.a(lib_a-init.o)
                              /usr/lib/gcc/arm-none-eabi/10.3.1/../../../arm-none-eabi/lib/thumb/v6-m/nofp/crt0.o (__libc_init_array)
/usr/lib/gcc/arm-none-eabi/10.3.1/../../../arm-none-eabi/lib/thumb/v6-m/nofp/libc.a(lib_a-malloc.o)
                              CMakeFiles/pico_webserver.dir/pico-sdk/src/rp2_common/pico_malloc/pico_malloc.c.obj (malloc)
/usr/lib/gcc/arm-none-eabi/10.3.1/../../../arm-none-eabi/lib/thumb/v6-m/nofp/libc.a(lib_a-mallocr.o)
                              /usr/lib/gcc/arm-none-eabi/10.3.1/../../../arm-none-eabi/lib/thumb/v6-m/nofp/libc.a(lib_a-callocr.o) (_malloc_r)
/usr/lib/gcc/arm-none-eabi/10.3.1/../../../arm-none-eabi/lib/thumb/v6-m/nofp/libc.a(lib_a-memcmp.o)
                              CMakeFiles/pico_webserver.dir/pico-sdk/lib/tinyusb/lib/networking/dhserver.c.obj (memcmp)
/usr/lib/gcc/arm-none-eabi/10.3.1/../../../arm-none-eabi/lib/thumb/v6-m/nofp/libc.a(lib_a-memmove.o)
                              CMakeFiles/pico_webserver.dir/pico-sdk/lib/lwip/src/core/def.c.obj (memmove)
/usr/lib/gcc/arm-none-eabi/10.3.1/../../../arm-none-eabi/lib/thumb/v6-m/nofp/libc.a(lib_a-mlock.o)
                              /usr/lib/gcc/arm-none-eabi/10.3.1/../../../arm-none-eabi/lib/thumb/v6-m/nofp/libc.a(lib_a-mallocr.o) (__malloc_lock)
/usr/lib/gcc/arm-none-eabi/10.3.1/../../../arm-none-eabi/lib/thumb/v6-m/nofp/libc.a(lib_a-rand.o)
                              CMakeFiles/pico_webserver.dir/ssi.cpp.obj (rand)
/usr/lib/gcc/arm-none-eabi/10.3.1/../../../arm-none-eabi/lib/thumb/v6-m/nofp/libc.a(lib_a-realloc.o)
                              CMakeFiles/pico_webserver.dir/pico-sdk/src/rp2_common/pico_malloc/pico_malloc.c.obj (realloc)
/usr/lib/gcc/arm-none-eabi/10.3.1/../../../arm-none-eabi/lib/thumb/v6-m/nofp/libc.a(lib_a-reallocr.o)
                              /usr/lib/gcc/arm-none-eabi/10.3.1/../../../arm-none-eabi/lib/thumb/v6-m/nofp/libc.a(lib_a-realloc.o) (_realloc_r)
/usr/lib/gcc/arm-none-eabi/10.3.1/../../../arm-none-eabi/lib/thumb/v6-m/nofp/libc.a(lib_a-sbrkr.o)
                              /usr/lib/gcc/arm-none-eabi/10.3.1/../../../arm-none-eabi/lib/thumb/v6-m/nofp/libc.a(lib_a-mallocr.o) (_sbrk_r)
/usr/lib/gcc/arm-none-eabi/10.3.1/../../../arm-none-eabi/lib/thumb/v6-m/nofp/libc.a(lib_a-strchr.o)
                              CMakeFiles/pico_webserver.dir/pico-sdk/lib/lwip/src/apps/http/httpd.c.obj (strchr)
/usr/lib/gcc/arm-none-eabi/10.3.1/../../../arm-none-eabi/lib/thumb/v6-m/nofp/libc.a(lib_a-strcmp.o)
                              CMakeFiles/pico_webserver.dir/cgi.cpp.obj (strcmp)
/usr/lib/gcc/arm-none-eabi/10.3.1/../../../arm-none-eabi/lib/thumb/v6-m/nofp/libc.a(lib_a-strcpy.o)
                              CMakeFiles/pico_webserver.dir/cgi.cpp.obj (strcpy)
/usr/lib/gcc/arm-none-eabi/10.3.1/../../../arm-none-eabi/lib/thumb/v6-m/nofp/libc.a(lib_a-strlen-stub.o)
                              CMakeFiles/pico_webserver.dir/usb_descriptors.c.obj (strlen)
/usr/lib/gcc/arm-none-eabi/10.3.1/../../../arm-none-eabi/lib/thumb/v6-m/nofp/libc.a(lib_a-strncmp.o)
[...]
Memory Configuration

Name             Origin             Length             Attributes
FLASH            0x0000000010000000 0x0000000000200000 xr
RAM              0x0000000020000000 0x0000000000040000 xrw
SCRATCH_X        0x0000000020040000 0x0000000000001000 xrw
SCRATCH_Y        0x0000000020041000 0x0000000000001000 xrw
*default*        0x0000000000000000 0xffffffffffffffff

Linker script and memory map

LOAD /usr/lib/gcc/arm-none-eabi/10.3.1/thumb/v6-m/nofp/crti.o
LOAD /usr/lib/gcc/arm-none-eabi/10.3.1/thumb/v6-m/nofp/crtbegin.o
LOAD /usr/lib/gcc/arm-none-eabi/10.3.1/../../../arm-none-eabi/lib/thumb/v6-m/nofp/crt0.o

.flash_begin    0x0000000010000000        0x0
                0x0000000010000000                __flash_binary_start = .

.boot2          0x0000000010000000      0x100
                0x0000000010000000                __boot2_start__ = .
 *(.boot2)
 .boot2         0x0000000010000000      0x100 /tmp/ccxNQWoR.o
                0x0000000010000100                __boot2_end__ = .
                0x0000000000000001                ASSERT (((__boot2_end__ - __boot2_start__) == 0x100), ERROR: Pico second stage bootloader must be 256 bytes in size)

.text           0x0000000010000100    0x19330
                0x0000000010000100                __logical_binary_start = .
 *(.vectors)
 .vectors       0x0000000010000100       0xd4 CMakeFiles/pico_webserver.dir/pico-sdk/src/rp2_common/pico_standard_link/crt0.S.obj
                0x0000000010000100                __vectors
                0x0000000010000100                __VECTOR_TABLE
                0x00000000100001c0                isr_invalid
                0x00000000100001c0                __default_isrs_start
                0x00000000100001c2                isr_nmi
                0x00000000100001c4                isr_hardfault
                0x00000000100001c6                isr_svcall
                0x00000000100001c8                isr_pendsv
                0x00000000100001ca                isr_systick
                0x00000000100001cc                isr_irq30
                0x00000000100001cc                __unhandled_user_irq
                0x00000000100001cc                isr_irq13
                0x00000000100001cc                isr_irq27
                0x00000000100001cc                isr_irq31
                0x00000000100001cc                isr_irq5
                0x00000000100001cc                isr_irq11
                0x00000000100001cc                isr_irq23
                0x00000000100001cc                isr_irq18
                0x00000000100001cc                isr_irq28
                0x00000000100001cc                isr_irq19
                0x00000000100001cc                isr_irq0
                0x00000000100001cc                isr_irq6
                0x00000000100001cc                isr_irq22
                0x00000000100001cc                isr_irq17
                0x00000000100001cc                isr_irq14
                0x00000000100001cc                isr_irq2
                0x00000000100001cc                isr_irq10
                0x00000000100001cc                isr_irq8
                0x00000000100001cc                isr_irq24
                0x00000000100001cc                isr_irq1
                0x00000000100001cc                isr_irq7
                0x00000000100001cc                isr_irq21
                0x00000000100001cc                isr_irq20
                0x00000000100001cc                isr_irq15
                0x00000000100001cc                isr_irq25
                0x00000000100001cc                isr_irq4
                0x00000000100001cc                isr_irq16
                0x00000000100001cc                isr_irq29
                0x00000000100001cc                isr_irq26
                0x00000000100001cc                __default_isrs_end
                0x00000000100001cc                isr_irq3
                0x00000000100001cc                isr_irq12
                0x00000000100001cc                isr_irq9
                0x00000000100001d2                unhandled_user_irq_num_in_r0
 *(.binary_info_header)
 .binary_info_header
                0x00000000100001d4       0x14 CMakeFiles/pico_webserver.dir/pico-sdk/src/rp2_common/pico_standard_link/crt0.S.obj
                0x00000000100001e8                __binary_info_header_end = .
 *(.reset)
 .reset         0x00000000100001e8       0xa0 CMakeFiles/pico_webserver.dir/pico-sdk/src/rp2_common/pico_standard_link/crt0.S.obj
                0x00000000100001e8                _entry_point
 .reset         0x0000000010000288       0x30 CMakeFiles/pico_webserver.dir/pico-sdk/src/rp2_common/pico_standard_link/binary_info.c.obj
 *(.init)
 .init          0x00000000100002b8        0x4 /usr/lib/gcc/arm-none-eabi/10.3.1/thumb/v6-m/nofp/crti.o
                0x00000000100002b8                _init
 *(EXCLUDE_FILE(*libm.a: *libc.a:*lib_a-mem*.o *libgcc.a:) .text*)
 .text          0x00000000100002bc       0x98 /usr/lib/gcc/arm-none-eabi/10.3.1/thumb/v6-m/nofp/crtbegin.o
 .text.startup.main
                0x0000000010000354       0x8c CMakeFiles/pico_webserver.dir/webserver.c.obj
                0x0000000010000354                main
 .text.netif_init_cb
                0x00000000100003e0       0x30 CMakeFiles/pico_webserver.dir/tusb_lwip_glue.c.obj
 .text.output_fn
                0x0000000010000410        0x8 CMakeFiles/pico_webserver.dir/tusb_lwip_glue.c.obj
 .text.linkoutput_fn
                0x0000000010000418       0x3c CMakeFiles/pico_webserver.dir/tusb_lwip_glue.c.obj
 .text.init_lwip
                0x0000000010000454       0x5c CMakeFiles/pico_webserver.dir/tusb_lwip_glue.c.obj
                0x0000000010000454                init_lwip
 .text.tud_network_init_cb
                0x00000000100004b0       0x18 CMakeFiles/pico_webserver.dir/tusb_lwip_glue.c.obj
                0x00000000100004b0                tud_network_init_cb
 .text.tud_network_recv_cb
                0x00000000100004c8       0x70 CMakeFiles/pico_webserver.dir/tusb_lwip_glue.c.obj
                0x00000000100004c8                tud_network_recv_cb
 .text.tud_network_xmit_cb
                0x0000000010000538       0x30 CMakeFiles/pico_webserver.dir/tusb_lwip_glue.c.obj
                0x0000000010000538                tud_network_xmit_cb
 .text.service_traffic
                0x0000000010000568       0x2c CMakeFiles/pico_webserver.dir/tusb_lwip_glue.c.obj
                0x0000000010000568                service_traffic
 .text.dhcpd_init
                0x0000000010000594       0x14 CMakeFiles/pico_webserver.dir/tusb_lwip_glue.c.obj
                0x0000000010000594                dhcpd_init
 .text.wait_for_netif_is_up
                0x00000000100005a8       0x14 CMakeFiles/pico_webserver.dir/tusb_lwip_glue.c.obj
                0x00000000100005a8                wait_for_netif_is_up
 .text.tud_descriptor_device_cb
                0x00000000100005bc        0x8 CMakeFiles/pico_webserver.dir/usb_descriptors.c.obj
                0x00000000100005bc                tud_descriptor_device_cb
 .text.tud_descriptor_configuration_cb
                0x00000000100005c4       0x14 CMakeFiles/pico_webserver.dir/usb_descriptors.c.obj
                0x00000000100005c4                tud_descriptor_configuration_cb
 .text.tud_descriptor_string_cb
                0x00000000100005d8      0x17c CMakeFiles/pico_webserver.dir/usb_descriptors.c.obj
                0x00000000100005d8                tud_descriptor_string_cb
 .text.fill_options
                0x0000000010000754       0xdc CMakeFiles/pico_webserver.dir/pico-sdk/lib/tinyusb/lib/networking/dhserver.c.obj
                0x0000000010000754                fill_options
 .text.udp_recv_proc
                0x0000000010000830      0x2e4 CMakeFiles/pico_webserver.dir/pico-sdk/lib/tinyusb/lib/networking/dhserver.c.obj
 .text.dhserv_init
                0x0000000010000b14       0x64 CMakeFiles/pico_webserver.dir/pico-sdk/lib/tinyusb/lib/networking/dhserver.c.obj
                0x0000000010000b14                dhserv_init
 .text.rndis_class_set_handler
                0x0000000010000b78      0x2d4 CMakeFiles/pico_webserver.dir/pico-sdk/lib/tinyusb/lib/networking/rndis_reports.c.obj
                0x0000000010000b78                rndis_class_set_handler
 .text._Z11scan_resultPvPK23_cyw43_ev_scan_result_t
                0x0000000010000e4c       0x4c CMakeFiles/pico_webserver.dir/ssi.cpp.obj
                0x0000000010000e4c                scan_result(void*, _cyw43_ev_scan_result_t const*)
 .text.ssi_init
                0x0000000010000e98       0x4c CMakeFiles/pico_webserver.dir/ssi.cpp.obj
                0x0000000010000e98                ssi_init
 .text.cgi_handler_basic
                0x0000000010000ee4      0x11c CMakeFiles/pico_webserver.dir/cgi.cpp.obj
                0x0000000010000ee4                cgi_handler_basic
 .text.cgi_handler_extended
                0x0000000010001000      0x11c CMakeFiles/pico_webserver.dir/cgi.cpp.obj
                0x0000000010001000                cgi_handler_extended
 .text.wifi_cred_set
                0x000000001000111c       0xa4 CMakeFiles/pico_webserver.dir/cgi.cpp.obj
                0x000000001000111c                wifi_cred_set
 .text.cgi_toggle_led
                0x00000000100011c0       0x20 CMakeFiles/pico_webserver.dir/cgi.cpp.obj
 .text.cgi_reset_usb_boot
                0x00000000100011e0       0x14 CMakeFiles/pico_webserver.dir/cgi.cpp.obj
 .text.cgi_init
                0x00000000100011f4       0x2c CMakeFiles/pico_webserver.dir/cgi.cpp.obj
                0x00000000100011f4                cgi_init
 .text.core1_entry
                0x0000000010001220       0x30 CMakeFiles/pico_webserver.dir/wifi_code.c.obj
                0x0000000010001220                core1_entry
 .text.set_sys_clock_pll
                0x0000000010001250       0x78 CMakeFiles/pico_webserver.dir/pico-sdk/src/rp2_common/pico_stdlib/stdlib.c.obj
                0x0000000010001250                set_sys_clock_pll
 .text.check_sys_clock_khz
                0x00000000100012c8      0x17c CMakeFiles/pico_webserver.dir/pico-sdk/src/rp2_common/pico_stdlib/stdlib.c.obj
                0x00000000100012c8                check_sys_clock_khz
 .text.gpio_set_function
                0x0000000010001444       0x30 CMakeFiles/pico_webserver.dir/pico-sdk/src/rp2_common/hardware_gpio/gpio.c.obj
                0x0000000010001444                gpio_set_function
 .text.gpio_set_pulls
                0x0000000010001474       0x30 CMakeFiles/pico_webserver.dir/pico-sdk/src/rp2_common/hardware_gpio/gpio.c.obj
                0x0000000010001474                gpio_set_pulls
 .text.gpio_set_input_hysteresis_enabled
                0x00000000100014a4       0x28 CMakeFiles/pico_webserver.dir/pico-sdk/src/rp2_common/hardware_gpio/gpio.c.obj
                0x00000000100014a4                gpio_set_input_hysteresis_enabled
 .text.gpio_set_irq_enabled
                0x00000000100014cc       0x54 CMakeFiles/pico_webserver.dir/pico-sdk/src/rp2_common/hardware_gpio/gpio.c.obj
                0x00000000100014cc                gpio_set_irq_enabled
 .text.gpio_add_raw_irq_handler_with_order_priority_masked
                0x0000000010001520       0x44 CMakeFiles/pico_webserver.dir/pico-sdk/src/rp2_common/hardware_gpio/gpio.c.obj
                0x0000000010001520                gpio_add_raw_irq_handler_with_order_priority_masked
 .text.gpio_remove_raw_irq_handler_masked
                0x0000000010001564       0x20 CMakeFiles/pico_webserver.dir/pico-sdk/src/rp2_common/hardware_gpio/gpio.c.obj
                0x0000000010001564                gpio_remove_raw_irq_handler_masked
 .text.gpio_set_input_enabled
                0x0000000010001584       0x28 CMakeFiles/pico_webserver.dir/pico-sdk/src/rp2_common/hardware_gpio/gpio.c.obj
                0x0000000010001584                gpio_set_input_enabled
 .text.gpio_init
                0x00000000100015ac       0x3c CMakeFiles/pico_webserver.dir/pico-sdk/src/rp2_common/hardware_gpio/gpio.c.obj
                0x00000000100015ac                gpio_init
 .text.running_on_fpga
                0x00000000100015e8       0x10 CMakeFiles/pico_webserver.dir/pico-sdk/src/rp2_common/pico_platform/platform.c.obj
                0x00000000100015e8                running_on_fpga
 .text.hw_claim_lock
                0x00000000100015f8       0x18 CMakeFiles/pico_webserver.dir/pico-sdk/src/rp2_common/hardware_claim/claim.c.obj
                0x00000000100015f8                hw_claim_lock
 .text.hw_claim_unlock
                0x0000000010001610       0x14 CMakeFiles/pico_webserver.dir/pico-sdk/src/rp2_common/hardware_claim/claim.c.obj
                0x0000000010001610                hw_claim_unlock
 .text.hw_claim_or_assert
                0x0000000010001624       0x44 CMakeFiles/pico_webserver.dir/pico-sdk/src/rp2_common/hardware_claim/claim.c.obj
                0x0000000010001624                hw_claim_or_assert
 .text.hw_claim_unused_from_range
                0x0000000010001668       0x9c CMakeFiles/pico_webserver.dir/pico-sdk/src/rp2_common/hardware_claim/claim.c.obj
                0x0000000010001668                hw_claim_unused_from_range
 .text.hw_claim_clear
                0x0000000010001704       0x38 CMakeFiles/pico_webserver.dir/pico-sdk/src/rp2_common/hardware_claim/claim.c.obj
                0x0000000010001704                hw_claim_clear
 .text.spin_locks_reset
                0x000000001000173c       0x1c CMakeFiles/pico_webserver.dir/pico-sdk/src/rp2_common/hardware_sync/sync.c.obj
                0x000000001000173c                spin_locks_reset
 .text.next_striped_spin_lock_num
                0x0000000010001758       0x18 CMakeFiles/pico_webserver.dir/pico-sdk/src/rp2_common/hardware_sync/sync.c.obj
                0x0000000010001758                next_striped_spin_lock_num
 .text.spin_lock_claim_unused
                0x0000000010001770       0x20 CMakeFiles/pico_webserver.dir/pico-sdk/src/rp2_common/hardware_sync/sync.c.obj
                0x0000000010001770                spin_lock_claim_unused
 .text.irq_set_enabled
                0x0000000010001790       0x24 CMakeFiles/pico_webserver.dir/pico-sdk/src/rp2_common/hardware_irq/irq.c.obj
                0x0000000010001790                irq_set_enabled
 .text.irq_is_enabled
                0x00000000100017b4       0x18 CMakeFiles/pico_webserver.dir/pico-sdk/src/rp2_common/hardware_irq/irq.c.obj
                0x00000000100017b4                irq_is_enabled
 .text.irq_set_pending
                0x00000000100017cc       0x10 CMakeFiles/pico_webserver.dir/pico-sdk/src/rp2_common/hardware_irq/irq.c.obj
                0x00000000100017cc                irq_set_pending
 .text.irq_get_vtable_handler
                0x00000000100017dc       0x10 CMakeFiles/pico_webserver.dir/pico-sdk/src/rp2_common/hardware_irq/irq.c.obj
                0x00000000100017dc                irq_get_vtable_handler
 .text.irq_set_exclusive_handler
                0x00000000100017ec       0x54 CMakeFiles/pico_webserver.dir/pico-sdk/src/rp2_common/hardware_irq/irq.c.obj
                0x00000000100017ec                irq_set_exclusive_handler
 .text.irq_add_shared_handler
                0x0000000010001840      0x1e8 CMakeFiles/pico_webserver.dir/pico-sdk/src/rp2_common/hardware_irq/irq.c.obj
                0x0000000010001840                irq_add_shared_handler
 .text.irq_remove_handler
                0x0000000010001a28      0x1b0 CMakeFiles/pico_webserver.dir/pico-sdk/src/rp2_common/hardware_irq/irq.c.obj
                0x0000000010001a28                irq_remove_handler
 .text.irq_set_priority
                0x0000000010001bd8       0x28 CMakeFiles/pico_webserver.dir/pico-sdk/src/rp2_common/hardware_irq/irq.c.obj
                0x0000000010001bd8                irq_set_priority
 .text.irq_add_tail_to_free_list
                0x0000000010001c00       0xb4 CMakeFiles/pico_webserver.dir/pico-sdk/src/rp2_common/hardware_irq/irq.c.obj
                0x0000000010001c00                irq_add_tail_to_free_list
 .text.irq_init_priorities
                0x0000000010001cb4       0x24 CMakeFiles/pico_webserver.dir/pico-sdk/src/rp2_common/hardware_irq/irq.c.obj
                0x0000000010001cb4                irq_init_priorities
 .text.user_irq_unclaim
                0x0000000010001cd8       0x14 CMakeFiles/pico_webserver.dir/pico-sdk/src/rp2_common/hardware_irq/irq.c.obj
                0x0000000010001cd8                user_irq_unclaim
 .text.user_irq_claim_unused
                0x0000000010001cec       0x28 CMakeFiles/pico_webserver.dir/pico-sdk/src/rp2_common/hardware_irq/irq.c.obj
                0x0000000010001cec                user_irq_claim_unused
 .text.sem_init
                0x0000000010001d14       0x20 CMakeFiles/pico_webserver.dir/pico-sdk/src/common/pico_sync/sem.c.obj
                0x0000000010001d14                sem_init
 .text.lock_init
                0x0000000010001d34       0x10 CMakeFiles/pico_webserver.dir/pico-sdk/src/common/pico_sync/lock_core.c.obj
                0x0000000010001d34                lock_init
 .text.mutex_init
                0x0000000010001d44       0x1c CMakeFiles/pico_webserver.dir/pico-sdk/src/common/pico_sync/mutex.c.obj
                0x0000000010001d44                mutex_init
 .text.recursive_mutex_init
                0x0000000010001d60       0x1c CMakeFiles/pico_webserver.dir/pico-sdk/src/common/pico_sync/mutex.c.obj
                0x0000000010001d60                recursive_mutex_init
 .text.critical_section_init
                0x0000000010001d7c       0x20 CMakeFiles/pico_webserver.dir/pico-sdk/src/common/pico_sync/critical_section.c.obj
                0x0000000010001d7c                critical_section_init
 .text.timer_pool_entry_comparator
                0x0000000010001d9c       0x34 CMakeFiles/pico_webserver.dir/pico-sdk/src/common/pico_time/time.c.obj
                0x0000000010001d9c                timer_pool_entry_comparator
 .text.sleep_until_callback
                0x0000000010001dd0       0x30 CMakeFiles/pico_webserver.dir/pico-sdk/src/common/pico_time/time.c.obj
 .text.add_alarm_under_lock.isra.0
                0x0000000010001e00      0x100 CMakeFiles/pico_webserver.dir/pico-sdk/src/common/pico_time/time.c.obj
 .text.alarm_pool_alarm_callback
                0x0000000010001f00      0x1bc CMakeFiles/pico_webserver.dir/pico-sdk/src/common/pico_time/time.c.obj
 .text.alarm_pool_init_default
                0x00000000100020bc       0x6c CMakeFiles/pico_webserver.dir/pico-sdk/src/common/pico_time/time.c.obj
                0x00000000100020bc                alarm_pool_init_default
 .text.alarm_pool_get_default
                0x0000000010002128        0x8 CMakeFiles/pico_webserver.dir/pico-sdk/src/common/pico_time/time.c.obj
                0x0000000010002128                alarm_pool_get_default
 .text.alarm_pool_create_with_unused_hardware_alarm
                0x0000000010002130       0x74 CMakeFiles/pico_webserver.dir/pico-sdk/src/common/pico_time/time.c.obj
                0x0000000010002130                alarm_pool_create_with_unused_hardware_alarm
 .text.alarm_pool_destroy
                0x00000000100021a4       0x44 CMakeFiles/pico_webserver.dir/pico-sdk/src/common/pico_time/time.c.obj
                0x00000000100021a4                alarm_pool_destroy
 .text.alarm_pool_add_alarm_at
                0x00000000100021e8      0x178 CMakeFiles/pico_webserver.dir/pico-sdk/src/common/pico_time/time.c.obj
                0x00000000100021e8                alarm_pool_add_alarm_at
 .text.alarm_pool_add_alarm_at_force_in_context
                0x0000000010002360      0x124 CMakeFiles/pico_webserver.dir/pico-sdk/src/common/pico_time/time.c.obj
                0x0000000010002360                alarm_pool_add_alarm_at_force_in_context
 .text.alarm_pool_cancel_alarm
                0x0000000010002484       0x78 CMakeFiles/pico_webserver.dir/pico-sdk/src/common/pico_time/time.c.obj
                0x0000000010002484                alarm_pool_cancel_alarm
 .text.alarm_pool_core_num
                0x00000000100024fc        0x4 CMakeFiles/pico_webserver.dir/pico-sdk/src/common/pico_time/time.c.obj
                0x00000000100024fc                alarm_pool_core_num
 .text.sleep_until
                0x0000000010002500       0xc4 CMakeFiles/pico_webserver.dir/pico-sdk/src/common/pico_time/time.c.obj
                0x0000000010002500                sleep_until
 .text.sleep_ms
                0x00000000100025c4       0x34 CMakeFiles/pico_webserver.dir/pico-sdk/src/common/pico_time/time.c.obj
                0x00000000100025c4                sleep_ms
 .text.best_effort_wfe_or_timeout
                0x00000000100025f8       0xd4 CMakeFiles/pico_webserver.dir/pico-sdk/src/common/pico_time/time.c.obj
                0x00000000100025f8                best_effort_wfe_or_timeout
 .text.hardware_alarm_irq_handler
                0x00000000100026cc       0xbc CMakeFiles/pico_webserver.dir/pico-sdk/src/rp2_common/hardware_timer/timer.c.obj
 .text.hardware_alarm_claim
                0x0000000010002788       0x18 CMakeFiles/pico_webserver.dir/pico-sdk/src/rp2_common/hardware_timer/timer.c.obj
                0x0000000010002788                hardware_alarm_claim
 .text.hardware_alarm_unclaim
                0x00000000100027a0       0x10 CMakeFiles/pico_webserver.dir/pico-sdk/src/rp2_common/hardware_timer/timer.c.obj
                0x00000000100027a0                hardware_alarm_unclaim
 .text.hardware_alarm_claim_unused
                0x00000000100027b0       0x20 CMakeFiles/pico_webserver.dir/pico-sdk/src/rp2_common/hardware_timer/timer.c.obj
                0x00000000100027b0                hardware_alarm_claim_unused
 .text.time_us_64
                0x00000000100027d0       0x14 CMakeFiles/pico_webserver.dir/pico-sdk/src/rp2_common/hardware_timer/timer.c.obj
                0x00000000100027d0                time_us_64
 .text.busy_wait_until
                0x00000000100027e4       0x20 CMakeFiles/pico_webserver.dir/pico-sdk/src/rp2_common/hardware_timer/timer.c.obj
                0x00000000100027e4                busy_wait_until
 .text.hardware_alarm_set_callback
                0x0000000010002804       0x8c CMakeFiles/pico_webserver.dir/pico-sdk/src/rp2_common/hardware_timer/timer.c.obj
                0x0000000010002804                hardware_alarm_set_callback
 .text.hardware_alarm_set_target
                0x0000000010002890       0xd4 CMakeFiles/pico_webserver.dir/pico-sdk/src/rp2_common/hardware_timer/timer.c.obj
                0x0000000010002890                hardware_alarm_set_target
 .text.hardware_alarm_cancel
                0x0000000010002964       0x3c CMakeFiles/pico_webserver.dir/pico-sdk/src/rp2_common/hardware_timer/timer.c.obj
                0x0000000010002964                hardware_alarm_cancel
 .text.hardware_alarm_force_irq
                0x00000000100029a0       0x3c CMakeFiles/pico_webserver.dir/pico-sdk/src/rp2_common/hardware_timer/timer.c.obj
                0x00000000100029a0                hardware_alarm_force_irq
 .text.ph_merge_nodes
                0x00000000100029dc       0x68 CMakeFiles/pico_webserver.dir/pico-sdk/src/common/pico_util/pheap.c.obj
 .text.ph_create
                0x0000000010002a44       0x60 CMakeFiles/pico_webserver.dir/pico-sdk/src/common/pico_util/pheap.c.obj
                0x0000000010002a44                ph_create
 .text.ph_post_alloc_init
                0x0000000010002aa4       0x3c CMakeFiles/pico_webserver.dir/pico-sdk/src/common/pico_util/pheap.c.obj
                0x0000000010002aa4                ph_post_alloc_init
 .text.ph_destroy
                0x0000000010002ae0       0x14 CMakeFiles/pico_webserver.dir/pico-sdk/src/common/pico_util/pheap.c.obj
                0x0000000010002ae0                ph_destroy
 .text.ph_merge_two_pass
                0x0000000010002af4       0x90 CMakeFiles/pico_webserver.dir/pico-sdk/src/common/pico_util/pheap.c.obj
                0x0000000010002af4                ph_merge_two_pass
 .text.ph_remove_any_head
                0x0000000010002b84      0x100 CMakeFiles/pico_webserver.dir/pico-sdk/src/common/pico_util/pheap.c.obj
 .text.ph_remove_head
                0x0000000010002c84      0x104 CMakeFiles/pico_webserver.dir/pico-sdk/src/common/pico_util/pheap.c.obj
                0x0000000010002c84                ph_remove_head
 .text.ph_remove_and_free_node
                0x0000000010002d88       0x7c CMakeFiles/pico_webserver.dir/pico-sdk/src/common/pico_util/pheap.c.obj
                0x0000000010002d88                ph_remove_and_free_node
 .text.queue_init_with_spinlock
                0x0000000010002e04       0x24 CMakeFiles/pico_webserver.dir/pico-sdk/src/common/pico_util/queue.c.obj
                0x0000000010002e04                queue_init_with_spinlock
 .text.queue_try_add
                0x0000000010002e28       0x70 CMakeFiles/pico_webserver.dir/pico-sdk/src/common/pico_util/queue.c.obj
                0x0000000010002e28                queue_try_add
 .text.queue_try_peek
                0x0000000010002e98       0x5c CMakeFiles/pico_webserver.dir/pico-sdk/src/common/pico_util/queue.c.obj
                0x0000000010002e98                queue_try_peek
 .text.queue_remove_blocking
                0x0000000010002ef4       0x74 CMakeFiles/pico_webserver.dir/pico-sdk/src/common/pico_util/queue.c.obj
                0x0000000010002ef4                queue_remove_blocking
 .text.clock_configure
                0x0000000010002f68      0x118 CMakeFiles/pico_webserver.dir/pico-sdk/src/rp2_common/hardware_clocks/clocks.c.obj
                0x0000000010002f68                clock_configure
 .text.clocks_init
                0x0000000010003080      0x2d0 CMakeFiles/pico_webserver.dir/pico-sdk/src/rp2_common/hardware_clocks/clocks.c.obj
                0x0000000010003080                clocks_init
 .text.clock_get_hz
                0x0000000010003350        0xc CMakeFiles/pico_webserver.dir/pico-sdk/src/rp2_common/hardware_clocks/clocks.c.obj
                0x0000000010003350                clock_get_hz
 .text.pll_init
                0x000000001000335c       0xa0 CMakeFiles/pico_webserver.dir/pico-sdk/src/rp2_common/hardware_pll/pll.c.obj
                0x000000001000335c                pll_init
 .text.watchdog_start_tick
                0x00000000100033fc       0x10 CMakeFiles/pico_webserver.dir/pico-sdk/src/rp2_common/hardware_watchdog/watchdog.c.obj
                0x00000000100033fc                watchdog_start_tick
 .text.xosc_init
                0x000000001000340c       0x28 CMakeFiles/pico_webserver.dir/pico-sdk/src/rp2_common/hardware_xosc/xosc.c.obj
                0x000000001000340c                xosc_init
 .text.runtime_init
                0x0000000010003434       0xf0 CMakeFiles/pico_webserver.dir/pico-sdk/src/rp2_common/pico_runtime/runtime.c.obj
                0x0000000010003434                runtime_init
 .text._exit    0x0000000010003524       0x14 CMakeFiles/pico_webserver.dir/pico-sdk/src/rp2_common/pico_runtime/runtime.c.obj
                0x0000000010003524                _exit
 .text._sbrk    0x0000000010003538       0x34 CMakeFiles/pico_webserver.dir/pico-sdk/src/rp2_common/pico_runtime/runtime.c.obj
                0x0000000010003538                _sbrk
 .text.exit     0x000000001000356c        0x8 CMakeFiles/pico_webserver.dir/pico-sdk/src/rp2_common/pico_runtime/runtime.c.obj
                0x000000001000356c                exit
 .text.panic    0x0000000010003574       0x30 CMakeFiles/pico_webserver.dir/pico-sdk/src/rp2_common/pico_runtime/runtime.c.obj
                0x0000000010003574                panic
 .text.hard_assertion_failure
                0x00000000100035a4        0xc CMakeFiles/pico_webserver.dir/pico-sdk/src/rp2_common/pico_runtime/runtime.c.obj
                0x00000000100035a4                hard_assertion_failure
 .text._out_buffer
                0x00000000100035b0        0x8 CMakeFiles/pico_webserver.dir/pico-sdk/src/rp2_common/pico_printf/printf.c.obj
 .text._out_null
                0x00000000100035b8        0x4 CMakeFiles/pico_webserver.dir/pico-sdk/src/rp2_common/pico_printf/printf.c.obj
 .text._out_rev
                0x00000000100035bc       0x9c CMakeFiles/pico_webserver.dir/pico-sdk/src/rp2_common/pico_printf/printf.c.obj
 .text._ntoa_format
                0x0000000010003658      0x1cc CMakeFiles/pico_webserver.dir/pico-sdk/src/rp2_common/pico_printf/printf.c.obj
 .text._out_char
                0x0000000010003824       0x10 CMakeFiles/pico_webserver.dir/pico-sdk/src/rp2_common/pico_printf/printf.c.obj
 .text._out_fct
                0x0000000010003834       0x10 CMakeFiles/pico_webserver.dir/pico-sdk/src/rp2_common/pico_printf/printf.c.obj
 .text._etoa    0x0000000010003844      0x44c CMakeFiles/pico_webserver.dir/pico-sdk/src/rp2_common/pico_printf/printf.c.obj
 .text._ftoa    0x0000000010003c90      0x398 CMakeFiles/pico_webserver.dir/pico-sdk/src/rp2_common/pico_printf/printf.c.obj
 .text._vsnprintf
                0x0000000010004028      0xb04 CMakeFiles/pico_webserver.dir/pico-sdk/src/rp2_common/pico_printf/printf.c.obj
 .text.__wrap_sprintf
                0x0000000010004b2c       0x28 CMakeFiles/pico_webserver.dir/pico-sdk/src/rp2_common/pico_printf/printf.c.obj
                0x0000000010004b2c                __wrap_sprintf
 .text.__wrap_snprintf
                0x0000000010004b54       0x28 CMakeFiles/pico_webserver.dir/pico-sdk/src/rp2_common/pico_printf/printf.c.obj
                0x0000000010004b54                __wrap_snprintf
 .text.vfctprintf
                0x0000000010004b7c       0x20 CMakeFiles/pico_webserver.dir/pico-sdk/src/rp2_common/pico_printf/printf.c.obj
                0x0000000010004b7c                vfctprintf
 .text.weak_raw_vprintf
                0x0000000010004b9c       0x30 CMakeFiles/pico_webserver.dir/pico-sdk/src/rp2_common/pico_printf/printf.c.obj
                0x0000000010004b9c                weak_raw_vprintf
 .text          0x0000000010004bcc       0x10 CMakeFiles/pico_webserver.dir/pico-sdk/src/rp2_common/pico_bit_ops/bit_ops_aeabi.S.obj
 .text.ctzsi    0x0000000010004bdc        0xc CMakeFiles/pico_webserver.dir/pico-sdk/src/rp2_common/pico_bit_ops/bit_ops_aeabi.S.obj
                0x0000000010004bdc                __wrap___ctzsi2
 .text.rom_func_lookup
                0x0000000010004be8       0x10 CMakeFiles/pico_webserver.dir/pico-sdk/src/rp2_common/pico_bootrom/bootrom.c.obj
                0x0000000010004be8                rom_func_lookup
 .text.rom_data_lookup
                0x0000000010004bf8       0x10 CMakeFiles/pico_webserver.dir/pico-sdk/src/rp2_common/pico_bootrom/bootrom.c.obj
                0x0000000010004bf8                rom_data_lookup
 .text.rom_funcs_lookup
                0x0000000010004c08       0x44 CMakeFiles/pico_webserver.dir/pico-sdk/src/rp2_common/pico_bootrom/bootrom.c.obj
                0x0000000010004c08                rom_funcs_lookup
 .text.__wrap___aeabi_idiv
                0x0000000010004c4c       0x50 CMakeFiles/pico_webserver.dir/pico-sdk/src/rp2_common/pico_divider/divider.S.obj
                0x0000000010004c4c                __wrap___aeabi_idivmod
                0x0000000010004c4c                divmod_s32s32
                0x0000000010004c4c                div_s32s32
                0x0000000010004c4c                __wrap___aeabi_idiv
                0x0000000010004c54                divmod_s32s32_unsafe
                0x0000000010004c80                divmod_s32s32_savestate
 .text.__wrap___aeabi_uidiv
                0x0000000010004c9c       0x4c CMakeFiles/pico_webserver.dir/pico-sdk/src/rp2_common/pico_divider/divider.S.obj
                0x0000000010004c9c                __wrap___aeabi_uidiv
                0x0000000010004c9c                __wrap___aeabi_uidivmod
                0x0000000010004c9c                div_u32u32
                0x0000000010004c9c                divmod_u32u32
                0x0000000010004ca4                divmod_u32u32_unsafe
                0x0000000010004ccc                divmod_u32u32_savestate
 .text.__wrap___aeabi_ldiv
                0x0000000010004ce8      0x424 CMakeFiles/pico_webserver.dir/pico-sdk/src/rp2_common/pico_divider/divider.S.obj
                0x0000000010004ce8                div_s64s64
                0x0000000010004ce8                divmod_s64s64
                0x0000000010004ce8                __wrap___aeabi_ldivmod
                0x0000000010004d18                div_u64u64
                0x0000000010004d18                divmod_u64u64
                0x0000000010004d18                __wrap___aeabi_uldivmod
                0x0000000010004d28                divmod_u64u64_savestate
                0x0000000010004d48                divmod_s64s64_unsafe
                0x0000000010004dd0                divmod_u64u64_unsafe
 .text.__wrap___aeabi_darithmetic
                0x000000001000510c       0x60 CMakeFiles/pico_webserver.dir/pico-sdk/src/rp2_common/pico_double/double_aeabi.S.obj
                0x000000001000510c                __wrap___aeabi_drsub
                0x0000000010005112                __wrap___aeabi_dsub
                0x000000001000511c                __wrap___aeabi_dadd
                0x0000000010005126                __wrap___aeabi_ddiv
                0x000000001000515a                __wrap___aeabi_dmul
 .text.__wrap___aeabi_cdcmple
                0x000000001000516c       0x6c CMakeFiles/pico_webserver.dir/pico-sdk/src/rp2_common/pico_double/double_aeabi.S.obj
                0x000000001000516c                __wrap___aeabi_cdrcmple
                0x000000001000517c                __wrap___aeabi_cdcmple
                0x000000001000517c                __wrap___aeabi_cdcmpeq
 .text.__wrap___aeabi_dcmplt
                0x00000000100051d8        0xc CMakeFiles/pico_webserver.dir/pico-sdk/src/rp2_common/pico_double/double_aeabi.S.obj
                0x00000000100051d8                __wrap___aeabi_dcmplt
 .text.__wrap___aeabi_dcmple
                0x00000000100051e4       0x10 CMakeFiles/pico_webserver.dir/pico-sdk/src/rp2_common/pico_double/double_aeabi.S.obj
                0x00000000100051e4                __wrap___aeabi_dcmple
 .text.__wrap___aeabi_dcmpge
                0x00000000100051f4       0x10 CMakeFiles/pico_webserver.dir/pico-sdk/src/rp2_common/pico_double/double_aeabi.S.obj
                0x00000000100051f4                __wrap___aeabi_dcmpge
 .text.__wrap___aeabi_dcmpgt
                0x0000000010005204        0xa CMakeFiles/pico_webserver.dir/pico-sdk/src/rp2_common/pico_double/double_aeabi.S.obj
                0x0000000010005204                __wrap___aeabi_dcmpgt
 .text.__wrap___aeabi_dcmpun
                0x000000001000520e       0x1c CMakeFiles/pico_webserver.dir/pico-sdk/src/rp2_common/pico_double/double_aeabi.S.obj
                0x000000001000520e                __wrap___aeabi_dcmpun
 *fill*         0x000000001000522a        0x2 
 .text.__wrap___aeabi_i2d
                0x000000001000522c       0x38 CMakeFiles/pico_webserver.dir/pico-sdk/src/rp2_common/pico_double/double_aeabi.S.obj
                0x000000001000522c                __wrap___aeabi_ui2d
                0x0000000010005234                __wrap___aeabi_i2d
 .text.__wrap___aeabi_d2iz
                0x0000000010005264       0x48 CMakeFiles/pico_webserver.dir/pico-sdk/src/rp2_common/pico_double/double_aeabi.S.obj
                0x0000000010005264                __wrap___aeabi_d2iz
                0x0000000010005264                double2int_z
 .text.__wrap___aeabi_d2uiz
                0x00000000100052ac       0x10 CMakeFiles/pico_webserver.dir/pico-sdk/src/rp2_common/pico_double/double_aeabi.S.obj
                0x00000000100052ac                double2uint
                0x00000000100052ac                __wrap___aeabi_d2uiz
 .text.missing_double_func_shim
                0x00000000100052bc        0xc CMakeFiles/pico_webserver.dir/pico-sdk/src/rp2_common/pico_double/double_init_rom.c.obj
 .text.__aeabi_double_init
                0x00000000100052c8       0x98 CMakeFiles/pico_webserver.dir/pico-sdk/src/rp2_common/pico_double/double_init_rom.c.obj
                0x00000000100052c8                __aeabi_double_init
 .text.double_table_shim_on_use_helper
                0x0000000010005360       0x2c CMakeFiles/pico_webserver.dir/pico-sdk/src/rp2_common/pico_double/double_v1_rom_shim.S.obj
                0x0000000010005360                double_table_shim_on_use_helper
 .text.__aeabi_lmul
                0x000000001000538c       0x32 CMakeFiles/pico_webserver.dir/pico-sdk/src/rp2_common/pico_int64_ops/pico_int64_ops_aeabi.S.obj
                0x000000001000538c                __wrap___aeabi_lmul
 *fill*         0x00000000100053be        0x2 
 .text.__wrap___aeabi_farithmetic
                0x00000000100053c0       0x48 CMakeFiles/pico_webserver.dir/pico-sdk/src/rp2_common/pico_float/float_aeabi.S.obj
                0x00000000100053c0                __wrap___aeabi_frsub
                0x00000000100053c6                __wrap___aeabi_fsub
                0x00000000100053cc                __wrap___aeabi_fadd
                0x00000000100053d2                __wrap___aeabi_fdiv
                0x00000000100053fa                __wrap___aeabi_fmul
 .text.__wrap___aeabi_i2f
                0x0000000010005408       0x44 CMakeFiles/pico_webserver.dir/pico-sdk/src/rp2_common/pico_float/float_aeabi.S.obj
                0x0000000010005408                __wrap___aeabi_i2f
 .text.__wrap___aeabi_f2d
                0x000000001000544c        0xc CMakeFiles/pico_webserver.dir/pico-sdk/src/rp2_common/pico_float/float_aeabi.S.obj
                0x000000001000544c                __wrap___aeabi_f2d
 .text.missing_float_func_shim
                0x0000000010005458        0xc CMakeFiles/pico_webserver.dir/pico-sdk/src/rp2_common/pico_float/float_init_rom.c.obj
 .text.__aeabi_float_init
                0x0000000010005464       0x5c CMakeFiles/pico_webserver.dir/pico-sdk/src/rp2_common/pico_float/float_init_rom.c.obj
                0x0000000010005464                __aeabi_float_init
 .text.__wrap_malloc
                0x00000000100054c0       0x3c CMakeFiles/pico_webserver.dir/pico-sdk/src/rp2_common/pico_malloc/pico_malloc.c.obj
                0x00000000100054c0                __wrap_malloc
 .text.__wrap_calloc
                0x00000000100054fc       0x40 CMakeFiles/pico_webserver.dir/pico-sdk/src/rp2_common/pico_malloc/pico_malloc.c.obj
                0x00000000100054fc                __wrap_calloc
 .text.__wrap_free
                0x000000001000553c       0x20 CMakeFiles/pico_webserver.dir/pico-sdk/src/rp2_common/pico_malloc/pico_malloc.c.obj
                0x000000001000553c                __wrap_free
 .text          0x000000001000555c       0x10 CMakeFiles/pico_webserver.dir/pico-sdk/src/rp2_common/pico_mem_ops/mem_ops_aeabi.S.obj
                0x000000001000555c                __aeabi_mem_init
 .text.memset   0x000000001000556c        0xc CMakeFiles/pico_webserver.dir/pico-sdk/src/rp2_common/pico_mem_ops/mem_ops_aeabi.S.obj
                0x000000001000556c                __wrap_memset
 .text.memcpy   0x0000000010005578        0xc CMakeFiles/pico_webserver.dir/pico-sdk/src/rp2_common/pico_mem_ops/mem_ops_aeabi.S.obj
                0x0000000010005578                __wrap___aeabi_memcpy
                0x0000000010005578                __wrap_memcpy
 .text.stdio_out_chars_no_crlf
                0x0000000010005584       0x10 CMakeFiles/pico_webserver.dir/pico-sdk/src/rp2_common/pico_stdio/stdio.c.obj
 .text.stdio_out_chars_crlf
                0x0000000010005594       0xb4 CMakeFiles/pico_webserver.dir/pico-sdk/src/rp2_common/pico_stdio/stdio.c.obj
 .text.stdio_buffered_printer
                0x0000000010005648       0x64 CMakeFiles/pico_webserver.dir/pico-sdk/src/rp2_common/pico_stdio/stdio.c.obj
 .text.stdio_put_string.isra.0
                0x00000000100056ac       0xfc CMakeFiles/pico_webserver.dir/pico-sdk/src/rp2_common/pico_stdio/stdio.c.obj
 .text.__wrap_putchar
                0x00000000100057a8       0x98 CMakeFiles/pico_webserver.dir/pico-sdk/src/rp2_common/pico_stdio/stdio.c.obj
                0x00000000100057a8                __wrap_putchar
 .text.__wrap_puts
                0x0000000010005840       0x3c CMakeFiles/pico_webserver.dir/pico-sdk/src/rp2_common/pico_stdio/stdio.c.obj
                0x0000000010005840                __wrap_puts
 .text.__wrap_vprintf
                0x000000001000587c       0xd8 CMakeFiles/pico_webserver.dir/pico-sdk/src/rp2_common/pico_stdio/stdio.c.obj
                0x000000001000587c                __wrap_vprintf
 .text.__wrap_printf
                0x0000000010005954       0x18 CMakeFiles/pico_webserver.dir/pico-sdk/src/rp2_common/pico_stdio/stdio.c.obj
                0x0000000010005954                __wrap_printf
 .text.startup._retrieve_unique_id_on_boot
                0x000000001000596c       0x10 CMakeFiles/pico_webserver.dir/pico-sdk/src/rp2_common/pico_unique_id/unique_id.c.obj
 .text.pico_get_unique_board_id
                0x000000001000597c       0x10 CMakeFiles/pico_webserver.dir/pico-sdk/src/rp2_common/pico_unique_id/unique_id.c.obj
                0x000000001000597c                pico_get_unique_board_id
 .text.flash_get_unique_id
                0x000000001000598c       0x40 CMakeFiles/pico_webserver.dir/pico-sdk/src/rp2_common/hardware_flash/flash.c.obj
                0x000000001000598c                flash_get_unique_id
 .text.dcd_int_enable
                0x00000000100059cc        0xc CMakeFiles/pico_webserver.dir/pico-sdk/lib/tinyusb/src/portable/raspberrypi/rp2040/dcd_rp2040.c.obj
                0x00000000100059cc                dcd_int_enable
 .text.dcd_set_address
                0x00000000100059d8       0x14 CMakeFiles/pico_webserver.dir/pico-sdk/lib/tinyusb/src/portable/raspberrypi/rp2040/dcd_rp2040.c.obj
                0x00000000100059d8                dcd_set_address
 .text.dcd_connect
                0x00000000100059ec       0x10 CMakeFiles/pico_webserver.dir/pico-sdk/lib/tinyusb/src/portable/raspberrypi/rp2040/dcd_rp2040.c.obj
                0x00000000100059ec                dcd_connect
 .text.dcd_init
                0x00000000100059fc       0x98 CMakeFiles/pico_webserver.dir/pico-sdk/lib/tinyusb/src/portable/raspberrypi/rp2040/dcd_rp2040.c.obj
                0x00000000100059fc                dcd_init
 .text.dcd_edpt0_status_complete
                0x0000000010005a94       0x1c CMakeFiles/pico_webserver.dir/pico-sdk/lib/tinyusb/src/portable/raspberrypi/rp2040/dcd_rp2040.c.obj
                0x0000000010005a94                dcd_edpt0_status_complete
 .text.dcd_edpt_open
                0x0000000010005ab0      0x108 CMakeFiles/pico_webserver.dir/pico-sdk/lib/tinyusb/src/portable/raspberrypi/rp2040/dcd_rp2040.c.obj
                0x0000000010005ab0                dcd_edpt_open
 .text.dcd_edpt_close_all
                0x0000000010005bb8        0x8 CMakeFiles/pico_webserver.dir/pico-sdk/lib/tinyusb/src/portable/raspberrypi/rp2040/dcd_rp2040.c.obj
                0x0000000010005bb8                dcd_edpt_close_all
 .text.dcd_edpt_xfer
                0x0000000010005bc0       0x24 CMakeFiles/pico_webserver.dir/pico-sdk/lib/tinyusb/src/portable/raspberrypi/rp2040/dcd_rp2040.c.obj
                0x0000000010005bc0                dcd_edpt_xfer
 .text.dcd_edpt_stall
                0x0000000010005be4       0x38 CMakeFiles/pico_webserver.dir/pico-sdk/lib/tinyusb/src/portable/raspberrypi/rp2040/dcd_rp2040.c.obj
                0x0000000010005be4                dcd_edpt_stall
 .text.dcd_edpt_clear_stall
                0x0000000010005c1c       0x30 CMakeFiles/pico_webserver.dir/pico-sdk/lib/tinyusb/src/portable/raspberrypi/rp2040/dcd_rp2040.c.obj
                0x0000000010005c1c                dcd_edpt_clear_stall
 .text.rp2040_usb_init
                0x0000000010005c4c       0x4c CMakeFiles/pico_webserver.dir/pico-sdk/lib/tinyusb/src/portable/raspberrypi/rp2040/rp2040_usb.c.obj
                0x0000000010005c4c                rp2040_usb_init
 .text.hw_endpoint_xfer_start
                0x0000000010005c98       0x50 CMakeFiles/pico_webserver.dir/pico-sdk/lib/tinyusb/src/portable/raspberrypi/rp2040/rp2040_usb.c.obj
                0x0000000010005c98                hw_endpoint_xfer_start
 .text.tud_mounted
                0x0000000010005ce8       0x10 CMakeFiles/pico_webserver.dir/pico-sdk/lib/tinyusb/src/device/usbd.c.obj
                0x0000000010005ce8                tud_mounted
 .text.tud_suspended
                0x0000000010005cf8       0x10 CMakeFiles/pico_webserver.dir/pico-sdk/lib/tinyusb/src/device/usbd.c.obj
                0x0000000010005cf8                tud_suspended
 .text.tud_inited
                0x0000000010005d08       0x14 CMakeFiles/pico_webserver.dir/pico-sdk/lib/tinyusb/src/device/usbd.c.obj
                0x0000000010005d08                tud_inited
 .text.tud_init
                0x0000000010005d1c       0xe4 CMakeFiles/pico_webserver.dir/pico-sdk/lib/tinyusb/src/device/usbd.c.obj
                0x0000000010005d1c                tud_init
 .text.tud_task_ext
                0x0000000010005e00      0x870 CMakeFiles/pico_webserver.dir/pico-sdk/lib/tinyusb/src/device/usbd.c.obj
                0x0000000010005e00                tud_task_ext
 .text.usbd_open_edpt_pair
                0x0000000010006670       0x9c CMakeFiles/pico_webserver.dir/pico-sdk/lib/tinyusb/src/device/usbd.c.obj
                0x0000000010006670                usbd_open_edpt_pair
 .text.usbd_edpt_open
                0x000000001000670c       0x34 CMakeFiles/pico_webserver.dir/pico-sdk/lib/tinyusb/src/device/usbd.c.obj
                0x000000001000670c                usbd_edpt_open
 .text.usbd_edpt_xfer
                0x0000000010006740       0x4c CMakeFiles/pico_webserver.dir/pico-sdk/lib/tinyusb/src/device/usbd.c.obj
                0x0000000010006740                usbd_edpt_xfer
 .text.usbd_edpt_busy
                0x000000001000678c       0x1c CMakeFiles/pico_webserver.dir/pico-sdk/lib/tinyusb/src/device/usbd.c.obj
                0x000000001000678c                usbd_edpt_busy
 .text.tud_control_status
                0x00000000100067a8       0x30 CMakeFiles/pico_webserver.dir/pico-sdk/lib/tinyusb/src/device/usbd_control.c.obj
                0x00000000100067a8                tud_control_status
 .text.tud_control_xfer
                0x00000000100067d8       0xbc CMakeFiles/pico_webserver.dir/pico-sdk/lib/tinyusb/src/device/usbd_control.c.obj
                0x00000000100067d8                tud_control_xfer
 .text.usbd_control_reset
                0x0000000010006894       0x14 CMakeFiles/pico_webserver.dir/pico-sdk/lib/tinyusb/src/device/usbd_control.c.obj
                0x0000000010006894                usbd_control_reset
 .text.usbd_control_set_complete_callback
                0x00000000100068a8        0xc CMakeFiles/pico_webserver.dir/pico-sdk/lib/tinyusb/src/device/usbd_control.c.obj
                0x00000000100068a8                usbd_control_set_complete_callback
 .text.usbd_control_set_request
                0x00000000100068b4       0x1c CMakeFiles/pico_webserver.dir/pico-sdk/lib/tinyusb/src/device/usbd_control.c.obj
                0x00000000100068b4                usbd_control_set_request
 .text.usbd_control_xfer_cb
                0x00000000100068d0       0xfc CMakeFiles/pico_webserver.dir/pico-sdk/lib/tinyusb/src/device/usbd_control.c.obj
                0x00000000100068d0                usbd_control_xfer_cb
 .text.tud_network_recv_renew
                0x00000000100069cc       0x20 CMakeFiles/pico_webserver.dir/pico-sdk/lib/tinyusb/src/class/net/ecm_rndis_device.c.obj
                0x00000000100069cc                tud_network_recv_renew
 .text.netd_report
                0x00000000100069ec       0x24 CMakeFiles/pico_webserver.dir/pico-sdk/lib/tinyusb/src/class/net/ecm_rndis_device.c.obj
                0x00000000100069ec                netd_report
 .text.netd_init
                0x0000000010006a10       0x14 CMakeFiles/pico_webserver.dir/pico-sdk/lib/tinyusb/src/class/net/ecm_rndis_device.c.obj
                0x0000000010006a10                netd_init
 .text.netd_reset
                0x0000000010006a24       0x14 CMakeFiles/pico_webserver.dir/pico-sdk/lib/tinyusb/src/class/net/ecm_rndis_device.c.obj
                0x0000000010006a24                netd_reset
 .text.netd_open
                0x0000000010006a38      0x11c CMakeFiles/pico_webserver.dir/pico-sdk/lib/tinyusb/src/class/net/ecm_rndis_device.c.obj
                0x0000000010006a38                netd_open
 .text.netd_control_xfer_cb
                0x0000000010006b54      0x174 CMakeFiles/pico_webserver.dir/pico-sdk/lib/tinyusb/src/class/net/ecm_rndis_device.c.obj
                0x0000000010006b54                netd_control_xfer_cb
 .text.netd_xfer_cb
                0x0000000010006cc8       0xec CMakeFiles/pico_webserver.dir/pico-sdk/lib/tinyusb/src/class/net/ecm_rndis_device.c.obj
                0x0000000010006cc8                netd_xfer_cb
 .text.tud_network_can_xmit
                0x0000000010006db4        0xc CMakeFiles/pico_webserver.dir/pico-sdk/lib/tinyusb/src/class/net/ecm_rndis_device.c.obj
                0x0000000010006db4                tud_network_can_xmit
 .text.tud_network_xmit
                0x0000000010006dc0       0x98 CMakeFiles/pico_webserver.dir/pico-sdk/lib/tinyusb/src/class/net/ecm_rndis_device.c.obj
                0x0000000010006dc0                tud_network_xmit
 .text.tusb_init
                0x0000000010006e58        0xc CMakeFiles/pico_webserver.dir/pico-sdk/lib/tinyusb/src/tusb.c.obj
                0x0000000010006e58                tusb_init
 .text.tusb_inited
                0x0000000010006e64        0x8 CMakeFiles/pico_webserver.dir/pico-sdk/lib/tinyusb/src/tusb.c.obj
                0x0000000010006e64                tusb_inited
 .text.tu_edpt_validate
                0x0000000010006e6c       0x78 CMakeFiles/pico_webserver.dir/pico-sdk/lib/tinyusb/src/tusb.c.obj
                0x0000000010006e6c                tu_edpt_validate
 .text.tu_edpt_bind_driver
                0x0000000010006ee4       0x34 CMakeFiles/pico_webserver.dir/pico-sdk/lib/tinyusb/src/tusb.c.obj
                0x0000000010006ee4                tu_edpt_bind_driver
 .text.tu_fifo_read
                0x0000000010006f18       0xa0 CMakeFiles/pico_webserver.dir/pico-sdk/lib/tinyusb/src/common/tusb_fifo.c.obj
                0x0000000010006f18                tu_fifo_read
 .text.tu_fifo_write
                0x0000000010006fb8       0x88 CMakeFiles/pico_webserver.dir/pico-sdk/lib/tinyusb/src/common/tusb_fifo.c.obj
                0x0000000010006fb8                tu_fifo_write
 .text.tu_fifo_clear
                0x0000000010007040       0x40 CMakeFiles/pico_webserver.dir/pico-sdk/lib/tinyusb/src/common/tusb_fifo.c.obj
                0x0000000010007040                tu_fifo_clear
 .text.lwip_timeout_reached
                0x0000000010007080        0x8 CMakeFiles/pico_webserver.dir/pico-sdk/src/rp2_common/pico_lwip/lwip_nosys.c.obj
 .text.update_next_timeout
                0x0000000010007088       0x6c CMakeFiles/pico_webserver.dir/pico-sdk/src/rp2_common/pico_lwip/lwip_nosys.c.obj
 .text.lwip_nosys_init
                0x00000000100070f4       0x30 CMakeFiles/pico_webserver.dir/pico-sdk/src/rp2_common/pico_lwip/lwip_nosys.c.obj
                0x00000000100070f4                lwip_nosys_init
 .text.lwip_nosys_deinit
                0x0000000010007124       0x20 CMakeFiles/pico_webserver.dir/pico-sdk/src/rp2_common/pico_lwip/lwip_nosys.c.obj
                0x0000000010007124                lwip_nosys_deinit
 .text.sys_arch_protect
                0x0000000010007144        0x4 CMakeFiles/pico_webserver.dir/pico-sdk/src/rp2_common/pico_lwip/lwip_nosys.c.obj
                0x0000000010007144                sys_arch_protect
 .text.sys_arch_unprotect
                0x0000000010007148        0x4 CMakeFiles/pico_webserver.dir/pico-sdk/src/rp2_common/pico_lwip/lwip_nosys.c.obj
                0x0000000010007148                sys_arch_unprotect
 .text.sys_now  0x000000001000714c       0x20 CMakeFiles/pico_webserver.dir/pico-sdk/src/rp2_common/pico_lwip/lwip_nosys.c.obj
                0x000000001000714c                sys_now
 .text.async_context_base_add_at_time_worker
                0x000000001000716c       0x28 CMakeFiles/pico_webserver.dir/pico-sdk/src/rp2_common/pico_async_context/async_context_base.c.obj
                0x000000001000716c                async_context_base_add_at_time_worker
 .text.async_context_base_remove_at_time_worker
                0x0000000010007194       0x28 CMakeFiles/pico_webserver.dir/pico-sdk/src/rp2_common/pico_async_context/async_context_base.c.obj
                0x0000000010007194                async_context_base_remove_at_time_worker
 .text.async_context_base_add_when_pending_worker
                0x00000000100071bc       0x24 CMakeFiles/pico_webserver.dir/pico-sdk/src/rp2_common/pico_async_context/async_context_base.c.obj
                0x00000000100071bc                async_context_base_add_when_pending_worker
 .text.async_context_base_remove_when_pending_worker
                0x00000000100071e0       0x28 CMakeFiles/pico_webserver.dir/pico-sdk/src/rp2_common/pico_async_context/async_context_base.c.obj
                0x00000000100071e0                async_context_base_remove_when_pending_worker
 .text.async_context_base_execute_once
                0x0000000010007208       0xe8 CMakeFiles/pico_webserver.dir/pico-sdk/src/rp2_common/pico_async_context/async_context_base.c.obj
                0x0000000010007208                async_context_base_execute_once
 .text.async_context_base_needs_servicing
                0x00000000100072f0       0x54 CMakeFiles/pico_webserver.dir/pico-sdk/src/rp2_common/pico_async_context/async_context_base.c.obj
                0x00000000100072f0                async_context_base_needs_servicing
 .text.lwip_init
                0x0000000010007344       0x20 CMakeFiles/pico_webserver.dir/pico-sdk/lib/lwip/src/core/init.c.obj
                0x0000000010007344                lwip_init
 .text.lwip_htons
                0x0000000010007364        0x8 CMakeFiles/pico_webserver.dir/pico-sdk/lib/lwip/src/core/def.c.obj
                0x0000000010007364                lwip_htons
 .text.lwip_htonl
                0x000000001000736c        0x4 CMakeFiles/pico_webserver.dir/pico-sdk/lib/lwip/src/core/def.c.obj
                0x000000001000736c                lwip_htonl
 .text.lwip_strnstr
                0x0000000010007370       0x5c CMakeFiles/pico_webserver.dir/pico-sdk/lib/lwip/src/core/def.c.obj
                0x0000000010007370                lwip_strnstr
 .text.lwip_stricmp
                0x00000000100073cc       0x34 CMakeFiles/pico_webserver.dir/pico-sdk/lib/lwip/src/core/def.c.obj
                0x00000000100073cc                lwip_stricmp
 .text.lwip_standard_chksum
                0x0000000010007400       0x80 CMakeFiles/pico_webserver.dir/pico-sdk/lib/lwip/src/core/inet_chksum.c.obj
                0x0000000010007400                lwip_standard_chksum
 .text.inet_chksum_pseudo
                0x0000000010007480       0xb4 CMakeFiles/pico_webserver.dir/pico-sdk/lib/lwip/src/core/inet_chksum.c.obj
                0x0000000010007480                inet_chksum_pseudo
 .text.ip_chksum_pseudo
                0x0000000010007534       0x10 CMakeFiles/pico_webserver.dir/pico-sdk/lib/lwip/src/core/inet_chksum.c.obj
                0x0000000010007534                ip_chksum_pseudo
 .text.inet_chksum
                0x0000000010007544       0x8c CMakeFiles/pico_webserver.dir/pico-sdk/lib/lwip/src/core/inet_chksum.c.obj
                0x0000000010007544                inet_chksum
 .text.inet_chksum_pbuf
                0x00000000100075d0       0x6c CMakeFiles/pico_webserver.dir/pico-sdk/lib/lwip/src/core/inet_chksum.c.obj
                0x00000000100075d0                inet_chksum_pbuf
 .text.mem_init
                0x000000001000763c       0x48 CMakeFiles/pico_webserver.dir/pico-sdk/lib/lwip/src/core/mem.c.obj
                0x000000001000763c                mem_init
 .text.mem_free
                0x0000000010007684      0x128 CMakeFiles/pico_webserver.dir/pico-sdk/lib/lwip/src/core/mem.c.obj
                0x0000000010007684                mem_free
 .text.mem_trim
                0x00000000100077ac      0x144 CMakeFiles/pico_webserver.dir/pico-sdk/lib/lwip/src/core/mem.c.obj
                0x00000000100077ac                mem_trim
 .text.mem_malloc
                0x00000000100078f0      0x130 CMakeFiles/pico_webserver.dir/pico-sdk/lib/lwip/src/core/mem.c.obj
                0x00000000100078f0                mem_malloc
 .text.memp_init
                0x0000000010007a20       0x94 CMakeFiles/pico_webserver.dir/pico-sdk/lib/lwip/src/core/memp.c.obj
                0x0000000010007a20                memp_init
 .text.memp_malloc
                0x0000000010007ab4       0x4c CMakeFiles/pico_webserver.dir/pico-sdk/lib/lwip/src/core/memp.c.obj
                0x0000000010007ab4                memp_malloc
 .text.memp_free
                0x0000000010007b00       0x30 CMakeFiles/pico_webserver.dir/pico-sdk/lib/lwip/src/core/memp.c.obj
                0x0000000010007b00                memp_free
 .text.netif_null_output_ip4
                0x0000000010007b30        0x8 CMakeFiles/pico_webserver.dir/pico-sdk/lib/lwip/src/core/netif.c.obj
 .text.netif_init
                0x0000000010007b38        0x4 CMakeFiles/pico_webserver.dir/pico-sdk/lib/lwip/src/core/netif.c.obj
                0x0000000010007b38                netif_init
 .text.netif_set_addr
                0x0000000010007b3c       0xc4 CMakeFiles/pico_webserver.dir/pico-sdk/lib/lwip/src/core/netif.c.obj
                0x0000000010007b3c                netif_set_addr
 .text.netif_add
                0x0000000010007c00       0xf8 CMakeFiles/pico_webserver.dir/pico-sdk/lib/lwip/src/core/netif.c.obj
                0x0000000010007c00                netif_add
 .text.netif_remove
                0x0000000010007cf8       0x88 CMakeFiles/pico_webserver.dir/pico-sdk/lib/lwip/src/core/netif.c.obj
                0x0000000010007cf8                netif_remove
 .text.netif_set_default
                0x0000000010007d80        0xc CMakeFiles/pico_webserver.dir/pico-sdk/lib/lwip/src/core/netif.c.obj
                0x0000000010007d80                netif_set_default
 .text.netif_set_up
                0x0000000010007d8c       0x14 CMakeFiles/pico_webserver.dir/pico-sdk/lib/lwip/src/core/netif.c.obj
                0x0000000010007d8c                netif_set_up
 .text.netif_set_link_up
                0x0000000010007da0       0x1c CMakeFiles/pico_webserver.dir/pico-sdk/lib/lwip/src/core/netif.c.obj
                0x0000000010007da0                netif_set_link_up
 .text.netif_set_link_down
                0x0000000010007dbc       0x1c CMakeFiles/pico_webserver.dir/pico-sdk/lib/lwip/src/core/netif.c.obj
                0x0000000010007dbc                netif_set_link_down
 .text.netif_get_by_index
                0x0000000010007dd8       0x2c CMakeFiles/pico_webserver.dir/pico-sdk/lib/lwip/src/core/netif.c.obj
                0x0000000010007dd8                netif_get_by_index
 .text.pbuf_free.part.0
                0x0000000010007e04       0x80 CMakeFiles/pico_webserver.dir/pico-sdk/lib/lwip/src/core/pbuf.c.obj
 .text.pbuf_free_ooseq
                0x0000000010007e84       0x34 CMakeFiles/pico_webserver.dir/pico-sdk/lib/lwip/src/core/pbuf.c.obj
                0x0000000010007e84                pbuf_free_ooseq
 .text.pbuf_alloc
                0x0000000010007eb8      0x12c CMakeFiles/pico_webserver.dir/pico-sdk/lib/lwip/src/core/pbuf.c.obj
                0x0000000010007eb8                pbuf_alloc
 .text.pbuf_alloced_custom
                0x0000000010007fe4       0x38 CMakeFiles/pico_webserver.dir/pico-sdk/lib/lwip/src/core/pbuf.c.obj
                0x0000000010007fe4                pbuf_alloced_custom
 .text.pbuf_realloc
                0x000000001000801c       0x70 CMakeFiles/pico_webserver.dir/pico-sdk/lib/lwip/src/core/pbuf.c.obj
                0x000000001000801c                pbuf_realloc
 .text.pbuf_add_header
                0x000000001000808c       0x4c CMakeFiles/pico_webserver.dir/pico-sdk/lib/lwip/src/core/pbuf.c.obj
                0x000000001000808c                pbuf_add_header
 .text.pbuf_remove_header
                0x00000000100080d8       0x38 CMakeFiles/pico_webserver.dir/pico-sdk/lib/lwip/src/core/pbuf.c.obj
                0x00000000100080d8                pbuf_remove_header
 .text.pbuf_header_force
                0x0000000010008110       0x6c CMakeFiles/pico_webserver.dir/pico-sdk/lib/lwip/src/core/pbuf.c.obj
                0x0000000010008110                pbuf_header_force
 .text.pbuf_free
                0x000000001000817c       0x10 CMakeFiles/pico_webserver.dir/pico-sdk/lib/lwip/src/core/pbuf.c.obj
                0x000000001000817c                pbuf_free
 .text.pbuf_clen
                0x000000001000818c       0x14 CMakeFiles/pico_webserver.dir/pico-sdk/lib/lwip/src/core/pbuf.c.obj
                0x000000001000818c                pbuf_clen
 .text.pbuf_ref
                0x00000000100081a0       0x18 CMakeFiles/pico_webserver.dir/pico-sdk/lib/lwip/src/core/pbuf.c.obj
                0x00000000100081a0                pbuf_ref
 .text.pbuf_cat
                0x00000000100081b8       0x2c CMakeFiles/pico_webserver.dir/pico-sdk/lib/lwip/src/core/pbuf.c.obj
                0x00000000100081b8                pbuf_cat
 .text.pbuf_chain
                0x00000000100081e4       0x44 CMakeFiles/pico_webserver.dir/pico-sdk/lib/lwip/src/core/pbuf.c.obj
                0x00000000100081e4                pbuf_chain
 .text.pbuf_copy_partial_pbuf
                0x0000000010008228      0x11c CMakeFiles/pico_webserver.dir/pico-sdk/lib/lwip/src/core/pbuf.c.obj
                0x0000000010008228                pbuf_copy_partial_pbuf
 .text.pbuf_copy
                0x0000000010008344       0x18 CMakeFiles/pico_webserver.dir/pico-sdk/lib/lwip/src/core/pbuf.c.obj
                0x0000000010008344                pbuf_copy
 .text.pbuf_copy_partial
                0x000000001000835c       0x70 CMakeFiles/pico_webserver.dir/pico-sdk/lib/lwip/src/core/pbuf.c.obj
                0x000000001000835c                pbuf_copy_partial
 .text.pbuf_take
                0x00000000100083cc       0x54 CMakeFiles/pico_webserver.dir/pico-sdk/lib/lwip/src/core/pbuf.c.obj
                0x00000000100083cc                pbuf_take
 .text.pbuf_clone
                0x0000000010008420       0x20 CMakeFiles/pico_webserver.dir/pico-sdk/lib/lwip/src/core/pbuf.c.obj
                0x0000000010008420                pbuf_clone
 .text.raw_input
                0x0000000010008440      0x12c CMakeFiles/pico_webserver.dir/pico-sdk/lib/lwip/src/core/raw.c.obj
                0x0000000010008440                raw_input
 .text.raw_netif_ip_addr_changed
                0x000000001000856c       0x40 CMakeFiles/pico_webserver.dir/pico-sdk/lib/lwip/src/core/raw.c.obj
                0x000000001000856c                raw_netif_ip_addr_changed
 .text.stats_init
                0x00000000100085ac        0x4 CMakeFiles/pico_webserver.dir/pico-sdk/lib/lwip/src/core/stats.c.obj
                0x00000000100085ac                stats_init
 .text.tcp_close_shutdown_fin
                0x00000000100085b0       0x4c CMakeFiles/pico_webserver.dir/pico-sdk/lib/lwip/src/core/tcp.c.obj
 .text.tcp_pcb_purge.part.0
                0x00000000100085fc       0xc4 CMakeFiles/pico_webserver.dir/pico-sdk/lib/lwip/src/core/tcp.c.obj
 .text.tcp_init
                0x00000000100086c0        0x4 CMakeFiles/pico_webserver.dir/pico-sdk/lib/lwip/src/core/tcp.c.obj
                0x00000000100086c0                tcp_init
 .text.tcp_free
                0x00000000100086c4        0xc CMakeFiles/pico_webserver.dir/pico-sdk/lib/lwip/src/core/tcp.c.obj
                0x00000000100086c4                tcp_free
 .text.tcp_bind
                0x00000000100086d0       0xf8 CMakeFiles/pico_webserver.dir/pico-sdk/lib/lwip/src/core/tcp.c.obj
                0x00000000100086d0                tcp_bind
 .text.tcp_listen_with_backlog
                0x00000000100087c8       0x88 CMakeFiles/pico_webserver.dir/pico-sdk/lib/lwip/src/core/tcp.c.obj
                0x00000000100087c8                tcp_listen_with_backlog
 .text.tcp_update_rcv_ann_wnd
                0x0000000010008850       0x3c CMakeFiles/pico_webserver.dir/pico-sdk/lib/lwip/src/core/tcp.c.obj
                0x0000000010008850                tcp_update_rcv_ann_wnd
 .text.tcp_recved
                0x000000001000888c       0x78 CMakeFiles/pico_webserver.dir/pico-sdk/lib/lwip/src/core/tcp.c.obj
                0x000000001000888c                tcp_recved
 .text.tcp_slowtmr
                0x0000000010008904      0x42c CMakeFiles/pico_webserver.dir/pico-sdk/lib/lwip/src/core/tcp.c.obj
                0x0000000010008904                tcp_slowtmr
 .text.tcp_segs_free
                0x0000000010008d30       0x38 CMakeFiles/pico_webserver.dir/pico-sdk/lib/lwip/src/core/tcp.c.obj
                0x0000000010008d30                tcp_segs_free
 .text.tcp_seg_free
                0x0000000010008d68       0x1c CMakeFiles/pico_webserver.dir/pico-sdk/lib/lwip/src/core/tcp.c.obj
                0x0000000010008d68                tcp_seg_free
 .text.tcp_setprio
                0x0000000010008d84        0x8 CMakeFiles/pico_webserver.dir/pico-sdk/lib/lwip/src/core/tcp.c.obj
                0x0000000010008d84                tcp_setprio
 .text.tcp_seg_copy
                0x0000000010008d8c       0x20 CMakeFiles/pico_webserver.dir/pico-sdk/lib/lwip/src/core/tcp.c.obj
                0x0000000010008d8c                tcp_seg_copy
 .text.tcp_arg  0x0000000010008dac        0x8 CMakeFiles/pico_webserver.dir/pico-sdk/lib/lwip/src/core/tcp.c.obj
                0x0000000010008dac                tcp_arg
 .text.tcp_recv
                0x0000000010008db4        0xc CMakeFiles/pico_webserver.dir/pico-sdk/lib/lwip/src/core/tcp.c.obj
                0x0000000010008db4                tcp_recv
 .text.tcp_sent
                0x0000000010008dc0        0xc CMakeFiles/pico_webserver.dir/pico-sdk/lib/lwip/src/core/tcp.c.obj
                0x0000000010008dc0                tcp_sent
 .text.tcp_err  0x0000000010008dcc        0xc CMakeFiles/pico_webserver.dir/pico-sdk/lib/lwip/src/core/tcp.c.obj
                0x0000000010008dcc                tcp_err
 .text.tcp_accept
                0x0000000010008dd8       0x10 CMakeFiles/pico_webserver.dir/pico-sdk/lib/lwip/src/core/tcp.c.obj
                0x0000000010008dd8                tcp_accept
 .text.tcp_poll
                0x0000000010008de8        0xc CMakeFiles/pico_webserver.dir/pico-sdk/lib/lwip/src/core/tcp.c.obj
                0x0000000010008de8                tcp_poll
 .text.tcp_pcb_purge
                0x0000000010008df4       0x18 CMakeFiles/pico_webserver.dir/pico-sdk/lib/lwip/src/core/tcp.c.obj
                0x0000000010008df4                tcp_pcb_purge
 .text.tcp_pcb_remove
                0x0000000010008e0c       0x78 CMakeFiles/pico_webserver.dir/pico-sdk/lib/lwip/src/core/tcp.c.obj
                0x0000000010008e0c                tcp_pcb_remove
 .text.tcp_abandon
                0x0000000010008e84      0x184 CMakeFiles/pico_webserver.dir/pico-sdk/lib/lwip/src/core/tcp.c.obj
                0x0000000010008e84                tcp_abandon
 .text.tcp_abort
                0x0000000010009008        0xc CMakeFiles/pico_webserver.dir/pico-sdk/lib/lwip/src/core/tcp.c.obj
                0x0000000010009008                tcp_abort
 .text.tcp_accept_null
                0x0000000010009014       0x10 CMakeFiles/pico_webserver.dir/pico-sdk/lib/lwip/src/core/tcp.c.obj
 .text.tcp_alloc
                0x0000000010009024      0x1f8 CMakeFiles/pico_webserver.dir/pico-sdk/lib/lwip/src/core/tcp.c.obj
                0x0000000010009024                tcp_alloc
 .text.tcp_new_ip_type
                0x000000001000921c      0x1d8 CMakeFiles/pico_webserver.dir/pico-sdk/lib/lwip/src/core/tcp.c.obj
                0x000000001000921c                tcp_new_ip_type
 .text.tcp_close_shutdown
                0x00000000100093f4      0x14c CMakeFiles/pico_webserver.dir/pico-sdk/lib/lwip/src/core/tcp.c.obj
 .text.tcp_recv_null
                0x0000000010009540       0xa8 CMakeFiles/pico_webserver.dir/pico-sdk/lib/lwip/src/core/tcp.c.obj
                0x0000000010009540                tcp_recv_null
 .text.tcp_process_refused_data
                0x00000000100095e8       0xe8 CMakeFiles/pico_webserver.dir/pico-sdk/lib/lwip/src/core/tcp.c.obj
                0x00000000100095e8                tcp_process_refused_data
 .text.tcp_fasttmr
                0x00000000100096d0       0x98 CMakeFiles/pico_webserver.dir/pico-sdk/lib/lwip/src/core/tcp.c.obj
                0x00000000100096d0                tcp_fasttmr
 .text.tcp_tmr  0x0000000010009768       0x20 CMakeFiles/pico_webserver.dir/pico-sdk/lib/lwip/src/core/tcp.c.obj
                0x0000000010009768                tcp_tmr
 .text.tcp_close
                0x0000000010009788      0x15c CMakeFiles/pico_webserver.dir/pico-sdk/lib/lwip/src/core/tcp.c.obj
                0x0000000010009788                tcp_close
 .text.tcp_next_iss
                0x00000000100098e4       0x18 CMakeFiles/pico_webserver.dir/pico-sdk/lib/lwip/src/core/tcp.c.obj
                0x00000000100098e4                tcp_next_iss
 .text.tcp_eff_send_mss_netif
                0x00000000100098fc       0x28 CMakeFiles/pico_webserver.dir/pico-sdk/lib/lwip/src/core/tcp.c.obj
                0x00000000100098fc                tcp_eff_send_mss_netif
 .text.tcp_netif_ip_addr_changed
                0x0000000010009924       0x9c CMakeFiles/pico_webserver.dir/pico-sdk/lib/lwip/src/core/tcp.c.obj
                0x0000000010009924                tcp_netif_ip_addr_changed
 .text.tcp_free_ooseq
                0x00000000100099c0       0x40 CMakeFiles/pico_webserver.dir/pico-sdk/lib/lwip/src/core/tcp.c.obj
                0x00000000100099c0                tcp_free_ooseq
 .text.tcp_parseopt
                0x0000000010009a00      0x180 CMakeFiles/pico_webserver.dir/pico-sdk/lib/lwip/src/core/tcp_in.c.obj
 .text.tcp_oos_insert_segment
                0x0000000010009b80       0xd4 CMakeFiles/pico_webserver.dir/pico-sdk/lib/lwip/src/core/tcp_in.c.obj
 .text.tcp_receive
                0x0000000010009c54      0xa3c CMakeFiles/pico_webserver.dir/pico-sdk/lib/lwip/src/core/tcp_in.c.obj
 .text.tcp_input
                0x000000001000a690      0xc64 CMakeFiles/pico_webserver.dir/pico-sdk/lib/lwip/src/core/tcp_in.c.obj
                0x000000001000a690                tcp_input
 .text.tcp_trigger_input_pcb_close
                0x000000001000b2f4       0x10 CMakeFiles/pico_webserver.dir/pico-sdk/lib/lwip/src/core/tcp_in.c.obj
                0x000000001000b2f4                tcp_trigger_input_pcb_close
 .text.tcp_create_segment
                0x000000001000b304       0xd0 CMakeFiles/pico_webserver.dir/pico-sdk/lib/lwip/src/core/tcp_out.c.obj
 .text.tcp_output_control_segment
                0x000000001000b3d4       0xb4 CMakeFiles/pico_webserver.dir/pico-sdk/lib/lwip/src/core/tcp_out.c.obj
 .text.tcp_write
                0x000000001000b488      0x600 CMakeFiles/pico_webserver.dir/pico-sdk/lib/lwip/src/core/tcp_out.c.obj
                0x000000001000b488                tcp_write
 .text.tcp_split_unsent_seg
                0x000000001000ba88      0x19c CMakeFiles/pico_webserver.dir/pico-sdk/lib/lwip/src/core/tcp_out.c.obj
                0x000000001000ba88                tcp_split_unsent_seg
 .text.tcp_send_fin
                0x000000001000bc24       0xe0 CMakeFiles/pico_webserver.dir/pico-sdk/lib/lwip/src/core/tcp_out.c.obj
                0x000000001000bc24                tcp_send_fin
 .text.tcp_enqueue_flags
                0x000000001000bd04       0xa8 CMakeFiles/pico_webserver.dir/pico-sdk/lib/lwip/src/core/tcp_out.c.obj
                0x000000001000bd04                tcp_enqueue_flags
 .text.tcp_rexmit_rto_prepare
                0x000000001000bdac       0x8c CMakeFiles/pico_webserver.dir/pico-sdk/lib/lwip/src/core/tcp_out.c.obj
                0x000000001000bdac                tcp_rexmit_rto_prepare
 .text.tcp_rexmit
                0x000000001000be38       0x90 CMakeFiles/pico_webserver.dir/pico-sdk/lib/lwip/src/core/tcp_out.c.obj
                0x000000001000be38                tcp_rexmit
 .text.tcp_rexmit_fast
                0x000000001000bec8       0x58 CMakeFiles/pico_webserver.dir/pico-sdk/lib/lwip/src/core/tcp_out.c.obj
                0x000000001000bec8                tcp_rexmit_fast
 .text.tcp_rst  0x000000001000bf20       0xbc CMakeFiles/pico_webserver.dir/pico-sdk/lib/lwip/src/core/tcp_out.c.obj
                0x000000001000bf20                tcp_rst
 .text.tcp_rst_netif
                0x000000001000bfdc       0xfc CMakeFiles/pico_webserver.dir/pico-sdk/lib/lwip/src/core/tcp_out.c.obj
                0x000000001000bfdc                tcp_rst_netif
 .text.tcp_send_empty_ack
                0x000000001000c0d8       0xdc CMakeFiles/pico_webserver.dir/pico-sdk/lib/lwip/src/core/tcp_out.c.obj
                0x000000001000c0d8                tcp_send_empty_ack
 .text.tcp_output
                0x000000001000c1b4      0x410 CMakeFiles/pico_webserver.dir/pico-sdk/lib/lwip/src/core/tcp_out.c.obj
                0x000000001000c1b4                tcp_output
 .text.tcp_rexmit_rto_commit
                0x000000001000c5c4       0x14 CMakeFiles/pico_webserver.dir/pico-sdk/lib/lwip/src/core/tcp_out.c.obj
                0x000000001000c5c4                tcp_rexmit_rto_commit
 .text.tcp_rexmit_rto
                0x000000001000c5d8       0x98 CMakeFiles/pico_webserver.dir/pico-sdk/lib/lwip/src/core/tcp_out.c.obj
                0x000000001000c5d8                tcp_rexmit_rto
 .text.tcp_keepalive
                0x000000001000c670       0xc4 CMakeFiles/pico_webserver.dir/pico-sdk/lib/lwip/src/core/tcp_out.c.obj
                0x000000001000c670                tcp_keepalive
 .text.tcp_zero_window_probe
                0x000000001000c734      0x18c CMakeFiles/pico_webserver.dir/pico-sdk/lib/lwip/src/core/tcp_out.c.obj
                0x000000001000c734                tcp_zero_window_probe
 .text.tcpip_tcp_timer
                0x000000001000c8c0       0x6c CMakeFiles/pico_webserver.dir/pico-sdk/lib/lwip/src/core/timeouts.c.obj
 .text.lwip_cyclic_timer
                0x000000001000c92c       0x90 CMakeFiles/pico_webserver.dir/pico-sdk/lib/lwip/src/core/timeouts.c.obj
 .text.tcp_timer_needed
                0x000000001000c9bc       0x70 CMakeFiles/pico_webserver.dir/pico-sdk/lib/lwip/src/core/timeouts.c.obj
                0x000000001000c9bc                tcp_timer_needed
 .text.sys_timeouts_init
                0x000000001000ca2c       0x78 CMakeFiles/pico_webserver.dir/pico-sdk/lib/lwip/src/core/timeouts.c.obj
                0x000000001000ca2c                sys_timeouts_init
 .text.sys_check_timeouts
                0x000000001000caa4       0x68 CMakeFiles/pico_webserver.dir/pico-sdk/lib/lwip/src/core/timeouts.c.obj
                0x000000001000caa4                sys_check_timeouts
 .text.sys_timeouts_sleeptime
                0x000000001000cb0c       0x28 CMakeFiles/pico_webserver.dir/pico-sdk/lib/lwip/src/core/timeouts.c.obj
                0x000000001000cb0c                sys_timeouts_sleeptime
 .text.udp_init
                0x000000001000cb34        0x4 CMakeFiles/pico_webserver.dir/pico-sdk/lib/lwip/src/core/udp.c.obj
                0x000000001000cb34                udp_init
 .text.udp_input
                0x000000001000cb38      0x234 CMakeFiles/pico_webserver.dir/pico-sdk/lib/lwip/src/core/udp.c.obj
                0x000000001000cb38                udp_input
 .text.udp_bind
                0x000000001000cd6c      0x10c CMakeFiles/pico_webserver.dir/pico-sdk/lib/lwip/src/core/udp.c.obj
                0x000000001000cd6c                udp_bind
 .text.udp_sendto_if_src
                0x000000001000ce78      0x120 CMakeFiles/pico_webserver.dir/pico-sdk/lib/lwip/src/core/udp.c.obj
                0x000000001000ce78                udp_sendto_if_src
 .text.udp_sendto_if
                0x000000001000cf98       0x48 CMakeFiles/pico_webserver.dir/pico-sdk/lib/lwip/src/core/udp.c.obj
                0x000000001000cf98                udp_sendto_if
 .text.udp_sendto
                0x000000001000cfe0       0x7c CMakeFiles/pico_webserver.dir/pico-sdk/lib/lwip/src/core/udp.c.obj
                0x000000001000cfe0                udp_sendto
 .text.udp_connect
                0x000000001000d05c       0x64 CMakeFiles/pico_webserver.dir/pico-sdk/lib/lwip/src/core/udp.c.obj
                0x000000001000d05c                udp_connect
 .text.udp_recv
                0x000000001000d0c0        0xc CMakeFiles/pico_webserver.dir/pico-sdk/lib/lwip/src/core/udp.c.obj
                0x000000001000d0c0                udp_recv
 .text.udp_remove
                0x000000001000d0cc       0x3c CMakeFiles/pico_webserver.dir/pico-sdk/lib/lwip/src/core/udp.c.obj
                0x000000001000d0cc                udp_remove
 .text.udp_new  0x000000001000d108       0x1c CMakeFiles/pico_webserver.dir/pico-sdk/lib/lwip/src/core/udp.c.obj
                0x000000001000d108                udp_new
 .text.udp_netif_ip_addr_changed
                0x000000001000d124       0x40 CMakeFiles/pico_webserver.dir/pico-sdk/lib/lwip/src/core/udp.c.obj
                0x000000001000d124                udp_netif_ip_addr_changed
 .text.dhcp_create_msg
                0x000000001000d164      0x144 CMakeFiles/pico_webserver.dir/pico-sdk/lib/lwip/src/core/ipv4/dhcp.c.obj
 .text.dhcp_bind
                0x000000001000d2a8      0x140 CMakeFiles/pico_webserver.dir/pico-sdk/lib/lwip/src/core/ipv4/dhcp.c.obj
 .text.dhcp_handle_ack.isra.0
                0x000000001000d3e8       0xa0 CMakeFiles/pico_webserver.dir/pico-sdk/lib/lwip/src/core/ipv4/dhcp.c.obj
 .text.dhcp_discover
                0x000000001000d488      0x10c CMakeFiles/pico_webserver.dir/pico-sdk/lib/lwip/src/core/ipv4/dhcp.c.obj
 .text.dhcp_reboot.isra.0
                0x000000001000d594      0x1e0 CMakeFiles/pico_webserver.dir/pico-sdk/lib/lwip/src/core/ipv4/dhcp.c.obj
 .text.dhcp_select.isra.0
                0x000000001000d774      0x244 CMakeFiles/pico_webserver.dir/pico-sdk/lib/lwip/src/core/ipv4/dhcp.c.obj
 .text.dhcp_recv
                0x000000001000d9b8      0x414 CMakeFiles/pico_webserver.dir/pico-sdk/lib/lwip/src/core/ipv4/dhcp.c.obj
 .text.dhcp_conflict_callback
                0x000000001000ddcc      0x124 CMakeFiles/pico_webserver.dir/pico-sdk/lib/lwip/src/core/ipv4/dhcp.c.obj
 .text.dhcp_set_struct
                0x000000001000def0       0x18 CMakeFiles/pico_webserver.dir/pico-sdk/lib/lwip/src/core/ipv4/dhcp.c.obj
                0x000000001000def0                dhcp_set_struct
 .text.dhcp_network_changed_link_up
                0x000000001000df08       0x30 CMakeFiles/pico_webserver.dir/pico-sdk/lib/lwip/src/core/ipv4/dhcp.c.obj
                0x000000001000df08                dhcp_network_changed_link_up
 .text.dhcp_renew
                0x000000001000df38      0x1a0 CMakeFiles/pico_webserver.dir/pico-sdk/lib/lwip/src/core/ipv4/dhcp.c.obj
                0x000000001000df38                dhcp_renew
 .text.dhcp_release_and_stop
                0x000000001000e0d8      0x14c CMakeFiles/pico_webserver.dir/pico-sdk/lib/lwip/src/core/ipv4/dhcp.c.obj
                0x000000001000e0d8                dhcp_release_and_stop
 .text.dhcp_start
                0x000000001000e224      0x10c CMakeFiles/pico_webserver.dir/pico-sdk/lib/lwip/src/core/ipv4/dhcp.c.obj
                0x000000001000e224                dhcp_start
 .text.dhcp_coarse_tmr
                0x000000001000e330      0x238 CMakeFiles/pico_webserver.dir/pico-sdk/lib/lwip/src/core/ipv4/dhcp.c.obj
                0x000000001000e330                dhcp_coarse_tmr
 .text.dhcp_fine_tmr
                0x000000001000e568       0x78 CMakeFiles/pico_webserver.dir/pico-sdk/lib/lwip/src/core/ipv4/dhcp.c.obj
                0x000000001000e568                dhcp_fine_tmr
 .text.dhcp_stop
                0x000000001000e5e0      0x14c CMakeFiles/pico_webserver.dir/pico-sdk/lib/lwip/src/core/ipv4/dhcp.c.obj
                0x000000001000e5e0                dhcp_stop
 .text.etharp_find_entry
                0x000000001000e72c     0x1dcc CMakeFiles/pico_webserver.dir/pico-sdk/lib/lwip/src/core/ipv4/etharp.c.obj
 .text.etharp_raw
                0x00000000100104f8       0xc0 CMakeFiles/pico_webserver.dir/pico-sdk/lib/lwip/src/core/ipv4/etharp.c.obj
 .text.etharp_output_to_arp_index
                0x00000000100105b8       0xd8 CMakeFiles/pico_webserver.dir/pico-sdk/lib/lwip/src/core/ipv4/etharp.c.obj
 .text.etharp_tmr
                0x0000000010010690       0xa4 CMakeFiles/pico_webserver.dir/pico-sdk/lib/lwip/src/core/ipv4/etharp.c.obj
                0x0000000010010690                etharp_tmr
 .text.etharp_cleanup_netif
                0x0000000010010734      0x188 CMakeFiles/pico_webserver.dir/pico-sdk/lib/lwip/src/core/ipv4/etharp.c.obj
                0x0000000010010734                etharp_cleanup_netif
 .text.etharp_input
                0x00000000100108bc      0x1ac CMakeFiles/pico_webserver.dir/pico-sdk/lib/lwip/src/core/ipv4/etharp.c.obj
                0x00000000100108bc                etharp_input
 .text.etharp_query
                0x0000000010010a68      0x188 CMakeFiles/pico_webserver.dir/pico-sdk/lib/lwip/src/core/ipv4/etharp.c.obj
                0x0000000010010a68                etharp_query
 .text.etharp_output
                0x0000000010010bf0      0x21c CMakeFiles/pico_webserver.dir/pico-sdk/lib/lwip/src/core/ipv4/etharp.c.obj
                0x0000000010010bf0                etharp_output
 .text.etharp_acd_probe
                0x0000000010010e0c       0xc0 CMakeFiles/pico_webserver.dir/pico-sdk/lib/lwip/src/core/ipv4/etharp.c.obj
                0x0000000010010e0c                etharp_acd_probe
 .text.etharp_acd_announce
                0x0000000010010ecc       0xbc CMakeFiles/pico_webserver.dir/pico-sdk/lib/lwip/src/core/ipv4/etharp.c.obj
                0x0000000010010ecc                etharp_acd_announce
 .text.icmp_input
                0x0000000010010f88      0x1d8 CMakeFiles/pico_webserver.dir/pico-sdk/lib/lwip/src/core/ipv4/icmp.c.obj
                0x0000000010010f88                icmp_input
 .text.icmp_dest_unreach
                0x0000000010011160       0xbc CMakeFiles/pico_webserver.dir/pico-sdk/lib/lwip/src/core/ipv4/icmp.c.obj
                0x0000000010011160                icmp_dest_unreach
 .text.icmp_time_exceeded
                0x000000001001121c       0xbc CMakeFiles/pico_webserver.dir/pico-sdk/lib/lwip/src/core/ipv4/icmp.c.obj
                0x000000001001121c                icmp_time_exceeded
 .text.ip_reass_free_complete_datagram
                0x00000000100112d8       0xb8 CMakeFiles/pico_webserver.dir/pico-sdk/lib/lwip/src/core/ipv4/ip4_frag.c.obj
 .text.ip_reass_remove_oldest_datagram
                0x0000000010011390       0xd8 CMakeFiles/pico_webserver.dir/pico-sdk/lib/lwip/src/core/ipv4/ip4_frag.c.obj
 .text.ipfrag_free_pbuf_custom
                0x0000000010011468       0x18 CMakeFiles/pico_webserver.dir/pico-sdk/lib/lwip/src/core/ipv4/ip4_frag.c.obj
 .text.ip_reass_tmr
                0x0000000010011480       0x38 CMakeFiles/pico_webserver.dir/pico-sdk/lib/lwip/src/core/ipv4/ip4_frag.c.obj
                0x0000000010011480                ip_reass_tmr
 .text.ip4_reass
                0x00000000100114b8      0x510 CMakeFiles/pico_webserver.dir/pico-sdk/lib/lwip/src/core/ipv4/ip4_frag.c.obj
                0x00000000100114b8                ip4_reass
 .text.ip4_frag
                0x00000000100119c8      0x1e8 CMakeFiles/pico_webserver.dir/pico-sdk/lib/lwip/src/core/ipv4/ip4_frag.c.obj
                0x00000000100119c8                ip4_frag
 .text.ip4_route
                0x0000000010011bb0       0x80 CMakeFiles/pico_webserver.dir/pico-sdk/lib/lwip/src/core/ipv4/ip4.c.obj
                0x0000000010011bb0                ip4_route
 .text.ip4_input
                0x0000000010011c30      0x3e4 CMakeFiles/pico_webserver.dir/pico-sdk/lib/lwip/src/core/ipv4/ip4.c.obj
                0x0000000010011c30                ip4_input
 .text.ip4_output_if
                0x0000000010012014      0x168 CMakeFiles/pico_webserver.dir/pico-sdk/lib/lwip/src/core/ipv4/ip4.c.obj
                0x0000000010012014                ip4_output_if
 .text.ip4_output_if_src
                0x000000001001217c      0x158 CMakeFiles/pico_webserver.dir/pico-sdk/lib/lwip/src/core/ipv4/ip4.c.obj
                0x000000001001217c                ip4_output_if_src
 .text.ip4_addr_isbroadcast_u32
                0x00000000100122d4       0x3c CMakeFiles/pico_webserver.dir/pico-sdk/lib/lwip/src/core/ipv4/ip4_addr.c.obj
                0x00000000100122d4                ip4_addr_isbroadcast_u32
 .text.acd_add  0x0000000010012310       0x24 CMakeFiles/pico_webserver.dir/pico-sdk/lib/lwip/src/core/ipv4/acd.c.obj
                0x0000000010012310                acd_add
 .text.acd_remove
                0x0000000010012334       0x28 CMakeFiles/pico_webserver.dir/pico-sdk/lib/lwip/src/core/ipv4/acd.c.obj
                0x0000000010012334                acd_remove
 .text.acd_start
                0x000000001001235c       0x38 CMakeFiles/pico_webserver.dir/pico-sdk/lib/lwip/src/core/ipv4/acd.c.obj
                0x000000001001235c                acd_start
 .text.acd_network_changed_link_down
                0x0000000010012394       0x14 CMakeFiles/pico_webserver.dir/pico-sdk/lib/lwip/src/core/ipv4/acd.c.obj
                0x0000000010012394                acd_network_changed_link_down
 .text.acd_tmr  0x00000000100123a8      0x110 CMakeFiles/pico_webserver.dir/pico-sdk/lib/lwip/src/core/ipv4/acd.c.obj
                0x00000000100123a8                acd_tmr
 .text.acd_arp_reply
                0x00000000100124b8       0xf4 CMakeFiles/pico_webserver.dir/pico-sdk/lib/lwip/src/core/ipv4/acd.c.obj
                0x00000000100124b8                acd_arp_reply
 .text.acd_netif_ip_addr_changed
                0x00000000100125ac       0x8c CMakeFiles/pico_webserver.dir/pico-sdk/lib/lwip/src/core/ipv4/acd.c.obj
                0x00000000100125ac                acd_netif_ip_addr_changed
 .text.ethernet_input
                0x0000000010012638       0xd0 CMakeFiles/pico_webserver.dir/pico-sdk/lib/lwip/src/netif/ethernet.c.obj
                0x0000000010012638                ethernet_input
 .text.ethernet_output
                0x0000000010012708       0x64 CMakeFiles/pico_webserver.dir/pico-sdk/lib/lwip/src/netif/ethernet.c.obj
                0x0000000010012708                ethernet_output
 .text.cyw43_arch_set_async_context
                0x000000001001276c        0xc CMakeFiles/pico_webserver.dir/pico-sdk/src/rp2_common/pico_cyw43_arch/cyw43_arch.c.obj
                0x000000001001276c                cyw43_arch_set_async_context
 .text.cyw43_arch_enable_sta_mode
                0x0000000010012778       0x1c CMakeFiles/pico_webserver.dir/pico-sdk/src/rp2_common/pico_cyw43_arch/cyw43_arch.c.obj
                0x0000000010012778                cyw43_arch_enable_sta_mode
 .text.cyw43_arch_init_with_country
                0x0000000010012794       0x10 CMakeFiles/pico_webserver.dir/pico-sdk/src/rp2_common/pico_cyw43_arch/cyw43_arch.c.obj
                0x0000000010012794                cyw43_arch_init_with_country
 .text.cyw43_arch_gpio_put
                0x00000000100127a4       0x14 CMakeFiles/pico_webserver.dir/pico-sdk/src/rp2_common/pico_cyw43_arch/cyw43_arch.c.obj
                0x00000000100127a4                cyw43_arch_gpio_put
 .text.cyw43_arch_async_context
                0x00000000100127b8        0xc CMakeFiles/pico_webserver.dir/pico-sdk/src/rp2_common/pico_cyw43_arch/cyw43_arch.c.obj
                0x00000000100127b8                cyw43_arch_async_context
 .text.cyw43_arch_init
                0x00000000100127c4       0x80 CMakeFiles/pico_webserver.dir/pico-sdk/src/rp2_common/pico_cyw43_arch/cyw43_arch_threadsafe_background.c.obj
                0x00000000100127c4                cyw43_arch_init
 .text.ns_delay.constprop.0
                0x0000000010012844       0x20 CMakeFiles/pico_webserver.dir/pico-sdk/src/rp2_common/pico_cyw43_driver/cyw43_bus_pio_spi.c.obj
 .text.cyw43_spi_deinit
                0x0000000010012864       0x7c CMakeFiles/pico_webserver.dir/pico-sdk/src/rp2_common/pico_cyw43_driver/cyw43_bus_pio_spi.c.obj
                0x0000000010012864                cyw43_spi_deinit
 .text.cyw43_spi_init
                0x00000000100128e0      0x154 CMakeFiles/pico_webserver.dir/pico-sdk/src/rp2_common/pico_cyw43_driver/cyw43_bus_pio_spi.c.obj
                0x00000000100128e0                cyw43_spi_init
 .text.cyw43_spi_transfer
                0x0000000010012a34      0x430 CMakeFiles/pico_webserver.dir/pico-sdk/src/rp2_common/pico_cyw43_driver/cyw43_bus_pio_spi.c.obj
                0x0000000010012a34                cyw43_spi_transfer
 .text.cyw43_spi_gpio_setup
                0x0000000010012e64       0x3c CMakeFiles/pico_webserver.dir/pico-sdk/src/rp2_common/pico_cyw43_driver/cyw43_bus_pio_spi.c.obj
                0x0000000010012e64                cyw43_spi_gpio_setup
 .text.cyw43_spi_reset
                0x0000000010012ea0       0x28 CMakeFiles/pico_webserver.dir/pico-sdk/src/rp2_common/pico_cyw43_driver/cyw43_bus_pio_spi.c.obj
                0x0000000010012ea0                cyw43_spi_reset
 .text.read_reg_u32_swap
                0x0000000010012ec8       0x3c CMakeFiles/pico_webserver.dir/pico-sdk/src/rp2_common/pico_cyw43_driver/cyw43_bus_pio_spi.c.obj
                0x0000000010012ec8                read_reg_u32_swap
 .text.cyw43_read_reg_u32
                0x0000000010012f04       0x6c CMakeFiles/pico_webserver.dir/pico-sdk/src/rp2_common/pico_cyw43_driver/cyw43_bus_pio_spi.c.obj
                0x0000000010012f04                cyw43_read_reg_u32
 .text.cyw43_read_reg_u16
                0x0000000010012f70       0x6c CMakeFiles/pico_webserver.dir/pico-sdk/src/rp2_common/pico_cyw43_driver/cyw43_bus_pio_spi.c.obj
                0x0000000010012f70                cyw43_read_reg_u16
 .text.cyw43_read_reg_u8
                0x0000000010012fdc       0x6c CMakeFiles/pico_webserver.dir/pico-sdk/src/rp2_common/pico_cyw43_driver/cyw43_bus_pio_spi.c.obj
                0x0000000010012fdc                cyw43_read_reg_u8
 .text.write_reg_u32_swap
                0x0000000010013048      0x1e0 CMakeFiles/pico_webserver.dir/pico-sdk/src/rp2_common/pico_cyw43_driver/cyw43_bus_pio_spi.c.obj
                0x0000000010013048                write_reg_u32_swap
 .text.cyw43_write_reg_u32
                0x0000000010013228      0x200 CMakeFiles/pico_webserver.dir/pico-sdk/src/rp2_common/pico_cyw43_driver/cyw43_bus_pio_spi.c.obj
                0x0000000010013228                cyw43_write_reg_u32
 .text.cyw43_write_reg_u16
                0x0000000010013428      0x200 CMakeFiles/pico_webserver.dir/pico-sdk/src/rp2_common/pico_cyw43_driver/cyw43_bus_pio_spi.c.obj
                0x0000000010013428                cyw43_write_reg_u16
 .text.cyw43_write_reg_u8
                0x0000000010013628      0x200 CMakeFiles/pico_webserver.dir/pico-sdk/src/rp2_common/pico_cyw43_driver/cyw43_bus_pio_spi.c.obj
                0x0000000010013628                cyw43_write_reg_u8
 .text.cyw43_read_bytes
                0x0000000010013828       0x78 CMakeFiles/pico_webserver.dir/pico-sdk/src/rp2_common/pico_cyw43_driver/cyw43_bus_pio_spi.c.obj
                0x0000000010013828                cyw43_read_bytes
 .text.cyw43_write_bytes
                0x00000000100138a0       0xec CMakeFiles/pico_webserver.dir/pico-sdk/src/rp2_common/pico_cyw43_driver/cyw43_bus_pio_spi.c.obj
                0x00000000100138a0                cyw43_write_bytes
 .text.cyw43_set_backplane_window
                0x000000001001398c       0x64 CMakeFiles/pico_webserver.dir/pico-sdk/lib/cyw43-driver/src/cyw43_ll.c.obj
 .text.cyw43_ll_parse_async_event
                0x00000000100139f0      0x13c CMakeFiles/pico_webserver.dir/pico-sdk/lib/cyw43-driver/src/cyw43_ll.c.obj
 .text.cyw43_kso_set
                0x0000000010013b2c       0xa0 CMakeFiles/pico_webserver.dir/pico-sdk/lib/cyw43-driver/src/cyw43_ll.c.obj
 .text.cyw43_ll_sdpcm_poll_device
                0x0000000010013bcc      0x238 CMakeFiles/pico_webserver.dir/pico-sdk/lib/cyw43-driver/src/cyw43_ll.c.obj
 .text.cyw43_sdpcm_send_common
                0x0000000010013e04       0xf0 CMakeFiles/pico_webserver.dir/pico-sdk/lib/cyw43-driver/src/cyw43_ll.c.obj
 .text.cyw43_do_ioctl
                0x0000000010013ef4      0x110 CMakeFiles/pico_webserver.dir/pico-sdk/lib/cyw43-driver/src/cyw43_ll.c.obj
 .text.cyw43_do_ioctl.constprop.0
                0x0000000010014004      0x108 CMakeFiles/pico_webserver.dir/pico-sdk/lib/cyw43-driver/src/cyw43_ll.c.obj
 .text.cyw43_read_backplane.constprop.0
                0x000000001001410c       0xdc CMakeFiles/pico_webserver.dir/pico-sdk/lib/cyw43-driver/src/cyw43_ll.c.obj
 .text.reset_device_core.constprop.0
                0x00000000100141e8      0x3f0 CMakeFiles/pico_webserver.dir/pico-sdk/lib/cyw43-driver/src/cyw43_ll.c.obj
 .text.cyw43_ll_init
                0x00000000100145d8       0x1c CMakeFiles/pico_webserver.dir/pico-sdk/lib/cyw43-driver/src/cyw43_ll.c.obj
                0x00000000100145d8                cyw43_ll_init
 .text.cyw43_ll_deinit
                0x00000000100145f4        0x8 CMakeFiles/pico_webserver.dir/pico-sdk/lib/cyw43-driver/src/cyw43_ll.c.obj
                0x00000000100145f4                cyw43_ll_deinit
 .text.cyw43_ll_send_ethernet
                0x00000000100145fc       0x60 CMakeFiles/pico_webserver.dir/pico-sdk/lib/cyw43-driver/src/cyw43_ll.c.obj
                0x00000000100145fc                cyw43_ll_send_ethernet
 .text.cyw43_ll_process_packets
                0x000000001001465c       0x54 CMakeFiles/pico_webserver.dir/pico-sdk/lib/cyw43-driver/src/cyw43_ll.c.obj
                0x000000001001465c                cyw43_ll_process_packets
 .text.cyw43_ll_ioctl
                0x00000000100146b0       0x20 CMakeFiles/pico_webserver.dir/pico-sdk/lib/cyw43-driver/src/cyw43_ll.c.obj
                0x00000000100146b0                cyw43_ll_ioctl
 .text.cyw43_ll_bus_sleep
                0x00000000100146d0       0x34 CMakeFiles/pico_webserver.dir/pico-sdk/lib/cyw43-driver/src/cyw43_ll.c.obj
                0x00000000100146d0                cyw43_ll_bus_sleep
 .text.cyw43_ll_bus_init