Archive member included to satisfy reference by file (symbol)

/usr/lib/gcc/arm-none-eabi/10.3.1/thumb/v6-m/nofp/libgcc.a(_dvmd_tls.o)
                              CMakeFiles/pico_webserver.dir/pico-sdk/src/rp2_common/pico_divider/divider.S.obj (__aeabi_idiv0)
/usr/lib/gcc/arm-none-eabi/10.3.1/../../../arm-none-eabi/lib/thumb/v6-m/nofp/libc.a(lib_a-atexit.o)
                              /usr/lib/gcc/arm-none-eabi/10.3.1/../../../arm-none-eabi/lib/thumb/v6-m/nofp/crt0.o (atexit)
/usr/lib/gcc/arm-none-eabi/10.3.1/../../../arm-none-eabi/lib/thumb/v6-m/nofp/libc.a(lib_a-atoi.o)
                              CMakeFiles/pico_webserver.dir/pico-sdk/lib/lwip/src/core/netif.c.obj (atoi)
/usr/lib/gcc/arm-none-eabi/10.3.1/../../../arm-none-eabi/lib/thumb/v6-m/nofp/libc.a(lib_a-calloc.o)
                              CMakeFiles/pico_webserver.dir/pico-sdk/src/rp2_common/pico_malloc/pico_malloc.c.obj (calloc)
/usr/lib/gcc/arm-none-eabi/10.3.1/../../../arm-none-eabi/lib/thumb/v6-m/nofp/libc.a(lib_a-callocr.o)
                              /usr/lib/gcc/arm-none-eabi/10.3.1/../../../arm-none-eabi/lib/thumb/v6-m/nofp/libc.a(lib_a-calloc.o) (_calloc_r)
/usr/lib/gcc/arm-none-eabi/10.3.1/../../../arm-none-eabi/lib/thumb/v6-m/nofp/libc.a(lib_a-ctype_.o)
                              CMakeFiles/pico_webserver.dir/pico-sdk/lib/lwip/src/core/ipv4/ip4_addr.c.obj (_ctype_)
/usr/lib/gcc/arm-none-eabi/10.3.1/../../../arm-none-eabi/lib/thumb/v6-m/nofp/libc.a(lib_a-fini.o)
                              /usr/lib/gcc/arm-none-eabi/10.3.1/../../../arm-none-eabi/lib/thumb/v6-m/nofp/crt0.o (__libc_fini_array)
/usr/lib/gcc/arm-none-eabi/10.3.1/../../../arm-none-eabi/lib/thumb/v6-m/nofp/libc.a(lib_a-impure.o)
                              /usr/lib/gcc/arm-none-eabi/10.3.1/../../../arm-none-eabi/lib/thumb/v6-m/nofp/libc.a(lib_a-calloc.o) (_impure_ptr)
/usr/lib/gcc/arm-none-eabi/10.3.1/../../../arm-none-eabi/lib/thumb/v6-m/nofp/libc.a(lib_a-init.o)
                              /usr/lib/gcc/arm-none-eabi/10.3.1/../../../arm-none-eabi/lib/thumb/v6-m/nofp/crt0.o (__libc_init_array)
/usr/lib/gcc/arm-none-eabi/10.3.1/../../../arm-none-eabi/lib/thumb/v6-m/nofp/libc.a(lib_a-malloc.o)
                              CMakeFiles/pico_webserver.dir/pico-sdk/src/rp2_common/pico_malloc/pico_malloc.c.obj (malloc)
/usr/lib/gcc/arm-none-eabi/10.3.1/../../../arm-none-eabi/lib/thumb/v6-m/nofp/libc.a(lib_a-mallocr.o)
                              /usr/lib/gcc/arm-none-eabi/10.3.1/../../../arm-none-eabi/lib/thumb/v6-m/nofp/libc.a(lib_a-callocr.o) (_malloc_r)
/usr/lib/gcc/arm-none-eabi/10.3.1/../../../arm-none-eabi/lib/thumb/v6-m/nofp/libc.a(lib_a-memcmp.o)
                              CMakeFiles/pico_webserver.dir/pico-sdk/lib/tinyusb/lib/networking/dhserver.c.obj (memcmp)
/usr/lib/gcc/arm-none-eabi/10.3.1/../../../arm-none-eabi/lib/thumb/v6-m/nofp/libc.a(lib_a-memmove.o)
                              CMakeFiles/pico_webserver.dir/pico-sdk/lib/lwip/src/core/def.c.obj (memmove)
/usr/lib/gcc/arm-none-eabi/10.3.1/../../../arm-none-eabi/lib/thumb/v6-m/nofp/libc.a(lib_a-mlock.o)
                              /usr/lib/gcc/arm-none-eabi/10.3.1/../../../arm-none-eabi/lib/thumb/v6-m/nofp/libc.a(lib_a-mallocr.o) (__malloc_lock)
/usr/lib/gcc/arm-none-eabi/10.3.1/../../../arm-none-eabi/lib/thumb/v6-m/nofp/libc.a(lib_a-realloc.o)
                              CMakeFiles/pico_webserver.dir/pico-sdk/src/rp2_common/pico_malloc/pico_malloc.c.obj (realloc)
/usr/lib/gcc/arm-none-eabi/10.3.1/../../../arm-none-eabi/lib/thumb/v6-m/nofp/libc.a(lib_a-reallocr.o)
                              /usr/lib/gcc/arm-none-eabi/10.3.1/../../../arm-none-eabi/lib/thumb/v6-m/nofp/libc.a(lib_a-realloc.o) (_realloc_r)
/usr/lib/gcc/arm-none-eabi/10.3.1/../../../arm-none-eabi/lib/thumb/v6-m/nofp/libc.a(lib_a-sbrkr.o)
                              /usr/lib/gcc/arm-none-eabi/10.3.1/../../../arm-none-eabi/lib/thumb/v6-m/nofp/libc.a(lib_a-mallocr.o) (_sbrk_r)
/usr/lib/gcc/arm-none-eabi/10.3.1/../../../arm-none-eabi/lib/thumb/v6-m/nofp/libc.a(lib_a-strchr.o)
                              CMakeFiles/pico_webserver.dir/pico-sdk/lib/lwip/src/apps/http/httpd.c.obj (strchr)
/usr/lib/gcc/arm-none-eabi/10.3.1/../../../arm-none-eabi/lib/thumb/v6-m/nofp/libc.a(lib_a-strcmp.o)
                              CMakeFiles/pico_webserver.dir/cgi.cpp.obj (strcmp)
/usr/lib/gcc/arm-none-eabi/10.3.1/../../../arm-none-eabi/lib/thumb/v6-m/nofp/libc.a(lib_a-strcpy.o)
                              CMakeFiles/pico_webserver.dir/cgi.cpp.obj (strcpy)
/usr/lib/gcc/arm-none-eabi/10.3.1/../../../arm-none-eabi/lib/thumb/v6-m/nofp/libc.a(lib_a-strlen-stub.o)
                              CMakeFiles/pico_webserver.dir/usb_descriptors.c.obj (strlen)
/usr/lib/gcc/arm-none-eabi/10.3.1/../../../arm-none-eabi/lib/thumb/v6-m/nofp/libc.a(lib_a-strncmp.o)
                              CMakeFiles/pico_webserver.dir/pico-sdk/lib/lwip/src/core/def.c.obj (strncmp)
[...]
Memory Configuration

Name             Origin             Length             Attributes
FLASH            0x0000000010000000 0x0000000000200000 xr
RAM              0x0000000020000000 0x0000000000040000 xrw
SCRATCH_X        0x0000000020040000 0x0000000000001000 xrw
SCRATCH_Y        0x0000000020041000 0x0000000000001000 xrw
*default*        0x0000000000000000 0xffffffffffffffff

Linker script and memory map

LOAD /usr/lib/gcc/arm-none-eabi/10.3.1/thumb/v6-m/nofp/crti.o
LOAD /usr/lib/gcc/arm-none-eabi/10.3.1/thumb/v6-m/nofp/crtbegin.o
LOAD /usr/lib/gcc/arm-none-eabi/10.3.1/../../../arm-none-eabi/lib/thumb/v6-m/nofp/crt0.o

.flash_begin    0x0000000010000000        0x0
                0x0000000010000000                __flash_binary_start = .

.boot2          0x0000000010000000      0x100
                0x0000000010000000                __boot2_start__ = .
 *(.boot2)
 .boot2         0x0000000010000000      0x100 /tmp/ccTEbsGa.o
                0x0000000010000100                __boot2_end__ = .
                0x0000000000000001                ASSERT (((__boot2_end__ - __boot2_start__) == 0x100), ERROR: Pico second stage bootloader must be 256 bytes in size)

.text           0x0000000010000100    0x191b8
                0x0000000010000100                __logical_binary_start = .
 *(.vectors)
 .vectors       0x0000000010000100       0xd4 CMakeFiles/pico_webserver.dir/pico-sdk/src/rp2_common/pico_standard_link/crt0.S.obj
                0x0000000010000100                __vectors
                0x0000000010000100                __VECTOR_TABLE
                0x00000000100001c0                isr_invalid
                0x00000000100001c0                __default_isrs_start
                0x00000000100001c2                isr_nmi
                0x00000000100001c4                isr_hardfault
                0x00000000100001c6                isr_svcall
                0x00000000100001c8                isr_pendsv
                0x00000000100001ca                isr_systick
                0x00000000100001cc                isr_irq30
                0x00000000100001cc                __unhandled_user_irq
                0x00000000100001cc                isr_irq13
                0x00000000100001cc                isr_irq27
                0x00000000100001cc                isr_irq31
                0x00000000100001cc                isr_irq5
                0x00000000100001cc                isr_irq11
                0x00000000100001cc                isr_irq23
                0x00000000100001cc                isr_irq18
                0x00000000100001cc                isr_irq28
                0x00000000100001cc                isr_irq19
                0x00000000100001cc                isr_irq0
                0x00000000100001cc                isr_irq6
                0x00000000100001cc                isr_irq22
                0x00000000100001cc                isr_irq17
                0x00000000100001cc                isr_irq14
                0x00000000100001cc                isr_irq2
                0x00000000100001cc                isr_irq10
                0x00000000100001cc                isr_irq8
                0x00000000100001cc                isr_irq24
                0x00000000100001cc                isr_irq1
                0x00000000100001cc                isr_irq7
                0x00000000100001cc                isr_irq21
                0x00000000100001cc                isr_irq20
                0x00000000100001cc                isr_irq15
                0x00000000100001cc                isr_irq25
                0x00000000100001cc                isr_irq4
                0x00000000100001cc                isr_irq16
                0x00000000100001cc                isr_irq29
                0x00000000100001cc                isr_irq26
                0x00000000100001cc                __default_isrs_end
                0x00000000100001cc                isr_irq3
                0x00000000100001cc                isr_irq12
                0x00000000100001cc                isr_irq9
                0x00000000100001d2                unhandled_user_irq_num_in_r0
 *(.binary_info_header)
 .binary_info_header
                0x00000000100001d4       0x14 CMakeFiles/pico_webserver.dir/pico-sdk/src/rp2_common/pico_standard_link/crt0.S.obj
                0x00000000100001e8                __binary_info_header_end = .
 *(.reset)
 .reset         0x00000000100001e8       0xa0 CMakeFiles/pico_webserver.dir/pico-sdk/src/rp2_common/pico_standard_link/crt0.S.obj
                0x00000000100001e8                _entry_point
 .reset         0x0000000010000288       0x30 CMakeFiles/pico_webserver.dir/pico-sdk/src/rp2_common/pico_standard_link/binary_info.c.obj
 *(.init)
 .init          0x00000000100002b8        0x4 /usr/lib/gcc/arm-none-eabi/10.3.1/thumb/v6-m/nofp/crti.o
                0x00000000100002b8                _init
 *(EXCLUDE_FILE(*libm.a: *libc.a:*lib_a-mem*.o *libgcc.a:) .text*)
 .text          0x00000000100002bc       0x98 /usr/lib/gcc/arm-none-eabi/10.3.1/thumb/v6-m/nofp/crtbegin.o
 .text.startup.main
                0x0000000010000354       0x8c CMakeFiles/pico_webserver.dir/webserver.c.obj
                0x0000000010000354                main
 .text.netif_init_cb
                0x00000000100003e0       0x30 CMakeFiles/pico_webserver.dir/tusb_lwip_glue.c.obj
 .text.output_fn
                0x0000000010000410        0x8 CMakeFiles/pico_webserver.dir/tusb_lwip_glue.c.obj
 .text.linkoutput_fn
                0x0000000010000418       0x3c CMakeFiles/pico_webserver.dir/tusb_lwip_glue.c.obj
 .text.init_lwip
                0x0000000010000454       0x5c CMakeFiles/pico_webserver.dir/tusb_lwip_glue.c.obj
                0x0000000010000454                init_lwip
 .text.tud_network_init_cb
                0x00000000100004b0       0x18 CMakeFiles/pico_webserver.dir/tusb_lwip_glue.c.obj
                0x00000000100004b0                tud_network_init_cb
 .text.tud_network_recv_cb
                0x00000000100004c8       0x3c CMakeFiles/pico_webserver.dir/tusb_lwip_glue.c.obj
                0x00000000100004c8                tud_network_recv_cb
 .text.tud_network_xmit_cb
                0x0000000010000504       0x30 CMakeFiles/pico_webserver.dir/tusb_lwip_glue.c.obj
                0x0000000010000504                tud_network_xmit_cb
 .text.service_traffic
                0x0000000010000534       0x60 CMakeFiles/pico_webserver.dir/tusb_lwip_glue.c.obj
                0x0000000010000534                service_traffic
 .text.dhcpd_init
                0x0000000010000594       0x14 CMakeFiles/pico_webserver.dir/tusb_lwip_glue.c.obj
                0x0000000010000594                dhcpd_init
 .text.wait_for_netif_is_up
                0x00000000100005a8       0x14 CMakeFiles/pico_webserver.dir/tusb_lwip_glue.c.obj
                0x00000000100005a8                wait_for_netif_is_up
 .text.tud_descriptor_device_cb
                0x00000000100005bc        0x8 CMakeFiles/pico_webserver.dir/usb_descriptors.c.obj
                0x00000000100005bc                tud_descriptor_device_cb
 .text.tud_descriptor_configuration_cb
                0x00000000100005c4       0x14 CMakeFiles/pico_webserver.dir/usb_descriptors.c.obj
                0x00000000100005c4                tud_descriptor_configuration_cb
 .text.tud_descriptor_string_cb
                0x00000000100005d8      0x17c CMakeFiles/pico_webserver.dir/usb_descriptors.c.obj
                0x00000000100005d8                tud_descriptor_string_cb
 .text.fill_options
                0x0000000010000754       0xdc CMakeFiles/pico_webserver.dir/pico-sdk/lib/tinyusb/lib/networking/dhserver.c.obj
                0x0000000010000754                fill_options
 .text.udp_recv_proc
                0x0000000010000830      0x2e4 CMakeFiles/pico_webserver.dir/pico-sdk/lib/tinyusb/lib/networking/dhserver.c.obj
 .text.dhserv_init
                0x0000000010000b14       0x64 CMakeFiles/pico_webserver.dir/pico-sdk/lib/tinyusb/lib/networking/dhserver.c.obj
                0x0000000010000b14                dhserv_init
 .text.rndis_class_set_handler
                0x0000000010000b78      0x2d4 CMakeFiles/pico_webserver.dir/pico-sdk/lib/tinyusb/lib/networking/rndis_reports.c.obj
                0x0000000010000b78                rndis_class_set_handler
 .text._Z11scan_resultPvPK23_cyw43_ev_scan_result_t
                0x0000000010000e4c       0x4c CMakeFiles/pico_webserver.dir/ssi.cpp.obj
                0x0000000010000e4c                scan_result(void*, _cyw43_ev_scan_result_t const*)
 .text.ssi_init
                0x0000000010000e98       0x18 CMakeFiles/pico_webserver.dir/ssi.cpp.obj
                0x0000000010000e98                ssi_init
 .text.cgi_handler_basic
                0x0000000010000eb0      0x11c CMakeFiles/pico_webserver.dir/cgi.cpp.obj
                0x0000000010000eb0                cgi_handler_basic
 .text.cgi_handler_extended
                0x0000000010000fcc      0x11c CMakeFiles/pico_webserver.dir/cgi.cpp.obj
                0x0000000010000fcc                cgi_handler_extended
 .text.wifi_cred_set
                0x00000000100010e8       0xa4 CMakeFiles/pico_webserver.dir/cgi.cpp.obj
                0x00000000100010e8                wifi_cred_set
 .text.cgi_toggle_led
                0x000000001000118c       0x20 CMakeFiles/pico_webserver.dir/cgi.cpp.obj
 .text.cgi_reset_usb_boot
                0x00000000100011ac       0x14 CMakeFiles/pico_webserver.dir/cgi.cpp.obj
 .text.cgi_init
                0x00000000100011c0       0x2c CMakeFiles/pico_webserver.dir/cgi.cpp.obj
                0x00000000100011c0                cgi_init
 .text.core1_entry
                0x00000000100011ec       0x30 CMakeFiles/pico_webserver.dir/wifi_code.c.obj
                0x00000000100011ec                core1_entry
 .text.set_sys_clock_pll
                0x000000001000121c       0x78 CMakeFiles/pico_webserver.dir/pico-sdk/src/rp2_common/pico_stdlib/stdlib.c.obj
                0x000000001000121c                set_sys_clock_pll
 .text.check_sys_clock_khz
                0x0000000010001294      0x17c CMakeFiles/pico_webserver.dir/pico-sdk/src/rp2_common/pico_stdlib/stdlib.c.obj
                0x0000000010001294                check_sys_clock_khz
 .text.gpio_set_function
                0x0000000010001410       0x30 CMakeFiles/pico_webserver.dir/pico-sdk/src/rp2_common/hardware_gpio/gpio.c.obj
                0x0000000010001410                gpio_set_function
 .text.gpio_set_pulls
                0x0000000010001440       0x30 CMakeFiles/pico_webserver.dir/pico-sdk/src/rp2_common/hardware_gpio/gpio.c.obj
                0x0000000010001440                gpio_set_pulls
 .text.gpio_set_input_hysteresis_enabled
                0x0000000010001470       0x28 CMakeFiles/pico_webserver.dir/pico-sdk/src/rp2_common/hardware_gpio/gpio.c.obj
                0x0000000010001470                gpio_set_input_hysteresis_enabled
 .text.gpio_set_irq_enabled
                0x0000000010001498       0x54 CMakeFiles/pico_webserver.dir/pico-sdk/src/rp2_common/hardware_gpio/gpio.c.obj
                0x0000000010001498                gpio_set_irq_enabled
 .text.gpio_add_raw_irq_handler_with_order_priority_masked
                0x00000000100014ec       0x44 CMakeFiles/pico_webserver.dir/pico-sdk/src/rp2_common/hardware_gpio/gpio.c.obj
                0x00000000100014ec                gpio_add_raw_irq_handler_with_order_priority_masked
 .text.gpio_remove_raw_irq_handler_masked
                0x0000000010001530       0x20 CMakeFiles/pico_webserver.dir/pico-sdk/src/rp2_common/hardware_gpio/gpio.c.obj
                0x0000000010001530                gpio_remove_raw_irq_handler_masked
 .text.gpio_init
                0x0000000010001550       0x3c CMakeFiles/pico_webserver.dir/pico-sdk/src/rp2_common/hardware_gpio/gpio.c.obj
                0x0000000010001550                gpio_init
 .text.running_on_fpga
                0x000000001000158c       0x10 CMakeFiles/pico_webserver.dir/pico-sdk/src/rp2_common/pico_platform/platform.c.obj
                0x000000001000158c                running_on_fpga
 .text.hw_claim_lock
                0x000000001000159c       0x18 CMakeFiles/pico_webserver.dir/pico-sdk/src/rp2_common/hardware_claim/claim.c.obj
                0x000000001000159c                hw_claim_lock
 .text.hw_claim_unlock
                0x00000000100015b4       0x14 CMakeFiles/pico_webserver.dir/pico-sdk/src/rp2_common/hardware_claim/claim.c.obj
                0x00000000100015b4                hw_claim_unlock
 .text.hw_claim_or_assert
                0x00000000100015c8       0x44 CMakeFiles/pico_webserver.dir/pico-sdk/src/rp2_common/hardware_claim/claim.c.obj
                0x00000000100015c8                hw_claim_or_assert
 .text.hw_claim_unused_from_range
                0x000000001000160c       0x9c CMakeFiles/pico_webserver.dir/pico-sdk/src/rp2_common/hardware_claim/claim.c.obj
                0x000000001000160c                hw_claim_unused_from_range
 .text.hw_claim_clear
                0x00000000100016a8       0x38 CMakeFiles/pico_webserver.dir/pico-sdk/src/rp2_common/hardware_claim/claim.c.obj
                0x00000000100016a8                hw_claim_clear
 .text.spin_locks_reset
                0x00000000100016e0       0x1c CMakeFiles/pico_webserver.dir/pico-sdk/src/rp2_common/hardware_sync/sync.c.obj
                0x00000000100016e0                spin_locks_reset
 .text.next_striped_spin_lock_num
                0x00000000100016fc       0x18 CMakeFiles/pico_webserver.dir/pico-sdk/src/rp2_common/hardware_sync/sync.c.obj
                0x00000000100016fc                next_striped_spin_lock_num
 .text.spin_lock_claim_unused
                0x0000000010001714       0x20 CMakeFiles/pico_webserver.dir/pico-sdk/src/rp2_common/hardware_sync/sync.c.obj
                0x0000000010001714                spin_lock_claim_unused
 .text.irq_set_enabled
                0x0000000010001734       0x24 CMakeFiles/pico_webserver.dir/pico-sdk/src/rp2_common/hardware_irq/irq.c.obj
                0x0000000010001734                irq_set_enabled
 .text.irq_is_enabled
                0x0000000010001758       0x18 CMakeFiles/pico_webserver.dir/pico-sdk/src/rp2_common/hardware_irq/irq.c.obj
                0x0000000010001758                irq_is_enabled
 .text.irq_set_pending
                0x0000000010001770       0x10 CMakeFiles/pico_webserver.dir/pico-sdk/src/rp2_common/hardware_irq/irq.c.obj
                0x0000000010001770                irq_set_pending
 .text.irq_get_vtable_handler
                0x0000000010001780       0x10 CMakeFiles/pico_webserver.dir/pico-sdk/src/rp2_common/hardware_irq/irq.c.obj
                0x0000000010001780                irq_get_vtable_handler
 .text.irq_set_exclusive_handler
                0x0000000010001790       0x54 CMakeFiles/pico_webserver.dir/pico-sdk/src/rp2_common/hardware_irq/irq.c.obj
                0x0000000010001790                irq_set_exclusive_handler
 .text.irq_add_shared_handler
                0x00000000100017e4      0x1e8 CMakeFiles/pico_webserver.dir/pico-sdk/src/rp2_common/hardware_irq/irq.c.obj
                0x00000000100017e4                irq_add_shared_handler
 .text.irq_remove_handler
                0x00000000100019cc      0x1b0 CMakeFiles/pico_webserver.dir/pico-sdk/src/rp2_common/hardware_irq/irq.c.obj
                0x00000000100019cc                irq_remove_handler
 .text.irq_set_priority
                0x0000000010001b7c       0x28 CMakeFiles/pico_webserver.dir/pico-sdk/src/rp2_common/hardware_irq/irq.c.obj
                0x0000000010001b7c                irq_set_priority
 .text.irq_add_tail_to_free_list
                0x0000000010001ba4       0xb4 CMakeFiles/pico_webserver.dir/pico-sdk/src/rp2_common/hardware_irq/irq.c.obj
                0x0000000010001ba4                irq_add_tail_to_free_list
 .text.irq_init_priorities
                0x0000000010001c58       0x24 CMakeFiles/pico_webserver.dir/pico-sdk/src/rp2_common/hardware_irq/irq.c.obj
                0x0000000010001c58                irq_init_priorities
 .text.user_irq_unclaim
                0x0000000010001c7c       0x14 CMakeFiles/pico_webserver.dir/pico-sdk/src/rp2_common/hardware_irq/irq.c.obj
                0x0000000010001c7c                user_irq_unclaim
 .text.user_irq_claim_unused
                0x0000000010001c90       0x28 CMakeFiles/pico_webserver.dir/pico-sdk/src/rp2_common/hardware_irq/irq.c.obj
                0x0000000010001c90                user_irq_claim_unused
 .text.sem_init
                0x0000000010001cb8       0x20 CMakeFiles/pico_webserver.dir/pico-sdk/src/common/pico_sync/sem.c.obj
                0x0000000010001cb8                sem_init
 .text.lock_init
                0x0000000010001cd8       0x10 CMakeFiles/pico_webserver.dir/pico-sdk/src/common/pico_sync/lock_core.c.obj
                0x0000000010001cd8                lock_init
 .text.mutex_init
                0x0000000010001ce8       0x1c CMakeFiles/pico_webserver.dir/pico-sdk/src/common/pico_sync/mutex.c.obj
                0x0000000010001ce8                mutex_init
 .text.recursive_mutex_init
                0x0000000010001d04       0x1c CMakeFiles/pico_webserver.dir/pico-sdk/src/common/pico_sync/mutex.c.obj
                0x0000000010001d04                recursive_mutex_init
 .text.critical_section_init
                0x0000000010001d20       0x20 CMakeFiles/pico_webserver.dir/pico-sdk/src/common/pico_sync/critical_section.c.obj
                0x0000000010001d20                critical_section_init
 .text.timer_pool_entry_comparator
                0x0000000010001d40       0x34 CMakeFiles/pico_webserver.dir/pico-sdk/src/common/pico_time/time.c.obj
                0x0000000010001d40                timer_pool_entry_comparator
 .text.sleep_until_callback
                0x0000000010001d74       0x30 CMakeFiles/pico_webserver.dir/pico-sdk/src/common/pico_time/time.c.obj
 .text.add_alarm_under_lock.isra.0
                0x0000000010001da4      0x100 CMakeFiles/pico_webserver.dir/pico-sdk/src/common/pico_time/time.c.obj
 .text.alarm_pool_alarm_callback
                0x0000000010001ea4      0x1bc CMakeFiles/pico_webserver.dir/pico-sdk/src/common/pico_time/time.c.obj
 .text.alarm_pool_init_default
                0x0000000010002060       0x6c CMakeFiles/pico_webserver.dir/pico-sdk/src/common/pico_time/time.c.obj
                0x0000000010002060                alarm_pool_init_default
 .text.alarm_pool_get_default
                0x00000000100020cc        0x8 CMakeFiles/pico_webserver.dir/pico-sdk/src/common/pico_time/time.c.obj
                0x00000000100020cc                alarm_pool_get_default
 .text.alarm_pool_create_with_unused_hardware_alarm
                0x00000000100020d4       0x74 CMakeFiles/pico_webserver.dir/pico-sdk/src/common/pico_time/time.c.obj
                0x00000000100020d4                alarm_pool_create_with_unused_hardware_alarm
 .text.alarm_pool_destroy
                0x0000000010002148       0x44 CMakeFiles/pico_webserver.dir/pico-sdk/src/common/pico_time/time.c.obj
                0x0000000010002148                alarm_pool_destroy
 .text.alarm_pool_add_alarm_at
                0x000000001000218c      0x178 CMakeFiles/pico_webserver.dir/pico-sdk/src/common/pico_time/time.c.obj
                0x000000001000218c                alarm_pool_add_alarm_at
 .text.alarm_pool_add_alarm_at_force_in_context
                0x0000000010002304      0x124 CMakeFiles/pico_webserver.dir/pico-sdk/src/common/pico_time/time.c.obj
                0x0000000010002304                alarm_pool_add_alarm_at_force_in_context
 .text.alarm_pool_cancel_alarm
                0x0000000010002428       0x78 CMakeFiles/pico_webserver.dir/pico-sdk/src/common/pico_time/time.c.obj
                0x0000000010002428                alarm_pool_cancel_alarm
 .text.alarm_pool_core_num
                0x00000000100024a0        0x4 CMakeFiles/pico_webserver.dir/pico-sdk/src/common/pico_time/time.c.obj
                0x00000000100024a0                alarm_pool_core_num
 .text.sleep_until
                0x00000000100024a4       0xc4 CMakeFiles/pico_webserver.dir/pico-sdk/src/common/pico_time/time.c.obj
                0x00000000100024a4                sleep_until
 .text.sleep_ms
                0x0000000010002568       0x34 CMakeFiles/pico_webserver.dir/pico-sdk/src/common/pico_time/time.c.obj
                0x0000000010002568                sleep_ms
 .text.best_effort_wfe_or_timeout
                0x000000001000259c       0xd4 CMakeFiles/pico_webserver.dir/pico-sdk/src/common/pico_time/time.c.obj
                0x000000001000259c                best_effort_wfe_or_timeout
 .text.hardware_alarm_irq_handler
                0x0000000010002670       0xbc CMakeFiles/pico_webserver.dir/pico-sdk/src/rp2_common/hardware_timer/timer.c.obj
 .text.hardware_alarm_claim
                0x000000001000272c       0x18 CMakeFiles/pico_webserver.dir/pico-sdk/src/rp2_common/hardware_timer/timer.c.obj
                0x000000001000272c                hardware_alarm_claim
 .text.hardware_alarm_unclaim
                0x0000000010002744       0x10 CMakeFiles/pico_webserver.dir/pico-sdk/src/rp2_common/hardware_timer/timer.c.obj
                0x0000000010002744                hardware_alarm_unclaim
 .text.hardware_alarm_claim_unused
                0x0000000010002754       0x20 CMakeFiles/pico_webserver.dir/pico-sdk/src/rp2_common/hardware_timer/timer.c.obj
                0x0000000010002754                hardware_alarm_claim_unused
 .text.time_us_64
                0x0000000010002774       0x14 CMakeFiles/pico_webserver.dir/pico-sdk/src/rp2_common/hardware_timer/timer.c.obj
                0x0000000010002774                time_us_64
 .text.busy_wait_until
                0x0000000010002788       0x20 CMakeFiles/pico_webserver.dir/pico-sdk/src/rp2_common/hardware_timer/timer.c.obj
                0x0000000010002788                busy_wait_until
 .text.hardware_alarm_set_callback
                0x00000000100027a8       0x8c CMakeFiles/pico_webserver.dir/pico-sdk/src/rp2_common/hardware_timer/timer.c.obj
                0x00000000100027a8                hardware_alarm_set_callback
 .text.hardware_alarm_set_target
                0x0000000010002834       0xd4 CMakeFiles/pico_webserver.dir/pico-sdk/src/rp2_common/hardware_timer/timer.c.obj
                0x0000000010002834                hardware_alarm_set_target
 .text.hardware_alarm_cancel
                0x0000000010002908       0x3c CMakeFiles/pico_webserver.dir/pico-sdk/src/rp2_common/hardware_timer/timer.c.obj
                0x0000000010002908                hardware_alarm_cancel
 .text.hardware_alarm_force_irq
                0x0000000010002944       0x3c CMakeFiles/pico_webserver.dir/pico-sdk/src/rp2_common/hardware_timer/timer.c.obj
                0x0000000010002944                hardware_alarm_force_irq
 .text.ph_merge_nodes
                0x0000000010002980       0x68 CMakeFiles/pico_webserver.dir/pico-sdk/src/common/pico_util/pheap.c.obj
 .text.ph_create
                0x00000000100029e8       0x60 CMakeFiles/pico_webserver.dir/pico-sdk/src/common/pico_util/pheap.c.obj
                0x00000000100029e8                ph_create
 .text.ph_post_alloc_init
                0x0000000010002a48       0x3c CMakeFiles/pico_webserver.dir/pico-sdk/src/common/pico_util/pheap.c.obj
                0x0000000010002a48                ph_post_alloc_init
 .text.ph_destroy
                0x0000000010002a84       0x14 CMakeFiles/pico_webserver.dir/pico-sdk/src/common/pico_util/pheap.c.obj
                0x0000000010002a84                ph_destroy
 .text.ph_merge_two_pass
                0x0000000010002a98       0x90 CMakeFiles/pico_webserver.dir/pico-sdk/src/common/pico_util/pheap.c.obj
                0x0000000010002a98                ph_merge_two_pass
 .text.ph_remove_any_head
                0x0000000010002b28      0x100 CMakeFiles/pico_webserver.dir/pico-sdk/src/common/pico_util/pheap.c.obj
 .text.ph_remove_head
                0x0000000010002c28      0x104 CMakeFiles/pico_webserver.dir/pico-sdk/src/common/pico_util/pheap.c.obj
                0x0000000010002c28                ph_remove_head
 .text.ph_remove_and_free_node
                0x0000000010002d2c       0x7c CMakeFiles/pico_webserver.dir/pico-sdk/src/common/pico_util/pheap.c.obj
                0x0000000010002d2c                ph_remove_and_free_node
 .text.queue_init_with_spinlock
                0x0000000010002da8       0x24 CMakeFiles/pico_webserver.dir/pico-sdk/src/common/pico_util/queue.c.obj
                0x0000000010002da8                queue_init_with_spinlock
 .text.queue_try_add
                0x0000000010002dcc       0x70 CMakeFiles/pico_webserver.dir/pico-sdk/src/common/pico_util/queue.c.obj
                0x0000000010002dcc                queue_try_add
 .text.queue_try_peek
                0x0000000010002e3c       0x5c CMakeFiles/pico_webserver.dir/pico-sdk/src/common/pico_util/queue.c.obj
                0x0000000010002e3c                queue_try_peek
 .text.queue_remove_blocking
                0x0000000010002e98       0x74 CMakeFiles/pico_webserver.dir/pico-sdk/src/common/pico_util/queue.c.obj
                0x0000000010002e98                queue_remove_blocking
 .text.clock_configure
                0x0000000010002f0c      0x118 CMakeFiles/pico_webserver.dir/pico-sdk/src/rp2_common/hardware_clocks/clocks.c.obj
                0x0000000010002f0c                clock_configure
 .text.clocks_init
                0x0000000010003024      0x2d0 CMakeFiles/pico_webserver.dir/pico-sdk/src/rp2_common/hardware_clocks/clocks.c.obj
                0x0000000010003024                clocks_init
 .text.clock_get_hz
                0x00000000100032f4        0xc CMakeFiles/pico_webserver.dir/pico-sdk/src/rp2_common/hardware_clocks/clocks.c.obj
                0x00000000100032f4                clock_get_hz
 .text.pll_init
                0x0000000010003300       0xa0 CMakeFiles/pico_webserver.dir/pico-sdk/src/rp2_common/hardware_pll/pll.c.obj
                0x0000000010003300                pll_init
 .text.watchdog_start_tick
                0x00000000100033a0       0x10 CMakeFiles/pico_webserver.dir/pico-sdk/src/rp2_common/hardware_watchdog/watchdog.c.obj
                0x00000000100033a0                watchdog_start_tick
 .text.xosc_init
                0x00000000100033b0       0x28 CMakeFiles/pico_webserver.dir/pico-sdk/src/rp2_common/hardware_xosc/xosc.c.obj
                0x00000000100033b0                xosc_init
 .text.runtime_init
                0x00000000100033d8       0xf0 CMakeFiles/pico_webserver.dir/pico-sdk/src/rp2_common/pico_runtime/runtime.c.obj
                0x00000000100033d8                runtime_init
 .text._exit    0x00000000100034c8       0x14 CMakeFiles/pico_webserver.dir/pico-sdk/src/rp2_common/pico_runtime/runtime.c.obj
                0x00000000100034c8                _exit
 .text._sbrk    0x00000000100034dc       0x34 CMakeFiles/pico_webserver.dir/pico-sdk/src/rp2_common/pico_runtime/runtime.c.obj
                0x00000000100034dc                _sbrk
 .text.exit     0x0000000010003510        0x8 CMakeFiles/pico_webserver.dir/pico-sdk/src/rp2_common/pico_runtime/runtime.c.obj
                0x0000000010003510                exit
 .text.panic    0x0000000010003518       0x30 CMakeFiles/pico_webserver.dir/pico-sdk/src/rp2_common/pico_runtime/runtime.c.obj
                0x0000000010003518                panic
 .text.hard_assertion_failure
                0x0000000010003548        0xc CMakeFiles/pico_webserver.dir/pico-sdk/src/rp2_common/pico_runtime/runtime.c.obj
                0x0000000010003548                hard_assertion_failure
 .text._out_buffer
                0x0000000010003554        0x8 CMakeFiles/pico_webserver.dir/pico-sdk/src/rp2_common/pico_printf/printf.c.obj
 .text._out_null
                0x000000001000355c        0x4 CMakeFiles/pico_webserver.dir/pico-sdk/src/rp2_common/pico_printf/printf.c.obj
 .text._out_rev
                0x0000000010003560       0x9c CMakeFiles/pico_webserver.dir/pico-sdk/src/rp2_common/pico_printf/printf.c.obj
 .text._ntoa_format
                0x00000000100035fc      0x1cc CMakeFiles/pico_webserver.dir/pico-sdk/src/rp2_common/pico_printf/printf.c.obj
 .text._out_char
                0x00000000100037c8       0x10 CMakeFiles/pico_webserver.dir/pico-sdk/src/rp2_common/pico_printf/printf.c.obj
 .text._out_fct
                0x00000000100037d8       0x10 CMakeFiles/pico_webserver.dir/pico-sdk/src/rp2_common/pico_printf/printf.c.obj
 .text._etoa    0x00000000100037e8      0x44c CMakeFiles/pico_webserver.dir/pico-sdk/src/rp2_common/pico_printf/printf.c.obj
 .text._ftoa    0x0000000010003c34      0x398 CMakeFiles/pico_webserver.dir/pico-sdk/src/rp2_common/pico_printf/printf.c.obj
 .text._vsnprintf
                0x0000000010003fcc      0xb04 CMakeFiles/pico_webserver.dir/pico-sdk/src/rp2_common/pico_printf/printf.c.obj
 .text.__wrap_sprintf
                0x0000000010004ad0       0x28 CMakeFiles/pico_webserver.dir/pico-sdk/src/rp2_common/pico_printf/printf.c.obj
                0x0000000010004ad0                __wrap_sprintf
 .text.__wrap_snprintf
                0x0000000010004af8       0x28 CMakeFiles/pico_webserver.dir/pico-sdk/src/rp2_common/pico_printf/printf.c.obj
                0x0000000010004af8                __wrap_snprintf
 .text.vfctprintf
                0x0000000010004b20       0x20 CMakeFiles/pico_webserver.dir/pico-sdk/src/rp2_common/pico_printf/printf.c.obj
                0x0000000010004b20                vfctprintf
 .text.weak_raw_vprintf
                0x0000000010004b40       0x30 CMakeFiles/pico_webserver.dir/pico-sdk/src/rp2_common/pico_printf/printf.c.obj
                0x0000000010004b40                weak_raw_vprintf
 .text          0x0000000010004b70       0x10 CMakeFiles/pico_webserver.dir/pico-sdk/src/rp2_common/pico_bit_ops/bit_ops_aeabi.S.obj
 .text.ctzsi    0x0000000010004b80        0xc CMakeFiles/pico_webserver.dir/pico-sdk/src/rp2_common/pico_bit_ops/bit_ops_aeabi.S.obj
                0x0000000010004b80                __wrap___ctzsi2
 .text.rom_func_lookup
                0x0000000010004b8c       0x10 CMakeFiles/pico_webserver.dir/pico-sdk/src/rp2_common/pico_bootrom/bootrom.c.obj
                0x0000000010004b8c                rom_func_lookup
 .text.rom_data_lookup
                0x0000000010004b9c       0x10 CMakeFiles/pico_webserver.dir/pico-sdk/src/rp2_common/pico_bootrom/bootrom.c.obj
                0x0000000010004b9c                rom_data_lookup
 .text.rom_funcs_lookup
                0x0000000010004bac       0x44 CMakeFiles/pico_webserver.dir/pico-sdk/src/rp2_common/pico_bootrom/bootrom.c.obj
                0x0000000010004bac                rom_funcs_lookup
 .text.__wrap___aeabi_idiv
                0x0000000010004bf0       0x50 CMakeFiles/pico_webserver.dir/pico-sdk/src/rp2_common/pico_divider/divider.S.obj
                0x0000000010004bf0                __wrap___aeabi_idivmod
                0x0000000010004bf0                divmod_s32s32
                0x0000000010004bf0                div_s32s32
                0x0000000010004bf0                __wrap___aeabi_idiv
                0x0000000010004bf8                divmod_s32s32_unsafe
                0x0000000010004c24                divmod_s32s32_savestate
 .text.__wrap___aeabi_uidiv
                0x0000000010004c40       0x4c CMakeFiles/pico_webserver.dir/pico-sdk/src/rp2_common/pico_divider/divider.S.obj
                0x0000000010004c40                __wrap___aeabi_uidiv
                0x0000000010004c40                __wrap___aeabi_uidivmod
                0x0000000010004c40                div_u32u32
                0x0000000010004c40                divmod_u32u32
                0x0000000010004c48                divmod_u32u32_unsafe
                0x0000000010004c70                divmod_u32u32_savestate
 .text.__wrap___aeabi_ldiv
                0x0000000010004c8c      0x424 CMakeFiles/pico_webserver.dir/pico-sdk/src/rp2_common/pico_divider/divider.S.obj
                0x0000000010004c8c                div_s64s64
                0x0000000010004c8c                divmod_s64s64
                0x0000000010004c8c                __wrap___aeabi_ldivmod
                0x0000000010004cbc                div_u64u64
                0x0000000010004cbc                divmod_u64u64
                0x0000000010004cbc                __wrap___aeabi_uldivmod
                0x0000000010004ccc                divmod_u64u64_savestate
                0x0000000010004cec                divmod_s64s64_unsafe
                0x0000000010004d74                divmod_u64u64_unsafe
 .text.__wrap___aeabi_darithmetic
                0x00000000100050b0       0x60 CMakeFiles/pico_webserver.dir/pico-sdk/src/rp2_common/pico_double/double_aeabi.S.obj
                0x00000000100050b0                __wrap___aeabi_drsub
                0x00000000100050b6                __wrap___aeabi_dsub
                0x00000000100050c0                __wrap___aeabi_dadd
                0x00000000100050ca                __wrap___aeabi_ddiv
                0x00000000100050fe                __wrap___aeabi_dmul
 .text.__wrap___aeabi_cdcmple
                0x0000000010005110       0x6c CMakeFiles/pico_webserver.dir/pico-sdk/src/rp2_common/pico_double/double_aeabi.S.obj
                0x0000000010005110                __wrap___aeabi_cdrcmple
                0x0000000010005120                __wrap___aeabi_cdcmple
                0x0000000010005120                __wrap___aeabi_cdcmpeq
 .text.__wrap___aeabi_dcmplt
                0x000000001000517c        0xc CMakeFiles/pico_webserver.dir/pico-sdk/src/rp2_common/pico_double/double_aeabi.S.obj
                0x000000001000517c                __wrap___aeabi_dcmplt
 .text.__wrap___aeabi_dcmple
                0x0000000010005188       0x10 CMakeFiles/pico_webserver.dir/pico-sdk/src/rp2_common/pico_double/double_aeabi.S.obj
                0x0000000010005188                __wrap___aeabi_dcmple
 .text.__wrap___aeabi_dcmpge
                0x0000000010005198       0x10 CMakeFiles/pico_webserver.dir/pico-sdk/src/rp2_common/pico_double/double_aeabi.S.obj
                0x0000000010005198                __wrap___aeabi_dcmpge
 .text.__wrap___aeabi_dcmpgt
                0x00000000100051a8        0xa CMakeFiles/pico_webserver.dir/pico-sdk/src/rp2_common/pico_double/double_aeabi.S.obj
                0x00000000100051a8                __wrap___aeabi_dcmpgt
 .text.__wrap___aeabi_dcmpun
                0x00000000100051b2       0x1c CMakeFiles/pico_webserver.dir/pico-sdk/src/rp2_common/pico_double/double_aeabi.S.obj
                0x00000000100051b2                __wrap___aeabi_dcmpun
 *fill*         0x00000000100051ce        0x2 
 .text.__wrap___aeabi_i2d
                0x00000000100051d0       0x38 CMakeFiles/pico_webserver.dir/pico-sdk/src/rp2_common/pico_double/double_aeabi.S.obj
                0x00000000100051d0                __wrap___aeabi_ui2d
                0x00000000100051d8                __wrap___aeabi_i2d
 .text.__wrap___aeabi_d2iz
                0x0000000010005208       0x48 CMakeFiles/pico_webserver.dir/pico-sdk/src/rp2_common/pico_double/double_aeabi.S.obj
                0x0000000010005208                __wrap___aeabi_d2iz
                0x0000000010005208                double2int_z
 .text.__wrap___aeabi_d2uiz
                0x0000000010005250       0x10 CMakeFiles/pico_webserver.dir/pico-sdk/src/rp2_common/pico_double/double_aeabi.S.obj
                0x0000000010005250                double2uint
                0x0000000010005250                __wrap___aeabi_d2uiz
 .text.missing_double_func_shim
                0x0000000010005260        0xc CMakeFiles/pico_webserver.dir/pico-sdk/src/rp2_common/pico_double/double_init_rom.c.obj
 .text.__aeabi_double_init
                0x000000001000526c       0x98 CMakeFiles/pico_webserver.dir/pico-sdk/src/rp2_common/pico_double/double_init_rom.c.obj
                0x000000001000526c                __aeabi_double_init
 .text.double_table_shim_on_use_helper
                0x0000000010005304       0x2c CMakeFiles/pico_webserver.dir/pico-sdk/src/rp2_common/pico_double/double_v1_rom_shim.S.obj
                0x0000000010005304                double_table_shim_on_use_helper
 .text.__aeabi_lmul
                0x0000000010005330       0x32 CMakeFiles/pico_webserver.dir/pico-sdk/src/rp2_common/pico_int64_ops/pico_int64_ops_aeabi.S.obj
                0x0000000010005330                __wrap___aeabi_lmul
 *fill*         0x0000000010005362        0x2 
 .text.missing_float_func_shim
                0x0000000010005364        0xc CMakeFiles/pico_webserver.dir/pico-sdk/src/rp2_common/pico_float/float_init_rom.c.obj
 .text.__aeabi_float_init
                0x0000000010005370       0x5c CMakeFiles/pico_webserver.dir/pico-sdk/src/rp2_common/pico_float/float_init_rom.c.obj
                0x0000000010005370                __aeabi_float_init
 .text.__wrap_malloc
                0x00000000100053cc       0x3c CMakeFiles/pico_webserver.dir/pico-sdk/src/rp2_common/pico_malloc/pico_malloc.c.obj
                0x00000000100053cc                __wrap_malloc
 .text.__wrap_calloc
                0x0000000010005408       0x40 CMakeFiles/pico_webserver.dir/pico-sdk/src/rp2_common/pico_malloc/pico_malloc.c.obj
                0x0000000010005408                __wrap_calloc
 .text.__wrap_free
                0x0000000010005448       0x20 CMakeFiles/pico_webserver.dir/pico-sdk/src/rp2_common/pico_malloc/pico_malloc.c.obj
                0x0000000010005448                __wrap_free
 .text          0x0000000010005468       0x10 CMakeFiles/pico_webserver.dir/pico-sdk/src/rp2_common/pico_mem_ops/mem_ops_aeabi.S.obj
                0x0000000010005468                __aeabi_mem_init
 .text.memset   0x0000000010005478        0xc CMakeFiles/pico_webserver.dir/pico-sdk/src/rp2_common/pico_mem_ops/mem_ops_aeabi.S.obj
                0x0000000010005478                __wrap_memset
 .text.memcpy   0x0000000010005484        0xc CMakeFiles/pico_webserver.dir/pico-sdk/src/rp2_common/pico_mem_ops/mem_ops_aeabi.S.obj
                0x0000000010005484                __wrap___aeabi_memcpy
                0x0000000010005484                __wrap_memcpy
 .text.stdio_out_chars_no_crlf
                0x0000000010005490       0x10 CMakeFiles/pico_webserver.dir/pico-sdk/src/rp2_common/pico_stdio/stdio.c.obj
 .text.stdio_out_chars_crlf
                0x00000000100054a0       0xb4 CMakeFiles/pico_webserver.dir/pico-sdk/src/rp2_common/pico_stdio/stdio.c.obj
 .text.stdio_buffered_printer
                0x0000000010005554       0x64 CMakeFiles/pico_webserver.dir/pico-sdk/src/rp2_common/pico_stdio/stdio.c.obj
 .text.stdio_put_string.isra.0
                0x00000000100055b8       0xfc CMakeFiles/pico_webserver.dir/pico-sdk/src/rp2_common/pico_stdio/stdio.c.obj
 .text.__wrap_putchar
                0x00000000100056b4       0x98 CMakeFiles/pico_webserver.dir/pico-sdk/src/rp2_common/pico_stdio/stdio.c.obj
                0x00000000100056b4                __wrap_putchar
 .text.__wrap_puts
                0x000000001000574c       0x3c CMakeFiles/pico_webserver.dir/pico-sdk/src/rp2_common/pico_stdio/stdio.c.obj
                0x000000001000574c                __wrap_puts
 .text.__wrap_vprintf
                0x0000000010005788       0xd8 CMakeFiles/pico_webserver.dir/pico-sdk/src/rp2_common/pico_stdio/stdio.c.obj
                0x0000000010005788                __wrap_vprintf
 .text.__wrap_printf
                0x0000000010005860       0x18 CMakeFiles/pico_webserver.dir/pico-sdk/src/rp2_common/pico_stdio/stdio.c.obj
                0x0000000010005860                __wrap_printf
 .text.startup._retrieve_unique_id_on_boot
                0x0000000010005878       0x10 CMakeFiles/pico_webserver.dir/pico-sdk/src/rp2_common/pico_unique_id/unique_id.c.obj
 .text.pico_get_unique_board_id
                0x0000000010005888       0x10 CMakeFiles/pico_webserver.dir/pico-sdk/src/rp2_common/pico_unique_id/unique_id.c.obj
                0x0000000010005888                pico_get_unique_board_id
 .text.flash_get_unique_id
                0x0000000010005898       0x40 CMakeFiles/pico_webserver.dir/pico-sdk/src/rp2_common/hardware_flash/flash.c.obj
                0x0000000010005898                flash_get_unique_id
 .text.dcd_int_enable
                0x00000000100058d8        0xc CMakeFiles/pico_webserver.dir/pico-sdk/lib/tinyusb/src/portable/raspberrypi/rp2040/dcd_rp2040.c.obj
                0x00000000100058d8                dcd_int_enable
 .text.dcd_set_address
                0x00000000100058e4       0x14 CMakeFiles/pico_webserver.dir/pico-sdk/lib/tinyusb/src/portable/raspberrypi/rp2040/dcd_rp2040.c.obj
                0x00000000100058e4                dcd_set_address
 .text.dcd_connect
                0x00000000100058f8       0x10 CMakeFiles/pico_webserver.dir/pico-sdk/lib/tinyusb/src/portable/raspberrypi/rp2040/dcd_rp2040.c.obj
                0x00000000100058f8                dcd_connect
 .text.dcd_init
                0x0000000010005908       0x98 CMakeFiles/pico_webserver.dir/pico-sdk/lib/tinyusb/src/portable/raspberrypi/rp2040/dcd_rp2040.c.obj
                0x0000000010005908                dcd_init
 .text.dcd_edpt0_status_complete
                0x00000000100059a0       0x1c CMakeFiles/pico_webserver.dir/pico-sdk/lib/tinyusb/src/portable/raspberrypi/rp2040/dcd_rp2040.c.obj
                0x00000000100059a0                dcd_edpt0_status_complete
 .text.dcd_edpt_open
                0x00000000100059bc      0x108 CMakeFiles/pico_webserver.dir/pico-sdk/lib/tinyusb/src/portable/raspberrypi/rp2040/dcd_rp2040.c.obj
                0x00000000100059bc                dcd_edpt_open
 .text.dcd_edpt_close_all
                0x0000000010005ac4        0x8 CMakeFiles/pico_webserver.dir/pico-sdk/lib/tinyusb/src/portable/raspberrypi/rp2040/dcd_rp2040.c.obj
                0x0000000010005ac4                dcd_edpt_close_all
 .text.dcd_edpt_xfer
                0x0000000010005acc       0x24 CMakeFiles/pico_webserver.dir/pico-sdk/lib/tinyusb/src/portable/raspberrypi/rp2040/dcd_rp2040.c.obj
                0x0000000010005acc                dcd_edpt_xfer
 .text.dcd_edpt_stall
                0x0000000010005af0       0x38 CMakeFiles/pico_webserver.dir/pico-sdk/lib/tinyusb/src/portable/raspberrypi/rp2040/dcd_rp2040.c.obj
                0x0000000010005af0                dcd_edpt_stall
 .text.dcd_edpt_clear_stall
                0x0000000010005b28       0x30 CMakeFiles/pico_webserver.dir/pico-sdk/lib/tinyusb/src/portable/raspberrypi/rp2040/dcd_rp2040.c.obj
                0x0000000010005b28                dcd_edpt_clear_stall
 .text.rp2040_usb_init
                0x0000000010005b58       0x4c CMakeFiles/pico_webserver.dir/pico-sdk/lib/tinyusb/src/portable/raspberrypi/rp2040/rp2040_usb.c.obj
                0x0000000010005b58                rp2040_usb_init
 .text.hw_endpoint_xfer_start
                0x0000000010005ba4       0x50 CMakeFiles/pico_webserver.dir/pico-sdk/lib/tinyusb/src/portable/raspberrypi/rp2040/rp2040_usb.c.obj
                0x0000000010005ba4                hw_endpoint_xfer_start
 .text.tud_mounted
                0x0000000010005bf4       0x10 CMakeFiles/pico_webserver.dir/pico-sdk/lib/tinyusb/src/device/usbd.c.obj
                0x0000000010005bf4                tud_mounted
 .text.tud_suspended
                0x0000000010005c04       0x10 CMakeFiles/pico_webserver.dir/pico-sdk/lib/tinyusb/src/device/usbd.c.obj
                0x0000000010005c04                tud_suspended
 .text.tud_inited
                0x0000000010005c14       0x14 CMakeFiles/pico_webserver.dir/pico-sdk/lib/tinyusb/src/device/usbd.c.obj
                0x0000000010005c14                tud_inited
 .text.tud_init
                0x0000000010005c28       0xe4 CMakeFiles/pico_webserver.dir/pico-sdk/lib/tinyusb/src/device/usbd.c.obj
                0x0000000010005c28                tud_init
 .text.tud_task_ext
                0x0000000010005d0c      0x870 CMakeFiles/pico_webserver.dir/pico-sdk/lib/tinyusb/src/device/usbd.c.obj
                0x0000000010005d0c                tud_task_ext
 .text.usbd_open_edpt_pair
                0x000000001000657c       0x9c CMakeFiles/pico_webserver.dir/pico-sdk/lib/tinyusb/src/device/usbd.c.obj
                0x000000001000657c                usbd_open_edpt_pair
 .text.usbd_edpt_open
                0x0000000010006618       0x34 CMakeFiles/pico_webserver.dir/pico-sdk/lib/tinyusb/src/device/usbd.c.obj
                0x0000000010006618                usbd_edpt_open
 .text.usbd_edpt_xfer
                0x000000001000664c       0x4c CMakeFiles/pico_webserver.dir/pico-sdk/lib/tinyusb/src/device/usbd.c.obj
                0x000000001000664c                usbd_edpt_xfer
 .text.usbd_edpt_busy
                0x0000000010006698       0x1c CMakeFiles/pico_webserver.dir/pico-sdk/lib/tinyusb/src/device/usbd.c.obj
                0x0000000010006698                usbd_edpt_busy
 .text.tud_control_status
                0x00000000100066b4       0x30 CMakeFiles/pico_webserver.dir/pico-sdk/lib/tinyusb/src/device/usbd_control.c.obj
                0x00000000100066b4                tud_control_status
 .text.tud_control_xfer
                0x00000000100066e4       0xbc CMakeFiles/pico_webserver.dir/pico-sdk/lib/tinyusb/src/device/usbd_control.c.obj
                0x00000000100066e4                tud_control_xfer
 .text.usbd_control_reset
                0x00000000100067a0       0x14 CMakeFiles/pico_webserver.dir/pico-sdk/lib/tinyusb/src/device/usbd_control.c.obj
                0x00000000100067a0                usbd_control_reset
 .text.usbd_control_set_complete_callback
                0x00000000100067b4        0xc CMakeFiles/pico_webserver.dir/pico-sdk/lib/tinyusb/src/device/usbd_control.c.obj
                0x00000000100067b4                usbd_control_set_complete_callback
 .text.usbd_control_set_request
                0x00000000100067c0       0x1c CMakeFiles/pico_webserver.dir/pico-sdk/lib/tinyusb/src/device/usbd_control.c.obj
                0x00000000100067c0                usbd_control_set_request
 .text.usbd_control_xfer_cb
                0x00000000100067dc       0xfc CMakeFiles/pico_webserver.dir/pico-sdk/lib/tinyusb/src/device/usbd_control.c.obj
                0x00000000100067dc                usbd_control_xfer_cb
 .text.tud_network_recv_renew
                0x00000000100068d8       0x20 CMakeFiles/pico_webserver.dir/pico-sdk/lib/tinyusb/src/class/net/ecm_rndis_device.c.obj
                0x00000000100068d8                tud_network_recv_renew
 .text.netd_report
                0x00000000100068f8       0x24 CMakeFiles/pico_webserver.dir/pico-sdk/lib/tinyusb/src/class/net/ecm_rndis_device.c.obj
                0x00000000100068f8                netd_report
 .text.netd_init
                0x000000001000691c       0x14 CMakeFiles/pico_webserver.dir/pico-sdk/lib/tinyusb/src/class/net/ecm_rndis_device.c.obj
                0x000000001000691c                netd_init
 .text.netd_reset
                0x0000000010006930       0x14 CMakeFiles/pico_webserver.dir/pico-sdk/lib/tinyusb/src/class/net/ecm_rndis_device.c.obj
                0x0000000010006930                netd_reset
 .text.netd_open
                0x0000000010006944      0x11c CMakeFiles/pico_webserver.dir/pico-sdk/lib/tinyusb/src/class/net/ecm_rndis_device.c.obj
                0x0000000010006944                netd_open
 .text.netd_control_xfer_cb
                0x0000000010006a60      0x174 CMakeFiles/pico_webserver.dir/pico-sdk/lib/tinyusb/src/class/net/ecm_rndis_device.c.obj
                0x0000000010006a60                netd_control_xfer_cb
 .text.netd_xfer_cb
                0x0000000010006bd4       0xec CMakeFiles/pico_webserver.dir/pico-sdk/lib/tinyusb/src/class/net/ecm_rndis_device.c.obj
                0x0000000010006bd4                netd_xfer_cb
 .text.tud_network_can_xmit
                0x0000000010006cc0        0xc CMakeFiles/pico_webserver.dir/pico-sdk/lib/tinyusb/src/class/net/ecm_rndis_device.c.obj
                0x0000000010006cc0                tud_network_can_xmit
 .text.tud_network_xmit
                0x0000000010006ccc       0x98 CMakeFiles/pico_webserver.dir/pico-sdk/lib/tinyusb/src/class/net/ecm_rndis_device.c.obj
                0x0000000010006ccc                tud_network_xmit
 .text.tusb_init
                0x0000000010006d64        0xc CMakeFiles/pico_webserver.dir/pico-sdk/lib/tinyusb/src/tusb.c.obj
                0x0000000010006d64                tusb_init
 .text.tusb_inited
                0x0000000010006d70        0x8 CMakeFiles/pico_webserver.dir/pico-sdk/lib/tinyusb/src/tusb.c.obj
                0x0000000010006d70                tusb_inited
 .text.tu_edpt_validate
                0x0000000010006d78       0x78 CMakeFiles/pico_webserver.dir/pico-sdk/lib/tinyusb/src/tusb.c.obj
                0x0000000010006d78                tu_edpt_validate
 .text.tu_edpt_bind_driver
                0x0000000010006df0       0x34 CMakeFiles/pico_webserver.dir/pico-sdk/lib/tinyusb/src/tusb.c.obj
                0x0000000010006df0                tu_edpt_bind_driver
 .text.tu_fifo_read
                0x0000000010006e24       0xa0 CMakeFiles/pico_webserver.dir/pico-sdk/lib/tinyusb/src/common/tusb_fifo.c.obj
                0x0000000010006e24                tu_fifo_read
 .text.tu_fifo_write
                0x0000000010006ec4       0x88 CMakeFiles/pico_webserver.dir/pico-sdk/lib/tinyusb/src/common/tusb_fifo.c.obj
                0x0000000010006ec4                tu_fifo_write
 .text.tu_fifo_clear
                0x0000000010006f4c       0x40 CMakeFiles/pico_webserver.dir/pico-sdk/lib/tinyusb/src/common/tusb_fifo.c.obj
                0x0000000010006f4c                tu_fifo_clear
 .text.lwip_timeout_reached
                0x0000000010006f8c        0x8 CMakeFiles/pico_webserver.dir/pico-sdk/src/rp2_common/pico_lwip/lwip_nosys.c.obj
 .text.update_next_timeout
                0x0000000010006f94       0x6c CMakeFiles/pico_webserver.dir/pico-sdk/src/rp2_common/pico_lwip/lwip_nosys.c.obj
 .text.lwip_nosys_init
                0x0000000010007000       0x30 CMakeFiles/pico_webserver.dir/pico-sdk/src/rp2_common/pico_lwip/lwip_nosys.c.obj
                0x0000000010007000                lwip_nosys_init
 .text.lwip_nosys_deinit
                0x0000000010007030       0x20 CMakeFiles/pico_webserver.dir/pico-sdk/src/rp2_common/pico_lwip/lwip_nosys.c.obj
                0x0000000010007030                lwip_nosys_deinit
 .text.sys_arch_protect
                0x0000000010007050        0x4 CMakeFiles/pico_webserver.dir/pico-sdk/src/rp2_common/pico_lwip/lwip_nosys.c.obj
                0x0000000010007050                sys_arch_protect
 .text.sys_arch_unprotect
                0x0000000010007054        0x4 CMakeFiles/pico_webserver.dir/pico-sdk/src/rp2_common/pico_lwip/lwip_nosys.c.obj
                0x0000000010007054                sys_arch_unprotect
 .text.sys_now  0x0000000010007058       0x20 CMakeFiles/pico_webserver.dir/pico-sdk/src/rp2_common/pico_lwip/lwip_nosys.c.obj
                0x0000000010007058                sys_now
 .text.async_context_base_add_at_time_worker
                0x0000000010007078       0x28 CMakeFiles/pico_webserver.dir/pico-sdk/src/rp2_common/pico_async_context/async_context_base.c.obj
                0x0000000010007078                async_context_base_add_at_time_worker
 .text.async_context_base_remove_at_time_worker
                0x00000000100070a0       0x28 CMakeFiles/pico_webserver.dir/pico-sdk/src/rp2_common/pico_async_context/async_context_base.c.obj
                0x00000000100070a0                async_context_base_remove_at_time_worker
 .text.async_context_base_add_when_pending_worker
                0x00000000100070c8       0x24 CMakeFiles/pico_webserver.dir/pico-sdk/src/rp2_common/pico_async_context/async_context_base.c.obj
                0x00000000100070c8                async_context_base_add_when_pending_worker
 .text.async_context_base_remove_when_pending_worker
                0x00000000100070ec       0x28 CMakeFiles/pico_webserver.dir/pico-sdk/src/rp2_common/pico_async_context/async_context_base.c.obj
                0x00000000100070ec                async_context_base_remove_when_pending_worker
 .text.async_context_base_execute_once
                0x0000000010007114       0xe8 CMakeFiles/pico_webserver.dir/pico-sdk/src/rp2_common/pico_async_context/async_context_base.c.obj
                0x0000000010007114                async_context_base_execute_once
 .text.async_context_base_needs_servicing
                0x00000000100071fc       0x54 CMakeFiles/pico_webserver.dir/pico-sdk/src/rp2_common/pico_async_context/async_context_base.c.obj
                0x00000000100071fc                async_context_base_needs_servicing
 .text.lwip_init
                0x0000000010007250       0x20 CMakeFiles/pico_webserver.dir/pico-sdk/lib/lwip/src/core/init.c.obj
                0x0000000010007250                lwip_init
 .text.lwip_htons
                0x0000000010007270        0x8 CMakeFiles/pico_webserver.dir/pico-sdk/lib/lwip/src/core/def.c.obj
                0x0000000010007270                lwip_htons
 .text.lwip_htonl
                0x0000000010007278        0x4 CMakeFiles/pico_webserver.dir/pico-sdk/lib/lwip/src/core/def.c.obj
                0x0000000010007278                lwip_htonl
 .text.lwip_strnstr
                0x000000001000727c       0x5c CMakeFiles/pico_webserver.dir/pico-sdk/lib/lwip/src/core/def.c.obj
                0x000000001000727c                lwip_strnstr
 .text.lwip_stricmp
                0x00000000100072d8       0x34 CMakeFiles/pico_webserver.dir/pico-sdk/lib/lwip/src/core/def.c.obj
                0x00000000100072d8                lwip_stricmp
 .text.lwip_standard_chksum
                0x000000001000730c       0x80 CMakeFiles/pico_webserver.dir/pico-sdk/lib/lwip/src/core/inet_chksum.c.obj
                0x000000001000730c                lwip_standard_chksum
 .text.inet_chksum_pseudo
                0x000000001000738c       0xb4 CMakeFiles/pico_webserver.dir/pico-sdk/lib/lwip/src/core/inet_chksum.c.obj
                0x000000001000738c                inet_chksum_pseudo
 .text.ip_chksum_pseudo
                0x0000000010007440       0x10 CMakeFiles/pico_webserver.dir/pico-sdk/lib/lwip/src/core/inet_chksum.c.obj
                0x0000000010007440                ip_chksum_pseudo
 .text.inet_chksum
                0x0000000010007450       0x8c CMakeFiles/pico_webserver.dir/pico-sdk/lib/lwip/src/core/inet_chksum.c.obj
                0x0000000010007450                inet_chksum
 .text.inet_chksum_pbuf
                0x00000000100074dc       0x6c CMakeFiles/pico_webserver.dir/pico-sdk/lib/lwip/src/core/inet_chksum.c.obj
                0x00000000100074dc                inet_chksum_pbuf
 .text.mem_init
                0x0000000010007548       0x48 CMakeFiles/pico_webserver.dir/pico-sdk/lib/lwip/src/core/mem.c.obj
                0x0000000010007548                mem_init
 .text.mem_free
                0x0000000010007590      0x128 CMakeFiles/pico_webserver.dir/pico-sdk/lib/lwip/src/core/mem.c.obj
                0x0000000010007590                mem_free
 .text.mem_trim
                0x00000000100076b8      0x144 CMakeFiles/pico_webserver.dir/pico-sdk/lib/lwip/src/core/mem.c.obj
                0x00000000100076b8                mem_trim
 .text.mem_malloc
                0x00000000100077fc      0x130 CMakeFiles/pico_webserver.dir/pico-sdk/lib/lwip/src/core/mem.c.obj
                0x00000000100077fc                mem_malloc
 .text.memp_init
                0x000000001000792c       0x94 CMakeFiles/pico_webserver.dir/pico-sdk/lib/lwip/src/core/memp.c.obj
                0x000000001000792c                memp_init
 .text.memp_malloc
                0x00000000100079c0       0x4c CMakeFiles/pico_webserver.dir/pico-sdk/lib/lwip/src/core/memp.c.obj
                0x00000000100079c0                memp_malloc
 .text.memp_free
                0x0000000010007a0c       0x30 CMakeFiles/pico_webserver.dir/pico-sdk/lib/lwip/src/core/memp.c.obj
                0x0000000010007a0c                memp_free
 .text.netif_null_output_ip4
                0x0000000010007a3c        0x8 CMakeFiles/pico_webserver.dir/pico-sdk/lib/lwip/src/core/netif.c.obj
 .text.netif_init
                0x0000000010007a44        0x4 CMakeFiles/pico_webserver.dir/pico-sdk/lib/lwip/src/core/netif.c.obj
                0x0000000010007a44                netif_init
 .text.netif_set_addr
                0x0000000010007a48       0xc4 CMakeFiles/pico_webserver.dir/pico-sdk/lib/lwip/src/core/netif.c.obj
                0x0000000010007a48                netif_set_addr
 .text.netif_add
                0x0000000010007b0c       0xf8 CMakeFiles/pico_webserver.dir/pico-sdk/lib/lwip/src/core/netif.c.obj
                0x0000000010007b0c                netif_add
 .text.netif_remove
                0x0000000010007c04       0x88 CMakeFiles/pico_webserver.dir/pico-sdk/lib/lwip/src/core/netif.c.obj
                0x0000000010007c04                netif_remove
 .text.netif_set_default
                0x0000000010007c8c        0xc CMakeFiles/pico_webserver.dir/pico-sdk/lib/lwip/src/core/netif.c.obj
                0x0000000010007c8c                netif_set_default
 .text.netif_set_up
                0x0000000010007c98       0x14 CMakeFiles/pico_webserver.dir/pico-sdk/lib/lwip/src/core/netif.c.obj
                0x0000000010007c98                netif_set_up
 .text.netif_set_link_up
                0x0000000010007cac       0x1c CMakeFiles/pico_webserver.dir/pico-sdk/lib/lwip/src/core/netif.c.obj
                0x0000000010007cac                netif_set_link_up
 .text.netif_set_link_down
                0x0000000010007cc8       0x1c CMakeFiles/pico_webserver.dir/pico-sdk/lib/lwip/src/core/netif.c.obj
                0x0000000010007cc8                netif_set_link_down
 .text.netif_get_by_index
                0x0000000010007ce4       0x2c CMakeFiles/pico_webserver.dir/pico-sdk/lib/lwip/src/core/netif.c.obj
                0x0000000010007ce4                netif_get_by_index
 .text.pbuf_free.part.0
                0x0000000010007d10       0x80 CMakeFiles/pico_webserver.dir/pico-sdk/lib/lwip/src/core/pbuf.c.obj
 .text.pbuf_free_ooseq
                0x0000000010007d90       0x34 CMakeFiles/pico_webserver.dir/pico-sdk/lib/lwip/src/core/pbuf.c.obj
                0x0000000010007d90                pbuf_free_ooseq
 .text.pbuf_alloc
                0x0000000010007dc4      0x12c CMakeFiles/pico_webserver.dir/pico-sdk/lib/lwip/src/core/pbuf.c.obj
                0x0000000010007dc4                pbuf_alloc
 .text.pbuf_alloced_custom
                0x0000000010007ef0       0x38 CMakeFiles/pico_webserver.dir/pico-sdk/lib/lwip/src/core/pbuf.c.obj
                0x0000000010007ef0                pbuf_alloced_custom
 .text.pbuf_realloc
                0x0000000010007f28       0x70 CMakeFiles/pico_webserver.dir/pico-sdk/lib/lwip/src/core/pbuf.c.obj
                0x0000000010007f28                pbuf_realloc
 .text.pbuf_add_header
                0x0000000010007f98       0x4c CMakeFiles/pico_webserver.dir/pico-sdk/lib/lwip/src/core/pbuf.c.obj
                0x0000000010007f98                pbuf_add_header
 .text.pbuf_remove_header
                0x0000000010007fe4       0x38 CMakeFiles/pico_webserver.dir/pico-sdk/lib/lwip/src/core/pbuf.c.obj
                0x0000000010007fe4                pbuf_remove_header
 .text.pbuf_header_force
                0x000000001000801c       0x6c CMakeFiles/pico_webserver.dir/pico-sdk/lib/lwip/src/core/pbuf.c.obj
                0x000000001000801c                pbuf_header_force
 .text.pbuf_free
                0x0000000010008088       0x10 CMakeFiles/pico_webserver.dir/pico-sdk/lib/lwip/src/core/pbuf.c.obj
                0x0000000010008088                pbuf_free
 .text.pbuf_clen
                0x0000000010008098       0x14 CMakeFiles/pico_webserver.dir/pico-sdk/lib/lwip/src/core/pbuf.c.obj
                0x0000000010008098                pbuf_clen
 .text.pbuf_ref
                0x00000000100080ac       0x18 CMakeFiles/pico_webserver.dir/pico-sdk/lib/lwip/src/core/pbuf.c.obj
                0x00000000100080ac                pbuf_ref
 .text.pbuf_cat
                0x00000000100080c4       0x2c CMakeFiles/pico_webserver.dir/pico-sdk/lib/lwip/src/core/pbuf.c.obj
                0x00000000100080c4                pbuf_cat
 .text.pbuf_chain
                0x00000000100080f0       0x44 CMakeFiles/pico_webserver.dir/pico-sdk/lib/lwip/src/core/pbuf.c.obj
                0x00000000100080f0                pbuf_chain
 .text.pbuf_copy_partial_pbuf
                0x0000000010008134      0x11c CMakeFiles/pico_webserver.dir/pico-sdk/lib/lwip/src/core/pbuf.c.obj
                0x0000000010008134                pbuf_copy_partial_pbuf
 .text.pbuf_copy
                0x0000000010008250       0x18 CMakeFiles/pico_webserver.dir/pico-sdk/lib/lwip/src/core/pbuf.c.obj
                0x0000000010008250                pbuf_copy
 .text.pbuf_copy_partial
                0x0000000010008268       0x70 CMakeFiles/pico_webserver.dir/pico-sdk/lib/lwip/src/core/pbuf.c.obj
                0x0000000010008268                pbuf_copy_partial
 .text.pbuf_take
                0x00000000100082d8       0x54 CMakeFiles/pico_webserver.dir/pico-sdk/lib/lwip/src/core/pbuf.c.obj
                0x00000000100082d8                pbuf_take
 .text.pbuf_clone
                0x000000001000832c       0x20 CMakeFiles/pico_webserver.dir/pico-sdk/lib/lwip/src/core/pbuf.c.obj
                0x000000001000832c                pbuf_clone
 .text.raw_input
                0x000000001000834c      0x12c CMakeFiles/pico_webserver.dir/pico-sdk/lib/lwip/src/core/raw.c.obj
                0x000000001000834c                raw_input
 .text.raw_netif_ip_addr_changed
                0x0000000010008478       0x40 CMakeFiles/pico_webserver.dir/pico-sdk/lib/lwip/src/core/raw.c.obj
                0x0000000010008478                raw_netif_ip_addr_changed
 .text.stats_init
                0x00000000100084b8        0x4 CMakeFiles/pico_webserver.dir/pico-sdk/lib/lwip/src/core/stats.c.obj
                0x00000000100084b8                stats_init
 .text.tcp_close_shutdown_fin
                0x00000000100084bc       0x4c CMakeFiles/pico_webserver.dir/pico-sdk/lib/lwip/src/core/tcp.c.obj
 .text.tcp_pcb_purge.part.0
                0x0000000010008508       0xc4 CMakeFiles/pico_webserver.dir/pico-sdk/lib/lwip/src/core/tcp.c.obj
 .text.tcp_init
                0x00000000100085cc        0x4 CMakeFiles/pico_webserver.dir/pico-sdk/lib/lwip/src/core/tcp.c.obj
                0x00000000100085cc                tcp_init
 .text.tcp_free
                0x00000000100085d0        0xc CMakeFiles/pico_webserver.dir/pico-sdk/lib/lwip/src/core/tcp.c.obj
                0x00000000100085d0                tcp_free
 .text.tcp_bind
                0x00000000100085dc       0xf8 CMakeFiles/pico_webserver.dir/pico-sdk/lib/lwip/src/core/tcp.c.obj
                0x00000000100085dc                tcp_bind
 .text.tcp_listen_with_backlog
                0x00000000100086d4       0x88 CMakeFiles/pico_webserver.dir/pico-sdk/lib/lwip/src/core/tcp.c.obj
                0x00000000100086d4                tcp_listen_with_backlog
 .text.tcp_update_rcv_ann_wnd
                0x000000001000875c       0x3c CMakeFiles/pico_webserver.dir/pico-sdk/lib/lwip/src/core/tcp.c.obj
                0x000000001000875c                tcp_update_rcv_ann_wnd
 .text.tcp_recved
                0x0000000010008798       0x78 CMakeFiles/pico_webserver.dir/pico-sdk/lib/lwip/src/core/tcp.c.obj
                0x0000000010008798                tcp_recved
 .text.tcp_slowtmr
                0x0000000010008810      0x42c CMakeFiles/pico_webserver.dir/pico-sdk/lib/lwip/src/core/tcp.c.obj
                0x0000000010008810                tcp_slowtmr
 .text.tcp_segs_free
                0x0000000010008c3c       0x38 CMakeFiles/pico_webserver.dir/pico-sdk/lib/lwip/src/core/tcp.c.obj
                0x0000000010008c3c                tcp_segs_free
 .text.tcp_seg_free
                0x0000000010008c74       0x1c CMakeFiles/pico_webserver.dir/pico-sdk/lib/lwip/src/core/tcp.c.obj
                0x0000000010008c74                tcp_seg_free
 .text.tcp_setprio
                0x0000000010008c90        0x8 CMakeFiles/pico_webserver.dir/pico-sdk/lib/lwip/src/core/tcp.c.obj
                0x0000000010008c90                tcp_setprio
 .text.tcp_seg_copy
                0x0000000010008c98       0x20 CMakeFiles/pico_webserver.dir/pico-sdk/lib/lwip/src/core/tcp.c.obj
                0x0000000010008c98                tcp_seg_copy
 .text.tcp_arg  0x0000000010008cb8        0x8 CMakeFiles/pico_webserver.dir/pico-sdk/lib/lwip/src/core/tcp.c.obj
                0x0000000010008cb8                tcp_arg
 .text.tcp_recv
                0x0000000010008cc0        0xc CMakeFiles/pico_webserver.dir/pico-sdk/lib/lwip/src/core/tcp.c.obj
                0x0000000010008cc0                tcp_recv
 .text.tcp_sent
                0x0000000010008ccc        0xc CMakeFiles/pico_webserver.dir/pico-sdk/lib/lwip/src/core/tcp.c.obj
                0x0000000010008ccc                tcp_sent
 .text.tcp_err  0x0000000010008cd8        0xc CMakeFiles/pico_webserver.dir/pico-sdk/lib/lwip/src/core/tcp.c.obj
                0x0000000010008cd8                tcp_err
 .text.tcp_accept
                0x0000000010008ce4       0x10 CMakeFiles/pico_webserver.dir/pico-sdk/lib/lwip/src/core/tcp.c.obj
                0x0000000010008ce4                tcp_accept
 .text.tcp_poll
                0x0000000010008cf4        0xc CMakeFiles/pico_webserver.dir/pico-sdk/lib/lwip/src/core/tcp.c.obj
                0x0000000010008cf4                tcp_poll
 .text.tcp_pcb_purge
                0x0000000010008d00       0x18 CMakeFiles/pico_webserver.dir/pico-sdk/lib/lwip/src/core/tcp.c.obj
                0x0000000010008d00                tcp_pcb_purge
 .text.tcp_pcb_remove
                0x0000000010008d18       0x78 CMakeFiles/pico_webserver.dir/pico-sdk/lib/lwip/src/core/tcp.c.obj
                0x0000000010008d18                tcp_pcb_remove
 .text.tcp_abandon
                0x0000000010008d90      0x184 CMakeFiles/pico_webserver.dir/pico-sdk/lib/lwip/src/core/tcp.c.obj
                0x0000000010008d90                tcp_abandon
 .text.tcp_abort
                0x0000000010008f14        0xc CMakeFiles/pico_webserver.dir/pico-sdk/lib/lwip/src/core/tcp.c.obj
                0x0000000010008f14                tcp_abort
 .text.tcp_accept_null
                0x0000000010008f20       0x10 CMakeFiles/pico_webserver.dir/pico-sdk/lib/lwip/src/core/tcp.c.obj
 .text.tcp_alloc
                0x0000000010008f30      0x1f8 CMakeFiles/pico_webserver.dir/pico-sdk/lib/lwip/src/core/tcp.c.obj
                0x0000000010008f30                tcp_alloc
 .text.tcp_new_ip_type
                0x0000000010009128      0x1d8 CMakeFiles/pico_webserver.dir/pico-sdk/lib/lwip/src/core/tcp.c.obj
                0x0000000010009128                tcp_new_ip_type
 .text.tcp_close_shutdown
                0x0000000010009300      0x14c CMakeFiles/pico_webserver.dir/pico-sdk/lib/lwip/src/core/tcp.c.obj
 .text.tcp_recv_null
                0x000000001000944c       0xa8 CMakeFiles/pico_webserver.dir/pico-sdk/lib/lwip/src/core/tcp.c.obj
                0x000000001000944c                tcp_recv_null
 .text.tcp_process_refused_data
                0x00000000100094f4       0xe8 CMakeFiles/pico_webserver.dir/pico-sdk/lib/lwip/src/core/tcp.c.obj
                0x00000000100094f4                tcp_process_refused_data
 .text.tcp_fasttmr
                0x00000000100095dc       0x98 CMakeFiles/pico_webserver.dir/pico-sdk/lib/lwip/src/core/tcp.c.obj
                0x00000000100095dc                tcp_fasttmr
 .text.tcp_tmr  0x0000000010009674       0x20 CMakeFiles/pico_webserver.dir/pico-sdk/lib/lwip/src/core/tcp.c.obj
                0x0000000010009674                tcp_tmr
 .text.tcp_close
                0x0000000010009694      0x15c CMakeFiles/pico_webserver.dir/pico-sdk/lib/lwip/src/core/tcp.c.obj
                0x0000000010009694                tcp_close
 .text.tcp_next_iss
                0x00000000100097f0       0x18 CMakeFiles/pico_webserver.dir/pico-sdk/lib/lwip/src/core/tcp.c.obj
                0x00000000100097f0                tcp_next_iss
 .text.tcp_eff_send_mss_netif
                0x0000000010009808       0x28 CMakeFiles/pico_webserver.dir/pico-sdk/lib/lwip/src/core/tcp.c.obj
                0x0000000010009808                tcp_eff_send_mss_netif
 .text.tcp_netif_ip_addr_changed
                0x0000000010009830       0x9c CMakeFiles/pico_webserver.dir/pico-sdk/lib/lwip/src/core/tcp.c.obj
                0x0000000010009830                tcp_netif_ip_addr_changed
 .text.tcp_free_ooseq
                0x00000000100098cc       0x40 CMakeFiles/pico_webserver.dir/pico-sdk/lib/lwip/src/core/tcp.c.obj
                0x00000000100098cc                tcp_free_ooseq
 .text.tcp_parseopt
                0x000000001000990c      0x180 CMakeFiles/pico_webserver.dir/pico-sdk/lib/lwip/src/core/tcp_in.c.obj
 .text.tcp_oos_insert_segment
                0x0000000010009a8c       0xd4 CMakeFiles/pico_webserver.dir/pico-sdk/lib/lwip/src/core/tcp_in.c.obj
 .text.tcp_receive
                0x0000000010009b60      0xa3c CMakeFiles/pico_webserver.dir/pico-sdk/lib/lwip/src/core/tcp_in.c.obj
 .text.tcp_input
                0x000000001000a59c      0xc64 CMakeFiles/pico_webserver.dir/pico-sdk/lib/lwip/src/core/tcp_in.c.obj
                0x000000001000a59c                tcp_input
 .text.tcp_trigger_input_pcb_close
                0x000000001000b200       0x10 CMakeFiles/pico_webserver.dir/pico-sdk/lib/lwip/src/core/tcp_in.c.obj
                0x000000001000b200                tcp_trigger_input_pcb_close
 .text.tcp_create_segment
                0x000000001000b210       0xd0 CMakeFiles/pico_webserver.dir/pico-sdk/lib/lwip/src/core/tcp_out.c.obj
 .text.tcp_output_control_segment
                0x000000001000b2e0       0xb4 CMakeFiles/pico_webserver.dir/pico-sdk/lib/lwip/src/core/tcp_out.c.obj
 .text.tcp_write
                0x000000001000b394      0x600 CMakeFiles/pico_webserver.dir/pico-sdk/lib/lwip/src/core/tcp_out.c.obj
                0x000000001000b394                tcp_write
 .text.tcp_split_unsent_seg
                0x000000001000b994      0x19c CMakeFiles/pico_webserver.dir/pico-sdk/lib/lwip/src/core/tcp_out.c.obj
                0x000000001000b994                tcp_split_unsent_seg
 .text.tcp_send_fin
                0x000000001000bb30       0xe0 CMakeFiles/pico_webserver.dir/pico-sdk/lib/lwip/src/core/tcp_out.c.obj
                0x000000001000bb30                tcp_send_fin
 .text.tcp_enqueue_flags
                0x000000001000bc10       0xa8 CMakeFiles/pico_webserver.dir/pico-sdk/lib/lwip/src/core/tcp_out.c.obj
                0x000000001000bc10                tcp_enqueue_flags
 .text.tcp_rexmit_rto_prepare
                0x000000001000bcb8       0x8c CMakeFiles/pico_webserver.dir/pico-sdk/lib/lwip/src/core/tcp_out.c.obj
                0x000000001000bcb8                tcp_rexmit_rto_prepare
 .text.tcp_rexmit
                0x000000001000bd44       0x90 CMakeFiles/pico_webserver.dir/pico-sdk/lib/lwip/src/core/tcp_out.c.obj
                0x000000001000bd44                tcp_rexmit
 .text.tcp_rexmit_fast
                0x000000001000bdd4       0x58 CMakeFiles/pico_webserver.dir/pico-sdk/lib/lwip/src/core/tcp_out.c.obj
                0x000000001000bdd4                tcp_rexmit_fast
 .text.tcp_rst  0x000000001000be2c       0xbc CMakeFiles/pico_webserver.dir/pico-sdk/lib/lwip/src/core/tcp_out.c.obj
                0x000000001000be2c                tcp_rst
 .text.tcp_rst_netif
                0x000000001000bee8       0xfc CMakeFiles/pico_webserver.dir/pico-sdk/lib/lwip/src/core/tcp_out.c.obj
                0x000000001000bee8                tcp_rst_netif
 .text.tcp_send_empty_ack
                0x000000001000bfe4       0xdc CMakeFiles/pico_webserver.dir/pico-sdk/lib/lwip/src/core/tcp_out.c.obj
                0x000000001000bfe4                tcp_send_empty_ack
 .text.tcp_output
                0x000000001000c0c0      0x410 CMakeFiles/pico_webserver.dir/pico-sdk/lib/lwip/src/core/tcp_out.c.obj
                0x000000001000c0c0                tcp_output
 .text.tcp_rexmit_rto_commit
                0x000000001000c4d0       0x14 CMakeFiles/pico_webserver.dir/pico-sdk/lib/lwip/src/core/tcp_out.c.obj
                0x000000001000c4d0                tcp_rexmit_rto_commit
 .text.tcp_rexmit_rto
                0x000000001000c4e4       0x98 CMakeFiles/pico_webserver.dir/pico-sdk/lib/lwip/src/core/tcp_out.c.obj
                0x000000001000c4e4                tcp_rexmit_rto
 .text.tcp_keepalive
                0x000000001000c57c       0xc4 CMakeFiles/pico_webserver.dir/pico-sdk/lib/lwip/src/core/tcp_out.c.obj
                0x000000001000c57c                tcp_keepalive
 .text.tcp_zero_window_probe
                0x000000001000c640      0x18c CMakeFiles/pico_webserver.dir/pico-sdk/lib/lwip/src/core/tcp_out.c.obj
                0x000000001000c640                tcp_zero_window_probe
 .text.tcpip_tcp_timer
                0x000000001000c7cc       0x6c CMakeFiles/pico_webserver.dir/pico-sdk/lib/lwip/src/core/timeouts.c.obj
 .text.lwip_cyclic_timer
                0x000000001000c838       0x90 CMakeFiles/pico_webserver.dir/pico-sdk/lib/lwip/src/core/timeouts.c.obj
 .text.tcp_timer_needed
                0x000000001000c8c8       0x70 CMakeFiles/pico_webserver.dir/pico-sdk/lib/lwip/src/core/timeouts.c.obj
                0x000000001000c8c8                tcp_timer_needed
 .text.sys_timeouts_init
                0x000000001000c938       0x78 CMakeFiles/pico_webserver.dir/pico-sdk/lib/lwip/src/core/timeouts.c.obj
                0x000000001000c938                sys_timeouts_init
 .text.sys_check_timeouts
                0x000000001000c9b0       0x68 CMakeFiles/pico_webserver.dir/pico-sdk/lib/lwip/src/core/timeouts.c.obj
                0x000000001000c9b0                sys_check_timeouts
 .text.sys_timeouts_sleeptime
                0x000000001000ca18       0x28 CMakeFiles/pico_webserver.dir/pico-sdk/lib/lwip/src/core/timeouts.c.obj
                0x000000001000ca18                sys_timeouts_sleeptime
 .text.udp_init
                0x000000001000ca40        0x4 CMakeFiles/pico_webserver.dir/pico-sdk/lib/lwip/src/core/udp.c.obj
                0x000000001000ca40                udp_init
 .text.udp_input
                0x000000001000ca44      0x234 CMakeFiles/pico_webserver.dir/pico-sdk/lib/lwip/src/core/udp.c.obj
                0x000000001000ca44                udp_input
 .text.udp_bind
                0x000000001000cc78      0x10c CMakeFiles/pico_webserver.dir/pico-sdk/lib/lwip/src/core/udp.c.obj
                0x000000001000cc78                udp_bind
 .text.udp_sendto_if_src
                0x000000001000cd84      0x120 CMakeFiles/pico_webserver.dir/pico-sdk/lib/lwip/src/core/udp.c.obj
                0x000000001000cd84                udp_sendto_if_src
 .text.udp_sendto_if
                0x000000001000cea4       0x48 CMakeFiles/pico_webserver.dir/pico-sdk/lib/lwip/src/core/udp.c.obj
                0x000000001000cea4                udp_sendto_if
 .text.udp_sendto
                0x000000001000ceec       0x7c CMakeFiles/pico_webserver.dir/pico-sdk/lib/lwip/src/core/udp.c.obj
                0x000000001000ceec                udp_sendto
 .text.udp_connect
                0x000000001000cf68       0x64 CMakeFiles/pico_webserver.dir/pico-sdk/lib/lwip/src/core/udp.c.obj
                0x000000001000cf68                udp_connect
 .text.udp_recv
                0x000000001000cfcc        0xc CMakeFiles/pico_webserver.dir/pico-sdk/lib/lwip/src/core/udp.c.obj
                0x000000001000cfcc                udp_recv
 .text.udp_remove
                0x000000001000cfd8       0x3c CMakeFiles/pico_webserver.dir/pico-sdk/lib/lwip/src/core/udp.c.obj
                0x000000001000cfd8                udp_remove
 .text.udp_new  0x000000001000d014       0x1c CMakeFiles/pico_webserver.dir/pico-sdk/lib/lwip/src/core/udp.c.obj
                0x000000001000d014                udp_new
 .text.udp_netif_ip_addr_changed
                0x000000001000d030       0x40 CMakeFiles/pico_webserver.dir/pico-sdk/lib/lwip/src/core/udp.c.obj
                0x000000001000d030                udp_netif_ip_addr_changed
 .text.dhcp_create_msg
                0x000000001000d070      0x144 CMakeFiles/pico_webserver.dir/pico-sdk/lib/lwip/src/core/ipv4/dhcp.c.obj
 .text.dhcp_bind
                0x000000001000d1b4      0x140 CMakeFiles/pico_webserver.dir/pico-sdk/lib/lwip/src/core/ipv4/dhcp.c.obj
 .text.dhcp_handle_ack.isra.0
                0x000000001000d2f4       0xa0 CMakeFiles/pico_webserver.dir/pico-sdk/lib/lwip/src/core/ipv4/dhcp.c.obj
 .text.dhcp_discover
                0x000000001000d394      0x10c CMakeFiles/pico_webserver.dir/pico-sdk/lib/lwip/src/core/ipv4/dhcp.c.obj
 .text.dhcp_reboot.isra.0
                0x000000001000d4a0      0x1e0 CMakeFiles/pico_webserver.dir/pico-sdk/lib/lwip/src/core/ipv4/dhcp.c.obj
 .text.dhcp_select.isra.0
                0x000000001000d680      0x244 CMakeFiles/pico_webserver.dir/pico-sdk/lib/lwip/src/core/ipv4/dhcp.c.obj
 .text.dhcp_recv
                0x000000001000d8c4      0x414 CMakeFiles/pico_webserver.dir/pico-sdk/lib/lwip/src/core/ipv4/dhcp.c.obj
 .text.dhcp_conflict_callback
                0x000000001000dcd8      0x124 CMakeFiles/pico_webserver.dir/pico-sdk/lib/lwip/src/core/ipv4/dhcp.c.obj
 .text.dhcp_set_struct
                0x000000001000ddfc       0x18 CMakeFiles/pico_webserver.dir/pico-sdk/lib/lwip/src/core/ipv4/dhcp.c.obj
                0x000000001000ddfc                dhcp_set_struct
 .text.dhcp_network_changed_link_up
                0x000000001000de14       0x30 CMakeFiles/pico_webserver.dir/pico-sdk/lib/lwip/src/core/ipv4/dhcp.c.obj
                0x000000001000de14                dhcp_network_changed_link_up
 .text.dhcp_renew
                0x000000001000de44      0x1a0 CMakeFiles/pico_webserver.dir/pico-sdk/lib/lwip/src/core/ipv4/dhcp.c.obj
                0x000000001000de44                dhcp_renew
 .text.dhcp_release_and_stop
                0x000000001000dfe4      0x14c CMakeFiles/pico_webserver.dir/pico-sdk/lib/lwip/src/core/ipv4/dhcp.c.obj
                0x000000001000dfe4                dhcp_release_and_stop
 .text.dhcp_start
                0x000000001000e130      0x10c CMakeFiles/pico_webserver.dir/pico-sdk/lib/lwip/src/core/ipv4/dhcp.c.obj
                0x000000001000e130                dhcp_start
 .text.dhcp_coarse_tmr
                0x000000001000e23c      0x238 CMakeFiles/pico_webserver.dir/pico-sdk/lib/lwip/src/core/ipv4/dhcp.c.obj
                0x000000001000e23c                dhcp_coarse_tmr
 .text.dhcp_fine_tmr
                0x000000001000e474       0x78 CMakeFiles/pico_webserver.dir/pico-sdk/lib/lwip/src/core/ipv4/dhcp.c.obj
                0x000000001000e474                dhcp_fine_tmr
 .text.dhcp_stop
                0x000000001000e4ec      0x14c CMakeFiles/pico_webserver.dir/pico-sdk/lib/lwip/src/core/ipv4/dhcp.c.obj
                0x000000001000e4ec                dhcp_stop
 .text.etharp_find_entry
                0x000000001000e638     0x1dcc CMakeFiles/pico_webserver.dir/pico-sdk/lib/lwip/src/core/ipv4/etharp.c.obj
 .text.etharp_raw
                0x0000000010010404       0xc0 CMakeFiles/pico_webserver.dir/pico-sdk/lib/lwip/src/core/ipv4/etharp.c.obj
 .text.etharp_output_to_arp_index
                0x00000000100104c4       0xd8 CMakeFiles/pico_webserver.dir/pico-sdk/lib/lwip/src/core/ipv4/etharp.c.obj
 .text.etharp_tmr
                0x000000001001059c       0xa4 CMakeFiles/pico_webserver.dir/pico-sdk/lib/lwip/src/core/ipv4/etharp.c.obj
                0x000000001001059c                etharp_tmr
 .text.etharp_cleanup_netif
                0x0000000010010640      0x188 CMakeFiles/pico_webserver.dir/pico-sdk/lib/lwip/src/core/ipv4/etharp.c.obj
                0x0000000010010640                etharp_cleanup_netif
 .text.etharp_input
                0x00000000100107c8      0x1ac CMakeFiles/pico_webserver.dir/pico-sdk/lib/lwip/src/core/ipv4/etharp.c.obj
                0x00000000100107c8                etharp_input
 .text.etharp_query
                0x0000000010010974      0x188 CMakeFiles/pico_webserver.dir/pico-sdk/lib/lwip/src/core/ipv4/etharp.c.obj
                0x0000000010010974                etharp_query
 .text.etharp_output
                0x0000000010010afc      0x21c CMakeFiles/pico_webserver.dir/pico-sdk/lib/lwip/src/core/ipv4/etharp.c.obj
                0x0000000010010afc                etharp_output
 .text.etharp_acd_probe
                0x0000000010010d18       0xc0 CMakeFiles/pico_webserver.dir/pico-sdk/lib/lwip/src/core/ipv4/etharp.c.obj
                0x0000000010010d18                etharp_acd_probe
 .text.etharp_acd_announce
                0x0000000010010dd8       0xbc CMakeFiles/pico_webserver.dir/pico-sdk/lib/lwip/src/core/ipv4/etharp.c.obj
                0x0000000010010dd8                etharp_acd_announce
 .text.icmp_input
                0x0000000010010e94      0x1d8 CMakeFiles/pico_webserver.dir/pico-sdk/lib/lwip/src/core/ipv4/icmp.c.obj
                0x0000000010010e94                icmp_input
 .text.icmp_dest_unreach
                0x000000001001106c       0xbc CMakeFiles/pico_webserver.dir/pico-sdk/lib/lwip/src/core/ipv4/icmp.c.obj
                0x000000001001106c                icmp_dest_unreach
 .text.icmp_time_exceeded
                0x0000000010011128       0xbc CMakeFiles/pico_webserver.dir/pico-sdk/lib/lwip/src/core/ipv4/icmp.c.obj
                0x0000000010011128                icmp_time_exceeded
 .text.ip_reass_free_complete_datagram
                0x00000000100111e4       0xb8 CMakeFiles/pico_webserver.dir/pico-sdk/lib/lwip/src/core/ipv4/ip4_frag.c.obj
 .text.ip_reass_remove_oldest_datagram
                0x000000001001129c       0xd8 CMakeFiles/pico_webserver.dir/pico-sdk/lib/lwip/src/core/ipv4/ip4_frag.c.obj
 .text.ipfrag_free_pbuf_custom
                0x0000000010011374       0x18 CMakeFiles/pico_webserver.dir/pico-sdk/lib/lwip/src/core/ipv4/ip4_frag.c.obj
 .text.ip_reass_tmr
                0x000000001001138c       0x38 CMakeFiles/pico_webserver.dir/pico-sdk/lib/lwip/src/core/ipv4/ip4_frag.c.obj
                0x000000001001138c                ip_reass_tmr
 .text.ip4_reass
                0x00000000100113c4      0x510 CMakeFiles/pico_webserver.dir/pico-sdk/lib/lwip/src/core/ipv4/ip4_frag.c.obj
                0x00000000100113c4                ip4_reass
 .text.ip4_frag
                0x00000000100118d4      0x1e8 CMakeFiles/pico_webserver.dir/pico-sdk/lib/lwip/src/core/ipv4/ip4_frag.c.obj
                0x00000000100118d4                ip4_frag
 .text.ip4_route
                0x0000000010011abc       0x80 CMakeFiles/pico_webserver.dir/pico-sdk/lib/lwip/src/core/ipv4/ip4.c.obj
                0x0000000010011abc                ip4_route
 .text.ip4_input
                0x0000000010011b3c      0x3e4 CMakeFiles/pico_webserver.dir/pico-sdk/lib/lwip/src/core/ipv4/ip4.c.obj
                0x0000000010011b3c                ip4_input
 .text.ip4_output_if
                0x0000000010011f20      0x168 CMakeFiles/pico_webserver.dir/pico-sdk/lib/lwip/src/core/ipv4/ip4.c.obj
                0x0000000010011f20                ip4_output_if
 .text.ip4_output_if_src
                0x0000000010012088      0x158 CMakeFiles/pico_webserver.dir/pico-sdk/lib/lwip/src/core/ipv4/ip4.c.obj
                0x0000000010012088                ip4_output_if_src
 .text.ip4_addr_isbroadcast_u32
                0x00000000100121e0       0x3c CMakeFiles/pico_webserver.dir/pico-sdk/lib/lwip/src/core/ipv4/ip4_addr.c.obj
                0x00000000100121e0                ip4_addr_isbroadcast_u32
 .text.acd_add  0x000000001001221c       0x24 CMakeFiles/pico_webserver.dir/pico-sdk/lib/lwip/src/core/ipv4/acd.c.obj
                0x000000001001221c                acd_add
 .text.acd_remove
                0x0000000010012240       0x28 CMakeFiles/pico_webserver.dir/pico-sdk/lib/lwip/src/core/ipv4/acd.c.obj
                0x0000000010012240                acd_remove
 .text.acd_start
                0x0000000010012268       0x38 CMakeFiles/pico_webserver.dir/pico-sdk/lib/lwip/src/core/ipv4/acd.c.obj
                0x0000000010012268                acd_start
 .text.acd_network_changed_link_down
                0x00000000100122a0       0x14 CMakeFiles/pico_webserver.dir/pico-sdk/lib/lwip/src/core/ipv4/acd.c.obj
                0x00000000100122a0                acd_network_changed_link_down
 .text.acd_tmr  0x00000000100122b4      0x110 CMakeFiles/pico_webserver.dir/pico-sdk/lib/lwip/src/core/ipv4/acd.c.obj
                0x00000000100122b4                acd_tmr
 .text.acd_arp_reply
                0x00000000100123c4       0xf4 CMakeFiles/pico_webserver.dir/pico-sdk/lib/lwip/src/core/ipv4/acd.c.obj
                0x00000000100123c4                acd_arp_reply
 .text.acd_netif_ip_addr_changed
                0x00000000100124b8       0x8c CMakeFiles/pico_webserver.dir/pico-sdk/lib/lwip/src/core/ipv4/acd.c.obj
                0x00000000100124b8                acd_netif_ip_addr_changed
 .text.ethernet_input
                0x0000000010012544       0xd0 CMakeFiles/pico_webserver.dir/pico-sdk/lib/lwip/src/netif/ethernet.c.obj
                0x0000000010012544                ethernet_input
 .text.ethernet_output
                0x0000000010012614       0x64 CMakeFiles/pico_webserver.dir/pico-sdk/lib/lwip/src/netif/ethernet.c.obj
                0x0000000010012614                ethernet_output
 .text.cyw43_arch_set_async_context
                0x0000000010012678        0xc CMakeFiles/pico_webserver.dir/pico-sdk/src/rp2_common/pico_cyw43_arch/cyw43_arch.c.obj
                0x0000000010012678                cyw43_arch_set_async_context
 .text.cyw43_arch_enable_sta_mode
                0x0000000010012684       0x1c CMakeFiles/pico_webserver.dir/pico-sdk/src/rp2_common/pico_cyw43_arch/cyw43_arch.c.obj
                0x0000000010012684                cyw43_arch_enable_sta_mode
 .text.cyw43_arch_init_with_country
                0x00000000100126a0       0x10 CMakeFiles/pico_webserver.dir/pico-sdk/src/rp2_common/pico_cyw43_arch/cyw43_arch.c.obj
                0x00000000100126a0                cyw43_arch_init_with_country
 .text.cyw43_arch_gpio_put
                0x00000000100126b0       0x14 CMakeFiles/pico_webserver.dir/pico-sdk/src/rp2_common/pico_cyw43_arch/cyw43_arch.c.obj
                0x00000000100126b0                cyw43_arch_gpio_put
 .text.cyw43_arch_async_context
                0x00000000100126c4        0xc CMakeFiles/pico_webserver.dir/pico-sdk/src/rp2_common/pico_cyw43_arch/cyw43_arch.c.obj
                0x00000000100126c4                cyw43_arch_async_context
 .text.cyw43_arch_init
                0x00000000100126d0       0x80 CMakeFiles/pico_webserver.dir/pico-sdk/src/rp2_common/pico_cyw43_arch/cyw43_arch_threadsafe_background.c.obj
                0x00000000100126d0                cyw43_arch_init
 .text.ns_delay.constprop.0
                0x0000000010012750       0x20 CMakeFiles/pico_webserver.dir/pico-sdk/src/rp2_common/pico_cyw43_driver/cyw43_bus_pio_spi.c.obj
 .text.cyw43_spi_deinit
                0x0000000010012770       0x7c CMakeFiles/pico_webserver.dir/pico-sdk/src/rp2_common/pico_cyw43_driver/cyw43_bus_pio_spi.c.obj
                0x0000000010012770                cyw43_spi_deinit
 .text.cyw43_spi_init
                0x00000000100127ec      0x154 CMakeFiles/pico_webserver.dir/pico-sdk/src/rp2_common/pico_cyw43_driver/cyw43_bus_pio_spi.c.obj
                0x00000000100127ec                cyw43_spi_init
 .text.cyw43_spi_transfer
                0x0000000010012940      0x430 CMakeFiles/pico_webserver.dir/pico-sdk/src/rp2_common/pico_cyw43_driver/cyw43_bus_pio_spi.c.obj
                0x0000000010012940                cyw43_spi_transfer
 .text.cyw43_spi_gpio_setup
                0x0000000010012d70       0x3c CMakeFiles/pico_webserver.dir/pico-sdk/src/rp2_common/pico_cyw43_driver/cyw43_bus_pio_spi.c.obj
                0x0000000010012d70                cyw43_spi_gpio_setup
 .text.cyw43_spi_reset
                0x0000000010012dac       0x28 CMakeFiles/pico_webserver.dir/pico-sdk/src/rp2_common/pico_cyw43_driver/cyw43_bus_pio_spi.c.obj
                0x0000000010012dac                cyw43_spi_reset
 .text.read_reg_u32_swap
                0x0000000010012dd4       0x3c CMakeFiles/pico_webserver.dir/pico-sdk/src/rp2_common/pico_cyw43_driver/cyw43_bus_pio_spi.c.obj
                0x0000000010012dd4                read_reg_u32_swap
 .text.cyw43_read_reg_u32
                0x0000000010012e10       0x6c CMakeFiles/pico_webserver.dir/pico-sdk/src/rp2_common/pico_cyw43_driver/cyw43_bus_pio_spi.c.obj
                0x0000000010012e10                cyw43_read_reg_u32
 .text.cyw43_read_reg_u16
                0x0000000010012e7c       0x6c CMakeFiles/pico_webserver.dir/pico-sdk/src/rp2_common/pico_cyw43_driver/cyw43_bus_pio_spi.c.obj
                0x0000000010012e7c                cyw43_read_reg_u16
 .text.cyw43_read_reg_u8
                0x0000000010012ee8       0x6c CMakeFiles/pico_webserver.dir/pico-sdk/src/rp2_common/pico_cyw43_driver/cyw43_bus_pio_spi.c.obj
                0x0000000010012ee8                cyw43_read_reg_u8
 .text.write_reg_u32_swap
                0x0000000010012f54      0x1e0 CMakeFiles/pico_webserver.dir/pico-sdk/src/rp2_common/pico_cyw43_driver/cyw43_bus_pio_spi.c.obj
                0x0000000010012f54                write_reg_u32_swap
 .text.cyw43_write_reg_u32
                0x0000000010013134      0x200 CMakeFiles/pico_webserver.dir/pico-sdk/src/rp2_common/pico_cyw43_driver/cyw43_bus_pio_spi.c.obj
                0x0000000010013134                cyw43_write_reg_u32
 .text.cyw43_write_reg_u16
                0x0000000010013334      0x200 CMakeFiles/pico_webserver.dir/pico-sdk/src/rp2_common/pico_cyw43_driver/cyw43_bus_pio_spi.c.obj
                0x0000000010013334                cyw43_write_reg_u16
 .text.cyw43_write_reg_u8
                0x0000000010013534      0x200 CMakeFiles/pico_webserver.dir/pico-sdk/src/rp2_common/pico_cyw43_driver/cyw43_bus_pio_spi.c.obj
                0x0000000010013534                cyw43_write_reg_u8
 .text.cyw43_read_bytes
                0x0000000010013734       0x78 CMakeFiles/pico_webserver.dir/pico-sdk/src/rp2_common/pico_cyw43_driver/cyw43_bus_pio_spi.c.obj
                0x0000000010013734                cyw43_read_bytes
 .text.cyw43_write_bytes
                0x00000000100137ac       0xec CMakeFiles/pico_webserver.dir/pico-sdk/src/rp2_common/pico_cyw43_driver/cyw43_bus_pio_spi.c.obj
                0x00000000100137ac                cyw43_write_bytes
 .text.cyw43_set_backplane_window
                0x0000000010013898       0x64 CMakeFiles/pico_webserver.dir/pico-sdk/lib/cyw43-driver/src/cyw43_ll.c.obj
 .text.cyw43_ll_parse_async_event
                0x00000000100138fc      0x13c CMakeFiles/pico_webserver.dir/pico-sdk/lib/cyw43-driver/src/cyw43_ll.c.obj
 .text.cyw43_kso_set
                0x0000000010013a38       0xa0 CMakeFiles/pico_webserver.dir/pico-sdk/lib/cyw43-driver/src/cyw43_ll.c.obj
 .text.cyw43_ll_sdpcm_poll_device
                0x0000000010013ad8      0x238 CMakeFiles/pico_webserver.dir/pico-sdk/lib/cyw43-driver/src/cyw43_ll.c.obj
 .text.cyw43_sdpcm_send_common
                0x0000000010013d10       0xf0 CMakeFiles/pico_webserver.dir/pico-sdk/lib/cyw43-driver/src/cyw43_ll.c.obj
 .text.cyw43_do_ioctl
                0x0000000010013e00      0x110 CMakeFiles/pico_webserver.dir/pico-sdk/lib/cyw43-driver/src/cyw43_ll.c.obj
 .text.cyw43_do_ioctl.constprop.0
                0x0000000010013f10      0x108 CMakeFiles/pico_webserver.dir/pico-sdk/lib/cyw43-driver/src/cyw43_ll.c.obj
 .text.cyw43_read_backplane.constprop.0
                0x0000000010014018       0xdc CMakeFiles/pico_webserver.dir/pico-sdk/lib/cyw43-driver/src/cyw43_ll.c.obj
 .text.reset_device_core.constprop.0
                0x00000000100140f4      0x3f0 CMakeFiles/pico_webserver.dir/pico-sdk/lib/cyw43-driver/src/cyw43_ll.c.obj
 .text.cyw43_ll_init
                0x00000000100144e4       0x1c CMakeFiles/pico_webserver.dir/pico-sdk/lib/cyw43-driver/src/cyw43_ll.c.obj
                0x00000000100144e4                cyw43_ll_init
 .text.cyw43_ll_deinit
                0x0000000010014500        0x8 CMakeFiles/pico_webserver.dir/pico-sdk/lib/cyw43-driver/src/cyw43_ll.c.obj
                0x0000000010014500                cyw43_ll_deinit
 .text.cyw43_ll_send_ethernet
                0x0000000010014508       0x60 CMakeFiles/pico_webserver.dir/pico-sdk/lib/cyw43-driver/src/cyw43_ll.c.obj
                0x0000000010014508                cyw43_ll_send_ethernet
 .text.cyw43_ll_process_packets
                0x0000000010014568       0x54 CMakeFiles/pico_webserver.dir/pico-sdk/lib/cyw43-driver/src/cyw43_ll.c.obj
                0x0000000010014568                cyw43_ll_process_packets
 .text.cyw43_ll_ioctl
                0x00000000100145bc       0x20 CMakeFiles/pico_webserver.dir/pico-sdk/lib/cyw43-driver/src/cyw43_ll.c.obj
                0x00000000100145bc                cyw43_ll_ioctl
 .text.cyw43_ll_bus_sleep
                0x00000000100145dc       0x34 CMakeFiles/pico_webserver.dir/pico-sdk/lib/cyw43-driver/src/cyw43_ll.c.obj
                0x00000000100145dc                cyw43_ll_bus_sleep
 .text.cyw43_ll_bus_init
                0x0000000010014610      0xbf0 CMakeFiles/pico_webserver.dir/pico-sdk/lib/cyw43-driver/src/cyw43_ll.c.obj
                0x0000000010014610                cyw43_ll_bus_init
 .text.cyw43_ll_wifi_on
                0x0000000010015200      0x240 CMakeFiles/pico_webserver.dir/pico-sdk/lib/cyw43-driver/src/cyw43_ll.c.obj
                0x0000000010015200                cyw43_ll_wifi_on
 .text.cyw43_ll_wifi_get_mac
                0x0000000010015440       0x44 CMakeFiles/pico_webserver.dir/pico-sdk/lib/cyw43-driver/src/cyw43_ll.c.obj
                0x0000000010015440                cyw43_ll_wifi_get_mac
 .text.cyw43_ll_wifi_pm
                0x0000000010015484      0x194 CMakeFiles/pico_webserver.dir/pico-sdk/lib/cyw43-driver/src/cyw43_ll.c.obj
                0x0000000010015484                cyw43_ll_wifi_pm
 .text.cyw43_ll_wifi_scan
                0x0000000010015618       0x68 CMakeFiles/pico_webserver.dir/pico-sdk/lib/cyw43-driver/src/cyw43_ll.c.obj
                0x0000000010015618                cyw43_ll_wifi_scan
 .text.cyw43_ll_wifi_set_wpa_auth
                0x0000000010015680       0x2c CMakeFiles/pico_webserver.dir/pico-sdk/lib/cyw43-driver/src/cyw43_ll.c.obj