Archive member included to satisfy reference by file (symbol)

liblwipcore.a(init.c.obj)     CMakeFiles/pico_webserver.dir/tusb_lwip_glue.c.obj (lwip_init)
liblwipcore.a(def.c.obj)      CMakeFiles/pico_webserver.dir/pico-sdk/lib/tinyusb/lib/networking/dnserver.c.obj (lwip_htons)
liblwipcore.a(mem.c.obj)      liblwipcore.a(init.c.obj) (mem_init)
liblwipcore.a(memp.c.obj)     liblwipcore.a(init.c.obj) (memp_init)
liblwipcore.a(netif.c.obj)    liblwipcore.a(init.c.obj) (netif_init)
liblwipcore.a(pbuf.c.obj)     CMakeFiles/pico_webserver.dir/tusb_lwip_glue.c.obj (pbuf_alloc)
liblwipcore.a(stats.c.obj)    liblwipcore.a(init.c.obj) (stats_init)
liblwipcore.a(tcp.c.obj)      liblwipcore.a(init.c.obj) (tcp_init)
liblwipcore.a(tcp_in.c.obj)   liblwipcore.a(tcp.c.obj) (tcp_trigger_input_pcb_close)
liblwipcore.a(tcp_out.c.obj)  liblwipcore.a(tcp.c.obj) (tcp_split_unsent_seg)
liblwipcore.a(timeouts.c.obj)
                              liblwipcore.a(tcp.c.obj) (tcp_timer_needed)
liblwipcore.a(udp.c.obj)      CMakeFiles/pico_webserver.dir/pico-sdk/lib/tinyusb/lib/networking/dhserver.c.obj (udp_init)
liblwipcore.a(etharp.c.obj)   liblwipcore.a(timeouts.c.obj) (etharp_tmr)
liblwipcore.a(ip4_frag.c.obj)
                              liblwipcore.a(timeouts.c.obj) (ip_reass_tmr)
liblwipcore.a(ip4.c.obj)      liblwipcore.a(tcp.c.obj) (ip4_route)
liblwipcore.a(ip4_addr.c.obj)
                              liblwipcore.a(tcp_in.c.obj) (ip4_addr_isbroadcast_u32)
liblwipcore.a(ethernet.c.obj)
                              liblwipcore.a(netif.c.obj) (ethernet_input)
liblwipcore.a(inet_chksum.c.obj)
                              liblwipcore.a(tcp_in.c.obj) (ip_chksum_pseudo)
liblwipcore.a(ip.c.obj)       liblwipcore.a(tcp_in.c.obj) (ip_data)
/usr/lib/gcc/arm-none-eabi/10.3.1/thumb/v6-m/nofp/libgcc.a(_dvmd_tls.o)
                              CMakeFiles/pico_webserver.dir/pico-sdk/src/rp2_common/pico_divider/divider.S.obj (__aeabi_idiv0)
/usr/lib/gcc/arm-none-eabi/10.3.1/../../../arm-none-eabi/lib/thumb/v6-m/nofp/libc.a(lib_a-atexit.o)
                              /usr/lib/gcc/arm-none-eabi/10.3.1/../../../arm-none-eabi/lib/thumb/v6-m/nofp/crt0.o (atexit)
/usr/lib/gcc/arm-none-eabi/10.3.1/../../../arm-none-eabi/lib/thumb/v6-m/nofp/libc.a(lib_a-atoi.o)
                              liblwipcore.a(netif.c.obj) (atoi)
/usr/lib/gcc/arm-none-eabi/10.3.1/../../../arm-none-eabi/lib/thumb/v6-m/nofp/libc.a(lib_a-calloc.o)
                              CMakeFiles/pico_webserver.dir/pico-sdk/src/rp2_common/pico_malloc/pico_malloc.c.obj (calloc)
/usr/lib/gcc/arm-none-eabi/10.3.1/../../../arm-none-eabi/lib/thumb/v6-m/nofp/libc.a(lib_a-callocr.o)
                              /usr/lib/gcc/arm-none-eabi/10.3.1/../../../arm-none-eabi/lib/thumb/v6-m/nofp/libc.a(lib_a-calloc.o) (_calloc_r)
/usr/lib/gcc/arm-none-eabi/10.3.1/../../../arm-none-eabi/lib/thumb/v6-m/nofp/libc.a(lib_a-ctype_.o)
                              liblwipcore.a(ip4_addr.c.obj) (_ctype_)
/usr/lib/gcc/arm-none-eabi/10.3.1/../../../arm-none-eabi/lib/thumb/v6-m/nofp/libc.a(lib_a-fini.o)
                              /usr/lib/gcc/arm-none-eabi/10.3.1/../../../arm-none-eabi/lib/thumb/v6-m/nofp/crt0.o (__libc_fini_array)
/usr/lib/gcc/arm-none-eabi/10.3.1/../../../arm-none-eabi/lib/thumb/v6-m/nofp/libc.a(lib_a-impure.o)
                              /usr/lib/gcc/arm-none-eabi/10.3.1/../../../arm-none-eabi/lib/thumb/v6-m/nofp/libc.a(lib_a-calloc.o) (_impure_ptr)
/usr/lib/gcc/arm-none-eabi/10.3.1/../../../arm-none-eabi/lib/thumb/v6-m/nofp/libc.a(lib_a-init.o)
                              /usr/lib/gcc/arm-none-eabi/10.3.1/../../../arm-none-eabi/lib/thumb/v6-m/nofp/crt0.o (__libc_init_array)
/usr/lib/gcc/arm-none-eabi/10.3.1/../../../arm-none-eabi/lib/thumb/v6-m/nofp/libc.a(lib_a-malloc.o)
                              CMakeFiles/pico_webserver.dir/pico-sdk/src/rp2_common/pico_malloc/pico_malloc.c.obj (malloc)
/usr/lib/gcc/arm-none-eabi/10.3.1/../../../arm-none-eabi/lib/thumb/v6-m/nofp/libc.a(lib_a-mallocr.o)
                              /usr/lib/gcc/arm-none-eabi/10.3.1/../../../arm-none-eabi/lib/thumb/v6-m/nofp/libc.a(lib_a-callocr.o) (_malloc_r)
/usr/lib/gcc/arm-none-eabi/10.3.1/../../../arm-none-eabi/lib/thumb/v6-m/nofp/libc.a(lib_a-memcmp.o)
                              CMakeFiles/pico_webserver.dir/pico-sdk/lib/tinyusb/lib/networking/dhserver.c.obj (memcmp)
/usr/lib/gcc/arm-none-eabi/10.3.1/../../../arm-none-eabi/lib/thumb/v6-m/nofp/libc.a(lib_a-memmove.o)
                              CMakeFiles/pico_webserver.dir/pico-sdk/lib/cyw43-driver/src/cyw43_ll.c.obj (memmove)
/usr/lib/gcc/arm-none-eabi/10.3.1/../../../arm-none-eabi/lib/thumb/v6-m/nofp/libc.a(lib_a-mlock.o)
                              /usr/lib/gcc/arm-none-eabi/10.3.1/../../../arm-none-eabi/lib/thumb/v6-m/nofp/libc.a(lib_a-mallocr.o) (__malloc_lock)
/usr/lib/gcc/arm-none-eabi/10.3.1/../../../arm-none-eabi/lib/thumb/v6-m/nofp/libc.a(lib_a-realloc.o)
[...]
Memory Configuration

Name             Origin             Length             Attributes
FLASH            0x0000000010000000 0x0000000000200000 xr
RAM              0x0000000020000000 0x0000000000040000 xrw
SCRATCH_X        0x0000000020040000 0x0000000000001000 xrw
SCRATCH_Y        0x0000000020041000 0x0000000000001000 xrw
*default*        0x0000000000000000 0xffffffffffffffff

Linker script and memory map

LOAD /usr/lib/gcc/arm-none-eabi/10.3.1/thumb/v6-m/nofp/crti.o
LOAD /usr/lib/gcc/arm-none-eabi/10.3.1/thumb/v6-m/nofp/crtbegin.o
LOAD /usr/lib/gcc/arm-none-eabi/10.3.1/../../../arm-none-eabi/lib/thumb/v6-m/nofp/crt0.o

.flash_begin    0x0000000010000000        0x0
                0x0000000010000000                __flash_binary_start = .

.boot2          0x0000000010000000      0x100
                0x0000000010000000                __boot2_start__ = .
 *(.boot2)
 .boot2         0x0000000010000000      0x100 /tmp/cclEhIKL.o
                0x0000000010000100                __boot2_end__ = .
                0x0000000000000001                ASSERT (((__boot2_end__ - __boot2_start__) == 0x100), ERROR: Pico second stage bootloader must be 256 bytes in size)

.text           0x0000000010000100    0x16ac0
                0x0000000010000100                __logical_binary_start = .
 *(.vectors)
 .vectors       0x0000000010000100       0xd4 CMakeFiles/pico_webserver.dir/pico-sdk/src/rp2_common/pico_standard_link/crt0.S.obj
                0x0000000010000100                __vectors
                0x0000000010000100                __VECTOR_TABLE
                0x00000000100001c0                isr_invalid
                0x00000000100001c0                __default_isrs_start
                0x00000000100001c2                isr_nmi
                0x00000000100001c4                isr_hardfault
                0x00000000100001c6                isr_svcall
                0x00000000100001c8                isr_pendsv
                0x00000000100001ca                isr_systick
                0x00000000100001cc                isr_irq30
                0x00000000100001cc                __unhandled_user_irq
                0x00000000100001cc                isr_irq13
                0x00000000100001cc                isr_irq27
                0x00000000100001cc                isr_irq31
                0x00000000100001cc                isr_irq5
                0x00000000100001cc                isr_irq11
                0x00000000100001cc                isr_irq23
                0x00000000100001cc                isr_irq18
                0x00000000100001cc                isr_irq28
                0x00000000100001cc                isr_irq19
                0x00000000100001cc                isr_irq0
                0x00000000100001cc                isr_irq6
                0x00000000100001cc                isr_irq22
                0x00000000100001cc                isr_irq17
                0x00000000100001cc                isr_irq14
                0x00000000100001cc                isr_irq2
                0x00000000100001cc                isr_irq10
                0x00000000100001cc                isr_irq8
                0x00000000100001cc                isr_irq24
                0x00000000100001cc                isr_irq1
                0x00000000100001cc                isr_irq7
                0x00000000100001cc                isr_irq21
                0x00000000100001cc                isr_irq20
                0x00000000100001cc                isr_irq15
                0x00000000100001cc                isr_irq25
                0x00000000100001cc                isr_irq4
                0x00000000100001cc                isr_irq16
                0x00000000100001cc                isr_irq29
                0x00000000100001cc                isr_irq26
                0x00000000100001cc                __default_isrs_end
                0x00000000100001cc                isr_irq3
                0x00000000100001cc                isr_irq12
                0x00000000100001cc                isr_irq9
                0x00000000100001d2                unhandled_user_irq_num_in_r0
 *(.binary_info_header)
 .binary_info_header
                0x00000000100001d4       0x14 CMakeFiles/pico_webserver.dir/pico-sdk/src/rp2_common/pico_standard_link/crt0.S.obj
                0x00000000100001e8                __binary_info_header_end = .
 *(.reset)
 .reset         0x00000000100001e8       0xa0 CMakeFiles/pico_webserver.dir/pico-sdk/src/rp2_common/pico_standard_link/crt0.S.obj
                0x00000000100001e8                _entry_point
 .reset         0x0000000010000288       0x30 CMakeFiles/pico_webserver.dir/pico-sdk/src/rp2_common/pico_standard_link/binary_info.c.obj
 *(.init)
 .init          0x00000000100002b8        0x4 /usr/lib/gcc/arm-none-eabi/10.3.1/thumb/v6-m/nofp/crti.o
                0x00000000100002b8                _init
 *(EXCLUDE_FILE(*libm.a: *libc.a:*lib_a-mem*.o *libgcc.a:) .text*)
 .text          0x00000000100002bc       0x98 /usr/lib/gcc/arm-none-eabi/10.3.1/thumb/v6-m/nofp/crtbegin.o
 .text.startup.main
                0x0000000010000354       0x7c CMakeFiles/pico_webserver.dir/webserver.c.obj
                0x0000000010000354                main
 .text.netif_init_cb
                0x00000000100003d0       0x30 CMakeFiles/pico_webserver.dir/tusb_lwip_glue.c.obj
 .text.output_fn
                0x0000000010000400        0x8 CMakeFiles/pico_webserver.dir/tusb_lwip_glue.c.obj
 .text.linkoutput_fn
                0x0000000010000408       0x3c CMakeFiles/pico_webserver.dir/tusb_lwip_glue.c.obj
 .text.init_lwip
                0x0000000010000444       0x8c CMakeFiles/pico_webserver.dir/tusb_lwip_glue.c.obj
                0x0000000010000444                init_lwip
 .text.tud_network_init_cb
                0x00000000100004d0       0x18 CMakeFiles/pico_webserver.dir/tusb_lwip_glue.c.obj
                0x00000000100004d0                tud_network_init_cb
 .text.tud_network_recv_cb
                0x00000000100004e8       0x3c CMakeFiles/pico_webserver.dir/tusb_lwip_glue.c.obj
                0x00000000100004e8                tud_network_recv_cb
 .text.tud_network_xmit_cb
                0x0000000010000524       0x14 CMakeFiles/pico_webserver.dir/tusb_lwip_glue.c.obj
                0x0000000010000524                tud_network_xmit_cb
 .text.service_traffic
                0x0000000010000538       0x3c CMakeFiles/pico_webserver.dir/tusb_lwip_glue.c.obj
                0x0000000010000538                service_traffic
 .text.wait_for_netif_is_up
                0x0000000010000574       0x14 CMakeFiles/pico_webserver.dir/tusb_lwip_glue.c.obj
                0x0000000010000574                wait_for_netif_is_up
 .text.sys_arch_protect
                0x0000000010000588        0x4 CMakeFiles/pico_webserver.dir/tusb_lwip_glue.c.obj
                0x0000000010000588                sys_arch_protect
 .text.sys_arch_unprotect
                0x000000001000058c        0x4 CMakeFiles/pico_webserver.dir/tusb_lwip_glue.c.obj
                0x000000001000058c                sys_arch_unprotect
 .text.sys_now  0x0000000010000590       0x20 CMakeFiles/pico_webserver.dir/tusb_lwip_glue.c.obj
                0x0000000010000590                sys_now
 .text.tud_descriptor_device_cb
                0x00000000100005b0        0x8 CMakeFiles/pico_webserver.dir/usb_descriptors.c.obj
                0x00000000100005b0                tud_descriptor_device_cb
 .text.tud_descriptor_configuration_cb
                0x00000000100005b8       0x14 CMakeFiles/pico_webserver.dir/usb_descriptors.c.obj
                0x00000000100005b8                tud_descriptor_configuration_cb
 .text.tud_descriptor_string_cb
                0x00000000100005cc       0xdc CMakeFiles/pico_webserver.dir/usb_descriptors.c.obj
                0x00000000100005cc                tud_descriptor_string_cb
 .text.rndis_class_set_handler
                0x00000000100006a8      0x2d4 CMakeFiles/pico_webserver.dir/pico-sdk/lib/tinyusb/lib/networking/rndis_reports.c.obj
                0x00000000100006a8                rndis_class_set_handler
 .text.cyw43_cb_tcpip_set_link_up
                0x000000001000097c       0x20 CMakeFiles/pico_webserver.dir/wifi_code.c.obj
                0x000000001000097c                cyw43_cb_tcpip_set_link_up
 .text.cyw43_cb_tcpip_set_link_down
                0x000000001000099c       0x20 CMakeFiles/pico_webserver.dir/wifi_code.c.obj
                0x000000001000099c                cyw43_cb_tcpip_set_link_down
 .text.cyw43_cb_process_ethernet
                0x00000000100009bc       0x64 CMakeFiles/pico_webserver.dir/wifi_code.c.obj
                0x00000000100009bc                cyw43_cb_process_ethernet
 .text.core1_entry
                0x0000000010000a20       0xa4 CMakeFiles/pico_webserver.dir/wifi_code.c.obj
                0x0000000010000a20                core1_entry
 .text.set_sys_clock_pll
                0x0000000010000ac4       0x78 CMakeFiles/pico_webserver.dir/pico-sdk/src/rp2_common/pico_stdlib/stdlib.c.obj
                0x0000000010000ac4                set_sys_clock_pll
 .text.check_sys_clock_khz
                0x0000000010000b3c      0x17c CMakeFiles/pico_webserver.dir/pico-sdk/src/rp2_common/pico_stdlib/stdlib.c.obj
                0x0000000010000b3c                check_sys_clock_khz
 .text.gpio_set_function
                0x0000000010000cb8       0x30 CMakeFiles/pico_webserver.dir/pico-sdk/src/rp2_common/hardware_gpio/gpio.c.obj
                0x0000000010000cb8                gpio_set_function
 .text.gpio_set_pulls
                0x0000000010000ce8       0x30 CMakeFiles/pico_webserver.dir/pico-sdk/src/rp2_common/hardware_gpio/gpio.c.obj
                0x0000000010000ce8                gpio_set_pulls
 .text.gpio_set_input_hysteresis_enabled
                0x0000000010000d18       0x28 CMakeFiles/pico_webserver.dir/pico-sdk/src/rp2_common/hardware_gpio/gpio.c.obj
                0x0000000010000d18                gpio_set_input_hysteresis_enabled
 .text.gpio_set_irq_enabled
                0x0000000010000d40       0x54 CMakeFiles/pico_webserver.dir/pico-sdk/src/rp2_common/hardware_gpio/gpio.c.obj
                0x0000000010000d40                gpio_set_irq_enabled
 .text.gpio_add_raw_irq_handler_with_order_priority_masked
                0x0000000010000d94       0x44 CMakeFiles/pico_webserver.dir/pico-sdk/src/rp2_common/hardware_gpio/gpio.c.obj
                0x0000000010000d94                gpio_add_raw_irq_handler_with_order_priority_masked
 .text.gpio_remove_raw_irq_handler_masked
                0x0000000010000dd8       0x20 CMakeFiles/pico_webserver.dir/pico-sdk/src/rp2_common/hardware_gpio/gpio.c.obj
                0x0000000010000dd8                gpio_remove_raw_irq_handler_masked
 .text.gpio_init
                0x0000000010000df8       0x3c CMakeFiles/pico_webserver.dir/pico-sdk/src/rp2_common/hardware_gpio/gpio.c.obj
                0x0000000010000df8                gpio_init
 .text.running_on_fpga
                0x0000000010000e34       0x10 CMakeFiles/pico_webserver.dir/pico-sdk/src/rp2_common/pico_platform/platform.c.obj
                0x0000000010000e34                running_on_fpga
 .text.hw_claim_lock
                0x0000000010000e44       0x18 CMakeFiles/pico_webserver.dir/pico-sdk/src/rp2_common/hardware_claim/claim.c.obj
                0x0000000010000e44                hw_claim_lock
 .text.hw_claim_unlock
                0x0000000010000e5c       0x14 CMakeFiles/pico_webserver.dir/pico-sdk/src/rp2_common/hardware_claim/claim.c.obj
                0x0000000010000e5c                hw_claim_unlock
 .text.hw_claim_or_assert
                0x0000000010000e70       0x44 CMakeFiles/pico_webserver.dir/pico-sdk/src/rp2_common/hardware_claim/claim.c.obj
                0x0000000010000e70                hw_claim_or_assert
 .text.hw_claim_unused_from_range
                0x0000000010000eb4       0x9c CMakeFiles/pico_webserver.dir/pico-sdk/src/rp2_common/hardware_claim/claim.c.obj
                0x0000000010000eb4                hw_claim_unused_from_range
 .text.hw_claim_clear
                0x0000000010000f50       0x38 CMakeFiles/pico_webserver.dir/pico-sdk/src/rp2_common/hardware_claim/claim.c.obj
                0x0000000010000f50                hw_claim_clear
 .text.spin_locks_reset
                0x0000000010000f88       0x1c CMakeFiles/pico_webserver.dir/pico-sdk/src/rp2_common/hardware_sync/sync.c.obj
                0x0000000010000f88                spin_locks_reset
 .text.next_striped_spin_lock_num
                0x0000000010000fa4       0x18 CMakeFiles/pico_webserver.dir/pico-sdk/src/rp2_common/hardware_sync/sync.c.obj
                0x0000000010000fa4                next_striped_spin_lock_num
 .text.spin_lock_claim_unused
                0x0000000010000fbc       0x20 CMakeFiles/pico_webserver.dir/pico-sdk/src/rp2_common/hardware_sync/sync.c.obj
                0x0000000010000fbc                spin_lock_claim_unused
 .text.irq_set_enabled
                0x0000000010000fdc       0x24 CMakeFiles/pico_webserver.dir/pico-sdk/src/rp2_common/hardware_irq/irq.c.obj
                0x0000000010000fdc                irq_set_enabled
 .text.irq_is_enabled
                0x0000000010001000       0x18 CMakeFiles/pico_webserver.dir/pico-sdk/src/rp2_common/hardware_irq/irq.c.obj
                0x0000000010001000                irq_is_enabled
 .text.irq_set_pending
                0x0000000010001018       0x10 CMakeFiles/pico_webserver.dir/pico-sdk/src/rp2_common/hardware_irq/irq.c.obj
                0x0000000010001018                irq_set_pending
 .text.irq_get_vtable_handler
                0x0000000010001028       0x10 CMakeFiles/pico_webserver.dir/pico-sdk/src/rp2_common/hardware_irq/irq.c.obj
                0x0000000010001028                irq_get_vtable_handler
 .text.irq_set_exclusive_handler
                0x0000000010001038       0x54 CMakeFiles/pico_webserver.dir/pico-sdk/src/rp2_common/hardware_irq/irq.c.obj
                0x0000000010001038                irq_set_exclusive_handler
 .text.irq_add_shared_handler
                0x000000001000108c      0x1e8 CMakeFiles/pico_webserver.dir/pico-sdk/src/rp2_common/hardware_irq/irq.c.obj
                0x000000001000108c                irq_add_shared_handler
 .text.irq_remove_handler
                0x0000000010001274      0x1b0 CMakeFiles/pico_webserver.dir/pico-sdk/src/rp2_common/hardware_irq/irq.c.obj
                0x0000000010001274                irq_remove_handler
 .text.irq_set_priority
                0x0000000010001424       0x28 CMakeFiles/pico_webserver.dir/pico-sdk/src/rp2_common/hardware_irq/irq.c.obj
                0x0000000010001424                irq_set_priority
 .text.irq_add_tail_to_free_list
                0x000000001000144c       0xb4 CMakeFiles/pico_webserver.dir/pico-sdk/src/rp2_common/hardware_irq/irq.c.obj
                0x000000001000144c                irq_add_tail_to_free_list
 .text.irq_init_priorities
                0x0000000010001500       0x24 CMakeFiles/pico_webserver.dir/pico-sdk/src/rp2_common/hardware_irq/irq.c.obj
                0x0000000010001500                irq_init_priorities
 .text.user_irq_unclaim
                0x0000000010001524       0x14 CMakeFiles/pico_webserver.dir/pico-sdk/src/rp2_common/hardware_irq/irq.c.obj
                0x0000000010001524                user_irq_unclaim
 .text.user_irq_claim_unused
                0x0000000010001538       0x28 CMakeFiles/pico_webserver.dir/pico-sdk/src/rp2_common/hardware_irq/irq.c.obj
                0x0000000010001538                user_irq_claim_unused
 .text.sem_init
                0x0000000010001560       0x20 CMakeFiles/pico_webserver.dir/pico-sdk/src/common/pico_sync/sem.c.obj
                0x0000000010001560                sem_init
 .text.lock_init
                0x0000000010001580       0x10 CMakeFiles/pico_webserver.dir/pico-sdk/src/common/pico_sync/lock_core.c.obj
                0x0000000010001580                lock_init
 .text.mutex_init
                0x0000000010001590       0x1c CMakeFiles/pico_webserver.dir/pico-sdk/src/common/pico_sync/mutex.c.obj
                0x0000000010001590                mutex_init
 .text.recursive_mutex_init
                0x00000000100015ac       0x1c CMakeFiles/pico_webserver.dir/pico-sdk/src/common/pico_sync/mutex.c.obj
                0x00000000100015ac                recursive_mutex_init
 .text.critical_section_init
                0x00000000100015c8       0x20 CMakeFiles/pico_webserver.dir/pico-sdk/src/common/pico_sync/critical_section.c.obj
                0x00000000100015c8                critical_section_init
 .text.timer_pool_entry_comparator
                0x00000000100015e8       0x34 CMakeFiles/pico_webserver.dir/pico-sdk/src/common/pico_time/time.c.obj
                0x00000000100015e8                timer_pool_entry_comparator
 .text.sleep_until_callback
                0x000000001000161c       0x30 CMakeFiles/pico_webserver.dir/pico-sdk/src/common/pico_time/time.c.obj
 .text.add_alarm_under_lock.isra.0
                0x000000001000164c      0x100 CMakeFiles/pico_webserver.dir/pico-sdk/src/common/pico_time/time.c.obj
 .text.alarm_pool_alarm_callback
                0x000000001000174c      0x1bc CMakeFiles/pico_webserver.dir/pico-sdk/src/common/pico_time/time.c.obj
 .text.alarm_pool_init_default
                0x0000000010001908       0x6c CMakeFiles/pico_webserver.dir/pico-sdk/src/common/pico_time/time.c.obj
                0x0000000010001908                alarm_pool_init_default
 .text.alarm_pool_get_default
                0x0000000010001974        0x8 CMakeFiles/pico_webserver.dir/pico-sdk/src/common/pico_time/time.c.obj
                0x0000000010001974                alarm_pool_get_default
 .text.alarm_pool_create_with_unused_hardware_alarm
                0x000000001000197c       0x74 CMakeFiles/pico_webserver.dir/pico-sdk/src/common/pico_time/time.c.obj
                0x000000001000197c                alarm_pool_create_with_unused_hardware_alarm
 .text.alarm_pool_destroy
                0x00000000100019f0       0x44 CMakeFiles/pico_webserver.dir/pico-sdk/src/common/pico_time/time.c.obj
                0x00000000100019f0                alarm_pool_destroy
 .text.alarm_pool_add_alarm_at
                0x0000000010001a34      0x178 CMakeFiles/pico_webserver.dir/pico-sdk/src/common/pico_time/time.c.obj
                0x0000000010001a34                alarm_pool_add_alarm_at
 .text.alarm_pool_add_alarm_at_force_in_context
                0x0000000010001bac      0x124 CMakeFiles/pico_webserver.dir/pico-sdk/src/common/pico_time/time.c.obj
                0x0000000010001bac                alarm_pool_add_alarm_at_force_in_context
 .text.alarm_pool_cancel_alarm
                0x0000000010001cd0       0x78 CMakeFiles/pico_webserver.dir/pico-sdk/src/common/pico_time/time.c.obj
                0x0000000010001cd0                alarm_pool_cancel_alarm
 .text.alarm_pool_core_num
                0x0000000010001d48        0x4 CMakeFiles/pico_webserver.dir/pico-sdk/src/common/pico_time/time.c.obj
                0x0000000010001d48                alarm_pool_core_num
 .text.sleep_until
                0x0000000010001d4c       0xc4 CMakeFiles/pico_webserver.dir/pico-sdk/src/common/pico_time/time.c.obj
                0x0000000010001d4c                sleep_until
 .text.sleep_ms
                0x0000000010001e10       0x34 CMakeFiles/pico_webserver.dir/pico-sdk/src/common/pico_time/time.c.obj
                0x0000000010001e10                sleep_ms
 .text.best_effort_wfe_or_timeout
                0x0000000010001e44       0xd4 CMakeFiles/pico_webserver.dir/pico-sdk/src/common/pico_time/time.c.obj
                0x0000000010001e44                best_effort_wfe_or_timeout
 .text.hardware_alarm_irq_handler
                0x0000000010001f18       0xbc CMakeFiles/pico_webserver.dir/pico-sdk/src/rp2_common/hardware_timer/timer.c.obj
 .text.hardware_alarm_claim
                0x0000000010001fd4       0x18 CMakeFiles/pico_webserver.dir/pico-sdk/src/rp2_common/hardware_timer/timer.c.obj
                0x0000000010001fd4                hardware_alarm_claim
 .text.hardware_alarm_unclaim
                0x0000000010001fec       0x10 CMakeFiles/pico_webserver.dir/pico-sdk/src/rp2_common/hardware_timer/timer.c.obj
                0x0000000010001fec                hardware_alarm_unclaim
 .text.hardware_alarm_claim_unused
                0x0000000010001ffc       0x20 CMakeFiles/pico_webserver.dir/pico-sdk/src/rp2_common/hardware_timer/timer.c.obj
                0x0000000010001ffc                hardware_alarm_claim_unused
 .text.time_us_64
                0x000000001000201c       0x14 CMakeFiles/pico_webserver.dir/pico-sdk/src/rp2_common/hardware_timer/timer.c.obj
                0x000000001000201c                time_us_64
 .text.busy_wait_until
                0x0000000010002030       0x20 CMakeFiles/pico_webserver.dir/pico-sdk/src/rp2_common/hardware_timer/timer.c.obj
                0x0000000010002030                busy_wait_until
 .text.hardware_alarm_set_callback
                0x0000000010002050       0x8c CMakeFiles/pico_webserver.dir/pico-sdk/src/rp2_common/hardware_timer/timer.c.obj
                0x0000000010002050                hardware_alarm_set_callback
 .text.hardware_alarm_set_target
                0x00000000100020dc       0xd4 CMakeFiles/pico_webserver.dir/pico-sdk/src/rp2_common/hardware_timer/timer.c.obj
                0x00000000100020dc                hardware_alarm_set_target
 .text.hardware_alarm_cancel
                0x00000000100021b0       0x3c CMakeFiles/pico_webserver.dir/pico-sdk/src/rp2_common/hardware_timer/timer.c.obj
                0x00000000100021b0                hardware_alarm_cancel
 .text.hardware_alarm_force_irq
                0x00000000100021ec       0x3c CMakeFiles/pico_webserver.dir/pico-sdk/src/rp2_common/hardware_timer/timer.c.obj
                0x00000000100021ec                hardware_alarm_force_irq
 .text.ph_merge_nodes
                0x0000000010002228       0x68 CMakeFiles/pico_webserver.dir/pico-sdk/src/common/pico_util/pheap.c.obj
 .text.ph_create
                0x0000000010002290       0x60 CMakeFiles/pico_webserver.dir/pico-sdk/src/common/pico_util/pheap.c.obj
                0x0000000010002290                ph_create
 .text.ph_post_alloc_init
                0x00000000100022f0       0x3c CMakeFiles/pico_webserver.dir/pico-sdk/src/common/pico_util/pheap.c.obj
                0x00000000100022f0                ph_post_alloc_init
 .text.ph_destroy
                0x000000001000232c       0x14 CMakeFiles/pico_webserver.dir/pico-sdk/src/common/pico_util/pheap.c.obj
                0x000000001000232c                ph_destroy
 .text.ph_merge_two_pass
                0x0000000010002340       0x90 CMakeFiles/pico_webserver.dir/pico-sdk/src/common/pico_util/pheap.c.obj
                0x0000000010002340                ph_merge_two_pass
 .text.ph_remove_any_head
                0x00000000100023d0      0x100 CMakeFiles/pico_webserver.dir/pico-sdk/src/common/pico_util/pheap.c.obj
 .text.ph_remove_head
                0x00000000100024d0      0x104 CMakeFiles/pico_webserver.dir/pico-sdk/src/common/pico_util/pheap.c.obj
                0x00000000100024d0                ph_remove_head
 .text.ph_remove_and_free_node
                0x00000000100025d4       0x7c CMakeFiles/pico_webserver.dir/pico-sdk/src/common/pico_util/pheap.c.obj
                0x00000000100025d4                ph_remove_and_free_node
 .text.clock_configure
                0x0000000010002650      0x118 CMakeFiles/pico_webserver.dir/pico-sdk/src/rp2_common/hardware_clocks/clocks.c.obj
                0x0000000010002650                clock_configure
 .text.clocks_init
                0x0000000010002768      0x2d0 CMakeFiles/pico_webserver.dir/pico-sdk/src/rp2_common/hardware_clocks/clocks.c.obj
                0x0000000010002768                clocks_init
 .text.clock_get_hz
                0x0000000010002a38        0xc CMakeFiles/pico_webserver.dir/pico-sdk/src/rp2_common/hardware_clocks/clocks.c.obj
                0x0000000010002a38                clock_get_hz
 .text.pll_init
                0x0000000010002a44       0xa0 CMakeFiles/pico_webserver.dir/pico-sdk/src/rp2_common/hardware_pll/pll.c.obj
                0x0000000010002a44                pll_init
 .text.watchdog_start_tick
                0x0000000010002ae4       0x10 CMakeFiles/pico_webserver.dir/pico-sdk/src/rp2_common/hardware_watchdog/watchdog.c.obj
                0x0000000010002ae4                watchdog_start_tick
 .text.xosc_init
                0x0000000010002af4       0x28 CMakeFiles/pico_webserver.dir/pico-sdk/src/rp2_common/hardware_xosc/xosc.c.obj
                0x0000000010002af4                xosc_init
 .text.runtime_init
                0x0000000010002b1c       0xf0 CMakeFiles/pico_webserver.dir/pico-sdk/src/rp2_common/pico_runtime/runtime.c.obj
                0x0000000010002b1c                runtime_init
 .text._exit    0x0000000010002c0c       0x14 CMakeFiles/pico_webserver.dir/pico-sdk/src/rp2_common/pico_runtime/runtime.c.obj
                0x0000000010002c0c                _exit
 .text._sbrk    0x0000000010002c20       0x34 CMakeFiles/pico_webserver.dir/pico-sdk/src/rp2_common/pico_runtime/runtime.c.obj
                0x0000000010002c20                _sbrk
 .text.exit     0x0000000010002c54        0x8 CMakeFiles/pico_webserver.dir/pico-sdk/src/rp2_common/pico_runtime/runtime.c.obj
                0x0000000010002c54                exit
 .text.panic    0x0000000010002c5c       0x30 CMakeFiles/pico_webserver.dir/pico-sdk/src/rp2_common/pico_runtime/runtime.c.obj
                0x0000000010002c5c                panic
 .text.hard_assertion_failure
                0x0000000010002c8c        0xc CMakeFiles/pico_webserver.dir/pico-sdk/src/rp2_common/pico_runtime/runtime.c.obj
                0x0000000010002c8c                hard_assertion_failure
 .text._out_null
                0x0000000010002c98        0x4 CMakeFiles/pico_webserver.dir/pico-sdk/src/rp2_common/pico_printf/printf.c.obj
 .text._out_rev
                0x0000000010002c9c       0x9c CMakeFiles/pico_webserver.dir/pico-sdk/src/rp2_common/pico_printf/printf.c.obj
 .text._ntoa_format
                0x0000000010002d38      0x1cc CMakeFiles/pico_webserver.dir/pico-sdk/src/rp2_common/pico_printf/printf.c.obj
 .text._out_char
                0x0000000010002f04       0x10 CMakeFiles/pico_webserver.dir/pico-sdk/src/rp2_common/pico_printf/printf.c.obj
 .text._out_fct
                0x0000000010002f14       0x10 CMakeFiles/pico_webserver.dir/pico-sdk/src/rp2_common/pico_printf/printf.c.obj
 .text._etoa    0x0000000010002f24      0x44c CMakeFiles/pico_webserver.dir/pico-sdk/src/rp2_common/pico_printf/printf.c.obj
 .text._ftoa    0x0000000010003370      0x398 CMakeFiles/pico_webserver.dir/pico-sdk/src/rp2_common/pico_printf/printf.c.obj
 .text._vsnprintf
                0x0000000010003708      0xb04 CMakeFiles/pico_webserver.dir/pico-sdk/src/rp2_common/pico_printf/printf.c.obj
 .text.vfctprintf
                0x000000001000420c       0x20 CMakeFiles/pico_webserver.dir/pico-sdk/src/rp2_common/pico_printf/printf.c.obj
                0x000000001000420c                vfctprintf
 .text.weak_raw_vprintf
                0x000000001000422c       0x30 CMakeFiles/pico_webserver.dir/pico-sdk/src/rp2_common/pico_printf/printf.c.obj
                0x000000001000422c                weak_raw_vprintf
 .text          0x000000001000425c       0x10 CMakeFiles/pico_webserver.dir/pico-sdk/src/rp2_common/pico_bit_ops/bit_ops_aeabi.S.obj
 .text.ctzsi    0x000000001000426c        0xc CMakeFiles/pico_webserver.dir/pico-sdk/src/rp2_common/pico_bit_ops/bit_ops_aeabi.S.obj
                0x000000001000426c                __wrap___ctzsi2
 .text.rom_func_lookup
                0x0000000010004278       0x10 CMakeFiles/pico_webserver.dir/pico-sdk/src/rp2_common/pico_bootrom/bootrom.c.obj
                0x0000000010004278                rom_func_lookup
 .text.rom_data_lookup
                0x0000000010004288       0x10 CMakeFiles/pico_webserver.dir/pico-sdk/src/rp2_common/pico_bootrom/bootrom.c.obj
                0x0000000010004288                rom_data_lookup
 .text.rom_funcs_lookup
                0x0000000010004298       0x44 CMakeFiles/pico_webserver.dir/pico-sdk/src/rp2_common/pico_bootrom/bootrom.c.obj
                0x0000000010004298                rom_funcs_lookup
 .text.__wrap___aeabi_idiv
                0x00000000100042dc       0x50 CMakeFiles/pico_webserver.dir/pico-sdk/src/rp2_common/pico_divider/divider.S.obj
                0x00000000100042dc                __wrap___aeabi_idivmod
                0x00000000100042dc                divmod_s32s32
                0x00000000100042dc                div_s32s32
                0x00000000100042dc                __wrap___aeabi_idiv
                0x00000000100042e4                divmod_s32s32_unsafe
                0x0000000010004310                divmod_s32s32_savestate
 .text.__wrap___aeabi_uidiv
                0x000000001000432c       0x4c CMakeFiles/pico_webserver.dir/pico-sdk/src/rp2_common/pico_divider/divider.S.obj
                0x000000001000432c                __wrap___aeabi_uidiv
                0x000000001000432c                __wrap___aeabi_uidivmod
                0x000000001000432c                div_u32u32
                0x000000001000432c                divmod_u32u32
                0x0000000010004334                divmod_u32u32_unsafe
                0x000000001000435c                divmod_u32u32_savestate
 .text.__wrap___aeabi_ldiv
                0x0000000010004378      0x424 CMakeFiles/pico_webserver.dir/pico-sdk/src/rp2_common/pico_divider/divider.S.obj
                0x0000000010004378                div_s64s64
                0x0000000010004378                divmod_s64s64
                0x0000000010004378                __wrap___aeabi_ldivmod
                0x00000000100043a8                div_u64u64
                0x00000000100043a8                divmod_u64u64
                0x00000000100043a8                __wrap___aeabi_uldivmod
                0x00000000100043b8                divmod_u64u64_savestate
                0x00000000100043d8                divmod_s64s64_unsafe
                0x0000000010004460                divmod_u64u64_unsafe
 .text.__wrap___aeabi_darithmetic
                0x000000001000479c       0x60 CMakeFiles/pico_webserver.dir/pico-sdk/src/rp2_common/pico_double/double_aeabi.S.obj
                0x000000001000479c                __wrap___aeabi_drsub
                0x00000000100047a2                __wrap___aeabi_dsub
                0x00000000100047ac                __wrap___aeabi_dadd
                0x00000000100047b6                __wrap___aeabi_ddiv
                0x00000000100047ea                __wrap___aeabi_dmul
 .text.__wrap___aeabi_cdcmple
                0x00000000100047fc       0x6c CMakeFiles/pico_webserver.dir/pico-sdk/src/rp2_common/pico_double/double_aeabi.S.obj
                0x00000000100047fc                __wrap___aeabi_cdrcmple
                0x000000001000480c                __wrap___aeabi_cdcmple
                0x000000001000480c                __wrap___aeabi_cdcmpeq
 .text.__wrap___aeabi_dcmplt
                0x0000000010004868        0xc CMakeFiles/pico_webserver.dir/pico-sdk/src/rp2_common/pico_double/double_aeabi.S.obj
                0x0000000010004868                __wrap___aeabi_dcmplt
 .text.__wrap___aeabi_dcmple
                0x0000000010004874       0x10 CMakeFiles/pico_webserver.dir/pico-sdk/src/rp2_common/pico_double/double_aeabi.S.obj
                0x0000000010004874                __wrap___aeabi_dcmple
 .text.__wrap___aeabi_dcmpge
                0x0000000010004884       0x10 CMakeFiles/pico_webserver.dir/pico-sdk/src/rp2_common/pico_double/double_aeabi.S.obj
                0x0000000010004884                __wrap___aeabi_dcmpge
 .text.__wrap___aeabi_dcmpgt
                0x0000000010004894        0xa CMakeFiles/pico_webserver.dir/pico-sdk/src/rp2_common/pico_double/double_aeabi.S.obj
                0x0000000010004894                __wrap___aeabi_dcmpgt
 .text.__wrap___aeabi_dcmpun
                0x000000001000489e       0x1c CMakeFiles/pico_webserver.dir/pico-sdk/src/rp2_common/pico_double/double_aeabi.S.obj
                0x000000001000489e                __wrap___aeabi_dcmpun
 *fill*         0x00000000100048ba        0x2 
 .text.__wrap___aeabi_i2d
                0x00000000100048bc       0x38 CMakeFiles/pico_webserver.dir/pico-sdk/src/rp2_common/pico_double/double_aeabi.S.obj
                0x00000000100048bc                __wrap___aeabi_ui2d
                0x00000000100048c4                __wrap___aeabi_i2d
 .text.__wrap___aeabi_d2iz
                0x00000000100048f4       0x48 CMakeFiles/pico_webserver.dir/pico-sdk/src/rp2_common/pico_double/double_aeabi.S.obj
                0x00000000100048f4                __wrap___aeabi_d2iz
                0x00000000100048f4                double2int_z
 .text.__wrap___aeabi_d2uiz
                0x000000001000493c       0x10 CMakeFiles/pico_webserver.dir/pico-sdk/src/rp2_common/pico_double/double_aeabi.S.obj
                0x000000001000493c                double2uint
                0x000000001000493c                __wrap___aeabi_d2uiz
 .text.missing_double_func_shim
                0x000000001000494c        0xc CMakeFiles/pico_webserver.dir/pico-sdk/src/rp2_common/pico_double/double_init_rom.c.obj
 .text.__aeabi_double_init
                0x0000000010004958       0x98 CMakeFiles/pico_webserver.dir/pico-sdk/src/rp2_common/pico_double/double_init_rom.c.obj
                0x0000000010004958                __aeabi_double_init
 .text.double_table_shim_on_use_helper
                0x00000000100049f0       0x2c CMakeFiles/pico_webserver.dir/pico-sdk/src/rp2_common/pico_double/double_v1_rom_shim.S.obj
                0x00000000100049f0                double_table_shim_on_use_helper
 .text.__aeabi_lmul
                0x0000000010004a1c       0x32 CMakeFiles/pico_webserver.dir/pico-sdk/src/rp2_common/pico_int64_ops/pico_int64_ops_aeabi.S.obj
                0x0000000010004a1c                __wrap___aeabi_lmul
 *fill*         0x0000000010004a4e        0x2 
 .text.missing_float_func_shim
                0x0000000010004a50        0xc CMakeFiles/pico_webserver.dir/pico-sdk/src/rp2_common/pico_float/float_init_rom.c.obj
 .text.__aeabi_float_init
                0x0000000010004a5c       0x5c CMakeFiles/pico_webserver.dir/pico-sdk/src/rp2_common/pico_float/float_init_rom.c.obj
                0x0000000010004a5c                __aeabi_float_init
 .text.__wrap_malloc
                0x0000000010004ab8       0x3c CMakeFiles/pico_webserver.dir/pico-sdk/src/rp2_common/pico_malloc/pico_malloc.c.obj
                0x0000000010004ab8                __wrap_malloc
 .text.__wrap_calloc
                0x0000000010004af4       0x40 CMakeFiles/pico_webserver.dir/pico-sdk/src/rp2_common/pico_malloc/pico_malloc.c.obj
                0x0000000010004af4                __wrap_calloc
 .text.__wrap_free
                0x0000000010004b34       0x20 CMakeFiles/pico_webserver.dir/pico-sdk/src/rp2_common/pico_malloc/pico_malloc.c.obj
                0x0000000010004b34                __wrap_free
 .text          0x0000000010004b54       0x10 CMakeFiles/pico_webserver.dir/pico-sdk/src/rp2_common/pico_mem_ops/mem_ops_aeabi.S.obj
                0x0000000010004b54                __aeabi_mem_init
 .text.memset   0x0000000010004b64        0xc CMakeFiles/pico_webserver.dir/pico-sdk/src/rp2_common/pico_mem_ops/mem_ops_aeabi.S.obj
                0x0000000010004b64                __wrap_memset
 .text.memcpy   0x0000000010004b70        0xc CMakeFiles/pico_webserver.dir/pico-sdk/src/rp2_common/pico_mem_ops/mem_ops_aeabi.S.obj
                0x0000000010004b70                __wrap___aeabi_memcpy
                0x0000000010004b70                __wrap_memcpy
 .text.stdio_out_chars_no_crlf
                0x0000000010004b7c       0x10 CMakeFiles/pico_webserver.dir/pico-sdk/src/rp2_common/pico_stdio/stdio.c.obj
 .text.stdio_out_chars_crlf
                0x0000000010004b8c       0xb4 CMakeFiles/pico_webserver.dir/pico-sdk/src/rp2_common/pico_stdio/stdio.c.obj
 .text.stdio_buffered_printer
                0x0000000010004c40       0x64 CMakeFiles/pico_webserver.dir/pico-sdk/src/rp2_common/pico_stdio/stdio.c.obj
 .text.stdio_put_string.isra.0
                0x0000000010004ca4       0xfc CMakeFiles/pico_webserver.dir/pico-sdk/src/rp2_common/pico_stdio/stdio.c.obj
 .text.__wrap_putchar
                0x0000000010004da0       0x98 CMakeFiles/pico_webserver.dir/pico-sdk/src/rp2_common/pico_stdio/stdio.c.obj
                0x0000000010004da0                __wrap_putchar
 .text.__wrap_puts
                0x0000000010004e38       0x3c CMakeFiles/pico_webserver.dir/pico-sdk/src/rp2_common/pico_stdio/stdio.c.obj
                0x0000000010004e38                __wrap_puts
 .text.__wrap_vprintf
                0x0000000010004e74       0xd8 CMakeFiles/pico_webserver.dir/pico-sdk/src/rp2_common/pico_stdio/stdio.c.obj
                0x0000000010004e74                __wrap_vprintf
 .text.__wrap_printf
                0x0000000010004f4c       0x18 CMakeFiles/pico_webserver.dir/pico-sdk/src/rp2_common/pico_stdio/stdio.c.obj
                0x0000000010004f4c                __wrap_printf
 .text.startup._retrieve_unique_id_on_boot
                0x0000000010004f64       0x10 CMakeFiles/pico_webserver.dir/pico-sdk/src/rp2_common/pico_unique_id/unique_id.c.obj
 .text.pico_get_unique_board_id
                0x0000000010004f74       0x10 CMakeFiles/pico_webserver.dir/pico-sdk/src/rp2_common/pico_unique_id/unique_id.c.obj
                0x0000000010004f74                pico_get_unique_board_id
 .text.flash_get_unique_id
                0x0000000010004f84       0x40 CMakeFiles/pico_webserver.dir/pico-sdk/src/rp2_common/hardware_flash/flash.c.obj
                0x0000000010004f84                flash_get_unique_id
 .text.dcd_int_enable
                0x0000000010004fc4        0xc CMakeFiles/pico_webserver.dir/pico-sdk/lib/tinyusb/src/portable/raspberrypi/rp2040/dcd_rp2040.c.obj
                0x0000000010004fc4                dcd_int_enable
 .text.dcd_set_address
                0x0000000010004fd0       0x14 CMakeFiles/pico_webserver.dir/pico-sdk/lib/tinyusb/src/portable/raspberrypi/rp2040/dcd_rp2040.c.obj
                0x0000000010004fd0                dcd_set_address
 .text.dcd_connect
                0x0000000010004fe4       0x10 CMakeFiles/pico_webserver.dir/pico-sdk/lib/tinyusb/src/portable/raspberrypi/rp2040/dcd_rp2040.c.obj
                0x0000000010004fe4                dcd_connect
 .text.dcd_init
                0x0000000010004ff4       0x98 CMakeFiles/pico_webserver.dir/pico-sdk/lib/tinyusb/src/portable/raspberrypi/rp2040/dcd_rp2040.c.obj
                0x0000000010004ff4                dcd_init
 .text.dcd_edpt0_status_complete
                0x000000001000508c       0x1c CMakeFiles/pico_webserver.dir/pico-sdk/lib/tinyusb/src/portable/raspberrypi/rp2040/dcd_rp2040.c.obj
                0x000000001000508c                dcd_edpt0_status_complete
 .text.dcd_edpt_open
                0x00000000100050a8      0x108 CMakeFiles/pico_webserver.dir/pico-sdk/lib/tinyusb/src/portable/raspberrypi/rp2040/dcd_rp2040.c.obj
                0x00000000100050a8                dcd_edpt_open
 .text.dcd_edpt_close_all
                0x00000000100051b0        0x8 CMakeFiles/pico_webserver.dir/pico-sdk/lib/tinyusb/src/portable/raspberrypi/rp2040/dcd_rp2040.c.obj
                0x00000000100051b0                dcd_edpt_close_all
 .text.dcd_edpt_xfer
                0x00000000100051b8       0x24 CMakeFiles/pico_webserver.dir/pico-sdk/lib/tinyusb/src/portable/raspberrypi/rp2040/dcd_rp2040.c.obj
                0x00000000100051b8                dcd_edpt_xfer
 .text.dcd_edpt_stall
                0x00000000100051dc       0x38 CMakeFiles/pico_webserver.dir/pico-sdk/lib/tinyusb/src/portable/raspberrypi/rp2040/dcd_rp2040.c.obj
                0x00000000100051dc                dcd_edpt_stall
 .text.dcd_edpt_clear_stall
                0x0000000010005214       0x30 CMakeFiles/pico_webserver.dir/pico-sdk/lib/tinyusb/src/portable/raspberrypi/rp2040/dcd_rp2040.c.obj
                0x0000000010005214                dcd_edpt_clear_stall
 .text.rp2040_usb_init
                0x0000000010005244       0x4c CMakeFiles/pico_webserver.dir/pico-sdk/lib/tinyusb/src/portable/raspberrypi/rp2040/rp2040_usb.c.obj
                0x0000000010005244                rp2040_usb_init
 .text.hw_endpoint_xfer_start
                0x0000000010005290       0x50 CMakeFiles/pico_webserver.dir/pico-sdk/lib/tinyusb/src/portable/raspberrypi/rp2040/rp2040_usb.c.obj
                0x0000000010005290                hw_endpoint_xfer_start
 .text.tud_mounted
                0x00000000100052e0       0x10 CMakeFiles/pico_webserver.dir/pico-sdk/lib/tinyusb/src/device/usbd.c.obj
                0x00000000100052e0                tud_mounted
 .text.tud_suspended
                0x00000000100052f0       0x10 CMakeFiles/pico_webserver.dir/pico-sdk/lib/tinyusb/src/device/usbd.c.obj
                0x00000000100052f0                tud_suspended
 .text.tud_init
                0x0000000010005300       0xe0 CMakeFiles/pico_webserver.dir/pico-sdk/lib/tinyusb/src/device/usbd.c.obj
                0x0000000010005300                tud_init
 .text.tud_task_ext
                0x00000000100053e0      0x7ec CMakeFiles/pico_webserver.dir/pico-sdk/lib/tinyusb/src/device/usbd.c.obj
                0x00000000100053e0                tud_task_ext
 .text.usbd_open_edpt_pair
                0x0000000010005bcc       0x9c CMakeFiles/pico_webserver.dir/pico-sdk/lib/tinyusb/src/device/usbd.c.obj
                0x0000000010005bcc                usbd_open_edpt_pair
 .text.usbd_edpt_open
                0x0000000010005c68       0x34 CMakeFiles/pico_webserver.dir/pico-sdk/lib/tinyusb/src/device/usbd.c.obj
                0x0000000010005c68                usbd_edpt_open
 .text.usbd_edpt_xfer
                0x0000000010005c9c       0x4c CMakeFiles/pico_webserver.dir/pico-sdk/lib/tinyusb/src/device/usbd.c.obj
                0x0000000010005c9c                usbd_edpt_xfer
 .text.usbd_edpt_busy
                0x0000000010005ce8       0x1c CMakeFiles/pico_webserver.dir/pico-sdk/lib/tinyusb/src/device/usbd.c.obj
                0x0000000010005ce8                usbd_edpt_busy
 .text.tud_control_status
                0x0000000010005d04       0x30 CMakeFiles/pico_webserver.dir/pico-sdk/lib/tinyusb/src/device/usbd_control.c.obj
                0x0000000010005d04                tud_control_status
 .text.tud_control_xfer
                0x0000000010005d34       0xbc CMakeFiles/pico_webserver.dir/pico-sdk/lib/tinyusb/src/device/usbd_control.c.obj
                0x0000000010005d34                tud_control_xfer
 .text.usbd_control_reset
                0x0000000010005df0       0x14 CMakeFiles/pico_webserver.dir/pico-sdk/lib/tinyusb/src/device/usbd_control.c.obj
                0x0000000010005df0                usbd_control_reset
 .text.usbd_control_set_complete_callback
                0x0000000010005e04        0xc CMakeFiles/pico_webserver.dir/pico-sdk/lib/tinyusb/src/device/usbd_control.c.obj
                0x0000000010005e04                usbd_control_set_complete_callback
 .text.usbd_control_set_request
                0x0000000010005e10       0x1c CMakeFiles/pico_webserver.dir/pico-sdk/lib/tinyusb/src/device/usbd_control.c.obj
                0x0000000010005e10                usbd_control_set_request
 .text.usbd_control_xfer_cb
                0x0000000010005e2c       0xfc CMakeFiles/pico_webserver.dir/pico-sdk/lib/tinyusb/src/device/usbd_control.c.obj
                0x0000000010005e2c                usbd_control_xfer_cb
 .text.tud_network_recv_renew
                0x0000000010005f28       0x20 CMakeFiles/pico_webserver.dir/pico-sdk/lib/tinyusb/src/class/net/ecm_rndis_device.c.obj
                0x0000000010005f28                tud_network_recv_renew
 .text.netd_report
                0x0000000010005f48       0x24 CMakeFiles/pico_webserver.dir/pico-sdk/lib/tinyusb/src/class/net/ecm_rndis_device.c.obj
                0x0000000010005f48                netd_report
 .text.netd_init
                0x0000000010005f6c       0x14 CMakeFiles/pico_webserver.dir/pico-sdk/lib/tinyusb/src/class/net/ecm_rndis_device.c.obj
                0x0000000010005f6c                netd_init
 .text.netd_reset
                0x0000000010005f80       0x14 CMakeFiles/pico_webserver.dir/pico-sdk/lib/tinyusb/src/class/net/ecm_rndis_device.c.obj
                0x0000000010005f80                netd_reset
 .text.netd_open
                0x0000000010005f94      0x11c CMakeFiles/pico_webserver.dir/pico-sdk/lib/tinyusb/src/class/net/ecm_rndis_device.c.obj
                0x0000000010005f94                netd_open
 .text.netd_control_xfer_cb
                0x00000000100060b0      0x174 CMakeFiles/pico_webserver.dir/pico-sdk/lib/tinyusb/src/class/net/ecm_rndis_device.c.obj
                0x00000000100060b0                netd_control_xfer_cb
 .text.netd_xfer_cb
                0x0000000010006224       0xec CMakeFiles/pico_webserver.dir/pico-sdk/lib/tinyusb/src/class/net/ecm_rndis_device.c.obj
                0x0000000010006224                netd_xfer_cb
 .text.tud_network_can_xmit
                0x0000000010006310        0xc CMakeFiles/pico_webserver.dir/pico-sdk/lib/tinyusb/src/class/net/ecm_rndis_device.c.obj
                0x0000000010006310                tud_network_can_xmit
 .text.tud_network_xmit
                0x000000001000631c       0x98 CMakeFiles/pico_webserver.dir/pico-sdk/lib/tinyusb/src/class/net/ecm_rndis_device.c.obj
                0x000000001000631c                tud_network_xmit
 .text.tusb_init
                0x00000000100063b4        0xc CMakeFiles/pico_webserver.dir/pico-sdk/lib/tinyusb/src/tusb.c.obj
                0x00000000100063b4                tusb_init
 .text.tu_edpt_validate
                0x00000000100063c0       0x78 CMakeFiles/pico_webserver.dir/pico-sdk/lib/tinyusb/src/tusb.c.obj
                0x00000000100063c0                tu_edpt_validate
 .text.tu_edpt_bind_driver
                0x0000000010006438       0x34 CMakeFiles/pico_webserver.dir/pico-sdk/lib/tinyusb/src/tusb.c.obj
                0x0000000010006438                tu_edpt_bind_driver
 .text.tu_fifo_read
                0x000000001000646c       0xa0 CMakeFiles/pico_webserver.dir/pico-sdk/lib/tinyusb/src/common/tusb_fifo.c.obj
                0x000000001000646c                tu_fifo_read
 .text.tu_fifo_write
                0x000000001000650c       0x88 CMakeFiles/pico_webserver.dir/pico-sdk/lib/tinyusb/src/common/tusb_fifo.c.obj
                0x000000001000650c                tu_fifo_write
 .text.tu_fifo_clear
                0x0000000010006594       0x40 CMakeFiles/pico_webserver.dir/pico-sdk/lib/tinyusb/src/common/tusb_fifo.c.obj
                0x0000000010006594                tu_fifo_clear
 .text.cyw43_arch_set_async_context
                0x00000000100065d4        0xc CMakeFiles/pico_webserver.dir/pico-sdk/src/rp2_common/pico_cyw43_arch/cyw43_arch.c.obj
                0x00000000100065d4                cyw43_arch_set_async_context
 .text.cyw43_arch_enable_sta_mode
                0x00000000100065e0       0x1c CMakeFiles/pico_webserver.dir/pico-sdk/src/rp2_common/pico_cyw43_arch/cyw43_arch.c.obj
                0x00000000100065e0                cyw43_arch_enable_sta_mode
 .text.cyw43_arch_wifi_connect_async
                0x00000000100065fc       0x48 CMakeFiles/pico_webserver.dir/pico-sdk/src/rp2_common/pico_cyw43_arch/cyw43_arch.c.obj
                0x00000000100065fc                cyw43_arch_wifi_connect_async
 .text.cyw43_arch_init_with_country
                0x0000000010006644       0x10 CMakeFiles/pico_webserver.dir/pico-sdk/src/rp2_common/pico_cyw43_arch/cyw43_arch.c.obj
                0x0000000010006644                cyw43_arch_init_with_country
 .text.cyw43_arch_gpio_put
                0x0000000010006654       0x14 CMakeFiles/pico_webserver.dir/pico-sdk/src/rp2_common/pico_cyw43_arch/cyw43_arch.c.obj
                0x0000000010006654                cyw43_arch_gpio_put
 .text.cyw43_arch_async_context
                0x0000000010006668        0xc CMakeFiles/pico_webserver.dir/pico-sdk/src/rp2_common/pico_cyw43_arch/cyw43_arch.c.obj
                0x0000000010006668                cyw43_arch_async_context
 .text.cyw43_arch_init
                0x0000000010006674       0x6c CMakeFiles/pico_webserver.dir/pico-sdk/src/rp2_common/pico_cyw43_arch/cyw43_arch_threadsafe_background.c.obj
                0x0000000010006674                cyw43_arch_init
 .text.ns_delay.constprop.0
                0x00000000100066e0       0x20 CMakeFiles/pico_webserver.dir/pico-sdk/src/rp2_common/pico_cyw43_driver/cyw43_bus_pio_spi.c.obj
 .text.cyw43_spi_deinit
                0x0000000010006700       0x7c CMakeFiles/pico_webserver.dir/pico-sdk/src/rp2_common/pico_cyw43_driver/cyw43_bus_pio_spi.c.obj
                0x0000000010006700                cyw43_spi_deinit
 .text.cyw43_spi_init
                0x000000001000677c      0x154 CMakeFiles/pico_webserver.dir/pico-sdk/src/rp2_common/pico_cyw43_driver/cyw43_bus_pio_spi.c.obj
                0x000000001000677c                cyw43_spi_init
 .text.cyw43_spi_transfer
                0x00000000100068d0      0x430 CMakeFiles/pico_webserver.dir/pico-sdk/src/rp2_common/pico_cyw43_driver/cyw43_bus_pio_spi.c.obj
                0x00000000100068d0                cyw43_spi_transfer
 .text.cyw43_spi_gpio_setup
                0x0000000010006d00       0x3c CMakeFiles/pico_webserver.dir/pico-sdk/src/rp2_common/pico_cyw43_driver/cyw43_bus_pio_spi.c.obj
                0x0000000010006d00                cyw43_spi_gpio_setup
 .text.cyw43_spi_reset
                0x0000000010006d3c       0x28 CMakeFiles/pico_webserver.dir/pico-sdk/src/rp2_common/pico_cyw43_driver/cyw43_bus_pio_spi.c.obj
                0x0000000010006d3c                cyw43_spi_reset
 .text.read_reg_u32_swap
                0x0000000010006d64       0x3c CMakeFiles/pico_webserver.dir/pico-sdk/src/rp2_common/pico_cyw43_driver/cyw43_bus_pio_spi.c.obj
                0x0000000010006d64                read_reg_u32_swap
 .text.cyw43_read_reg_u32
                0x0000000010006da0       0x6c CMakeFiles/pico_webserver.dir/pico-sdk/src/rp2_common/pico_cyw43_driver/cyw43_bus_pio_spi.c.obj
                0x0000000010006da0                cyw43_read_reg_u32
 .text.cyw43_read_reg_u16
                0x0000000010006e0c       0x6c CMakeFiles/pico_webserver.dir/pico-sdk/src/rp2_common/pico_cyw43_driver/cyw43_bus_pio_spi.c.obj
                0x0000000010006e0c                cyw43_read_reg_u16
 .text.cyw43_read_reg_u8
                0x0000000010006e78       0x6c CMakeFiles/pico_webserver.dir/pico-sdk/src/rp2_common/pico_cyw43_driver/cyw43_bus_pio_spi.c.obj
                0x0000000010006e78                cyw43_read_reg_u8
 .text.write_reg_u32_swap
                0x0000000010006ee4      0x1e0 CMakeFiles/pico_webserver.dir/pico-sdk/src/rp2_common/pico_cyw43_driver/cyw43_bus_pio_spi.c.obj
                0x0000000010006ee4                write_reg_u32_swap
 .text.cyw43_write_reg_u32
                0x00000000100070c4      0x200 CMakeFiles/pico_webserver.dir/pico-sdk/src/rp2_common/pico_cyw43_driver/cyw43_bus_pio_spi.c.obj
                0x00000000100070c4                cyw43_write_reg_u32
 .text.cyw43_write_reg_u16
                0x00000000100072c4      0x200 CMakeFiles/pico_webserver.dir/pico-sdk/src/rp2_common/pico_cyw43_driver/cyw43_bus_pio_spi.c.obj
                0x00000000100072c4                cyw43_write_reg_u16
 .text.cyw43_write_reg_u8
                0x00000000100074c4      0x200 CMakeFiles/pico_webserver.dir/pico-sdk/src/rp2_common/pico_cyw43_driver/cyw43_bus_pio_spi.c.obj
                0x00000000100074c4                cyw43_write_reg_u8
 .text.cyw43_read_bytes
                0x00000000100076c4       0x78 CMakeFiles/pico_webserver.dir/pico-sdk/src/rp2_common/pico_cyw43_driver/cyw43_bus_pio_spi.c.obj
                0x00000000100076c4                cyw43_read_bytes
 .text.cyw43_write_bytes
                0x000000001000773c       0xec CMakeFiles/pico_webserver.dir/pico-sdk/src/rp2_common/pico_cyw43_driver/cyw43_bus_pio_spi.c.obj
                0x000000001000773c                cyw43_write_bytes
 .text.cyw43_set_backplane_window
                0x0000000010007828       0x64 CMakeFiles/pico_webserver.dir/pico-sdk/lib/cyw43-driver/src/cyw43_ll.c.obj
 .text.cyw43_ll_parse_async_event
                0x000000001000788c      0x13c CMakeFiles/pico_webserver.dir/pico-sdk/lib/cyw43-driver/src/cyw43_ll.c.obj
 .text.cyw43_kso_set
                0x00000000100079c8       0xa0 CMakeFiles/pico_webserver.dir/pico-sdk/lib/cyw43-driver/src/cyw43_ll.c.obj
 .text.cyw43_ll_sdpcm_poll_device
                0x0000000010007a68      0x238 CMakeFiles/pico_webserver.dir/pico-sdk/lib/cyw43-driver/src/cyw43_ll.c.obj
 .text.cyw43_sdpcm_send_common
                0x0000000010007ca0       0xf8 CMakeFiles/pico_webserver.dir/pico-sdk/lib/cyw43-driver/src/cyw43_ll.c.obj
 .text.cyw43_do_ioctl.part.0
                0x0000000010007d98       0xc4 CMakeFiles/pico_webserver.dir/pico-sdk/lib/cyw43-driver/src/cyw43_ll.c.obj
 .text.cyw43_download_resource
                0x0000000010007e5c       0xd0 CMakeFiles/pico_webserver.dir/pico-sdk/lib/cyw43-driver/src/cyw43_ll.c.obj
 .text.cyw43_write_iovar_u32
                0x0000000010007f2c       0xa4 CMakeFiles/pico_webserver.dir/pico-sdk/lib/cyw43-driver/src/cyw43_ll.c.obj
 .text.cyw43_write_iovar_u32_u32.constprop.0
                0x0000000010007fd0       0xb0 CMakeFiles/pico_webserver.dir/pico-sdk/lib/cyw43-driver/src/cyw43_ll.c.obj
 .text.cyw43_read_backplane.constprop.0
                0x0000000010008080       0xdc CMakeFiles/pico_webserver.dir/pico-sdk/lib/cyw43-driver/src/cyw43_ll.c.obj
 .text.cyw43_write_backplane
                0x000000001000815c      0x104 CMakeFiles/pico_webserver.dir/pico-sdk/lib/cyw43-driver/src/cyw43_ll.c.obj
 .text.reset_device_core.constprop.0
                0x0000000010008260      0x3f0 CMakeFiles/pico_webserver.dir/pico-sdk/lib/cyw43-driver/src/cyw43_ll.c.obj
 .text.cyw43_ll_init
                0x0000000010008650       0x1c CMakeFiles/pico_webserver.dir/pico-sdk/lib/cyw43-driver/src/cyw43_ll.c.obj
                0x0000000010008650                cyw43_ll_init
 .text.cyw43_ll_deinit
                0x000000001000866c        0x8 CMakeFiles/pico_webserver.dir/pico-sdk/lib/cyw43-driver/src/cyw43_ll.c.obj
                0x000000001000866c                cyw43_ll_deinit
 .text.cyw43_ll_send_ethernet
                0x0000000010008674       0x60 CMakeFiles/pico_webserver.dir/pico-sdk/lib/cyw43-driver/src/cyw43_ll.c.obj
                0x0000000010008674                cyw43_ll_send_ethernet
 .text.cyw43_ll_process_packets
                0x00000000100086d4       0x54 CMakeFiles/pico_webserver.dir/pico-sdk/lib/cyw43-driver/src/cyw43_ll.c.obj
                0x00000000100086d4                cyw43_ll_process_packets
 .text.cyw43_ll_ioctl
                0x0000000010008728       0x80 CMakeFiles/pico_webserver.dir/pico-sdk/lib/cyw43-driver/src/cyw43_ll.c.obj
                0x0000000010008728                cyw43_ll_ioctl
 .text.cyw43_ll_bus_sleep
                0x00000000100087a8       0x34 CMakeFiles/pico_webserver.dir/pico-sdk/lib/cyw43-driver/src/cyw43_ll.c.obj
                0x00000000100087a8                cyw43_ll_bus_sleep
 .text.cyw43_ll_wifi_on
                0x00000000100087dc      0x220 CMakeFiles/pico_webserver.dir/pico-sdk/lib/cyw43-driver/src/cyw43_ll.c.obj
                0x00000000100087dc                cyw43_ll_wifi_on
 .text.cyw43_ll_wifi_get_mac
                0x00000000100089fc       0x74 CMakeFiles/pico_webserver.dir/pico-sdk/lib/cyw43-driver/src/cyw43_ll.c.obj
                0x00000000100089fc                cyw43_ll_wifi_get_mac
 .text.cyw43_ll_bus_init
                0x0000000010008a70      0x950 CMakeFiles/pico_webserver.dir/pico-sdk/lib/cyw43-driver/src/cyw43_ll.c.obj
                0x0000000010008a70                cyw43_ll_bus_init
 .text.cyw43_ll_wifi_pm
                0x00000000100093c0      0x138 CMakeFiles/pico_webserver.dir/pico-sdk/lib/cyw43-driver/src/cyw43_ll.c.obj
                0x00000000100093c0                cyw43_ll_wifi_pm
 .text.cyw43_ll_wifi_join
                0x00000000100094f8      0x3ec CMakeFiles/pico_webserver.dir/pico-sdk/lib/cyw43-driver/src/cyw43_ll.c.obj
                0x00000000100094f8                cyw43_ll_wifi_join
 .text.cyw43_ll_wifi_set_wpa_auth
                0x00000000100098e4       0x4c CMakeFiles/pico_webserver.dir/pico-sdk/lib/cyw43-driver/src/cyw43_ll.c.obj
                0x00000000100098e4                cyw43_ll_wifi_set_wpa_auth
 .text.cyw43_ll_wifi_rejoin
                0x0000000010009930       0x58 CMakeFiles/pico_webserver.dir/pico-sdk/lib/cyw43-driver/src/cyw43_ll.c.obj
                0x0000000010009930                cyw43_ll_wifi_rejoin
 .text.cyw43_ll_wifi_ap_init
                0x0000000010009988      0x2e8 CMakeFiles/pico_webserver.dir/pico-sdk/lib/cyw43-driver/src/cyw43_ll.c.obj
                0x0000000010009988                cyw43_ll_wifi_ap_init
 .text.cyw43_ll_wifi_ap_set_up
                0x0000000010009c70       0x80 CMakeFiles/pico_webserver.dir/pico-sdk/lib/cyw43-driver/src/cyw43_ll.c.obj
                0x0000000010009c70                cyw43_ll_wifi_ap_set_up
 .text.cyw43_ll_gpio_set
                0x0000000010009cf0       0x9c CMakeFiles/pico_webserver.dir/pico-sdk/lib/cyw43-driver/src/cyw43_ll.c.obj
                0x0000000010009cf0                cyw43_ll_gpio_set
 .text.cyw43_ll_has_work
                0x0000000010009d8c       0x14 CMakeFiles/pico_webserver.dir/pico-sdk/lib/cyw43-driver/src/cyw43_ll.c.obj
                0x0000000010009d8c                cyw43_ll_has_work
 .text.cyw43_poll_func
                0x0000000010009da0       0xc0 CMakeFiles/pico_webserver.dir/pico-sdk/lib/cyw43-driver/src/cyw43_ctrl.c.obj
 .text.cyw43_init
                0x0000000010009e60       0x6c CMakeFiles/pico_webserver.dir/pico-sdk/lib/cyw43-driver/src/cyw43_ctrl.c.obj
                0x0000000010009e60                cyw43_init
 .text.cyw43_deinit
                0x0000000010009ecc       0x90 CMakeFiles/pico_webserver.dir/pico-sdk/lib/cyw43-driver/src/cyw43_ctrl.c.obj
                0x0000000010009ecc                cyw43_deinit
 .text.cyw43_cb_read_host_interrupt_pin
                0x0000000010009f5c        0xc CMakeFiles/pico_webserver.dir/pico-sdk/lib/cyw43-driver/src/cyw43_ctrl.c.obj
                0x0000000010009f5c                cyw43_cb_read_host_interrupt_pin
 .text.cyw43_cb_ensure_awake
                0x0000000010009f68        0xc CMakeFiles/pico_webserver.dir/pico-sdk/lib/cyw43-driver/src/cyw43_ctrl.c.obj
                0x0000000010009f68                cyw43_cb_ensure_awake
 .text.cyw43_cb_process_async_event
                0x0000000010009f74      0x228 CMakeFiles/pico_webserver.dir/pico-sdk/lib/cyw43-driver/src/cyw43_ctrl.c.obj
                0x0000000010009f74                cyw43_cb_process_async_event
 .text.cyw43_send_ethernet
                0x000000001000a19c       0xc0 CMakeFiles/pico_webserver.dir/pico-sdk/lib/cyw43-driver/src/cyw43_ctrl.c.obj
                0x000000001000a19c                cyw43_send_ethernet
 .text.cyw43_wifi_pm
                0x000000001000a25c       0xb4 CMakeFiles/pico_webserver.dir/pico-sdk/lib/cyw43-driver/src/cyw43_ctrl.c.obj
                0x000000001000a25c                cyw43_wifi_pm
 .text.cyw43_wifi_set_up
                0x000000001000a310      0x308 CMakeFiles/pico_webserver.dir/pico-sdk/lib/cyw43-driver/src/cyw43_ctrl.c.obj
                0x000000001000a310                cyw43_wifi_set_up
 .text.cyw43_wifi_join
                0x000000001000a618       0xf4 CMakeFiles/pico_webserver.dir/pico-sdk/lib/cyw43-driver/src/cyw43_ctrl.c.obj
                0x000000001000a618                cyw43_wifi_join
 .text.cyw43_gpio_set
                0x000000001000a70c       0xa0 CMakeFiles/pico_webserver.dir/pico-sdk/lib/cyw43-driver/src/cyw43_ctrl.c.obj
                0x000000001000a70c                cyw43_gpio_set
 .text.pio_sm_unclaim
                0x000000001000a7ac       0x20 CMakeFiles/pico_webserver.dir/pico-sdk/src/rp2_common/hardware_pio/pio.c.obj
                0x000000001000a7ac                pio_sm_unclaim
 .text.pio_claim_unused_sm
                0x000000001000a7cc       0x3c CMakeFiles/pico_webserver.dir/pico-sdk/src/rp2_common/hardware_pio/pio.c.obj
                0x000000001000a7cc                pio_claim_unused_sm
 .text.pio_can_add_program
                0x000000001000a808       0x68 CMakeFiles/pico_webserver.dir/pico-sdk/src/rp2_common/hardware_pio/pio.c.obj
                0x000000001000a808                pio_can_add_program
 .text.pio_add_program
                0x000000001000a870       0xc8 CMakeFiles/pico_webserver.dir/pico-sdk/src/rp2_common/hardware_pio/pio.c.obj
                0x000000001000a870                pio_add_program
 .text.pio_remove_program
                0x000000001000a938       0x34 CMakeFiles/pico_webserver.dir/pico-sdk/src/rp2_common/hardware_pio/pio.c.obj
                0x000000001000a938                pio_remove_program
 .text.pio_sm_set_pindirs_with_mask
                0x000000001000a96c       0xa4 CMakeFiles/pico_webserver.dir/pico-sdk/src/rp2_common/hardware_pio/pio.c.obj
                0x000000001000a96c                pio_sm_set_pindirs_with_mask
 .text.pio_sm_set_consecutive_pindirs
                0x000000001000aa10       0xb0 CMakeFiles/pico_webserver.dir/pico-sdk/src/rp2_common/hardware_pio/pio.c.obj
                0x000000001000aa10                pio_sm_set_consecutive_pindirs
 .text.dma_channel_unclaim
                0x000000001000aac0       0x10 CMakeFiles/pico_webserver.dir/pico-sdk/src/rp2_common/hardware_dma/dma.c.obj
                0x000000001000aac0                dma_channel_unclaim
 .text.dma_claim_unused_channel
                0x000000001000aad0       0x20 CMakeFiles/pico_webserver.dir/pico-sdk/src/rp2_common/hardware_dma/dma.c.obj
                0x000000001000aad0                dma_claim_unused_channel
 .text.dma_channel_cleanup
                0x000000001000aaf0       0x60 CMakeFiles/pico_webserver.dir/pico-sdk/src/rp2_common/hardware_dma/dma.c.obj
                0x000000001000aaf0                dma_channel_cleanup
 .text.cyw43_sleep_timeout_reached
                0x000000001000ab50       0x10 CMakeFiles/pico_webserver.dir/pico-sdk/src/rp2_common/pico_cyw43_driver/cyw43_driver.c.obj
 .text.cyw43_irq_init
                0x000000001000ab60       0x28 CMakeFiles/pico_webserver.dir/pico-sdk/src/rp2_common/pico_cyw43_driver/cyw43_driver.c.obj
                0x000000001000ab60                cyw43_irq_init
 .text.cyw43_irq_deinit
                0x000000001000ab88       0x20 CMakeFiles/pico_webserver.dir/pico-sdk/src/rp2_common/pico_cyw43_driver/cyw43_driver.c.obj
                0x000000001000ab88                cyw43_irq_deinit
 .text.cyw43_gpio_irq_handler
                0x000000001000aba8       0x44 CMakeFiles/pico_webserver.dir/pico-sdk/src/rp2_common/pico_cyw43_driver/cyw43_driver.c.obj
 .text.cyw43_do_poll
                0x000000001000abec       0x6c CMakeFiles/pico_webserver.dir/pico-sdk/src/rp2_common/pico_cyw43_driver/cyw43_driver.c.obj
 .text.cyw43_post_poll_hook
                0x000000001000ac58       0x10 CMakeFiles/pico_webserver.dir/pico-sdk/src/rp2_common/pico_cyw43_driver/cyw43_driver.c.obj
                0x000000001000ac58                cyw43_post_poll_hook
 .text.cyw43_schedule_internal_poll_dispatch
                0x000000001000ac68       0x18 CMakeFiles/pico_webserver.dir/pico-sdk/src/rp2_common/pico_cyw43_driver/cyw43_driver.c.obj
                0x000000001000ac68                cyw43_schedule_internal_poll_dispatch
 .text.cyw43_driver_init
                0x000000001000ac80       0x38 CMakeFiles/pico_webserver.dir/pico-sdk/src/rp2_common/pico_cyw43_driver/cyw43_driver.c.obj
                0x000000001000ac80                cyw43_driver_init
 .text.cyw43_driver_deinit
                0x000000001000acb8       0x44 CMakeFiles/pico_webserver.dir/pico-sdk/src/rp2_common/pico_cyw43_driver/cyw43_driver.c.obj
                0x000000001000acb8                cyw43_driver_deinit
 .text.cyw43_hal_generate_laa_mac
                0x000000001000acfc       0x28 CMakeFiles/pico_webserver.dir/pico-sdk/src/rp2_common/pico_cyw43_driver/cyw43_driver.c.obj
                0x000000001000acfc                cyw43_hal_generate_laa_mac
 .text.cyw43_hal_get_mac
                0x000000001000ad24       0x1c CMakeFiles/pico_webserver.dir/pico-sdk/src/rp2_common/pico_cyw43_driver/cyw43_driver.c.obj
                0x000000001000ad24                cyw43_hal_get_mac
 .text.cyw43_thread_enter
                0x000000001000ad40       0x14 CMakeFiles/pico_webserver.dir/pico-sdk/src/rp2_common/pico_cyw43_driver/cyw43_driver.c.obj
                0x000000001000ad40                cyw43_thread_enter
 .text.cyw43_thread_exit
                0x000000001000ad54       0x14 CMakeFiles/pico_webserver.dir/pico-sdk/src/rp2_common/pico_cyw43_driver/cyw43_driver.c.obj
                0x000000001000ad54                cyw43_thread_exit
 .text.cyw43_await_background_or_timeout_us
                0x000000001000ad68       0x34 CMakeFiles/pico_webserver.dir/pico-sdk/src/rp2_common/pico_cyw43_driver/cyw43_driver.c.obj
                0x000000001000ad68                cyw43_await_background_or_timeout_us
 .text.cyw43_delay_ms
                0x000000001000ad9c       0x44 CMakeFiles/pico_webserver.dir/pico-sdk/src/rp2_common/pico_cyw43_driver/cyw43_driver.c.obj
                0x000000001000ad9c                cyw43_delay_ms
 .text.cyw43_delay_us
                0x000000001000ade0       0x34 CMakeFiles/pico_webserver.dir/pico-sdk/src/rp2_common/pico_cyw43_driver/cyw43_driver.c.obj
                0x000000001000ade0                cyw43_delay_us
 .text.cyw43_cb_tcpip_init
                0x000000001000ae14        0x4 CMakeFiles/pico_webserver.dir/pico-sdk/src/rp2_common/pico_cyw43_driver/cyw43_driver.c.obj
                0x000000001000ae14                cyw43_cb_tcpip_init
 .text.cyw43_cb_tcpip_deinit
                0x000000001000ae18        0x4 CMakeFiles/pico_webserver.dir/pico-sdk/src/rp2_common/pico_cyw43_driver/cyw43_driver.c.obj
                0x000000001000ae18                cyw43_cb_tcpip_deinit
 .text.handle_sync_func_call
                0x000000001000ae1c       0x24 CMakeFiles/pico_webserver.dir/pico-sdk/src/rp2_common/pico_async_context/async_context_threadsafe_background.c.obj
 .text.async_context_threadsafe_background_acquire_lock_blocking
                0x000000001000ae40        0xc CMakeFiles/pico_webserver.dir/pico-sdk/src/rp2_common/pico_async_context/async_context_threadsafe_background.c.obj
 .text.process_under_lock
                0x000000001000ae4c       0xc8 CMakeFiles/pico_webserver.dir/pico-sdk/src/rp2_common/pico_async_context/async_context_threadsafe_background.c.obj
 .text.async_context_threadsafe_background_deinit
                0x000000001000af14       0x64 CMakeFiles/pico_webserver.dir/pico-sdk/src/rp2_common/pico_async_context/async_context_threadsafe_background.c.obj
 .text.low_priority_irq_handler
                0x000000001000af78       0x3c CMakeFiles/pico_webserver.dir/pico-sdk/src/rp2_common/pico_async_context/async_context_threadsafe_background.c.obj
 .text.async_context_threadsafe_background_wait_for_work_until
                0x000000001000afb4        0xc CMakeFiles/pico_webserver.dir/pico-sdk/src/rp2_common/pico_async_context/async_context_threadsafe_background.c.obj
 .text.async_context_threadsafe_background_wait_until
                0x000000001000afc0       0x1c CMakeFiles/pico_webserver.dir/pico-sdk/src/rp2_common/pico_async_context/async_context_threadsafe_background.c.obj
 .text.async_context_threadsafe_background_lock_check
                0x000000001000afdc       0x28 CMakeFiles/pico_webserver.dir/pico-sdk/src/rp2_common/pico_async_context/async_context_threadsafe_background.c.obj
 .text.async_context_threadsafe_background_execute_sync
                0x000000001000b004       0xe4 CMakeFiles/pico_webserver.dir/pico-sdk/src/rp2_common/pico_async_context/async_context_threadsafe_background.c.obj
                0x000000001000b004                async_context_threadsafe_background_execute_sync
 .text.async_context_threadsafe_background_set_work_pending
                0x000000001000b0e8       0x50 CMakeFiles/pico_webserver.dir/pico-sdk/src/rp2_common/pico_async_context/async_context_threadsafe_background.c.obj
 .text.alarm_handler
                0x000000001000b138       0x58 CMakeFiles/pico_webserver.dir/pico-sdk/src/rp2_common/pico_async_context/async_context_threadsafe_background.c.obj
 .text.async_context_threadsafe_background_release_lock
                0x000000001000b190       0x7c CMakeFiles/pico_webserver.dir/pico-sdk/src/rp2_common/pico_async_context/async_context_threadsafe_background.c.obj
 .text.async_context_threadsafe_background_when_pending_worker
                0x000000001000b20c       0x90 CMakeFiles/pico_webserver.dir/pico-sdk/src/rp2_common/pico_async_context/async_context_threadsafe_background.c.obj
 .text.async_context_threadsafe_background_remove_at_time_worker
                0x000000001000b29c       0x90 CMakeFiles/pico_webserver.dir/pico-sdk/src/rp2_common/pico_async_context/async_context_threadsafe_background.c.obj
 .text.async_context_threadsafe_background_add_when_pending_worker
                0x000000001000b32c       0x90 CMakeFiles/pico_webserver.dir/pico-sdk/src/rp2_common/pico_async_context/async_context_threadsafe_background.c.obj
 .text.async_context_threadsafe_background_add_at_time_worker
                0x000000001000b3bc       0x90 CMakeFiles/pico_webserver.dir/pico-sdk/src/rp2_common/pico_async_context/async_context_threadsafe_background.c.obj
 .text.async_context_threadsafe_background_default_config
                0x000000001000b44c        0xc CMakeFiles/pico_webserver.dir/pico-sdk/src/rp2_common/pico_async_context/async_context_threadsafe_background.c.obj
                0x000000001000b44c                async_context_threadsafe_background_default_config
 .text.async_context_threadsafe_background_init
                0x000000001000b458       0xa4 CMakeFiles/pico_webserver.dir/pico-sdk/src/rp2_common/pico_async_context/async_context_threadsafe_background.c.obj
                0x000000001000b458                async_context_threadsafe_background_init
 .text.async_context_base_add_at_time_worker
                0x000000001000b4fc       0x28 CMakeFiles/pico_webserver.dir/pico-sdk/src/rp2_common/pico_async_context/async_context_base.c.obj
                0x000000001000b4fc                async_context_base_add_at_time_worker
 .text.async_context_base_remove_at_time_worker
                0x000000001000b524       0x28 CMakeFiles/pico_webserver.dir/pico-sdk/src/rp2_common/pico_async_context/async_context_base.c.obj
                0x000000001000b524                async_context_base_remove_at_time_worker
 .text.async_context_base_add_when_pending_worker
                0x000000001000b54c       0x24 CMakeFiles/pico_webserver.dir/pico-sdk/src/rp2_common/pico_async_context/async_context_base.c.obj
                0x000000001000b54c                async_context_base_add_when_pending_worker
 .text.async_context_base_remove_when_pending_worker
                0x000000001000b570       0x28 CMakeFiles/pico_webserver.dir/pico-sdk/src/rp2_common/pico_async_context/async_context_base.c.obj
                0x000000001000b570                async_context_base_remove_when_pending_worker
 .text.async_context_base_execute_once
                0x000000001000b598       0xe8 CMakeFiles/pico_webserver.dir/pico-sdk/src/rp2_common/pico_async_context/async_context_base.c.obj
                0x000000001000b598                async_context_base_execute_once
 .text.async_context_base_needs_servicing
                0x000000001000b680       0x54 CMakeFiles/pico_webserver.dir/pico-sdk/src/rp2_common/pico_async_context/async_context_base.c.obj
                0x000000001000b680                async_context_base_needs_servicing
 .text.core1_trampoline
                0x000000001000b6d4        0x4 CMakeFiles/pico_webserver.dir/pico-sdk/src/rp2_common/pico_multicore/multicore.c.obj
 .text.core1_wrapper
                0x000000001000b6d8        0xc CMakeFiles/pico_webserver.dir/pico-sdk/src/rp2_common/pico_multicore/multicore.c.obj
                0x000000001000b6d8                core1_wrapper
 .text.multicore_launch_core1_raw
                0x000000001000b6e4       0x84 CMakeFiles/pico_webserver.dir/pico-sdk/src/rp2_common/pico_multicore/multicore.c.obj
                0x000000001000b6e4                multicore_launch_core1_raw
 .text.multicore_launch_core1
                0x000000001000b768       0x4c CMakeFiles/pico_webserver.dir/pico-sdk/src/rp2_common/pico_multicore/multicore.c.obj
                0x000000001000b768                multicore_launch_core1
 .text          0x000000001000b7b4       0x20 liblwipcore.a(init.c.obj)
                0x000000001000b7b4                lwip_init
 .text          0x000000001000b7d4      0x1e0 liblwipcore.a(def.c.obj)
                0x000000001000b7d4                lwip_htons
                0x000000001000b7dc                lwip_htonl
                0x000000001000b7e0                lwip_strnstr
                0x000000001000b83c                lwip_strnistr
                0x000000001000b8c4                lwip_stricmp
                0x000000001000b8f8                lwip_strnicmp
                0x000000001000b934                lwip_itoa
 .text          0x000000001000b9b4      0x3f0 liblwipcore.a(mem.c.obj)
                0x000000001000b9b4                mem_init
                0x000000001000b9f4                mem_free
                0x000000001000bb0c                mem_trim
                0x000000001000bc44                mem_malloc
                0x000000001000bd7c                mem_calloc
 .text          0x000000001000bda4      0x1a8 liblwipcore.a(memp.c.obj)
                0x000000001000bda4                memp_init_pool
                0x000000001000bdd8                memp_init
                0x000000001000be68                memp_malloc_pool
                0x000000001000bea8                memp_malloc
                0x000000001000bef4                memp_free_pool
                0x000000001000bf1c                memp_free
 .text          0x000000001000bf4c      0x490 liblwipcore.a(netif.c.obj)
                0x000000001000bf54                netif_init
                0x000000001000bf58                netif_input
                0x000000001000bf70                netif_set_ipaddr
                0x000000001000bfcc                netif_set_netmask
                0x000000001000bfe8                netif_set_gw
                0x000000001000c004                netif_set_addr
                0x000000001000c0d0                netif_add
                0x000000001000c180                netif_add_noaddr
                0x000000001000c198                netif_remove
                0x000000001000c210                netif_set_default
                0x000000001000c21c                netif_set_up
                0x000000001000c254                netif_set_down
                0x000000001000c278                netif_set_link_up
                0x000000001000c2b0                netif_set_link_down
                0x000000001000c2c4                netif_name_to_index
                0x000000001000c318                netif_index_to_name
                0x000000001000c360                netif_get_by_index
                0x000000001000c38c                netif_find
 .text          0x000000001000c3dc      0xc68 liblwipcore.a(pbuf.c.obj)
                0x000000001000c3dc                pbuf_free_ooseq
                0x000000001000c410                pbuf_alloc
                0x000000001000c580                pbuf_alloc_reference
                0x000000001000c5a8                pbuf_realloc
                0x000000001000c664                pbuf_add_header
                0x000000001000c6b0                pbuf_add_header_force
                0x000000001000c6fc                pbuf_remove_header
                0x000000001000c734                pbuf_header
                0x000000001000c7a0                pbuf_header_force
                0x000000001000c80c                pbuf_free_header
                0x000000001000c8bc                pbuf_free
                0x000000001000c920                pbuf_clen
                0x000000001000c934                pbuf_ref
                0x000000001000c94c                pbuf_cat
                0x000000001000c978                pbuf_chain
                0x000000001000c9bc                pbuf_dechain
                0x000000001000ca48                pbuf_copy_partial_pbuf
                0x000000001000cb64                pbuf_copy
                0x000000001000cb7c                pbuf_copy_partial
                0x000000001000cbec                pbuf_get_contiguous
                0x000000001000cc94                pbuf_skip
                0x000000001000ccb8                pbuf_take
                0x000000001000cd0c                pbuf_take_at
                0x000000001000cda8                pbuf_coalesce
                0x000000001000ce60                pbuf_clone
                0x000000001000ce80                pbuf_get_at
                0x000000001000cea0                pbuf_try_get_at
                0x000000001000cec8                pbuf_put_at
                0x000000001000cee4                pbuf_memcmp
                0x000000001000cf58                pbuf_memfind
                0x000000001000d004                pbuf_strstr
 .text          0x000000001000d044        0x4 liblwipcore.a(stats.c.obj)
                0x000000001000d044                stats_init
 .text          0x000000001000d048     0x18e8 liblwipcore.a(tcp.c.obj)
                0x000000001000d158                tcp_init
                0x000000001000d15c                tcp_free
                0x000000001000d168                tcp_bind
                0x000000001000d260                tcp_bind_netif
                0x000000001000d274                tcp_listen_with_backlog
                0x000000001000d2f8                tcp_listen_with_backlog_and_err
                0x000000001000d398                tcp_update_rcv_ann_wnd
                0x000000001000d3d4                tcp_recved
                0x000000001000d44c                tcp_connect
                0x000000001000d5e0                tcp_slowtmr
                0x000000001000d9e4                tcp_txnow
                0x000000001000da10                tcp_segs_free
                0x000000001000da48                tcp_seg_free
                0x000000001000da64                tcp_setprio
                0x000000001000da6c                tcp_seg_copy
                0x000000001000da8c                tcp_arg
                0x000000001000da94                tcp_recv
                0x000000001000daa0                tcp_sent
                0x000000001000daac                tcp_err
                0x000000001000dab8                tcp_accept
                0x000000001000dac8                tcp_poll
                0x000000001000dad4                tcp_pcb_purge
                0x000000001000daec                tcp_pcb_remove
                0x000000001000db64                tcp_abandon
                0x000000001000dce0                tcp_abort
                0x000000001000dcfc                tcp_alloc
                0x000000001000def4                tcp_new
                0x000000001000e0cc                tcp_new_ip_type
                0x000000001000e3e4                tcp_shutdown
                0x000000001000e444                tcp_recv_null
                0x000000001000e4ec                tcp_process_refused_data
                0x000000001000e5d4                tcp_fasttmr
                0x000000001000e658                tcp_tmr
                0x000000001000e678                tcp_close
                0x000000001000e7d8                tcp_next_iss
                0x000000001000e7f0                tcp_eff_send_mss_netif
                0x000000001000e818                tcp_netif_ip_addr_changed
                0x000000001000e8a8                tcp_debug_state_str
                0x000000001000e8b8                tcp_tcp_get_tcp_addrinfo
                0x000000001000e8f0                tcp_free_ooseq
 .text          0x000000001000e930     0x1760 liblwipcore.a(tcp_in.c.obj)
                0x000000001000f4f8                tcp_input
                0x000000001001007c                tcp_trigger_input_pcb_close
 .text          0x0000000010010090     0x12b4 liblwipcore.a(tcp_out.c.obj)
                0x0000000010010214                tcp_write
                0x000000001001050c                tcp_split_unsent_seg
                0x00000000100106a8                tcp_send_fin
                0x0000000010010788                tcp_enqueue_flags
                0x0000000010010830                tcp_rexmit_rto_prepare
                0x00000000100108bc                tcp_rexmit
                0x000000001001094c                tcp_rexmit_fast
                0x00000000100109a4                tcp_rst
                0x0000000010010a60                tcp_rst_netif
                0x0000000010010b5c                tcp_send_empty_ack
                0x0000000010010c38                tcp_output
                0x0000000010011048                tcp_rexmit_rto_commit
                0x000000001001105c                tcp_rexmit_rto
                0x00000000100110f4                tcp_keepalive
                0x00000000100111b8                tcp_zero_window_probe
 .text          0x0000000010011344      0x320 liblwipcore.a(timeouts.c.obj)
                0x0000000010011444                tcp_timer_needed
                0x00000000100114b8                sys_timeouts_init
                0x0000000010011530                sys_timeout
                0x0000000010011574                sys_untimeout
                0x00000000100115b4                sys_check_timeouts
                0x000000001001160c                sys_restart_timeouts
                0x000000001001163c                sys_timeouts_sleeptime
 .text          0x0000000010011664      0x6c4 liblwipcore.a(udp.c.obj)
                0x0000000010011664                udp_init
                0x0000000010011668                udp_input
                0x0000000010011870                udp_bind
                0x000000001001197c                udp_sendto_if_src
                0x0000000010011a9c                udp_sendto_if
                0x0000000010011ae4                udp_sendto
                0x0000000010011b60                udp_send
                0x0000000010011bd8                udp_bind_netif
                0x0000000010011bec                udp_connect
                0x0000000010011c50                udp_disconnect
                0x0000000010011c68                udp_recv
                0x0000000010011c74                udp_remove
                0x0000000010011cb0                udp_new
                0x0000000010011ccc                udp_new_ip_type
                0x0000000010011ce8                udp_netif_ip_addr_changed
 .text          0x0000000010011d28     0x2a3c liblwipcore.a(etharp.c.obj)
                0x0000000010013ecc                etharp_tmr
                0x0000000010013f60                etharp_cleanup_netif
                0x00000000100140e8                etharp_find_addr
                0x0000000010014128                etharp_get_entry
                0x000000001001415c                etharp_input
                0x00000000100142fc                etharp_query
                0x0000000010014484                etharp_output
                0x00000000100146a0                etharp_request
 .text          0x0000000010014764      0x848 liblwipcore.a(ip4_frag.c.obj)
                0x00000000100148a4                ip_reass_tmr
                0x0000000010014944                ip4_reass
                0x0000000010014e4c                ip4_frag
 .text          0x0000000010014fac      0x748 liblwipcore.a(ip4.c.obj)
                0x0000000010014fac                ip4_route
                0x000000001001502c                ip4_input
                0x00000000100152b0                ip4_output_if
                0x0000000010015418                ip4_output_if_src
                0x0000000010015570                ip4_output
 .text          0x00000000100156f4      0x3bc liblwipcore.a(ip4_addr.c.obj)
                0x00000000100156f4                ip4_addr_isbroadcast_u32
                0x0000000010015730                ip4_addr_netmask_valid
                0x0000000010015760                ip4addr_aton
                0x00000000100158e0                ipaddr_addr
                0x00000000100158fc                ip4addr_ntoa
                0x00000000100159d8                ip4addr_ntoa_r
 .text          0x0000000010015ab0      0x13c liblwipcore.a(ethernet.c.obj)
                0x0000000010015ab0                ethernet_input
                0x0000000010015b84                ethernet_output
 .text          0x0000000010015bec      0x334 liblwipcore.a(inet_chksum.c.obj)
                0x0000000010015bec                lwip_standard_chksum
                0x0000000010015c6c                inet_chksum_pseudo
                0x0000000010015d20                ip_chksum_pseudo
                0x0000000010015d30                inet_chksum_pseudo_partial
                0x0000000010015e14                ip_chksum_pseudo_partial
                0x0000000010015e28                inet_chksum
                0x0000000010015eb4                inet_chksum_pbuf
 .text          0x0000000010015f20       0x18 /usr/lib/gcc/arm-none-eabi/10.3.1/../../../arm-none-eabi/lib/thumb/v6-m/nofp/libc.a(lib_a-atoi.o)
                0x0000000010015f20                atoi
                0x0000000010015f2c                _atoi_r
 .text          0x0000000010015f38       0x18 /usr/lib/gcc/arm-none-eabi/10.3.1/../../../arm-none-eabi/lib/thumb/v6-m/nofp/libc.a(lib_a-calloc.o)
                0x0000000010015f38                calloc
 .text          0x0000000010015f50       0x5c /usr/lib/gcc/arm-none-eabi/10.3.1/../../../arm-none-eabi/lib/thumb/v6-m/nofp/libc.a(lib_a-callocr.o)
                0x0000000010015f50                _calloc_r
 .text          0x0000000010015fac       0x28 /usr/lib/gcc/arm-none-eabi/10.3.1/../../../arm-none-eabi/lib/thumb/v6-m/nofp/libc.a(lib_a-malloc.o)
                0x0000000010015fac                malloc
                0x0000000010015fc0                free
 .text          0x0000000010015fd4      0x574 /usr/lib/gcc/arm-none-eabi/10.3.1/../../../arm-none-eabi/lib/thumb/v6-m/nofp/libc.a(lib_a-mallocr.o)
                0x0000000010015fd4                _malloc_r
 .text          0x0000000010016548        0x8 /usr/lib/gcc/arm-none-eabi/10.3.1/../../../arm-none-eabi/lib/thumb/v6-m/nofp/libc.a(lib_a-mlock.o)
                0x0000000010016548                __malloc_lock
                0x000000001001654c                __malloc_unlock
 .text          0x0000000010016550       0x24 /usr/lib/gcc/arm-none-eabi/10.3.1/../../../arm-none-eabi/lib/thumb/v6-m/nofp/libc.a(lib_a-sbrkr.o)
                0x0000000010016550                _sbrk_r
 .text          0x0000000010016574       0x5c /usr/lib/gcc/arm-none-eabi/10.3.1/../../../arm-none-eabi/lib/thumb/v6-m/nofp/libc.a(lib_a-strlen-stub.o)
                0x0000000010016574                strlen
 .text          0x00000000100165d0       0x74 /usr/lib/gcc/arm-none-eabi/10.3.1/../../../arm-none-eabi/lib/thumb/v6-m/nofp/libc.a(lib_a-strncmp.o)
                0x00000000100165d0                strncmp
 .text          0x0000000010016644      0x1b8 /usr/lib/gcc/arm-none-eabi/10.3.1/../../../arm-none-eabi/lib/thumb/v6-m/nofp/libc.a(lib_a-strtol.o)
                0x0000000010016788                _strtol_r
                0x00000000100167a4                strtol_l
                0x00000000100167d0                strtol
 .text          0x00000000100167fc        0xc /usr/lib/gcc/arm-none-eabi/10.3.1/../../../arm-none-eabi/lib/thumb/v6-m/nofp/libc.a(lib_a-errno.o)
                0x00000000100167fc                __errno
 .text          0x0000000010016808      0x260 /usr/lib/gcc/arm-none-eabi/10.3.1/../../../arm-none-eabi/lib/thumb/v6-m/nofp/libc.a(lib_a-freer.o)
                0x0000000010016808                _malloc_trim_r
                0x00000000100168a4                _free_r
 *(.fini)
 .fini          0x0000000010016a68        0x4 /usr/lib/gcc/arm-none-eabi/10.3.1/thumb/v6-m/nofp/crti.o
                0x0000000010016a68                _fini
 *fill*         0x0000000010016a6c        0x4 
 .fini.__stub   0x0000000010016a70      0x150 linker stubs
 *crtbegin.o(.ctors)
 *crtbegin?.o(.ctors)
 *(EXCLUDE_FILE(*crtend.o *crtend?.o) .ctors)
 *(SORT_BY_NAME(.ctors.*))
 *(.ctors)
 *crtbegin.o(.dtors)
 *crtbegin?.o(.dtors)
 *(EXCLUDE_FILE(*crtend.o *crtend?.o) .dtors)
 *(SORT_BY_NAME(.dtors.*))
 *(.dtors)
 *(.eh_frame*)
 .eh_frame      0x0000000010016bc0        0x0 /usr/lib/gcc/arm-none-eabi/10.3.1/thumb/v6-m/nofp/crtbegin.o
                0x0000000010016bc0                . = ALIGN (0x4)

.glue_7         0x0000000010016bc0        0x0
 .glue_7        0x0000000010016bc0        0x0 linker stubs

.glue_7t        0x0000000010016bc0        0x0
 .glue_7t       0x0000000010016bc0        0x0 linker stubs

.vfp11_veneer   0x0000000010016bc0        0x0
 .vfp11_veneer  0x0000000010016bc0        0x0 linker stubs

.v4_bx          0x0000000010016bc0        0x0
 .v4_bx         0x0000000010016bc0        0x0 linker stubs

.iplt           0x0000000010016bc0        0x0
 .iplt          0x0000000010016bc0        0x0 /usr/lib/gcc/arm-none-eabi/10.3.1/thumb/v6-m/nofp/crtbegin.o

.rodata         0x0000000010016bc0    0x382fc
 *(EXCLUDE_FILE(*libm.a: *libc.a:*lib_a-mem*.o *libgcc.a:) .rodata*)
 .rodata.main.str1.4
                0x0000000010016bc0       0x32 CMakeFiles/pico_webserver.dir/webserver.c.obj
 *fill*         0x0000000010016bf2        0x2 
 .rodata.gateway
                0x0000000010016bf4        0x4 CMakeFiles/pico_webserver.dir/tusb_lwip_glue.c.obj
 .rodata.ipaddr
                0x0000000010016bf8        0x4 CMakeFiles/pico_webserver.dir/tusb_lwip_glue.c.obj
 .rodata.netmask
                0x0000000010016bfc        0x4 CMakeFiles/pico_webserver.dir/tusb_lwip_glue.c.obj
 .rodata.tud_descriptor_string_cb.str1.4
                0x0000000010016c00       0x11 CMakeFiles/pico_webserver.dir/usb_descriptors.c.obj
 *fill*         0x0000000010016c11        0x3 
 .rodata.str1.4
                0x0000000010016c14       0x3e CMakeFiles/pico_webserver.dir/usb_descriptors.c.obj
 *fill*         0x0000000010016c52        0x2 
 .rodata.__compound_literal.0
                0x0000000010016c54        0x2 CMakeFiles/pico_webserver.dir/usb_descriptors.c.obj
 *fill*         0x0000000010016c56        0x2 
 .rodata.configuration_arr
                0x0000000010016c58        0x8 CMakeFiles/pico_webserver.dir/usb_descriptors.c.obj
 .rodata.desc_device
                0x0000000010016c60       0x12 CMakeFiles/pico_webserver.dir/usb_descriptors.c.obj
                0x0000000010016c60                desc_device
 *fill*         0x0000000010016c72        0x2 
 .rodata.ecm_configuration
                0x0000000010016c74       0x58 CMakeFiles/pico_webserver.dir/usb_descriptors.c.obj
 .rodata.rndis_configuration
                0x0000000010016ccc       0x4b CMakeFiles/pico_webserver.dir/usb_descriptors.c.obj
 *fill*         0x0000000010016d17        0x1 
 .rodata.string_desc_arr
                0x0000000010016d18       0x14 CMakeFiles/pico_webserver.dir/usb_descriptors.c.obj
 .rodata.rndis_class_set_handler.str1.4
                0x0000000010016d2c        0x8 CMakeFiles/pico_webserver.dir/pico-sdk/lib/tinyusb/lib/networking/rndis_reports.c.obj
 .rodata.rndis_class_set_handler
                0x0000000010016d2c       0x90 CMakeFiles/pico_webserver.dir/pico-sdk/lib/tinyusb/lib/networking/rndis_reports.c.obj
 .rodata.OIDSupportedList
                0x0000000010016dbc       0x58 CMakeFiles/pico_webserver.dir/pico-sdk/lib/tinyusb/lib/networking/rndis_reports.c.obj
 .rodata.core1_entry.str1.4
                0x0000000010016e14       0x11 CMakeFiles/pico_webserver.dir/wifi_code.c.obj
 *fill*         0x0000000010016e25        0x3 
 .rodata.spin_lock_claim_unused.str1.4
                0x0000000010016e28       0x1b CMakeFiles/pico_webserver.dir/pico-sdk/src/rp2_common/hardware_sync/sync.c.obj
 *fill*         0x0000000010016e43        0x1 
 .rodata.user_irq_claim_unused.str1.4
                0x0000000010016e44       0x1b CMakeFiles/pico_webserver.dir/pico-sdk/src/rp2_common/hardware_irq/irq.c.obj
 *fill*         0x0000000010016e5f        0x1 
 .rodata.at_the_end_of_time
                0x0000000010016e60        0x8 CMakeFiles/pico_webserver.dir/pico-sdk/src/common/pico_time/time.c.obj
                0x0000000010016e60                at_the_end_of_time
 .rodata.hardware_alarm_claim.str1.4
                0x0000000010016e68       0x22 CMakeFiles/pico_webserver.dir/pico-sdk/src/rp2_common/hardware_timer/timer.c.obj
 *fill*         0x0000000010016e8a        0x2 
 .rodata.hardware_alarm_claim_unused.str1.4
                0x0000000010016e8c       0x14 CMakeFiles/pico_webserver.dir/pico-sdk/src/rp2_common/hardware_timer/timer.c.obj
 .rodata.panic.str1.4
                0x0000000010016ea0       0x10 CMakeFiles/pico_webserver.dir/pico-sdk/src/rp2_common/pico_runtime/runtime.c.obj
                                         0x12 (size before relaxing)
 .rodata.hard_assertion_failure.str1.4
                0x0000000010016eb0        0xc CMakeFiles/pico_webserver.dir/pico-sdk/src/rp2_common/pico_runtime/runtime.c.obj
 .rodata._ftoa.str1.4
                0x0000000010016ebc       0x15 CMakeFiles/pico_webserver.dir/pico-sdk/src/rp2_common/pico_printf/printf.c.obj
 *fill*         0x0000000010016ed1        0x3 
 .rodata._vsnprintf
                0x0000000010016ed4      0x1e0 CMakeFiles/pico_webserver.dir/pico-sdk/src/rp2_common/pico_printf/printf.c.obj
 *fill*         0x00000000100170b4        0x4 
 .rodata.pow10.0
                0x00000000100170b8       0x50 CMakeFiles/pico_webserver.dir/pico-sdk/src/rp2_common/pico_printf/printf.c.obj
 .rodata.missing_double_func_shim.str1.4
                0x0000000010017108       0x18 CMakeFiles/pico_webserver.dir/pico-sdk/src/rp2_common/pico_double/double_init_rom.c.obj