Archive member included to satisfy reference by file (symbol)

/usr/lib/gcc/arm-none-eabi/10.3.1/thumb/v6-m/nofp/libgcc.a(_dvmd_tls.o)
                              CMakeFiles/pico_webserver.dir/pico-sdk/src/rp2_common/pico_divider/divider.S.obj (__aeabi_idiv0)
/usr/lib/gcc/arm-none-eabi/10.3.1/../../../arm-none-eabi/lib/thumb/v6-m/nofp/libc.a(lib_a-atexit.o)
                              /usr/lib/gcc/arm-none-eabi/10.3.1/../../../arm-none-eabi/lib/thumb/v6-m/nofp/crt0.o (atexit)
/usr/lib/gcc/arm-none-eabi/10.3.1/../../../arm-none-eabi/lib/thumb/v6-m/nofp/libc.a(lib_a-atoi.o)
                              CMakeFiles/pico_webserver.dir/pico-sdk/lib/lwip/src/core/netif.c.obj (atoi)
/usr/lib/gcc/arm-none-eabi/10.3.1/../../../arm-none-eabi/lib/thumb/v6-m/nofp/libc.a(lib_a-calloc.o)
                              CMakeFiles/pico_webserver.dir/pico-sdk/src/rp2_common/pico_malloc/pico_malloc.c.obj (calloc)
/usr/lib/gcc/arm-none-eabi/10.3.1/../../../arm-none-eabi/lib/thumb/v6-m/nofp/libc.a(lib_a-callocr.o)
                              /usr/lib/gcc/arm-none-eabi/10.3.1/../../../arm-none-eabi/lib/thumb/v6-m/nofp/libc.a(lib_a-calloc.o) (_calloc_r)
/usr/lib/gcc/arm-none-eabi/10.3.1/../../../arm-none-eabi/lib/thumb/v6-m/nofp/libc.a(lib_a-ctype_.o)
                              CMakeFiles/pico_webserver.dir/pico-sdk/lib/lwip/src/core/ipv4/ip4_addr.c.obj (_ctype_)
/usr/lib/gcc/arm-none-eabi/10.3.1/../../../arm-none-eabi/lib/thumb/v6-m/nofp/libc.a(lib_a-fini.o)
                              /usr/lib/gcc/arm-none-eabi/10.3.1/../../../arm-none-eabi/lib/thumb/v6-m/nofp/crt0.o (__libc_fini_array)
/usr/lib/gcc/arm-none-eabi/10.3.1/../../../arm-none-eabi/lib/thumb/v6-m/nofp/libc.a(lib_a-impure.o)
                              /usr/lib/gcc/arm-none-eabi/10.3.1/../../../arm-none-eabi/lib/thumb/v6-m/nofp/libc.a(lib_a-calloc.o) (_impure_ptr)
/usr/lib/gcc/arm-none-eabi/10.3.1/../../../arm-none-eabi/lib/thumb/v6-m/nofp/libc.a(lib_a-init.o)
                              /usr/lib/gcc/arm-none-eabi/10.3.1/../../../arm-none-eabi/lib/thumb/v6-m/nofp/crt0.o (__libc_init_array)
/usr/lib/gcc/arm-none-eabi/10.3.1/../../../arm-none-eabi/lib/thumb/v6-m/nofp/libc.a(lib_a-malloc.o)
                              CMakeFiles/pico_webserver.dir/pico-sdk/src/rp2_common/pico_malloc/pico_malloc.c.obj (malloc)
/usr/lib/gcc/arm-none-eabi/10.3.1/../../../arm-none-eabi/lib/thumb/v6-m/nofp/libc.a(lib_a-mallocr.o)
                              /usr/lib/gcc/arm-none-eabi/10.3.1/../../../arm-none-eabi/lib/thumb/v6-m/nofp/libc.a(lib_a-callocr.o) (_malloc_r)
/usr/lib/gcc/arm-none-eabi/10.3.1/../../../arm-none-eabi/lib/thumb/v6-m/nofp/libc.a(lib_a-memcmp.o)
                              CMakeFiles/pico_webserver.dir/pico-sdk/lib/tinyusb/lib/networking/dhserver.c.obj (memcmp)
/usr/lib/gcc/arm-none-eabi/10.3.1/../../../arm-none-eabi/lib/thumb/v6-m/nofp/libc.a(lib_a-memmove.o)
                              CMakeFiles/pico_webserver.dir/pico-sdk/lib/cyw43-driver/src/cyw43_ll.c.obj (memmove)
/usr/lib/gcc/arm-none-eabi/10.3.1/../../../arm-none-eabi/lib/thumb/v6-m/nofp/libc.a(lib_a-mlock.o)
                              /usr/lib/gcc/arm-none-eabi/10.3.1/../../../arm-none-eabi/lib/thumb/v6-m/nofp/libc.a(lib_a-mallocr.o) (__malloc_lock)
/usr/lib/gcc/arm-none-eabi/10.3.1/../../../arm-none-eabi/lib/thumb/v6-m/nofp/libc.a(lib_a-realloc.o)
                              CMakeFiles/pico_webserver.dir/pico-sdk/src/rp2_common/pico_malloc/pico_malloc.c.obj (realloc)
/usr/lib/gcc/arm-none-eabi/10.3.1/../../../arm-none-eabi/lib/thumb/v6-m/nofp/libc.a(lib_a-reallocr.o)
                              /usr/lib/gcc/arm-none-eabi/10.3.1/../../../arm-none-eabi/lib/thumb/v6-m/nofp/libc.a(lib_a-realloc.o) (_realloc_r)
/usr/lib/gcc/arm-none-eabi/10.3.1/../../../arm-none-eabi/lib/thumb/v6-m/nofp/libc.a(lib_a-sbrkr.o)
                              /usr/lib/gcc/arm-none-eabi/10.3.1/../../../arm-none-eabi/lib/thumb/v6-m/nofp/libc.a(lib_a-mallocr.o) (_sbrk_r)
/usr/lib/gcc/arm-none-eabi/10.3.1/../../../arm-none-eabi/lib/thumb/v6-m/nofp/libc.a(lib_a-strchr.o)
                              CMakeFiles/pico_webserver.dir/pico-sdk/lib/lwip/src/apps/http/httpd.c.obj (strchr)
/usr/lib/gcc/arm-none-eabi/10.3.1/../../../arm-none-eabi/lib/thumb/v6-m/nofp/libc.a(lib_a-strcmp.o)
                              CMakeFiles/pico_webserver.dir/cgi.cpp.obj (strcmp)
/usr/lib/gcc/arm-none-eabi/10.3.1/../../../arm-none-eabi/lib/thumb/v6-m/nofp/libc.a(lib_a-strcpy.o)
                              CMakeFiles/pico_webserver.dir/cgi.cpp.obj (strcpy)
/usr/lib/gcc/arm-none-eabi/10.3.1/../../../arm-none-eabi/lib/thumb/v6-m/nofp/libc.a(lib_a-strlen-stub.o)
                              CMakeFiles/pico_webserver.dir/usb_descriptors.c.obj (strlen)
/usr/lib/gcc/arm-none-eabi/10.3.1/../../../arm-none-eabi/lib/thumb/v6-m/nofp/libc.a(lib_a-strncmp.o)
                              CMakeFiles/pico_webserver.dir/pico-sdk/lib/cyw43-driver/src/cyw43_ll.c.obj (strncmp)
[...]
Memory Configuration

Name             Origin             Length             Attributes
FLASH            0x0000000010000000 0x0000000000200000 xr
RAM              0x0000000020000000 0x0000000000040000 xrw
SCRATCH_X        0x0000000020040000 0x0000000000001000 xrw
SCRATCH_Y        0x0000000020041000 0x0000000000001000 xrw
*default*        0x0000000000000000 0xffffffffffffffff

Linker script and memory map

LOAD /usr/lib/gcc/arm-none-eabi/10.3.1/thumb/v6-m/nofp/crti.o
LOAD /usr/lib/gcc/arm-none-eabi/10.3.1/thumb/v6-m/nofp/crtbegin.o
LOAD /usr/lib/gcc/arm-none-eabi/10.3.1/../../../arm-none-eabi/lib/thumb/v6-m/nofp/crt0.o

.flash_begin    0x0000000010000000        0x0
                0x0000000010000000                __flash_binary_start = .

.boot2          0x0000000010000000      0x100
                0x0000000010000000                __boot2_start__ = .
 *(.boot2)
 .boot2         0x0000000010000000      0x100 /tmp/ccfdS07J.o
                0x0000000010000100                __boot2_end__ = .
                0x0000000000000001                ASSERT (((__boot2_end__ - __boot2_start__) == 0x100), ERROR: Pico second stage bootloader must be 256 bytes in size)

.text           0x0000000010000100    0x18d10
                0x0000000010000100                __logical_binary_start = .
 *(.vectors)
 .vectors       0x0000000010000100       0xd4 CMakeFiles/pico_webserver.dir/pico-sdk/src/rp2_common/pico_standard_link/crt0.S.obj
                0x0000000010000100                __vectors
                0x0000000010000100                __VECTOR_TABLE
                0x00000000100001c0                isr_invalid
                0x00000000100001c0                __default_isrs_start
                0x00000000100001c2                isr_nmi
                0x00000000100001c4                isr_hardfault
                0x00000000100001c6                isr_svcall
                0x00000000100001c8                isr_pendsv
                0x00000000100001ca                isr_systick
                0x00000000100001cc                isr_irq30
                0x00000000100001cc                __unhandled_user_irq
                0x00000000100001cc                isr_irq13
                0x00000000100001cc                isr_irq27
                0x00000000100001cc                isr_irq31
                0x00000000100001cc                isr_irq5
                0x00000000100001cc                isr_irq11
                0x00000000100001cc                isr_irq23
                0x00000000100001cc                isr_irq18
                0x00000000100001cc                isr_irq28
                0x00000000100001cc                isr_irq19
                0x00000000100001cc                isr_irq0
                0x00000000100001cc                isr_irq6
                0x00000000100001cc                isr_irq22
                0x00000000100001cc                isr_irq17
                0x00000000100001cc                isr_irq14
                0x00000000100001cc                isr_irq2
                0x00000000100001cc                isr_irq10
                0x00000000100001cc                isr_irq8
                0x00000000100001cc                isr_irq24
                0x00000000100001cc                isr_irq1
                0x00000000100001cc                isr_irq7
                0x00000000100001cc                isr_irq21
                0x00000000100001cc                isr_irq20
                0x00000000100001cc                isr_irq15
                0x00000000100001cc                isr_irq25
                0x00000000100001cc                isr_irq4
                0x00000000100001cc                isr_irq16
                0x00000000100001cc                isr_irq29
                0x00000000100001cc                isr_irq26
                0x00000000100001cc                __default_isrs_end
                0x00000000100001cc                isr_irq3
                0x00000000100001cc                isr_irq12
                0x00000000100001cc                isr_irq9
                0x00000000100001d2                unhandled_user_irq_num_in_r0
 *(.binary_info_header)
 .binary_info_header
                0x00000000100001d4       0x14 CMakeFiles/pico_webserver.dir/pico-sdk/src/rp2_common/pico_standard_link/crt0.S.obj
                0x00000000100001e8                __binary_info_header_end = .
 *(.reset)
 .reset         0x00000000100001e8       0xa0 CMakeFiles/pico_webserver.dir/pico-sdk/src/rp2_common/pico_standard_link/crt0.S.obj
                0x00000000100001e8                _entry_point
 .reset         0x0000000010000288       0x30 CMakeFiles/pico_webserver.dir/pico-sdk/src/rp2_common/pico_standard_link/binary_info.c.obj
 *(.init)
 .init          0x00000000100002b8        0x4 /usr/lib/gcc/arm-none-eabi/10.3.1/thumb/v6-m/nofp/crti.o
                0x00000000100002b8                _init
 *(EXCLUDE_FILE(*libm.a: *libc.a:*lib_a-mem*.o *libgcc.a:) .text*)
 .text          0x00000000100002bc       0x98 /usr/lib/gcc/arm-none-eabi/10.3.1/thumb/v6-m/nofp/crtbegin.o
 .text.startup.main
                0x0000000010000354       0x7c CMakeFiles/pico_webserver.dir/webserver.c.obj
                0x0000000010000354                main
 .text.netif_init_cb
                0x00000000100003d0       0x30 CMakeFiles/pico_webserver.dir/tusb_lwip_glue.c.obj
 .text.output_fn
                0x0000000010000400        0x8 CMakeFiles/pico_webserver.dir/tusb_lwip_glue.c.obj
 .text.linkoutput_fn
                0x0000000010000408       0x3c CMakeFiles/pico_webserver.dir/tusb_lwip_glue.c.obj
 .text.init_lwip
                0x0000000010000444       0x8c CMakeFiles/pico_webserver.dir/tusb_lwip_glue.c.obj
                0x0000000010000444                init_lwip
 .text.tud_network_init_cb
                0x00000000100004d0       0x18 CMakeFiles/pico_webserver.dir/tusb_lwip_glue.c.obj
                0x00000000100004d0                tud_network_init_cb
 .text.tud_network_recv_cb
                0x00000000100004e8       0x3c CMakeFiles/pico_webserver.dir/tusb_lwip_glue.c.obj
                0x00000000100004e8                tud_network_recv_cb
 .text.tud_network_xmit_cb
                0x0000000010000524       0x30 CMakeFiles/pico_webserver.dir/tusb_lwip_glue.c.obj
                0x0000000010000524                tud_network_xmit_cb
 .text.service_traffic
                0x0000000010000554       0x4c CMakeFiles/pico_webserver.dir/tusb_lwip_glue.c.obj
                0x0000000010000554                service_traffic
 .text.dhcpd_init
                0x00000000100005a0       0x14 CMakeFiles/pico_webserver.dir/tusb_lwip_glue.c.obj
                0x00000000100005a0                dhcpd_init
 .text.wait_for_netif_is_up
                0x00000000100005b4       0x14 CMakeFiles/pico_webserver.dir/tusb_lwip_glue.c.obj
                0x00000000100005b4                wait_for_netif_is_up
 .text.sys_arch_protect
                0x00000000100005c8        0x4 CMakeFiles/pico_webserver.dir/tusb_lwip_glue.c.obj
                0x00000000100005c8                sys_arch_protect
 .text.sys_arch_unprotect
                0x00000000100005cc        0x4 CMakeFiles/pico_webserver.dir/tusb_lwip_glue.c.obj
                0x00000000100005cc                sys_arch_unprotect
 .text.sys_now  0x00000000100005d0       0x20 CMakeFiles/pico_webserver.dir/tusb_lwip_glue.c.obj
                0x00000000100005d0                sys_now
 .text.tud_descriptor_device_cb
                0x00000000100005f0        0x8 CMakeFiles/pico_webserver.dir/usb_descriptors.c.obj
                0x00000000100005f0                tud_descriptor_device_cb
 .text.tud_descriptor_configuration_cb
                0x00000000100005f8       0x14 CMakeFiles/pico_webserver.dir/usb_descriptors.c.obj
                0x00000000100005f8                tud_descriptor_configuration_cb
 .text.tud_descriptor_string_cb
                0x000000001000060c      0x17c CMakeFiles/pico_webserver.dir/usb_descriptors.c.obj
                0x000000001000060c                tud_descriptor_string_cb
 .text.fill_options
                0x0000000010000788       0xdc CMakeFiles/pico_webserver.dir/pico-sdk/lib/tinyusb/lib/networking/dhserver.c.obj
                0x0000000010000788                fill_options
 .text.udp_recv_proc
                0x0000000010000864      0x2e8 CMakeFiles/pico_webserver.dir/pico-sdk/lib/tinyusb/lib/networking/dhserver.c.obj
 .text.dhserv_init
                0x0000000010000b4c       0x64 CMakeFiles/pico_webserver.dir/pico-sdk/lib/tinyusb/lib/networking/dhserver.c.obj
                0x0000000010000b4c                dhserv_init
 .text.rndis_class_set_handler
                0x0000000010000bb0      0x2d4 CMakeFiles/pico_webserver.dir/pico-sdk/lib/tinyusb/lib/networking/rndis_reports.c.obj
                0x0000000010000bb0                rndis_class_set_handler
 .text._Z11scan_resultPvPK23_cyw43_ev_scan_result_t
                0x0000000010000e84       0x4c CMakeFiles/pico_webserver.dir/ssi.cpp.obj
                0x0000000010000e84                scan_result(void*, _cyw43_ev_scan_result_t const*)
 .text.ssi_init
                0x0000000010000ed0       0x18 CMakeFiles/pico_webserver.dir/ssi.cpp.obj
                0x0000000010000ed0                ssi_init
 .text.wifi_cred_set
                0x0000000010000ee8       0xa4 CMakeFiles/pico_webserver.dir/cgi.cpp.obj
                0x0000000010000ee8                wifi_cred_set
 .text.cgi_toggle_led
                0x0000000010000f8c       0x20 CMakeFiles/pico_webserver.dir/cgi.cpp.obj
 .text.cgi_reset_usb_boot
                0x0000000010000fac       0x14 CMakeFiles/pico_webserver.dir/cgi.cpp.obj
 .text.cgi_init
                0x0000000010000fc0       0x2c CMakeFiles/pico_webserver.dir/cgi.cpp.obj
                0x0000000010000fc0                cgi_init
 .text.cyw43_cb_tcpip_set_link_up
                0x0000000010000fec       0x18 CMakeFiles/pico_webserver.dir/wifi_code.c.obj
                0x0000000010000fec                cyw43_cb_tcpip_set_link_up
 .text.cyw43_cb_tcpip_set_link_down
                0x0000000010001004       0x18 CMakeFiles/pico_webserver.dir/wifi_code.c.obj
                0x0000000010001004                cyw43_cb_tcpip_set_link_down
 .text.cyw43_cb_process_ethernet
                0x000000001000101c       0x5c CMakeFiles/pico_webserver.dir/wifi_code.c.obj
                0x000000001000101c                cyw43_cb_process_ethernet
 .text.core1_entry
                0x0000000010001078       0xdc CMakeFiles/pico_webserver.dir/wifi_code.c.obj
                0x0000000010001078                core1_entry
 .text.set_sys_clock_pll
                0x0000000010001154       0x78 CMakeFiles/pico_webserver.dir/pico-sdk/src/rp2_common/pico_stdlib/stdlib.c.obj
                0x0000000010001154                set_sys_clock_pll
 .text.check_sys_clock_khz
                0x00000000100011cc      0x17c CMakeFiles/pico_webserver.dir/pico-sdk/src/rp2_common/pico_stdlib/stdlib.c.obj
                0x00000000100011cc                check_sys_clock_khz
 .text.gpio_set_function
                0x0000000010001348       0x30 CMakeFiles/pico_webserver.dir/pico-sdk/src/rp2_common/hardware_gpio/gpio.c.obj
                0x0000000010001348                gpio_set_function
 .text.gpio_set_pulls
                0x0000000010001378       0x30 CMakeFiles/pico_webserver.dir/pico-sdk/src/rp2_common/hardware_gpio/gpio.c.obj
                0x0000000010001378                gpio_set_pulls
 .text.gpio_set_input_hysteresis_enabled
                0x00000000100013a8       0x28 CMakeFiles/pico_webserver.dir/pico-sdk/src/rp2_common/hardware_gpio/gpio.c.obj
                0x00000000100013a8                gpio_set_input_hysteresis_enabled
 .text.gpio_set_irq_enabled
                0x00000000100013d0       0x54 CMakeFiles/pico_webserver.dir/pico-sdk/src/rp2_common/hardware_gpio/gpio.c.obj
                0x00000000100013d0                gpio_set_irq_enabled
 .text.gpio_add_raw_irq_handler_with_order_priority_masked
                0x0000000010001424       0x44 CMakeFiles/pico_webserver.dir/pico-sdk/src/rp2_common/hardware_gpio/gpio.c.obj
                0x0000000010001424                gpio_add_raw_irq_handler_with_order_priority_masked
 .text.gpio_remove_raw_irq_handler_masked
                0x0000000010001468       0x20 CMakeFiles/pico_webserver.dir/pico-sdk/src/rp2_common/hardware_gpio/gpio.c.obj
                0x0000000010001468                gpio_remove_raw_irq_handler_masked
 .text.gpio_init
                0x0000000010001488       0x3c CMakeFiles/pico_webserver.dir/pico-sdk/src/rp2_common/hardware_gpio/gpio.c.obj
                0x0000000010001488                gpio_init
 .text.running_on_fpga
                0x00000000100014c4       0x10 CMakeFiles/pico_webserver.dir/pico-sdk/src/rp2_common/pico_platform/platform.c.obj
                0x00000000100014c4                running_on_fpga
 .text.hw_claim_lock
                0x00000000100014d4       0x18 CMakeFiles/pico_webserver.dir/pico-sdk/src/rp2_common/hardware_claim/claim.c.obj
                0x00000000100014d4                hw_claim_lock
 .text.hw_claim_unlock
                0x00000000100014ec       0x14 CMakeFiles/pico_webserver.dir/pico-sdk/src/rp2_common/hardware_claim/claim.c.obj
                0x00000000100014ec                hw_claim_unlock
 .text.hw_claim_or_assert
                0x0000000010001500       0x44 CMakeFiles/pico_webserver.dir/pico-sdk/src/rp2_common/hardware_claim/claim.c.obj
                0x0000000010001500                hw_claim_or_assert
 .text.hw_claim_unused_from_range
                0x0000000010001544       0x9c CMakeFiles/pico_webserver.dir/pico-sdk/src/rp2_common/hardware_claim/claim.c.obj
                0x0000000010001544                hw_claim_unused_from_range
 .text.hw_claim_clear
                0x00000000100015e0       0x38 CMakeFiles/pico_webserver.dir/pico-sdk/src/rp2_common/hardware_claim/claim.c.obj
                0x00000000100015e0                hw_claim_clear
 .text.spin_locks_reset
                0x0000000010001618       0x1c CMakeFiles/pico_webserver.dir/pico-sdk/src/rp2_common/hardware_sync/sync.c.obj
                0x0000000010001618                spin_locks_reset
 .text.next_striped_spin_lock_num
                0x0000000010001634       0x18 CMakeFiles/pico_webserver.dir/pico-sdk/src/rp2_common/hardware_sync/sync.c.obj
                0x0000000010001634                next_striped_spin_lock_num
 .text.spin_lock_claim_unused
                0x000000001000164c       0x20 CMakeFiles/pico_webserver.dir/pico-sdk/src/rp2_common/hardware_sync/sync.c.obj
                0x000000001000164c                spin_lock_claim_unused
 .text.irq_set_enabled
                0x000000001000166c       0x24 CMakeFiles/pico_webserver.dir/pico-sdk/src/rp2_common/hardware_irq/irq.c.obj
                0x000000001000166c                irq_set_enabled
 .text.irq_is_enabled
                0x0000000010001690       0x18 CMakeFiles/pico_webserver.dir/pico-sdk/src/rp2_common/hardware_irq/irq.c.obj
                0x0000000010001690                irq_is_enabled
 .text.irq_set_pending
                0x00000000100016a8       0x10 CMakeFiles/pico_webserver.dir/pico-sdk/src/rp2_common/hardware_irq/irq.c.obj
                0x00000000100016a8                irq_set_pending
 .text.irq_get_vtable_handler
                0x00000000100016b8       0x10 CMakeFiles/pico_webserver.dir/pico-sdk/src/rp2_common/hardware_irq/irq.c.obj
                0x00000000100016b8                irq_get_vtable_handler
 .text.irq_set_exclusive_handler
                0x00000000100016c8       0x54 CMakeFiles/pico_webserver.dir/pico-sdk/src/rp2_common/hardware_irq/irq.c.obj
                0x00000000100016c8                irq_set_exclusive_handler
 .text.irq_add_shared_handler
                0x000000001000171c      0x1e8 CMakeFiles/pico_webserver.dir/pico-sdk/src/rp2_common/hardware_irq/irq.c.obj
                0x000000001000171c                irq_add_shared_handler
 .text.irq_remove_handler
                0x0000000010001904      0x1b0 CMakeFiles/pico_webserver.dir/pico-sdk/src/rp2_common/hardware_irq/irq.c.obj
                0x0000000010001904                irq_remove_handler
 .text.irq_set_priority
                0x0000000010001ab4       0x28 CMakeFiles/pico_webserver.dir/pico-sdk/src/rp2_common/hardware_irq/irq.c.obj
                0x0000000010001ab4                irq_set_priority
 .text.irq_add_tail_to_free_list
                0x0000000010001adc       0xb4 CMakeFiles/pico_webserver.dir/pico-sdk/src/rp2_common/hardware_irq/irq.c.obj
                0x0000000010001adc                irq_add_tail_to_free_list
 .text.irq_init_priorities
                0x0000000010001b90       0x24 CMakeFiles/pico_webserver.dir/pico-sdk/src/rp2_common/hardware_irq/irq.c.obj
                0x0000000010001b90                irq_init_priorities
 .text.user_irq_unclaim
                0x0000000010001bb4       0x14 CMakeFiles/pico_webserver.dir/pico-sdk/src/rp2_common/hardware_irq/irq.c.obj
                0x0000000010001bb4                user_irq_unclaim
 .text.user_irq_claim_unused
                0x0000000010001bc8       0x28 CMakeFiles/pico_webserver.dir/pico-sdk/src/rp2_common/hardware_irq/irq.c.obj
                0x0000000010001bc8                user_irq_claim_unused
 .text.sem_init
                0x0000000010001bf0       0x20 CMakeFiles/pico_webserver.dir/pico-sdk/src/common/pico_sync/sem.c.obj
                0x0000000010001bf0                sem_init
 .text.lock_init
                0x0000000010001c10       0x10 CMakeFiles/pico_webserver.dir/pico-sdk/src/common/pico_sync/lock_core.c.obj
                0x0000000010001c10                lock_init
 .text.mutex_init
                0x0000000010001c20       0x1c CMakeFiles/pico_webserver.dir/pico-sdk/src/common/pico_sync/mutex.c.obj
                0x0000000010001c20                mutex_init
 .text.recursive_mutex_init
                0x0000000010001c3c       0x1c CMakeFiles/pico_webserver.dir/pico-sdk/src/common/pico_sync/mutex.c.obj
                0x0000000010001c3c                recursive_mutex_init
 .text.critical_section_init
                0x0000000010001c58       0x20 CMakeFiles/pico_webserver.dir/pico-sdk/src/common/pico_sync/critical_section.c.obj
                0x0000000010001c58                critical_section_init
 .text.timer_pool_entry_comparator
                0x0000000010001c78       0x34 CMakeFiles/pico_webserver.dir/pico-sdk/src/common/pico_time/time.c.obj
                0x0000000010001c78                timer_pool_entry_comparator
 .text.sleep_until_callback
                0x0000000010001cac       0x30 CMakeFiles/pico_webserver.dir/pico-sdk/src/common/pico_time/time.c.obj
 .text.add_alarm_under_lock.isra.0
                0x0000000010001cdc      0x100 CMakeFiles/pico_webserver.dir/pico-sdk/src/common/pico_time/time.c.obj
 .text.alarm_pool_alarm_callback
                0x0000000010001ddc      0x1bc CMakeFiles/pico_webserver.dir/pico-sdk/src/common/pico_time/time.c.obj
 .text.alarm_pool_init_default
                0x0000000010001f98       0x6c CMakeFiles/pico_webserver.dir/pico-sdk/src/common/pico_time/time.c.obj
                0x0000000010001f98                alarm_pool_init_default
 .text.alarm_pool_get_default
                0x0000000010002004        0x8 CMakeFiles/pico_webserver.dir/pico-sdk/src/common/pico_time/time.c.obj
                0x0000000010002004                alarm_pool_get_default
 .text.alarm_pool_create_with_unused_hardware_alarm
                0x000000001000200c       0x74 CMakeFiles/pico_webserver.dir/pico-sdk/src/common/pico_time/time.c.obj
                0x000000001000200c                alarm_pool_create_with_unused_hardware_alarm
 .text.alarm_pool_destroy
                0x0000000010002080       0x44 CMakeFiles/pico_webserver.dir/pico-sdk/src/common/pico_time/time.c.obj
                0x0000000010002080                alarm_pool_destroy
 .text.alarm_pool_add_alarm_at
                0x00000000100020c4      0x178 CMakeFiles/pico_webserver.dir/pico-sdk/src/common/pico_time/time.c.obj
                0x00000000100020c4                alarm_pool_add_alarm_at
 .text.alarm_pool_add_alarm_at_force_in_context
                0x000000001000223c      0x124 CMakeFiles/pico_webserver.dir/pico-sdk/src/common/pico_time/time.c.obj
                0x000000001000223c                alarm_pool_add_alarm_at_force_in_context
 .text.alarm_pool_cancel_alarm
                0x0000000010002360       0x78 CMakeFiles/pico_webserver.dir/pico-sdk/src/common/pico_time/time.c.obj
                0x0000000010002360                alarm_pool_cancel_alarm
 .text.alarm_pool_core_num
                0x00000000100023d8        0x4 CMakeFiles/pico_webserver.dir/pico-sdk/src/common/pico_time/time.c.obj
                0x00000000100023d8                alarm_pool_core_num
 .text.sleep_until
                0x00000000100023dc       0xc4 CMakeFiles/pico_webserver.dir/pico-sdk/src/common/pico_time/time.c.obj
                0x00000000100023dc                sleep_until
 .text.sleep_ms
                0x00000000100024a0       0x34 CMakeFiles/pico_webserver.dir/pico-sdk/src/common/pico_time/time.c.obj
                0x00000000100024a0                sleep_ms
 .text.best_effort_wfe_or_timeout
                0x00000000100024d4       0xd4 CMakeFiles/pico_webserver.dir/pico-sdk/src/common/pico_time/time.c.obj
                0x00000000100024d4                best_effort_wfe_or_timeout
 .text.hardware_alarm_irq_handler
                0x00000000100025a8       0xbc CMakeFiles/pico_webserver.dir/pico-sdk/src/rp2_common/hardware_timer/timer.c.obj
 .text.hardware_alarm_claim
                0x0000000010002664       0x18 CMakeFiles/pico_webserver.dir/pico-sdk/src/rp2_common/hardware_timer/timer.c.obj
                0x0000000010002664                hardware_alarm_claim
 .text.hardware_alarm_unclaim
                0x000000001000267c       0x10 CMakeFiles/pico_webserver.dir/pico-sdk/src/rp2_common/hardware_timer/timer.c.obj
                0x000000001000267c                hardware_alarm_unclaim
 .text.hardware_alarm_claim_unused
                0x000000001000268c       0x20 CMakeFiles/pico_webserver.dir/pico-sdk/src/rp2_common/hardware_timer/timer.c.obj
                0x000000001000268c                hardware_alarm_claim_unused
 .text.time_us_64
                0x00000000100026ac       0x14 CMakeFiles/pico_webserver.dir/pico-sdk/src/rp2_common/hardware_timer/timer.c.obj
                0x00000000100026ac                time_us_64
 .text.busy_wait_until
                0x00000000100026c0       0x20 CMakeFiles/pico_webserver.dir/pico-sdk/src/rp2_common/hardware_timer/timer.c.obj
                0x00000000100026c0                busy_wait_until
 .text.hardware_alarm_set_callback
                0x00000000100026e0       0x8c CMakeFiles/pico_webserver.dir/pico-sdk/src/rp2_common/hardware_timer/timer.c.obj
                0x00000000100026e0                hardware_alarm_set_callback
 .text.hardware_alarm_set_target
                0x000000001000276c       0xd4 CMakeFiles/pico_webserver.dir/pico-sdk/src/rp2_common/hardware_timer/timer.c.obj
                0x000000001000276c                hardware_alarm_set_target
 .text.hardware_alarm_cancel
                0x0000000010002840       0x3c CMakeFiles/pico_webserver.dir/pico-sdk/src/rp2_common/hardware_timer/timer.c.obj
                0x0000000010002840                hardware_alarm_cancel
 .text.hardware_alarm_force_irq
                0x000000001000287c       0x3c CMakeFiles/pico_webserver.dir/pico-sdk/src/rp2_common/hardware_timer/timer.c.obj
                0x000000001000287c                hardware_alarm_force_irq
 .text.ph_merge_nodes
                0x00000000100028b8       0x68 CMakeFiles/pico_webserver.dir/pico-sdk/src/common/pico_util/pheap.c.obj
 .text.ph_create
                0x0000000010002920       0x60 CMakeFiles/pico_webserver.dir/pico-sdk/src/common/pico_util/pheap.c.obj
                0x0000000010002920                ph_create
 .text.ph_post_alloc_init
                0x0000000010002980       0x3c CMakeFiles/pico_webserver.dir/pico-sdk/src/common/pico_util/pheap.c.obj
                0x0000000010002980                ph_post_alloc_init
 .text.ph_destroy
                0x00000000100029bc       0x14 CMakeFiles/pico_webserver.dir/pico-sdk/src/common/pico_util/pheap.c.obj
                0x00000000100029bc                ph_destroy
 .text.ph_merge_two_pass
                0x00000000100029d0       0x90 CMakeFiles/pico_webserver.dir/pico-sdk/src/common/pico_util/pheap.c.obj
                0x00000000100029d0                ph_merge_two_pass
 .text.ph_remove_any_head
                0x0000000010002a60      0x100 CMakeFiles/pico_webserver.dir/pico-sdk/src/common/pico_util/pheap.c.obj
 .text.ph_remove_head
                0x0000000010002b60      0x104 CMakeFiles/pico_webserver.dir/pico-sdk/src/common/pico_util/pheap.c.obj
                0x0000000010002b60                ph_remove_head
 .text.ph_remove_and_free_node
                0x0000000010002c64       0x7c CMakeFiles/pico_webserver.dir/pico-sdk/src/common/pico_util/pheap.c.obj
                0x0000000010002c64                ph_remove_and_free_node
 .text.clock_configure
                0x0000000010002ce0      0x118 CMakeFiles/pico_webserver.dir/pico-sdk/src/rp2_common/hardware_clocks/clocks.c.obj
                0x0000000010002ce0                clock_configure
 .text.clocks_init
                0x0000000010002df8      0x2d0 CMakeFiles/pico_webserver.dir/pico-sdk/src/rp2_common/hardware_clocks/clocks.c.obj
                0x0000000010002df8                clocks_init
 .text.clock_get_hz
                0x00000000100030c8        0xc CMakeFiles/pico_webserver.dir/pico-sdk/src/rp2_common/hardware_clocks/clocks.c.obj
                0x00000000100030c8                clock_get_hz
 .text.pll_init
                0x00000000100030d4       0xa0 CMakeFiles/pico_webserver.dir/pico-sdk/src/rp2_common/hardware_pll/pll.c.obj
                0x00000000100030d4                pll_init
 .text.watchdog_start_tick
                0x0000000010003174       0x10 CMakeFiles/pico_webserver.dir/pico-sdk/src/rp2_common/hardware_watchdog/watchdog.c.obj
                0x0000000010003174                watchdog_start_tick
 .text.xosc_init
                0x0000000010003184       0x28 CMakeFiles/pico_webserver.dir/pico-sdk/src/rp2_common/hardware_xosc/xosc.c.obj
                0x0000000010003184                xosc_init
 .text.runtime_init
                0x00000000100031ac       0xf0 CMakeFiles/pico_webserver.dir/pico-sdk/src/rp2_common/pico_runtime/runtime.c.obj
                0x00000000100031ac                runtime_init
 .text._exit    0x000000001000329c       0x14 CMakeFiles/pico_webserver.dir/pico-sdk/src/rp2_common/pico_runtime/runtime.c.obj
                0x000000001000329c                _exit
 .text._sbrk    0x00000000100032b0       0x34 CMakeFiles/pico_webserver.dir/pico-sdk/src/rp2_common/pico_runtime/runtime.c.obj
                0x00000000100032b0                _sbrk
 .text.exit     0x00000000100032e4        0x8 CMakeFiles/pico_webserver.dir/pico-sdk/src/rp2_common/pico_runtime/runtime.c.obj
                0x00000000100032e4                exit
 .text.panic    0x00000000100032ec       0x30 CMakeFiles/pico_webserver.dir/pico-sdk/src/rp2_common/pico_runtime/runtime.c.obj
                0x00000000100032ec                panic
 .text.hard_assertion_failure
                0x000000001000331c        0xc CMakeFiles/pico_webserver.dir/pico-sdk/src/rp2_common/pico_runtime/runtime.c.obj
                0x000000001000331c                hard_assertion_failure
 .text._out_buffer
                0x0000000010003328        0x8 CMakeFiles/pico_webserver.dir/pico-sdk/src/rp2_common/pico_printf/printf.c.obj
 .text._out_null
                0x0000000010003330        0x4 CMakeFiles/pico_webserver.dir/pico-sdk/src/rp2_common/pico_printf/printf.c.obj
 .text._out_rev
                0x0000000010003334       0x9c CMakeFiles/pico_webserver.dir/pico-sdk/src/rp2_common/pico_printf/printf.c.obj
 .text._ntoa_format
                0x00000000100033d0      0x1cc CMakeFiles/pico_webserver.dir/pico-sdk/src/rp2_common/pico_printf/printf.c.obj
 .text._out_char
                0x000000001000359c       0x10 CMakeFiles/pico_webserver.dir/pico-sdk/src/rp2_common/pico_printf/printf.c.obj
 .text._out_fct
                0x00000000100035ac       0x10 CMakeFiles/pico_webserver.dir/pico-sdk/src/rp2_common/pico_printf/printf.c.obj
 .text._etoa    0x00000000100035bc      0x44c CMakeFiles/pico_webserver.dir/pico-sdk/src/rp2_common/pico_printf/printf.c.obj
 .text._ftoa    0x0000000010003a08      0x398 CMakeFiles/pico_webserver.dir/pico-sdk/src/rp2_common/pico_printf/printf.c.obj
 .text._vsnprintf
                0x0000000010003da0      0xb04 CMakeFiles/pico_webserver.dir/pico-sdk/src/rp2_common/pico_printf/printf.c.obj
 .text.__wrap_sprintf
                0x00000000100048a4       0x28 CMakeFiles/pico_webserver.dir/pico-sdk/src/rp2_common/pico_printf/printf.c.obj
                0x00000000100048a4                __wrap_sprintf
 .text.__wrap_snprintf
                0x00000000100048cc       0x28 CMakeFiles/pico_webserver.dir/pico-sdk/src/rp2_common/pico_printf/printf.c.obj
                0x00000000100048cc                __wrap_snprintf
 .text.vfctprintf
                0x00000000100048f4       0x20 CMakeFiles/pico_webserver.dir/pico-sdk/src/rp2_common/pico_printf/printf.c.obj
                0x00000000100048f4                vfctprintf
 .text.weak_raw_vprintf
                0x0000000010004914       0x30 CMakeFiles/pico_webserver.dir/pico-sdk/src/rp2_common/pico_printf/printf.c.obj
                0x0000000010004914                weak_raw_vprintf
 .text          0x0000000010004944       0x10 CMakeFiles/pico_webserver.dir/pico-sdk/src/rp2_common/pico_bit_ops/bit_ops_aeabi.S.obj
 .text.ctzsi    0x0000000010004954        0xc CMakeFiles/pico_webserver.dir/pico-sdk/src/rp2_common/pico_bit_ops/bit_ops_aeabi.S.obj
                0x0000000010004954                __wrap___ctzsi2
 .text.rom_func_lookup
                0x0000000010004960       0x10 CMakeFiles/pico_webserver.dir/pico-sdk/src/rp2_common/pico_bootrom/bootrom.c.obj
                0x0000000010004960                rom_func_lookup
 .text.rom_data_lookup
                0x0000000010004970       0x10 CMakeFiles/pico_webserver.dir/pico-sdk/src/rp2_common/pico_bootrom/bootrom.c.obj
                0x0000000010004970                rom_data_lookup
 .text.rom_funcs_lookup
                0x0000000010004980       0x44 CMakeFiles/pico_webserver.dir/pico-sdk/src/rp2_common/pico_bootrom/bootrom.c.obj
                0x0000000010004980                rom_funcs_lookup
 .text.__wrap___aeabi_idiv
                0x00000000100049c4       0x50 CMakeFiles/pico_webserver.dir/pico-sdk/src/rp2_common/pico_divider/divider.S.obj
                0x00000000100049c4                __wrap___aeabi_idivmod
                0x00000000100049c4                divmod_s32s32
                0x00000000100049c4                div_s32s32
                0x00000000100049c4                __wrap___aeabi_idiv
                0x00000000100049cc                divmod_s32s32_unsafe
                0x00000000100049f8                divmod_s32s32_savestate
 .text.__wrap___aeabi_uidiv
                0x0000000010004a14       0x4c CMakeFiles/pico_webserver.dir/pico-sdk/src/rp2_common/pico_divider/divider.S.obj
                0x0000000010004a14                __wrap___aeabi_uidiv
                0x0000000010004a14                __wrap___aeabi_uidivmod
                0x0000000010004a14                div_u32u32
                0x0000000010004a14                divmod_u32u32
                0x0000000010004a1c                divmod_u32u32_unsafe
                0x0000000010004a44                divmod_u32u32_savestate
 .text.__wrap___aeabi_ldiv
                0x0000000010004a60      0x424 CMakeFiles/pico_webserver.dir/pico-sdk/src/rp2_common/pico_divider/divider.S.obj
                0x0000000010004a60                div_s64s64
                0x0000000010004a60                divmod_s64s64
                0x0000000010004a60                __wrap___aeabi_ldivmod
                0x0000000010004a90                div_u64u64
                0x0000000010004a90                divmod_u64u64
                0x0000000010004a90                __wrap___aeabi_uldivmod
                0x0000000010004aa0                divmod_u64u64_savestate
                0x0000000010004ac0                divmod_s64s64_unsafe
                0x0000000010004b48                divmod_u64u64_unsafe
 .text.__wrap___aeabi_darithmetic
                0x0000000010004e84       0x60 CMakeFiles/pico_webserver.dir/pico-sdk/src/rp2_common/pico_double/double_aeabi.S.obj
                0x0000000010004e84                __wrap___aeabi_drsub
                0x0000000010004e8a                __wrap___aeabi_dsub
                0x0000000010004e94                __wrap___aeabi_dadd
                0x0000000010004e9e                __wrap___aeabi_ddiv
                0x0000000010004ed2                __wrap___aeabi_dmul
 .text.__wrap___aeabi_cdcmple
                0x0000000010004ee4       0x6c CMakeFiles/pico_webserver.dir/pico-sdk/src/rp2_common/pico_double/double_aeabi.S.obj
                0x0000000010004ee4                __wrap___aeabi_cdrcmple
                0x0000000010004ef4                __wrap___aeabi_cdcmple
                0x0000000010004ef4                __wrap___aeabi_cdcmpeq
 .text.__wrap___aeabi_dcmplt
                0x0000000010004f50        0xc CMakeFiles/pico_webserver.dir/pico-sdk/src/rp2_common/pico_double/double_aeabi.S.obj
                0x0000000010004f50                __wrap___aeabi_dcmplt
 .text.__wrap___aeabi_dcmple
                0x0000000010004f5c       0x10 CMakeFiles/pico_webserver.dir/pico-sdk/src/rp2_common/pico_double/double_aeabi.S.obj
                0x0000000010004f5c                __wrap___aeabi_dcmple
 .text.__wrap___aeabi_dcmpge
                0x0000000010004f6c       0x10 CMakeFiles/pico_webserver.dir/pico-sdk/src/rp2_common/pico_double/double_aeabi.S.obj
                0x0000000010004f6c                __wrap___aeabi_dcmpge
 .text.__wrap___aeabi_dcmpgt
                0x0000000010004f7c        0xa CMakeFiles/pico_webserver.dir/pico-sdk/src/rp2_common/pico_double/double_aeabi.S.obj
                0x0000000010004f7c                __wrap___aeabi_dcmpgt
 .text.__wrap___aeabi_dcmpun
                0x0000000010004f86       0x1c CMakeFiles/pico_webserver.dir/pico-sdk/src/rp2_common/pico_double/double_aeabi.S.obj
                0x0000000010004f86                __wrap___aeabi_dcmpun
 *fill*         0x0000000010004fa2        0x2 
 .text.__wrap___aeabi_i2d
                0x0000000010004fa4       0x38 CMakeFiles/pico_webserver.dir/pico-sdk/src/rp2_common/pico_double/double_aeabi.S.obj
                0x0000000010004fa4                __wrap___aeabi_ui2d
                0x0000000010004fac                __wrap___aeabi_i2d
 .text.__wrap___aeabi_d2iz
                0x0000000010004fdc       0x48 CMakeFiles/pico_webserver.dir/pico-sdk/src/rp2_common/pico_double/double_aeabi.S.obj
                0x0000000010004fdc                __wrap___aeabi_d2iz
                0x0000000010004fdc                double2int_z
 .text.__wrap___aeabi_d2uiz
                0x0000000010005024       0x10 CMakeFiles/pico_webserver.dir/pico-sdk/src/rp2_common/pico_double/double_aeabi.S.obj
                0x0000000010005024                double2uint
                0x0000000010005024                __wrap___aeabi_d2uiz
 .text.missing_double_func_shim
                0x0000000010005034        0xc CMakeFiles/pico_webserver.dir/pico-sdk/src/rp2_common/pico_double/double_init_rom.c.obj
 .text.__aeabi_double_init
                0x0000000010005040       0x98 CMakeFiles/pico_webserver.dir/pico-sdk/src/rp2_common/pico_double/double_init_rom.c.obj
                0x0000000010005040                __aeabi_double_init
 .text.double_table_shim_on_use_helper
                0x00000000100050d8       0x2c CMakeFiles/pico_webserver.dir/pico-sdk/src/rp2_common/pico_double/double_v1_rom_shim.S.obj
                0x00000000100050d8                double_table_shim_on_use_helper
 .text.__aeabi_lmul
                0x0000000010005104       0x32 CMakeFiles/pico_webserver.dir/pico-sdk/src/rp2_common/pico_int64_ops/pico_int64_ops_aeabi.S.obj
                0x0000000010005104                __wrap___aeabi_lmul
 *fill*         0x0000000010005136        0x2 
 .text.missing_float_func_shim
                0x0000000010005138        0xc CMakeFiles/pico_webserver.dir/pico-sdk/src/rp2_common/pico_float/float_init_rom.c.obj
 .text.__aeabi_float_init
                0x0000000010005144       0x5c CMakeFiles/pico_webserver.dir/pico-sdk/src/rp2_common/pico_float/float_init_rom.c.obj
                0x0000000010005144                __aeabi_float_init
 .text.__wrap_malloc
                0x00000000100051a0       0x3c CMakeFiles/pico_webserver.dir/pico-sdk/src/rp2_common/pico_malloc/pico_malloc.c.obj
                0x00000000100051a0                __wrap_malloc
 .text.__wrap_calloc
                0x00000000100051dc       0x40 CMakeFiles/pico_webserver.dir/pico-sdk/src/rp2_common/pico_malloc/pico_malloc.c.obj
                0x00000000100051dc                __wrap_calloc
 .text.__wrap_free
                0x000000001000521c       0x20 CMakeFiles/pico_webserver.dir/pico-sdk/src/rp2_common/pico_malloc/pico_malloc.c.obj
                0x000000001000521c                __wrap_free
 .text          0x000000001000523c       0x10 CMakeFiles/pico_webserver.dir/pico-sdk/src/rp2_common/pico_mem_ops/mem_ops_aeabi.S.obj
                0x000000001000523c                __aeabi_mem_init
 .text.memset   0x000000001000524c        0xc CMakeFiles/pico_webserver.dir/pico-sdk/src/rp2_common/pico_mem_ops/mem_ops_aeabi.S.obj
                0x000000001000524c                __wrap_memset
 .text.memcpy   0x0000000010005258        0xc CMakeFiles/pico_webserver.dir/pico-sdk/src/rp2_common/pico_mem_ops/mem_ops_aeabi.S.obj
                0x0000000010005258                __wrap___aeabi_memcpy
                0x0000000010005258                __wrap_memcpy
 .text.stdio_out_chars_no_crlf
                0x0000000010005264       0x10 CMakeFiles/pico_webserver.dir/pico-sdk/src/rp2_common/pico_stdio/stdio.c.obj
 .text.stdio_out_chars_crlf
                0x0000000010005274       0xb4 CMakeFiles/pico_webserver.dir/pico-sdk/src/rp2_common/pico_stdio/stdio.c.obj
 .text.stdio_buffered_printer
                0x0000000010005328       0x64 CMakeFiles/pico_webserver.dir/pico-sdk/src/rp2_common/pico_stdio/stdio.c.obj
 .text.stdio_put_string.isra.0
                0x000000001000538c       0xfc CMakeFiles/pico_webserver.dir/pico-sdk/src/rp2_common/pico_stdio/stdio.c.obj
 .text.__wrap_putchar
                0x0000000010005488       0x98 CMakeFiles/pico_webserver.dir/pico-sdk/src/rp2_common/pico_stdio/stdio.c.obj
                0x0000000010005488                __wrap_putchar
 .text.__wrap_puts
                0x0000000010005520       0x3c CMakeFiles/pico_webserver.dir/pico-sdk/src/rp2_common/pico_stdio/stdio.c.obj
                0x0000000010005520                __wrap_puts
 .text.__wrap_vprintf
                0x000000001000555c       0xd8 CMakeFiles/pico_webserver.dir/pico-sdk/src/rp2_common/pico_stdio/stdio.c.obj
                0x000000001000555c                __wrap_vprintf
 .text.__wrap_printf
                0x0000000010005634       0x18 CMakeFiles/pico_webserver.dir/pico-sdk/src/rp2_common/pico_stdio/stdio.c.obj
                0x0000000010005634                __wrap_printf
 .text.startup._retrieve_unique_id_on_boot
                0x000000001000564c       0x10 CMakeFiles/pico_webserver.dir/pico-sdk/src/rp2_common/pico_unique_id/unique_id.c.obj
 .text.pico_get_unique_board_id
                0x000000001000565c       0x10 CMakeFiles/pico_webserver.dir/pico-sdk/src/rp2_common/pico_unique_id/unique_id.c.obj
                0x000000001000565c                pico_get_unique_board_id
 .text.flash_get_unique_id
                0x000000001000566c       0x40 CMakeFiles/pico_webserver.dir/pico-sdk/src/rp2_common/hardware_flash/flash.c.obj
                0x000000001000566c                flash_get_unique_id
 .text.dcd_int_enable
                0x00000000100056ac        0xc CMakeFiles/pico_webserver.dir/pico-sdk/lib/tinyusb/src/portable/raspberrypi/rp2040/dcd_rp2040.c.obj
                0x00000000100056ac                dcd_int_enable
 .text.dcd_set_address
                0x00000000100056b8       0x14 CMakeFiles/pico_webserver.dir/pico-sdk/lib/tinyusb/src/portable/raspberrypi/rp2040/dcd_rp2040.c.obj
                0x00000000100056b8                dcd_set_address
 .text.dcd_connect
                0x00000000100056cc       0x10 CMakeFiles/pico_webserver.dir/pico-sdk/lib/tinyusb/src/portable/raspberrypi/rp2040/dcd_rp2040.c.obj
                0x00000000100056cc                dcd_connect
 .text.dcd_init
                0x00000000100056dc       0x98 CMakeFiles/pico_webserver.dir/pico-sdk/lib/tinyusb/src/portable/raspberrypi/rp2040/dcd_rp2040.c.obj
                0x00000000100056dc                dcd_init
 .text.dcd_edpt0_status_complete
                0x0000000010005774       0x1c CMakeFiles/pico_webserver.dir/pico-sdk/lib/tinyusb/src/portable/raspberrypi/rp2040/dcd_rp2040.c.obj
                0x0000000010005774                dcd_edpt0_status_complete
 .text.dcd_edpt_open
                0x0000000010005790      0x108 CMakeFiles/pico_webserver.dir/pico-sdk/lib/tinyusb/src/portable/raspberrypi/rp2040/dcd_rp2040.c.obj
                0x0000000010005790                dcd_edpt_open
 .text.dcd_edpt_close_all
                0x0000000010005898        0x8 CMakeFiles/pico_webserver.dir/pico-sdk/lib/tinyusb/src/portable/raspberrypi/rp2040/dcd_rp2040.c.obj
                0x0000000010005898                dcd_edpt_close_all
 .text.dcd_edpt_xfer
                0x00000000100058a0       0x24 CMakeFiles/pico_webserver.dir/pico-sdk/lib/tinyusb/src/portable/raspberrypi/rp2040/dcd_rp2040.c.obj
                0x00000000100058a0                dcd_edpt_xfer
 .text.dcd_edpt_stall
                0x00000000100058c4       0x38 CMakeFiles/pico_webserver.dir/pico-sdk/lib/tinyusb/src/portable/raspberrypi/rp2040/dcd_rp2040.c.obj
                0x00000000100058c4                dcd_edpt_stall
 .text.dcd_edpt_clear_stall
                0x00000000100058fc       0x30 CMakeFiles/pico_webserver.dir/pico-sdk/lib/tinyusb/src/portable/raspberrypi/rp2040/dcd_rp2040.c.obj
                0x00000000100058fc                dcd_edpt_clear_stall
 .text.rp2040_usb_init
                0x000000001000592c       0x4c CMakeFiles/pico_webserver.dir/pico-sdk/lib/tinyusb/src/portable/raspberrypi/rp2040/rp2040_usb.c.obj
                0x000000001000592c                rp2040_usb_init
 .text.hw_endpoint_xfer_start
                0x0000000010005978       0x50 CMakeFiles/pico_webserver.dir/pico-sdk/lib/tinyusb/src/portable/raspberrypi/rp2040/rp2040_usb.c.obj
                0x0000000010005978                hw_endpoint_xfer_start
 .text.tud_mounted
                0x00000000100059c8       0x10 CMakeFiles/pico_webserver.dir/pico-sdk/lib/tinyusb/src/device/usbd.c.obj
                0x00000000100059c8                tud_mounted
 .text.tud_suspended
                0x00000000100059d8       0x10 CMakeFiles/pico_webserver.dir/pico-sdk/lib/tinyusb/src/device/usbd.c.obj
                0x00000000100059d8                tud_suspended
 .text.tud_init
                0x00000000100059e8       0xe0 CMakeFiles/pico_webserver.dir/pico-sdk/lib/tinyusb/src/device/usbd.c.obj
                0x00000000100059e8                tud_init
 .text.tud_task_ext
                0x0000000010005ac8      0x7ec CMakeFiles/pico_webserver.dir/pico-sdk/lib/tinyusb/src/device/usbd.c.obj
                0x0000000010005ac8                tud_task_ext
 .text.usbd_open_edpt_pair
                0x00000000100062b4       0x9c CMakeFiles/pico_webserver.dir/pico-sdk/lib/tinyusb/src/device/usbd.c.obj
                0x00000000100062b4                usbd_open_edpt_pair
 .text.usbd_edpt_open
                0x0000000010006350       0x34 CMakeFiles/pico_webserver.dir/pico-sdk/lib/tinyusb/src/device/usbd.c.obj
                0x0000000010006350                usbd_edpt_open
 .text.usbd_edpt_xfer
                0x0000000010006384       0x4c CMakeFiles/pico_webserver.dir/pico-sdk/lib/tinyusb/src/device/usbd.c.obj
                0x0000000010006384                usbd_edpt_xfer
 .text.usbd_edpt_busy
                0x00000000100063d0       0x1c CMakeFiles/pico_webserver.dir/pico-sdk/lib/tinyusb/src/device/usbd.c.obj
                0x00000000100063d0                usbd_edpt_busy
 .text.tud_control_status
                0x00000000100063ec       0x30 CMakeFiles/pico_webserver.dir/pico-sdk/lib/tinyusb/src/device/usbd_control.c.obj
                0x00000000100063ec                tud_control_status
 .text.tud_control_xfer
                0x000000001000641c       0xbc CMakeFiles/pico_webserver.dir/pico-sdk/lib/tinyusb/src/device/usbd_control.c.obj
                0x000000001000641c                tud_control_xfer
 .text.usbd_control_reset
                0x00000000100064d8       0x14 CMakeFiles/pico_webserver.dir/pico-sdk/lib/tinyusb/src/device/usbd_control.c.obj
                0x00000000100064d8                usbd_control_reset
 .text.usbd_control_set_complete_callback
                0x00000000100064ec        0xc CMakeFiles/pico_webserver.dir/pico-sdk/lib/tinyusb/src/device/usbd_control.c.obj
                0x00000000100064ec                usbd_control_set_complete_callback
 .text.usbd_control_set_request
                0x00000000100064f8       0x1c CMakeFiles/pico_webserver.dir/pico-sdk/lib/tinyusb/src/device/usbd_control.c.obj
                0x00000000100064f8                usbd_control_set_request
 .text.usbd_control_xfer_cb
                0x0000000010006514       0xfc CMakeFiles/pico_webserver.dir/pico-sdk/lib/tinyusb/src/device/usbd_control.c.obj
                0x0000000010006514                usbd_control_xfer_cb
 .text.tud_network_recv_renew
                0x0000000010006610       0x20 CMakeFiles/pico_webserver.dir/pico-sdk/lib/tinyusb/src/class/net/ecm_rndis_device.c.obj
                0x0000000010006610                tud_network_recv_renew
 .text.netd_report
                0x0000000010006630       0x24 CMakeFiles/pico_webserver.dir/pico-sdk/lib/tinyusb/src/class/net/ecm_rndis_device.c.obj
                0x0000000010006630                netd_report
 .text.netd_init
                0x0000000010006654       0x14 CMakeFiles/pico_webserver.dir/pico-sdk/lib/tinyusb/src/class/net/ecm_rndis_device.c.obj
                0x0000000010006654                netd_init
 .text.netd_reset
                0x0000000010006668       0x14 CMakeFiles/pico_webserver.dir/pico-sdk/lib/tinyusb/src/class/net/ecm_rndis_device.c.obj
                0x0000000010006668                netd_reset
 .text.netd_open
                0x000000001000667c      0x11c CMakeFiles/pico_webserver.dir/pico-sdk/lib/tinyusb/src/class/net/ecm_rndis_device.c.obj
                0x000000001000667c                netd_open
 .text.netd_control_xfer_cb
                0x0000000010006798      0x174 CMakeFiles/pico_webserver.dir/pico-sdk/lib/tinyusb/src/class/net/ecm_rndis_device.c.obj
                0x0000000010006798                netd_control_xfer_cb
 .text.netd_xfer_cb
                0x000000001000690c       0xec CMakeFiles/pico_webserver.dir/pico-sdk/lib/tinyusb/src/class/net/ecm_rndis_device.c.obj
                0x000000001000690c                netd_xfer_cb
 .text.tud_network_can_xmit
                0x00000000100069f8        0xc CMakeFiles/pico_webserver.dir/pico-sdk/lib/tinyusb/src/class/net/ecm_rndis_device.c.obj
                0x00000000100069f8                tud_network_can_xmit
 .text.tud_network_xmit
                0x0000000010006a04       0x98 CMakeFiles/pico_webserver.dir/pico-sdk/lib/tinyusb/src/class/net/ecm_rndis_device.c.obj
                0x0000000010006a04                tud_network_xmit
 .text.tusb_init
                0x0000000010006a9c        0xc CMakeFiles/pico_webserver.dir/pico-sdk/lib/tinyusb/src/tusb.c.obj
                0x0000000010006a9c                tusb_init
 .text.tu_edpt_validate
                0x0000000010006aa8       0x78 CMakeFiles/pico_webserver.dir/pico-sdk/lib/tinyusb/src/tusb.c.obj
                0x0000000010006aa8                tu_edpt_validate
 .text.tu_edpt_bind_driver
                0x0000000010006b20       0x34 CMakeFiles/pico_webserver.dir/pico-sdk/lib/tinyusb/src/tusb.c.obj
                0x0000000010006b20                tu_edpt_bind_driver
 .text.tu_fifo_read
                0x0000000010006b54       0xa0 CMakeFiles/pico_webserver.dir/pico-sdk/lib/tinyusb/src/common/tusb_fifo.c.obj
                0x0000000010006b54                tu_fifo_read
 .text.tu_fifo_write
                0x0000000010006bf4       0x88 CMakeFiles/pico_webserver.dir/pico-sdk/lib/tinyusb/src/common/tusb_fifo.c.obj
                0x0000000010006bf4                tu_fifo_write
 .text.tu_fifo_clear
                0x0000000010006c7c       0x40 CMakeFiles/pico_webserver.dir/pico-sdk/lib/tinyusb/src/common/tusb_fifo.c.obj
                0x0000000010006c7c                tu_fifo_clear
 .text.cyw43_arch_set_async_context
                0x0000000010006cbc        0xc CMakeFiles/pico_webserver.dir/pico-sdk/src/rp2_common/pico_cyw43_arch/cyw43_arch.c.obj
                0x0000000010006cbc                cyw43_arch_set_async_context
 .text.cyw43_arch_enable_sta_mode
                0x0000000010006cc8       0x1c CMakeFiles/pico_webserver.dir/pico-sdk/src/rp2_common/pico_cyw43_arch/cyw43_arch.c.obj
                0x0000000010006cc8                cyw43_arch_enable_sta_mode
 .text.cyw43_arch_wifi_connect_async
                0x0000000010006ce4       0x48 CMakeFiles/pico_webserver.dir/pico-sdk/src/rp2_common/pico_cyw43_arch/cyw43_arch.c.obj
                0x0000000010006ce4                cyw43_arch_wifi_connect_async
 .text.cyw43_arch_init_with_country
                0x0000000010006d2c       0x10 CMakeFiles/pico_webserver.dir/pico-sdk/src/rp2_common/pico_cyw43_arch/cyw43_arch.c.obj
                0x0000000010006d2c                cyw43_arch_init_with_country
 .text.cyw43_arch_gpio_put
                0x0000000010006d3c       0x14 CMakeFiles/pico_webserver.dir/pico-sdk/src/rp2_common/pico_cyw43_arch/cyw43_arch.c.obj
                0x0000000010006d3c                cyw43_arch_gpio_put
 .text.cyw43_arch_async_context
                0x0000000010006d50        0xc CMakeFiles/pico_webserver.dir/pico-sdk/src/rp2_common/pico_cyw43_arch/cyw43_arch.c.obj
                0x0000000010006d50                cyw43_arch_async_context
 .text.cyw43_arch_init
                0x0000000010006d5c       0x6c CMakeFiles/pico_webserver.dir/pico-sdk/src/rp2_common/pico_cyw43_arch/cyw43_arch_threadsafe_background.c.obj
                0x0000000010006d5c                cyw43_arch_init
 .text.ns_delay.constprop.0
                0x0000000010006dc8       0x20 CMakeFiles/pico_webserver.dir/pico-sdk/src/rp2_common/pico_cyw43_driver/cyw43_bus_pio_spi.c.obj
 .text.cyw43_spi_deinit
                0x0000000010006de8       0x7c CMakeFiles/pico_webserver.dir/pico-sdk/src/rp2_common/pico_cyw43_driver/cyw43_bus_pio_spi.c.obj
                0x0000000010006de8                cyw43_spi_deinit
 .text.cyw43_spi_init
                0x0000000010006e64      0x154 CMakeFiles/pico_webserver.dir/pico-sdk/src/rp2_common/pico_cyw43_driver/cyw43_bus_pio_spi.c.obj
                0x0000000010006e64                cyw43_spi_init
 .text.cyw43_spi_transfer
                0x0000000010006fb8      0x430 CMakeFiles/pico_webserver.dir/pico-sdk/src/rp2_common/pico_cyw43_driver/cyw43_bus_pio_spi.c.obj
                0x0000000010006fb8                cyw43_spi_transfer
 .text.cyw43_spi_gpio_setup
                0x00000000100073e8       0x3c CMakeFiles/pico_webserver.dir/pico-sdk/src/rp2_common/pico_cyw43_driver/cyw43_bus_pio_spi.c.obj
                0x00000000100073e8                cyw43_spi_gpio_setup
 .text.cyw43_spi_reset
                0x0000000010007424       0x28 CMakeFiles/pico_webserver.dir/pico-sdk/src/rp2_common/pico_cyw43_driver/cyw43_bus_pio_spi.c.obj
                0x0000000010007424                cyw43_spi_reset
 .text.read_reg_u32_swap
                0x000000001000744c       0x3c CMakeFiles/pico_webserver.dir/pico-sdk/src/rp2_common/pico_cyw43_driver/cyw43_bus_pio_spi.c.obj
                0x000000001000744c                read_reg_u32_swap
 .text.cyw43_read_reg_u32
                0x0000000010007488       0x6c CMakeFiles/pico_webserver.dir/pico-sdk/src/rp2_common/pico_cyw43_driver/cyw43_bus_pio_spi.c.obj
                0x0000000010007488                cyw43_read_reg_u32
 .text.cyw43_read_reg_u16
                0x00000000100074f4       0x6c CMakeFiles/pico_webserver.dir/pico-sdk/src/rp2_common/pico_cyw43_driver/cyw43_bus_pio_spi.c.obj
                0x00000000100074f4                cyw43_read_reg_u16
 .text.cyw43_read_reg_u8
                0x0000000010007560       0x6c CMakeFiles/pico_webserver.dir/pico-sdk/src/rp2_common/pico_cyw43_driver/cyw43_bus_pio_spi.c.obj
                0x0000000010007560                cyw43_read_reg_u8
 .text.write_reg_u32_swap
                0x00000000100075cc      0x1e0 CMakeFiles/pico_webserver.dir/pico-sdk/src/rp2_common/pico_cyw43_driver/cyw43_bus_pio_spi.c.obj
                0x00000000100075cc                write_reg_u32_swap
 .text.cyw43_write_reg_u32
                0x00000000100077ac      0x200 CMakeFiles/pico_webserver.dir/pico-sdk/src/rp2_common/pico_cyw43_driver/cyw43_bus_pio_spi.c.obj
                0x00000000100077ac                cyw43_write_reg_u32
 .text.cyw43_write_reg_u16
                0x00000000100079ac      0x200 CMakeFiles/pico_webserver.dir/pico-sdk/src/rp2_common/pico_cyw43_driver/cyw43_bus_pio_spi.c.obj
                0x00000000100079ac                cyw43_write_reg_u16
 .text.cyw43_write_reg_u8
                0x0000000010007bac      0x200 CMakeFiles/pico_webserver.dir/pico-sdk/src/rp2_common/pico_cyw43_driver/cyw43_bus_pio_spi.c.obj
                0x0000000010007bac                cyw43_write_reg_u8
 .text.cyw43_read_bytes
                0x0000000010007dac       0x78 CMakeFiles/pico_webserver.dir/pico-sdk/src/rp2_common/pico_cyw43_driver/cyw43_bus_pio_spi.c.obj
                0x0000000010007dac                cyw43_read_bytes
 .text.cyw43_write_bytes
                0x0000000010007e24       0xec CMakeFiles/pico_webserver.dir/pico-sdk/src/rp2_common/pico_cyw43_driver/cyw43_bus_pio_spi.c.obj
                0x0000000010007e24                cyw43_write_bytes
 .text.cyw43_set_backplane_window
                0x0000000010007f10       0x64 CMakeFiles/pico_webserver.dir/pico-sdk/lib/cyw43-driver/src/cyw43_ll.c.obj
 .text.cyw43_ll_parse_async_event
                0x0000000010007f74      0x13c CMakeFiles/pico_webserver.dir/pico-sdk/lib/cyw43-driver/src/cyw43_ll.c.obj
 .text.cyw43_kso_set
                0x00000000100080b0       0xa0 CMakeFiles/pico_webserver.dir/pico-sdk/lib/cyw43-driver/src/cyw43_ll.c.obj
 .text.cyw43_ll_sdpcm_poll_device
                0x0000000010008150      0x238 CMakeFiles/pico_webserver.dir/pico-sdk/lib/cyw43-driver/src/cyw43_ll.c.obj
 .text.cyw43_sdpcm_send_common
                0x0000000010008388       0xf0 CMakeFiles/pico_webserver.dir/pico-sdk/lib/cyw43-driver/src/cyw43_ll.c.obj
 .text.cyw43_do_ioctl.part.0
                0x0000000010008478       0xc4 CMakeFiles/pico_webserver.dir/pico-sdk/lib/cyw43-driver/src/cyw43_ll.c.obj
 .text.cyw43_write_iovar_u32
                0x000000001000853c       0xa4 CMakeFiles/pico_webserver.dir/pico-sdk/lib/cyw43-driver/src/cyw43_ll.c.obj
 .text.cyw43_write_iovar_u32_u32.constprop.0
                0x00000000100085e0       0xb0 CMakeFiles/pico_webserver.dir/pico-sdk/lib/cyw43-driver/src/cyw43_ll.c.obj
 .text.cyw43_read_backplane.constprop.0
                0x0000000010008690       0xdc CMakeFiles/pico_webserver.dir/pico-sdk/lib/cyw43-driver/src/cyw43_ll.c.obj
 .text.cyw43_write_backplane
                0x000000001000876c      0x104 CMakeFiles/pico_webserver.dir/pico-sdk/lib/cyw43-driver/src/cyw43_ll.c.obj
 .text.reset_device_core.constprop.0
                0x0000000010008870      0x3f0 CMakeFiles/pico_webserver.dir/pico-sdk/lib/cyw43-driver/src/cyw43_ll.c.obj
 .text.cyw43_ll_init
                0x0000000010008c60       0x1c CMakeFiles/pico_webserver.dir/pico-sdk/lib/cyw43-driver/src/cyw43_ll.c.obj
                0x0000000010008c60                cyw43_ll_init
 .text.cyw43_ll_deinit
                0x0000000010008c7c        0x8 CMakeFiles/pico_webserver.dir/pico-sdk/lib/cyw43-driver/src/cyw43_ll.c.obj
                0x0000000010008c7c                cyw43_ll_deinit
 .text.cyw43_ll_send_ethernet
                0x0000000010008c84       0x60 CMakeFiles/pico_webserver.dir/pico-sdk/lib/cyw43-driver/src/cyw43_ll.c.obj
                0x0000000010008c84                cyw43_ll_send_ethernet
 .text.cyw43_ll_process_packets
                0x0000000010008ce4       0x54 CMakeFiles/pico_webserver.dir/pico-sdk/lib/cyw43-driver/src/cyw43_ll.c.obj
                0x0000000010008ce4                cyw43_ll_process_packets
 .text.cyw43_ll_ioctl
                0x0000000010008d38       0x80 CMakeFiles/pico_webserver.dir/pico-sdk/lib/cyw43-driver/src/cyw43_ll.c.obj
                0x0000000010008d38                cyw43_ll_ioctl
 .text.cyw43_ll_bus_sleep
                0x0000000010008db8       0x34 CMakeFiles/pico_webserver.dir/pico-sdk/lib/cyw43-driver/src/cyw43_ll.c.obj
                0x0000000010008db8                cyw43_ll_bus_sleep
 .text.cyw43_ll_wifi_on
                0x0000000010008dec      0x220 CMakeFiles/pico_webserver.dir/pico-sdk/lib/cyw43-driver/src/cyw43_ll.c.obj
                0x0000000010008dec                cyw43_ll_wifi_on
 .text.cyw43_ll_wifi_get_mac
                0x000000001000900c       0x74 CMakeFiles/pico_webserver.dir/pico-sdk/lib/cyw43-driver/src/cyw43_ll.c.obj
                0x000000001000900c                cyw43_ll_wifi_get_mac
 .text.cyw43_ll_bus_init
                0x0000000010009080      0xa24 CMakeFiles/pico_webserver.dir/pico-sdk/lib/cyw43-driver/src/cyw43_ll.c.obj
                0x0000000010009080                cyw43_ll_bus_init
 .text.cyw43_ll_wifi_pm
                0x0000000010009aa4      0x138 CMakeFiles/pico_webserver.dir/pico-sdk/lib/cyw43-driver/src/cyw43_ll.c.obj
                0x0000000010009aa4                cyw43_ll_wifi_pm
 .text.cyw43_ll_wifi_scan
                0x0000000010009bdc       0xa0 CMakeFiles/pico_webserver.dir/pico-sdk/lib/cyw43-driver/src/cyw43_ll.c.obj
                0x0000000010009bdc                cyw43_ll_wifi_scan
 .text.cyw43_ll_wifi_join
                0x0000000010009c7c      0x3ec CMakeFiles/pico_webserver.dir/pico-sdk/lib/cyw43-driver/src/cyw43_ll.c.obj
                0x0000000010009c7c                cyw43_ll_wifi_join
 .text.cyw43_ll_wifi_set_wpa_auth
                0x000000001000a068       0x4c CMakeFiles/pico_webserver.dir/pico-sdk/lib/cyw43-driver/src/cyw43_ll.c.obj
                0x000000001000a068                cyw43_ll_wifi_set_wpa_auth
 .text.cyw43_ll_wifi_rejoin
                0x000000001000a0b4       0x58 CMakeFiles/pico_webserver.dir/pico-sdk/lib/cyw43-driver/src/cyw43_ll.c.obj
                0x000000001000a0b4                cyw43_ll_wifi_rejoin
 .text.cyw43_ll_wifi_ap_init
                0x000000001000a10c      0x2e8 CMakeFiles/pico_webserver.dir/pico-sdk/lib/cyw43-driver/src/cyw43_ll.c.obj
                0x000000001000a10c                cyw43_ll_wifi_ap_init
 .text.cyw43_ll_wifi_ap_set_up
                0x000000001000a3f4       0x80 CMakeFiles/pico_webserver.dir/pico-sdk/lib/cyw43-driver/src/cyw43_ll.c.obj
                0x000000001000a3f4                cyw43_ll_wifi_ap_set_up
 .text.cyw43_ll_gpio_set
                0x000000001000a474       0x9c CMakeFiles/pico_webserver.dir/pico-sdk/lib/cyw43-driver/src/cyw43_ll.c.obj
                0x000000001000a474                cyw43_ll_gpio_set
 .text.cyw43_ll_has_work
                0x000000001000a510       0x14 CMakeFiles/pico_webserver.dir/pico-sdk/lib/cyw43-driver/src/cyw43_ll.c.obj
                0x000000001000a510                cyw43_ll_has_work
 .text.cyw43_poll_func
                0x000000001000a524       0xc0 CMakeFiles/pico_webserver.dir/pico-sdk/lib/cyw43-driver/src/cyw43_ctrl.c.obj
 .text.cyw43_init
                0x000000001000a5e4       0x6c CMakeFiles/pico_webserver.dir/pico-sdk/lib/cyw43-driver/src/cyw43_ctrl.c.obj
                0x000000001000a5e4                cyw43_init
 .text.cyw43_deinit
                0x000000001000a650       0x90 CMakeFiles/pico_webserver.dir/pico-sdk/lib/cyw43-driver/src/cyw43_ctrl.c.obj
                0x000000001000a650                cyw43_deinit
 .text.cyw43_cb_read_host_interrupt_pin
                0x000000001000a6e0        0xc CMakeFiles/pico_webserver.dir/pico-sdk/lib/cyw43-driver/src/cyw43_ctrl.c.obj
                0x000000001000a6e0                cyw43_cb_read_host_interrupt_pin
 .text.cyw43_cb_ensure_awake
                0x000000001000a6ec        0xc CMakeFiles/pico_webserver.dir/pico-sdk/lib/cyw43-driver/src/cyw43_ctrl.c.obj
                0x000000001000a6ec                cyw43_cb_ensure_awake
 .text.cyw43_cb_process_async_event
                0x000000001000a6f8      0x228 CMakeFiles/pico_webserver.dir/pico-sdk/lib/cyw43-driver/src/cyw43_ctrl.c.obj
                0x000000001000a6f8                cyw43_cb_process_async_event
 .text.cyw43_send_ethernet
                0x000000001000a920       0xc0 CMakeFiles/pico_webserver.dir/pico-sdk/lib/cyw43-driver/src/cyw43_ctrl.c.obj
                0x000000001000a920                cyw43_send_ethernet
 .text.cyw43_wifi_pm
                0x000000001000a9e0       0xb4 CMakeFiles/pico_webserver.dir/pico-sdk/lib/cyw43-driver/src/cyw43_ctrl.c.obj
                0x000000001000a9e0                cyw43_wifi_pm
 .text.cyw43_wifi_set_up
                0x000000001000aa94      0x308 CMakeFiles/pico_webserver.dir/pico-sdk/lib/cyw43-driver/src/cyw43_ctrl.c.obj
                0x000000001000aa94                cyw43_wifi_set_up
 .text.cyw43_wifi_scan
                0x000000001000ad9c       0xd4 CMakeFiles/pico_webserver.dir/pico-sdk/lib/cyw43-driver/src/cyw43_ctrl.c.obj
                0x000000001000ad9c                cyw43_wifi_scan
 .text.cyw43_wifi_join
                0x000000001000ae70       0xf4 CMakeFiles/pico_webserver.dir/pico-sdk/lib/cyw43-driver/src/cyw43_ctrl.c.obj
                0x000000001000ae70                cyw43_wifi_join
 .text.cyw43_gpio_set
                0x000000001000af64       0xa0 CMakeFiles/pico_webserver.dir/pico-sdk/lib/cyw43-driver/src/cyw43_ctrl.c.obj
                0x000000001000af64                cyw43_gpio_set
 .text.pio_sm_unclaim
                0x000000001000b004       0x20 CMakeFiles/pico_webserver.dir/pico-sdk/src/rp2_common/hardware_pio/pio.c.obj
                0x000000001000b004                pio_sm_unclaim
 .text.pio_claim_unused_sm
                0x000000001000b024       0x3c CMakeFiles/pico_webserver.dir/pico-sdk/src/rp2_common/hardware_pio/pio.c.obj
                0x000000001000b024                pio_claim_unused_sm
 .text.pio_can_add_program
                0x000000001000b060       0x68 CMakeFiles/pico_webserver.dir/pico-sdk/src/rp2_common/hardware_pio/pio.c.obj
                0x000000001000b060                pio_can_add_program
 .text.pio_add_program
                0x000000001000b0c8       0xc8 CMakeFiles/pico_webserver.dir/pico-sdk/src/rp2_common/hardware_pio/pio.c.obj
                0x000000001000b0c8                pio_add_program
 .text.pio_remove_program
                0x000000001000b190       0x34 CMakeFiles/pico_webserver.dir/pico-sdk/src/rp2_common/hardware_pio/pio.c.obj
                0x000000001000b190                pio_remove_program
 .text.pio_sm_set_pindirs_with_mask
                0x000000001000b1c4       0xa4 CMakeFiles/pico_webserver.dir/pico-sdk/src/rp2_common/hardware_pio/pio.c.obj
                0x000000001000b1c4                pio_sm_set_pindirs_with_mask
 .text.pio_sm_set_consecutive_pindirs
                0x000000001000b268       0xb0 CMakeFiles/pico_webserver.dir/pico-sdk/src/rp2_common/hardware_pio/pio.c.obj
                0x000000001000b268                pio_sm_set_consecutive_pindirs
 .text.dma_channel_unclaim
                0x000000001000b318       0x10 CMakeFiles/pico_webserver.dir/pico-sdk/src/rp2_common/hardware_dma/dma.c.obj
                0x000000001000b318                dma_channel_unclaim
 .text.dma_claim_unused_channel
                0x000000001000b328       0x20 CMakeFiles/pico_webserver.dir/pico-sdk/src/rp2_common/hardware_dma/dma.c.obj
                0x000000001000b328                dma_claim_unused_channel
 .text.dma_channel_cleanup
                0x000000001000b348       0x60 CMakeFiles/pico_webserver.dir/pico-sdk/src/rp2_common/hardware_dma/dma.c.obj
                0x000000001000b348                dma_channel_cleanup
 .text.cyw43_sleep_timeout_reached
                0x000000001000b3a8       0x10 CMakeFiles/pico_webserver.dir/pico-sdk/src/rp2_common/pico_cyw43_driver/cyw43_driver.c.obj
 .text.cyw43_irq_init
                0x000000001000b3b8       0x28 CMakeFiles/pico_webserver.dir/pico-sdk/src/rp2_common/pico_cyw43_driver/cyw43_driver.c.obj
                0x000000001000b3b8                cyw43_irq_init
 .text.cyw43_irq_deinit
                0x000000001000b3e0       0x20 CMakeFiles/pico_webserver.dir/pico-sdk/src/rp2_common/pico_cyw43_driver/cyw43_driver.c.obj
                0x000000001000b3e0                cyw43_irq_deinit
 .text.cyw43_gpio_irq_handler
                0x000000001000b400       0x44 CMakeFiles/pico_webserver.dir/pico-sdk/src/rp2_common/pico_cyw43_driver/cyw43_driver.c.obj
 .text.cyw43_do_poll
                0x000000001000b444       0x6c CMakeFiles/pico_webserver.dir/pico-sdk/src/rp2_common/pico_cyw43_driver/cyw43_driver.c.obj
 .text.cyw43_post_poll_hook
                0x000000001000b4b0       0x10 CMakeFiles/pico_webserver.dir/pico-sdk/src/rp2_common/pico_cyw43_driver/cyw43_driver.c.obj
                0x000000001000b4b0                cyw43_post_poll_hook
 .text.cyw43_schedule_internal_poll_dispatch
                0x000000001000b4c0       0x18 CMakeFiles/pico_webserver.dir/pico-sdk/src/rp2_common/pico_cyw43_driver/cyw43_driver.c.obj
                0x000000001000b4c0                cyw43_schedule_internal_poll_dispatch
 .text.cyw43_driver_init
                0x000000001000b4d8       0x38 CMakeFiles/pico_webserver.dir/pico-sdk/src/rp2_common/pico_cyw43_driver/cyw43_driver.c.obj
                0x000000001000b4d8                cyw43_driver_init
 .text.cyw43_driver_deinit
                0x000000001000b510       0x44 CMakeFiles/pico_webserver.dir/pico-sdk/src/rp2_common/pico_cyw43_driver/cyw43_driver.c.obj
                0x000000001000b510                cyw43_driver_deinit
 .text.cyw43_hal_generate_laa_mac
                0x000000001000b554       0x28 CMakeFiles/pico_webserver.dir/pico-sdk/src/rp2_common/pico_cyw43_driver/cyw43_driver.c.obj
                0x000000001000b554                cyw43_hal_generate_laa_mac
 .text.cyw43_hal_get_mac
                0x000000001000b57c       0x1c CMakeFiles/pico_webserver.dir/pico-sdk/src/rp2_common/pico_cyw43_driver/cyw43_driver.c.obj
                0x000000001000b57c                cyw43_hal_get_mac
 .text.cyw43_thread_enter
                0x000000001000b598       0x14 CMakeFiles/pico_webserver.dir/pico-sdk/src/rp2_common/pico_cyw43_driver/cyw43_driver.c.obj
                0x000000001000b598                cyw43_thread_enter
 .text.cyw43_thread_exit
                0x000000001000b5ac       0x14 CMakeFiles/pico_webserver.dir/pico-sdk/src/rp2_common/pico_cyw43_driver/cyw43_driver.c.obj
                0x000000001000b5ac                cyw43_thread_exit
 .text.cyw43_await_background_or_timeout_us
                0x000000001000b5c0       0x34 CMakeFiles/pico_webserver.dir/pico-sdk/src/rp2_common/pico_cyw43_driver/cyw43_driver.c.obj
                0x000000001000b5c0                cyw43_await_background_or_timeout_us
 .text.cyw43_delay_ms
                0x000000001000b5f4       0x44 CMakeFiles/pico_webserver.dir/pico-sdk/src/rp2_common/pico_cyw43_driver/cyw43_driver.c.obj
                0x000000001000b5f4                cyw43_delay_ms
 .text.cyw43_delay_us
                0x000000001000b638       0x34 CMakeFiles/pico_webserver.dir/pico-sdk/src/rp2_common/pico_cyw43_driver/cyw43_driver.c.obj
                0x000000001000b638                cyw43_delay_us
 .text.cyw43_cb_tcpip_init
                0x000000001000b66c        0x4 CMakeFiles/pico_webserver.dir/pico-sdk/src/rp2_common/pico_cyw43_driver/cyw43_driver.c.obj
                0x000000001000b66c                cyw43_cb_tcpip_init
 .text.cyw43_cb_tcpip_deinit
                0x000000001000b670        0x4 CMakeFiles/pico_webserver.dir/pico-sdk/src/rp2_common/pico_cyw43_driver/cyw43_driver.c.obj
                0x000000001000b670                cyw43_cb_tcpip_deinit
 .text.handle_sync_func_call
                0x000000001000b674       0x24 CMakeFiles/pico_webserver.dir/pico-sdk/src/rp2_common/pico_async_context/async_context_threadsafe_background.c.obj
 .text.async_context_threadsafe_background_acquire_lock_blocking
                0x000000001000b698        0xc CMakeFiles/pico_webserver.dir/pico-sdk/src/rp2_common/pico_async_context/async_context_threadsafe_background.c.obj
 .text.process_under_lock
                0x000000001000b6a4       0xc8 CMakeFiles/pico_webserver.dir/pico-sdk/src/rp2_common/pico_async_context/async_context_threadsafe_background.c.obj
 .text.async_context_threadsafe_background_deinit
                0x000000001000b76c       0x64 CMakeFiles/pico_webserver.dir/pico-sdk/src/rp2_common/pico_async_context/async_context_threadsafe_background.c.obj
 .text.low_priority_irq_handler
                0x000000001000b7d0       0x3c CMakeFiles/pico_webserver.dir/pico-sdk/src/rp2_common/pico_async_context/async_context_threadsafe_background.c.obj
 .text.async_context_threadsafe_background_wait_for_work_until
                0x000000001000b80c        0xc CMakeFiles/pico_webserver.dir/pico-sdk/src/rp2_common/pico_async_context/async_context_threadsafe_background.c.obj
 .text.async_context_threadsafe_background_wait_until
                0x000000001000b818       0x1c CMakeFiles/pico_webserver.dir/pico-sdk/src/rp2_common/pico_async_context/async_context_threadsafe_background.c.obj
 .text.async_context_threadsafe_background_lock_check
                0x000000001000b834       0x28 CMakeFiles/pico_webserver.dir/pico-sdk/src/rp2_common/pico_async_context/async_context_threadsafe_background.c.obj
 .text.async_context_threadsafe_background_execute_sync
                0x000000001000b85c       0xe4 CMakeFiles/pico_webserver.dir/pico-sdk/src/rp2_common/pico_async_context/async_context_threadsafe_background.c.obj
                0x000000001000b85c                async_context_threadsafe_background_execute_sync
 .text.async_context_threadsafe_background_set_work_pending
                0x000000001000b940       0x50 CMakeFiles/pico_webserver.dir/pico-sdk/src/rp2_common/pico_async_context/async_context_threadsafe_background.c.obj
 .text.alarm_handler
                0x000000001000b990       0x58 CMakeFiles/pico_webserver.dir/pico-sdk/src/rp2_common/pico_async_context/async_context_threadsafe_background.c.obj
 .text.async_context_threadsafe_background_release_lock
                0x000000001000b9e8       0x7c CMakeFiles/pico_webserver.dir/pico-sdk/src/rp2_common/pico_async_context/async_context_threadsafe_background.c.obj
 .text.async_context_threadsafe_background_when_pending_worker
                0x000000001000ba64       0x90 CMakeFiles/pico_webserver.dir/pico-sdk/src/rp2_common/pico_async_context/async_context_threadsafe_background.c.obj
 .text.async_context_threadsafe_background_remove_at_time_worker
                0x000000001000baf4       0x90 CMakeFiles/pico_webserver.dir/pico-sdk/src/rp2_common/pico_async_context/async_context_threadsafe_background.c.obj
 .text.async_context_threadsafe_background_add_when_pending_worker
                0x000000001000bb84       0x90 CMakeFiles/pico_webserver.dir/pico-sdk/src/rp2_common/pico_async_context/async_context_threadsafe_background.c.obj
 .text.async_context_threadsafe_background_add_at_time_worker
                0x000000001000bc14       0x90 CMakeFiles/pico_webserver.dir/pico-sdk/src/rp2_common/pico_async_context/async_context_threadsafe_background.c.obj
 .text.async_context_threadsafe_background_default_config
                0x000000001000bca4        0xc CMakeFiles/pico_webserver.dir/pico-sdk/src/rp2_common/pico_async_context/async_context_threadsafe_background.c.obj
                0x000000001000bca4                async_context_threadsafe_background_default_config
 .text.async_context_threadsafe_background_init
                0x000000001000bcb0       0xa4 CMakeFiles/pico_webserver.dir/pico-sdk/src/rp2_common/pico_async_context/async_context_threadsafe_background.c.obj
                0x000000001000bcb0                async_context_threadsafe_background_init
 .text.async_context_base_add_at_time_worker
                0x000000001000bd54       0x28 CMakeFiles/pico_webserver.dir/pico-sdk/src/rp2_common/pico_async_context/async_context_base.c.obj
                0x000000001000bd54                async_context_base_add_at_time_worker
 .text.async_context_base_remove_at_time_worker
                0x000000001000bd7c       0x28 CMakeFiles/pico_webserver.dir/pico-sdk/src/rp2_common/pico_async_context/async_context_base.c.obj
                0x000000001000bd7c                async_context_base_remove_at_time_worker
 .text.async_context_base_add_when_pending_worker
                0x000000001000bda4       0x24 CMakeFiles/pico_webserver.dir/pico-sdk/src/rp2_common/pico_async_context/async_context_base.c.obj
                0x000000001000bda4                async_context_base_add_when_pending_worker
 .text.async_context_base_remove_when_pending_worker
                0x000000001000bdc8       0x28 CMakeFiles/pico_webserver.dir/pico-sdk/src/rp2_common/pico_async_context/async_context_base.c.obj
                0x000000001000bdc8                async_context_base_remove_when_pending_worker
 .text.async_context_base_execute_once
                0x000000001000bdf0       0xe8 CMakeFiles/pico_webserver.dir/pico-sdk/src/rp2_common/pico_async_context/async_context_base.c.obj
                0x000000001000bdf0                async_context_base_execute_once
 .text.async_context_base_needs_servicing
                0x000000001000bed8       0x54 CMakeFiles/pico_webserver.dir/pico-sdk/src/rp2_common/pico_async_context/async_context_base.c.obj
                0x000000001000bed8                async_context_base_needs_servicing
 .text.lwip_init
                0x000000001000bf2c       0x20 CMakeFiles/pico_webserver.dir/pico-sdk/lib/lwip/src/core/init.c.obj
                0x000000001000bf2c                lwip_init
 .text.lwip_htons
                0x000000001000bf4c        0x8 CMakeFiles/pico_webserver.dir/pico-sdk/lib/lwip/src/core/def.c.obj
                0x000000001000bf4c                lwip_htons
 .text.lwip_htonl
                0x000000001000bf54        0x4 CMakeFiles/pico_webserver.dir/pico-sdk/lib/lwip/src/core/def.c.obj
                0x000000001000bf54                lwip_htonl
 .text.lwip_strnstr
                0x000000001000bf58       0x5c CMakeFiles/pico_webserver.dir/pico-sdk/lib/lwip/src/core/def.c.obj
                0x000000001000bf58                lwip_strnstr
 .text.lwip_stricmp
                0x000000001000bfb4       0x34 CMakeFiles/pico_webserver.dir/pico-sdk/lib/lwip/src/core/def.c.obj
                0x000000001000bfb4                lwip_stricmp
 .text.lwip_standard_chksum
                0x000000001000bfe8       0x80 CMakeFiles/pico_webserver.dir/pico-sdk/lib/lwip/src/core/inet_chksum.c.obj
                0x000000001000bfe8                lwip_standard_chksum
 .text.inet_chksum_pseudo
                0x000000001000c068       0xb4 CMakeFiles/pico_webserver.dir/pico-sdk/lib/lwip/src/core/inet_chksum.c.obj
                0x000000001000c068                inet_chksum_pseudo
 .text.ip_chksum_pseudo
                0x000000001000c11c       0x10 CMakeFiles/pico_webserver.dir/pico-sdk/lib/lwip/src/core/inet_chksum.c.obj
                0x000000001000c11c                ip_chksum_pseudo
 .text.inet_chksum
                0x000000001000c12c       0x8c CMakeFiles/pico_webserver.dir/pico-sdk/lib/lwip/src/core/inet_chksum.c.obj
                0x000000001000c12c                inet_chksum
 .text.inet_chksum_pbuf
                0x000000001000c1b8       0x6c CMakeFiles/pico_webserver.dir/pico-sdk/lib/lwip/src/core/inet_chksum.c.obj
                0x000000001000c1b8                inet_chksum_pbuf
 .text.mem_init
                0x000000001000c224       0x48 CMakeFiles/pico_webserver.dir/pico-sdk/lib/lwip/src/core/mem.c.obj
                0x000000001000c224                mem_init
 .text.mem_free
                0x000000001000c26c      0x128 CMakeFiles/pico_webserver.dir/pico-sdk/lib/lwip/src/core/mem.c.obj
                0x000000001000c26c                mem_free
 .text.mem_trim
                0x000000001000c394      0x144 CMakeFiles/pico_webserver.dir/pico-sdk/lib/lwip/src/core/mem.c.obj
                0x000000001000c394                mem_trim
 .text.mem_malloc
                0x000000001000c4d8      0x130 CMakeFiles/pico_webserver.dir/pico-sdk/lib/lwip/src/core/mem.c.obj
                0x000000001000c4d8                mem_malloc
 .text.memp_init
                0x000000001000c608       0x94 CMakeFiles/pico_webserver.dir/pico-sdk/lib/lwip/src/core/memp.c.obj
                0x000000001000c608                memp_init
 .text.memp_malloc
                0x000000001000c69c       0x4c CMakeFiles/pico_webserver.dir/pico-sdk/lib/lwip/src/core/memp.c.obj
                0x000000001000c69c                memp_malloc
 .text.memp_free
                0x000000001000c6e8       0x30 CMakeFiles/pico_webserver.dir/pico-sdk/lib/lwip/src/core/memp.c.obj
                0x000000001000c6e8                memp_free
 .text.netif_null_output_ip4
                0x000000001000c718        0x8 CMakeFiles/pico_webserver.dir/pico-sdk/lib/lwip/src/core/netif.c.obj
 .text.netif_init
                0x000000001000c720        0x4 CMakeFiles/pico_webserver.dir/pico-sdk/lib/lwip/src/core/netif.c.obj
                0x000000001000c720                netif_init
 .text.netif_set_addr
                0x000000001000c724       0xc4 CMakeFiles/pico_webserver.dir/pico-sdk/lib/lwip/src/core/netif.c.obj
                0x000000001000c724                netif_set_addr
 .text.netif_add
                0x000000001000c7e8       0xf8 CMakeFiles/pico_webserver.dir/pico-sdk/lib/lwip/src/core/netif.c.obj
                0x000000001000c7e8                netif_add
 .text.netif_set_default
                0x000000001000c8e0        0xc CMakeFiles/pico_webserver.dir/pico-sdk/lib/lwip/src/core/netif.c.obj
                0x000000001000c8e0                netif_set_default
 .text.netif_get_by_index
                0x000000001000c8ec       0x2c CMakeFiles/pico_webserver.dir/pico-sdk/lib/lwip/src/core/netif.c.obj
                0x000000001000c8ec                netif_get_by_index
 .text.pbuf_free.part.0
                0x000000001000c918       0x80 CMakeFiles/pico_webserver.dir/pico-sdk/lib/lwip/src/core/pbuf.c.obj
 .text.pbuf_free_ooseq
                0x000000001000c998       0x34 CMakeFiles/pico_webserver.dir/pico-sdk/lib/lwip/src/core/pbuf.c.obj
                0x000000001000c998                pbuf_free_ooseq
 .text.pbuf_alloc
                0x000000001000c9cc      0x12c CMakeFiles/pico_webserver.dir/pico-sdk/lib/lwip/src/core/pbuf.c.obj
                0x000000001000c9cc                pbuf_alloc
 .text.pbuf_alloced_custom
                0x000000001000caf8       0x38 CMakeFiles/pico_webserver.dir/pico-sdk/lib/lwip/src/core/pbuf.c.obj
                0x000000001000caf8                pbuf_alloced_custom
 .text.pbuf_realloc
                0x000000001000cb30       0x70 CMakeFiles/pico_webserver.dir/pico-sdk/lib/lwip/src/core/pbuf.c.obj
                0x000000001000cb30                pbuf_realloc
 .text.pbuf_add_header
                0x000000001000cba0       0x4c CMakeFiles/pico_webserver.dir/pico-sdk/lib/lwip/src/core/pbuf.c.obj
                0x000000001000cba0                pbuf_add_header
 .text.pbuf_remove_header
                0x000000001000cbec       0x38 CMakeFiles/pico_webserver.dir/pico-sdk/lib/lwip/src/core/pbuf.c.obj
                0x000000001000cbec                pbuf_remove_header
 .text.pbuf_header_force
                0x000000001000cc24       0x6c CMakeFiles/pico_webserver.dir/pico-sdk/lib/lwip/src/core/pbuf.c.obj
                0x000000001000cc24                pbuf_header_force
 .text.pbuf_free
                0x000000001000cc90       0x10 CMakeFiles/pico_webserver.dir/pico-sdk/lib/lwip/src/core/pbuf.c.obj
                0x000000001000cc90                pbuf_free
 .text.pbuf_clen
                0x000000001000cca0       0x14 CMakeFiles/pico_webserver.dir/pico-sdk/lib/lwip/src/core/pbuf.c.obj
                0x000000001000cca0                pbuf_clen
 .text.pbuf_ref
                0x000000001000ccb4       0x18 CMakeFiles/pico_webserver.dir/pico-sdk/lib/lwip/src/core/pbuf.c.obj
                0x000000001000ccb4                pbuf_ref
 .text.pbuf_cat
                0x000000001000cccc       0x2c CMakeFiles/pico_webserver.dir/pico-sdk/lib/lwip/src/core/pbuf.c.obj
                0x000000001000cccc                pbuf_cat
 .text.pbuf_chain
                0x000000001000ccf8       0x44 CMakeFiles/pico_webserver.dir/pico-sdk/lib/lwip/src/core/pbuf.c.obj
                0x000000001000ccf8                pbuf_chain
 .text.pbuf_copy_partial_pbuf
                0x000000001000cd3c      0x11c CMakeFiles/pico_webserver.dir/pico-sdk/lib/lwip/src/core/pbuf.c.obj
                0x000000001000cd3c                pbuf_copy_partial_pbuf
 .text.pbuf_copy
                0x000000001000ce58       0x18 CMakeFiles/pico_webserver.dir/pico-sdk/lib/lwip/src/core/pbuf.c.obj
                0x000000001000ce58                pbuf_copy
 .text.pbuf_copy_partial
                0x000000001000ce70       0x70 CMakeFiles/pico_webserver.dir/pico-sdk/lib/lwip/src/core/pbuf.c.obj
                0x000000001000ce70                pbuf_copy_partial
 .text.pbuf_clone
                0x000000001000cee0       0x20 CMakeFiles/pico_webserver.dir/pico-sdk/lib/lwip/src/core/pbuf.c.obj
                0x000000001000cee0                pbuf_clone
 .text.raw_input
                0x000000001000cf00      0x12c CMakeFiles/pico_webserver.dir/pico-sdk/lib/lwip/src/core/raw.c.obj
                0x000000001000cf00                raw_input
 .text.raw_netif_ip_addr_changed
                0x000000001000d02c       0x40 CMakeFiles/pico_webserver.dir/pico-sdk/lib/lwip/src/core/raw.c.obj
                0x000000001000d02c                raw_netif_ip_addr_changed
 .text.stats_init
                0x000000001000d06c        0x4 CMakeFiles/pico_webserver.dir/pico-sdk/lib/lwip/src/core/stats.c.obj
                0x000000001000d06c                stats_init
 .text.tcp_close_shutdown_fin
                0x000000001000d070       0x4c CMakeFiles/pico_webserver.dir/pico-sdk/lib/lwip/src/core/tcp.c.obj
 .text.tcp_pcb_purge.part.0
                0x000000001000d0bc       0xc4 CMakeFiles/pico_webserver.dir/pico-sdk/lib/lwip/src/core/tcp.c.obj
 .text.tcp_init
                0x000000001000d180        0x4 CMakeFiles/pico_webserver.dir/pico-sdk/lib/lwip/src/core/tcp.c.obj
                0x000000001000d180                tcp_init
 .text.tcp_free
                0x000000001000d184        0xc CMakeFiles/pico_webserver.dir/pico-sdk/lib/lwip/src/core/tcp.c.obj
                0x000000001000d184                tcp_free
 .text.tcp_bind
                0x000000001000d190       0xf8 CMakeFiles/pico_webserver.dir/pico-sdk/lib/lwip/src/core/tcp.c.obj
                0x000000001000d190                tcp_bind
 .text.tcp_listen_with_backlog
                0x000000001000d288       0x88 CMakeFiles/pico_webserver.dir/pico-sdk/lib/lwip/src/core/tcp.c.obj
                0x000000001000d288                tcp_listen_with_backlog
 .text.tcp_update_rcv_ann_wnd
                0x000000001000d310       0x3c CMakeFiles/pico_webserver.dir/pico-sdk/lib/lwip/src/core/tcp.c.obj
                0x000000001000d310                tcp_update_rcv_ann_wnd
 .text.tcp_recved
                0x000000001000d34c       0x78 CMakeFiles/pico_webserver.dir/pico-sdk/lib/lwip/src/core/tcp.c.obj
                0x000000001000d34c                tcp_recved
 .text.tcp_slowtmr
                0x000000001000d3c4      0x42c CMakeFiles/pico_webserver.dir/pico-sdk/lib/lwip/src/core/tcp.c.obj
                0x000000001000d3c4                tcp_slowtmr
 .text.tcp_segs_free
                0x000000001000d7f0       0x38 CMakeFiles/pico_webserver.dir/pico-sdk/lib/lwip/src/core/tcp.c.obj
                0x000000001000d7f0                tcp_segs_free
 .text.tcp_seg_free
                0x000000001000d828       0x1c CMakeFiles/pico_webserver.dir/pico-sdk/lib/lwip/src/core/tcp.c.obj
                0x000000001000d828                tcp_seg_free
 .text.tcp_setprio
                0x000000001000d844        0x8 CMakeFiles/pico_webserver.dir/pico-sdk/lib/lwip/src/core/tcp.c.obj
                0x000000001000d844                tcp_setprio
 .text.tcp_seg_copy
                0x000000001000d84c       0x20 CMakeFiles/pico_webserver.dir/pico-sdk/lib/lwip/src/core/tcp.c.obj
                0x000000001000d84c                tcp_seg_copy
 .text.tcp_arg  0x000000001000d86c        0x8 CMakeFiles/pico_webserver.dir/pico-sdk/lib/lwip/src/core/tcp.c.obj
                0x000000001000d86c                tcp_arg
 .text.tcp_recv
                0x000000001000d874        0xc CMakeFiles/pico_webserver.dir/pico-sdk/lib/lwip/src/core/tcp.c.obj
                0x000000001000d874                tcp_recv
 .text.tcp_sent
                0x000000001000d880        0xc CMakeFiles/pico_webserver.dir/pico-sdk/lib/lwip/src/core/tcp.c.obj
                0x000000001000d880                tcp_sent
 .text.tcp_err  0x000000001000d88c        0xc CMakeFiles/pico_webserver.dir/pico-sdk/lib/lwip/src/core/tcp.c.obj
                0x000000001000d88c                tcp_err
 .text.tcp_accept
                0x000000001000d898       0x10 CMakeFiles/pico_webserver.dir/pico-sdk/lib/lwip/src/core/tcp.c.obj
                0x000000001000d898                tcp_accept
 .text.tcp_poll
                0x000000001000d8a8        0xc CMakeFiles/pico_webserver.dir/pico-sdk/lib/lwip/src/core/tcp.c.obj
                0x000000001000d8a8                tcp_poll
 .text.tcp_pcb_purge
                0x000000001000d8b4       0x18 CMakeFiles/pico_webserver.dir/pico-sdk/lib/lwip/src/core/tcp.c.obj
                0x000000001000d8b4                tcp_pcb_purge
 .text.tcp_pcb_remove
                0x000000001000d8cc       0x78 CMakeFiles/pico_webserver.dir/pico-sdk/lib/lwip/src/core/tcp.c.obj
                0x000000001000d8cc                tcp_pcb_remove
 .text.tcp_abandon
                0x000000001000d944      0x184 CMakeFiles/pico_webserver.dir/pico-sdk/lib/lwip/src/core/tcp.c.obj
                0x000000001000d944                tcp_abandon
 .text.tcp_abort
                0x000000001000dac8        0xc CMakeFiles/pico_webserver.dir/pico-sdk/lib/lwip/src/core/tcp.c.obj
                0x000000001000dac8                tcp_abort
 .text.tcp_accept_null
                0x000000001000dad4       0x10 CMakeFiles/pico_webserver.dir/pico-sdk/lib/lwip/src/core/tcp.c.obj
 .text.tcp_alloc
                0x000000001000dae4      0x1f8 CMakeFiles/pico_webserver.dir/pico-sdk/lib/lwip/src/core/tcp.c.obj
                0x000000001000dae4                tcp_alloc
 .text.tcp_new_ip_type
                0x000000001000dcdc      0x1d8 CMakeFiles/pico_webserver.dir/pico-sdk/lib/lwip/src/core/tcp.c.obj
                0x000000001000dcdc                tcp_new_ip_type
 .text.tcp_close_shutdown
                0x000000001000deb4      0x14c CMakeFiles/pico_webserver.dir/pico-sdk/lib/lwip/src/core/tcp.c.obj
 .text.tcp_recv_null
                0x000000001000e000       0xa8 CMakeFiles/pico_webserver.dir/pico-sdk/lib/lwip/src/core/tcp.c.obj
                0x000000001000e000                tcp_recv_null
 .text.tcp_process_refused_data
                0x000000001000e0a8       0xe8 CMakeFiles/pico_webserver.dir/pico-sdk/lib/lwip/src/core/tcp.c.obj
                0x000000001000e0a8                tcp_process_refused_data
 .text.tcp_fasttmr
                0x000000001000e190       0x98 CMakeFiles/pico_webserver.dir/pico-sdk/lib/lwip/src/core/tcp.c.obj
                0x000000001000e190                tcp_fasttmr
 .text.tcp_tmr  0x000000001000e228       0x20 CMakeFiles/pico_webserver.dir/pico-sdk/lib/lwip/src/core/tcp.c.obj
                0x000000001000e228                tcp_tmr
 .text.tcp_close
                0x000000001000e248      0x15c CMakeFiles/pico_webserver.dir/pico-sdk/lib/lwip/src/core/tcp.c.obj
                0x000000001000e248                tcp_close
 .text.tcp_next_iss
                0x000000001000e3a4       0x18 CMakeFiles/pico_webserver.dir/pico-sdk/lib/lwip/src/core/tcp.c.obj
                0x000000001000e3a4                tcp_next_iss
 .text.tcp_eff_send_mss_netif
                0x000000001000e3bc       0x28 CMakeFiles/pico_webserver.dir/pico-sdk/lib/lwip/src/core/tcp.c.obj
                0x000000001000e3bc                tcp_eff_send_mss_netif
 .text.tcp_netif_ip_addr_changed
                0x000000001000e3e4       0x9c CMakeFiles/pico_webserver.dir/pico-sdk/lib/lwip/src/core/tcp.c.obj
                0x000000001000e3e4                tcp_netif_ip_addr_changed
 .text.tcp_free_ooseq
                0x000000001000e480       0x40 CMakeFiles/pico_webserver.dir/pico-sdk/lib/lwip/src/core/tcp.c.obj
                0x000000001000e480                tcp_free_ooseq
 .text.tcp_parseopt
                0x000000001000e4c0      0x180 CMakeFiles/pico_webserver.dir/pico-sdk/lib/lwip/src/core/tcp_in.c.obj
 .text.tcp_oos_insert_segment
                0x000000001000e640       0xd4 CMakeFiles/pico_webserver.dir/pico-sdk/lib/lwip/src/core/tcp_in.c.obj
 .text.tcp_receive
                0x000000001000e714      0xa44 CMakeFiles/pico_webserver.dir/pico-sdk/lib/lwip/src/core/tcp_in.c.obj
 .text.tcp_input
                0x000000001000f158      0xc64 CMakeFiles/pico_webserver.dir/pico-sdk/lib/lwip/src/core/tcp_in.c.obj
                0x000000001000f158                tcp_input
 .text.tcp_trigger_input_pcb_close
                0x000000001000fdbc       0x10 CMakeFiles/pico_webserver.dir/pico-sdk/lib/lwip/src/core/tcp_in.c.obj
                0x000000001000fdbc                tcp_trigger_input_pcb_close
 .text.tcp_create_segment
                0x000000001000fdcc       0xd0 CMakeFiles/pico_webserver.dir/pico-sdk/lib/lwip/src/core/tcp_out.c.obj
 .text.tcp_output_control_segment
                0x000000001000fe9c       0xb4 CMakeFiles/pico_webserver.dir/pico-sdk/lib/lwip/src/core/tcp_out.c.obj
 .text.tcp_write
                0x000000001000ff50      0x600 CMakeFiles/pico_webserver.dir/pico-sdk/lib/lwip/src/core/tcp_out.c.obj
                0x000000001000ff50                tcp_write
 .text.tcp_split_unsent_seg
                0x0000000010010550      0x19c CMakeFiles/pico_webserver.dir/pico-sdk/lib/lwip/src/core/tcp_out.c.obj
                0x0000000010010550                tcp_split_unsent_seg
 .text.tcp_send_fin
                0x00000000100106ec       0xe0 CMakeFiles/pico_webserver.dir/pico-sdk/lib/lwip/src/core/tcp_out.c.obj
                0x00000000100106ec                tcp_send_fin
 .text.tcp_enqueue_flags
                0x00000000100107cc       0xa8 CMakeFiles/pico_webserver.dir/pico-sdk/lib/lwip/src/core/tcp_out.c.obj
                0x00000000100107cc                tcp_enqueue_flags
 .text.tcp_rexmit_rto_prepare
                0x0000000010010874       0x8c CMakeFiles/pico_webserver.dir/pico-sdk/lib/lwip/src/core/tcp_out.c.obj
                0x0000000010010874                tcp_rexmit_rto_prepare
 .text.tcp_rexmit
                0x0000000010010900       0x90 CMakeFiles/pico_webserver.dir/pico-sdk/lib/lwip/src/core/tcp_out.c.obj
                0x0000000010010900                tcp_rexmit
 .text.tcp_rexmit_fast
                0x0000000010010990       0x58 CMakeFiles/pico_webserver.dir/pico-sdk/lib/lwip/src/core/tcp_out.c.obj
                0x0000000010010990                tcp_rexmit_fast
 .text.tcp_rst  0x00000000100109e8       0xbc CMakeFiles/pico_webserver.dir/pico-sdk/lib/lwip/src/core/tcp_out.c.obj
                0x00000000100109e8                tcp_rst
 .text.tcp_rst_netif
                0x0000000010010aa4       0xfc CMakeFiles/pico_webserver.dir/pico-sdk/lib/lwip/src/core/tcp_out.c.obj
                0x0000000010010aa4                tcp_rst_netif
 .text.tcp_send_empty_ack
                0x0000000010010ba0       0xdc CMakeFiles/pico_webserver.dir/pico-sdk/lib/lwip/src/core/tcp_out.c.obj
                0x0000000010010ba0                tcp_send_empty_ack
 .text.tcp_output
                0x0000000010010c7c      0x410 CMakeFiles/pico_webserver.dir/pico-sdk/lib/lwip/src/core/tcp_out.c.obj
                0x0000000010010c7c                tcp_output
 .text.tcp_rexmit_rto_commit
                0x000000001001108c       0x14 CMakeFiles/pico_webserver.dir/pico-sdk/lib/lwip/src/core/tcp_out.c.obj
                0x000000001001108c                tcp_rexmit_rto_commit
 .text.tcp_rexmit_rto
                0x00000000100110a0       0x98 CMakeFiles/pico_webserver.dir/pico-sdk/lib/lwip/src/core/tcp_out.c.obj
                0x00000000100110a0                tcp_rexmit_rto
 .text.tcp_keepalive
                0x0000000010011138       0xc4 CMakeFiles/pico_webserver.dir/pico-sdk/lib/lwip/src/core/tcp_out.c.obj
                0x0000000010011138                tcp_keepalive
 .text.tcp_zero_window_probe
                0x00000000100111fc      0x18c CMakeFiles/pico_webserver.dir/pico-sdk/lib/lwip/src/core/tcp_out.c.obj
                0x00000000100111fc                tcp_zero_window_probe
 .text.tcpip_tcp_timer
                0x0000000010011388       0x6c CMakeFiles/pico_webserver.dir/pico-sdk/lib/lwip/src/core/timeouts.c.obj
 .text.lwip_cyclic_timer
                0x00000000100113f4       0x90 CMakeFiles/pico_webserver.dir/pico-sdk/lib/lwip/src/core/timeouts.c.obj
 .text.tcp_timer_needed
                0x0000000010011484       0x70 CMakeFiles/pico_webserver.dir/pico-sdk/lib/lwip/src/core/timeouts.c.obj
                0x0000000010011484                tcp_timer_needed