Archive member included to satisfy reference by file (symbol)

/usr/lib/gcc/arm-none-eabi/10.3.1/thumb/v6-m/nofp/libgcc.a(_dvmd_tls.o)
                              CMakeFiles/pico_webserver.dir/pico-sdk/src/rp2_common/pico_divider/divider.S.obj (__aeabi_idiv0)
/usr/lib/gcc/arm-none-eabi/10.3.1/../../../arm-none-eabi/lib/thumb/v6-m/nofp/libc.a(lib_a-atexit.o)
                              /usr/lib/gcc/arm-none-eabi/10.3.1/../../../arm-none-eabi/lib/thumb/v6-m/nofp/crt0.o (atexit)
/usr/lib/gcc/arm-none-eabi/10.3.1/../../../arm-none-eabi/lib/thumb/v6-m/nofp/libc.a(lib_a-atoi.o)
                              CMakeFiles/pico_webserver.dir/pico-sdk/lib/lwip/src/core/netif.c.obj (atoi)
/usr/lib/gcc/arm-none-eabi/10.3.1/../../../arm-none-eabi/lib/thumb/v6-m/nofp/libc.a(lib_a-calloc.o)
                              CMakeFiles/pico_webserver.dir/pico-sdk/src/rp2_common/pico_malloc/pico_malloc.c.obj (calloc)
/usr/lib/gcc/arm-none-eabi/10.3.1/../../../arm-none-eabi/lib/thumb/v6-m/nofp/libc.a(lib_a-callocr.o)
                              /usr/lib/gcc/arm-none-eabi/10.3.1/../../../arm-none-eabi/lib/thumb/v6-m/nofp/libc.a(lib_a-calloc.o) (_calloc_r)
/usr/lib/gcc/arm-none-eabi/10.3.1/../../../arm-none-eabi/lib/thumb/v6-m/nofp/libc.a(lib_a-ctype_.o)
                              CMakeFiles/pico_webserver.dir/pico-sdk/lib/lwip/src/core/ipv4/ip4_addr.c.obj (_ctype_)
/usr/lib/gcc/arm-none-eabi/10.3.1/../../../arm-none-eabi/lib/thumb/v6-m/nofp/libc.a(lib_a-fini.o)
                              /usr/lib/gcc/arm-none-eabi/10.3.1/../../../arm-none-eabi/lib/thumb/v6-m/nofp/crt0.o (__libc_fini_array)
/usr/lib/gcc/arm-none-eabi/10.3.1/../../../arm-none-eabi/lib/thumb/v6-m/nofp/libc.a(lib_a-impure.o)
                              /usr/lib/gcc/arm-none-eabi/10.3.1/../../../arm-none-eabi/lib/thumb/v6-m/nofp/libc.a(lib_a-calloc.o) (_impure_ptr)
/usr/lib/gcc/arm-none-eabi/10.3.1/../../../arm-none-eabi/lib/thumb/v6-m/nofp/libc.a(lib_a-init.o)
                              /usr/lib/gcc/arm-none-eabi/10.3.1/../../../arm-none-eabi/lib/thumb/v6-m/nofp/crt0.o (__libc_init_array)
/usr/lib/gcc/arm-none-eabi/10.3.1/../../../arm-none-eabi/lib/thumb/v6-m/nofp/libc.a(lib_a-malloc.o)
                              CMakeFiles/pico_webserver.dir/pico-sdk/src/rp2_common/pico_malloc/pico_malloc.c.obj (malloc)
/usr/lib/gcc/arm-none-eabi/10.3.1/../../../arm-none-eabi/lib/thumb/v6-m/nofp/libc.a(lib_a-mallocr.o)
                              /usr/lib/gcc/arm-none-eabi/10.3.1/../../../arm-none-eabi/lib/thumb/v6-m/nofp/libc.a(lib_a-callocr.o) (_malloc_r)
/usr/lib/gcc/arm-none-eabi/10.3.1/../../../arm-none-eabi/lib/thumb/v6-m/nofp/libc.a(lib_a-memcmp.o)
                              CMakeFiles/pico_webserver.dir/pico-sdk/lib/tinyusb/lib/networking/dhserver.c.obj (memcmp)
/usr/lib/gcc/arm-none-eabi/10.3.1/../../../arm-none-eabi/lib/thumb/v6-m/nofp/libc.a(lib_a-memmove.o)
                              CMakeFiles/pico_webserver.dir/pico-sdk/lib/cyw43-driver/src/cyw43_ll.c.obj (memmove)
/usr/lib/gcc/arm-none-eabi/10.3.1/../../../arm-none-eabi/lib/thumb/v6-m/nofp/libc.a(lib_a-mlock.o)
                              /usr/lib/gcc/arm-none-eabi/10.3.1/../../../arm-none-eabi/lib/thumb/v6-m/nofp/libc.a(lib_a-mallocr.o) (__malloc_lock)
/usr/lib/gcc/arm-none-eabi/10.3.1/../../../arm-none-eabi/lib/thumb/v6-m/nofp/libc.a(lib_a-realloc.o)
                              CMakeFiles/pico_webserver.dir/pico-sdk/src/rp2_common/pico_malloc/pico_malloc.c.obj (realloc)
/usr/lib/gcc/arm-none-eabi/10.3.1/../../../arm-none-eabi/lib/thumb/v6-m/nofp/libc.a(lib_a-reallocr.o)
                              /usr/lib/gcc/arm-none-eabi/10.3.1/../../../arm-none-eabi/lib/thumb/v6-m/nofp/libc.a(lib_a-realloc.o) (_realloc_r)
/usr/lib/gcc/arm-none-eabi/10.3.1/../../../arm-none-eabi/lib/thumb/v6-m/nofp/libc.a(lib_a-sbrkr.o)
                              /usr/lib/gcc/arm-none-eabi/10.3.1/../../../arm-none-eabi/lib/thumb/v6-m/nofp/libc.a(lib_a-mallocr.o) (_sbrk_r)
/usr/lib/gcc/arm-none-eabi/10.3.1/../../../arm-none-eabi/lib/thumb/v6-m/nofp/libc.a(lib_a-strcmp.o)
                              CMakeFiles/pico_webserver.dir/pico-sdk/lib/lwip/src/apps/http/fs.c.obj (strcmp)
/usr/lib/gcc/arm-none-eabi/10.3.1/../../../arm-none-eabi/lib/thumb/v6-m/nofp/libc.a(lib_a-strlen-stub.o)
                              CMakeFiles/pico_webserver.dir/usb_descriptors.c.obj (strlen)
/usr/lib/gcc/arm-none-eabi/10.3.1/../../../arm-none-eabi/lib/thumb/v6-m/nofp/libc.a(lib_a-strncmp.o)
                              CMakeFiles/pico_webserver.dir/pico-sdk/lib/cyw43-driver/src/cyw43_ll.c.obj (strncmp)
/usr/lib/gcc/arm-none-eabi/10.3.1/../../../arm-none-eabi/lib/thumb/v6-m/nofp/libc.a(lib_a-strtol.o)
                              /usr/lib/gcc/arm-none-eabi/10.3.1/../../../arm-none-eabi/lib/thumb/v6-m/nofp/libc.a(lib_a-atoi.o) (_strtol_r)
/usr/lib/gcc/arm-none-eabi/10.3.1/../../../arm-none-eabi/lib/thumb/v6-m/nofp/libc.a(lib_a-__atexit.o)
[...]
Memory Configuration

Name             Origin             Length             Attributes
FLASH            0x0000000010000000 0x0000000000200000 xr
RAM              0x0000000020000000 0x0000000000040000 xrw
SCRATCH_X        0x0000000020040000 0x0000000000001000 xrw
SCRATCH_Y        0x0000000020041000 0x0000000000001000 xrw
*default*        0x0000000000000000 0xffffffffffffffff

Linker script and memory map

LOAD /usr/lib/gcc/arm-none-eabi/10.3.1/thumb/v6-m/nofp/crti.o
LOAD /usr/lib/gcc/arm-none-eabi/10.3.1/thumb/v6-m/nofp/crtbegin.o
LOAD /usr/lib/gcc/arm-none-eabi/10.3.1/../../../arm-none-eabi/lib/thumb/v6-m/nofp/crt0.o

.flash_begin    0x0000000010000000        0x0
                0x0000000010000000                __flash_binary_start = .

.boot2          0x0000000010000000      0x100
                0x0000000010000000                __boot2_start__ = .
 *(.boot2)
 .boot2         0x0000000010000000      0x100 /tmp/cc3C19lw.o
                0x0000000010000100                __boot2_end__ = .
                0x0000000000000001                ASSERT (((__boot2_end__ - __boot2_start__) == 0x100), ERROR: Pico second stage bootloader must be 256 bytes in size)

.text           0x0000000010000100    0x10398
                0x0000000010000100                __logical_binary_start = .
 *(.vectors)
 .vectors       0x0000000010000100       0xd4 CMakeFiles/pico_webserver.dir/pico-sdk/src/rp2_common/pico_standard_link/crt0.S.obj
                0x0000000010000100                __vectors
                0x0000000010000100                __VECTOR_TABLE
                0x00000000100001c0                isr_invalid
                0x00000000100001c0                __default_isrs_start
                0x00000000100001c2                isr_nmi
                0x00000000100001c4                isr_hardfault
                0x00000000100001c6                isr_svcall
                0x00000000100001c8                isr_pendsv
                0x00000000100001ca                isr_systick
                0x00000000100001cc                isr_irq30
                0x00000000100001cc                __unhandled_user_irq
                0x00000000100001cc                isr_irq13
                0x00000000100001cc                isr_irq27
                0x00000000100001cc                isr_irq31
                0x00000000100001cc                isr_irq5
                0x00000000100001cc                isr_irq11
                0x00000000100001cc                isr_irq23
                0x00000000100001cc                isr_irq18
                0x00000000100001cc                isr_irq28
                0x00000000100001cc                isr_irq19
                0x00000000100001cc                isr_irq0
                0x00000000100001cc                isr_irq6
                0x00000000100001cc                isr_irq22
                0x00000000100001cc                isr_irq17
                0x00000000100001cc                isr_irq14
                0x00000000100001cc                isr_irq2
                0x00000000100001cc                isr_irq10
                0x00000000100001cc                isr_irq8
                0x00000000100001cc                isr_irq24
                0x00000000100001cc                isr_irq1
                0x00000000100001cc                isr_irq7
                0x00000000100001cc                isr_irq21
                0x00000000100001cc                isr_irq20
                0x00000000100001cc                isr_irq15
                0x00000000100001cc                isr_irq25
                0x00000000100001cc                isr_irq4
                0x00000000100001cc                isr_irq16
                0x00000000100001cc                isr_irq29
                0x00000000100001cc                isr_irq26
                0x00000000100001cc                __default_isrs_end
                0x00000000100001cc                isr_irq3
                0x00000000100001cc                isr_irq12
                0x00000000100001cc                isr_irq9
                0x00000000100001d2                unhandled_user_irq_num_in_r0
 *(.binary_info_header)
 .binary_info_header
                0x00000000100001d4       0x14 CMakeFiles/pico_webserver.dir/pico-sdk/src/rp2_common/pico_standard_link/crt0.S.obj
                0x00000000100001e8                __binary_info_header_end = .
 *(.reset)
 .reset         0x00000000100001e8       0xa0 CMakeFiles/pico_webserver.dir/pico-sdk/src/rp2_common/pico_standard_link/crt0.S.obj
                0x00000000100001e8                _entry_point
 .reset         0x0000000010000288       0x30 CMakeFiles/pico_webserver.dir/pico-sdk/src/rp2_common/pico_standard_link/binary_info.c.obj
 *(.init)
 .init          0x00000000100002b8        0x4 /usr/lib/gcc/arm-none-eabi/10.3.1/thumb/v6-m/nofp/crti.o
                0x00000000100002b8                _init
 *(EXCLUDE_FILE(*libm.a: *libc.a:*lib_a-mem*.o *libgcc.a:) .text*)
 .text          0x00000000100002bc       0x98 /usr/lib/gcc/arm-none-eabi/10.3.1/thumb/v6-m/nofp/crtbegin.o
 .text.startup.main
                0x0000000010000354       0x6c CMakeFiles/pico_webserver.dir/webserver.c.obj
                0x0000000010000354                main
 .text.netif_init_cb
                0x00000000100003c0       0x2c CMakeFiles/pico_webserver.dir/tusb_lwip_glue.c.obj
 .text.output_fn
                0x00000000100003ec        0x8 CMakeFiles/pico_webserver.dir/tusb_lwip_glue.c.obj
 .text.linkoutput_fn
                0x00000000100003f4       0x3c CMakeFiles/pico_webserver.dir/tusb_lwip_glue.c.obj
 .text.init_lwip
                0x0000000010000430       0x8c CMakeFiles/pico_webserver.dir/tusb_lwip_glue.c.obj
                0x0000000010000430                init_lwip
 .text.tud_network_init_cb
                0x00000000100004bc       0x18 CMakeFiles/pico_webserver.dir/tusb_lwip_glue.c.obj
                0x00000000100004bc                tud_network_init_cb
 .text.tud_network_recv_cb
                0x00000000100004d4       0x3c CMakeFiles/pico_webserver.dir/tusb_lwip_glue.c.obj
                0x00000000100004d4                tud_network_recv_cb
 .text.tud_network_xmit_cb
                0x0000000010000510       0x30 CMakeFiles/pico_webserver.dir/tusb_lwip_glue.c.obj
                0x0000000010000510                tud_network_xmit_cb
 .text.service_traffic
                0x0000000010000540       0x34 CMakeFiles/pico_webserver.dir/tusb_lwip_glue.c.obj
                0x0000000010000540                service_traffic
 .text.wait_for_netif_is_up
                0x0000000010000574       0x14 CMakeFiles/pico_webserver.dir/tusb_lwip_glue.c.obj
                0x0000000010000574                wait_for_netif_is_up
 .text.sys_arch_protect
                0x0000000010000588        0x4 CMakeFiles/pico_webserver.dir/tusb_lwip_glue.c.obj
                0x0000000010000588                sys_arch_protect
 .text.sys_arch_unprotect
                0x000000001000058c        0x4 CMakeFiles/pico_webserver.dir/tusb_lwip_glue.c.obj
                0x000000001000058c                sys_arch_unprotect
 .text.sys_now  0x0000000010000590       0x20 CMakeFiles/pico_webserver.dir/tusb_lwip_glue.c.obj
                0x0000000010000590                sys_now
 .text.tud_descriptor_device_cb
                0x00000000100005b0        0x8 CMakeFiles/pico_webserver.dir/usb_descriptors.c.obj
                0x00000000100005b0                tud_descriptor_device_cb
 .text.tud_descriptor_configuration_cb
                0x00000000100005b8       0x14 CMakeFiles/pico_webserver.dir/usb_descriptors.c.obj
                0x00000000100005b8                tud_descriptor_configuration_cb
 .text.tud_descriptor_string_cb
                0x00000000100005cc      0x17c CMakeFiles/pico_webserver.dir/usb_descriptors.c.obj
                0x00000000100005cc                tud_descriptor_string_cb
 .text.rndis_class_set_handler
                0x0000000010000748      0x2d4 CMakeFiles/pico_webserver.dir/pico-sdk/lib/tinyusb/lib/networking/rndis_reports.c.obj
                0x0000000010000748                rndis_class_set_handler
 .text.scan_result
                0x0000000010000a1c       0x4c CMakeFiles/pico_webserver.dir/wifi_code.c.obj
                0x0000000010000a1c                scan_result
 .text.cyw43_cb_tcpip_set_link_up
                0x0000000010000a68       0x18 CMakeFiles/pico_webserver.dir/wifi_code.c.obj
                0x0000000010000a68                cyw43_cb_tcpip_set_link_up
 .text.cyw43_cb_tcpip_set_link_down
                0x0000000010000a80       0x18 CMakeFiles/pico_webserver.dir/wifi_code.c.obj
                0x0000000010000a80                cyw43_cb_tcpip_set_link_down
 .text.cyw43_cb_process_ethernet
                0x0000000010000a98       0x5c CMakeFiles/pico_webserver.dir/wifi_code.c.obj
                0x0000000010000a98                cyw43_cb_process_ethernet
 .text.core1_entry
                0x0000000010000af4      0x124 CMakeFiles/pico_webserver.dir/wifi_code.c.obj
                0x0000000010000af4                core1_entry
 .text.set_sys_clock_pll
                0x0000000010000c18       0x78 CMakeFiles/pico_webserver.dir/pico-sdk/src/rp2_common/pico_stdlib/stdlib.c.obj
                0x0000000010000c18                set_sys_clock_pll
 .text.check_sys_clock_khz
                0x0000000010000c90      0x17c CMakeFiles/pico_webserver.dir/pico-sdk/src/rp2_common/pico_stdlib/stdlib.c.obj
                0x0000000010000c90                check_sys_clock_khz
 .text.gpio_set_function
                0x0000000010000e0c       0x30 CMakeFiles/pico_webserver.dir/pico-sdk/src/rp2_common/hardware_gpio/gpio.c.obj
                0x0000000010000e0c                gpio_set_function
 .text.gpio_set_pulls
                0x0000000010000e3c       0x30 CMakeFiles/pico_webserver.dir/pico-sdk/src/rp2_common/hardware_gpio/gpio.c.obj
                0x0000000010000e3c                gpio_set_pulls
 .text.gpio_set_input_hysteresis_enabled
                0x0000000010000e6c       0x28 CMakeFiles/pico_webserver.dir/pico-sdk/src/rp2_common/hardware_gpio/gpio.c.obj
                0x0000000010000e6c                gpio_set_input_hysteresis_enabled
 .text.gpio_set_irq_enabled
                0x0000000010000e94       0x54 CMakeFiles/pico_webserver.dir/pico-sdk/src/rp2_common/hardware_gpio/gpio.c.obj
                0x0000000010000e94                gpio_set_irq_enabled
 .text.gpio_add_raw_irq_handler_with_order_priority_masked
                0x0000000010000ee8       0x44 CMakeFiles/pico_webserver.dir/pico-sdk/src/rp2_common/hardware_gpio/gpio.c.obj
                0x0000000010000ee8                gpio_add_raw_irq_handler_with_order_priority_masked
 .text.gpio_remove_raw_irq_handler_masked
                0x0000000010000f2c       0x20 CMakeFiles/pico_webserver.dir/pico-sdk/src/rp2_common/hardware_gpio/gpio.c.obj
                0x0000000010000f2c                gpio_remove_raw_irq_handler_masked
 .text.gpio_init
                0x0000000010000f4c       0x3c CMakeFiles/pico_webserver.dir/pico-sdk/src/rp2_common/hardware_gpio/gpio.c.obj
                0x0000000010000f4c                gpio_init
 .text.running_on_fpga
                0x0000000010000f88       0x10 CMakeFiles/pico_webserver.dir/pico-sdk/src/rp2_common/pico_platform/platform.c.obj
                0x0000000010000f88                running_on_fpga
 .text.hw_claim_lock
                0x0000000010000f98       0x18 CMakeFiles/pico_webserver.dir/pico-sdk/src/rp2_common/hardware_claim/claim.c.obj
                0x0000000010000f98                hw_claim_lock
 .text.hw_claim_unlock
                0x0000000010000fb0       0x14 CMakeFiles/pico_webserver.dir/pico-sdk/src/rp2_common/hardware_claim/claim.c.obj
                0x0000000010000fb0                hw_claim_unlock
 .text.hw_claim_or_assert
                0x0000000010000fc4       0x44 CMakeFiles/pico_webserver.dir/pico-sdk/src/rp2_common/hardware_claim/claim.c.obj
                0x0000000010000fc4                hw_claim_or_assert
 .text.hw_claim_unused_from_range
                0x0000000010001008       0x9c CMakeFiles/pico_webserver.dir/pico-sdk/src/rp2_common/hardware_claim/claim.c.obj
                0x0000000010001008                hw_claim_unused_from_range
 .text.hw_claim_clear
                0x00000000100010a4       0x38 CMakeFiles/pico_webserver.dir/pico-sdk/src/rp2_common/hardware_claim/claim.c.obj
                0x00000000100010a4                hw_claim_clear
 .text.spin_locks_reset
                0x00000000100010dc       0x1c CMakeFiles/pico_webserver.dir/pico-sdk/src/rp2_common/hardware_sync/sync.c.obj
                0x00000000100010dc                spin_locks_reset
 .text.next_striped_spin_lock_num
                0x00000000100010f8       0x18 CMakeFiles/pico_webserver.dir/pico-sdk/src/rp2_common/hardware_sync/sync.c.obj
                0x00000000100010f8                next_striped_spin_lock_num
 .text.spin_lock_claim_unused
                0x0000000010001110       0x20 CMakeFiles/pico_webserver.dir/pico-sdk/src/rp2_common/hardware_sync/sync.c.obj
                0x0000000010001110                spin_lock_claim_unused
 .text.irq_set_enabled
                0x0000000010001130       0x24 CMakeFiles/pico_webserver.dir/pico-sdk/src/rp2_common/hardware_irq/irq.c.obj
                0x0000000010001130                irq_set_enabled
 .text.irq_is_enabled
                0x0000000010001154       0x18 CMakeFiles/pico_webserver.dir/pico-sdk/src/rp2_common/hardware_irq/irq.c.obj
                0x0000000010001154                irq_is_enabled
 .text.irq_set_pending
                0x000000001000116c       0x10 CMakeFiles/pico_webserver.dir/pico-sdk/src/rp2_common/hardware_irq/irq.c.obj
                0x000000001000116c                irq_set_pending
 .text.irq_get_vtable_handler
                0x000000001000117c       0x10 CMakeFiles/pico_webserver.dir/pico-sdk/src/rp2_common/hardware_irq/irq.c.obj
                0x000000001000117c                irq_get_vtable_handler
 .text.irq_set_exclusive_handler
                0x000000001000118c       0x54 CMakeFiles/pico_webserver.dir/pico-sdk/src/rp2_common/hardware_irq/irq.c.obj
                0x000000001000118c                irq_set_exclusive_handler
 .text.irq_add_shared_handler
                0x00000000100011e0      0x1e8 CMakeFiles/pico_webserver.dir/pico-sdk/src/rp2_common/hardware_irq/irq.c.obj
                0x00000000100011e0                irq_add_shared_handler
 .text.irq_remove_handler
                0x00000000100013c8      0x1b0 CMakeFiles/pico_webserver.dir/pico-sdk/src/rp2_common/hardware_irq/irq.c.obj
                0x00000000100013c8                irq_remove_handler
 .text.irq_set_priority
                0x0000000010001578       0x28 CMakeFiles/pico_webserver.dir/pico-sdk/src/rp2_common/hardware_irq/irq.c.obj
                0x0000000010001578                irq_set_priority
 .text.irq_add_tail_to_free_list
                0x00000000100015a0       0xb4 CMakeFiles/pico_webserver.dir/pico-sdk/src/rp2_common/hardware_irq/irq.c.obj
                0x00000000100015a0                irq_add_tail_to_free_list
 .text.irq_init_priorities
                0x0000000010001654       0x24 CMakeFiles/pico_webserver.dir/pico-sdk/src/rp2_common/hardware_irq/irq.c.obj
                0x0000000010001654                irq_init_priorities
 .text.user_irq_unclaim
                0x0000000010001678       0x14 CMakeFiles/pico_webserver.dir/pico-sdk/src/rp2_common/hardware_irq/irq.c.obj
                0x0000000010001678                user_irq_unclaim
 .text.user_irq_claim_unused
                0x000000001000168c       0x28 CMakeFiles/pico_webserver.dir/pico-sdk/src/rp2_common/hardware_irq/irq.c.obj
                0x000000001000168c                user_irq_claim_unused
 .text.sem_init
                0x00000000100016b4       0x20 CMakeFiles/pico_webserver.dir/pico-sdk/src/common/pico_sync/sem.c.obj
                0x00000000100016b4                sem_init
 .text.lock_init
                0x00000000100016d4       0x10 CMakeFiles/pico_webserver.dir/pico-sdk/src/common/pico_sync/lock_core.c.obj
                0x00000000100016d4                lock_init
 .text.mutex_init
                0x00000000100016e4       0x1c CMakeFiles/pico_webserver.dir/pico-sdk/src/common/pico_sync/mutex.c.obj
                0x00000000100016e4                mutex_init
 .text.recursive_mutex_init
                0x0000000010001700       0x1c CMakeFiles/pico_webserver.dir/pico-sdk/src/common/pico_sync/mutex.c.obj
                0x0000000010001700                recursive_mutex_init
 .text.critical_section_init
                0x000000001000171c       0x20 CMakeFiles/pico_webserver.dir/pico-sdk/src/common/pico_sync/critical_section.c.obj
                0x000000001000171c                critical_section_init
 .text.timer_pool_entry_comparator
                0x000000001000173c       0x34 CMakeFiles/pico_webserver.dir/pico-sdk/src/common/pico_time/time.c.obj
                0x000000001000173c                timer_pool_entry_comparator
 .text.sleep_until_callback
                0x0000000010001770       0x30 CMakeFiles/pico_webserver.dir/pico-sdk/src/common/pico_time/time.c.obj
 .text.add_alarm_under_lock.isra.0
                0x00000000100017a0      0x100 CMakeFiles/pico_webserver.dir/pico-sdk/src/common/pico_time/time.c.obj
 .text.alarm_pool_alarm_callback
                0x00000000100018a0      0x1bc CMakeFiles/pico_webserver.dir/pico-sdk/src/common/pico_time/time.c.obj
 .text.alarm_pool_init_default
                0x0000000010001a5c       0x6c CMakeFiles/pico_webserver.dir/pico-sdk/src/common/pico_time/time.c.obj
                0x0000000010001a5c                alarm_pool_init_default
 .text.alarm_pool_get_default
                0x0000000010001ac8        0x8 CMakeFiles/pico_webserver.dir/pico-sdk/src/common/pico_time/time.c.obj
                0x0000000010001ac8                alarm_pool_get_default
 .text.alarm_pool_create_with_unused_hardware_alarm
                0x0000000010001ad0       0x74 CMakeFiles/pico_webserver.dir/pico-sdk/src/common/pico_time/time.c.obj
                0x0000000010001ad0                alarm_pool_create_with_unused_hardware_alarm
 .text.alarm_pool_destroy
                0x0000000010001b44       0x44 CMakeFiles/pico_webserver.dir/pico-sdk/src/common/pico_time/time.c.obj
                0x0000000010001b44                alarm_pool_destroy
 .text.alarm_pool_add_alarm_at
                0x0000000010001b88      0x178 CMakeFiles/pico_webserver.dir/pico-sdk/src/common/pico_time/time.c.obj
                0x0000000010001b88                alarm_pool_add_alarm_at
 .text.alarm_pool_add_alarm_at_force_in_context
                0x0000000010001d00      0x124 CMakeFiles/pico_webserver.dir/pico-sdk/src/common/pico_time/time.c.obj
                0x0000000010001d00                alarm_pool_add_alarm_at_force_in_context
 .text.alarm_pool_cancel_alarm
                0x0000000010001e24       0x78 CMakeFiles/pico_webserver.dir/pico-sdk/src/common/pico_time/time.c.obj
                0x0000000010001e24                alarm_pool_cancel_alarm
 .text.alarm_pool_core_num
                0x0000000010001e9c        0x4 CMakeFiles/pico_webserver.dir/pico-sdk/src/common/pico_time/time.c.obj
                0x0000000010001e9c                alarm_pool_core_num
 .text.sleep_until
                0x0000000010001ea0       0xc4 CMakeFiles/pico_webserver.dir/pico-sdk/src/common/pico_time/time.c.obj
                0x0000000010001ea0                sleep_until
 .text.sleep_ms
                0x0000000010001f64       0x34 CMakeFiles/pico_webserver.dir/pico-sdk/src/common/pico_time/time.c.obj
                0x0000000010001f64                sleep_ms
 .text.best_effort_wfe_or_timeout
                0x0000000010001f98       0xd4 CMakeFiles/pico_webserver.dir/pico-sdk/src/common/pico_time/time.c.obj
                0x0000000010001f98                best_effort_wfe_or_timeout
 .text.hardware_alarm_irq_handler
                0x000000001000206c       0xbc CMakeFiles/pico_webserver.dir/pico-sdk/src/rp2_common/hardware_timer/timer.c.obj
 .text.hardware_alarm_claim
                0x0000000010002128       0x18 CMakeFiles/pico_webserver.dir/pico-sdk/src/rp2_common/hardware_timer/timer.c.obj
                0x0000000010002128                hardware_alarm_claim
 .text.hardware_alarm_unclaim
                0x0000000010002140       0x10 CMakeFiles/pico_webserver.dir/pico-sdk/src/rp2_common/hardware_timer/timer.c.obj
                0x0000000010002140                hardware_alarm_unclaim
 .text.hardware_alarm_claim_unused
                0x0000000010002150       0x20 CMakeFiles/pico_webserver.dir/pico-sdk/src/rp2_common/hardware_timer/timer.c.obj
                0x0000000010002150                hardware_alarm_claim_unused
 .text.time_us_64
                0x0000000010002170       0x14 CMakeFiles/pico_webserver.dir/pico-sdk/src/rp2_common/hardware_timer/timer.c.obj
                0x0000000010002170                time_us_64
 .text.busy_wait_until
                0x0000000010002184       0x20 CMakeFiles/pico_webserver.dir/pico-sdk/src/rp2_common/hardware_timer/timer.c.obj
                0x0000000010002184                busy_wait_until
 .text.hardware_alarm_set_callback
                0x00000000100021a4       0x8c CMakeFiles/pico_webserver.dir/pico-sdk/src/rp2_common/hardware_timer/timer.c.obj
                0x00000000100021a4                hardware_alarm_set_callback
 .text.hardware_alarm_set_target
                0x0000000010002230       0xd4 CMakeFiles/pico_webserver.dir/pico-sdk/src/rp2_common/hardware_timer/timer.c.obj
                0x0000000010002230                hardware_alarm_set_target
 .text.hardware_alarm_cancel
                0x0000000010002304       0x3c CMakeFiles/pico_webserver.dir/pico-sdk/src/rp2_common/hardware_timer/timer.c.obj
                0x0000000010002304                hardware_alarm_cancel
 .text.hardware_alarm_force_irq
                0x0000000010002340       0x3c CMakeFiles/pico_webserver.dir/pico-sdk/src/rp2_common/hardware_timer/timer.c.obj
                0x0000000010002340                hardware_alarm_force_irq
 .text.ph_merge_nodes
                0x000000001000237c       0x68 CMakeFiles/pico_webserver.dir/pico-sdk/src/common/pico_util/pheap.c.obj
 .text.ph_create
                0x00000000100023e4       0x60 CMakeFiles/pico_webserver.dir/pico-sdk/src/common/pico_util/pheap.c.obj
                0x00000000100023e4                ph_create
 .text.ph_post_alloc_init
                0x0000000010002444       0x3c CMakeFiles/pico_webserver.dir/pico-sdk/src/common/pico_util/pheap.c.obj
                0x0000000010002444                ph_post_alloc_init
 .text.ph_destroy
                0x0000000010002480       0x14 CMakeFiles/pico_webserver.dir/pico-sdk/src/common/pico_util/pheap.c.obj
                0x0000000010002480                ph_destroy
 .text.ph_merge_two_pass
                0x0000000010002494       0x90 CMakeFiles/pico_webserver.dir/pico-sdk/src/common/pico_util/pheap.c.obj
                0x0000000010002494                ph_merge_two_pass
 .text.ph_remove_any_head
                0x0000000010002524      0x100 CMakeFiles/pico_webserver.dir/pico-sdk/src/common/pico_util/pheap.c.obj
 .text.ph_remove_head
                0x0000000010002624      0x104 CMakeFiles/pico_webserver.dir/pico-sdk/src/common/pico_util/pheap.c.obj
                0x0000000010002624                ph_remove_head
 .text.ph_remove_and_free_node
                0x0000000010002728       0x7c CMakeFiles/pico_webserver.dir/pico-sdk/src/common/pico_util/pheap.c.obj
                0x0000000010002728                ph_remove_and_free_node
 .text.clock_configure
                0x00000000100027a4      0x118 CMakeFiles/pico_webserver.dir/pico-sdk/src/rp2_common/hardware_clocks/clocks.c.obj
                0x00000000100027a4                clock_configure
 .text.clocks_init
                0x00000000100028bc      0x2d0 CMakeFiles/pico_webserver.dir/pico-sdk/src/rp2_common/hardware_clocks/clocks.c.obj
                0x00000000100028bc                clocks_init
 .text.clock_get_hz
                0x0000000010002b8c        0xc CMakeFiles/pico_webserver.dir/pico-sdk/src/rp2_common/hardware_clocks/clocks.c.obj
                0x0000000010002b8c                clock_get_hz
 .text.pll_init
                0x0000000010002b98       0xa0 CMakeFiles/pico_webserver.dir/pico-sdk/src/rp2_common/hardware_pll/pll.c.obj
                0x0000000010002b98                pll_init
 .text.watchdog_start_tick
                0x0000000010002c38       0x10 CMakeFiles/pico_webserver.dir/pico-sdk/src/rp2_common/hardware_watchdog/watchdog.c.obj
                0x0000000010002c38                watchdog_start_tick
 .text.xosc_init
                0x0000000010002c48       0x28 CMakeFiles/pico_webserver.dir/pico-sdk/src/rp2_common/hardware_xosc/xosc.c.obj
                0x0000000010002c48                xosc_init
 .text.runtime_init
                0x0000000010002c70       0xf0 CMakeFiles/pico_webserver.dir/pico-sdk/src/rp2_common/pico_runtime/runtime.c.obj
                0x0000000010002c70                runtime_init
 .text._exit    0x0000000010002d60       0x14 CMakeFiles/pico_webserver.dir/pico-sdk/src/rp2_common/pico_runtime/runtime.c.obj
                0x0000000010002d60                _exit
 .text._sbrk    0x0000000010002d74       0x34 CMakeFiles/pico_webserver.dir/pico-sdk/src/rp2_common/pico_runtime/runtime.c.obj
                0x0000000010002d74                _sbrk
 .text.exit     0x0000000010002da8        0x8 CMakeFiles/pico_webserver.dir/pico-sdk/src/rp2_common/pico_runtime/runtime.c.obj
                0x0000000010002da8                exit
 .text.panic    0x0000000010002db0       0x30 CMakeFiles/pico_webserver.dir/pico-sdk/src/rp2_common/pico_runtime/runtime.c.obj
                0x0000000010002db0                panic
 .text.hard_assertion_failure
                0x0000000010002de0        0xc CMakeFiles/pico_webserver.dir/pico-sdk/src/rp2_common/pico_runtime/runtime.c.obj
                0x0000000010002de0                hard_assertion_failure
 .text._out_buffer
                0x0000000010002dec        0x8 CMakeFiles/pico_webserver.dir/pico-sdk/src/rp2_common/pico_printf/printf.c.obj
 .text._out_null
                0x0000000010002df4        0x4 CMakeFiles/pico_webserver.dir/pico-sdk/src/rp2_common/pico_printf/printf.c.obj
 .text._out_rev
                0x0000000010002df8       0x9c CMakeFiles/pico_webserver.dir/pico-sdk/src/rp2_common/pico_printf/printf.c.obj
 .text._ntoa_format
                0x0000000010002e94      0x1cc CMakeFiles/pico_webserver.dir/pico-sdk/src/rp2_common/pico_printf/printf.c.obj
 .text._out_char
                0x0000000010003060       0x10 CMakeFiles/pico_webserver.dir/pico-sdk/src/rp2_common/pico_printf/printf.c.obj
 .text._out_fct
                0x0000000010003070       0x10 CMakeFiles/pico_webserver.dir/pico-sdk/src/rp2_common/pico_printf/printf.c.obj
 .text._etoa    0x0000000010003080      0x44c CMakeFiles/pico_webserver.dir/pico-sdk/src/rp2_common/pico_printf/printf.c.obj
 .text._ftoa    0x00000000100034cc      0x398 CMakeFiles/pico_webserver.dir/pico-sdk/src/rp2_common/pico_printf/printf.c.obj
 .text._vsnprintf
                0x0000000010003864      0xb04 CMakeFiles/pico_webserver.dir/pico-sdk/src/rp2_common/pico_printf/printf.c.obj
 .text.__wrap_sprintf
                0x0000000010004368       0x28 CMakeFiles/pico_webserver.dir/pico-sdk/src/rp2_common/pico_printf/printf.c.obj
                0x0000000010004368                __wrap_sprintf
 .text.vfctprintf
                0x0000000010004390       0x20 CMakeFiles/pico_webserver.dir/pico-sdk/src/rp2_common/pico_printf/printf.c.obj
                0x0000000010004390                vfctprintf
 .text.weak_raw_vprintf
                0x00000000100043b0       0x30 CMakeFiles/pico_webserver.dir/pico-sdk/src/rp2_common/pico_printf/printf.c.obj
                0x00000000100043b0                weak_raw_vprintf
 .text          0x00000000100043e0       0x10 CMakeFiles/pico_webserver.dir/pico-sdk/src/rp2_common/pico_bit_ops/bit_ops_aeabi.S.obj
 .text.ctzsi    0x00000000100043f0        0xc CMakeFiles/pico_webserver.dir/pico-sdk/src/rp2_common/pico_bit_ops/bit_ops_aeabi.S.obj
                0x00000000100043f0                __wrap___ctzsi2
 .text.rom_func_lookup
                0x00000000100043fc       0x10 CMakeFiles/pico_webserver.dir/pico-sdk/src/rp2_common/pico_bootrom/bootrom.c.obj
                0x00000000100043fc                rom_func_lookup
 .text.rom_data_lookup
                0x000000001000440c       0x10 CMakeFiles/pico_webserver.dir/pico-sdk/src/rp2_common/pico_bootrom/bootrom.c.obj
                0x000000001000440c                rom_data_lookup
 .text.rom_funcs_lookup
                0x000000001000441c       0x44 CMakeFiles/pico_webserver.dir/pico-sdk/src/rp2_common/pico_bootrom/bootrom.c.obj
                0x000000001000441c                rom_funcs_lookup
 .text.__wrap___aeabi_idiv
                0x0000000010004460       0x50 CMakeFiles/pico_webserver.dir/pico-sdk/src/rp2_common/pico_divider/divider.S.obj
                0x0000000010004460                __wrap___aeabi_idivmod
                0x0000000010004460                divmod_s32s32
                0x0000000010004460                div_s32s32
                0x0000000010004460                __wrap___aeabi_idiv
                0x0000000010004468                divmod_s32s32_unsafe
                0x0000000010004494                divmod_s32s32_savestate
 .text.__wrap___aeabi_uidiv
                0x00000000100044b0       0x4c CMakeFiles/pico_webserver.dir/pico-sdk/src/rp2_common/pico_divider/divider.S.obj
                0x00000000100044b0                __wrap___aeabi_uidiv
                0x00000000100044b0                __wrap___aeabi_uidivmod
                0x00000000100044b0                div_u32u32
                0x00000000100044b0                divmod_u32u32
                0x00000000100044b8                divmod_u32u32_unsafe
                0x00000000100044e0                divmod_u32u32_savestate
 .text.__wrap___aeabi_ldiv
                0x00000000100044fc      0x424 CMakeFiles/pico_webserver.dir/pico-sdk/src/rp2_common/pico_divider/divider.S.obj
                0x00000000100044fc                div_s64s64
                0x00000000100044fc                divmod_s64s64
                0x00000000100044fc                __wrap___aeabi_ldivmod
                0x000000001000452c                div_u64u64
                0x000000001000452c                divmod_u64u64
                0x000000001000452c                __wrap___aeabi_uldivmod
                0x000000001000453c                divmod_u64u64_savestate
                0x000000001000455c                divmod_s64s64_unsafe
                0x00000000100045e4                divmod_u64u64_unsafe
 .text.__wrap___aeabi_darithmetic
                0x0000000010004920       0x60 CMakeFiles/pico_webserver.dir/pico-sdk/src/rp2_common/pico_double/double_aeabi.S.obj
                0x0000000010004920                __wrap___aeabi_drsub
                0x0000000010004926                __wrap___aeabi_dsub
                0x0000000010004930                __wrap___aeabi_dadd
                0x000000001000493a                __wrap___aeabi_ddiv
                0x000000001000496e                __wrap___aeabi_dmul
 .text.__wrap___aeabi_cdcmple
                0x0000000010004980       0x6c CMakeFiles/pico_webserver.dir/pico-sdk/src/rp2_common/pico_double/double_aeabi.S.obj
                0x0000000010004980                __wrap___aeabi_cdrcmple
                0x0000000010004990                __wrap___aeabi_cdcmple
                0x0000000010004990                __wrap___aeabi_cdcmpeq
 .text.__wrap___aeabi_dcmplt
                0x00000000100049ec        0xc CMakeFiles/pico_webserver.dir/pico-sdk/src/rp2_common/pico_double/double_aeabi.S.obj
                0x00000000100049ec                __wrap___aeabi_dcmplt
 .text.__wrap___aeabi_dcmple
                0x00000000100049f8       0x10 CMakeFiles/pico_webserver.dir/pico-sdk/src/rp2_common/pico_double/double_aeabi.S.obj
                0x00000000100049f8                __wrap___aeabi_dcmple
 .text.__wrap___aeabi_dcmpge
                0x0000000010004a08       0x10 CMakeFiles/pico_webserver.dir/pico-sdk/src/rp2_common/pico_double/double_aeabi.S.obj
                0x0000000010004a08                __wrap___aeabi_dcmpge
 .text.__wrap___aeabi_dcmpgt
                0x0000000010004a18        0xa CMakeFiles/pico_webserver.dir/pico-sdk/src/rp2_common/pico_double/double_aeabi.S.obj
                0x0000000010004a18                __wrap___aeabi_dcmpgt
 .text.__wrap___aeabi_dcmpun
                0x0000000010004a22       0x1c CMakeFiles/pico_webserver.dir/pico-sdk/src/rp2_common/pico_double/double_aeabi.S.obj
                0x0000000010004a22                __wrap___aeabi_dcmpun
 *fill*         0x0000000010004a3e        0x2 
 .text.__wrap___aeabi_i2d
                0x0000000010004a40       0x38 CMakeFiles/pico_webserver.dir/pico-sdk/src/rp2_common/pico_double/double_aeabi.S.obj
                0x0000000010004a40                __wrap___aeabi_ui2d
                0x0000000010004a48                __wrap___aeabi_i2d
 .text.__wrap___aeabi_d2iz
                0x0000000010004a78       0x48 CMakeFiles/pico_webserver.dir/pico-sdk/src/rp2_common/pico_double/double_aeabi.S.obj
                0x0000000010004a78                __wrap___aeabi_d2iz
                0x0000000010004a78                double2int_z
 .text.__wrap___aeabi_d2uiz
                0x0000000010004ac0       0x10 CMakeFiles/pico_webserver.dir/pico-sdk/src/rp2_common/pico_double/double_aeabi.S.obj
                0x0000000010004ac0                double2uint
                0x0000000010004ac0                __wrap___aeabi_d2uiz
 .text.missing_double_func_shim
                0x0000000010004ad0        0xc CMakeFiles/pico_webserver.dir/pico-sdk/src/rp2_common/pico_double/double_init_rom.c.obj
 .text.__aeabi_double_init
                0x0000000010004adc       0x98 CMakeFiles/pico_webserver.dir/pico-sdk/src/rp2_common/pico_double/double_init_rom.c.obj
                0x0000000010004adc                __aeabi_double_init
 .text.double_table_shim_on_use_helper
                0x0000000010004b74       0x2c CMakeFiles/pico_webserver.dir/pico-sdk/src/rp2_common/pico_double/double_v1_rom_shim.S.obj
                0x0000000010004b74                double_table_shim_on_use_helper
 .text.__aeabi_lmul
                0x0000000010004ba0       0x32 CMakeFiles/pico_webserver.dir/pico-sdk/src/rp2_common/pico_int64_ops/pico_int64_ops_aeabi.S.obj
                0x0000000010004ba0                __wrap___aeabi_lmul
 *fill*         0x0000000010004bd2        0x2 
 .text.missing_float_func_shim
                0x0000000010004bd4        0xc CMakeFiles/pico_webserver.dir/pico-sdk/src/rp2_common/pico_float/float_init_rom.c.obj
 .text.__aeabi_float_init
                0x0000000010004be0       0x5c CMakeFiles/pico_webserver.dir/pico-sdk/src/rp2_common/pico_float/float_init_rom.c.obj
                0x0000000010004be0                __aeabi_float_init
 .text.__wrap_malloc
                0x0000000010004c3c       0x3c CMakeFiles/pico_webserver.dir/pico-sdk/src/rp2_common/pico_malloc/pico_malloc.c.obj
                0x0000000010004c3c                __wrap_malloc
 .text.__wrap_calloc
                0x0000000010004c78       0x40 CMakeFiles/pico_webserver.dir/pico-sdk/src/rp2_common/pico_malloc/pico_malloc.c.obj
                0x0000000010004c78                __wrap_calloc
 .text.__wrap_free
                0x0000000010004cb8       0x20 CMakeFiles/pico_webserver.dir/pico-sdk/src/rp2_common/pico_malloc/pico_malloc.c.obj
                0x0000000010004cb8                __wrap_free
 .text          0x0000000010004cd8       0x10 CMakeFiles/pico_webserver.dir/pico-sdk/src/rp2_common/pico_mem_ops/mem_ops_aeabi.S.obj
                0x0000000010004cd8                __aeabi_mem_init
 .text.memset   0x0000000010004ce8        0xc CMakeFiles/pico_webserver.dir/pico-sdk/src/rp2_common/pico_mem_ops/mem_ops_aeabi.S.obj
                0x0000000010004ce8                __wrap_memset
 .text.memcpy   0x0000000010004cf4        0xc CMakeFiles/pico_webserver.dir/pico-sdk/src/rp2_common/pico_mem_ops/mem_ops_aeabi.S.obj
                0x0000000010004cf4                __wrap___aeabi_memcpy
                0x0000000010004cf4                __wrap_memcpy
 .text.stdio_out_chars_no_crlf
                0x0000000010004d00       0x10 CMakeFiles/pico_webserver.dir/pico-sdk/src/rp2_common/pico_stdio/stdio.c.obj
 .text.stdio_out_chars_crlf
                0x0000000010004d10       0xb4 CMakeFiles/pico_webserver.dir/pico-sdk/src/rp2_common/pico_stdio/stdio.c.obj
 .text.stdio_buffered_printer
                0x0000000010004dc4       0x64 CMakeFiles/pico_webserver.dir/pico-sdk/src/rp2_common/pico_stdio/stdio.c.obj
 .text.stdio_put_string.isra.0
                0x0000000010004e28       0xfc CMakeFiles/pico_webserver.dir/pico-sdk/src/rp2_common/pico_stdio/stdio.c.obj
 .text.__wrap_putchar
                0x0000000010004f24       0x98 CMakeFiles/pico_webserver.dir/pico-sdk/src/rp2_common/pico_stdio/stdio.c.obj
                0x0000000010004f24                __wrap_putchar
 .text.__wrap_puts
                0x0000000010004fbc       0x3c CMakeFiles/pico_webserver.dir/pico-sdk/src/rp2_common/pico_stdio/stdio.c.obj
                0x0000000010004fbc                __wrap_puts
 .text.__wrap_vprintf
                0x0000000010004ff8       0xd8 CMakeFiles/pico_webserver.dir/pico-sdk/src/rp2_common/pico_stdio/stdio.c.obj
                0x0000000010004ff8                __wrap_vprintf
 .text.__wrap_printf
                0x00000000100050d0       0x18 CMakeFiles/pico_webserver.dir/pico-sdk/src/rp2_common/pico_stdio/stdio.c.obj
                0x00000000100050d0                __wrap_printf
 .text.startup._retrieve_unique_id_on_boot
                0x00000000100050e8       0x10 CMakeFiles/pico_webserver.dir/pico-sdk/src/rp2_common/pico_unique_id/unique_id.c.obj
 .text.pico_get_unique_board_id
                0x00000000100050f8       0x10 CMakeFiles/pico_webserver.dir/pico-sdk/src/rp2_common/pico_unique_id/unique_id.c.obj
                0x00000000100050f8                pico_get_unique_board_id
 .text.flash_get_unique_id
                0x0000000010005108       0x40 CMakeFiles/pico_webserver.dir/pico-sdk/src/rp2_common/hardware_flash/flash.c.obj
                0x0000000010005108                flash_get_unique_id
 .text.dcd_int_enable
                0x0000000010005148        0xc CMakeFiles/pico_webserver.dir/pico-sdk/lib/tinyusb/src/portable/raspberrypi/rp2040/dcd_rp2040.c.obj
                0x0000000010005148                dcd_int_enable
 .text.dcd_set_address
                0x0000000010005154       0x14 CMakeFiles/pico_webserver.dir/pico-sdk/lib/tinyusb/src/portable/raspberrypi/rp2040/dcd_rp2040.c.obj
                0x0000000010005154                dcd_set_address
 .text.dcd_connect
                0x0000000010005168       0x10 CMakeFiles/pico_webserver.dir/pico-sdk/lib/tinyusb/src/portable/raspberrypi/rp2040/dcd_rp2040.c.obj
                0x0000000010005168                dcd_connect
 .text.dcd_init
                0x0000000010005178       0x98 CMakeFiles/pico_webserver.dir/pico-sdk/lib/tinyusb/src/portable/raspberrypi/rp2040/dcd_rp2040.c.obj
                0x0000000010005178                dcd_init
 .text.dcd_edpt0_status_complete
                0x0000000010005210       0x1c CMakeFiles/pico_webserver.dir/pico-sdk/lib/tinyusb/src/portable/raspberrypi/rp2040/dcd_rp2040.c.obj
                0x0000000010005210                dcd_edpt0_status_complete
 .text.dcd_edpt_open
                0x000000001000522c      0x108 CMakeFiles/pico_webserver.dir/pico-sdk/lib/tinyusb/src/portable/raspberrypi/rp2040/dcd_rp2040.c.obj
                0x000000001000522c                dcd_edpt_open
 .text.dcd_edpt_close_all
                0x0000000010005334        0x8 CMakeFiles/pico_webserver.dir/pico-sdk/lib/tinyusb/src/portable/raspberrypi/rp2040/dcd_rp2040.c.obj
                0x0000000010005334                dcd_edpt_close_all
 .text.dcd_edpt_xfer
                0x000000001000533c       0x24 CMakeFiles/pico_webserver.dir/pico-sdk/lib/tinyusb/src/portable/raspberrypi/rp2040/dcd_rp2040.c.obj
                0x000000001000533c                dcd_edpt_xfer
 .text.dcd_edpt_stall
                0x0000000010005360       0x38 CMakeFiles/pico_webserver.dir/pico-sdk/lib/tinyusb/src/portable/raspberrypi/rp2040/dcd_rp2040.c.obj
                0x0000000010005360                dcd_edpt_stall
 .text.dcd_edpt_clear_stall
                0x0000000010005398       0x30 CMakeFiles/pico_webserver.dir/pico-sdk/lib/tinyusb/src/portable/raspberrypi/rp2040/dcd_rp2040.c.obj
                0x0000000010005398                dcd_edpt_clear_stall
 .text.rp2040_usb_init
                0x00000000100053c8       0x4c CMakeFiles/pico_webserver.dir/pico-sdk/lib/tinyusb/src/portable/raspberrypi/rp2040/rp2040_usb.c.obj
                0x00000000100053c8                rp2040_usb_init
 .text.hw_endpoint_xfer_start
                0x0000000010005414       0x50 CMakeFiles/pico_webserver.dir/pico-sdk/lib/tinyusb/src/portable/raspberrypi/rp2040/rp2040_usb.c.obj
                0x0000000010005414                hw_endpoint_xfer_start
 .text.tud_mounted
                0x0000000010005464       0x10 CMakeFiles/pico_webserver.dir/pico-sdk/lib/tinyusb/src/device/usbd.c.obj
                0x0000000010005464                tud_mounted
 .text.tud_suspended
                0x0000000010005474       0x10 CMakeFiles/pico_webserver.dir/pico-sdk/lib/tinyusb/src/device/usbd.c.obj
                0x0000000010005474                tud_suspended
 .text.tud_init
                0x0000000010005484       0xe0 CMakeFiles/pico_webserver.dir/pico-sdk/lib/tinyusb/src/device/usbd.c.obj
                0x0000000010005484                tud_init
 .text.tud_task_ext
                0x0000000010005564      0x7ec CMakeFiles/pico_webserver.dir/pico-sdk/lib/tinyusb/src/device/usbd.c.obj
                0x0000000010005564                tud_task_ext
 .text.usbd_open_edpt_pair
                0x0000000010005d50       0x9c CMakeFiles/pico_webserver.dir/pico-sdk/lib/tinyusb/src/device/usbd.c.obj
                0x0000000010005d50                usbd_open_edpt_pair
 .text.usbd_edpt_open
                0x0000000010005dec       0x34 CMakeFiles/pico_webserver.dir/pico-sdk/lib/tinyusb/src/device/usbd.c.obj
                0x0000000010005dec                usbd_edpt_open
 .text.usbd_edpt_xfer
                0x0000000010005e20       0x4c CMakeFiles/pico_webserver.dir/pico-sdk/lib/tinyusb/src/device/usbd.c.obj
                0x0000000010005e20                usbd_edpt_xfer
 .text.usbd_edpt_busy
                0x0000000010005e6c       0x1c CMakeFiles/pico_webserver.dir/pico-sdk/lib/tinyusb/src/device/usbd.c.obj
                0x0000000010005e6c                usbd_edpt_busy
 .text.tud_control_status
                0x0000000010005e88       0x30 CMakeFiles/pico_webserver.dir/pico-sdk/lib/tinyusb/src/device/usbd_control.c.obj
                0x0000000010005e88                tud_control_status
 .text.tud_control_xfer
                0x0000000010005eb8       0xbc CMakeFiles/pico_webserver.dir/pico-sdk/lib/tinyusb/src/device/usbd_control.c.obj
                0x0000000010005eb8                tud_control_xfer
 .text.usbd_control_reset
                0x0000000010005f74       0x14 CMakeFiles/pico_webserver.dir/pico-sdk/lib/tinyusb/src/device/usbd_control.c.obj
                0x0000000010005f74                usbd_control_reset
 .text.usbd_control_set_complete_callback
                0x0000000010005f88        0xc CMakeFiles/pico_webserver.dir/pico-sdk/lib/tinyusb/src/device/usbd_control.c.obj
                0x0000000010005f88                usbd_control_set_complete_callback
 .text.usbd_control_set_request
                0x0000000010005f94       0x1c CMakeFiles/pico_webserver.dir/pico-sdk/lib/tinyusb/src/device/usbd_control.c.obj
                0x0000000010005f94                usbd_control_set_request
 .text.usbd_control_xfer_cb
                0x0000000010005fb0       0xfc CMakeFiles/pico_webserver.dir/pico-sdk/lib/tinyusb/src/device/usbd_control.c.obj
                0x0000000010005fb0                usbd_control_xfer_cb
 .text.tud_network_recv_renew
                0x00000000100060ac       0x20 CMakeFiles/pico_webserver.dir/pico-sdk/lib/tinyusb/src/class/net/ecm_rndis_device.c.obj
                0x00000000100060ac                tud_network_recv_renew
 .text.netd_report
                0x00000000100060cc       0x24 CMakeFiles/pico_webserver.dir/pico-sdk/lib/tinyusb/src/class/net/ecm_rndis_device.c.obj
                0x00000000100060cc                netd_report
 .text.netd_init
                0x00000000100060f0       0x14 CMakeFiles/pico_webserver.dir/pico-sdk/lib/tinyusb/src/class/net/ecm_rndis_device.c.obj
                0x00000000100060f0                netd_init
 .text.netd_reset
                0x0000000010006104       0x14 CMakeFiles/pico_webserver.dir/pico-sdk/lib/tinyusb/src/class/net/ecm_rndis_device.c.obj
                0x0000000010006104                netd_reset
 .text.netd_open
                0x0000000010006118      0x11c CMakeFiles/pico_webserver.dir/pico-sdk/lib/tinyusb/src/class/net/ecm_rndis_device.c.obj
                0x0000000010006118                netd_open
 .text.netd_control_xfer_cb
                0x0000000010006234      0x174 CMakeFiles/pico_webserver.dir/pico-sdk/lib/tinyusb/src/class/net/ecm_rndis_device.c.obj
                0x0000000010006234                netd_control_xfer_cb
 .text.netd_xfer_cb
                0x00000000100063a8       0xec CMakeFiles/pico_webserver.dir/pico-sdk/lib/tinyusb/src/class/net/ecm_rndis_device.c.obj
                0x00000000100063a8                netd_xfer_cb
 .text.tud_network_can_xmit
                0x0000000010006494        0xc CMakeFiles/pico_webserver.dir/pico-sdk/lib/tinyusb/src/class/net/ecm_rndis_device.c.obj
                0x0000000010006494                tud_network_can_xmit
 .text.tud_network_xmit
                0x00000000100064a0       0x98 CMakeFiles/pico_webserver.dir/pico-sdk/lib/tinyusb/src/class/net/ecm_rndis_device.c.obj
                0x00000000100064a0                tud_network_xmit
 .text.tusb_init
                0x0000000010006538        0xc CMakeFiles/pico_webserver.dir/pico-sdk/lib/tinyusb/src/tusb.c.obj
                0x0000000010006538                tusb_init
 .text.tu_edpt_validate
                0x0000000010006544       0x78 CMakeFiles/pico_webserver.dir/pico-sdk/lib/tinyusb/src/tusb.c.obj
                0x0000000010006544                tu_edpt_validate
 .text.tu_edpt_bind_driver
                0x00000000100065bc       0x34 CMakeFiles/pico_webserver.dir/pico-sdk/lib/tinyusb/src/tusb.c.obj
                0x00000000100065bc                tu_edpt_bind_driver
 .text.tu_fifo_read
                0x00000000100065f0       0xa0 CMakeFiles/pico_webserver.dir/pico-sdk/lib/tinyusb/src/common/tusb_fifo.c.obj
                0x00000000100065f0                tu_fifo_read
 .text.tu_fifo_write
                0x0000000010006690       0x88 CMakeFiles/pico_webserver.dir/pico-sdk/lib/tinyusb/src/common/tusb_fifo.c.obj
                0x0000000010006690                tu_fifo_write
 .text.tu_fifo_clear
                0x0000000010006718       0x40 CMakeFiles/pico_webserver.dir/pico-sdk/lib/tinyusb/src/common/tusb_fifo.c.obj
                0x0000000010006718                tu_fifo_clear
 .text.cyw43_arch_set_async_context
                0x0000000010006758        0xc CMakeFiles/pico_webserver.dir/pico-sdk/src/rp2_common/pico_cyw43_arch/cyw43_arch.c.obj
                0x0000000010006758                cyw43_arch_set_async_context
 .text.cyw43_arch_enable_sta_mode
                0x0000000010006764       0x1c CMakeFiles/pico_webserver.dir/pico-sdk/src/rp2_common/pico_cyw43_arch/cyw43_arch.c.obj
                0x0000000010006764                cyw43_arch_enable_sta_mode
 .text.cyw43_arch_wifi_connect_async
                0x0000000010006780       0x48 CMakeFiles/pico_webserver.dir/pico-sdk/src/rp2_common/pico_cyw43_arch/cyw43_arch.c.obj
                0x0000000010006780                cyw43_arch_wifi_connect_async
 .text.cyw43_arch_init_with_country
                0x00000000100067c8       0x10 CMakeFiles/pico_webserver.dir/pico-sdk/src/rp2_common/pico_cyw43_arch/cyw43_arch.c.obj
                0x00000000100067c8                cyw43_arch_init_with_country
 .text.cyw43_arch_gpio_put
                0x00000000100067d8       0x14 CMakeFiles/pico_webserver.dir/pico-sdk/src/rp2_common/pico_cyw43_arch/cyw43_arch.c.obj
                0x00000000100067d8                cyw43_arch_gpio_put
 .text.cyw43_arch_async_context
                0x00000000100067ec        0xc CMakeFiles/pico_webserver.dir/pico-sdk/src/rp2_common/pico_cyw43_arch/cyw43_arch.c.obj
                0x00000000100067ec                cyw43_arch_async_context
 .text.cyw43_arch_init
                0x00000000100067f8       0x6c CMakeFiles/pico_webserver.dir/pico-sdk/src/rp2_common/pico_cyw43_arch/cyw43_arch_threadsafe_background.c.obj
                0x00000000100067f8                cyw43_arch_init
 .text.ns_delay.constprop.0
                0x0000000010006864       0x20 CMakeFiles/pico_webserver.dir/pico-sdk/src/rp2_common/pico_cyw43_driver/cyw43_bus_pio_spi.c.obj
 .text.cyw43_spi_deinit
                0x0000000010006884       0x7c CMakeFiles/pico_webserver.dir/pico-sdk/src/rp2_common/pico_cyw43_driver/cyw43_bus_pio_spi.c.obj
                0x0000000010006884                cyw43_spi_deinit
 .text.cyw43_spi_init
                0x0000000010006900      0x154 CMakeFiles/pico_webserver.dir/pico-sdk/src/rp2_common/pico_cyw43_driver/cyw43_bus_pio_spi.c.obj
                0x0000000010006900                cyw43_spi_init
 .text.cyw43_spi_transfer
                0x0000000010006a54      0x430 CMakeFiles/pico_webserver.dir/pico-sdk/src/rp2_common/pico_cyw43_driver/cyw43_bus_pio_spi.c.obj
                0x0000000010006a54                cyw43_spi_transfer
 .text.cyw43_spi_gpio_setup
                0x0000000010006e84       0x3c CMakeFiles/pico_webserver.dir/pico-sdk/src/rp2_common/pico_cyw43_driver/cyw43_bus_pio_spi.c.obj
                0x0000000010006e84                cyw43_spi_gpio_setup
 .text.cyw43_spi_reset
                0x0000000010006ec0       0x28 CMakeFiles/pico_webserver.dir/pico-sdk/src/rp2_common/pico_cyw43_driver/cyw43_bus_pio_spi.c.obj
                0x0000000010006ec0                cyw43_spi_reset
 .text.read_reg_u32_swap
                0x0000000010006ee8       0x3c CMakeFiles/pico_webserver.dir/pico-sdk/src/rp2_common/pico_cyw43_driver/cyw43_bus_pio_spi.c.obj
                0x0000000010006ee8                read_reg_u32_swap
 .text.cyw43_read_reg_u32
                0x0000000010006f24       0x6c CMakeFiles/pico_webserver.dir/pico-sdk/src/rp2_common/pico_cyw43_driver/cyw43_bus_pio_spi.c.obj
                0x0000000010006f24                cyw43_read_reg_u32
 .text.cyw43_read_reg_u16
                0x0000000010006f90       0x6c CMakeFiles/pico_webserver.dir/pico-sdk/src/rp2_common/pico_cyw43_driver/cyw43_bus_pio_spi.c.obj
                0x0000000010006f90                cyw43_read_reg_u16
 .text.cyw43_read_reg_u8
                0x0000000010006ffc       0x6c CMakeFiles/pico_webserver.dir/pico-sdk/src/rp2_common/pico_cyw43_driver/cyw43_bus_pio_spi.c.obj
                0x0000000010006ffc                cyw43_read_reg_u8
 .text.write_reg_u32_swap
                0x0000000010007068      0x1e0 CMakeFiles/pico_webserver.dir/pico-sdk/src/rp2_common/pico_cyw43_driver/cyw43_bus_pio_spi.c.obj
                0x0000000010007068                write_reg_u32_swap
 .text.cyw43_write_reg_u32
                0x0000000010007248      0x200 CMakeFiles/pico_webserver.dir/pico-sdk/src/rp2_common/pico_cyw43_driver/cyw43_bus_pio_spi.c.obj
                0x0000000010007248                cyw43_write_reg_u32
 .text.cyw43_write_reg_u16
                0x0000000010007448      0x200 CMakeFiles/pico_webserver.dir/pico-sdk/src/rp2_common/pico_cyw43_driver/cyw43_bus_pio_spi.c.obj
                0x0000000010007448                cyw43_write_reg_u16
 .text.cyw43_write_reg_u8
                0x0000000010007648      0x200 CMakeFiles/pico_webserver.dir/pico-sdk/src/rp2_common/pico_cyw43_driver/cyw43_bus_pio_spi.c.obj
                0x0000000010007648                cyw43_write_reg_u8
 .text.cyw43_read_bytes
                0x0000000010007848       0x78 CMakeFiles/pico_webserver.dir/pico-sdk/src/rp2_common/pico_cyw43_driver/cyw43_bus_pio_spi.c.obj
                0x0000000010007848                cyw43_read_bytes
 .text.cyw43_write_bytes
                0x00000000100078c0       0xec CMakeFiles/pico_webserver.dir/pico-sdk/src/rp2_common/pico_cyw43_driver/cyw43_bus_pio_spi.c.obj
                0x00000000100078c0                cyw43_write_bytes
 .text.cyw43_set_backplane_window
                0x00000000100079ac       0x64 CMakeFiles/pico_webserver.dir/pico-sdk/lib/cyw43-driver/src/cyw43_ll.c.obj
 .text.cyw43_ll_parse_async_event
                0x0000000010007a10      0x13c CMakeFiles/pico_webserver.dir/pico-sdk/lib/cyw43-driver/src/cyw43_ll.c.obj
 .text.cyw43_kso_set
                0x0000000010007b4c       0xa0 CMakeFiles/pico_webserver.dir/pico-sdk/lib/cyw43-driver/src/cyw43_ll.c.obj
 .text.cyw43_ll_sdpcm_poll_device
                0x0000000010007bec      0x238 CMakeFiles/pico_webserver.dir/pico-sdk/lib/cyw43-driver/src/cyw43_ll.c.obj
 .text.cyw43_sdpcm_send_common
                0x0000000010007e24       0xf0 CMakeFiles/pico_webserver.dir/pico-sdk/lib/cyw43-driver/src/cyw43_ll.c.obj
 .text.cyw43_do_ioctl.part.0
                0x0000000010007f14       0xc4 CMakeFiles/pico_webserver.dir/pico-sdk/lib/cyw43-driver/src/cyw43_ll.c.obj
 .text.cyw43_write_iovar_u32
                0x0000000010007fd8       0xa4 CMakeFiles/pico_webserver.dir/pico-sdk/lib/cyw43-driver/src/cyw43_ll.c.obj
 .text.cyw43_write_iovar_u32_u32.constprop.0
                0x000000001000807c       0xb0 CMakeFiles/pico_webserver.dir/pico-sdk/lib/cyw43-driver/src/cyw43_ll.c.obj
 .text.cyw43_read_backplane.constprop.0
                0x000000001000812c       0xdc CMakeFiles/pico_webserver.dir/pico-sdk/lib/cyw43-driver/src/cyw43_ll.c.obj
 .text.cyw43_write_backplane
                0x0000000010008208      0x104 CMakeFiles/pico_webserver.dir/pico-sdk/lib/cyw43-driver/src/cyw43_ll.c.obj
 .text.reset_device_core.constprop.0
                0x000000001000830c      0x3f0 CMakeFiles/pico_webserver.dir/pico-sdk/lib/cyw43-driver/src/cyw43_ll.c.obj
 .text.cyw43_ll_init
                0x00000000100086fc       0x1c CMakeFiles/pico_webserver.dir/pico-sdk/lib/cyw43-driver/src/cyw43_ll.c.obj
                0x00000000100086fc                cyw43_ll_init
 .text.cyw43_ll_deinit
                0x0000000010008718        0x8 CMakeFiles/pico_webserver.dir/pico-sdk/lib/cyw43-driver/src/cyw43_ll.c.obj
                0x0000000010008718                cyw43_ll_deinit
 .text.cyw43_ll_send_ethernet
                0x0000000010008720       0x60 CMakeFiles/pico_webserver.dir/pico-sdk/lib/cyw43-driver/src/cyw43_ll.c.obj
                0x0000000010008720                cyw43_ll_send_ethernet
 .text.cyw43_ll_process_packets
                0x0000000010008780       0x54 CMakeFiles/pico_webserver.dir/pico-sdk/lib/cyw43-driver/src/cyw43_ll.c.obj
                0x0000000010008780                cyw43_ll_process_packets
 .text.cyw43_ll_ioctl
                0x00000000100087d4       0x80 CMakeFiles/pico_webserver.dir/pico-sdk/lib/cyw43-driver/src/cyw43_ll.c.obj
                0x00000000100087d4                cyw43_ll_ioctl
 .text.cyw43_ll_bus_sleep
                0x0000000010008854       0x34 CMakeFiles/pico_webserver.dir/pico-sdk/lib/cyw43-driver/src/cyw43_ll.c.obj
                0x0000000010008854                cyw43_ll_bus_sleep
 .text.cyw43_ll_wifi_on
                0x0000000010008888      0x220 CMakeFiles/pico_webserver.dir/pico-sdk/lib/cyw43-driver/src/cyw43_ll.c.obj
                0x0000000010008888                cyw43_ll_wifi_on
 .text.cyw43_ll_wifi_get_mac
                0x0000000010008aa8       0x74 CMakeFiles/pico_webserver.dir/pico-sdk/lib/cyw43-driver/src/cyw43_ll.c.obj
                0x0000000010008aa8                cyw43_ll_wifi_get_mac
 .text.cyw43_ll_bus_init
                0x0000000010008b1c      0xa24 CMakeFiles/pico_webserver.dir/pico-sdk/lib/cyw43-driver/src/cyw43_ll.c.obj
                0x0000000010008b1c                cyw43_ll_bus_init
 .text.cyw43_ll_wifi_pm
                0x0000000010009540      0x138 CMakeFiles/pico_webserver.dir/pico-sdk/lib/cyw43-driver/src/cyw43_ll.c.obj
                0x0000000010009540                cyw43_ll_wifi_pm
 .text.cyw43_ll_wifi_scan
                0x0000000010009678       0xa0 CMakeFiles/pico_webserver.dir/pico-sdk/lib/cyw43-driver/src/cyw43_ll.c.obj
                0x0000000010009678                cyw43_ll_wifi_scan
 .text.cyw43_ll_wifi_join
                0x0000000010009718      0x3ec CMakeFiles/pico_webserver.dir/pico-sdk/lib/cyw43-driver/src/cyw43_ll.c.obj
                0x0000000010009718                cyw43_ll_wifi_join
 .text.cyw43_ll_wifi_set_wpa_auth
                0x0000000010009b04       0x4c CMakeFiles/pico_webserver.dir/pico-sdk/lib/cyw43-driver/src/cyw43_ll.c.obj
                0x0000000010009b04                cyw43_ll_wifi_set_wpa_auth
 .text.cyw43_ll_wifi_rejoin
                0x0000000010009b50       0x58 CMakeFiles/pico_webserver.dir/pico-sdk/lib/cyw43-driver/src/cyw43_ll.c.obj
                0x0000000010009b50                cyw43_ll_wifi_rejoin
 .text.cyw43_ll_wifi_ap_init
                0x0000000010009ba8      0x2e8 CMakeFiles/pico_webserver.dir/pico-sdk/lib/cyw43-driver/src/cyw43_ll.c.obj
                0x0000000010009ba8                cyw43_ll_wifi_ap_init
 .text.cyw43_ll_wifi_ap_set_up
                0x0000000010009e90       0x80 CMakeFiles/pico_webserver.dir/pico-sdk/lib/cyw43-driver/src/cyw43_ll.c.obj
                0x0000000010009e90                cyw43_ll_wifi_ap_set_up
 .text.cyw43_ll_gpio_set
                0x0000000010009f10       0x9c CMakeFiles/pico_webserver.dir/pico-sdk/lib/cyw43-driver/src/cyw43_ll.c.obj
                0x0000000010009f10                cyw43_ll_gpio_set
 .text.cyw43_ll_has_work
                0x0000000010009fac       0x14 CMakeFiles/pico_webserver.dir/pico-sdk/lib/cyw43-driver/src/cyw43_ll.c.obj
                0x0000000010009fac                cyw43_ll_has_work
 .text.cyw43_poll_func
                0x0000000010009fc0       0xc0 CMakeFiles/pico_webserver.dir/pico-sdk/lib/cyw43-driver/src/cyw43_ctrl.c.obj
 .text.cyw43_init
                0x000000001000a080       0x6c CMakeFiles/pico_webserver.dir/pico-sdk/lib/cyw43-driver/src/cyw43_ctrl.c.obj
                0x000000001000a080                cyw43_init
 .text.cyw43_deinit
                0x000000001000a0ec       0x90 CMakeFiles/pico_webserver.dir/pico-sdk/lib/cyw43-driver/src/cyw43_ctrl.c.obj
                0x000000001000a0ec                cyw43_deinit
 .text.cyw43_cb_read_host_interrupt_pin
                0x000000001000a17c        0xc CMakeFiles/pico_webserver.dir/pico-sdk/lib/cyw43-driver/src/cyw43_ctrl.c.obj
                0x000000001000a17c                cyw43_cb_read_host_interrupt_pin
 .text.cyw43_cb_ensure_awake
                0x000000001000a188        0xc CMakeFiles/pico_webserver.dir/pico-sdk/lib/cyw43-driver/src/cyw43_ctrl.c.obj
                0x000000001000a188                cyw43_cb_ensure_awake
 .text.cyw43_cb_process_async_event
                0x000000001000a194      0x228 CMakeFiles/pico_webserver.dir/pico-sdk/lib/cyw43-driver/src/cyw43_ctrl.c.obj
                0x000000001000a194                cyw43_cb_process_async_event
 .text.cyw43_send_ethernet
                0x000000001000a3bc       0xc0 CMakeFiles/pico_webserver.dir/pico-sdk/lib/cyw43-driver/src/cyw43_ctrl.c.obj
                0x000000001000a3bc                cyw43_send_ethernet
 .text.cyw43_wifi_pm
                0x000000001000a47c       0xb4 CMakeFiles/pico_webserver.dir/pico-sdk/lib/cyw43-driver/src/cyw43_ctrl.c.obj
                0x000000001000a47c                cyw43_wifi_pm
 .text.cyw43_wifi_set_up
                0x000000001000a530      0x308 CMakeFiles/pico_webserver.dir/pico-sdk/lib/cyw43-driver/src/cyw43_ctrl.c.obj
                0x000000001000a530                cyw43_wifi_set_up
 .text.cyw43_wifi_scan
                0x000000001000a838       0xd4 CMakeFiles/pico_webserver.dir/pico-sdk/lib/cyw43-driver/src/cyw43_ctrl.c.obj
                0x000000001000a838                cyw43_wifi_scan
 .text.cyw43_wifi_join
                0x000000001000a90c       0xf4 CMakeFiles/pico_webserver.dir/pico-sdk/lib/cyw43-driver/src/cyw43_ctrl.c.obj
                0x000000001000a90c                cyw43_wifi_join
 .text.cyw43_gpio_set
                0x000000001000aa00       0xa0 CMakeFiles/pico_webserver.dir/pico-sdk/lib/cyw43-driver/src/cyw43_ctrl.c.obj
                0x000000001000aa00                cyw43_gpio_set
 .text.pio_sm_unclaim
                0x000000001000aaa0       0x20 CMakeFiles/pico_webserver.dir/pico-sdk/src/rp2_common/hardware_pio/pio.c.obj
                0x000000001000aaa0                pio_sm_unclaim
 .text.pio_claim_unused_sm
                0x000000001000aac0       0x3c CMakeFiles/pico_webserver.dir/pico-sdk/src/rp2_common/hardware_pio/pio.c.obj
                0x000000001000aac0                pio_claim_unused_sm
 .text.pio_can_add_program
                0x000000001000aafc       0x68 CMakeFiles/pico_webserver.dir/pico-sdk/src/rp2_common/hardware_pio/pio.c.obj
                0x000000001000aafc                pio_can_add_program
 .text.pio_add_program
                0x000000001000ab64       0xc8 CMakeFiles/pico_webserver.dir/pico-sdk/src/rp2_common/hardware_pio/pio.c.obj
                0x000000001000ab64                pio_add_program
 .text.pio_remove_program
                0x000000001000ac2c       0x34 CMakeFiles/pico_webserver.dir/pico-sdk/src/rp2_common/hardware_pio/pio.c.obj
                0x000000001000ac2c                pio_remove_program
 .text.pio_sm_set_pindirs_with_mask
                0x000000001000ac60       0xa4 CMakeFiles/pico_webserver.dir/pico-sdk/src/rp2_common/hardware_pio/pio.c.obj
                0x000000001000ac60                pio_sm_set_pindirs_with_mask
 .text.pio_sm_set_consecutive_pindirs
                0x000000001000ad04       0xb0 CMakeFiles/pico_webserver.dir/pico-sdk/src/rp2_common/hardware_pio/pio.c.obj
                0x000000001000ad04                pio_sm_set_consecutive_pindirs
 .text.dma_channel_unclaim
                0x000000001000adb4       0x10 CMakeFiles/pico_webserver.dir/pico-sdk/src/rp2_common/hardware_dma/dma.c.obj
                0x000000001000adb4                dma_channel_unclaim
 .text.dma_claim_unused_channel
                0x000000001000adc4       0x20 CMakeFiles/pico_webserver.dir/pico-sdk/src/rp2_common/hardware_dma/dma.c.obj
                0x000000001000adc4                dma_claim_unused_channel
 .text.dma_channel_cleanup
                0x000000001000ade4       0x60 CMakeFiles/pico_webserver.dir/pico-sdk/src/rp2_common/hardware_dma/dma.c.obj
                0x000000001000ade4                dma_channel_cleanup
 .text.cyw43_sleep_timeout_reached
                0x000000001000ae44       0x10 CMakeFiles/pico_webserver.dir/pico-sdk/src/rp2_common/pico_cyw43_driver/cyw43_driver.c.obj
 .text.cyw43_irq_init
                0x000000001000ae54       0x28 CMakeFiles/pico_webserver.dir/pico-sdk/src/rp2_common/pico_cyw43_driver/cyw43_driver.c.obj
                0x000000001000ae54                cyw43_irq_init
 .text.cyw43_irq_deinit
                0x000000001000ae7c       0x20 CMakeFiles/pico_webserver.dir/pico-sdk/src/rp2_common/pico_cyw43_driver/cyw43_driver.c.obj
                0x000000001000ae7c                cyw43_irq_deinit
 .text.cyw43_gpio_irq_handler
                0x000000001000ae9c       0x44 CMakeFiles/pico_webserver.dir/pico-sdk/src/rp2_common/pico_cyw43_driver/cyw43_driver.c.obj
 .text.cyw43_do_poll
                0x000000001000aee0       0x6c CMakeFiles/pico_webserver.dir/pico-sdk/src/rp2_common/pico_cyw43_driver/cyw43_driver.c.obj
 .text.cyw43_post_poll_hook
                0x000000001000af4c       0x10 CMakeFiles/pico_webserver.dir/pico-sdk/src/rp2_common/pico_cyw43_driver/cyw43_driver.c.obj
                0x000000001000af4c                cyw43_post_poll_hook
 .text.cyw43_schedule_internal_poll_dispatch
                0x000000001000af5c       0x18 CMakeFiles/pico_webserver.dir/pico-sdk/src/rp2_common/pico_cyw43_driver/cyw43_driver.c.obj
                0x000000001000af5c                cyw43_schedule_internal_poll_dispatch
 .text.cyw43_driver_init
                0x000000001000af74       0x38 CMakeFiles/pico_webserver.dir/pico-sdk/src/rp2_common/pico_cyw43_driver/cyw43_driver.c.obj
                0x000000001000af74                cyw43_driver_init
 .text.cyw43_driver_deinit
                0x000000001000afac       0x44 CMakeFiles/pico_webserver.dir/pico-sdk/src/rp2_common/pico_cyw43_driver/cyw43_driver.c.obj
                0x000000001000afac                cyw43_driver_deinit
 .text.cyw43_hal_generate_laa_mac
                0x000000001000aff0       0x28 CMakeFiles/pico_webserver.dir/pico-sdk/src/rp2_common/pico_cyw43_driver/cyw43_driver.c.obj
                0x000000001000aff0                cyw43_hal_generate_laa_mac
 .text.cyw43_hal_get_mac
                0x000000001000b018       0x1c CMakeFiles/pico_webserver.dir/pico-sdk/src/rp2_common/pico_cyw43_driver/cyw43_driver.c.obj
                0x000000001000b018                cyw43_hal_get_mac
 .text.cyw43_thread_enter
                0x000000001000b034       0x14 CMakeFiles/pico_webserver.dir/pico-sdk/src/rp2_common/pico_cyw43_driver/cyw43_driver.c.obj
                0x000000001000b034                cyw43_thread_enter
 .text.cyw43_thread_exit
                0x000000001000b048       0x14 CMakeFiles/pico_webserver.dir/pico-sdk/src/rp2_common/pico_cyw43_driver/cyw43_driver.c.obj
                0x000000001000b048                cyw43_thread_exit
 .text.cyw43_await_background_or_timeout_us
                0x000000001000b05c       0x34 CMakeFiles/pico_webserver.dir/pico-sdk/src/rp2_common/pico_cyw43_driver/cyw43_driver.c.obj
                0x000000001000b05c                cyw43_await_background_or_timeout_us
 .text.cyw43_delay_ms
                0x000000001000b090       0x44 CMakeFiles/pico_webserver.dir/pico-sdk/src/rp2_common/pico_cyw43_driver/cyw43_driver.c.obj
                0x000000001000b090                cyw43_delay_ms
 .text.cyw43_delay_us
                0x000000001000b0d4       0x34 CMakeFiles/pico_webserver.dir/pico-sdk/src/rp2_common/pico_cyw43_driver/cyw43_driver.c.obj
                0x000000001000b0d4                cyw43_delay_us
 .text.cyw43_cb_tcpip_init
                0x000000001000b108        0x4 CMakeFiles/pico_webserver.dir/pico-sdk/src/rp2_common/pico_cyw43_driver/cyw43_driver.c.obj
                0x000000001000b108                cyw43_cb_tcpip_init
 .text.cyw43_cb_tcpip_deinit
                0x000000001000b10c        0x4 CMakeFiles/pico_webserver.dir/pico-sdk/src/rp2_common/pico_cyw43_driver/cyw43_driver.c.obj
                0x000000001000b10c                cyw43_cb_tcpip_deinit
 .text.handle_sync_func_call
                0x000000001000b110       0x24 CMakeFiles/pico_webserver.dir/pico-sdk/src/rp2_common/pico_async_context/async_context_threadsafe_background.c.obj
 .text.async_context_threadsafe_background_acquire_lock_blocking
                0x000000001000b134        0xc CMakeFiles/pico_webserver.dir/pico-sdk/src/rp2_common/pico_async_context/async_context_threadsafe_background.c.obj
 .text.process_under_lock
                0x000000001000b140       0xc8 CMakeFiles/pico_webserver.dir/pico-sdk/src/rp2_common/pico_async_context/async_context_threadsafe_background.c.obj
 .text.async_context_threadsafe_background_deinit
                0x000000001000b208       0x64 CMakeFiles/pico_webserver.dir/pico-sdk/src/rp2_common/pico_async_context/async_context_threadsafe_background.c.obj
 .text.low_priority_irq_handler
                0x000000001000b26c       0x3c CMakeFiles/pico_webserver.dir/pico-sdk/src/rp2_common/pico_async_context/async_context_threadsafe_background.c.obj
 .text.async_context_threadsafe_background_wait_for_work_until
                0x000000001000b2a8        0xc CMakeFiles/pico_webserver.dir/pico-sdk/src/rp2_common/pico_async_context/async_context_threadsafe_background.c.obj
 .text.async_context_threadsafe_background_wait_until
                0x000000001000b2b4       0x1c CMakeFiles/pico_webserver.dir/pico-sdk/src/rp2_common/pico_async_context/async_context_threadsafe_background.c.obj
 .text.async_context_threadsafe_background_lock_check
                0x000000001000b2d0       0x28 CMakeFiles/pico_webserver.dir/pico-sdk/src/rp2_common/pico_async_context/async_context_threadsafe_background.c.obj
 .text.async_context_threadsafe_background_execute_sync
                0x000000001000b2f8       0xe4 CMakeFiles/pico_webserver.dir/pico-sdk/src/rp2_common/pico_async_context/async_context_threadsafe_background.c.obj
                0x000000001000b2f8                async_context_threadsafe_background_execute_sync
 .text.async_context_threadsafe_background_set_work_pending
                0x000000001000b3dc       0x50 CMakeFiles/pico_webserver.dir/pico-sdk/src/rp2_common/pico_async_context/async_context_threadsafe_background.c.obj
 .text.alarm_handler
                0x000000001000b42c       0x58 CMakeFiles/pico_webserver.dir/pico-sdk/src/rp2_common/pico_async_context/async_context_threadsafe_background.c.obj
 .text.async_context_threadsafe_background_release_lock
                0x000000001000b484       0x7c CMakeFiles/pico_webserver.dir/pico-sdk/src/rp2_common/pico_async_context/async_context_threadsafe_background.c.obj
 .text.async_context_threadsafe_background_when_pending_worker
                0x000000001000b500       0x90 CMakeFiles/pico_webserver.dir/pico-sdk/src/rp2_common/pico_async_context/async_context_threadsafe_background.c.obj
 .text.async_context_threadsafe_background_remove_at_time_worker
                0x000000001000b590       0x90 CMakeFiles/pico_webserver.dir/pico-sdk/src/rp2_common/pico_async_context/async_context_threadsafe_background.c.obj
 .text.async_context_threadsafe_background_add_when_pending_worker
                0x000000001000b620       0x90 CMakeFiles/pico_webserver.dir/pico-sdk/src/rp2_common/pico_async_context/async_context_threadsafe_background.c.obj
 .text.async_context_threadsafe_background_add_at_time_worker
                0x000000001000b6b0       0x90 CMakeFiles/pico_webserver.dir/pico-sdk/src/rp2_common/pico_async_context/async_context_threadsafe_background.c.obj
 .text.async_context_threadsafe_background_default_config
                0x000000001000b740        0xc CMakeFiles/pico_webserver.dir/pico-sdk/src/rp2_common/pico_async_context/async_context_threadsafe_background.c.obj
                0x000000001000b740                async_context_threadsafe_background_default_config
 .text.async_context_threadsafe_background_init
                0x000000001000b74c       0xa4 CMakeFiles/pico_webserver.dir/pico-sdk/src/rp2_common/pico_async_context/async_context_threadsafe_background.c.obj
                0x000000001000b74c                async_context_threadsafe_background_init
 .text.async_context_base_add_at_time_worker
                0x000000001000b7f0       0x28 CMakeFiles/pico_webserver.dir/pico-sdk/src/rp2_common/pico_async_context/async_context_base.c.obj
                0x000000001000b7f0                async_context_base_add_at_time_worker
 .text.async_context_base_remove_at_time_worker
                0x000000001000b818       0x28 CMakeFiles/pico_webserver.dir/pico-sdk/src/rp2_common/pico_async_context/async_context_base.c.obj
                0x000000001000b818                async_context_base_remove_at_time_worker
 .text.async_context_base_add_when_pending_worker
                0x000000001000b840       0x24 CMakeFiles/pico_webserver.dir/pico-sdk/src/rp2_common/pico_async_context/async_context_base.c.obj
                0x000000001000b840                async_context_base_add_when_pending_worker
 .text.async_context_base_remove_when_pending_worker
                0x000000001000b864       0x28 CMakeFiles/pico_webserver.dir/pico-sdk/src/rp2_common/pico_async_context/async_context_base.c.obj
                0x000000001000b864                async_context_base_remove_when_pending_worker
 .text.async_context_base_execute_once
                0x000000001000b88c       0xe8 CMakeFiles/pico_webserver.dir/pico-sdk/src/rp2_common/pico_async_context/async_context_base.c.obj
                0x000000001000b88c                async_context_base_execute_once
 .text.async_context_base_needs_servicing
                0x000000001000b974       0x54 CMakeFiles/pico_webserver.dir/pico-sdk/src/rp2_common/pico_async_context/async_context_base.c.obj
                0x000000001000b974                async_context_base_needs_servicing
 .text.lwip_init
                0x000000001000b9c8       0x1c CMakeFiles/pico_webserver.dir/pico-sdk/lib/lwip/src/core/init.c.obj
                0x000000001000b9c8                lwip_init
 .text.lwip_htons
                0x000000001000b9e4        0x8 CMakeFiles/pico_webserver.dir/pico-sdk/lib/lwip/src/core/def.c.obj
                0x000000001000b9e4                lwip_htons
 .text.lwip_standard_chksum
                0x000000001000b9ec       0x80 CMakeFiles/pico_webserver.dir/pico-sdk/lib/lwip/src/core/inet_chksum.c.obj
                0x000000001000b9ec                lwip_standard_chksum
 .text.inet_chksum_pseudo
                0x000000001000ba6c       0xb4 CMakeFiles/pico_webserver.dir/pico-sdk/lib/lwip/src/core/inet_chksum.c.obj
                0x000000001000ba6c                inet_chksum_pseudo
 .text.ip_chksum_pseudo
                0x000000001000bb20       0x10 CMakeFiles/pico_webserver.dir/pico-sdk/lib/lwip/src/core/inet_chksum.c.obj
                0x000000001000bb20                ip_chksum_pseudo
 .text.inet_chksum
                0x000000001000bb30       0x8c CMakeFiles/pico_webserver.dir/pico-sdk/lib/lwip/src/core/inet_chksum.c.obj
                0x000000001000bb30                inet_chksum
 .text.mem_init
                0x000000001000bbbc       0x48 CMakeFiles/pico_webserver.dir/pico-sdk/lib/lwip/src/core/mem.c.obj
                0x000000001000bbbc                mem_init
 .text.mem_free
                0x000000001000bc04      0x128 CMakeFiles/pico_webserver.dir/pico-sdk/lib/lwip/src/core/mem.c.obj
                0x000000001000bc04                mem_free
 .text.mem_trim
                0x000000001000bd2c      0x144 CMakeFiles/pico_webserver.dir/pico-sdk/lib/lwip/src/core/mem.c.obj
                0x000000001000bd2c                mem_trim
 .text.mem_malloc
                0x000000001000be70      0x130 CMakeFiles/pico_webserver.dir/pico-sdk/lib/lwip/src/core/mem.c.obj
                0x000000001000be70                mem_malloc
 .text.memp_init
                0x000000001000bfa0       0x94 CMakeFiles/pico_webserver.dir/pico-sdk/lib/lwip/src/core/memp.c.obj
                0x000000001000bfa0                memp_init
 .text.memp_malloc
                0x000000001000c034       0x4c CMakeFiles/pico_webserver.dir/pico-sdk/lib/lwip/src/core/memp.c.obj
                0x000000001000c034                memp_malloc
 .text.memp_free
                0x000000001000c080       0x30 CMakeFiles/pico_webserver.dir/pico-sdk/lib/lwip/src/core/memp.c.obj
                0x000000001000c080                memp_free
 .text.netif_null_output_ip4
                0x000000001000c0b0        0x8 CMakeFiles/pico_webserver.dir/pico-sdk/lib/lwip/src/core/netif.c.obj
 .text.netif_init
                0x000000001000c0b8        0x4 CMakeFiles/pico_webserver.dir/pico-sdk/lib/lwip/src/core/netif.c.obj
                0x000000001000c0b8                netif_init
 .text.netif_set_addr
                0x000000001000c0bc       0xbc CMakeFiles/pico_webserver.dir/pico-sdk/lib/lwip/src/core/netif.c.obj
                0x000000001000c0bc                netif_set_addr
 .text.netif_add
                0x000000001000c178       0xb8 CMakeFiles/pico_webserver.dir/pico-sdk/lib/lwip/src/core/netif.c.obj
                0x000000001000c178                netif_add
 .text.netif_set_default
                0x000000001000c230        0xc CMakeFiles/pico_webserver.dir/pico-sdk/lib/lwip/src/core/netif.c.obj
                0x000000001000c230                netif_set_default
 .text.pbuf_free.part.0
                0x000000001000c23c       0x80 CMakeFiles/pico_webserver.dir/pico-sdk/lib/lwip/src/core/pbuf.c.obj
 .text.pbuf_alloc
                0x000000001000c2bc      0x118 CMakeFiles/pico_webserver.dir/pico-sdk/lib/lwip/src/core/pbuf.c.obj
                0x000000001000c2bc                pbuf_alloc
 .text.pbuf_realloc
                0x000000001000c3d4       0x70 CMakeFiles/pico_webserver.dir/pico-sdk/lib/lwip/src/core/pbuf.c.obj
                0x000000001000c3d4                pbuf_realloc
 .text.pbuf_add_header
                0x000000001000c444       0x4c CMakeFiles/pico_webserver.dir/pico-sdk/lib/lwip/src/core/pbuf.c.obj
                0x000000001000c444                pbuf_add_header
 .text.pbuf_remove_header
                0x000000001000c490       0x38 CMakeFiles/pico_webserver.dir/pico-sdk/lib/lwip/src/core/pbuf.c.obj
                0x000000001000c490                pbuf_remove_header
 .text.pbuf_free
                0x000000001000c4c8       0x10 CMakeFiles/pico_webserver.dir/pico-sdk/lib/lwip/src/core/pbuf.c.obj
                0x000000001000c4c8                pbuf_free
 .text.pbuf_clen
                0x000000001000c4d8       0x14 CMakeFiles/pico_webserver.dir/pico-sdk/lib/lwip/src/core/pbuf.c.obj
                0x000000001000c4d8                pbuf_clen
 .text.pbuf_ref
                0x000000001000c4ec       0x18 CMakeFiles/pico_webserver.dir/pico-sdk/lib/lwip/src/core/pbuf.c.obj
                0x000000001000c4ec                pbuf_ref
 .text.pbuf_cat
                0x000000001000c504       0x2c CMakeFiles/pico_webserver.dir/pico-sdk/lib/lwip/src/core/pbuf.c.obj
                0x000000001000c504                pbuf_cat
 .text.pbuf_copy_partial_pbuf
                0x000000001000c530      0x11c CMakeFiles/pico_webserver.dir/pico-sdk/lib/lwip/src/core/pbuf.c.obj
                0x000000001000c530                pbuf_copy_partial_pbuf
 .text.pbuf_copy_partial
                0x000000001000c64c       0x70 CMakeFiles/pico_webserver.dir/pico-sdk/lib/lwip/src/core/pbuf.c.obj
                0x000000001000c64c                pbuf_copy_partial
 .text.pbuf_clone
                0x000000001000c6bc       0x20 CMakeFiles/pico_webserver.dir/pico-sdk/lib/lwip/src/core/pbuf.c.obj
                0x000000001000c6bc                pbuf_clone
 .text.stats_init
                0x000000001000c6dc        0x4 CMakeFiles/pico_webserver.dir/pico-sdk/lib/lwip/src/core/stats.c.obj
                0x000000001000c6dc                stats_init
 .text.lwip_cyclic_timer
                0x000000001000c6e0       0x90 CMakeFiles/pico_webserver.dir/pico-sdk/lib/lwip/src/core/timeouts.c.obj
 .text.sys_timeouts_init
                0x000000001000c770       0x74 CMakeFiles/pico_webserver.dir/pico-sdk/lib/lwip/src/core/timeouts.c.obj
                0x000000001000c770                sys_timeouts_init
 .text.sys_check_timeouts
                0x000000001000c7e4       0x48 CMakeFiles/pico_webserver.dir/pico-sdk/lib/lwip/src/core/timeouts.c.obj
                0x000000001000c7e4                sys_check_timeouts
 .text.udp_init
                0x000000001000c82c        0x4 CMakeFiles/pico_webserver.dir/pico-sdk/lib/lwip/src/core/udp.c.obj
                0x000000001000c82c                udp_init
 .text.udp_input
                0x000000001000c830      0x208 CMakeFiles/pico_webserver.dir/pico-sdk/lib/lwip/src/core/udp.c.obj
                0x000000001000c830                udp_input
 .text.udp_netif_ip_addr_changed
                0x000000001000ca38       0x40 CMakeFiles/pico_webserver.dir/pico-sdk/lib/lwip/src/core/udp.c.obj
                0x000000001000ca38                udp_netif_ip_addr_changed
 .text.etharp_find_entry
                0x000000001000ca78     0x1dcc CMakeFiles/pico_webserver.dir/pico-sdk/lib/lwip/src/core/ipv4/etharp.c.obj
 .text.etharp_raw
                0x000000001000e844       0xc0 CMakeFiles/pico_webserver.dir/pico-sdk/lib/lwip/src/core/ipv4/etharp.c.obj
 .text.etharp_output_to_arp_index
                0x000000001000e904       0xd8 CMakeFiles/pico_webserver.dir/pico-sdk/lib/lwip/src/core/ipv4/etharp.c.obj
 .text.etharp_tmr
                0x000000001000e9dc       0xa4 CMakeFiles/pico_webserver.dir/pico-sdk/lib/lwip/src/core/ipv4/etharp.c.obj
                0x000000001000e9dc                etharp_tmr
 .text.etharp_query
                0x000000001000ea80      0x188 CMakeFiles/pico_webserver.dir/pico-sdk/lib/lwip/src/core/ipv4/etharp.c.obj
                0x000000001000ea80                etharp_query
 .text.etharp_output
                0x000000001000ec08      0x21c CMakeFiles/pico_webserver.dir/pico-sdk/lib/lwip/src/core/ipv4/etharp.c.obj
                0x000000001000ec08                etharp_output
 .text.etharp_request
                0x000000001000ee24       0xc4 CMakeFiles/pico_webserver.dir/pico-sdk/lib/lwip/src/core/ipv4/etharp.c.obj
                0x000000001000ee24                etharp_request
 .text.ip_reass_remove_oldest_datagram
                0x000000001000eee8      0x144 CMakeFiles/pico_webserver.dir/pico-sdk/lib/lwip/src/core/ipv4/ip4_frag.c.obj
 .text.ip_reass_tmr
                0x000000001000f02c       0xb0 CMakeFiles/pico_webserver.dir/pico-sdk/lib/lwip/src/core/ipv4/ip4_frag.c.obj
                0x000000001000f02c                ip_reass_tmr
 .text.ip4_reass
                0x000000001000f0dc      0x510 CMakeFiles/pico_webserver.dir/pico-sdk/lib/lwip/src/core/ipv4/ip4_frag.c.obj
                0x000000001000f0dc                ip4_reass
 .text.ip4_input
                0x000000001000f5ec      0x278 CMakeFiles/pico_webserver.dir/pico-sdk/lib/lwip/src/core/ipv4/ip4.c.obj
                0x000000001000f5ec                ip4_input
 .text.ip4_addr_isbroadcast_u32
                0x000000001000f864       0x3c CMakeFiles/pico_webserver.dir/pico-sdk/lib/lwip/src/core/ipv4/ip4_addr.c.obj
                0x000000001000f864                ip4_addr_isbroadcast_u32
 .text.ethernet_output
                0x000000001000f8a0       0x64 CMakeFiles/pico_webserver.dir/pico-sdk/lib/lwip/src/netif/ethernet.c.obj
                0x000000001000f8a0                ethernet_output
 .text.core1_trampoline
                0x000000001000f904        0x4 CMakeFiles/pico_webserver.dir/pico-sdk/src/rp2_common/pico_multicore/multicore.c.obj
 .text.core1_wrapper
                0x000000001000f908        0xc CMakeFiles/pico_webserver.dir/pico-sdk/src/rp2_common/pico_multicore/multicore.c.obj
                0x000000001000f908                core1_wrapper
 .text.multicore_launch_core1_raw
                0x000000001000f914       0x84 CMakeFiles/pico_webserver.dir/pico-sdk/src/rp2_common/pico_multicore/multicore.c.obj
                0x000000001000f914                multicore_launch_core1_raw
 .text.multicore_launch_core1
                0x000000001000f998       0x4c CMakeFiles/pico_webserver.dir/pico-sdk/src/rp2_common/pico_multicore/multicore.c.obj
                0x000000001000f998                multicore_launch_core1
 .text          0x000000001000f9e4       0x18 /usr/lib/gcc/arm-none-eabi/10.3.1/../../../arm-none-eabi/lib/thumb/v6-m/nofp/libc.a(lib_a-calloc.o)
                0x000000001000f9e4                calloc
 .text          0x000000001000f9fc       0x5c /usr/lib/gcc/arm-none-eabi/10.3.1/../../../arm-none-eabi/lib/thumb/v6-m/nofp/libc.a(lib_a-callocr.o)
                0x000000001000f9fc                _calloc_r
 .text          0x000000001000fa58       0x28 /usr/lib/gcc/arm-none-eabi/10.3.1/../../../arm-none-eabi/lib/thumb/v6-m/nofp/libc.a(lib_a-malloc.o)
                0x000000001000fa58                malloc
                0x000000001000fa6c                free
 .text          0x000000001000fa80      0x574 /usr/lib/gcc/arm-none-eabi/10.3.1/../../../arm-none-eabi/lib/thumb/v6-m/nofp/libc.a(lib_a-mallocr.o)
                0x000000001000fa80                _malloc_r
 .text          0x000000001000fff4        0x8 /usr/lib/gcc/arm-none-eabi/10.3.1/../../../arm-none-eabi/lib/thumb/v6-m/nofp/libc.a(lib_a-mlock.o)
                0x000000001000fff4                __malloc_lock
                0x000000001000fff8                __malloc_unlock
 .text          0x000000001000fffc       0x24 /usr/lib/gcc/arm-none-eabi/10.3.1/../../../arm-none-eabi/lib/thumb/v6-m/nofp/libc.a(lib_a-sbrkr.o)
                0x000000001000fffc                _sbrk_r
 .text          0x0000000010010020       0x5c /usr/lib/gcc/arm-none-eabi/10.3.1/../../../arm-none-eabi/lib/thumb/v6-m/nofp/libc.a(lib_a-strlen-stub.o)
                0x0000000010010020                strlen
 .text          0x000000001001007c       0x74 /usr/lib/gcc/arm-none-eabi/10.3.1/../../../arm-none-eabi/lib/thumb/v6-m/nofp/libc.a(lib_a-strncmp.o)
                0x000000001001007c                strncmp
 .text          0x00000000100100f0      0x260 /usr/lib/gcc/arm-none-eabi/10.3.1/../../../arm-none-eabi/lib/thumb/v6-m/nofp/libc.a(lib_a-freer.o)
                0x00000000100100f0                _malloc_trim_r
                0x000000001001018c                _free_r
 *(.fini)
 .fini          0x0000000010010350        0x4 /usr/lib/gcc/arm-none-eabi/10.3.1/thumb/v6-m/nofp/crti.o
                0x0000000010010350                _fini
 *fill*         0x0000000010010354        0x4 
 .fini.__stub   0x0000000010010358      0x140 linker stubs
 *crtbegin.o(.ctors)
 *crtbegin?.o(.ctors)
 *(EXCLUDE_FILE(*crtend.o *crtend?.o) .ctors)
 *(SORT_BY_NAME(.ctors.*))
 *(.ctors)
 *crtbegin.o(.dtors)
 *crtbegin?.o(.dtors)
 *(EXCLUDE_FILE(*crtend.o *crtend?.o) .dtors)
 *(SORT_BY_NAME(.dtors.*))
 *(.dtors)
 *(.eh_frame*)
 .eh_frame      0x0000000010010498        0x0 /usr/lib/gcc/arm-none-eabi/10.3.1/thumb/v6-m/nofp/crtbegin.o
                0x0000000010010498                . = ALIGN (0x4)

.glue_7         0x0000000010010498        0x0
 .glue_7        0x0000000010010498        0x0 linker stubs

.glue_7t        0x0000000010010498        0x0
 .glue_7t       0x0000000010010498        0x0 linker stubs

.vfp11_veneer   0x0000000010010498        0x0
 .vfp11_veneer  0x0000000010010498        0x0 linker stubs

.v4_bx          0x0000000010010498        0x0
 .v4_bx         0x0000000010010498        0x0 linker stubs

.iplt           0x0000000010010498        0x0
 .iplt          0x0000000010010498        0x0 /usr/lib/gcc/arm-none-eabi/10.3.1/thumb/v6-m/nofp/crtbegin.o

.rodata         0x0000000010010498    0x3813c
 *(EXCLUDE_FILE(*libm.a: *libc.a:*lib_a-mem*.o *libgcc.a:) .rodata*)
 .rodata.main.str1.4
                0x0000000010010498       0x32 CMakeFiles/pico_webserver.dir/webserver.c.obj
 *fill*         0x00000000100104ca        0x2 
 .rodata.gateway
                0x00000000100104cc        0x4 CMakeFiles/pico_webserver.dir/tusb_lwip_glue.c.obj
 .rodata.ipaddr
                0x00000000100104d0        0x4 CMakeFiles/pico_webserver.dir/tusb_lwip_glue.c.obj
 .rodata.netmask
                0x00000000100104d4        0x4 CMakeFiles/pico_webserver.dir/tusb_lwip_glue.c.obj
 .rodata.tud_descriptor_string_cb.str1.4
                0x00000000100104d8       0x11 CMakeFiles/pico_webserver.dir/usb_descriptors.c.obj
 *fill*         0x00000000100104e9        0x3 
 .rodata.str1.4
                0x00000000100104ec       0x3e CMakeFiles/pico_webserver.dir/usb_descriptors.c.obj
 *fill*         0x000000001001052a        0x2 
 .rodata.__compound_literal.0
                0x000000001001052c        0x2 CMakeFiles/pico_webserver.dir/usb_descriptors.c.obj
 *fill*         0x000000001001052e        0x2 
 .rodata.configuration_arr
                0x0000000010010530        0x8 CMakeFiles/pico_webserver.dir/usb_descriptors.c.obj
 .rodata.desc_device
                0x0000000010010538       0x12 CMakeFiles/pico_webserver.dir/usb_descriptors.c.obj
                0x0000000010010538                desc_device
 *fill*         0x000000001001054a        0x2 
 .rodata.ecm_configuration
                0x000000001001054c       0x58 CMakeFiles/pico_webserver.dir/usb_descriptors.c.obj
 .rodata.rndis_configuration
                0x00000000100105a4       0x4b CMakeFiles/pico_webserver.dir/usb_descriptors.c.obj
 *fill*         0x00000000100105ef        0x1 
 .rodata.string_desc_arr
                0x00000000100105f0       0x14 CMakeFiles/pico_webserver.dir/usb_descriptors.c.obj
 .rodata.rndis_class_set_handler.str1.4
                0x0000000010010604        0x8 CMakeFiles/pico_webserver.dir/pico-sdk/lib/tinyusb/lib/networking/rndis_reports.c.obj
 .rodata.rndis_class_set_handler
                0x0000000010010604       0x90 CMakeFiles/pico_webserver.dir/pico-sdk/lib/tinyusb/lib/networking/rndis_reports.c.obj
 .rodata.OIDSupportedList
                0x0000000010010694       0x58 CMakeFiles/pico_webserver.dir/pico-sdk/lib/tinyusb/lib/networking/rndis_reports.c.obj
 .rodata.scan_result.str1.4
                0x00000000100106ec       0x5a CMakeFiles/pico_webserver.dir/wifi_code.c.obj
 *fill*         0x0000000010010746        0x2 
 .rodata.core1_entry.str1.4
                0x0000000010010748       0x18 CMakeFiles/pico_webserver.dir/wifi_code.c.obj
 .rodata.spin_lock_claim_unused.str1.4
                0x0000000010010760       0x1b CMakeFiles/pico_webserver.dir/pico-sdk/src/rp2_common/hardware_sync/sync.c.obj
 *fill*         0x000000001001077b        0x1 
 .rodata.user_irq_claim_unused.str1.4
                0x000000001001077c       0x1b CMakeFiles/pico_webserver.dir/pico-sdk/src/rp2_common/hardware_irq/irq.c.obj
 *fill*         0x0000000010010797        0x1 
 .rodata.at_the_end_of_time
                0x0000000010010798        0x8 CMakeFiles/pico_webserver.dir/pico-sdk/src/common/pico_time/time.c.obj
                0x0000000010010798                at_the_end_of_time
 .rodata.nil_time
                0x00000000100107a0        0x8 CMakeFiles/pico_webserver.dir/pico-sdk/src/common/pico_time/time.c.obj
                0x00000000100107a0                nil_time
 .rodata.hardware_alarm_claim.str1.4
                0x00000000100107a8       0x22 CMakeFiles/pico_webserver.dir/pico-sdk/src/rp2_common/hardware_timer/timer.c.obj
 *fill*         0x00000000100107ca        0x2 
 .rodata.hardware_alarm_claim_unused.str1.4
                0x00000000100107cc       0x14 CMakeFiles/pico_webserver.dir/pico-sdk/src/rp2_common/hardware_timer/timer.c.obj
 .rodata.panic.str1.4
                0x00000000100107e0       0x10 CMakeFiles/pico_webserver.dir/pico-sdk/src/rp2_common/pico_runtime/runtime.c.obj
                                         0x12 (size before relaxing)
 .rodata.hard_assertion_failure.str1.4
                0x00000000100107f0        0xc CMakeFiles/pico_webserver.dir/pico-sdk/src/rp2_common/pico_runtime/runtime.c.obj
 .rodata._ftoa.str1.4
                0x00000000100107fc       0x15 CMakeFiles/pico_webserver.dir/pico-sdk/src/rp2_common/pico_printf/printf.c.obj
 *fill*         0x0000000010010811        0x3 
 .rodata._vsnprintf
                0x0000000010010814      0x1e0 CMakeFiles/pico_webserver.dir/pico-sdk/src/rp2_common/pico_printf/printf.c.obj
 *fill*         0x00000000100109f4        0x4 
 .rodata.pow10.0
                0x00000000100109f8       0x50 CMakeFiles/pico_webserver.dir/pico-sdk/src/rp2_common/pico_printf/printf.c.obj
 .rodata.missing_double_func_shim.str1.4
                0x0000000010010a48       0x18 CMakeFiles/pico_webserver.dir/pico-sdk/src/rp2_common/pico_double/double_init_rom.c.obj
 .rodata.missing_float_func_shim.str1.4
                0x0000000010010a60       0x18 CMakeFiles/pico_webserver.dir/pico-sdk/src/rp2_common/pico_float/float_init_rom.c.obj
                                          0x1 (size before relaxing)
 .rodata.__wrap_malloc.str1.4
                0x0000000010010a60        0xe CMakeFiles/pico_webserver.dir/pico-sdk/src/rp2_common/pico_malloc/pico_malloc.c.obj
 *fill*         0x0000000010010a6e        0x2 
 .rodata.str1.4
                0x0000000010010a70       0x44 CMakeFiles/pico_webserver.dir/pico-sdk/src/rp2_common/pico_standard_link/binary_info.c.obj
 .rodata.__bi_44
                0x0000000010010ab4        0xc CMakeFiles/pico_webserver.dir/pico-sdk/src/rp2_common/pico_standard_link/binary_info.c.obj
 .rodata.__bi_75
                0x0000000010010ac0        0xc CMakeFiles/pico_webserver.dir/pico-sdk/src/rp2_common/pico_standard_link/binary_info.c.obj
 .rodata.__bi_81
                0x0000000010010acc        0xc CMakeFiles/pico_webserver.dir/pico-sdk/src/rp2_common/pico_standard_link/binary_info.c.obj
 .rodata.crlf_str.0
                0x0000000010010ad8        0x2 CMakeFiles/pico_webserver.dir/pico-sdk/src/rp2_common/pico_stdio/stdio.c.obj
 *fill*         0x0000000010010ada        0x2 
 .rodata.str1.4
                0x0000000010010adc       0x14 CMakeFiles/pico_webserver.dir/pico-sdk/lib/tinyusb/src/portable/raspberrypi/rp2040/dcd_rp2040.c.obj
 .rodata.str1.4
                0x0000000010010af0       0x4f CMakeFiles/pico_webserver.dir/pico-sdk/lib/tinyusb/src/portable/raspberrypi/rp2040/rp2040_usb.c.obj
                                         0x53 (size before relaxing)
 *fill*         0x0000000010010b3f        0x1 
 .rodata.tud_task_ext
                0x0000000010010b40       0x8c CMakeFiles/pico_webserver.dir/pico-sdk/lib/tinyusb/src/device/usbd.c.obj
 .rodata._usbd_driver
                0x0000000010010bcc       0x18 CMakeFiles/pico_webserver.dir/pico-sdk/lib/tinyusb/src/device/usbd.c.obj
 .rodata.cyw43_read_bytes.str1.4
                0x0000000010010be4       0x1a CMakeFiles/pico_webserver.dir/pico-sdk/src/rp2_common/pico_cyw43_driver/cyw43_bus_pio_spi.c.obj
 .rodata.cyw43_write_bytes.str1.4
                0x0000000010010bfe       0x1a CMakeFiles/pico_webserver.dir/pico-sdk/src/rp2_common/pico_cyw43_driver/cyw43_bus_pio_spi.c.obj
                                          0xd (size before relaxing)
 *fill*         0x0000000010010bfe        0x2 
 .rodata.spi_gap01_sample0_program
                0x0000000010010c00        0x6 CMakeFiles/pico_webserver.dir/pico-sdk/src/rp2_common/pico_cyw43_driver/cyw43_bus_pio_spi.c.obj
 *fill*         0x0000000010010c06        0x2 
 .rodata.spi_gap01_sample0_program_instructions
                0x0000000010010c08        0xc CMakeFiles/pico_webserver.dir/pico-sdk/src/rp2_common/pico_cyw43_driver/cyw43_bus_pio_spi.c.obj