Archive member included to satisfy reference by file (symbol)

/usr/lib/gcc/arm-none-eabi/10.3.1/thumb/v6-m/nofp/libgcc.a(_dvmd_tls.o)
                              CMakeFiles/pico_webserver.dir/pico-sdk/src/rp2_common/pico_divider/divider.S.obj (__aeabi_idiv0)
/usr/lib/gcc/arm-none-eabi/10.3.1/../../../arm-none-eabi/lib/thumb/v6-m/nofp/libc.a(lib_a-atexit.o)
                              /usr/lib/gcc/arm-none-eabi/10.3.1/../../../arm-none-eabi/lib/thumb/v6-m/nofp/crt0.o (atexit)
/usr/lib/gcc/arm-none-eabi/10.3.1/../../../arm-none-eabi/lib/thumb/v6-m/nofp/libc.a(lib_a-atoi.o)
                              CMakeFiles/pico_webserver.dir/pico-sdk/lib/lwip/src/core/netif.c.obj (atoi)
/usr/lib/gcc/arm-none-eabi/10.3.1/../../../arm-none-eabi/lib/thumb/v6-m/nofp/libc.a(lib_a-calloc.o)
                              CMakeFiles/pico_webserver.dir/pico-sdk/src/rp2_common/pico_malloc/pico_malloc.c.obj (calloc)
/usr/lib/gcc/arm-none-eabi/10.3.1/../../../arm-none-eabi/lib/thumb/v6-m/nofp/libc.a(lib_a-callocr.o)
                              /usr/lib/gcc/arm-none-eabi/10.3.1/../../../arm-none-eabi/lib/thumb/v6-m/nofp/libc.a(lib_a-calloc.o) (_calloc_r)
/usr/lib/gcc/arm-none-eabi/10.3.1/../../../arm-none-eabi/lib/thumb/v6-m/nofp/libc.a(lib_a-ctype_.o)
                              CMakeFiles/pico_webserver.dir/pico-sdk/lib/lwip/src/core/ipv4/ip4_addr.c.obj (_ctype_)
/usr/lib/gcc/arm-none-eabi/10.3.1/../../../arm-none-eabi/lib/thumb/v6-m/nofp/libc.a(lib_a-fini.o)
                              /usr/lib/gcc/arm-none-eabi/10.3.1/../../../arm-none-eabi/lib/thumb/v6-m/nofp/crt0.o (__libc_fini_array)
/usr/lib/gcc/arm-none-eabi/10.3.1/../../../arm-none-eabi/lib/thumb/v6-m/nofp/libc.a(lib_a-impure.o)
                              /usr/lib/gcc/arm-none-eabi/10.3.1/../../../arm-none-eabi/lib/thumb/v6-m/nofp/libc.a(lib_a-calloc.o) (_impure_ptr)
/usr/lib/gcc/arm-none-eabi/10.3.1/../../../arm-none-eabi/lib/thumb/v6-m/nofp/libc.a(lib_a-init.o)
                              /usr/lib/gcc/arm-none-eabi/10.3.1/../../../arm-none-eabi/lib/thumb/v6-m/nofp/crt0.o (__libc_init_array)
/usr/lib/gcc/arm-none-eabi/10.3.1/../../../arm-none-eabi/lib/thumb/v6-m/nofp/libc.a(lib_a-malloc.o)
                              CMakeFiles/pico_webserver.dir/pico-sdk/src/rp2_common/pico_malloc/pico_malloc.c.obj (malloc)
/usr/lib/gcc/arm-none-eabi/10.3.1/../../../arm-none-eabi/lib/thumb/v6-m/nofp/libc.a(lib_a-mallocr.o)
                              /usr/lib/gcc/arm-none-eabi/10.3.1/../../../arm-none-eabi/lib/thumb/v6-m/nofp/libc.a(lib_a-callocr.o) (_malloc_r)
/usr/lib/gcc/arm-none-eabi/10.3.1/../../../arm-none-eabi/lib/thumb/v6-m/nofp/libc.a(lib_a-memcmp.o)
                              CMakeFiles/pico_webserver.dir/pico-sdk/lib/tinyusb/lib/networking/dhserver.c.obj (memcmp)
/usr/lib/gcc/arm-none-eabi/10.3.1/../../../arm-none-eabi/lib/thumb/v6-m/nofp/libc.a(lib_a-memmove.o)
                              CMakeFiles/pico_webserver.dir/pico-sdk/lib/lwip/src/core/def.c.obj (memmove)
/usr/lib/gcc/arm-none-eabi/10.3.1/../../../arm-none-eabi/lib/thumb/v6-m/nofp/libc.a(lib_a-mlock.o)
                              /usr/lib/gcc/arm-none-eabi/10.3.1/../../../arm-none-eabi/lib/thumb/v6-m/nofp/libc.a(lib_a-mallocr.o) (__malloc_lock)
/usr/lib/gcc/arm-none-eabi/10.3.1/../../../arm-none-eabi/lib/thumb/v6-m/nofp/libc.a(lib_a-rand.o)
                              CMakeFiles/pico_webserver.dir/ssi.cpp.obj (rand)
/usr/lib/gcc/arm-none-eabi/10.3.1/../../../arm-none-eabi/lib/thumb/v6-m/nofp/libc.a(lib_a-realloc.o)
                              CMakeFiles/pico_webserver.dir/pico-sdk/src/rp2_common/pico_malloc/pico_malloc.c.obj (realloc)
/usr/lib/gcc/arm-none-eabi/10.3.1/../../../arm-none-eabi/lib/thumb/v6-m/nofp/libc.a(lib_a-reallocr.o)
                              /usr/lib/gcc/arm-none-eabi/10.3.1/../../../arm-none-eabi/lib/thumb/v6-m/nofp/libc.a(lib_a-realloc.o) (_realloc_r)
/usr/lib/gcc/arm-none-eabi/10.3.1/../../../arm-none-eabi/lib/thumb/v6-m/nofp/libc.a(lib_a-sbrkr.o)
                              /usr/lib/gcc/arm-none-eabi/10.3.1/../../../arm-none-eabi/lib/thumb/v6-m/nofp/libc.a(lib_a-mallocr.o) (_sbrk_r)
/usr/lib/gcc/arm-none-eabi/10.3.1/../../../arm-none-eabi/lib/thumb/v6-m/nofp/libc.a(lib_a-strchr.o)
                              CMakeFiles/pico_webserver.dir/pico-sdk/lib/lwip/src/apps/http/httpd.c.obj (strchr)
/usr/lib/gcc/arm-none-eabi/10.3.1/../../../arm-none-eabi/lib/thumb/v6-m/nofp/libc.a(lib_a-strcmp.o)
                              CMakeFiles/pico_webserver.dir/cgi.cpp.obj (strcmp)
/usr/lib/gcc/arm-none-eabi/10.3.1/../../../arm-none-eabi/lib/thumb/v6-m/nofp/libc.a(lib_a-strlen-stub.o)
                              CMakeFiles/pico_webserver.dir/usb_descriptors.c.obj (strlen)
/usr/lib/gcc/arm-none-eabi/10.3.1/../../../arm-none-eabi/lib/thumb/v6-m/nofp/libc.a(lib_a-strncmp.o)
                              CMakeFiles/pico_webserver.dir/pico-sdk/lib/lwip/src/core/def.c.obj (strncmp)
[...]
Memory Configuration

Name             Origin             Length             Attributes
FLASH            0x0000000010000000 0x0000000000200000 xr
RAM              0x0000000020000000 0x0000000000040000 xrw
SCRATCH_X        0x0000000020040000 0x0000000000001000 xrw
SCRATCH_Y        0x0000000020041000 0x0000000000001000 xrw
*default*        0x0000000000000000 0xffffffffffffffff

Linker script and memory map

LOAD /usr/lib/gcc/arm-none-eabi/10.3.1/thumb/v6-m/nofp/crti.o
LOAD /usr/lib/gcc/arm-none-eabi/10.3.1/thumb/v6-m/nofp/crtbegin.o
LOAD /usr/lib/gcc/arm-none-eabi/10.3.1/../../../arm-none-eabi/lib/thumb/v6-m/nofp/crt0.o

.flash_begin    0x0000000010000000        0x0
                0x0000000010000000                __flash_binary_start = .

.boot2          0x0000000010000000      0x100
                0x0000000010000000                __boot2_start__ = .
 *(.boot2)
 .boot2         0x0000000010000000      0x100 /tmp/ccexxrsT.o
                0x0000000010000100                __boot2_end__ = .
                0x0000000000000001                ASSERT (((__boot2_end__ - __boot2_start__) == 0x100), ERROR: Pico second stage bootloader must be 256 bytes in size)

.text           0x0000000010000100    0x106a8
                0x0000000010000100                __logical_binary_start = .
 *(.vectors)
 .vectors       0x0000000010000100       0xd4 CMakeFiles/pico_webserver.dir/pico-sdk/src/rp2_common/pico_standard_link/crt0.S.obj
                0x0000000010000100                __vectors
                0x0000000010000100                __VECTOR_TABLE
                0x00000000100001c0                isr_invalid
                0x00000000100001c0                __default_isrs_start
                0x00000000100001c2                isr_nmi
                0x00000000100001c4                isr_hardfault
                0x00000000100001c6                isr_svcall
                0x00000000100001c8                isr_pendsv
                0x00000000100001ca                isr_systick
                0x00000000100001cc                isr_irq30
                0x00000000100001cc                __unhandled_user_irq
                0x00000000100001cc                isr_irq13
                0x00000000100001cc                isr_irq27
                0x00000000100001cc                isr_irq31
                0x00000000100001cc                isr_irq5
                0x00000000100001cc                isr_irq11
                0x00000000100001cc                isr_irq23
                0x00000000100001cc                isr_irq18
                0x00000000100001cc                isr_irq28
                0x00000000100001cc                isr_irq19
                0x00000000100001cc                isr_irq0
                0x00000000100001cc                isr_irq6
                0x00000000100001cc                isr_irq22
                0x00000000100001cc                isr_irq17
                0x00000000100001cc                isr_irq14
                0x00000000100001cc                isr_irq2
                0x00000000100001cc                isr_irq10
                0x00000000100001cc                isr_irq8
                0x00000000100001cc                isr_irq24
                0x00000000100001cc                isr_irq1
                0x00000000100001cc                isr_irq7
                0x00000000100001cc                isr_irq21
                0x00000000100001cc                isr_irq20
                0x00000000100001cc                isr_irq15
                0x00000000100001cc                isr_irq25
                0x00000000100001cc                isr_irq4
                0x00000000100001cc                isr_irq16
                0x00000000100001cc                isr_irq29
                0x00000000100001cc                isr_irq26
                0x00000000100001cc                __default_isrs_end
                0x00000000100001cc                isr_irq3
                0x00000000100001cc                isr_irq12
                0x00000000100001cc                isr_irq9
                0x00000000100001d2                unhandled_user_irq_num_in_r0
 *(.binary_info_header)
 .binary_info_header
                0x00000000100001d4       0x14 CMakeFiles/pico_webserver.dir/pico-sdk/src/rp2_common/pico_standard_link/crt0.S.obj
                0x00000000100001e8                __binary_info_header_end = .
 *(.reset)
 .reset         0x00000000100001e8       0xa0 CMakeFiles/pico_webserver.dir/pico-sdk/src/rp2_common/pico_standard_link/crt0.S.obj
                0x00000000100001e8                _entry_point
 .reset         0x0000000010000288       0x30 CMakeFiles/pico_webserver.dir/pico-sdk/src/rp2_common/pico_standard_link/binary_info.c.obj
 *(.init)
 .init          0x00000000100002b8        0x4 /usr/lib/gcc/arm-none-eabi/10.3.1/thumb/v6-m/nofp/crti.o
                0x00000000100002b8                _init
 *(EXCLUDE_FILE(*libm.a: *libc.a:*lib_a-mem*.o *libgcc.a:) .text*)
 .text          0x00000000100002bc       0x98 /usr/lib/gcc/arm-none-eabi/10.3.1/thumb/v6-m/nofp/crtbegin.o
 .text.cgi_toggle_led
                0x0000000010000354       0x20 CMakeFiles/pico_webserver.dir/webserver.c.obj
 .text.cgi_reset_usb_boot
                0x0000000010000374       0x14 CMakeFiles/pico_webserver.dir/webserver.c.obj
 .text.startup.main
                0x0000000010000388       0x40 CMakeFiles/pico_webserver.dir/webserver.c.obj
                0x0000000010000388                main
 .text.netif_init_cb
                0x00000000100003c8       0x30 CMakeFiles/pico_webserver.dir/tusb_lwip_glue.c.obj
 .text.output_fn
                0x00000000100003f8        0x8 CMakeFiles/pico_webserver.dir/tusb_lwip_glue.c.obj
 .text.linkoutput_fn
                0x0000000010000400       0x3c CMakeFiles/pico_webserver.dir/tusb_lwip_glue.c.obj
 .text.init_lwip
                0x000000001000043c       0x60 CMakeFiles/pico_webserver.dir/tusb_lwip_glue.c.obj
                0x000000001000043c                init_lwip
 .text.tud_network_init_cb
                0x000000001000049c       0x18 CMakeFiles/pico_webserver.dir/tusb_lwip_glue.c.obj
                0x000000001000049c                tud_network_init_cb
 .text.tud_network_recv_cb
                0x00000000100004b4       0x3c CMakeFiles/pico_webserver.dir/tusb_lwip_glue.c.obj
                0x00000000100004b4                tud_network_recv_cb
 .text.tud_network_xmit_cb
                0x00000000100004f0       0x30 CMakeFiles/pico_webserver.dir/tusb_lwip_glue.c.obj
                0x00000000100004f0                tud_network_xmit_cb
 .text.service_traffic
                0x0000000010000520       0x2c CMakeFiles/pico_webserver.dir/tusb_lwip_glue.c.obj
                0x0000000010000520                service_traffic
 .text.dhcpd_init
                0x000000001000054c       0x14 CMakeFiles/pico_webserver.dir/tusb_lwip_glue.c.obj
                0x000000001000054c                dhcpd_init
 .text.wait_for_netif_is_up
                0x0000000010000560       0x14 CMakeFiles/pico_webserver.dir/tusb_lwip_glue.c.obj
                0x0000000010000560                wait_for_netif_is_up
 .text.tud_descriptor_device_cb
                0x0000000010000574        0x8 CMakeFiles/pico_webserver.dir/usb_descriptors.c.obj
                0x0000000010000574                tud_descriptor_device_cb
 .text.tud_descriptor_configuration_cb
                0x000000001000057c       0x14 CMakeFiles/pico_webserver.dir/usb_descriptors.c.obj
                0x000000001000057c                tud_descriptor_configuration_cb
 .text.tud_descriptor_string_cb
                0x0000000010000590      0x17c CMakeFiles/pico_webserver.dir/usb_descriptors.c.obj
                0x0000000010000590                tud_descriptor_string_cb
 .text.fill_options
                0x000000001000070c       0xdc CMakeFiles/pico_webserver.dir/pico-sdk/lib/tinyusb/lib/networking/dhserver.c.obj
                0x000000001000070c                fill_options
 .text.udp_recv_proc
                0x00000000100007e8      0x2e4 CMakeFiles/pico_webserver.dir/pico-sdk/lib/tinyusb/lib/networking/dhserver.c.obj
 .text.dhserv_init
                0x0000000010000acc       0x64 CMakeFiles/pico_webserver.dir/pico-sdk/lib/tinyusb/lib/networking/dhserver.c.obj
                0x0000000010000acc                dhserv_init
 .text.rndis_class_set_handler
                0x0000000010000b30      0x2d4 CMakeFiles/pico_webserver.dir/pico-sdk/lib/tinyusb/lib/networking/rndis_reports.c.obj
                0x0000000010000b30                rndis_class_set_handler
 .text.gpio_init
                0x0000000010000e04       0x3c CMakeFiles/pico_webserver.dir/pico-sdk/src/rp2_common/hardware_gpio/gpio.c.obj
                0x0000000010000e04                gpio_init
 .text.running_on_fpga
                0x0000000010000e40       0x10 CMakeFiles/pico_webserver.dir/pico-sdk/src/rp2_common/pico_platform/platform.c.obj
                0x0000000010000e40                running_on_fpga
 .text.hw_claim_or_assert
                0x0000000010000e50       0x44 CMakeFiles/pico_webserver.dir/pico-sdk/src/rp2_common/hardware_claim/claim.c.obj
                0x0000000010000e50                hw_claim_or_assert
 .text.hw_claim_unused_from_range
                0x0000000010000e94       0x9c CMakeFiles/pico_webserver.dir/pico-sdk/src/rp2_common/hardware_claim/claim.c.obj
                0x0000000010000e94                hw_claim_unused_from_range
 .text.spin_locks_reset
                0x0000000010000f30       0x1c CMakeFiles/pico_webserver.dir/pico-sdk/src/rp2_common/hardware_sync/sync.c.obj
                0x0000000010000f30                spin_locks_reset
 .text.next_striped_spin_lock_num
                0x0000000010000f4c       0x18 CMakeFiles/pico_webserver.dir/pico-sdk/src/rp2_common/hardware_sync/sync.c.obj
                0x0000000010000f4c                next_striped_spin_lock_num
 .text.spin_lock_claim_unused
                0x0000000010000f64       0x20 CMakeFiles/pico_webserver.dir/pico-sdk/src/rp2_common/hardware_sync/sync.c.obj
                0x0000000010000f64                spin_lock_claim_unused
 .text.irq_set_enabled
                0x0000000010000f84       0x24 CMakeFiles/pico_webserver.dir/pico-sdk/src/rp2_common/hardware_irq/irq.c.obj
                0x0000000010000f84                irq_set_enabled
 .text.irq_get_vtable_handler
                0x0000000010000fa8       0x10 CMakeFiles/pico_webserver.dir/pico-sdk/src/rp2_common/hardware_irq/irq.c.obj
                0x0000000010000fa8                irq_get_vtable_handler
 .text.irq_set_exclusive_handler
                0x0000000010000fb8       0x54 CMakeFiles/pico_webserver.dir/pico-sdk/src/rp2_common/hardware_irq/irq.c.obj
                0x0000000010000fb8                irq_set_exclusive_handler
 .text.irq_add_shared_handler
                0x000000001000100c      0x1e8 CMakeFiles/pico_webserver.dir/pico-sdk/src/rp2_common/hardware_irq/irq.c.obj
                0x000000001000100c                irq_add_shared_handler
 .text.irq_remove_handler
                0x00000000100011f4      0x1b0 CMakeFiles/pico_webserver.dir/pico-sdk/src/rp2_common/hardware_irq/irq.c.obj
                0x00000000100011f4                irq_remove_handler
 .text.irq_add_tail_to_free_list
                0x00000000100013a4       0xb4 CMakeFiles/pico_webserver.dir/pico-sdk/src/rp2_common/hardware_irq/irq.c.obj
                0x00000000100013a4                irq_add_tail_to_free_list
 .text.irq_init_priorities
                0x0000000010001458       0x24 CMakeFiles/pico_webserver.dir/pico-sdk/src/rp2_common/hardware_irq/irq.c.obj
                0x0000000010001458                irq_init_priorities
 .text.lock_init
                0x000000001000147c       0x10 CMakeFiles/pico_webserver.dir/pico-sdk/src/common/pico_sync/lock_core.c.obj
                0x000000001000147c                lock_init
 .text.mutex_init
                0x000000001000148c       0x1c CMakeFiles/pico_webserver.dir/pico-sdk/src/common/pico_sync/mutex.c.obj
                0x000000001000148c                mutex_init
 .text.recursive_mutex_init
                0x00000000100014a8       0x1c CMakeFiles/pico_webserver.dir/pico-sdk/src/common/pico_sync/mutex.c.obj
                0x00000000100014a8                recursive_mutex_init
 .text.critical_section_init
                0x00000000100014c4       0x20 CMakeFiles/pico_webserver.dir/pico-sdk/src/common/pico_sync/critical_section.c.obj
                0x00000000100014c4                critical_section_init
 .text.timer_pool_entry_comparator
                0x00000000100014e4       0x34 CMakeFiles/pico_webserver.dir/pico-sdk/src/common/pico_time/time.c.obj
                0x00000000100014e4                timer_pool_entry_comparator
 .text.sleep_until_callback
                0x0000000010001518       0x30 CMakeFiles/pico_webserver.dir/pico-sdk/src/common/pico_time/time.c.obj
 .text.add_alarm_under_lock.isra.0
                0x0000000010001548      0x100 CMakeFiles/pico_webserver.dir/pico-sdk/src/common/pico_time/time.c.obj
 .text.alarm_pool_alarm_callback
                0x0000000010001648      0x1bc CMakeFiles/pico_webserver.dir/pico-sdk/src/common/pico_time/time.c.obj
 .text.alarm_pool_init_default
                0x0000000010001804       0x6c CMakeFiles/pico_webserver.dir/pico-sdk/src/common/pico_time/time.c.obj
                0x0000000010001804                alarm_pool_init_default
 .text.alarm_pool_add_alarm_at
                0x0000000010001870      0x178 CMakeFiles/pico_webserver.dir/pico-sdk/src/common/pico_time/time.c.obj
                0x0000000010001870                alarm_pool_add_alarm_at
 .text.best_effort_wfe_or_timeout
                0x00000000100019e8       0xd4 CMakeFiles/pico_webserver.dir/pico-sdk/src/common/pico_time/time.c.obj
                0x00000000100019e8                best_effort_wfe_or_timeout
 .text.hardware_alarm_irq_handler
                0x0000000010001abc       0xbc CMakeFiles/pico_webserver.dir/pico-sdk/src/rp2_common/hardware_timer/timer.c.obj
 .text.hardware_alarm_claim
                0x0000000010001b78       0x18 CMakeFiles/pico_webserver.dir/pico-sdk/src/rp2_common/hardware_timer/timer.c.obj
                0x0000000010001b78                hardware_alarm_claim
 .text.time_us_64
                0x0000000010001b90       0x14 CMakeFiles/pico_webserver.dir/pico-sdk/src/rp2_common/hardware_timer/timer.c.obj
                0x0000000010001b90                time_us_64
 .text.hardware_alarm_set_callback
                0x0000000010001ba4       0x8c CMakeFiles/pico_webserver.dir/pico-sdk/src/rp2_common/hardware_timer/timer.c.obj
                0x0000000010001ba4                hardware_alarm_set_callback
 .text.hardware_alarm_set_target
                0x0000000010001c30       0xd4 CMakeFiles/pico_webserver.dir/pico-sdk/src/rp2_common/hardware_timer/timer.c.obj
                0x0000000010001c30                hardware_alarm_set_target
 .text.hardware_alarm_cancel
                0x0000000010001d04       0x3c CMakeFiles/pico_webserver.dir/pico-sdk/src/rp2_common/hardware_timer/timer.c.obj
                0x0000000010001d04                hardware_alarm_cancel
 .text.ph_merge_nodes
                0x0000000010001d40       0x68 CMakeFiles/pico_webserver.dir/pico-sdk/src/common/pico_util/pheap.c.obj
 .text.ph_post_alloc_init
                0x0000000010001da8       0x3c CMakeFiles/pico_webserver.dir/pico-sdk/src/common/pico_util/pheap.c.obj
                0x0000000010001da8                ph_post_alloc_init
 .text.ph_merge_two_pass
                0x0000000010001de4       0x90 CMakeFiles/pico_webserver.dir/pico-sdk/src/common/pico_util/pheap.c.obj
                0x0000000010001de4                ph_merge_two_pass
 .text.ph_remove_any_head
                0x0000000010001e74      0x100 CMakeFiles/pico_webserver.dir/pico-sdk/src/common/pico_util/pheap.c.obj
 .text.ph_remove_head
                0x0000000010001f74      0x104 CMakeFiles/pico_webserver.dir/pico-sdk/src/common/pico_util/pheap.c.obj
                0x0000000010001f74                ph_remove_head
 .text.ph_remove_and_free_node
                0x0000000010002078       0x7c CMakeFiles/pico_webserver.dir/pico-sdk/src/common/pico_util/pheap.c.obj
                0x0000000010002078                ph_remove_and_free_node
 .text.clocks_init
                0x00000000100020f4      0x2d0 CMakeFiles/pico_webserver.dir/pico-sdk/src/rp2_common/hardware_clocks/clocks.c.obj
                0x00000000100020f4                clocks_init
 .text.pll_init
                0x00000000100023c4       0xa0 CMakeFiles/pico_webserver.dir/pico-sdk/src/rp2_common/hardware_pll/pll.c.obj
                0x00000000100023c4                pll_init
 .text.watchdog_start_tick
                0x0000000010002464       0x10 CMakeFiles/pico_webserver.dir/pico-sdk/src/rp2_common/hardware_watchdog/watchdog.c.obj
                0x0000000010002464                watchdog_start_tick
 .text.xosc_init
                0x0000000010002474       0x28 CMakeFiles/pico_webserver.dir/pico-sdk/src/rp2_common/hardware_xosc/xosc.c.obj
                0x0000000010002474                xosc_init
 .text.runtime_init
                0x000000001000249c       0xf0 CMakeFiles/pico_webserver.dir/pico-sdk/src/rp2_common/pico_runtime/runtime.c.obj
                0x000000001000249c                runtime_init
 .text._exit    0x000000001000258c       0x14 CMakeFiles/pico_webserver.dir/pico-sdk/src/rp2_common/pico_runtime/runtime.c.obj
                0x000000001000258c                _exit
 .text.exit     0x00000000100025a0        0x8 CMakeFiles/pico_webserver.dir/pico-sdk/src/rp2_common/pico_runtime/runtime.c.obj
                0x00000000100025a0                exit
 .text.panic    0x00000000100025a8       0x30 CMakeFiles/pico_webserver.dir/pico-sdk/src/rp2_common/pico_runtime/runtime.c.obj
                0x00000000100025a8                panic
 .text.hard_assertion_failure
                0x00000000100025d8        0xc CMakeFiles/pico_webserver.dir/pico-sdk/src/rp2_common/pico_runtime/runtime.c.obj
                0x00000000100025d8                hard_assertion_failure
 .text._out_char
                0x00000000100025e4       0x10 CMakeFiles/pico_webserver.dir/pico-sdk/src/rp2_common/pico_printf/printf.c.obj
 .text.weak_raw_vprintf
                0x00000000100025f4       0x30 CMakeFiles/pico_webserver.dir/pico-sdk/src/rp2_common/pico_printf/printf.c.obj
                0x00000000100025f4                weak_raw_vprintf
 .text          0x0000000010002624       0x10 CMakeFiles/pico_webserver.dir/pico-sdk/src/rp2_common/pico_bit_ops/bit_ops_aeabi.S.obj
 .text.rom_func_lookup
                0x0000000010002634       0x10 CMakeFiles/pico_webserver.dir/pico-sdk/src/rp2_common/pico_bootrom/bootrom.c.obj
                0x0000000010002634                rom_func_lookup
 .text.rom_data_lookup
                0x0000000010002644       0x10 CMakeFiles/pico_webserver.dir/pico-sdk/src/rp2_common/pico_bootrom/bootrom.c.obj
                0x0000000010002644                rom_data_lookup
 .text.rom_funcs_lookup
                0x0000000010002654       0x44 CMakeFiles/pico_webserver.dir/pico-sdk/src/rp2_common/pico_bootrom/bootrom.c.obj
                0x0000000010002654                rom_funcs_lookup
 .text.__wrap___aeabi_idiv
                0x0000000010002698       0x50 CMakeFiles/pico_webserver.dir/pico-sdk/src/rp2_common/pico_divider/divider.S.obj
                0x0000000010002698                __wrap___aeabi_idivmod
                0x0000000010002698                divmod_s32s32
                0x0000000010002698                div_s32s32
                0x0000000010002698                __wrap___aeabi_idiv
                0x00000000100026a0                divmod_s32s32_unsafe
                0x00000000100026cc                divmod_s32s32_savestate
 .text.__wrap___aeabi_uidiv
                0x00000000100026e8       0x4c CMakeFiles/pico_webserver.dir/pico-sdk/src/rp2_common/pico_divider/divider.S.obj
                0x00000000100026e8                __wrap___aeabi_uidiv
                0x00000000100026e8                __wrap___aeabi_uidivmod
                0x00000000100026e8                div_u32u32
                0x00000000100026e8                divmod_u32u32
                0x00000000100026f0                divmod_u32u32_unsafe
                0x0000000010002718                divmod_u32u32_savestate
 .text.__wrap___aeabi_ldiv
                0x0000000010002734      0x424 CMakeFiles/pico_webserver.dir/pico-sdk/src/rp2_common/pico_divider/divider.S.obj
                0x0000000010002734                div_s64s64
                0x0000000010002734                divmod_s64s64
                0x0000000010002734                __wrap___aeabi_ldivmod
                0x0000000010002764                div_u64u64
                0x0000000010002764                divmod_u64u64
                0x0000000010002764                __wrap___aeabi_uldivmod
                0x0000000010002774                divmod_u64u64_savestate
                0x0000000010002794                divmod_s64s64_unsafe
                0x000000001000281c                divmod_u64u64_unsafe
 .text.missing_double_func_shim
                0x0000000010002b58        0xc CMakeFiles/pico_webserver.dir/pico-sdk/src/rp2_common/pico_double/double_init_rom.c.obj
 .text.__aeabi_double_init
                0x0000000010002b64       0x98 CMakeFiles/pico_webserver.dir/pico-sdk/src/rp2_common/pico_double/double_init_rom.c.obj
                0x0000000010002b64                __aeabi_double_init
 .text.double_table_shim_on_use_helper
                0x0000000010002bfc       0x2c CMakeFiles/pico_webserver.dir/pico-sdk/src/rp2_common/pico_double/double_v1_rom_shim.S.obj
                0x0000000010002bfc                double_table_shim_on_use_helper
 .text.__aeabi_lmul
                0x0000000010002c28       0x32 CMakeFiles/pico_webserver.dir/pico-sdk/src/rp2_common/pico_int64_ops/pico_int64_ops_aeabi.S.obj
                0x0000000010002c28                __wrap___aeabi_lmul
 *fill*         0x0000000010002c5a        0x2 
 .text.missing_float_func_shim
                0x0000000010002c5c        0xc CMakeFiles/pico_webserver.dir/pico-sdk/src/rp2_common/pico_float/float_init_rom.c.obj
 .text.__aeabi_float_init
                0x0000000010002c68       0x5c CMakeFiles/pico_webserver.dir/pico-sdk/src/rp2_common/pico_float/float_init_rom.c.obj
                0x0000000010002c68                __aeabi_float_init
 .text          0x0000000010002cc4       0x10 CMakeFiles/pico_webserver.dir/pico-sdk/src/rp2_common/pico_mem_ops/mem_ops_aeabi.S.obj
                0x0000000010002cc4                __aeabi_mem_init
 .text.memset   0x0000000010002cd4        0xc CMakeFiles/pico_webserver.dir/pico-sdk/src/rp2_common/pico_mem_ops/mem_ops_aeabi.S.obj
                0x0000000010002cd4                __wrap_memset
 .text.memcpy   0x0000000010002ce0        0xc CMakeFiles/pico_webserver.dir/pico-sdk/src/rp2_common/pico_mem_ops/mem_ops_aeabi.S.obj
                0x0000000010002ce0                __wrap___aeabi_memcpy
                0x0000000010002ce0                __wrap_memcpy
 .text.stdio_out_chars_no_crlf
                0x0000000010002cec       0x10 CMakeFiles/pico_webserver.dir/pico-sdk/src/rp2_common/pico_stdio/stdio.c.obj
 .text.stdio_out_chars_crlf
                0x0000000010002cfc       0xb4 CMakeFiles/pico_webserver.dir/pico-sdk/src/rp2_common/pico_stdio/stdio.c.obj
 .text.stdio_put_string.isra.0
                0x0000000010002db0       0xfc CMakeFiles/pico_webserver.dir/pico-sdk/src/rp2_common/pico_stdio/stdio.c.obj
 .text.__wrap_putchar
                0x0000000010002eac       0x98 CMakeFiles/pico_webserver.dir/pico-sdk/src/rp2_common/pico_stdio/stdio.c.obj
                0x0000000010002eac                __wrap_putchar
 .text.__wrap_puts
                0x0000000010002f44       0x3c CMakeFiles/pico_webserver.dir/pico-sdk/src/rp2_common/pico_stdio/stdio.c.obj
                0x0000000010002f44                __wrap_puts
 .text.startup._retrieve_unique_id_on_boot
                0x0000000010002f80       0x10 CMakeFiles/pico_webserver.dir/pico-sdk/src/rp2_common/pico_unique_id/unique_id.c.obj
 .text.pico_get_unique_board_id
                0x0000000010002f90       0x10 CMakeFiles/pico_webserver.dir/pico-sdk/src/rp2_common/pico_unique_id/unique_id.c.obj
                0x0000000010002f90                pico_get_unique_board_id
 .text.flash_get_unique_id
                0x0000000010002fa0       0x40 CMakeFiles/pico_webserver.dir/pico-sdk/src/rp2_common/hardware_flash/flash.c.obj
                0x0000000010002fa0                flash_get_unique_id
 .text.dcd_int_enable
                0x0000000010002fe0        0xc CMakeFiles/pico_webserver.dir/pico-sdk/lib/tinyusb/src/portable/raspberrypi/rp2040/dcd_rp2040.c.obj
                0x0000000010002fe0                dcd_int_enable
 .text.dcd_set_address
                0x0000000010002fec       0x14 CMakeFiles/pico_webserver.dir/pico-sdk/lib/tinyusb/src/portable/raspberrypi/rp2040/dcd_rp2040.c.obj
                0x0000000010002fec                dcd_set_address
 .text.dcd_connect
                0x0000000010003000       0x10 CMakeFiles/pico_webserver.dir/pico-sdk/lib/tinyusb/src/portable/raspberrypi/rp2040/dcd_rp2040.c.obj
                0x0000000010003000                dcd_connect
 .text.dcd_init
                0x0000000010003010       0x98 CMakeFiles/pico_webserver.dir/pico-sdk/lib/tinyusb/src/portable/raspberrypi/rp2040/dcd_rp2040.c.obj
                0x0000000010003010                dcd_init
 .text.dcd_edpt0_status_complete
                0x00000000100030a8       0x1c CMakeFiles/pico_webserver.dir/pico-sdk/lib/tinyusb/src/portable/raspberrypi/rp2040/dcd_rp2040.c.obj
                0x00000000100030a8                dcd_edpt0_status_complete
 .text.dcd_edpt_open
                0x00000000100030c4      0x108 CMakeFiles/pico_webserver.dir/pico-sdk/lib/tinyusb/src/portable/raspberrypi/rp2040/dcd_rp2040.c.obj
                0x00000000100030c4                dcd_edpt_open
 .text.dcd_edpt_close_all
                0x00000000100031cc        0x8 CMakeFiles/pico_webserver.dir/pico-sdk/lib/tinyusb/src/portable/raspberrypi/rp2040/dcd_rp2040.c.obj
                0x00000000100031cc                dcd_edpt_close_all
 .text.dcd_edpt_xfer
                0x00000000100031d4       0x24 CMakeFiles/pico_webserver.dir/pico-sdk/lib/tinyusb/src/portable/raspberrypi/rp2040/dcd_rp2040.c.obj
                0x00000000100031d4                dcd_edpt_xfer
 .text.dcd_edpt_stall
                0x00000000100031f8       0x38 CMakeFiles/pico_webserver.dir/pico-sdk/lib/tinyusb/src/portable/raspberrypi/rp2040/dcd_rp2040.c.obj
                0x00000000100031f8                dcd_edpt_stall
 .text.dcd_edpt_clear_stall
                0x0000000010003230       0x30 CMakeFiles/pico_webserver.dir/pico-sdk/lib/tinyusb/src/portable/raspberrypi/rp2040/dcd_rp2040.c.obj
                0x0000000010003230                dcd_edpt_clear_stall
 .text.rp2040_usb_init
                0x0000000010003260       0x4c CMakeFiles/pico_webserver.dir/pico-sdk/lib/tinyusb/src/portable/raspberrypi/rp2040/rp2040_usb.c.obj
                0x0000000010003260                rp2040_usb_init
 .text.hw_endpoint_xfer_start
                0x00000000100032ac       0x50 CMakeFiles/pico_webserver.dir/pico-sdk/lib/tinyusb/src/portable/raspberrypi/rp2040/rp2040_usb.c.obj
                0x00000000100032ac                hw_endpoint_xfer_start
 .text.tud_mounted
                0x00000000100032fc       0x10 CMakeFiles/pico_webserver.dir/pico-sdk/lib/tinyusb/src/device/usbd.c.obj
                0x00000000100032fc                tud_mounted
 .text.tud_suspended
                0x000000001000330c       0x10 CMakeFiles/pico_webserver.dir/pico-sdk/lib/tinyusb/src/device/usbd.c.obj
                0x000000001000330c                tud_suspended
 .text.tud_inited
                0x000000001000331c       0x14 CMakeFiles/pico_webserver.dir/pico-sdk/lib/tinyusb/src/device/usbd.c.obj
                0x000000001000331c                tud_inited
 .text.tud_init
                0x0000000010003330       0xe4 CMakeFiles/pico_webserver.dir/pico-sdk/lib/tinyusb/src/device/usbd.c.obj
                0x0000000010003330                tud_init
 .text.tud_task_ext
                0x0000000010003414      0x870 CMakeFiles/pico_webserver.dir/pico-sdk/lib/tinyusb/src/device/usbd.c.obj
                0x0000000010003414                tud_task_ext
 .text.usbd_open_edpt_pair
                0x0000000010003c84       0x9c CMakeFiles/pico_webserver.dir/pico-sdk/lib/tinyusb/src/device/usbd.c.obj
                0x0000000010003c84                usbd_open_edpt_pair
 .text.usbd_edpt_open
                0x0000000010003d20       0x34 CMakeFiles/pico_webserver.dir/pico-sdk/lib/tinyusb/src/device/usbd.c.obj
                0x0000000010003d20                usbd_edpt_open
 .text.usbd_edpt_xfer
                0x0000000010003d54       0x4c CMakeFiles/pico_webserver.dir/pico-sdk/lib/tinyusb/src/device/usbd.c.obj
                0x0000000010003d54                usbd_edpt_xfer
 .text.usbd_edpt_busy
                0x0000000010003da0       0x1c CMakeFiles/pico_webserver.dir/pico-sdk/lib/tinyusb/src/device/usbd.c.obj
                0x0000000010003da0                usbd_edpt_busy
 .text.tud_control_status
                0x0000000010003dbc       0x30 CMakeFiles/pico_webserver.dir/pico-sdk/lib/tinyusb/src/device/usbd_control.c.obj
                0x0000000010003dbc                tud_control_status
 .text.tud_control_xfer
                0x0000000010003dec       0xbc CMakeFiles/pico_webserver.dir/pico-sdk/lib/tinyusb/src/device/usbd_control.c.obj
                0x0000000010003dec                tud_control_xfer
 .text.usbd_control_reset
                0x0000000010003ea8       0x14 CMakeFiles/pico_webserver.dir/pico-sdk/lib/tinyusb/src/device/usbd_control.c.obj
                0x0000000010003ea8                usbd_control_reset
 .text.usbd_control_set_complete_callback
                0x0000000010003ebc        0xc CMakeFiles/pico_webserver.dir/pico-sdk/lib/tinyusb/src/device/usbd_control.c.obj
                0x0000000010003ebc                usbd_control_set_complete_callback
 .text.usbd_control_set_request
                0x0000000010003ec8       0x1c CMakeFiles/pico_webserver.dir/pico-sdk/lib/tinyusb/src/device/usbd_control.c.obj
                0x0000000010003ec8                usbd_control_set_request
 .text.usbd_control_xfer_cb
                0x0000000010003ee4       0xfc CMakeFiles/pico_webserver.dir/pico-sdk/lib/tinyusb/src/device/usbd_control.c.obj
                0x0000000010003ee4                usbd_control_xfer_cb
 .text.tud_network_recv_renew
                0x0000000010003fe0       0x20 CMakeFiles/pico_webserver.dir/pico-sdk/lib/tinyusb/src/class/net/ecm_rndis_device.c.obj
                0x0000000010003fe0                tud_network_recv_renew
 .text.netd_report
                0x0000000010004000       0x24 CMakeFiles/pico_webserver.dir/pico-sdk/lib/tinyusb/src/class/net/ecm_rndis_device.c.obj
                0x0000000010004000                netd_report
 .text.netd_init
                0x0000000010004024       0x14 CMakeFiles/pico_webserver.dir/pico-sdk/lib/tinyusb/src/class/net/ecm_rndis_device.c.obj
                0x0000000010004024                netd_init
 .text.netd_reset
                0x0000000010004038       0x14 CMakeFiles/pico_webserver.dir/pico-sdk/lib/tinyusb/src/class/net/ecm_rndis_device.c.obj
                0x0000000010004038                netd_reset
 .text.netd_open
                0x000000001000404c      0x11c CMakeFiles/pico_webserver.dir/pico-sdk/lib/tinyusb/src/class/net/ecm_rndis_device.c.obj
                0x000000001000404c                netd_open
 .text.netd_control_xfer_cb
                0x0000000010004168      0x174 CMakeFiles/pico_webserver.dir/pico-sdk/lib/tinyusb/src/class/net/ecm_rndis_device.c.obj
                0x0000000010004168                netd_control_xfer_cb
 .text.netd_xfer_cb
                0x00000000100042dc       0xec CMakeFiles/pico_webserver.dir/pico-sdk/lib/tinyusb/src/class/net/ecm_rndis_device.c.obj
                0x00000000100042dc                netd_xfer_cb
 .text.tud_network_can_xmit
                0x00000000100043c8        0xc CMakeFiles/pico_webserver.dir/pico-sdk/lib/tinyusb/src/class/net/ecm_rndis_device.c.obj
                0x00000000100043c8                tud_network_can_xmit
 .text.tud_network_xmit
                0x00000000100043d4       0x98 CMakeFiles/pico_webserver.dir/pico-sdk/lib/tinyusb/src/class/net/ecm_rndis_device.c.obj
                0x00000000100043d4                tud_network_xmit
 .text.tusb_init
                0x000000001000446c        0xc CMakeFiles/pico_webserver.dir/pico-sdk/lib/tinyusb/src/tusb.c.obj
                0x000000001000446c                tusb_init
 .text.tusb_inited
                0x0000000010004478        0x8 CMakeFiles/pico_webserver.dir/pico-sdk/lib/tinyusb/src/tusb.c.obj
                0x0000000010004478                tusb_inited
 .text.tu_edpt_validate
                0x0000000010004480       0x78 CMakeFiles/pico_webserver.dir/pico-sdk/lib/tinyusb/src/tusb.c.obj
                0x0000000010004480                tu_edpt_validate
 .text.tu_edpt_bind_driver
                0x00000000100044f8       0x34 CMakeFiles/pico_webserver.dir/pico-sdk/lib/tinyusb/src/tusb.c.obj
                0x00000000100044f8                tu_edpt_bind_driver
 .text.tu_fifo_read
                0x000000001000452c       0xa0 CMakeFiles/pico_webserver.dir/pico-sdk/lib/tinyusb/src/common/tusb_fifo.c.obj
                0x000000001000452c                tu_fifo_read
 .text.tu_fifo_write
                0x00000000100045cc       0x88 CMakeFiles/pico_webserver.dir/pico-sdk/lib/tinyusb/src/common/tusb_fifo.c.obj
                0x00000000100045cc                tu_fifo_write
 .text.tu_fifo_clear
                0x0000000010004654       0x40 CMakeFiles/pico_webserver.dir/pico-sdk/lib/tinyusb/src/common/tusb_fifo.c.obj
                0x0000000010004654                tu_fifo_clear
 .text.sys_arch_protect
                0x0000000010004694        0x4 CMakeFiles/pico_webserver.dir/pico-sdk/src/rp2_common/pico_lwip/lwip_nosys.c.obj
                0x0000000010004694                sys_arch_protect
 .text.sys_arch_unprotect
                0x0000000010004698        0x4 CMakeFiles/pico_webserver.dir/pico-sdk/src/rp2_common/pico_lwip/lwip_nosys.c.obj
                0x0000000010004698                sys_arch_unprotect
 .text.sys_now  0x000000001000469c       0x20 CMakeFiles/pico_webserver.dir/pico-sdk/src/rp2_common/pico_lwip/lwip_nosys.c.obj
                0x000000001000469c                sys_now
 .text.lwip_init
                0x00000000100046bc       0x20 CMakeFiles/pico_webserver.dir/pico-sdk/lib/lwip/src/core/init.c.obj
                0x00000000100046bc                lwip_init
 .text.lwip_htons
                0x00000000100046dc        0x8 CMakeFiles/pico_webserver.dir/pico-sdk/lib/lwip/src/core/def.c.obj
                0x00000000100046dc                lwip_htons
 .text.lwip_htonl
                0x00000000100046e4        0x4 CMakeFiles/pico_webserver.dir/pico-sdk/lib/lwip/src/core/def.c.obj
                0x00000000100046e4                lwip_htonl
 .text.lwip_strnstr
                0x00000000100046e8       0x5c CMakeFiles/pico_webserver.dir/pico-sdk/lib/lwip/src/core/def.c.obj
                0x00000000100046e8                lwip_strnstr
 .text.lwip_stricmp
                0x0000000010004744       0x34 CMakeFiles/pico_webserver.dir/pico-sdk/lib/lwip/src/core/def.c.obj
                0x0000000010004744                lwip_stricmp
 .text.lwip_standard_chksum
                0x0000000010004778       0x80 CMakeFiles/pico_webserver.dir/pico-sdk/lib/lwip/src/core/inet_chksum.c.obj
                0x0000000010004778                lwip_standard_chksum
 .text.inet_chksum_pseudo
                0x00000000100047f8       0xb4 CMakeFiles/pico_webserver.dir/pico-sdk/lib/lwip/src/core/inet_chksum.c.obj
                0x00000000100047f8                inet_chksum_pseudo
 .text.ip_chksum_pseudo
                0x00000000100048ac       0x10 CMakeFiles/pico_webserver.dir/pico-sdk/lib/lwip/src/core/inet_chksum.c.obj
                0x00000000100048ac                ip_chksum_pseudo
 .text.inet_chksum
                0x00000000100048bc       0x8c CMakeFiles/pico_webserver.dir/pico-sdk/lib/lwip/src/core/inet_chksum.c.obj
                0x00000000100048bc                inet_chksum
 .text.inet_chksum_pbuf
                0x0000000010004948       0x6c CMakeFiles/pico_webserver.dir/pico-sdk/lib/lwip/src/core/inet_chksum.c.obj
                0x0000000010004948                inet_chksum_pbuf
 .text.mem_init
                0x00000000100049b4       0x48 CMakeFiles/pico_webserver.dir/pico-sdk/lib/lwip/src/core/mem.c.obj
                0x00000000100049b4                mem_init
 .text.mem_free
                0x00000000100049fc      0x128 CMakeFiles/pico_webserver.dir/pico-sdk/lib/lwip/src/core/mem.c.obj
                0x00000000100049fc                mem_free
 .text.mem_trim
                0x0000000010004b24      0x144 CMakeFiles/pico_webserver.dir/pico-sdk/lib/lwip/src/core/mem.c.obj
                0x0000000010004b24                mem_trim
 .text.mem_malloc
                0x0000000010004c68      0x130 CMakeFiles/pico_webserver.dir/pico-sdk/lib/lwip/src/core/mem.c.obj
                0x0000000010004c68                mem_malloc
 .text.memp_init
                0x0000000010004d98       0x94 CMakeFiles/pico_webserver.dir/pico-sdk/lib/lwip/src/core/memp.c.obj
                0x0000000010004d98                memp_init
 .text.memp_malloc
                0x0000000010004e2c       0x4c CMakeFiles/pico_webserver.dir/pico-sdk/lib/lwip/src/core/memp.c.obj
                0x0000000010004e2c                memp_malloc
 .text.memp_free
                0x0000000010004e78       0x30 CMakeFiles/pico_webserver.dir/pico-sdk/lib/lwip/src/core/memp.c.obj
                0x0000000010004e78                memp_free
 .text.netif_null_output_ip4
                0x0000000010004ea8        0x8 CMakeFiles/pico_webserver.dir/pico-sdk/lib/lwip/src/core/netif.c.obj
 .text.netif_init
                0x0000000010004eb0        0x4 CMakeFiles/pico_webserver.dir/pico-sdk/lib/lwip/src/core/netif.c.obj
                0x0000000010004eb0                netif_init
 .text.netif_set_addr
                0x0000000010004eb4       0xc4 CMakeFiles/pico_webserver.dir/pico-sdk/lib/lwip/src/core/netif.c.obj
                0x0000000010004eb4                netif_set_addr
 .text.netif_add
                0x0000000010004f78       0xf8 CMakeFiles/pico_webserver.dir/pico-sdk/lib/lwip/src/core/netif.c.obj
                0x0000000010004f78                netif_add
 .text.netif_set_default
                0x0000000010005070        0xc CMakeFiles/pico_webserver.dir/pico-sdk/lib/lwip/src/core/netif.c.obj
                0x0000000010005070                netif_set_default
 .text.netif_get_by_index
                0x000000001000507c       0x2c CMakeFiles/pico_webserver.dir/pico-sdk/lib/lwip/src/core/netif.c.obj
                0x000000001000507c                netif_get_by_index
 .text.pbuf_free.part.0
                0x00000000100050a8       0x80 CMakeFiles/pico_webserver.dir/pico-sdk/lib/lwip/src/core/pbuf.c.obj
 .text.pbuf_free_ooseq
                0x0000000010005128       0x34 CMakeFiles/pico_webserver.dir/pico-sdk/lib/lwip/src/core/pbuf.c.obj
                0x0000000010005128                pbuf_free_ooseq
 .text.pbuf_alloc
                0x000000001000515c      0x12c CMakeFiles/pico_webserver.dir/pico-sdk/lib/lwip/src/core/pbuf.c.obj
                0x000000001000515c                pbuf_alloc
 .text.pbuf_alloced_custom
                0x0000000010005288       0x38 CMakeFiles/pico_webserver.dir/pico-sdk/lib/lwip/src/core/pbuf.c.obj
                0x0000000010005288                pbuf_alloced_custom
 .text.pbuf_realloc
                0x00000000100052c0       0x70 CMakeFiles/pico_webserver.dir/pico-sdk/lib/lwip/src/core/pbuf.c.obj
                0x00000000100052c0                pbuf_realloc
 .text.pbuf_add_header
                0x0000000010005330       0x4c CMakeFiles/pico_webserver.dir/pico-sdk/lib/lwip/src/core/pbuf.c.obj
                0x0000000010005330                pbuf_add_header
 .text.pbuf_remove_header
                0x000000001000537c       0x38 CMakeFiles/pico_webserver.dir/pico-sdk/lib/lwip/src/core/pbuf.c.obj
                0x000000001000537c                pbuf_remove_header
 .text.pbuf_header_force
                0x00000000100053b4       0x6c CMakeFiles/pico_webserver.dir/pico-sdk/lib/lwip/src/core/pbuf.c.obj
                0x00000000100053b4                pbuf_header_force
 .text.pbuf_free
                0x0000000010005420       0x10 CMakeFiles/pico_webserver.dir/pico-sdk/lib/lwip/src/core/pbuf.c.obj
                0x0000000010005420                pbuf_free
 .text.pbuf_clen
                0x0000000010005430       0x14 CMakeFiles/pico_webserver.dir/pico-sdk/lib/lwip/src/core/pbuf.c.obj
                0x0000000010005430                pbuf_clen
 .text.pbuf_ref
                0x0000000010005444       0x18 CMakeFiles/pico_webserver.dir/pico-sdk/lib/lwip/src/core/pbuf.c.obj
                0x0000000010005444                pbuf_ref
 .text.pbuf_cat
                0x000000001000545c       0x2c CMakeFiles/pico_webserver.dir/pico-sdk/lib/lwip/src/core/pbuf.c.obj
                0x000000001000545c                pbuf_cat
 .text.pbuf_chain
                0x0000000010005488       0x44 CMakeFiles/pico_webserver.dir/pico-sdk/lib/lwip/src/core/pbuf.c.obj
                0x0000000010005488                pbuf_chain
 .text.pbuf_copy_partial_pbuf
                0x00000000100054cc      0x11c CMakeFiles/pico_webserver.dir/pico-sdk/lib/lwip/src/core/pbuf.c.obj
                0x00000000100054cc                pbuf_copy_partial_pbuf
 .text.pbuf_copy
                0x00000000100055e8       0x18 CMakeFiles/pico_webserver.dir/pico-sdk/lib/lwip/src/core/pbuf.c.obj
                0x00000000100055e8                pbuf_copy
 .text.pbuf_copy_partial
                0x0000000010005600       0x70 CMakeFiles/pico_webserver.dir/pico-sdk/lib/lwip/src/core/pbuf.c.obj
                0x0000000010005600                pbuf_copy_partial
 .text.pbuf_clone
                0x0000000010005670       0x20 CMakeFiles/pico_webserver.dir/pico-sdk/lib/lwip/src/core/pbuf.c.obj
                0x0000000010005670                pbuf_clone
 .text.raw_input
                0x0000000010005690      0x12c CMakeFiles/pico_webserver.dir/pico-sdk/lib/lwip/src/core/raw.c.obj
                0x0000000010005690                raw_input
 .text.raw_netif_ip_addr_changed
                0x00000000100057bc       0x40 CMakeFiles/pico_webserver.dir/pico-sdk/lib/lwip/src/core/raw.c.obj
                0x00000000100057bc                raw_netif_ip_addr_changed
 .text.stats_init
                0x00000000100057fc        0x4 CMakeFiles/pico_webserver.dir/pico-sdk/lib/lwip/src/core/stats.c.obj
                0x00000000100057fc                stats_init
 .text.tcp_close_shutdown_fin
                0x0000000010005800       0x4c CMakeFiles/pico_webserver.dir/pico-sdk/lib/lwip/src/core/tcp.c.obj
 .text.tcp_pcb_purge.part.0
                0x000000001000584c       0xc4 CMakeFiles/pico_webserver.dir/pico-sdk/lib/lwip/src/core/tcp.c.obj
 .text.tcp_init
                0x0000000010005910        0x4 CMakeFiles/pico_webserver.dir/pico-sdk/lib/lwip/src/core/tcp.c.obj
                0x0000000010005910                tcp_init
 .text.tcp_free
                0x0000000010005914        0xc CMakeFiles/pico_webserver.dir/pico-sdk/lib/lwip/src/core/tcp.c.obj
                0x0000000010005914                tcp_free
 .text.tcp_bind
                0x0000000010005920       0xf8 CMakeFiles/pico_webserver.dir/pico-sdk/lib/lwip/src/core/tcp.c.obj
                0x0000000010005920                tcp_bind
 .text.tcp_listen_with_backlog
                0x0000000010005a18       0x88 CMakeFiles/pico_webserver.dir/pico-sdk/lib/lwip/src/core/tcp.c.obj
                0x0000000010005a18                tcp_listen_with_backlog
 .text.tcp_update_rcv_ann_wnd
                0x0000000010005aa0       0x3c CMakeFiles/pico_webserver.dir/pico-sdk/lib/lwip/src/core/tcp.c.obj
                0x0000000010005aa0                tcp_update_rcv_ann_wnd
 .text.tcp_recved
                0x0000000010005adc       0x78 CMakeFiles/pico_webserver.dir/pico-sdk/lib/lwip/src/core/tcp.c.obj
                0x0000000010005adc                tcp_recved
 .text.tcp_slowtmr
                0x0000000010005b54      0x42c CMakeFiles/pico_webserver.dir/pico-sdk/lib/lwip/src/core/tcp.c.obj
                0x0000000010005b54                tcp_slowtmr
 .text.tcp_segs_free
                0x0000000010005f80       0x38 CMakeFiles/pico_webserver.dir/pico-sdk/lib/lwip/src/core/tcp.c.obj
                0x0000000010005f80                tcp_segs_free
 .text.tcp_seg_free
                0x0000000010005fb8       0x1c CMakeFiles/pico_webserver.dir/pico-sdk/lib/lwip/src/core/tcp.c.obj
                0x0000000010005fb8                tcp_seg_free
 .text.tcp_setprio
                0x0000000010005fd4        0x8 CMakeFiles/pico_webserver.dir/pico-sdk/lib/lwip/src/core/tcp.c.obj
                0x0000000010005fd4                tcp_setprio
 .text.tcp_seg_copy
                0x0000000010005fdc       0x20 CMakeFiles/pico_webserver.dir/pico-sdk/lib/lwip/src/core/tcp.c.obj
                0x0000000010005fdc                tcp_seg_copy
 .text.tcp_arg  0x0000000010005ffc        0x8 CMakeFiles/pico_webserver.dir/pico-sdk/lib/lwip/src/core/tcp.c.obj
                0x0000000010005ffc                tcp_arg
 .text.tcp_recv
                0x0000000010006004        0xc CMakeFiles/pico_webserver.dir/pico-sdk/lib/lwip/src/core/tcp.c.obj
                0x0000000010006004                tcp_recv
 .text.tcp_sent
                0x0000000010006010        0xc CMakeFiles/pico_webserver.dir/pico-sdk/lib/lwip/src/core/tcp.c.obj
                0x0000000010006010                tcp_sent
 .text.tcp_err  0x000000001000601c        0xc CMakeFiles/pico_webserver.dir/pico-sdk/lib/lwip/src/core/tcp.c.obj
                0x000000001000601c                tcp_err
 .text.tcp_accept
                0x0000000010006028       0x10 CMakeFiles/pico_webserver.dir/pico-sdk/lib/lwip/src/core/tcp.c.obj
                0x0000000010006028                tcp_accept
 .text.tcp_poll
                0x0000000010006038        0xc CMakeFiles/pico_webserver.dir/pico-sdk/lib/lwip/src/core/tcp.c.obj
                0x0000000010006038                tcp_poll
 .text.tcp_pcb_purge
                0x0000000010006044       0x18 CMakeFiles/pico_webserver.dir/pico-sdk/lib/lwip/src/core/tcp.c.obj
                0x0000000010006044                tcp_pcb_purge
 .text.tcp_pcb_remove
                0x000000001000605c       0x78 CMakeFiles/pico_webserver.dir/pico-sdk/lib/lwip/src/core/tcp.c.obj
                0x000000001000605c                tcp_pcb_remove
 .text.tcp_abandon
                0x00000000100060d4      0x184 CMakeFiles/pico_webserver.dir/pico-sdk/lib/lwip/src/core/tcp.c.obj
                0x00000000100060d4                tcp_abandon
 .text.tcp_abort
                0x0000000010006258        0xc CMakeFiles/pico_webserver.dir/pico-sdk/lib/lwip/src/core/tcp.c.obj
                0x0000000010006258                tcp_abort
 .text.tcp_accept_null
                0x0000000010006264       0x10 CMakeFiles/pico_webserver.dir/pico-sdk/lib/lwip/src/core/tcp.c.obj
 .text.tcp_alloc
                0x0000000010006274      0x1f8 CMakeFiles/pico_webserver.dir/pico-sdk/lib/lwip/src/core/tcp.c.obj
                0x0000000010006274                tcp_alloc
 .text.tcp_new_ip_type
                0x000000001000646c      0x1d8 CMakeFiles/pico_webserver.dir/pico-sdk/lib/lwip/src/core/tcp.c.obj
                0x000000001000646c                tcp_new_ip_type
 .text.tcp_close_shutdown
                0x0000000010006644      0x14c CMakeFiles/pico_webserver.dir/pico-sdk/lib/lwip/src/core/tcp.c.obj
 .text.tcp_recv_null
                0x0000000010006790       0xa8 CMakeFiles/pico_webserver.dir/pico-sdk/lib/lwip/src/core/tcp.c.obj
                0x0000000010006790                tcp_recv_null
 .text.tcp_process_refused_data
                0x0000000010006838       0xe8 CMakeFiles/pico_webserver.dir/pico-sdk/lib/lwip/src/core/tcp.c.obj
                0x0000000010006838                tcp_process_refused_data
 .text.tcp_fasttmr
                0x0000000010006920       0x98 CMakeFiles/pico_webserver.dir/pico-sdk/lib/lwip/src/core/tcp.c.obj
                0x0000000010006920                tcp_fasttmr
 .text.tcp_tmr  0x00000000100069b8       0x20 CMakeFiles/pico_webserver.dir/pico-sdk/lib/lwip/src/core/tcp.c.obj
                0x00000000100069b8                tcp_tmr
 .text.tcp_close
                0x00000000100069d8      0x15c CMakeFiles/pico_webserver.dir/pico-sdk/lib/lwip/src/core/tcp.c.obj
                0x00000000100069d8                tcp_close
 .text.tcp_next_iss
                0x0000000010006b34       0x18 CMakeFiles/pico_webserver.dir/pico-sdk/lib/lwip/src/core/tcp.c.obj
                0x0000000010006b34                tcp_next_iss
 .text.tcp_eff_send_mss_netif
                0x0000000010006b4c       0x28 CMakeFiles/pico_webserver.dir/pico-sdk/lib/lwip/src/core/tcp.c.obj
                0x0000000010006b4c                tcp_eff_send_mss_netif
 .text.tcp_netif_ip_addr_changed
                0x0000000010006b74       0x9c CMakeFiles/pico_webserver.dir/pico-sdk/lib/lwip/src/core/tcp.c.obj
                0x0000000010006b74                tcp_netif_ip_addr_changed
 .text.tcp_free_ooseq
                0x0000000010006c10       0x40 CMakeFiles/pico_webserver.dir/pico-sdk/lib/lwip/src/core/tcp.c.obj
                0x0000000010006c10                tcp_free_ooseq
 .text.tcp_parseopt
                0x0000000010006c50      0x180 CMakeFiles/pico_webserver.dir/pico-sdk/lib/lwip/src/core/tcp_in.c.obj
 .text.tcp_oos_insert_segment
                0x0000000010006dd0       0xd4 CMakeFiles/pico_webserver.dir/pico-sdk/lib/lwip/src/core/tcp_in.c.obj
 .text.tcp_receive
                0x0000000010006ea4      0xa3c CMakeFiles/pico_webserver.dir/pico-sdk/lib/lwip/src/core/tcp_in.c.obj
 .text.tcp_input
                0x00000000100078e0      0xc64 CMakeFiles/pico_webserver.dir/pico-sdk/lib/lwip/src/core/tcp_in.c.obj
                0x00000000100078e0                tcp_input
 .text.tcp_trigger_input_pcb_close
                0x0000000010008544       0x10 CMakeFiles/pico_webserver.dir/pico-sdk/lib/lwip/src/core/tcp_in.c.obj
                0x0000000010008544                tcp_trigger_input_pcb_close
 .text.tcp_create_segment
                0x0000000010008554       0xd0 CMakeFiles/pico_webserver.dir/pico-sdk/lib/lwip/src/core/tcp_out.c.obj
 .text.tcp_output_control_segment
                0x0000000010008624       0xb4 CMakeFiles/pico_webserver.dir/pico-sdk/lib/lwip/src/core/tcp_out.c.obj
 .text.tcp_write
                0x00000000100086d8      0x600 CMakeFiles/pico_webserver.dir/pico-sdk/lib/lwip/src/core/tcp_out.c.obj
                0x00000000100086d8                tcp_write
 .text.tcp_split_unsent_seg
                0x0000000010008cd8      0x19c CMakeFiles/pico_webserver.dir/pico-sdk/lib/lwip/src/core/tcp_out.c.obj
                0x0000000010008cd8                tcp_split_unsent_seg
 .text.tcp_send_fin
                0x0000000010008e74       0xe0 CMakeFiles/pico_webserver.dir/pico-sdk/lib/lwip/src/core/tcp_out.c.obj
                0x0000000010008e74                tcp_send_fin
 .text.tcp_enqueue_flags
                0x0000000010008f54       0xa8 CMakeFiles/pico_webserver.dir/pico-sdk/lib/lwip/src/core/tcp_out.c.obj
                0x0000000010008f54                tcp_enqueue_flags
 .text.tcp_rexmit_rto_prepare
                0x0000000010008ffc       0x8c CMakeFiles/pico_webserver.dir/pico-sdk/lib/lwip/src/core/tcp_out.c.obj
                0x0000000010008ffc                tcp_rexmit_rto_prepare
 .text.tcp_rexmit
                0x0000000010009088       0x90 CMakeFiles/pico_webserver.dir/pico-sdk/lib/lwip/src/core/tcp_out.c.obj
                0x0000000010009088                tcp_rexmit
 .text.tcp_rexmit_fast
                0x0000000010009118       0x58 CMakeFiles/pico_webserver.dir/pico-sdk/lib/lwip/src/core/tcp_out.c.obj
                0x0000000010009118                tcp_rexmit_fast
 .text.tcp_rst  0x0000000010009170       0xbc CMakeFiles/pico_webserver.dir/pico-sdk/lib/lwip/src/core/tcp_out.c.obj
                0x0000000010009170                tcp_rst
 .text.tcp_rst_netif
                0x000000001000922c       0xfc CMakeFiles/pico_webserver.dir/pico-sdk/lib/lwip/src/core/tcp_out.c.obj
                0x000000001000922c                tcp_rst_netif
 .text.tcp_send_empty_ack
                0x0000000010009328       0xdc CMakeFiles/pico_webserver.dir/pico-sdk/lib/lwip/src/core/tcp_out.c.obj
                0x0000000010009328                tcp_send_empty_ack
 .text.tcp_output
                0x0000000010009404      0x410 CMakeFiles/pico_webserver.dir/pico-sdk/lib/lwip/src/core/tcp_out.c.obj
                0x0000000010009404                tcp_output
 .text.tcp_rexmit_rto_commit
                0x0000000010009814       0x14 CMakeFiles/pico_webserver.dir/pico-sdk/lib/lwip/src/core/tcp_out.c.obj
                0x0000000010009814                tcp_rexmit_rto_commit
 .text.tcp_rexmit_rto
                0x0000000010009828       0x98 CMakeFiles/pico_webserver.dir/pico-sdk/lib/lwip/src/core/tcp_out.c.obj
                0x0000000010009828                tcp_rexmit_rto
 .text.tcp_keepalive
                0x00000000100098c0       0xc4 CMakeFiles/pico_webserver.dir/pico-sdk/lib/lwip/src/core/tcp_out.c.obj
                0x00000000100098c0                tcp_keepalive
 .text.tcp_zero_window_probe
                0x0000000010009984      0x18c CMakeFiles/pico_webserver.dir/pico-sdk/lib/lwip/src/core/tcp_out.c.obj
                0x0000000010009984                tcp_zero_window_probe
 .text.tcpip_tcp_timer
                0x0000000010009b10       0x6c CMakeFiles/pico_webserver.dir/pico-sdk/lib/lwip/src/core/timeouts.c.obj
 .text.lwip_cyclic_timer
                0x0000000010009b7c       0x90 CMakeFiles/pico_webserver.dir/pico-sdk/lib/lwip/src/core/timeouts.c.obj
 .text.tcp_timer_needed
                0x0000000010009c0c       0x70 CMakeFiles/pico_webserver.dir/pico-sdk/lib/lwip/src/core/timeouts.c.obj
                0x0000000010009c0c                tcp_timer_needed
 .text.sys_timeouts_init
                0x0000000010009c7c       0x78 CMakeFiles/pico_webserver.dir/pico-sdk/lib/lwip/src/core/timeouts.c.obj
                0x0000000010009c7c                sys_timeouts_init
 .text.sys_check_timeouts
                0x0000000010009cf4       0x68 CMakeFiles/pico_webserver.dir/pico-sdk/lib/lwip/src/core/timeouts.c.obj
                0x0000000010009cf4                sys_check_timeouts
 .text.udp_init
                0x0000000010009d5c        0x4 CMakeFiles/pico_webserver.dir/pico-sdk/lib/lwip/src/core/udp.c.obj
                0x0000000010009d5c                udp_init
 .text.udp_input
                0x0000000010009d60      0x234 CMakeFiles/pico_webserver.dir/pico-sdk/lib/lwip/src/core/udp.c.obj
                0x0000000010009d60                udp_input
 .text.udp_bind
                0x0000000010009f94      0x10c CMakeFiles/pico_webserver.dir/pico-sdk/lib/lwip/src/core/udp.c.obj
                0x0000000010009f94                udp_bind
 .text.udp_sendto_if_src
                0x000000001000a0a0      0x120 CMakeFiles/pico_webserver.dir/pico-sdk/lib/lwip/src/core/udp.c.obj
                0x000000001000a0a0                udp_sendto_if_src
 .text.udp_sendto_if
                0x000000001000a1c0       0x48 CMakeFiles/pico_webserver.dir/pico-sdk/lib/lwip/src/core/udp.c.obj
                0x000000001000a1c0                udp_sendto_if
 .text.udp_sendto
                0x000000001000a208       0x7c CMakeFiles/pico_webserver.dir/pico-sdk/lib/lwip/src/core/udp.c.obj
                0x000000001000a208                udp_sendto
 .text.udp_connect
                0x000000001000a284       0x64 CMakeFiles/pico_webserver.dir/pico-sdk/lib/lwip/src/core/udp.c.obj
                0x000000001000a284                udp_connect
 .text.udp_recv
                0x000000001000a2e8        0xc CMakeFiles/pico_webserver.dir/pico-sdk/lib/lwip/src/core/udp.c.obj
                0x000000001000a2e8                udp_recv
 .text.udp_remove
                0x000000001000a2f4       0x3c CMakeFiles/pico_webserver.dir/pico-sdk/lib/lwip/src/core/udp.c.obj
                0x000000001000a2f4                udp_remove
 .text.udp_new  0x000000001000a330       0x1c CMakeFiles/pico_webserver.dir/pico-sdk/lib/lwip/src/core/udp.c.obj
                0x000000001000a330                udp_new
 .text.udp_netif_ip_addr_changed
                0x000000001000a34c       0x40 CMakeFiles/pico_webserver.dir/pico-sdk/lib/lwip/src/core/udp.c.obj
                0x000000001000a34c                udp_netif_ip_addr_changed
 .text.dhcp_create_msg
                0x000000001000a38c      0x144 CMakeFiles/pico_webserver.dir/pico-sdk/lib/lwip/src/core/ipv4/dhcp.c.obj
 .text.dhcp_bind
                0x000000001000a4d0      0x140 CMakeFiles/pico_webserver.dir/pico-sdk/lib/lwip/src/core/ipv4/dhcp.c.obj
 .text.dhcp_handle_ack.isra.0
                0x000000001000a610       0xa0 CMakeFiles/pico_webserver.dir/pico-sdk/lib/lwip/src/core/ipv4/dhcp.c.obj
 .text.dhcp_reboot.isra.0
                0x000000001000a6b0      0x150 CMakeFiles/pico_webserver.dir/pico-sdk/lib/lwip/src/core/ipv4/dhcp.c.obj
 .text.dhcp_discover
                0x000000001000a800      0x10c CMakeFiles/pico_webserver.dir/pico-sdk/lib/lwip/src/core/ipv4/dhcp.c.obj
 .text.dhcp_select.isra.0
                0x000000001000a90c      0x1d0 CMakeFiles/pico_webserver.dir/pico-sdk/lib/lwip/src/core/ipv4/dhcp.c.obj
 .text.dhcp_recv
                0x000000001000aadc      0x414 CMakeFiles/pico_webserver.dir/pico-sdk/lib/lwip/src/core/ipv4/dhcp.c.obj
 .text.dhcp_conflict_callback
                0x000000001000aef0      0x124 CMakeFiles/pico_webserver.dir/pico-sdk/lib/lwip/src/core/ipv4/dhcp.c.obj
 .text.dhcp_renew
                0x000000001000b014      0x100 CMakeFiles/pico_webserver.dir/pico-sdk/lib/lwip/src/core/ipv4/dhcp.c.obj
                0x000000001000b014                dhcp_renew
 .text.dhcp_release_and_stop
                0x000000001000b114      0x14c CMakeFiles/pico_webserver.dir/pico-sdk/lib/lwip/src/core/ipv4/dhcp.c.obj
                0x000000001000b114                dhcp_release_and_stop
 .text.dhcp_start
                0x000000001000b260      0x10c CMakeFiles/pico_webserver.dir/pico-sdk/lib/lwip/src/core/ipv4/dhcp.c.obj
                0x000000001000b260                dhcp_start
 .text.dhcp_coarse_tmr
                0x000000001000b36c      0x1b4 CMakeFiles/pico_webserver.dir/pico-sdk/lib/lwip/src/core/ipv4/dhcp.c.obj
                0x000000001000b36c                dhcp_coarse_tmr
 .text.dhcp_fine_tmr
                0x000000001000b520       0x78 CMakeFiles/pico_webserver.dir/pico-sdk/lib/lwip/src/core/ipv4/dhcp.c.obj
                0x000000001000b520                dhcp_fine_tmr
 .text.etharp_find_entry
                0x000000001000b598     0x1dcc CMakeFiles/pico_webserver.dir/pico-sdk/lib/lwip/src/core/ipv4/etharp.c.obj
 .text.etharp_raw
                0x000000001000d364       0xc0 CMakeFiles/pico_webserver.dir/pico-sdk/lib/lwip/src/core/ipv4/etharp.c.obj
 .text.etharp_output_to_arp_index
                0x000000001000d424       0xd8 CMakeFiles/pico_webserver.dir/pico-sdk/lib/lwip/src/core/ipv4/etharp.c.obj
 .text.etharp_tmr
                0x000000001000d4fc       0xa4 CMakeFiles/pico_webserver.dir/pico-sdk/lib/lwip/src/core/ipv4/etharp.c.obj
                0x000000001000d4fc                etharp_tmr
 .text.etharp_input
                0x000000001000d5a0      0x1ac CMakeFiles/pico_webserver.dir/pico-sdk/lib/lwip/src/core/ipv4/etharp.c.obj
                0x000000001000d5a0                etharp_input
 .text.etharp_query
                0x000000001000d74c      0x188 CMakeFiles/pico_webserver.dir/pico-sdk/lib/lwip/src/core/ipv4/etharp.c.obj
                0x000000001000d74c                etharp_query
 .text.etharp_output
                0x000000001000d8d4      0x21c CMakeFiles/pico_webserver.dir/pico-sdk/lib/lwip/src/core/ipv4/etharp.c.obj
                0x000000001000d8d4                etharp_output
 .text.etharp_acd_probe
                0x000000001000daf0       0xc0 CMakeFiles/pico_webserver.dir/pico-sdk/lib/lwip/src/core/ipv4/etharp.c.obj
                0x000000001000daf0                etharp_acd_probe
 .text.etharp_acd_announce
                0x000000001000dbb0       0xbc CMakeFiles/pico_webserver.dir/pico-sdk/lib/lwip/src/core/ipv4/etharp.c.obj
                0x000000001000dbb0                etharp_acd_announce
 .text.icmp_input
                0x000000001000dc6c      0x1d8 CMakeFiles/pico_webserver.dir/pico-sdk/lib/lwip/src/core/ipv4/icmp.c.obj
                0x000000001000dc6c                icmp_input
 .text.icmp_dest_unreach
                0x000000001000de44       0xbc CMakeFiles/pico_webserver.dir/pico-sdk/lib/lwip/src/core/ipv4/icmp.c.obj
                0x000000001000de44                icmp_dest_unreach
 .text.icmp_time_exceeded
                0x000000001000df00       0xbc CMakeFiles/pico_webserver.dir/pico-sdk/lib/lwip/src/core/ipv4/icmp.c.obj
                0x000000001000df00                icmp_time_exceeded
 .text.ip_reass_free_complete_datagram
                0x000000001000dfbc       0xb8 CMakeFiles/pico_webserver.dir/pico-sdk/lib/lwip/src/core/ipv4/ip4_frag.c.obj
 .text.ip_reass_remove_oldest_datagram
                0x000000001000e074       0xd8 CMakeFiles/pico_webserver.dir/pico-sdk/lib/lwip/src/core/ipv4/ip4_frag.c.obj
 .text.ipfrag_free_pbuf_custom
                0x000000001000e14c       0x18 CMakeFiles/pico_webserver.dir/pico-sdk/lib/lwip/src/core/ipv4/ip4_frag.c.obj
 .text.ip_reass_tmr
                0x000000001000e164       0x38 CMakeFiles/pico_webserver.dir/pico-sdk/lib/lwip/src/core/ipv4/ip4_frag.c.obj
                0x000000001000e164                ip_reass_tmr
 .text.ip4_reass
                0x000000001000e19c      0x510 CMakeFiles/pico_webserver.dir/pico-sdk/lib/lwip/src/core/ipv4/ip4_frag.c.obj
                0x000000001000e19c                ip4_reass
 .text.ip4_frag
                0x000000001000e6ac      0x1e8 CMakeFiles/pico_webserver.dir/pico-sdk/lib/lwip/src/core/ipv4/ip4_frag.c.obj
                0x000000001000e6ac                ip4_frag
 .text.ip4_route
                0x000000001000e894       0x80 CMakeFiles/pico_webserver.dir/pico-sdk/lib/lwip/src/core/ipv4/ip4.c.obj
                0x000000001000e894                ip4_route
 .text.ip4_input
                0x000000001000e914      0x2e8 CMakeFiles/pico_webserver.dir/pico-sdk/lib/lwip/src/core/ipv4/ip4.c.obj
                0x000000001000e914                ip4_input
 .text.ip4_output_if
                0x000000001000ebfc      0x168 CMakeFiles/pico_webserver.dir/pico-sdk/lib/lwip/src/core/ipv4/ip4.c.obj
                0x000000001000ebfc                ip4_output_if
 .text.ip4_output_if_src
                0x000000001000ed64      0x158 CMakeFiles/pico_webserver.dir/pico-sdk/lib/lwip/src/core/ipv4/ip4.c.obj
                0x000000001000ed64                ip4_output_if_src
 .text.ip4_addr_isbroadcast_u32
                0x000000001000eebc       0x3c CMakeFiles/pico_webserver.dir/pico-sdk/lib/lwip/src/core/ipv4/ip4_addr.c.obj
                0x000000001000eebc                ip4_addr_isbroadcast_u32
 .text.acd_add  0x000000001000eef8       0x24 CMakeFiles/pico_webserver.dir/pico-sdk/lib/lwip/src/core/ipv4/acd.c.obj
                0x000000001000eef8                acd_add
 .text.acd_remove
                0x000000001000ef1c       0x28 CMakeFiles/pico_webserver.dir/pico-sdk/lib/lwip/src/core/ipv4/acd.c.obj
                0x000000001000ef1c                acd_remove
 .text.acd_start
                0x000000001000ef44       0x38 CMakeFiles/pico_webserver.dir/pico-sdk/lib/lwip/src/core/ipv4/acd.c.obj
                0x000000001000ef44                acd_start
 .text.acd_tmr  0x000000001000ef7c      0x110 CMakeFiles/pico_webserver.dir/pico-sdk/lib/lwip/src/core/ipv4/acd.c.obj
                0x000000001000ef7c                acd_tmr
 .text.acd_arp_reply
                0x000000001000f08c       0xf4 CMakeFiles/pico_webserver.dir/pico-sdk/lib/lwip/src/core/ipv4/acd.c.obj
                0x000000001000f08c                acd_arp_reply
 .text.acd_netif_ip_addr_changed
                0x000000001000f180       0x8c CMakeFiles/pico_webserver.dir/pico-sdk/lib/lwip/src/core/ipv4/acd.c.obj
                0x000000001000f180                acd_netif_ip_addr_changed
 .text.ethernet_input
                0x000000001000f20c       0xd0 CMakeFiles/pico_webserver.dir/pico-sdk/lib/lwip/src/netif/ethernet.c.obj
                0x000000001000f20c                ethernet_input
 .text.ethernet_output
                0x000000001000f2dc       0x64 CMakeFiles/pico_webserver.dir/pico-sdk/lib/lwip/src/netif/ethernet.c.obj
                0x000000001000f2dc                ethernet_output
 .text.fs_open  0x000000001000f340       0x4c CMakeFiles/pico_webserver.dir/pico-sdk/lib/lwip/src/apps/http/fs.c.obj
                0x000000001000f340                fs_open
 .text.fs_close
                0x000000001000f38c        0x4 CMakeFiles/pico_webserver.dir/pico-sdk/lib/lwip/src/apps/http/fs.c.obj
                0x000000001000f38c                fs_close
 .text.fs_bytes_left
                0x000000001000f390        0x8 CMakeFiles/pico_webserver.dir/pico-sdk/lib/lwip/src/apps/http/fs.c.obj
                0x000000001000f390                fs_bytes_left
 .text.http_accept
                0x000000001000f398       0x74 CMakeFiles/pico_webserver.dir/pico-sdk/lib/lwip/src/apps/http/httpd.c.obj
 .text.http_close_or_abort_conn.constprop.0.isra.0
                0x000000001000f40c       0x80 CMakeFiles/pico_webserver.dir/pico-sdk/lib/lwip/src/apps/http/httpd.c.obj
 .text.http_err
                0x000000001000f48c       0x38 CMakeFiles/pico_webserver.dir/pico-sdk/lib/lwip/src/apps/http/httpd.c.obj
 .text.http_send_data_ssi
                0x000000001000f4c4      0x6e4 CMakeFiles/pico_webserver.dir/pico-sdk/lib/lwip/src/apps/http/httpd.c.obj
 .text.http_recv
                0x000000001000fba8      0x648 CMakeFiles/pico_webserver.dir/pico-sdk/lib/lwip/src/apps/http/httpd.c.obj
 .text.http_sent
                0x00000000100101f0      0x100 CMakeFiles/pico_webserver.dir/pico-sdk/lib/lwip/src/apps/http/httpd.c.obj
 .text.http_poll
                0x00000000100102f0      0x180 CMakeFiles/pico_webserver.dir/pico-sdk/lib/lwip/src/apps/http/httpd.c.obj
 .text.httpd_init
                0x0000000010010470       0x34 CMakeFiles/pico_webserver.dir/pico-sdk/lib/lwip/src/apps/http/httpd.c.obj
                0x0000000010010470                httpd_init
 .text.http_set_cgi_handlers
                0x00000000100104a4       0x14 CMakeFiles/pico_webserver.dir/pico-sdk/lib/lwip/src/apps/http/httpd.c.obj
                0x00000000100104a4                http_set_cgi_handlers
 .text          0x00000000100104b8       0xc0 /usr/lib/gcc/arm-none-eabi/10.3.1/../../../arm-none-eabi/lib/thumb/v6-m/nofp/libc.a(lib_a-strchr.o)
                0x00000000100104b8                strchr
 .text          0x0000000010010578       0x88 /usr/lib/gcc/arm-none-eabi/10.3.1/../../../arm-none-eabi/lib/thumb/v6-m/nofp/libc.a(lib_a-strcmp.o)
                0x0000000010010578                strcmp
 .text          0x0000000010010600       0x5c /usr/lib/gcc/arm-none-eabi/10.3.1/../../../arm-none-eabi/lib/thumb/v6-m/nofp/libc.a(lib_a-strlen-stub.o)
                0x0000000010010600                strlen
 .text          0x000000001001065c       0x74 /usr/lib/gcc/arm-none-eabi/10.3.1/../../../arm-none-eabi/lib/thumb/v6-m/nofp/libc.a(lib_a-strncmp.o)
                0x000000001001065c                strncmp
 *(.fini)
 .fini          0x00000000100106d0        0x4 /usr/lib/gcc/arm-none-eabi/10.3.1/thumb/v6-m/nofp/crti.o
                0x00000000100106d0                _fini
 *fill*         0x00000000100106d4        0x4 
 .fini.__stub   0x00000000100106d8       0xd0 linker stubs
 *crtbegin.o(.ctors)
 *crtbegin?.o(.ctors)
 *(EXCLUDE_FILE(*crtend.o *crtend?.o) .ctors)
 *(SORT_BY_NAME(.ctors.*))
 *(.ctors)
 *crtbegin.o(.dtors)
 *crtbegin?.o(.dtors)
 *(EXCLUDE_FILE(*crtend.o *crtend?.o) .dtors)
 *(SORT_BY_NAME(.dtors.*))
 *(.dtors)
 *(.eh_frame*)
 .eh_frame      0x00000000100107a8        0x0 /usr/lib/gcc/arm-none-eabi/10.3.1/thumb/v6-m/nofp/crtbegin.o
                0x00000000100107a8                . = ALIGN (0x4)

.glue_7         0x00000000100107a8        0x0
 .glue_7        0x00000000100107a8        0x0 linker stubs

.glue_7t        0x00000000100107a8        0x0
 .glue_7t       0x00000000100107a8        0x0 linker stubs

.vfp11_veneer   0x00000000100107a8        0x0
 .vfp11_veneer  0x00000000100107a8        0x0 linker stubs

.v4_bx          0x00000000100107a8        0x0
 .v4_bx         0x00000000100107a8        0x0 linker stubs

.iplt           0x00000000100107a8        0x0
 .iplt          0x00000000100107a8        0x0 /usr/lib/gcc/arm-none-eabi/10.3.1/thumb/v6-m/nofp/crtbegin.o

.rodata         0x00000000100107a8    0x24b4c
 *(EXCLUDE_FILE(*libm.a: *libc.a:*lib_a-mem*.o *libgcc.a:) .rodata*)
 .rodata.cgi_toggle_led.str1.4
                0x00000000100107a8        0xc CMakeFiles/pico_webserver.dir/webserver.c.obj
 .rodata.str1.4
                0x00000000100107b4       0x1c CMakeFiles/pico_webserver.dir/webserver.c.obj
 .rodata.cgi_handlers
                0x00000000100107d0       0x10 CMakeFiles/pico_webserver.dir/webserver.c.obj
 .rodata.init_lwip.str1.4
                0x00000000100107e0        0x6 CMakeFiles/pico_webserver.dir/tusb_lwip_glue.c.obj
 .rodata.str1.4
                0x00000000100107e6        0x6 CMakeFiles/pico_webserver.dir/tusb_lwip_glue.c.obj
                                          0x1 (size before relaxing)
 *fill*         0x00000000100107e6        0x2 
 .rodata.dhcp_config
                0x00000000100107e8       0x18 CMakeFiles/pico_webserver.dir/tusb_lwip_glue.c.obj
 .rodata.gateway
                0x0000000010010800        0x4 CMakeFiles/pico_webserver.dir/tusb_lwip_glue.c.obj
 .rodata.ipaddr
                0x0000000010010804        0x4 CMakeFiles/pico_webserver.dir/tusb_lwip_glue.c.obj
 .rodata.netmask
                0x0000000010010808        0x4 CMakeFiles/pico_webserver.dir/tusb_lwip_glue.c.obj
 .rodata.tud_network_mac_address
                0x000000001001080c        0x6 CMakeFiles/pico_webserver.dir/tusb_lwip_glue.c.obj
                0x000000001001080c                tud_network_mac_address
 *fill*         0x0000000010010812        0x2 
 .rodata.tud_descriptor_string_cb.str1.4
                0x0000000010010814       0x11 CMakeFiles/pico_webserver.dir/usb_descriptors.c.obj
 *fill*         0x0000000010010825        0x3 
 .rodata.str1.4
                0x0000000010010828       0x3e CMakeFiles/pico_webserver.dir/usb_descriptors.c.obj
 *fill*         0x0000000010010866        0x2 
 .rodata.__compound_literal.0
                0x0000000010010868        0x2 CMakeFiles/pico_webserver.dir/usb_descriptors.c.obj
 *fill*         0x000000001001086a        0x2 
 .rodata.configuration_arr
                0x000000001001086c        0x8 CMakeFiles/pico_webserver.dir/usb_descriptors.c.obj
 .rodata.desc_device
                0x0000000010010874       0x12 CMakeFiles/pico_webserver.dir/usb_descriptors.c.obj
                0x0000000010010874                desc_device
 *fill*         0x0000000010010886        0x2 
 .rodata.ecm_configuration
                0x0000000010010888       0x58 CMakeFiles/pico_webserver.dir/usb_descriptors.c.obj
 .rodata.rndis_configuration
                0x00000000100108e0       0x4b CMakeFiles/pico_webserver.dir/usb_descriptors.c.obj
 *fill*         0x000000001001092b        0x1 
 .rodata.string_desc_arr
                0x000000001001092c       0x14 CMakeFiles/pico_webserver.dir/usb_descriptors.c.obj
 .rodata        0x0000000010010940        0x6 CMakeFiles/pico_webserver.dir/pico-sdk/lib/tinyusb/lib/networking/dhserver.c.obj
 .rodata.rndis_class_set_handler.str1.4
                0x0000000010010946        0x8 CMakeFiles/pico_webserver.dir/pico-sdk/lib/tinyusb/lib/networking/rndis_reports.c.obj
 *fill*         0x0000000010010946        0x2 
 .rodata.rndis_class_set_handler
                0x0000000010010948       0x90 CMakeFiles/pico_webserver.dir/pico-sdk/lib/tinyusb/lib/networking/rndis_reports.c.obj
 .rodata.OIDSupportedList
                0x00000000100109d8       0x58 CMakeFiles/pico_webserver.dir/pico-sdk/lib/tinyusb/lib/networking/rndis_reports.c.obj
 .rodata.spin_lock_claim_unused.str1.4
                0x0000000010010a30       0x1b CMakeFiles/pico_webserver.dir/pico-sdk/src/rp2_common/hardware_sync/sync.c.obj
 *fill*         0x0000000010010a4b        0x1 
 .rodata.hardware_alarm_claim.str1.4
                0x0000000010010a4c       0x22 CMakeFiles/pico_webserver.dir/pico-sdk/src/rp2_common/hardware_timer/timer.c.obj
 *fill*         0x0000000010010a6e        0x2 
 .rodata.panic.str1.4
                0x0000000010010a70       0x12 CMakeFiles/pico_webserver.dir/pico-sdk/src/rp2_common/pico_runtime/runtime.c.obj
 *fill*         0x0000000010010a82        0x2 
 .rodata.hard_assertion_failure.str1.4
                0x0000000010010a84        0xc CMakeFiles/pico_webserver.dir/pico-sdk/src/rp2_common/pico_runtime/runtime.c.obj
 .rodata.missing_double_func_shim.str1.4
                0x0000000010010a90       0x18 CMakeFiles/pico_webserver.dir/pico-sdk/src/rp2_common/pico_double/double_init_rom.c.obj
 .rodata.missing_float_func_shim.str1.4
                0x0000000010010aa8        0x1 CMakeFiles/pico_webserver.dir/pico-sdk/src/rp2_common/pico_float/float_init_rom.c.obj
 .rodata.str1.4
                0x0000000010010aa8       0x44 CMakeFiles/pico_webserver.dir/pico-sdk/src/rp2_common/pico_standard_link/binary_info.c.obj
 .rodata.__bi_44
                0x0000000010010aec        0xc CMakeFiles/pico_webserver.dir/pico-sdk/src/rp2_common/pico_standard_link/binary_info.c.obj
 .rodata.__bi_75
                0x0000000010010af8        0xc CMakeFiles/pico_webserver.dir/pico-sdk/src/rp2_common/pico_standard_link/binary_info.c.obj
 .rodata.__bi_81
                0x0000000010010b04        0xc CMakeFiles/pico_webserver.dir/pico-sdk/src/rp2_common/pico_standard_link/binary_info.c.obj
 .rodata.crlf_str.0
                0x0000000010010b10        0x2 CMakeFiles/pico_webserver.dir/pico-sdk/src/rp2_common/pico_stdio/stdio.c.obj
 *fill*         0x0000000010010b12        0x2 
 .rodata.str1.4
                0x0000000010010b14       0x14 CMakeFiles/pico_webserver.dir/pico-sdk/lib/tinyusb/src/portable/raspberrypi/rp2040/dcd_rp2040.c.obj
 .rodata.str1.4
                0x0000000010010b28       0x53 CMakeFiles/pico_webserver.dir/pico-sdk/lib/tinyusb/src/portable/raspberrypi/rp2040/rp2040_usb.c.obj
 *fill*         0x0000000010010b7b        0x1 
 .rodata.tud_task_ext
                0x0000000010010b7c       0x8c CMakeFiles/pico_webserver.dir/pico-sdk/lib/tinyusb/src/device/usbd.c.obj
 .rodata._usbd_driver
                0x0000000010010c08       0x18 CMakeFiles/pico_webserver.dir/pico-sdk/lib/tinyusb/src/device/usbd.c.obj
 .rodata.memp_FRAG_PBUF
                0x0000000010010c20       0x10 CMakeFiles/pico_webserver.dir/pico-sdk/lib/lwip/src/core/memp.c.obj
                0x0000000010010c20                memp_FRAG_PBUF
 .rodata.memp_PBUF
                0x0000000010010c30       0x10 CMakeFiles/pico_webserver.dir/pico-sdk/lib/lwip/src/core/memp.c.obj
                0x0000000010010c30                memp_PBUF
 .rodata.memp_PBUF_POOL
                0x0000000010010c40       0x10 CMakeFiles/pico_webserver.dir/pico-sdk/lib/lwip/src/core/memp.c.obj
                0x0000000010010c40                memp_PBUF_POOL
 .rodata.memp_RAW_PCB
                0x0000000010010c50       0x10 CMakeFiles/pico_webserver.dir/pico-sdk/lib/lwip/src/core/memp.c.obj
                0x0000000010010c50                memp_RAW_PCB
 .rodata.memp_REASSDATA
                0x0000000010010c60       0x10 CMakeFiles/pico_webserver.dir/pico-sdk/lib/lwip/src/core/memp.c.obj
                0x0000000010010c60                memp_REASSDATA
 .rodata.memp_SYS_TIMEOUT
                0x0000000010010c70       0x10 CMakeFiles/pico_webserver.dir/pico-sdk/lib/lwip/src/core/memp.c.obj
                0x0000000010010c70                memp_SYS_TIMEOUT
 .rodata.memp_TCP_PCB
                0x0000000010010c80       0x10 CMakeFiles/pico_webserver.dir/pico-sdk/lib/lwip/src/core/memp.c.obj
                0x0000000010010c80                memp_TCP_PCB
 .rodata.memp_TCP_PCB_LISTEN
                0x0000000010010c90       0x10 CMakeFiles/pico_webserver.dir/pico-sdk/lib/lwip/src/core/memp.c.obj
                0x0000000010010c90                memp_TCP_PCB_LISTEN
 .rodata.memp_TCP_SEG
                0x0000000010010ca0       0x10 CMakeFiles/pico_webserver.dir/pico-sdk/lib/lwip/src/core/memp.c.obj
                0x0000000010010ca0                memp_TCP_SEG
 .rodata.memp_UDP_PCB
                0x0000000010010cb0       0x10 CMakeFiles/pico_webserver.dir/pico-sdk/lib/lwip/src/core/memp.c.obj
                0x0000000010010cb0                memp_UDP_PCB
 .rodata.memp_pools
                0x0000000010010cc0       0x28 CMakeFiles/pico_webserver.dir/pico-sdk/lib/lwip/src/core/memp.c.obj
                0x0000000010010cc0                memp_pools
 .rodata.tcp_backoff
                0x0000000010010ce8        0xd CMakeFiles/pico_webserver.dir/pico-sdk/lib/lwip/src/core/tcp.c.obj
 *fill*         0x0000000010010cf5        0x3 
 .rodata.tcp_pcb_lists
                0x0000000010010cf8       0x10 CMakeFiles/pico_webserver.dir/pico-sdk/lib/lwip/src/core/tcp.c.obj
                0x0000000010010cf8                tcp_pcb_lists
 .rodata.tcp_persist_backoff
                0x0000000010010d08        0x7 CMakeFiles/pico_webserver.dir/pico-sdk/lib/lwip/src/core/tcp.c.obj
 *fill*         0x0000000010010d0f        0x1 
 .rodata.tcp_input
                0x0000000010010d10       0x28 CMakeFiles/pico_webserver.dir/pico-sdk/lib/lwip/src/core/tcp_in.c.obj
 .rodata.lwip_cyclic_timers
                0x0000000010010d38       0x30 CMakeFiles/pico_webserver.dir/pico-sdk/lib/lwip/src/core/timeouts.c.obj
                0x0000000010010d38                lwip_cyclic_timers
 .rodata.dhcp_recv
                0x0000000010010d68      0x1e0 CMakeFiles/pico_webserver.dir/pico-sdk/lib/lwip/src/core/ipv4/dhcp.c.obj
 .rodata.ip_addr_any
                0x0000000010010f48        0x4 CMakeFiles/pico_webserver.dir/pico-sdk/lib/lwip/src/core/ipv4/ip4_addr.c.obj
                0x0000000010010f48                ip_addr_any
 .rodata.ip_addr_broadcast
                0x0000000010010f4c        0x4 CMakeFiles/pico_webserver.dir/pico-sdk/lib/lwip/src/core/ipv4/ip4_addr.c.obj
                0x0000000010010f4c                ip_addr_broadcast
 .rodata.ethbroadcast
                0x0000000010010f50        0x6 CMakeFiles/pico_webserver.dir/pico-sdk/lib/lwip/src/netif/ethernet.c.obj
                0x0000000010010f50                ethbroadcast
 *fill*         0x0000000010010f56        0x2 
 .rodata.ethzero
                0x0000000010010f58        0x6 CMakeFiles/pico_webserver.dir/pico-sdk/lib/lwip/src/netif/ethernet.c.obj
                0x0000000010010f58                ethzero
 *fill*         0x0000000010010f5e        0x2 
 .rodata.data_cgi_html
                0x0000000010010f60      0x2fc CMakeFiles/pico_webserver.dir/pico-sdk/lib/lwip/src/apps/http/fs.c.obj
 .rodata.data_index_html
                0x000000001001125c      0x35d CMakeFiles/pico_webserver.dir/pico-sdk/lib/lwip/src/apps/http/fs.c.obj
 *fill*         0x00000000100115b9        0x3 
 .rodata.data_pico_png
                0x00000000100115bc    0x2363f CMakeFiles/pico_webserver.dir/pico-sdk/lib/lwip/src/apps/http/fs.c.obj
 *fill*         0x0000000010034bfb        0x1 
 .rodata.data_ssi_cgi_shtml
                0x0000000010034bfc      0x3df CMakeFiles/pico_webserver.dir/pico-sdk/lib/lwip/src/apps/http/fs.c.obj
 *fill*         0x0000000010034fdb        0x1 
 .rodata.data_ssi_shtml
                0x0000000010034fdc      0x193 CMakeFiles/pico_webserver.dir/pico-sdk/lib/lwip/src/apps/http/fs.c.obj
 *fill*         0x000000001003516f        0x1 
 .rodata.file_cgi_html
                0x0000000010035170       0x14 CMakeFiles/pico_webserver.dir/pico-sdk/lib/lwip/src/apps/http/fs.c.obj
                0x0000000010035170                file_cgi_html
 .rodata.file_index_html
                0x0000000010035184       0x14 CMakeFiles/pico_webserver.dir/pico-sdk/lib/lwip/src/apps/http/fs.c.obj
                0x0000000010035184                file_index_html
 .rodata.file_pico_png
                0x0000000010035198       0x14 CMakeFiles/pico_webserver.dir/pico-sdk/lib/lwip/src/apps/http/fs.c.obj
                0x0000000010035198                file_pico_png
 .rodata.file_ssi_cgi_shtml
                0x00000000100351ac       0x14 CMakeFiles/pico_webserver.dir/pico-sdk/lib/lwip/src/apps/http/fs.c.obj
                0x00000000100351ac                file_ssi_cgi_shtml
 .rodata.file_ssi_shtml
                0x00000000100351c0       0x14 CMakeFiles/pico_webserver.dir/pico-sdk/lib/lwip/src/apps/http/fs.c.obj
                0x00000000100351c0                file_ssi_shtml
 .rodata.http_send_data_ssi.str1.4
                0x00000000100351d4       0x1c CMakeFiles/pico_webserver.dir/pico-sdk/lib/lwip/src/apps/http/httpd.c.obj
 .rodata.http_send_data_ssi
                0x00000000100351f0       0x14 CMakeFiles/pico_webserver.dir/pico-sdk/lib/lwip/src/apps/http/httpd.c.obj
 .rodata.http_recv.str1.4
                0x0000000010035204       0x39 CMakeFiles/pico_webserver.dir/pico-sdk/lib/lwip/src/apps/http/httpd.c.obj
 *fill*         0x000000001003523d        0x3 
 .rodata.str1.4
                0x0000000010035240       0x66 CMakeFiles/pico_webserver.dir/pico-sdk/lib/lwip/src/apps/http/httpd.c.obj
                                         0x7a (size before relaxing)
 *fill*         0x00000000100352a6        0x2 
 .rodata.g_pcSSIExtensions
                0x00000000100352a8       0x14 CMakeFiles/pico_webserver.dir/pico-sdk/lib/lwip/src/apps/http/httpd.c.obj
 .rodata.http_ssi_tag_desc
                0x00000000100352bc       0x10 CMakeFiles/pico_webserver.dir/pico-sdk/lib/lwip/src/apps/http/httpd.c.obj
                0x00000000100352bc                http_ssi_tag_desc
 .rodata.httpd_default_filenames
                0x00000000100352cc       0x28 CMakeFiles/pico_webserver.dir/pico-sdk/lib/lwip/src/apps/http/httpd.c.obj
                0x00000000100352f4                . = ALIGN (0x4)
 *(SORT_BY_ALIGNMENT(SORT_BY_NAME(.flashdata*)))
                0x00000000100352f4                . = ALIGN (0x4)

.ARM.extab
 *(.ARM.extab* .gnu.linkonce.armextab.*)
                0x00000000100352f4                __exidx_start = .

.ARM.exidx
 *(.ARM.exidx* .gnu.linkonce.armexidx.*)
                0x00000000100352f4                __exidx_end = .
                0x00000000100352f4                . = ALIGN (0x4)
                0x00000000100352f4                __binary_info_start = .

.binary_info    0x00000000100352f4       0x1c
 *(.binary_info.keep.*)
 .binary_info.keep.__bi_ptr22
                0x00000000100352f4        0x4 CMakeFiles/pico_webserver.dir/pico-sdk/src/rp2_common/pico_standard_link/binary_info.c.obj
 .binary_info.keep.__bi_ptr30
                0x00000000100352f8        0x4 CMakeFiles/pico_webserver.dir/pico-sdk/src/rp2_common/pico_standard_link/binary_info.c.obj
 .binary_info.keep.__bi_ptr38
                0x00000000100352fc        0x4 CMakeFiles/pico_webserver.dir/pico-sdk/src/rp2_common/pico_standard_link/binary_info.c.obj
 .binary_info.keep.__bi_ptr44
                0x0000000010035300        0x4 CMakeFiles/pico_webserver.dir/pico-sdk/src/rp2_common/pico_standard_link/binary_info.c.obj
 .binary_info.keep.__bi_ptr50
                0x0000000010035304        0x4 CMakeFiles/pico_webserver.dir/pico-sdk/src/rp2_common/pico_standard_link/binary_info.c.obj
 .binary_info.keep.__bi_ptr75
                0x0000000010035308        0x4 CMakeFiles/pico_webserver.dir/pico-sdk/src/rp2_common/pico_standard_link/binary_info.c.obj
 .binary_info.keep.__bi_ptr81
                0x000000001003530c        0x4 CMakeFiles/pico_webserver.dir/pico-sdk/src/rp2_common/pico_standard_link/binary_info.c.obj
 *(.binary_info.*)
                0x0000000010035310                __binary_info_end = .

.rel.dyn        0x0000000010035310        0x0
 .rel.iplt      0x0000000010035310        0x0 /usr/lib/gcc/arm-none-eabi/10.3.1/thumb/v6-m/nofp/crtbegin.o
                0x0000000010035310                . = ALIGN (0x4)

.ram_vector_table
                0x0000000020000000       0xc0
 *(.ram_vector_table)
 .ram_vector_table
                0x0000000020000000       0xc0 CMakeFiles/pico_webserver.dir/pico-sdk/src/rp2_common/pico_runtime/runtime.c.obj
                0x0000000020000000                ram_vector_table

.data           0x00000000200000c0      0xe84 load address 0x0000000010035310
                0x00000000200000c0                __data_start__ = .
 *(vtable)
 *(.time_critical*)
 .time_critical.mutex_try_enter_block_until
                0x00000000200000c0       0x9c CMakeFiles/pico_webserver.dir/pico-sdk/src/common/pico_sync/mutex.c.obj
                0x00000000200000c0                mutex_try_enter_block_until
 .time_critical.mutex_enter_timeout_ms
                0x000000002000015c       0x90 CMakeFiles/pico_webserver.dir/pico-sdk/src/common/pico_sync/mutex.c.obj
                0x000000002000015c                mutex_enter_timeout_ms
 .time_critical.mutex_exit
                0x00000000200001ec       0x28 CMakeFiles/pico_webserver.dir/pico-sdk/src/common/pico_sync/mutex.c.obj
                0x00000000200001ec                mutex_exit
 .time_critical.flash_init_boot2_copyout
                0x0000000020000214       0x30 CMakeFiles/pico_webserver.dir/pico-sdk/src/rp2_common/hardware_flash/flash.c.obj
 .time_critical.flash_enable_xip_via_boot2
                0x0000000020000244       0x10 CMakeFiles/pico_webserver.dir/pico-sdk/src/rp2_common/hardware_flash/flash.c.obj
 .time_critical.flash_cs_force
                0x0000000020000254       0x38 CMakeFiles/pico_webserver.dir/pico-sdk/src/rp2_common/hardware_flash/flash.c.obj
 .time_critical.flash_do_cmd
                0x000000002000028c       0xc4 CMakeFiles/pico_webserver.dir/pico-sdk/src/rp2_common/hardware_flash/flash.c.obj
                0x000000002000028c                flash_do_cmd
 .time_critical.reset_non_control_endpoints
                0x0000000020000350       0xbc CMakeFiles/pico_webserver.dir/pico-sdk/lib/tinyusb/src/portable/raspberrypi/rp2040/dcd_rp2040.c.obj
 .time_critical.hw_handle_buff_status
                0x000000002000040c       0xa8 CMakeFiles/pico_webserver.dir/pico-sdk/lib/tinyusb/src/portable/raspberrypi/rp2040/dcd_rp2040.c.obj
 .time_critical.dcd_rp2040_irq
                0x00000000200004b4      0x4d8 CMakeFiles/pico_webserver.dir/pico-sdk/lib/tinyusb/src/portable/raspberrypi/rp2040/dcd_rp2040.c.obj
 .time_critical.e15_is_bulkin_ep
                0x000000002000098c       0x28 CMakeFiles/pico_webserver.dir/pico-sdk/lib/tinyusb/src/portable/raspberrypi/rp2040/rp2040_usb.c.obj
 .time_critical.e15_is_critical_frame_period
                0x00000000200009b4       0x34 CMakeFiles/pico_webserver.dir/pico-sdk/lib/tinyusb/src/portable/raspberrypi/rp2040/rp2040_usb.c.obj
 .time_critical.prepare_ep_buffer
                0x00000000200009e8       0x70 CMakeFiles/pico_webserver.dir/pico-sdk/lib/tinyusb/src/portable/raspberrypi/rp2040/rp2040_usb.c.obj
 .time_critical.sync_ep_buffer
                0x0000000020000a58       0x4c CMakeFiles/pico_webserver.dir/pico-sdk/lib/tinyusb/src/portable/raspberrypi/rp2040/rp2040_usb.c.obj
 .time_critical._hw_endpoint_xfer_sync
                0x0000000020000aa4       0x28 CMakeFiles/pico_webserver.dir/pico-sdk/lib/tinyusb/src/portable/raspberrypi/rp2040/rp2040_usb.c.obj
 .time_critical.hw_endpoint_reset_transfer
                0x0000000020000acc        0xc CMakeFiles/pico_webserver.dir/pico-sdk/lib/tinyusb/src/portable/raspberrypi/rp2040/rp2040_usb.c.obj
                0x0000000020000acc                hw_endpoint_reset_transfer
 .time_critical._hw_endpoint_buffer_control_update32
                0x0000000020000ad8       0x58 CMakeFiles/pico_webserver.dir/pico-sdk/lib/tinyusb/src/portable/raspberrypi/rp2040/rp2040_usb.c.obj
                0x0000000020000ad8                _hw_endpoint_buffer_control_update32
 .time_critical.hw_endpoint_start_next_buffer
                0x0000000020000b30       0x6c CMakeFiles/pico_webserver.dir/pico-sdk/lib/tinyusb/src/portable/raspberrypi/rp2040/rp2040_usb.c.obj
                0x0000000020000b30                hw_endpoint_start_next_buffer
 .time_critical.hw_endpoint_xfer_continue
                0x0000000020000b9c       0x50 CMakeFiles/pico_webserver.dir/pico-sdk/lib/tinyusb/src/portable/raspberrypi/rp2040/rp2040_usb.c.obj
                0x0000000020000b9c                hw_endpoint_xfer_continue
 .time_critical.tinyusb
                0x0000000020000bec      0x170 CMakeFiles/pico_webserver.dir/pico-sdk/lib/tinyusb/src/device/usbd.c.obj
                0x0000000020000bec                dcd_event_handler
 *(.text*)
 .text          0x0000000020000d5c        0x4 /usr/lib/gcc/arm-none-eabi/10.3.1/thumb/v6-m/nofp/libgcc.a(_dvmd_tls.o)
                0x0000000020000d5c                __aeabi_ldiv0
                0x0000000020000d5c                __aeabi_idiv0
 .text          0x0000000020000d60       0x48 /usr/lib/gcc/arm-none-eabi/10.3.1/../../../arm-none-eabi/lib/thumb/v6-m/nofp/libc.a(lib_a-memcmp.o)
                0x0000000020000d60                memcmp
 .text.__stub   0x0000000020000da8       0x70 linker stubs
                0x0000000020000e18                . = ALIGN (0x4)
 *(.rodata*)
                0x0000000020000e18                . = ALIGN (0x4)
 *(.data*)
 .data.entries  0x0000000020000e18       0x30 CMakeFiles/pico_webserver.dir/tusb_lwip_glue.c.obj
 .data.magic_cookie
                0x0000000020000e48        0x4 CMakeFiles/pico_webserver.dir/pico-sdk/lib/tinyusb/lib/networking/dhserver.c.obj
                0x0000000020000e48                magic_cookie
 .data.ndis_report
                0x0000000020000e4c        0x8 CMakeFiles/pico_webserver.dir/pico-sdk/lib/tinyusb/lib/networking/rndis_reports.c.obj
 .data.striped_spin_lock_num
                0x0000000020000e54        0x1 CMakeFiles/pico_webserver.dir/pico-sdk/src/rp2_common/hardware_sync/sync.c.obj
 *fill*         0x0000000020000e55        0x3 
 .data          0x0000000020000e58       0x48 CMakeFiles/pico_webserver.dir/pico-sdk/src/rp2_common/hardware_irq/irq_handler_chain.S.obj
                0x0000000020000e58                irq_handler_chain_slots
                0x0000000020000e88                irq_handler_chain_first_slot
                0x0000000020000e92                irq_handler_chain_remove_tail
 .data.default_alarm_pool
                0x0000000020000ea0       0x18 CMakeFiles/pico_webserver.dir/pico-sdk/src/common/pico_time/time.c.obj
 .data.default_alarm_pool_heap
                0x0000000020000eb8       0x10 CMakeFiles/pico_webserver.dir/pico-sdk/src/common/pico_time/time.c.obj
 *fill*         0x0000000020000ec8        0x8 
 .data.aeabi_bits_funcs
                0x0000000020000ed0       0x10 CMakeFiles/pico_webserver.dir/pico-sdk/src/rp2_common/pico_bit_ops/bit_ops_aeabi.S.obj
                0x0000000020000ed0                aeabi_bits_funcs
                0x0000000020000ee0                aeabi_bits_funcs_end
 .data.aeabi_mem_funcs
                0x0000000020000ee0       0x10 CMakeFiles/pico_webserver.dir/pico-sdk/src/rp2_common/pico_mem_ops/mem_ops_aeabi.S.obj
                0x0000000020000ee0                aeabi_mem_funcs
                0x0000000020000ef0                aeabi_mem_funcs_end
 .data.ep_dir_string
                0x0000000020000ef0        0x8 CMakeFiles/pico_webserver.dir/pico-sdk/lib/tinyusb/src/portable/raspberrypi/rp2040/rp2040_usb.c.obj
                0x0000000020000ef0                ep_dir_string
 .data._usbd_qdef
                0x0000000020000ef8       0x1c CMakeFiles/pico_webserver.dir/pico-sdk/lib/tinyusb/src/device/usbd.c.obj
                0x0000000020000ef8                _usbd_qdef
 .data._usbd_rhport
                0x0000000020000f14        0x1 CMakeFiles/pico_webserver.dir/pico-sdk/lib/tinyusb/src/device/usbd.c.obj
 *fill*         0x0000000020000f15        0x3 
 .data.iss.0    0x0000000020000f18        0x4 CMakeFiles/pico_webserver.dir/pico-sdk/lib/lwip/src/core/tcp.c.obj
 .data.tcp_port
                0x0000000020000f1c        0x2 CMakeFiles/pico_webserver.dir/pico-sdk/lib/lwip/src/core/tcp.c.obj
 .data.udp_port
                0x0000000020000f1e        0x2 CMakeFiles/pico_webserver.dir/pico-sdk/lib/lwip/src/core/udp.c.obj
 .data.xid.0    0x0000000020000f20        0x4 CMakeFiles/pico_webserver.dir/pico-sdk/lib/lwip/src/core/ipv4/dhcp.c.obj
                0x0000000020000f24                . = ALIGN (0x4)
 *(.after_data.*)
                0x0000000020000f24                . = ALIGN (0x4)
                0x0000000020000f24                PROVIDE (__mutex_array_start = .)
 *(SORT_BY_NAME(.mutex_array.*))
 *(.mutex_array)
 .mutex_array   0x0000000020000f24        0x8 CMakeFiles/pico_webserver.dir/pico-sdk/src/rp2_common/pico_stdio/stdio.c.obj
                0x0000000020000f2c                PROVIDE (__mutex_array_end = .)
                0x0000000020000f2c                . = ALIGN (0x4)
                0x0000000020000f2c                PROVIDE (__preinit_array_start = .)
 *(SORT_BY_NAME(.preinit_array.*))
 .preinit_array.00001
                0x0000000020000f2c        0x4 CMakeFiles/pico_webserver.dir/pico-sdk/src/rp2_common/pico_mem_ops/mem_ops_aeabi.S.obj
 .preinit_array.00010
                0x0000000020000f30        0x4 CMakeFiles/pico_webserver.dir/pico-sdk/src/rp2_common/pico_bit_ops/bit_ops_aeabi.S.obj
 .preinit_array.00020
                0x0000000020000f34        0x4 CMakeFiles/pico_webserver.dir/pico-sdk/src/rp2_common/pico_double/double_aeabi.S.obj
 .preinit_array.00020
                0x0000000020000f38        0x4 CMakeFiles/pico_webserver.dir/pico-sdk/src/rp2_common/pico_float/float_aeabi.S.obj
 *(.preinit_array)
                0x0000000020000f3c                PROVIDE (__preinit_array_end = .)
                0x0000000020000f3c                . = ALIGN (0x4)