Archive member included to satisfy reference by file (symbol)

liblwipcore.a(init.c.obj)     CMakeFiles/pico_webserver.dir/tusb_lwip_glue.c.obj (lwip_init)
liblwipcore.a(def.c.obj)      CMakeFiles/pico_webserver.dir/pico-sdk/lib/tinyusb/lib/networking/dnserver.c.obj (lwip_htons)
liblwipcore.a(mem.c.obj)      liblwipcore.a(init.c.obj) (mem_init)
liblwipcore.a(memp.c.obj)     liblwipcore.a(init.c.obj) (memp_init)
liblwipcore.a(netif.c.obj)    liblwipcore.a(init.c.obj) (netif_init)
liblwipcore.a(pbuf.c.obj)     CMakeFiles/pico_webserver.dir/tusb_lwip_glue.c.obj (pbuf_alloc)
liblwipcore.a(stats.c.obj)    liblwipcore.a(init.c.obj) (stats_init)
liblwipcore.a(tcp.c.obj)      liblwipcore.a(init.c.obj) (tcp_init)
liblwipcore.a(tcp_in.c.obj)   liblwipcore.a(tcp.c.obj) (tcp_trigger_input_pcb_close)
liblwipcore.a(tcp_out.c.obj)  liblwipcore.a(tcp.c.obj) (tcp_split_unsent_seg)
liblwipcore.a(timeouts.c.obj)
                              liblwipcore.a(tcp.c.obj) (tcp_timer_needed)
liblwipcore.a(udp.c.obj)      CMakeFiles/pico_webserver.dir/pico-sdk/lib/tinyusb/lib/networking/dhserver.c.obj (udp_init)
liblwipcore.a(etharp.c.obj)   liblwipcore.a(timeouts.c.obj) (etharp_tmr)
liblwipcore.a(ip4_frag.c.obj)
                              liblwipcore.a(timeouts.c.obj) (ip_reass_tmr)
liblwipcore.a(ip4.c.obj)      liblwipcore.a(tcp.c.obj) (ip4_route)
liblwipcore.a(ip4_addr.c.obj)
                              liblwipcore.a(tcp_in.c.obj) (ip4_addr_isbroadcast_u32)
liblwipcore.a(ethernet.c.obj)
                              CMakeFiles/pico_webserver.dir/tusb_lwip_glue.c.obj (ethernet_input)
liblwipcore.a(inet_chksum.c.obj)
                              liblwipcore.a(tcp_in.c.obj) (ip_chksum_pseudo)
liblwipcore.a(ip.c.obj)       liblwipcore.a(tcp_in.c.obj) (ip_data)
/usr/lib/gcc/arm-none-eabi/10.3.1/thumb/v6-m/nofp/libgcc.a(_dvmd_tls.o)
                              CMakeFiles/pico_webserver.dir/pico-sdk/src/rp2_common/pico_divider/divider.S.obj (__aeabi_idiv0)
/usr/lib/gcc/arm-none-eabi/10.3.1/../../../arm-none-eabi/lib/thumb/v6-m/nofp/libc.a(lib_a-atexit.o)
                              /usr/lib/gcc/arm-none-eabi/10.3.1/../../../arm-none-eabi/lib/thumb/v6-m/nofp/crt0.o (atexit)
/usr/lib/gcc/arm-none-eabi/10.3.1/../../../arm-none-eabi/lib/thumb/v6-m/nofp/libc.a(lib_a-atoi.o)
                              liblwipcore.a(netif.c.obj) (atoi)
/usr/lib/gcc/arm-none-eabi/10.3.1/../../../arm-none-eabi/lib/thumb/v6-m/nofp/libc.a(lib_a-calloc.o)
                              CMakeFiles/pico_webserver.dir/pico-sdk/src/rp2_common/pico_malloc/pico_malloc.c.obj (calloc)
/usr/lib/gcc/arm-none-eabi/10.3.1/../../../arm-none-eabi/lib/thumb/v6-m/nofp/libc.a(lib_a-callocr.o)
                              /usr/lib/gcc/arm-none-eabi/10.3.1/../../../arm-none-eabi/lib/thumb/v6-m/nofp/libc.a(lib_a-calloc.o) (_calloc_r)
/usr/lib/gcc/arm-none-eabi/10.3.1/../../../arm-none-eabi/lib/thumb/v6-m/nofp/libc.a(lib_a-ctype_.o)
                              liblwipcore.a(ip4_addr.c.obj) (_ctype_)
/usr/lib/gcc/arm-none-eabi/10.3.1/../../../arm-none-eabi/lib/thumb/v6-m/nofp/libc.a(lib_a-fini.o)
                              /usr/lib/gcc/arm-none-eabi/10.3.1/../../../arm-none-eabi/lib/thumb/v6-m/nofp/crt0.o (__libc_fini_array)
/usr/lib/gcc/arm-none-eabi/10.3.1/../../../arm-none-eabi/lib/thumb/v6-m/nofp/libc.a(lib_a-impure.o)
                              /usr/lib/gcc/arm-none-eabi/10.3.1/../../../arm-none-eabi/lib/thumb/v6-m/nofp/libc.a(lib_a-calloc.o) (_impure_ptr)
/usr/lib/gcc/arm-none-eabi/10.3.1/../../../arm-none-eabi/lib/thumb/v6-m/nofp/libc.a(lib_a-init.o)
                              /usr/lib/gcc/arm-none-eabi/10.3.1/../../../arm-none-eabi/lib/thumb/v6-m/nofp/crt0.o (__libc_init_array)
/usr/lib/gcc/arm-none-eabi/10.3.1/../../../arm-none-eabi/lib/thumb/v6-m/nofp/libc.a(lib_a-malloc.o)
                              CMakeFiles/pico_webserver.dir/pico-sdk/src/rp2_common/pico_malloc/pico_malloc.c.obj (malloc)
/usr/lib/gcc/arm-none-eabi/10.3.1/../../../arm-none-eabi/lib/thumb/v6-m/nofp/libc.a(lib_a-mallocr.o)
                              /usr/lib/gcc/arm-none-eabi/10.3.1/../../../arm-none-eabi/lib/thumb/v6-m/nofp/libc.a(lib_a-callocr.o) (_malloc_r)
/usr/lib/gcc/arm-none-eabi/10.3.1/../../../arm-none-eabi/lib/thumb/v6-m/nofp/libc.a(lib_a-memcmp.o)
                              CMakeFiles/pico_webserver.dir/pico-sdk/lib/tinyusb/lib/networking/dhserver.c.obj (memcmp)
/usr/lib/gcc/arm-none-eabi/10.3.1/../../../arm-none-eabi/lib/thumb/v6-m/nofp/libc.a(lib_a-memmove.o)
                              CMakeFiles/pico_webserver.dir/pico-sdk/lib/cyw43-driver/src/cyw43_ll.c.obj (memmove)
/usr/lib/gcc/arm-none-eabi/10.3.1/../../../arm-none-eabi/lib/thumb/v6-m/nofp/libc.a(lib_a-mlock.o)
                              /usr/lib/gcc/arm-none-eabi/10.3.1/../../../arm-none-eabi/lib/thumb/v6-m/nofp/libc.a(lib_a-mallocr.o) (__malloc_lock)
/usr/lib/gcc/arm-none-eabi/10.3.1/../../../arm-none-eabi/lib/thumb/v6-m/nofp/libc.a(lib_a-realloc.o)
[...]
Memory Configuration

Name             Origin             Length             Attributes
FLASH            0x0000000010000000 0x0000000000200000 xr
RAM              0x0000000020000000 0x0000000000040000 xrw
SCRATCH_X        0x0000000020040000 0x0000000000001000 xrw
SCRATCH_Y        0x0000000020041000 0x0000000000001000 xrw
*default*        0x0000000000000000 0xffffffffffffffff

Linker script and memory map

LOAD /usr/lib/gcc/arm-none-eabi/10.3.1/thumb/v6-m/nofp/crti.o
LOAD /usr/lib/gcc/arm-none-eabi/10.3.1/thumb/v6-m/nofp/crtbegin.o
LOAD /usr/lib/gcc/arm-none-eabi/10.3.1/../../../arm-none-eabi/lib/thumb/v6-m/nofp/crt0.o

.flash_begin    0x0000000010000000        0x0
                0x0000000010000000                __flash_binary_start = .

.boot2          0x0000000010000000      0x100
                0x0000000010000000                __boot2_start__ = .
 *(.boot2)
 .boot2         0x0000000010000000      0x100 /tmp/ccsoLGRw.o
                0x0000000010000100                __boot2_end__ = .
                0x0000000000000001                ASSERT (((__boot2_end__ - __boot2_start__) == 0x100), ERROR: Pico second stage bootloader must be 256 bytes in size)

.text           0x0000000010000100    0x16a60
                0x0000000010000100                __logical_binary_start = .
 *(.vectors)
 .vectors       0x0000000010000100       0xd4 CMakeFiles/pico_webserver.dir/pico-sdk/src/rp2_common/pico_standard_link/crt0.S.obj
                0x0000000010000100                __vectors
                0x0000000010000100                __VECTOR_TABLE
                0x00000000100001c0                isr_invalid
                0x00000000100001c0                __default_isrs_start
                0x00000000100001c2                isr_nmi
                0x00000000100001c4                isr_hardfault
                0x00000000100001c6                isr_svcall
                0x00000000100001c8                isr_pendsv
                0x00000000100001ca                isr_systick
                0x00000000100001cc                isr_irq30
                0x00000000100001cc                __unhandled_user_irq
                0x00000000100001cc                isr_irq13
                0x00000000100001cc                isr_irq27
                0x00000000100001cc                isr_irq31
                0x00000000100001cc                isr_irq5
                0x00000000100001cc                isr_irq11
                0x00000000100001cc                isr_irq23
                0x00000000100001cc                isr_irq18
                0x00000000100001cc                isr_irq28
                0x00000000100001cc                isr_irq19
                0x00000000100001cc                isr_irq0
                0x00000000100001cc                isr_irq6
                0x00000000100001cc                isr_irq22
                0x00000000100001cc                isr_irq17
                0x00000000100001cc                isr_irq14
                0x00000000100001cc                isr_irq2
                0x00000000100001cc                isr_irq10
                0x00000000100001cc                isr_irq8
                0x00000000100001cc                isr_irq24
                0x00000000100001cc                isr_irq1
                0x00000000100001cc                isr_irq7
                0x00000000100001cc                isr_irq21
                0x00000000100001cc                isr_irq20
                0x00000000100001cc                isr_irq15
                0x00000000100001cc                isr_irq25
                0x00000000100001cc                isr_irq4
                0x00000000100001cc                isr_irq16
                0x00000000100001cc                isr_irq29
                0x00000000100001cc                isr_irq26
                0x00000000100001cc                __default_isrs_end
                0x00000000100001cc                isr_irq3
                0x00000000100001cc                isr_irq12
                0x00000000100001cc                isr_irq9
                0x00000000100001d2                unhandled_user_irq_num_in_r0
 *(.binary_info_header)
 .binary_info_header
                0x00000000100001d4       0x14 CMakeFiles/pico_webserver.dir/pico-sdk/src/rp2_common/pico_standard_link/crt0.S.obj
                0x00000000100001e8                __binary_info_header_end = .
 *(.reset)
 .reset         0x00000000100001e8       0xa0 CMakeFiles/pico_webserver.dir/pico-sdk/src/rp2_common/pico_standard_link/crt0.S.obj
                0x00000000100001e8                _entry_point
 .reset         0x0000000010000288       0x30 CMakeFiles/pico_webserver.dir/pico-sdk/src/rp2_common/pico_standard_link/binary_info.c.obj
 *(.init)
 .init          0x00000000100002b8        0x4 /usr/lib/gcc/arm-none-eabi/10.3.1/thumb/v6-m/nofp/crti.o
                0x00000000100002b8                _init
 *(EXCLUDE_FILE(*libm.a: *libc.a:*lib_a-mem*.o *libgcc.a:) .text*)
 .text          0x00000000100002bc       0x98 /usr/lib/gcc/arm-none-eabi/10.3.1/thumb/v6-m/nofp/crtbegin.o
 .text.startup.main
                0x0000000010000354       0x6c CMakeFiles/pico_webserver.dir/webserver.c.obj
                0x0000000010000354                main
 .text.netif_init_cb
                0x00000000100003c0       0x30 CMakeFiles/pico_webserver.dir/tusb_lwip_glue.c.obj
 .text.output_fn
                0x00000000100003f0        0x8 CMakeFiles/pico_webserver.dir/tusb_lwip_glue.c.obj
 .text.linkoutput_fn
                0x00000000100003f8       0x3c CMakeFiles/pico_webserver.dir/tusb_lwip_glue.c.obj
 .text.init_lwip
                0x0000000010000434       0x8c CMakeFiles/pico_webserver.dir/tusb_lwip_glue.c.obj
                0x0000000010000434                init_lwip
 .text.tud_network_init_cb
                0x00000000100004c0       0x18 CMakeFiles/pico_webserver.dir/tusb_lwip_glue.c.obj
                0x00000000100004c0                tud_network_init_cb
 .text.tud_network_recv_cb
                0x00000000100004d8       0x3c CMakeFiles/pico_webserver.dir/tusb_lwip_glue.c.obj
                0x00000000100004d8                tud_network_recv_cb
 .text.tud_network_xmit_cb
                0x0000000010000514       0x30 CMakeFiles/pico_webserver.dir/tusb_lwip_glue.c.obj
                0x0000000010000514                tud_network_xmit_cb
 .text.service_traffic
                0x0000000010000544       0x48 CMakeFiles/pico_webserver.dir/tusb_lwip_glue.c.obj
                0x0000000010000544                service_traffic
 .text.wait_for_netif_is_up
                0x000000001000058c       0x14 CMakeFiles/pico_webserver.dir/tusb_lwip_glue.c.obj
                0x000000001000058c                wait_for_netif_is_up
 .text.sys_arch_protect
                0x00000000100005a0        0x4 CMakeFiles/pico_webserver.dir/tusb_lwip_glue.c.obj
                0x00000000100005a0                sys_arch_protect
 .text.sys_arch_unprotect
                0x00000000100005a4        0x4 CMakeFiles/pico_webserver.dir/tusb_lwip_glue.c.obj
                0x00000000100005a4                sys_arch_unprotect
 .text.sys_now  0x00000000100005a8       0x20 CMakeFiles/pico_webserver.dir/tusb_lwip_glue.c.obj
                0x00000000100005a8                sys_now
 .text.tud_descriptor_device_cb
                0x00000000100005c8        0x8 CMakeFiles/pico_webserver.dir/usb_descriptors.c.obj
                0x00000000100005c8                tud_descriptor_device_cb
 .text.tud_descriptor_configuration_cb
                0x00000000100005d0       0x14 CMakeFiles/pico_webserver.dir/usb_descriptors.c.obj
                0x00000000100005d0                tud_descriptor_configuration_cb
 .text.tud_descriptor_string_cb
                0x00000000100005e4      0x17c CMakeFiles/pico_webserver.dir/usb_descriptors.c.obj
                0x00000000100005e4                tud_descriptor_string_cb
 .text.rndis_class_set_handler
                0x0000000010000760      0x2d4 CMakeFiles/pico_webserver.dir/pico-sdk/lib/tinyusb/lib/networking/rndis_reports.c.obj
                0x0000000010000760                rndis_class_set_handler
 .text.cyw43_cb_tcpip_set_link_up
                0x0000000010000a34        0xc CMakeFiles/pico_webserver.dir/wifi_code.c.obj
                0x0000000010000a34                cyw43_cb_tcpip_set_link_up
 .text.cyw43_cb_tcpip_set_link_down
                0x0000000010000a40        0xc CMakeFiles/pico_webserver.dir/wifi_code.c.obj
                0x0000000010000a40                cyw43_cb_tcpip_set_link_down
 .text.cyw43_cb_process_ethernet
                0x0000000010000a4c       0x6c CMakeFiles/pico_webserver.dir/wifi_code.c.obj
                0x0000000010000a4c                cyw43_cb_process_ethernet
 .text.core1_entry
                0x0000000010000ab8       0xdc CMakeFiles/pico_webserver.dir/wifi_code.c.obj
                0x0000000010000ab8                core1_entry
 .text.set_sys_clock_pll
                0x0000000010000b94       0x78 CMakeFiles/pico_webserver.dir/pico-sdk/src/rp2_common/pico_stdlib/stdlib.c.obj
                0x0000000010000b94                set_sys_clock_pll
 .text.check_sys_clock_khz
                0x0000000010000c0c      0x17c CMakeFiles/pico_webserver.dir/pico-sdk/src/rp2_common/pico_stdlib/stdlib.c.obj
                0x0000000010000c0c                check_sys_clock_khz
 .text.gpio_set_function
                0x0000000010000d88       0x30 CMakeFiles/pico_webserver.dir/pico-sdk/src/rp2_common/hardware_gpio/gpio.c.obj
                0x0000000010000d88                gpio_set_function
 .text.gpio_set_pulls
                0x0000000010000db8       0x30 CMakeFiles/pico_webserver.dir/pico-sdk/src/rp2_common/hardware_gpio/gpio.c.obj
                0x0000000010000db8                gpio_set_pulls
 .text.gpio_set_input_hysteresis_enabled
                0x0000000010000de8       0x28 CMakeFiles/pico_webserver.dir/pico-sdk/src/rp2_common/hardware_gpio/gpio.c.obj
                0x0000000010000de8                gpio_set_input_hysteresis_enabled
 .text.gpio_set_irq_enabled
                0x0000000010000e10       0x54 CMakeFiles/pico_webserver.dir/pico-sdk/src/rp2_common/hardware_gpio/gpio.c.obj
                0x0000000010000e10                gpio_set_irq_enabled
 .text.gpio_add_raw_irq_handler_with_order_priority_masked
                0x0000000010000e64       0x44 CMakeFiles/pico_webserver.dir/pico-sdk/src/rp2_common/hardware_gpio/gpio.c.obj
                0x0000000010000e64                gpio_add_raw_irq_handler_with_order_priority_masked
 .text.gpio_remove_raw_irq_handler_masked
                0x0000000010000ea8       0x20 CMakeFiles/pico_webserver.dir/pico-sdk/src/rp2_common/hardware_gpio/gpio.c.obj
                0x0000000010000ea8                gpio_remove_raw_irq_handler_masked
 .text.gpio_init
                0x0000000010000ec8       0x3c CMakeFiles/pico_webserver.dir/pico-sdk/src/rp2_common/hardware_gpio/gpio.c.obj
                0x0000000010000ec8                gpio_init
 .text.running_on_fpga
                0x0000000010000f04       0x10 CMakeFiles/pico_webserver.dir/pico-sdk/src/rp2_common/pico_platform/platform.c.obj
                0x0000000010000f04                running_on_fpga
 .text.hw_claim_lock
                0x0000000010000f14       0x18 CMakeFiles/pico_webserver.dir/pico-sdk/src/rp2_common/hardware_claim/claim.c.obj
                0x0000000010000f14                hw_claim_lock
 .text.hw_claim_unlock
                0x0000000010000f2c       0x14 CMakeFiles/pico_webserver.dir/pico-sdk/src/rp2_common/hardware_claim/claim.c.obj
                0x0000000010000f2c                hw_claim_unlock
 .text.hw_claim_or_assert
                0x0000000010000f40       0x44 CMakeFiles/pico_webserver.dir/pico-sdk/src/rp2_common/hardware_claim/claim.c.obj
                0x0000000010000f40                hw_claim_or_assert
 .text.hw_claim_unused_from_range
                0x0000000010000f84       0x9c CMakeFiles/pico_webserver.dir/pico-sdk/src/rp2_common/hardware_claim/claim.c.obj
                0x0000000010000f84                hw_claim_unused_from_range
 .text.hw_claim_clear
                0x0000000010001020       0x38 CMakeFiles/pico_webserver.dir/pico-sdk/src/rp2_common/hardware_claim/claim.c.obj
                0x0000000010001020                hw_claim_clear
 .text.spin_locks_reset
                0x0000000010001058       0x1c CMakeFiles/pico_webserver.dir/pico-sdk/src/rp2_common/hardware_sync/sync.c.obj
                0x0000000010001058                spin_locks_reset
 .text.next_striped_spin_lock_num
                0x0000000010001074       0x18 CMakeFiles/pico_webserver.dir/pico-sdk/src/rp2_common/hardware_sync/sync.c.obj
                0x0000000010001074                next_striped_spin_lock_num
 .text.spin_lock_claim_unused
                0x000000001000108c       0x20 CMakeFiles/pico_webserver.dir/pico-sdk/src/rp2_common/hardware_sync/sync.c.obj
                0x000000001000108c                spin_lock_claim_unused
 .text.irq_set_enabled
                0x00000000100010ac       0x24 CMakeFiles/pico_webserver.dir/pico-sdk/src/rp2_common/hardware_irq/irq.c.obj
                0x00000000100010ac                irq_set_enabled
 .text.irq_is_enabled
                0x00000000100010d0       0x18 CMakeFiles/pico_webserver.dir/pico-sdk/src/rp2_common/hardware_irq/irq.c.obj
                0x00000000100010d0                irq_is_enabled
 .text.irq_set_pending
                0x00000000100010e8       0x10 CMakeFiles/pico_webserver.dir/pico-sdk/src/rp2_common/hardware_irq/irq.c.obj
                0x00000000100010e8                irq_set_pending
 .text.irq_get_vtable_handler
                0x00000000100010f8       0x10 CMakeFiles/pico_webserver.dir/pico-sdk/src/rp2_common/hardware_irq/irq.c.obj
                0x00000000100010f8                irq_get_vtable_handler
 .text.irq_set_exclusive_handler
                0x0000000010001108       0x54 CMakeFiles/pico_webserver.dir/pico-sdk/src/rp2_common/hardware_irq/irq.c.obj
                0x0000000010001108                irq_set_exclusive_handler
 .text.irq_add_shared_handler
                0x000000001000115c      0x1e8 CMakeFiles/pico_webserver.dir/pico-sdk/src/rp2_common/hardware_irq/irq.c.obj
                0x000000001000115c                irq_add_shared_handler
 .text.irq_remove_handler
                0x0000000010001344      0x1b0 CMakeFiles/pico_webserver.dir/pico-sdk/src/rp2_common/hardware_irq/irq.c.obj
                0x0000000010001344                irq_remove_handler
 .text.irq_set_priority
                0x00000000100014f4       0x28 CMakeFiles/pico_webserver.dir/pico-sdk/src/rp2_common/hardware_irq/irq.c.obj
                0x00000000100014f4                irq_set_priority
 .text.irq_add_tail_to_free_list
                0x000000001000151c       0xb4 CMakeFiles/pico_webserver.dir/pico-sdk/src/rp2_common/hardware_irq/irq.c.obj
                0x000000001000151c                irq_add_tail_to_free_list
 .text.irq_init_priorities
                0x00000000100015d0       0x24 CMakeFiles/pico_webserver.dir/pico-sdk/src/rp2_common/hardware_irq/irq.c.obj
                0x00000000100015d0                irq_init_priorities
 .text.user_irq_unclaim
                0x00000000100015f4       0x14 CMakeFiles/pico_webserver.dir/pico-sdk/src/rp2_common/hardware_irq/irq.c.obj
                0x00000000100015f4                user_irq_unclaim
 .text.user_irq_claim_unused
                0x0000000010001608       0x28 CMakeFiles/pico_webserver.dir/pico-sdk/src/rp2_common/hardware_irq/irq.c.obj
                0x0000000010001608                user_irq_claim_unused
 .text.sem_init
                0x0000000010001630       0x20 CMakeFiles/pico_webserver.dir/pico-sdk/src/common/pico_sync/sem.c.obj
                0x0000000010001630                sem_init
 .text.lock_init
                0x0000000010001650       0x10 CMakeFiles/pico_webserver.dir/pico-sdk/src/common/pico_sync/lock_core.c.obj
                0x0000000010001650                lock_init
 .text.mutex_init
                0x0000000010001660       0x1c CMakeFiles/pico_webserver.dir/pico-sdk/src/common/pico_sync/mutex.c.obj
                0x0000000010001660                mutex_init
 .text.recursive_mutex_init
                0x000000001000167c       0x1c CMakeFiles/pico_webserver.dir/pico-sdk/src/common/pico_sync/mutex.c.obj
                0x000000001000167c                recursive_mutex_init
 .text.critical_section_init
                0x0000000010001698       0x20 CMakeFiles/pico_webserver.dir/pico-sdk/src/common/pico_sync/critical_section.c.obj
                0x0000000010001698                critical_section_init
 .text.timer_pool_entry_comparator
                0x00000000100016b8       0x34 CMakeFiles/pico_webserver.dir/pico-sdk/src/common/pico_time/time.c.obj
                0x00000000100016b8                timer_pool_entry_comparator
 .text.sleep_until_callback
                0x00000000100016ec       0x30 CMakeFiles/pico_webserver.dir/pico-sdk/src/common/pico_time/time.c.obj
 .text.add_alarm_under_lock.isra.0
                0x000000001000171c      0x100 CMakeFiles/pico_webserver.dir/pico-sdk/src/common/pico_time/time.c.obj
 .text.alarm_pool_alarm_callback
                0x000000001000181c      0x1bc CMakeFiles/pico_webserver.dir/pico-sdk/src/common/pico_time/time.c.obj
 .text.alarm_pool_init_default
                0x00000000100019d8       0x6c CMakeFiles/pico_webserver.dir/pico-sdk/src/common/pico_time/time.c.obj
                0x00000000100019d8                alarm_pool_init_default
 .text.alarm_pool_get_default
                0x0000000010001a44        0x8 CMakeFiles/pico_webserver.dir/pico-sdk/src/common/pico_time/time.c.obj
                0x0000000010001a44                alarm_pool_get_default
 .text.alarm_pool_create_with_unused_hardware_alarm
                0x0000000010001a4c       0x74 CMakeFiles/pico_webserver.dir/pico-sdk/src/common/pico_time/time.c.obj
                0x0000000010001a4c                alarm_pool_create_with_unused_hardware_alarm
 .text.alarm_pool_destroy
                0x0000000010001ac0       0x44 CMakeFiles/pico_webserver.dir/pico-sdk/src/common/pico_time/time.c.obj
                0x0000000010001ac0                alarm_pool_destroy
 .text.alarm_pool_add_alarm_at
                0x0000000010001b04      0x178 CMakeFiles/pico_webserver.dir/pico-sdk/src/common/pico_time/time.c.obj
                0x0000000010001b04                alarm_pool_add_alarm_at
 .text.alarm_pool_add_alarm_at_force_in_context
                0x0000000010001c7c      0x124 CMakeFiles/pico_webserver.dir/pico-sdk/src/common/pico_time/time.c.obj
                0x0000000010001c7c                alarm_pool_add_alarm_at_force_in_context
 .text.alarm_pool_cancel_alarm
                0x0000000010001da0       0x78 CMakeFiles/pico_webserver.dir/pico-sdk/src/common/pico_time/time.c.obj
                0x0000000010001da0                alarm_pool_cancel_alarm
 .text.alarm_pool_core_num
                0x0000000010001e18        0x4 CMakeFiles/pico_webserver.dir/pico-sdk/src/common/pico_time/time.c.obj
                0x0000000010001e18                alarm_pool_core_num
 .text.sleep_until
                0x0000000010001e1c       0xc4 CMakeFiles/pico_webserver.dir/pico-sdk/src/common/pico_time/time.c.obj
                0x0000000010001e1c                sleep_until
 .text.sleep_us
                0x0000000010001ee0       0x24 CMakeFiles/pico_webserver.dir/pico-sdk/src/common/pico_time/time.c.obj
                0x0000000010001ee0                sleep_us
 .text.sleep_ms
                0x0000000010001f04       0x34 CMakeFiles/pico_webserver.dir/pico-sdk/src/common/pico_time/time.c.obj
                0x0000000010001f04                sleep_ms
 .text.best_effort_wfe_or_timeout
                0x0000000010001f38       0xd4 CMakeFiles/pico_webserver.dir/pico-sdk/src/common/pico_time/time.c.obj
                0x0000000010001f38                best_effort_wfe_or_timeout
 .text.hardware_alarm_irq_handler
                0x000000001000200c       0xbc CMakeFiles/pico_webserver.dir/pico-sdk/src/rp2_common/hardware_timer/timer.c.obj
 .text.hardware_alarm_claim
                0x00000000100020c8       0x18 CMakeFiles/pico_webserver.dir/pico-sdk/src/rp2_common/hardware_timer/timer.c.obj
                0x00000000100020c8                hardware_alarm_claim
 .text.hardware_alarm_unclaim
                0x00000000100020e0       0x10 CMakeFiles/pico_webserver.dir/pico-sdk/src/rp2_common/hardware_timer/timer.c.obj
                0x00000000100020e0                hardware_alarm_unclaim
 .text.hardware_alarm_claim_unused
                0x00000000100020f0       0x20 CMakeFiles/pico_webserver.dir/pico-sdk/src/rp2_common/hardware_timer/timer.c.obj
                0x00000000100020f0                hardware_alarm_claim_unused
 .text.time_us_64
                0x0000000010002110       0x14 CMakeFiles/pico_webserver.dir/pico-sdk/src/rp2_common/hardware_timer/timer.c.obj
                0x0000000010002110                time_us_64
 .text.busy_wait_until
                0x0000000010002124       0x20 CMakeFiles/pico_webserver.dir/pico-sdk/src/rp2_common/hardware_timer/timer.c.obj
                0x0000000010002124                busy_wait_until
 .text.hardware_alarm_set_callback
                0x0000000010002144       0x8c CMakeFiles/pico_webserver.dir/pico-sdk/src/rp2_common/hardware_timer/timer.c.obj
                0x0000000010002144                hardware_alarm_set_callback
 .text.hardware_alarm_set_target
                0x00000000100021d0       0xd4 CMakeFiles/pico_webserver.dir/pico-sdk/src/rp2_common/hardware_timer/timer.c.obj
                0x00000000100021d0                hardware_alarm_set_target
 .text.hardware_alarm_cancel
                0x00000000100022a4       0x3c CMakeFiles/pico_webserver.dir/pico-sdk/src/rp2_common/hardware_timer/timer.c.obj
                0x00000000100022a4                hardware_alarm_cancel
 .text.hardware_alarm_force_irq
                0x00000000100022e0       0x3c CMakeFiles/pico_webserver.dir/pico-sdk/src/rp2_common/hardware_timer/timer.c.obj
                0x00000000100022e0                hardware_alarm_force_irq
 .text.ph_merge_nodes
                0x000000001000231c       0x68 CMakeFiles/pico_webserver.dir/pico-sdk/src/common/pico_util/pheap.c.obj
 .text.ph_create
                0x0000000010002384       0x60 CMakeFiles/pico_webserver.dir/pico-sdk/src/common/pico_util/pheap.c.obj
                0x0000000010002384                ph_create
 .text.ph_post_alloc_init
                0x00000000100023e4       0x3c CMakeFiles/pico_webserver.dir/pico-sdk/src/common/pico_util/pheap.c.obj
                0x00000000100023e4                ph_post_alloc_init
 .text.ph_destroy
                0x0000000010002420       0x14 CMakeFiles/pico_webserver.dir/pico-sdk/src/common/pico_util/pheap.c.obj
                0x0000000010002420                ph_destroy
 .text.ph_merge_two_pass
                0x0000000010002434       0x90 CMakeFiles/pico_webserver.dir/pico-sdk/src/common/pico_util/pheap.c.obj
                0x0000000010002434                ph_merge_two_pass
 .text.ph_remove_any_head
                0x00000000100024c4      0x100 CMakeFiles/pico_webserver.dir/pico-sdk/src/common/pico_util/pheap.c.obj
 .text.ph_remove_head
                0x00000000100025c4      0x104 CMakeFiles/pico_webserver.dir/pico-sdk/src/common/pico_util/pheap.c.obj
                0x00000000100025c4                ph_remove_head
 .text.ph_remove_and_free_node
                0x00000000100026c8       0x7c CMakeFiles/pico_webserver.dir/pico-sdk/src/common/pico_util/pheap.c.obj
                0x00000000100026c8                ph_remove_and_free_node
 .text.clock_configure
                0x0000000010002744      0x118 CMakeFiles/pico_webserver.dir/pico-sdk/src/rp2_common/hardware_clocks/clocks.c.obj
                0x0000000010002744                clock_configure
 .text.clocks_init
                0x000000001000285c      0x2d0 CMakeFiles/pico_webserver.dir/pico-sdk/src/rp2_common/hardware_clocks/clocks.c.obj
                0x000000001000285c                clocks_init
 .text.clock_get_hz
                0x0000000010002b2c        0xc CMakeFiles/pico_webserver.dir/pico-sdk/src/rp2_common/hardware_clocks/clocks.c.obj
                0x0000000010002b2c                clock_get_hz
 .text.pll_init
                0x0000000010002b38       0xa0 CMakeFiles/pico_webserver.dir/pico-sdk/src/rp2_common/hardware_pll/pll.c.obj
                0x0000000010002b38                pll_init
 .text.watchdog_start_tick
                0x0000000010002bd8       0x10 CMakeFiles/pico_webserver.dir/pico-sdk/src/rp2_common/hardware_watchdog/watchdog.c.obj
                0x0000000010002bd8                watchdog_start_tick
 .text.xosc_init
                0x0000000010002be8       0x28 CMakeFiles/pico_webserver.dir/pico-sdk/src/rp2_common/hardware_xosc/xosc.c.obj
                0x0000000010002be8                xosc_init
 .text.runtime_init
                0x0000000010002c10       0xf0 CMakeFiles/pico_webserver.dir/pico-sdk/src/rp2_common/pico_runtime/runtime.c.obj
                0x0000000010002c10                runtime_init
 .text._exit    0x0000000010002d00       0x14 CMakeFiles/pico_webserver.dir/pico-sdk/src/rp2_common/pico_runtime/runtime.c.obj
                0x0000000010002d00                _exit
 .text._sbrk    0x0000000010002d14       0x34 CMakeFiles/pico_webserver.dir/pico-sdk/src/rp2_common/pico_runtime/runtime.c.obj
                0x0000000010002d14                _sbrk
 .text.exit     0x0000000010002d48        0x8 CMakeFiles/pico_webserver.dir/pico-sdk/src/rp2_common/pico_runtime/runtime.c.obj
                0x0000000010002d48                exit
 .text.panic    0x0000000010002d50       0x30 CMakeFiles/pico_webserver.dir/pico-sdk/src/rp2_common/pico_runtime/runtime.c.obj
                0x0000000010002d50                panic
 .text.hard_assertion_failure
                0x0000000010002d80        0xc CMakeFiles/pico_webserver.dir/pico-sdk/src/rp2_common/pico_runtime/runtime.c.obj
                0x0000000010002d80                hard_assertion_failure
 .text._out_null
                0x0000000010002d8c        0x4 CMakeFiles/pico_webserver.dir/pico-sdk/src/rp2_common/pico_printf/printf.c.obj
 .text._out_rev
                0x0000000010002d90       0x9c CMakeFiles/pico_webserver.dir/pico-sdk/src/rp2_common/pico_printf/printf.c.obj
 .text._ntoa_format
                0x0000000010002e2c      0x1cc CMakeFiles/pico_webserver.dir/pico-sdk/src/rp2_common/pico_printf/printf.c.obj
 .text._out_char
                0x0000000010002ff8       0x10 CMakeFiles/pico_webserver.dir/pico-sdk/src/rp2_common/pico_printf/printf.c.obj
 .text._out_fct
                0x0000000010003008       0x10 CMakeFiles/pico_webserver.dir/pico-sdk/src/rp2_common/pico_printf/printf.c.obj
 .text._etoa    0x0000000010003018      0x44c CMakeFiles/pico_webserver.dir/pico-sdk/src/rp2_common/pico_printf/printf.c.obj
 .text._ftoa    0x0000000010003464      0x398 CMakeFiles/pico_webserver.dir/pico-sdk/src/rp2_common/pico_printf/printf.c.obj
 .text._vsnprintf
                0x00000000100037fc      0xb04 CMakeFiles/pico_webserver.dir/pico-sdk/src/rp2_common/pico_printf/printf.c.obj
 .text.vfctprintf
                0x0000000010004300       0x20 CMakeFiles/pico_webserver.dir/pico-sdk/src/rp2_common/pico_printf/printf.c.obj
                0x0000000010004300                vfctprintf
 .text.weak_raw_vprintf
                0x0000000010004320       0x30 CMakeFiles/pico_webserver.dir/pico-sdk/src/rp2_common/pico_printf/printf.c.obj
                0x0000000010004320                weak_raw_vprintf
 .text          0x0000000010004350       0x10 CMakeFiles/pico_webserver.dir/pico-sdk/src/rp2_common/pico_bit_ops/bit_ops_aeabi.S.obj
 .text.ctzsi    0x0000000010004360        0xc CMakeFiles/pico_webserver.dir/pico-sdk/src/rp2_common/pico_bit_ops/bit_ops_aeabi.S.obj
                0x0000000010004360                __wrap___ctzsi2
 .text.rom_func_lookup
                0x000000001000436c       0x10 CMakeFiles/pico_webserver.dir/pico-sdk/src/rp2_common/pico_bootrom/bootrom.c.obj
                0x000000001000436c                rom_func_lookup
 .text.rom_data_lookup
                0x000000001000437c       0x10 CMakeFiles/pico_webserver.dir/pico-sdk/src/rp2_common/pico_bootrom/bootrom.c.obj
                0x000000001000437c                rom_data_lookup
 .text.rom_funcs_lookup
                0x000000001000438c       0x44 CMakeFiles/pico_webserver.dir/pico-sdk/src/rp2_common/pico_bootrom/bootrom.c.obj
                0x000000001000438c                rom_funcs_lookup
 .text.__wrap___aeabi_idiv
                0x00000000100043d0       0x50 CMakeFiles/pico_webserver.dir/pico-sdk/src/rp2_common/pico_divider/divider.S.obj
                0x00000000100043d0                __wrap___aeabi_idivmod
                0x00000000100043d0                divmod_s32s32
                0x00000000100043d0                div_s32s32
                0x00000000100043d0                __wrap___aeabi_idiv
                0x00000000100043d8                divmod_s32s32_unsafe
                0x0000000010004404                divmod_s32s32_savestate
 .text.__wrap___aeabi_uidiv
                0x0000000010004420       0x4c CMakeFiles/pico_webserver.dir/pico-sdk/src/rp2_common/pico_divider/divider.S.obj
                0x0000000010004420                __wrap___aeabi_uidiv
                0x0000000010004420                __wrap___aeabi_uidivmod
                0x0000000010004420                div_u32u32
                0x0000000010004420                divmod_u32u32
                0x0000000010004428                divmod_u32u32_unsafe
                0x0000000010004450                divmod_u32u32_savestate
 .text.__wrap___aeabi_ldiv
                0x000000001000446c      0x424 CMakeFiles/pico_webserver.dir/pico-sdk/src/rp2_common/pico_divider/divider.S.obj
                0x000000001000446c                div_s64s64
                0x000000001000446c                divmod_s64s64
                0x000000001000446c                __wrap___aeabi_ldivmod
                0x000000001000449c                div_u64u64
                0x000000001000449c                divmod_u64u64
                0x000000001000449c                __wrap___aeabi_uldivmod
                0x00000000100044ac                divmod_u64u64_savestate
                0x00000000100044cc                divmod_s64s64_unsafe
                0x0000000010004554                divmod_u64u64_unsafe
 .text.__wrap___aeabi_darithmetic
                0x0000000010004890       0x60 CMakeFiles/pico_webserver.dir/pico-sdk/src/rp2_common/pico_double/double_aeabi.S.obj
                0x0000000010004890                __wrap___aeabi_drsub
                0x0000000010004896                __wrap___aeabi_dsub
                0x00000000100048a0                __wrap___aeabi_dadd
                0x00000000100048aa                __wrap___aeabi_ddiv
                0x00000000100048de                __wrap___aeabi_dmul
 .text.__wrap___aeabi_cdcmple
                0x00000000100048f0       0x6c CMakeFiles/pico_webserver.dir/pico-sdk/src/rp2_common/pico_double/double_aeabi.S.obj
                0x00000000100048f0                __wrap___aeabi_cdrcmple
                0x0000000010004900                __wrap___aeabi_cdcmple
                0x0000000010004900                __wrap___aeabi_cdcmpeq
 .text.__wrap___aeabi_dcmplt
                0x000000001000495c        0xc CMakeFiles/pico_webserver.dir/pico-sdk/src/rp2_common/pico_double/double_aeabi.S.obj
                0x000000001000495c                __wrap___aeabi_dcmplt
 .text.__wrap___aeabi_dcmple
                0x0000000010004968       0x10 CMakeFiles/pico_webserver.dir/pico-sdk/src/rp2_common/pico_double/double_aeabi.S.obj
                0x0000000010004968                __wrap___aeabi_dcmple
 .text.__wrap___aeabi_dcmpge
                0x0000000010004978       0x10 CMakeFiles/pico_webserver.dir/pico-sdk/src/rp2_common/pico_double/double_aeabi.S.obj
                0x0000000010004978                __wrap___aeabi_dcmpge
 .text.__wrap___aeabi_dcmpgt
                0x0000000010004988        0xa CMakeFiles/pico_webserver.dir/pico-sdk/src/rp2_common/pico_double/double_aeabi.S.obj
                0x0000000010004988                __wrap___aeabi_dcmpgt
 .text.__wrap___aeabi_dcmpun
                0x0000000010004992       0x1c CMakeFiles/pico_webserver.dir/pico-sdk/src/rp2_common/pico_double/double_aeabi.S.obj
                0x0000000010004992                __wrap___aeabi_dcmpun
 *fill*         0x00000000100049ae        0x2 
 .text.__wrap___aeabi_i2d
                0x00000000100049b0       0x38 CMakeFiles/pico_webserver.dir/pico-sdk/src/rp2_common/pico_double/double_aeabi.S.obj
                0x00000000100049b0                __wrap___aeabi_ui2d
                0x00000000100049b8                __wrap___aeabi_i2d
 .text.__wrap___aeabi_d2iz
                0x00000000100049e8       0x48 CMakeFiles/pico_webserver.dir/pico-sdk/src/rp2_common/pico_double/double_aeabi.S.obj
                0x00000000100049e8                __wrap___aeabi_d2iz
                0x00000000100049e8                double2int_z
 .text.__wrap___aeabi_d2uiz
                0x0000000010004a30       0x10 CMakeFiles/pico_webserver.dir/pico-sdk/src/rp2_common/pico_double/double_aeabi.S.obj
                0x0000000010004a30                double2uint
                0x0000000010004a30                __wrap___aeabi_d2uiz
 .text.missing_double_func_shim
                0x0000000010004a40        0xc CMakeFiles/pico_webserver.dir/pico-sdk/src/rp2_common/pico_double/double_init_rom.c.obj
 .text.__aeabi_double_init
                0x0000000010004a4c       0x98 CMakeFiles/pico_webserver.dir/pico-sdk/src/rp2_common/pico_double/double_init_rom.c.obj
                0x0000000010004a4c                __aeabi_double_init
 .text.double_table_shim_on_use_helper
                0x0000000010004ae4       0x2c CMakeFiles/pico_webserver.dir/pico-sdk/src/rp2_common/pico_double/double_v1_rom_shim.S.obj
                0x0000000010004ae4                double_table_shim_on_use_helper
 .text.__aeabi_lmul
                0x0000000010004b10       0x32 CMakeFiles/pico_webserver.dir/pico-sdk/src/rp2_common/pico_int64_ops/pico_int64_ops_aeabi.S.obj
                0x0000000010004b10                __wrap___aeabi_lmul
 *fill*         0x0000000010004b42        0x2 
 .text.missing_float_func_shim
                0x0000000010004b44        0xc CMakeFiles/pico_webserver.dir/pico-sdk/src/rp2_common/pico_float/float_init_rom.c.obj
 .text.__aeabi_float_init
                0x0000000010004b50       0x5c CMakeFiles/pico_webserver.dir/pico-sdk/src/rp2_common/pico_float/float_init_rom.c.obj
                0x0000000010004b50                __aeabi_float_init
 .text.__wrap_malloc
                0x0000000010004bac       0x3c CMakeFiles/pico_webserver.dir/pico-sdk/src/rp2_common/pico_malloc/pico_malloc.c.obj
                0x0000000010004bac                __wrap_malloc
 .text.__wrap_calloc
                0x0000000010004be8       0x40 CMakeFiles/pico_webserver.dir/pico-sdk/src/rp2_common/pico_malloc/pico_malloc.c.obj
                0x0000000010004be8                __wrap_calloc
 .text.__wrap_free
                0x0000000010004c28       0x20 CMakeFiles/pico_webserver.dir/pico-sdk/src/rp2_common/pico_malloc/pico_malloc.c.obj
                0x0000000010004c28                __wrap_free
 .text          0x0000000010004c48       0x10 CMakeFiles/pico_webserver.dir/pico-sdk/src/rp2_common/pico_mem_ops/mem_ops_aeabi.S.obj
                0x0000000010004c48                __aeabi_mem_init
 .text.memset   0x0000000010004c58        0xc CMakeFiles/pico_webserver.dir/pico-sdk/src/rp2_common/pico_mem_ops/mem_ops_aeabi.S.obj
                0x0000000010004c58                __wrap_memset
 .text.memcpy   0x0000000010004c64        0xc CMakeFiles/pico_webserver.dir/pico-sdk/src/rp2_common/pico_mem_ops/mem_ops_aeabi.S.obj
                0x0000000010004c64                __wrap___aeabi_memcpy
                0x0000000010004c64                __wrap_memcpy
 .text.stdio_out_chars_no_crlf
                0x0000000010004c70       0x10 CMakeFiles/pico_webserver.dir/pico-sdk/src/rp2_common/pico_stdio/stdio.c.obj
 .text.stdio_out_chars_crlf
                0x0000000010004c80       0xb4 CMakeFiles/pico_webserver.dir/pico-sdk/src/rp2_common/pico_stdio/stdio.c.obj
 .text.stdio_buffered_printer
                0x0000000010004d34       0x64 CMakeFiles/pico_webserver.dir/pico-sdk/src/rp2_common/pico_stdio/stdio.c.obj
 .text.stdio_put_string.isra.0
                0x0000000010004d98       0xfc CMakeFiles/pico_webserver.dir/pico-sdk/src/rp2_common/pico_stdio/stdio.c.obj
 .text.__wrap_putchar
                0x0000000010004e94       0x98 CMakeFiles/pico_webserver.dir/pico-sdk/src/rp2_common/pico_stdio/stdio.c.obj
                0x0000000010004e94                __wrap_putchar
 .text.__wrap_puts
                0x0000000010004f2c       0x3c CMakeFiles/pico_webserver.dir/pico-sdk/src/rp2_common/pico_stdio/stdio.c.obj
                0x0000000010004f2c                __wrap_puts
 .text.__wrap_vprintf
                0x0000000010004f68       0xd8 CMakeFiles/pico_webserver.dir/pico-sdk/src/rp2_common/pico_stdio/stdio.c.obj
                0x0000000010004f68                __wrap_vprintf
 .text.__wrap_printf
                0x0000000010005040       0x18 CMakeFiles/pico_webserver.dir/pico-sdk/src/rp2_common/pico_stdio/stdio.c.obj
                0x0000000010005040                __wrap_printf
 .text.startup._retrieve_unique_id_on_boot
                0x0000000010005058       0x10 CMakeFiles/pico_webserver.dir/pico-sdk/src/rp2_common/pico_unique_id/unique_id.c.obj
 .text.pico_get_unique_board_id
                0x0000000010005068       0x10 CMakeFiles/pico_webserver.dir/pico-sdk/src/rp2_common/pico_unique_id/unique_id.c.obj
                0x0000000010005068                pico_get_unique_board_id
 .text.flash_get_unique_id
                0x0000000010005078       0x40 CMakeFiles/pico_webserver.dir/pico-sdk/src/rp2_common/hardware_flash/flash.c.obj
                0x0000000010005078                flash_get_unique_id
 .text.dcd_int_enable
                0x00000000100050b8        0xc CMakeFiles/pico_webserver.dir/pico-sdk/lib/tinyusb/src/portable/raspberrypi/rp2040/dcd_rp2040.c.obj
                0x00000000100050b8                dcd_int_enable
 .text.dcd_set_address
                0x00000000100050c4       0x14 CMakeFiles/pico_webserver.dir/pico-sdk/lib/tinyusb/src/portable/raspberrypi/rp2040/dcd_rp2040.c.obj
                0x00000000100050c4                dcd_set_address
 .text.dcd_connect
                0x00000000100050d8       0x10 CMakeFiles/pico_webserver.dir/pico-sdk/lib/tinyusb/src/portable/raspberrypi/rp2040/dcd_rp2040.c.obj
                0x00000000100050d8                dcd_connect
 .text.dcd_init
                0x00000000100050e8       0x98 CMakeFiles/pico_webserver.dir/pico-sdk/lib/tinyusb/src/portable/raspberrypi/rp2040/dcd_rp2040.c.obj
                0x00000000100050e8                dcd_init
 .text.dcd_edpt0_status_complete
                0x0000000010005180       0x1c CMakeFiles/pico_webserver.dir/pico-sdk/lib/tinyusb/src/portable/raspberrypi/rp2040/dcd_rp2040.c.obj
                0x0000000010005180                dcd_edpt0_status_complete
 .text.dcd_edpt_open
                0x000000001000519c      0x108 CMakeFiles/pico_webserver.dir/pico-sdk/lib/tinyusb/src/portable/raspberrypi/rp2040/dcd_rp2040.c.obj
                0x000000001000519c                dcd_edpt_open
 .text.dcd_edpt_close_all
                0x00000000100052a4        0x8 CMakeFiles/pico_webserver.dir/pico-sdk/lib/tinyusb/src/portable/raspberrypi/rp2040/dcd_rp2040.c.obj
                0x00000000100052a4                dcd_edpt_close_all
 .text.dcd_edpt_xfer
                0x00000000100052ac       0x24 CMakeFiles/pico_webserver.dir/pico-sdk/lib/tinyusb/src/portable/raspberrypi/rp2040/dcd_rp2040.c.obj
                0x00000000100052ac                dcd_edpt_xfer
 .text.dcd_edpt_stall
                0x00000000100052d0       0x38 CMakeFiles/pico_webserver.dir/pico-sdk/lib/tinyusb/src/portable/raspberrypi/rp2040/dcd_rp2040.c.obj
                0x00000000100052d0                dcd_edpt_stall
 .text.dcd_edpt_clear_stall
                0x0000000010005308       0x30 CMakeFiles/pico_webserver.dir/pico-sdk/lib/tinyusb/src/portable/raspberrypi/rp2040/dcd_rp2040.c.obj
                0x0000000010005308                dcd_edpt_clear_stall
 .text.rp2040_usb_init
                0x0000000010005338       0x4c CMakeFiles/pico_webserver.dir/pico-sdk/lib/tinyusb/src/portable/raspberrypi/rp2040/rp2040_usb.c.obj
                0x0000000010005338                rp2040_usb_init
 .text.hw_endpoint_xfer_start
                0x0000000010005384       0x50 CMakeFiles/pico_webserver.dir/pico-sdk/lib/tinyusb/src/portable/raspberrypi/rp2040/rp2040_usb.c.obj
                0x0000000010005384                hw_endpoint_xfer_start
 .text.tud_mounted
                0x00000000100053d4       0x10 CMakeFiles/pico_webserver.dir/pico-sdk/lib/tinyusb/src/device/usbd.c.obj
                0x00000000100053d4                tud_mounted
 .text.tud_suspended
                0x00000000100053e4       0x10 CMakeFiles/pico_webserver.dir/pico-sdk/lib/tinyusb/src/device/usbd.c.obj
                0x00000000100053e4                tud_suspended
 .text.tud_init
                0x00000000100053f4       0xe0 CMakeFiles/pico_webserver.dir/pico-sdk/lib/tinyusb/src/device/usbd.c.obj
                0x00000000100053f4                tud_init
 .text.tud_task_ext
                0x00000000100054d4      0x7ec CMakeFiles/pico_webserver.dir/pico-sdk/lib/tinyusb/src/device/usbd.c.obj
                0x00000000100054d4                tud_task_ext
 .text.usbd_open_edpt_pair
                0x0000000010005cc0       0x9c CMakeFiles/pico_webserver.dir/pico-sdk/lib/tinyusb/src/device/usbd.c.obj
                0x0000000010005cc0                usbd_open_edpt_pair
 .text.usbd_edpt_open
                0x0000000010005d5c       0x34 CMakeFiles/pico_webserver.dir/pico-sdk/lib/tinyusb/src/device/usbd.c.obj
                0x0000000010005d5c                usbd_edpt_open
 .text.usbd_edpt_xfer
                0x0000000010005d90       0x4c CMakeFiles/pico_webserver.dir/pico-sdk/lib/tinyusb/src/device/usbd.c.obj
                0x0000000010005d90                usbd_edpt_xfer
 .text.usbd_edpt_busy
                0x0000000010005ddc       0x1c CMakeFiles/pico_webserver.dir/pico-sdk/lib/tinyusb/src/device/usbd.c.obj
                0x0000000010005ddc                usbd_edpt_busy
 .text.tud_control_status
                0x0000000010005df8       0x30 CMakeFiles/pico_webserver.dir/pico-sdk/lib/tinyusb/src/device/usbd_control.c.obj
                0x0000000010005df8                tud_control_status
 .text.tud_control_xfer
                0x0000000010005e28       0xbc CMakeFiles/pico_webserver.dir/pico-sdk/lib/tinyusb/src/device/usbd_control.c.obj
                0x0000000010005e28                tud_control_xfer
 .text.usbd_control_reset
                0x0000000010005ee4       0x14 CMakeFiles/pico_webserver.dir/pico-sdk/lib/tinyusb/src/device/usbd_control.c.obj
                0x0000000010005ee4                usbd_control_reset
 .text.usbd_control_set_complete_callback
                0x0000000010005ef8        0xc CMakeFiles/pico_webserver.dir/pico-sdk/lib/tinyusb/src/device/usbd_control.c.obj
                0x0000000010005ef8                usbd_control_set_complete_callback
 .text.usbd_control_set_request
                0x0000000010005f04       0x1c CMakeFiles/pico_webserver.dir/pico-sdk/lib/tinyusb/src/device/usbd_control.c.obj
                0x0000000010005f04                usbd_control_set_request
 .text.usbd_control_xfer_cb
                0x0000000010005f20       0xfc CMakeFiles/pico_webserver.dir/pico-sdk/lib/tinyusb/src/device/usbd_control.c.obj
                0x0000000010005f20                usbd_control_xfer_cb
 .text.tud_network_recv_renew
                0x000000001000601c       0x20 CMakeFiles/pico_webserver.dir/pico-sdk/lib/tinyusb/src/class/net/ecm_rndis_device.c.obj
                0x000000001000601c                tud_network_recv_renew
 .text.netd_report
                0x000000001000603c       0x24 CMakeFiles/pico_webserver.dir/pico-sdk/lib/tinyusb/src/class/net/ecm_rndis_device.c.obj
                0x000000001000603c                netd_report
 .text.netd_init
                0x0000000010006060       0x14 CMakeFiles/pico_webserver.dir/pico-sdk/lib/tinyusb/src/class/net/ecm_rndis_device.c.obj
                0x0000000010006060                netd_init
 .text.netd_reset
                0x0000000010006074       0x14 CMakeFiles/pico_webserver.dir/pico-sdk/lib/tinyusb/src/class/net/ecm_rndis_device.c.obj
                0x0000000010006074                netd_reset
 .text.netd_open
                0x0000000010006088      0x11c CMakeFiles/pico_webserver.dir/pico-sdk/lib/tinyusb/src/class/net/ecm_rndis_device.c.obj
                0x0000000010006088                netd_open
 .text.netd_control_xfer_cb
                0x00000000100061a4      0x174 CMakeFiles/pico_webserver.dir/pico-sdk/lib/tinyusb/src/class/net/ecm_rndis_device.c.obj
                0x00000000100061a4                netd_control_xfer_cb
 .text.netd_xfer_cb
                0x0000000010006318       0xec CMakeFiles/pico_webserver.dir/pico-sdk/lib/tinyusb/src/class/net/ecm_rndis_device.c.obj
                0x0000000010006318                netd_xfer_cb
 .text.tud_network_can_xmit
                0x0000000010006404        0xc CMakeFiles/pico_webserver.dir/pico-sdk/lib/tinyusb/src/class/net/ecm_rndis_device.c.obj
                0x0000000010006404                tud_network_can_xmit
 .text.tud_network_xmit
                0x0000000010006410       0x98 CMakeFiles/pico_webserver.dir/pico-sdk/lib/tinyusb/src/class/net/ecm_rndis_device.c.obj
                0x0000000010006410                tud_network_xmit
 .text.tusb_init
                0x00000000100064a8        0xc CMakeFiles/pico_webserver.dir/pico-sdk/lib/tinyusb/src/tusb.c.obj
                0x00000000100064a8                tusb_init
 .text.tu_edpt_validate
                0x00000000100064b4       0x78 CMakeFiles/pico_webserver.dir/pico-sdk/lib/tinyusb/src/tusb.c.obj
                0x00000000100064b4                tu_edpt_validate
 .text.tu_edpt_bind_driver
                0x000000001000652c       0x34 CMakeFiles/pico_webserver.dir/pico-sdk/lib/tinyusb/src/tusb.c.obj
                0x000000001000652c                tu_edpt_bind_driver
 .text.tu_fifo_read
                0x0000000010006560       0xa0 CMakeFiles/pico_webserver.dir/pico-sdk/lib/tinyusb/src/common/tusb_fifo.c.obj
                0x0000000010006560                tu_fifo_read
 .text.tu_fifo_write
                0x0000000010006600       0x88 CMakeFiles/pico_webserver.dir/pico-sdk/lib/tinyusb/src/common/tusb_fifo.c.obj
                0x0000000010006600                tu_fifo_write
 .text.tu_fifo_clear
                0x0000000010006688       0x40 CMakeFiles/pico_webserver.dir/pico-sdk/lib/tinyusb/src/common/tusb_fifo.c.obj
                0x0000000010006688                tu_fifo_clear
 .text.cyw43_arch_set_async_context
                0x00000000100066c8        0xc CMakeFiles/pico_webserver.dir/pico-sdk/src/rp2_common/pico_cyw43_arch/cyw43_arch.c.obj
                0x00000000100066c8                cyw43_arch_set_async_context
 .text.cyw43_arch_enable_sta_mode
                0x00000000100066d4       0x1c CMakeFiles/pico_webserver.dir/pico-sdk/src/rp2_common/pico_cyw43_arch/cyw43_arch.c.obj
                0x00000000100066d4                cyw43_arch_enable_sta_mode
 .text.cyw43_arch_wifi_connect_async
                0x00000000100066f0       0x48 CMakeFiles/pico_webserver.dir/pico-sdk/src/rp2_common/pico_cyw43_arch/cyw43_arch.c.obj
                0x00000000100066f0                cyw43_arch_wifi_connect_async
 .text.cyw43_arch_init_with_country
                0x0000000010006738       0x10 CMakeFiles/pico_webserver.dir/pico-sdk/src/rp2_common/pico_cyw43_arch/cyw43_arch.c.obj
                0x0000000010006738                cyw43_arch_init_with_country
 .text.cyw43_arch_async_context
                0x0000000010006748        0xc CMakeFiles/pico_webserver.dir/pico-sdk/src/rp2_common/pico_cyw43_arch/cyw43_arch.c.obj
                0x0000000010006748                cyw43_arch_async_context
 .text.cyw43_arch_init
                0x0000000010006754       0x6c CMakeFiles/pico_webserver.dir/pico-sdk/src/rp2_common/pico_cyw43_arch/cyw43_arch_threadsafe_background.c.obj
                0x0000000010006754                cyw43_arch_init
 .text.ns_delay.constprop.0
                0x00000000100067c0       0x20 CMakeFiles/pico_webserver.dir/pico-sdk/src/rp2_common/pico_cyw43_driver/cyw43_bus_pio_spi.c.obj
 .text.cyw43_spi_deinit
                0x00000000100067e0       0x7c CMakeFiles/pico_webserver.dir/pico-sdk/src/rp2_common/pico_cyw43_driver/cyw43_bus_pio_spi.c.obj
                0x00000000100067e0                cyw43_spi_deinit
 .text.cyw43_spi_init
                0x000000001000685c      0x154 CMakeFiles/pico_webserver.dir/pico-sdk/src/rp2_common/pico_cyw43_driver/cyw43_bus_pio_spi.c.obj
                0x000000001000685c                cyw43_spi_init
 .text.cyw43_spi_transfer
                0x00000000100069b0      0x430 CMakeFiles/pico_webserver.dir/pico-sdk/src/rp2_common/pico_cyw43_driver/cyw43_bus_pio_spi.c.obj
                0x00000000100069b0                cyw43_spi_transfer
 .text.cyw43_spi_gpio_setup
                0x0000000010006de0       0x3c CMakeFiles/pico_webserver.dir/pico-sdk/src/rp2_common/pico_cyw43_driver/cyw43_bus_pio_spi.c.obj
                0x0000000010006de0                cyw43_spi_gpio_setup
 .text.cyw43_spi_reset
                0x0000000010006e1c       0x28 CMakeFiles/pico_webserver.dir/pico-sdk/src/rp2_common/pico_cyw43_driver/cyw43_bus_pio_spi.c.obj
                0x0000000010006e1c                cyw43_spi_reset
 .text.read_reg_u32_swap
                0x0000000010006e44       0x3c CMakeFiles/pico_webserver.dir/pico-sdk/src/rp2_common/pico_cyw43_driver/cyw43_bus_pio_spi.c.obj
                0x0000000010006e44                read_reg_u32_swap
 .text.cyw43_read_reg_u32
                0x0000000010006e80       0x6c CMakeFiles/pico_webserver.dir/pico-sdk/src/rp2_common/pico_cyw43_driver/cyw43_bus_pio_spi.c.obj
                0x0000000010006e80                cyw43_read_reg_u32
 .text.cyw43_read_reg_u16
                0x0000000010006eec       0x6c CMakeFiles/pico_webserver.dir/pico-sdk/src/rp2_common/pico_cyw43_driver/cyw43_bus_pio_spi.c.obj
                0x0000000010006eec                cyw43_read_reg_u16
 .text.cyw43_read_reg_u8
                0x0000000010006f58       0x6c CMakeFiles/pico_webserver.dir/pico-sdk/src/rp2_common/pico_cyw43_driver/cyw43_bus_pio_spi.c.obj
                0x0000000010006f58                cyw43_read_reg_u8
 .text.write_reg_u32_swap
                0x0000000010006fc4      0x1e0 CMakeFiles/pico_webserver.dir/pico-sdk/src/rp2_common/pico_cyw43_driver/cyw43_bus_pio_spi.c.obj
                0x0000000010006fc4                write_reg_u32_swap
 .text.cyw43_write_reg_u32
                0x00000000100071a4      0x200 CMakeFiles/pico_webserver.dir/pico-sdk/src/rp2_common/pico_cyw43_driver/cyw43_bus_pio_spi.c.obj
                0x00000000100071a4                cyw43_write_reg_u32
 .text.cyw43_write_reg_u16
                0x00000000100073a4      0x200 CMakeFiles/pico_webserver.dir/pico-sdk/src/rp2_common/pico_cyw43_driver/cyw43_bus_pio_spi.c.obj
                0x00000000100073a4                cyw43_write_reg_u16
 .text.cyw43_write_reg_u8
                0x00000000100075a4      0x200 CMakeFiles/pico_webserver.dir/pico-sdk/src/rp2_common/pico_cyw43_driver/cyw43_bus_pio_spi.c.obj
                0x00000000100075a4                cyw43_write_reg_u8
 .text.cyw43_read_bytes
                0x00000000100077a4       0x78 CMakeFiles/pico_webserver.dir/pico-sdk/src/rp2_common/pico_cyw43_driver/cyw43_bus_pio_spi.c.obj
                0x00000000100077a4                cyw43_read_bytes
 .text.cyw43_write_bytes
                0x000000001000781c       0xec CMakeFiles/pico_webserver.dir/pico-sdk/src/rp2_common/pico_cyw43_driver/cyw43_bus_pio_spi.c.obj
                0x000000001000781c                cyw43_write_bytes
 .text.cyw43_set_backplane_window
                0x0000000010007908       0x64 CMakeFiles/pico_webserver.dir/pico-sdk/lib/cyw43-driver/src/cyw43_ll.c.obj
 .text.cyw43_ll_parse_async_event
                0x000000001000796c      0x13c CMakeFiles/pico_webserver.dir/pico-sdk/lib/cyw43-driver/src/cyw43_ll.c.obj
 .text.cyw43_kso_set
                0x0000000010007aa8       0xa0 CMakeFiles/pico_webserver.dir/pico-sdk/lib/cyw43-driver/src/cyw43_ll.c.obj
 .text.cyw43_ll_sdpcm_poll_device
                0x0000000010007b48      0x238 CMakeFiles/pico_webserver.dir/pico-sdk/lib/cyw43-driver/src/cyw43_ll.c.obj
 .text.cyw43_sdpcm_send_common
                0x0000000010007d80       0xf0 CMakeFiles/pico_webserver.dir/pico-sdk/lib/cyw43-driver/src/cyw43_ll.c.obj
 .text.cyw43_do_ioctl.part.0
                0x0000000010007e70       0xc4 CMakeFiles/pico_webserver.dir/pico-sdk/lib/cyw43-driver/src/cyw43_ll.c.obj
 .text.cyw43_write_iovar_u32
                0x0000000010007f34       0xa4 CMakeFiles/pico_webserver.dir/pico-sdk/lib/cyw43-driver/src/cyw43_ll.c.obj
 .text.cyw43_write_iovar_u32_u32.constprop.0
                0x0000000010007fd8       0xb0 CMakeFiles/pico_webserver.dir/pico-sdk/lib/cyw43-driver/src/cyw43_ll.c.obj
 .text.cyw43_read_backplane.constprop.0
                0x0000000010008088       0xdc CMakeFiles/pico_webserver.dir/pico-sdk/lib/cyw43-driver/src/cyw43_ll.c.obj
 .text.cyw43_write_backplane
                0x0000000010008164      0x104 CMakeFiles/pico_webserver.dir/pico-sdk/lib/cyw43-driver/src/cyw43_ll.c.obj
 .text.reset_device_core.constprop.0
                0x0000000010008268      0x3f0 CMakeFiles/pico_webserver.dir/pico-sdk/lib/cyw43-driver/src/cyw43_ll.c.obj
 .text.cyw43_ll_init
                0x0000000010008658       0x1c CMakeFiles/pico_webserver.dir/pico-sdk/lib/cyw43-driver/src/cyw43_ll.c.obj
                0x0000000010008658                cyw43_ll_init
 .text.cyw43_ll_deinit
                0x0000000010008674        0x8 CMakeFiles/pico_webserver.dir/pico-sdk/lib/cyw43-driver/src/cyw43_ll.c.obj
                0x0000000010008674                cyw43_ll_deinit
 .text.cyw43_ll_send_ethernet
                0x000000001000867c       0x60 CMakeFiles/pico_webserver.dir/pico-sdk/lib/cyw43-driver/src/cyw43_ll.c.obj
                0x000000001000867c                cyw43_ll_send_ethernet
 .text.cyw43_ll_process_packets
                0x00000000100086dc       0x54 CMakeFiles/pico_webserver.dir/pico-sdk/lib/cyw43-driver/src/cyw43_ll.c.obj
                0x00000000100086dc                cyw43_ll_process_packets
 .text.cyw43_ll_ioctl
                0x0000000010008730       0x80 CMakeFiles/pico_webserver.dir/pico-sdk/lib/cyw43-driver/src/cyw43_ll.c.obj
                0x0000000010008730                cyw43_ll_ioctl
 .text.cyw43_ll_bus_sleep
                0x00000000100087b0       0x34 CMakeFiles/pico_webserver.dir/pico-sdk/lib/cyw43-driver/src/cyw43_ll.c.obj
                0x00000000100087b0                cyw43_ll_bus_sleep
 .text.cyw43_ll_wifi_on
                0x00000000100087e4      0x220 CMakeFiles/pico_webserver.dir/pico-sdk/lib/cyw43-driver/src/cyw43_ll.c.obj
                0x00000000100087e4                cyw43_ll_wifi_on
 .text.cyw43_ll_wifi_get_mac
                0x0000000010008a04       0x74 CMakeFiles/pico_webserver.dir/pico-sdk/lib/cyw43-driver/src/cyw43_ll.c.obj
                0x0000000010008a04                cyw43_ll_wifi_get_mac
 .text.cyw43_ll_bus_init
                0x0000000010008a78      0xa24 CMakeFiles/pico_webserver.dir/pico-sdk/lib/cyw43-driver/src/cyw43_ll.c.obj
                0x0000000010008a78                cyw43_ll_bus_init
 .text.cyw43_ll_wifi_pm
                0x000000001000949c      0x138 CMakeFiles/pico_webserver.dir/pico-sdk/lib/cyw43-driver/src/cyw43_ll.c.obj
                0x000000001000949c                cyw43_ll_wifi_pm
 .text.cyw43_ll_wifi_join
                0x00000000100095d4      0x3ec CMakeFiles/pico_webserver.dir/pico-sdk/lib/cyw43-driver/src/cyw43_ll.c.obj
                0x00000000100095d4                cyw43_ll_wifi_join
 .text.cyw43_ll_wifi_set_wpa_auth
                0x00000000100099c0       0x4c CMakeFiles/pico_webserver.dir/pico-sdk/lib/cyw43-driver/src/cyw43_ll.c.obj
                0x00000000100099c0                cyw43_ll_wifi_set_wpa_auth
 .text.cyw43_ll_wifi_rejoin
                0x0000000010009a0c       0x58 CMakeFiles/pico_webserver.dir/pico-sdk/lib/cyw43-driver/src/cyw43_ll.c.obj
                0x0000000010009a0c                cyw43_ll_wifi_rejoin
 .text.cyw43_ll_wifi_ap_init
                0x0000000010009a64      0x2e8 CMakeFiles/pico_webserver.dir/pico-sdk/lib/cyw43-driver/src/cyw43_ll.c.obj
                0x0000000010009a64                cyw43_ll_wifi_ap_init
 .text.cyw43_ll_wifi_ap_set_up
                0x0000000010009d4c       0x80 CMakeFiles/pico_webserver.dir/pico-sdk/lib/cyw43-driver/src/cyw43_ll.c.obj
                0x0000000010009d4c                cyw43_ll_wifi_ap_set_up
 .text.cyw43_ll_has_work
                0x0000000010009dcc       0x14 CMakeFiles/pico_webserver.dir/pico-sdk/lib/cyw43-driver/src/cyw43_ll.c.obj
                0x0000000010009dcc                cyw43_ll_has_work
 .text.cyw43_poll_func
                0x0000000010009de0       0xc0 CMakeFiles/pico_webserver.dir/pico-sdk/lib/cyw43-driver/src/cyw43_ctrl.c.obj
 .text.cyw43_init
                0x0000000010009ea0       0x6c CMakeFiles/pico_webserver.dir/pico-sdk/lib/cyw43-driver/src/cyw43_ctrl.c.obj
                0x0000000010009ea0                cyw43_init
 .text.cyw43_deinit
                0x0000000010009f0c       0x90 CMakeFiles/pico_webserver.dir/pico-sdk/lib/cyw43-driver/src/cyw43_ctrl.c.obj
                0x0000000010009f0c                cyw43_deinit
 .text.cyw43_cb_read_host_interrupt_pin
                0x0000000010009f9c        0xc CMakeFiles/pico_webserver.dir/pico-sdk/lib/cyw43-driver/src/cyw43_ctrl.c.obj
                0x0000000010009f9c                cyw43_cb_read_host_interrupt_pin
 .text.cyw43_cb_ensure_awake
                0x0000000010009fa8        0xc CMakeFiles/pico_webserver.dir/pico-sdk/lib/cyw43-driver/src/cyw43_ctrl.c.obj
                0x0000000010009fa8                cyw43_cb_ensure_awake
 .text.cyw43_cb_process_async_event
                0x0000000010009fb4      0x228 CMakeFiles/pico_webserver.dir/pico-sdk/lib/cyw43-driver/src/cyw43_ctrl.c.obj
                0x0000000010009fb4                cyw43_cb_process_async_event
 .text.cyw43_send_ethernet
                0x000000001000a1dc       0xc0 CMakeFiles/pico_webserver.dir/pico-sdk/lib/cyw43-driver/src/cyw43_ctrl.c.obj
                0x000000001000a1dc                cyw43_send_ethernet
 .text.cyw43_wifi_pm
                0x000000001000a29c       0xb4 CMakeFiles/pico_webserver.dir/pico-sdk/lib/cyw43-driver/src/cyw43_ctrl.c.obj
                0x000000001000a29c                cyw43_wifi_pm
 .text.cyw43_wifi_set_up
                0x000000001000a350      0x308 CMakeFiles/pico_webserver.dir/pico-sdk/lib/cyw43-driver/src/cyw43_ctrl.c.obj
                0x000000001000a350                cyw43_wifi_set_up
 .text.cyw43_wifi_join
                0x000000001000a658       0xf4 CMakeFiles/pico_webserver.dir/pico-sdk/lib/cyw43-driver/src/cyw43_ctrl.c.obj
                0x000000001000a658                cyw43_wifi_join
 .text.pio_sm_unclaim
                0x000000001000a74c       0x20 CMakeFiles/pico_webserver.dir/pico-sdk/src/rp2_common/hardware_pio/pio.c.obj
                0x000000001000a74c                pio_sm_unclaim
 .text.pio_claim_unused_sm
                0x000000001000a76c       0x3c CMakeFiles/pico_webserver.dir/pico-sdk/src/rp2_common/hardware_pio/pio.c.obj
                0x000000001000a76c                pio_claim_unused_sm
 .text.pio_can_add_program
                0x000000001000a7a8       0x68 CMakeFiles/pico_webserver.dir/pico-sdk/src/rp2_common/hardware_pio/pio.c.obj
                0x000000001000a7a8                pio_can_add_program
 .text.pio_add_program
                0x000000001000a810       0xc8 CMakeFiles/pico_webserver.dir/pico-sdk/src/rp2_common/hardware_pio/pio.c.obj
                0x000000001000a810                pio_add_program
 .text.pio_remove_program
                0x000000001000a8d8       0x34 CMakeFiles/pico_webserver.dir/pico-sdk/src/rp2_common/hardware_pio/pio.c.obj
                0x000000001000a8d8                pio_remove_program
 .text.pio_sm_set_pindirs_with_mask
                0x000000001000a90c       0xa4 CMakeFiles/pico_webserver.dir/pico-sdk/src/rp2_common/hardware_pio/pio.c.obj
                0x000000001000a90c                pio_sm_set_pindirs_with_mask
 .text.pio_sm_set_consecutive_pindirs
                0x000000001000a9b0       0xb0 CMakeFiles/pico_webserver.dir/pico-sdk/src/rp2_common/hardware_pio/pio.c.obj
                0x000000001000a9b0                pio_sm_set_consecutive_pindirs
 .text.dma_channel_unclaim
                0x000000001000aa60       0x10 CMakeFiles/pico_webserver.dir/pico-sdk/src/rp2_common/hardware_dma/dma.c.obj
                0x000000001000aa60                dma_channel_unclaim
 .text.dma_claim_unused_channel
                0x000000001000aa70       0x20 CMakeFiles/pico_webserver.dir/pico-sdk/src/rp2_common/hardware_dma/dma.c.obj
                0x000000001000aa70                dma_claim_unused_channel
 .text.dma_channel_cleanup
                0x000000001000aa90       0x60 CMakeFiles/pico_webserver.dir/pico-sdk/src/rp2_common/hardware_dma/dma.c.obj
                0x000000001000aa90                dma_channel_cleanup
 .text.cyw43_sleep_timeout_reached
                0x000000001000aaf0       0x10 CMakeFiles/pico_webserver.dir/pico-sdk/src/rp2_common/pico_cyw43_driver/cyw43_driver.c.obj
 .text.cyw43_irq_init
                0x000000001000ab00       0x28 CMakeFiles/pico_webserver.dir/pico-sdk/src/rp2_common/pico_cyw43_driver/cyw43_driver.c.obj
                0x000000001000ab00                cyw43_irq_init
 .text.cyw43_irq_deinit
                0x000000001000ab28       0x20 CMakeFiles/pico_webserver.dir/pico-sdk/src/rp2_common/pico_cyw43_driver/cyw43_driver.c.obj
                0x000000001000ab28                cyw43_irq_deinit
 .text.cyw43_gpio_irq_handler
                0x000000001000ab48       0x44 CMakeFiles/pico_webserver.dir/pico-sdk/src/rp2_common/pico_cyw43_driver/cyw43_driver.c.obj
 .text.cyw43_do_poll
                0x000000001000ab8c       0x6c CMakeFiles/pico_webserver.dir/pico-sdk/src/rp2_common/pico_cyw43_driver/cyw43_driver.c.obj
 .text.cyw43_post_poll_hook
                0x000000001000abf8       0x10 CMakeFiles/pico_webserver.dir/pico-sdk/src/rp2_common/pico_cyw43_driver/cyw43_driver.c.obj
                0x000000001000abf8                cyw43_post_poll_hook
 .text.cyw43_schedule_internal_poll_dispatch
                0x000000001000ac08       0x18 CMakeFiles/pico_webserver.dir/pico-sdk/src/rp2_common/pico_cyw43_driver/cyw43_driver.c.obj
                0x000000001000ac08                cyw43_schedule_internal_poll_dispatch
 .text.cyw43_driver_init
                0x000000001000ac20       0x38 CMakeFiles/pico_webserver.dir/pico-sdk/src/rp2_common/pico_cyw43_driver/cyw43_driver.c.obj
                0x000000001000ac20                cyw43_driver_init
 .text.cyw43_driver_deinit
                0x000000001000ac58       0x44 CMakeFiles/pico_webserver.dir/pico-sdk/src/rp2_common/pico_cyw43_driver/cyw43_driver.c.obj
                0x000000001000ac58                cyw43_driver_deinit
 .text.cyw43_hal_generate_laa_mac
                0x000000001000ac9c       0x28 CMakeFiles/pico_webserver.dir/pico-sdk/src/rp2_common/pico_cyw43_driver/cyw43_driver.c.obj
                0x000000001000ac9c                cyw43_hal_generate_laa_mac
 .text.cyw43_hal_get_mac
                0x000000001000acc4       0x1c CMakeFiles/pico_webserver.dir/pico-sdk/src/rp2_common/pico_cyw43_driver/cyw43_driver.c.obj
                0x000000001000acc4                cyw43_hal_get_mac
 .text.cyw43_thread_enter
                0x000000001000ace0       0x14 CMakeFiles/pico_webserver.dir/pico-sdk/src/rp2_common/pico_cyw43_driver/cyw43_driver.c.obj
                0x000000001000ace0                cyw43_thread_enter
 .text.cyw43_thread_exit
                0x000000001000acf4       0x14 CMakeFiles/pico_webserver.dir/pico-sdk/src/rp2_common/pico_cyw43_driver/cyw43_driver.c.obj
                0x000000001000acf4                cyw43_thread_exit
 .text.cyw43_await_background_or_timeout_us
                0x000000001000ad08       0x34 CMakeFiles/pico_webserver.dir/pico-sdk/src/rp2_common/pico_cyw43_driver/cyw43_driver.c.obj
                0x000000001000ad08                cyw43_await_background_or_timeout_us
 .text.cyw43_delay_ms
                0x000000001000ad3c       0x44 CMakeFiles/pico_webserver.dir/pico-sdk/src/rp2_common/pico_cyw43_driver/cyw43_driver.c.obj
                0x000000001000ad3c                cyw43_delay_ms
 .text.cyw43_delay_us
                0x000000001000ad80       0x34 CMakeFiles/pico_webserver.dir/pico-sdk/src/rp2_common/pico_cyw43_driver/cyw43_driver.c.obj
                0x000000001000ad80                cyw43_delay_us
 .text.cyw43_cb_tcpip_init
                0x000000001000adb4        0x4 CMakeFiles/pico_webserver.dir/pico-sdk/src/rp2_common/pico_cyw43_driver/cyw43_driver.c.obj
                0x000000001000adb4                cyw43_cb_tcpip_init
 .text.cyw43_cb_tcpip_deinit
                0x000000001000adb8        0x4 CMakeFiles/pico_webserver.dir/pico-sdk/src/rp2_common/pico_cyw43_driver/cyw43_driver.c.obj
                0x000000001000adb8                cyw43_cb_tcpip_deinit
 .text.handle_sync_func_call
                0x000000001000adbc       0x24 CMakeFiles/pico_webserver.dir/pico-sdk/src/rp2_common/pico_async_context/async_context_threadsafe_background.c.obj
 .text.async_context_threadsafe_background_acquire_lock_blocking
                0x000000001000ade0        0xc CMakeFiles/pico_webserver.dir/pico-sdk/src/rp2_common/pico_async_context/async_context_threadsafe_background.c.obj
 .text.process_under_lock
                0x000000001000adec       0xc8 CMakeFiles/pico_webserver.dir/pico-sdk/src/rp2_common/pico_async_context/async_context_threadsafe_background.c.obj
 .text.async_context_threadsafe_background_deinit
                0x000000001000aeb4       0x64 CMakeFiles/pico_webserver.dir/pico-sdk/src/rp2_common/pico_async_context/async_context_threadsafe_background.c.obj
 .text.low_priority_irq_handler
                0x000000001000af18       0x3c CMakeFiles/pico_webserver.dir/pico-sdk/src/rp2_common/pico_async_context/async_context_threadsafe_background.c.obj
 .text.async_context_threadsafe_background_wait_for_work_until
                0x000000001000af54        0xc CMakeFiles/pico_webserver.dir/pico-sdk/src/rp2_common/pico_async_context/async_context_threadsafe_background.c.obj
 .text.async_context_threadsafe_background_wait_until
                0x000000001000af60       0x1c CMakeFiles/pico_webserver.dir/pico-sdk/src/rp2_common/pico_async_context/async_context_threadsafe_background.c.obj
 .text.async_context_threadsafe_background_lock_check
                0x000000001000af7c       0x28 CMakeFiles/pico_webserver.dir/pico-sdk/src/rp2_common/pico_async_context/async_context_threadsafe_background.c.obj
 .text.async_context_threadsafe_background_execute_sync
                0x000000001000afa4       0xe4 CMakeFiles/pico_webserver.dir/pico-sdk/src/rp2_common/pico_async_context/async_context_threadsafe_background.c.obj
                0x000000001000afa4                async_context_threadsafe_background_execute_sync
 .text.async_context_threadsafe_background_set_work_pending
                0x000000001000b088       0x50 CMakeFiles/pico_webserver.dir/pico-sdk/src/rp2_common/pico_async_context/async_context_threadsafe_background.c.obj
 .text.alarm_handler
                0x000000001000b0d8       0x58 CMakeFiles/pico_webserver.dir/pico-sdk/src/rp2_common/pico_async_context/async_context_threadsafe_background.c.obj
 .text.async_context_threadsafe_background_release_lock
                0x000000001000b130       0x7c CMakeFiles/pico_webserver.dir/pico-sdk/src/rp2_common/pico_async_context/async_context_threadsafe_background.c.obj
 .text.async_context_threadsafe_background_when_pending_worker
                0x000000001000b1ac       0x90 CMakeFiles/pico_webserver.dir/pico-sdk/src/rp2_common/pico_async_context/async_context_threadsafe_background.c.obj
 .text.async_context_threadsafe_background_remove_at_time_worker
                0x000000001000b23c       0x90 CMakeFiles/pico_webserver.dir/pico-sdk/src/rp2_common/pico_async_context/async_context_threadsafe_background.c.obj
 .text.async_context_threadsafe_background_add_when_pending_worker
                0x000000001000b2cc       0x90 CMakeFiles/pico_webserver.dir/pico-sdk/src/rp2_common/pico_async_context/async_context_threadsafe_background.c.obj
 .text.async_context_threadsafe_background_add_at_time_worker
                0x000000001000b35c       0x90 CMakeFiles/pico_webserver.dir/pico-sdk/src/rp2_common/pico_async_context/async_context_threadsafe_background.c.obj
 .text.async_context_threadsafe_background_default_config
                0x000000001000b3ec        0xc CMakeFiles/pico_webserver.dir/pico-sdk/src/rp2_common/pico_async_context/async_context_threadsafe_background.c.obj
                0x000000001000b3ec                async_context_threadsafe_background_default_config
 .text.async_context_threadsafe_background_init
                0x000000001000b3f8       0xa4 CMakeFiles/pico_webserver.dir/pico-sdk/src/rp2_common/pico_async_context/async_context_threadsafe_background.c.obj
                0x000000001000b3f8                async_context_threadsafe_background_init
 .text.async_context_base_add_at_time_worker
                0x000000001000b49c       0x28 CMakeFiles/pico_webserver.dir/pico-sdk/src/rp2_common/pico_async_context/async_context_base.c.obj
                0x000000001000b49c                async_context_base_add_at_time_worker
 .text.async_context_base_remove_at_time_worker
                0x000000001000b4c4       0x28 CMakeFiles/pico_webserver.dir/pico-sdk/src/rp2_common/pico_async_context/async_context_base.c.obj
                0x000000001000b4c4                async_context_base_remove_at_time_worker
 .text.async_context_base_add_when_pending_worker
                0x000000001000b4ec       0x24 CMakeFiles/pico_webserver.dir/pico-sdk/src/rp2_common/pico_async_context/async_context_base.c.obj
                0x000000001000b4ec                async_context_base_add_when_pending_worker
 .text.async_context_base_remove_when_pending_worker
                0x000000001000b510       0x28 CMakeFiles/pico_webserver.dir/pico-sdk/src/rp2_common/pico_async_context/async_context_base.c.obj
                0x000000001000b510                async_context_base_remove_when_pending_worker
 .text.async_context_base_execute_once
                0x000000001000b538       0xe8 CMakeFiles/pico_webserver.dir/pico-sdk/src/rp2_common/pico_async_context/async_context_base.c.obj
                0x000000001000b538                async_context_base_execute_once
 .text.async_context_base_needs_servicing
                0x000000001000b620       0x54 CMakeFiles/pico_webserver.dir/pico-sdk/src/rp2_common/pico_async_context/async_context_base.c.obj
                0x000000001000b620                async_context_base_needs_servicing
 .text.core1_trampoline
                0x000000001000b674        0x4 CMakeFiles/pico_webserver.dir/pico-sdk/src/rp2_common/pico_multicore/multicore.c.obj
 .text.core1_wrapper
                0x000000001000b678        0xc CMakeFiles/pico_webserver.dir/pico-sdk/src/rp2_common/pico_multicore/multicore.c.obj
                0x000000001000b678                core1_wrapper
 .text.multicore_launch_core1_raw
                0x000000001000b684       0x84 CMakeFiles/pico_webserver.dir/pico-sdk/src/rp2_common/pico_multicore/multicore.c.obj
                0x000000001000b684                multicore_launch_core1_raw
 .text.multicore_launch_core1
                0x000000001000b708       0x4c CMakeFiles/pico_webserver.dir/pico-sdk/src/rp2_common/pico_multicore/multicore.c.obj
                0x000000001000b708                multicore_launch_core1
 .text          0x000000001000b754       0x20 liblwipcore.a(init.c.obj)
                0x000000001000b754                lwip_init
 .text          0x000000001000b774      0x1e0 liblwipcore.a(def.c.obj)
                0x000000001000b774                lwip_htons
                0x000000001000b77c                lwip_htonl
                0x000000001000b780                lwip_strnstr
                0x000000001000b7dc                lwip_strnistr
                0x000000001000b864                lwip_stricmp
                0x000000001000b898                lwip_strnicmp
                0x000000001000b8d4                lwip_itoa
 .text          0x000000001000b954      0x3f0 liblwipcore.a(mem.c.obj)
                0x000000001000b954                mem_init
                0x000000001000b994                mem_free
                0x000000001000baac                mem_trim
                0x000000001000bbe4                mem_malloc
                0x000000001000bd1c                mem_calloc
 .text          0x000000001000bd44      0x1a8 liblwipcore.a(memp.c.obj)
                0x000000001000bd44                memp_init_pool
                0x000000001000bd78                memp_init
                0x000000001000be08                memp_malloc_pool
                0x000000001000be48                memp_malloc
                0x000000001000be94                memp_free_pool
                0x000000001000bebc                memp_free
 .text          0x000000001000beec      0x490 liblwipcore.a(netif.c.obj)
                0x000000001000bef4                netif_init
                0x000000001000bef8                netif_input
                0x000000001000bf10                netif_set_ipaddr
                0x000000001000bf6c                netif_set_netmask
                0x000000001000bf88                netif_set_gw
                0x000000001000bfa4                netif_set_addr
                0x000000001000c070                netif_add
                0x000000001000c120                netif_add_noaddr
                0x000000001000c138                netif_remove
                0x000000001000c1b0                netif_set_default
                0x000000001000c1bc                netif_set_up
                0x000000001000c1f4                netif_set_down
                0x000000001000c218                netif_set_link_up
                0x000000001000c250                netif_set_link_down
                0x000000001000c264                netif_name_to_index
                0x000000001000c2b8                netif_index_to_name
                0x000000001000c300                netif_get_by_index
                0x000000001000c32c                netif_find
 .text          0x000000001000c37c      0xc68 liblwipcore.a(pbuf.c.obj)
                0x000000001000c37c                pbuf_free_ooseq
                0x000000001000c3b0                pbuf_alloc
                0x000000001000c520                pbuf_alloc_reference
                0x000000001000c548                pbuf_realloc
                0x000000001000c604                pbuf_add_header
                0x000000001000c650                pbuf_add_header_force
                0x000000001000c69c                pbuf_remove_header
                0x000000001000c6d4                pbuf_header
                0x000000001000c740                pbuf_header_force
                0x000000001000c7ac                pbuf_free_header
                0x000000001000c85c                pbuf_free
                0x000000001000c8c0                pbuf_clen
                0x000000001000c8d4                pbuf_ref
                0x000000001000c8ec                pbuf_cat
                0x000000001000c918                pbuf_chain
                0x000000001000c95c                pbuf_dechain
                0x000000001000c9e8                pbuf_copy_partial_pbuf
                0x000000001000cb04                pbuf_copy
                0x000000001000cb1c                pbuf_copy_partial
                0x000000001000cb8c                pbuf_get_contiguous
                0x000000001000cc34                pbuf_skip
                0x000000001000cc58                pbuf_take
                0x000000001000ccac                pbuf_take_at
                0x000000001000cd48                pbuf_coalesce
                0x000000001000ce00                pbuf_clone
                0x000000001000ce20                pbuf_get_at
                0x000000001000ce40                pbuf_try_get_at
                0x000000001000ce68                pbuf_put_at
                0x000000001000ce84                pbuf_memcmp
                0x000000001000cef8                pbuf_memfind
                0x000000001000cfa4                pbuf_strstr
 .text          0x000000001000cfe4        0x4 liblwipcore.a(stats.c.obj)
                0x000000001000cfe4                stats_init
 .text          0x000000001000cfe8     0x18e8 liblwipcore.a(tcp.c.obj)
                0x000000001000d0f8                tcp_init
                0x000000001000d0fc                tcp_free
                0x000000001000d108                tcp_bind
                0x000000001000d200                tcp_bind_netif
                0x000000001000d214                tcp_listen_with_backlog
                0x000000001000d298                tcp_listen_with_backlog_and_err
                0x000000001000d338                tcp_update_rcv_ann_wnd
                0x000000001000d374                tcp_recved
                0x000000001000d3ec                tcp_connect
                0x000000001000d580                tcp_slowtmr
                0x000000001000d984                tcp_txnow
                0x000000001000d9b0                tcp_segs_free
                0x000000001000d9e8                tcp_seg_free
                0x000000001000da04                tcp_setprio
                0x000000001000da0c                tcp_seg_copy
                0x000000001000da2c                tcp_arg
                0x000000001000da34                tcp_recv
                0x000000001000da40                tcp_sent
                0x000000001000da4c                tcp_err
                0x000000001000da58                tcp_accept
                0x000000001000da68                tcp_poll
                0x000000001000da74                tcp_pcb_purge
                0x000000001000da8c                tcp_pcb_remove
                0x000000001000db04                tcp_abandon
                0x000000001000dc80                tcp_abort
                0x000000001000dc9c                tcp_alloc
                0x000000001000de94                tcp_new
                0x000000001000e06c                tcp_new_ip_type
                0x000000001000e384                tcp_shutdown
                0x000000001000e3e4                tcp_recv_null
                0x000000001000e48c                tcp_process_refused_data
                0x000000001000e574                tcp_fasttmr
                0x000000001000e5f8                tcp_tmr
                0x000000001000e618                tcp_close
                0x000000001000e778                tcp_next_iss
                0x000000001000e790                tcp_eff_send_mss_netif
                0x000000001000e7b8                tcp_netif_ip_addr_changed
                0x000000001000e848                tcp_debug_state_str
                0x000000001000e858                tcp_tcp_get_tcp_addrinfo
                0x000000001000e890                tcp_free_ooseq
 .text          0x000000001000e8d0     0x1760 liblwipcore.a(tcp_in.c.obj)
                0x000000001000f498                tcp_input
                0x000000001001001c                tcp_trigger_input_pcb_close
 .text          0x0000000010010030     0x12b4 liblwipcore.a(tcp_out.c.obj)
                0x00000000100101b4                tcp_write
                0x00000000100104ac                tcp_split_unsent_seg
                0x0000000010010648                tcp_send_fin
                0x0000000010010728                tcp_enqueue_flags
                0x00000000100107d0                tcp_rexmit_rto_prepare
                0x000000001001085c                tcp_rexmit
                0x00000000100108ec                tcp_rexmit_fast
                0x0000000010010944                tcp_rst
                0x0000000010010a00                tcp_rst_netif
                0x0000000010010afc                tcp_send_empty_ack
                0x0000000010010bd8                tcp_output
                0x0000000010010fe8                tcp_rexmit_rto_commit
                0x0000000010010ffc                tcp_rexmit_rto
                0x0000000010011094                tcp_keepalive
                0x0000000010011158                tcp_zero_window_probe
 .text          0x00000000100112e4      0x320 liblwipcore.a(timeouts.c.obj)
                0x00000000100113e4                tcp_timer_needed
                0x0000000010011458                sys_timeouts_init
                0x00000000100114d0                sys_timeout
                0x0000000010011514                sys_untimeout
                0x0000000010011554                sys_check_timeouts
                0x00000000100115ac                sys_restart_timeouts
                0x00000000100115dc                sys_timeouts_sleeptime
 .text          0x0000000010011604      0x6c4 liblwipcore.a(udp.c.obj)
                0x0000000010011604                udp_init
                0x0000000010011608                udp_input
                0x0000000010011810                udp_bind
                0x000000001001191c                udp_sendto_if_src
                0x0000000010011a3c                udp_sendto_if
                0x0000000010011a84                udp_sendto
                0x0000000010011b00                udp_send
                0x0000000010011b78                udp_bind_netif
                0x0000000010011b8c                udp_connect
                0x0000000010011bf0                udp_disconnect
                0x0000000010011c08                udp_recv
                0x0000000010011c14                udp_remove
                0x0000000010011c50                udp_new
                0x0000000010011c6c                udp_new_ip_type
                0x0000000010011c88                udp_netif_ip_addr_changed
 .text          0x0000000010011cc8     0x2a3c liblwipcore.a(etharp.c.obj)
                0x0000000010013e6c                etharp_tmr
                0x0000000010013f00                etharp_cleanup_netif
                0x0000000010014088                etharp_find_addr
                0x00000000100140c8                etharp_get_entry
                0x00000000100140fc                etharp_input
                0x000000001001429c                etharp_query
                0x0000000010014424                etharp_output
                0x0000000010014640                etharp_request
 .text          0x0000000010014704      0x848 liblwipcore.a(ip4_frag.c.obj)
                0x0000000010014844                ip_reass_tmr
                0x00000000100148e4                ip4_reass
                0x0000000010014dec                ip4_frag
 .text          0x0000000010014f4c      0x748 liblwipcore.a(ip4.c.obj)
                0x0000000010014f4c                ip4_route
                0x0000000010014fcc                ip4_input
                0x0000000010015250                ip4_output_if
                0x00000000100153b8                ip4_output_if_src
                0x0000000010015510                ip4_output
 .text          0x0000000010015694      0x3bc liblwipcore.a(ip4_addr.c.obj)
                0x0000000010015694                ip4_addr_isbroadcast_u32
                0x00000000100156d0                ip4_addr_netmask_valid
                0x0000000010015700                ip4addr_aton
                0x0000000010015880                ipaddr_addr
                0x000000001001589c                ip4addr_ntoa
                0x0000000010015978                ip4addr_ntoa_r
 .text          0x0000000010015a50      0x13c liblwipcore.a(ethernet.c.obj)
                0x0000000010015a50                ethernet_input
                0x0000000010015b24                ethernet_output
 .text          0x0000000010015b8c      0x334 liblwipcore.a(inet_chksum.c.obj)
                0x0000000010015b8c                lwip_standard_chksum
                0x0000000010015c0c                inet_chksum_pseudo
                0x0000000010015cc0                ip_chksum_pseudo
                0x0000000010015cd0                inet_chksum_pseudo_partial
                0x0000000010015db4                ip_chksum_pseudo_partial
                0x0000000010015dc8                inet_chksum
                0x0000000010015e54                inet_chksum_pbuf
 .text          0x0000000010015ec0       0x18 /usr/lib/gcc/arm-none-eabi/10.3.1/../../../arm-none-eabi/lib/thumb/v6-m/nofp/libc.a(lib_a-atoi.o)
                0x0000000010015ec0                atoi
                0x0000000010015ecc                _atoi_r
 .text          0x0000000010015ed8       0x18 /usr/lib/gcc/arm-none-eabi/10.3.1/../../../arm-none-eabi/lib/thumb/v6-m/nofp/libc.a(lib_a-calloc.o)
                0x0000000010015ed8                calloc
 .text          0x0000000010015ef0       0x5c /usr/lib/gcc/arm-none-eabi/10.3.1/../../../arm-none-eabi/lib/thumb/v6-m/nofp/libc.a(lib_a-callocr.o)
                0x0000000010015ef0                _calloc_r
 .text          0x0000000010015f4c       0x28 /usr/lib/gcc/arm-none-eabi/10.3.1/../../../arm-none-eabi/lib/thumb/v6-m/nofp/libc.a(lib_a-malloc.o)
                0x0000000010015f4c                malloc
                0x0000000010015f60                free
 .text          0x0000000010015f74      0x574 /usr/lib/gcc/arm-none-eabi/10.3.1/../../../arm-none-eabi/lib/thumb/v6-m/nofp/libc.a(lib_a-mallocr.o)
                0x0000000010015f74                _malloc_r
 .text          0x00000000100164e8        0x8 /usr/lib/gcc/arm-none-eabi/10.3.1/../../../arm-none-eabi/lib/thumb/v6-m/nofp/libc.a(lib_a-mlock.o)
                0x00000000100164e8                __malloc_lock
                0x00000000100164ec                __malloc_unlock
 .text          0x00000000100164f0       0x24 /usr/lib/gcc/arm-none-eabi/10.3.1/../../../arm-none-eabi/lib/thumb/v6-m/nofp/libc.a(lib_a-sbrkr.o)
                0x00000000100164f0                _sbrk_r
 .text          0x0000000010016514       0x5c /usr/lib/gcc/arm-none-eabi/10.3.1/../../../arm-none-eabi/lib/thumb/v6-m/nofp/libc.a(lib_a-strlen-stub.o)
                0x0000000010016514                strlen
 .text          0x0000000010016570       0x74 /usr/lib/gcc/arm-none-eabi/10.3.1/../../../arm-none-eabi/lib/thumb/v6-m/nofp/libc.a(lib_a-strncmp.o)
                0x0000000010016570                strncmp
 .text          0x00000000100165e4      0x1b8 /usr/lib/gcc/arm-none-eabi/10.3.1/../../../arm-none-eabi/lib/thumb/v6-m/nofp/libc.a(lib_a-strtol.o)
                0x0000000010016728                _strtol_r
                0x0000000010016744                strtol_l
                0x0000000010016770                strtol
 .text          0x000000001001679c        0xc /usr/lib/gcc/arm-none-eabi/10.3.1/../../../arm-none-eabi/lib/thumb/v6-m/nofp/libc.a(lib_a-errno.o)
                0x000000001001679c                __errno
 .text          0x00000000100167a8      0x260 /usr/lib/gcc/arm-none-eabi/10.3.1/../../../arm-none-eabi/lib/thumb/v6-m/nofp/libc.a(lib_a-freer.o)
                0x00000000100167a8                _malloc_trim_r
                0x0000000010016844                _free_r
 *(.fini)
 .fini          0x0000000010016a08        0x4 /usr/lib/gcc/arm-none-eabi/10.3.1/thumb/v6-m/nofp/crti.o
                0x0000000010016a08                _fini
 *fill*         0x0000000010016a0c        0x4 
 .fini.__stub   0x0000000010016a10      0x150 linker stubs
 *crtbegin.o(.ctors)
 *crtbegin?.o(.ctors)
 *(EXCLUDE_FILE(*crtend.o *crtend?.o) .ctors)
 *(SORT_BY_NAME(.ctors.*))
 *(.ctors)
 *crtbegin.o(.dtors)
 *crtbegin?.o(.dtors)
 *(EXCLUDE_FILE(*crtend.o *crtend?.o) .dtors)
 *(SORT_BY_NAME(.dtors.*))
 *(.dtors)
 *(.eh_frame*)
 .eh_frame      0x0000000010016b60        0x0 /usr/lib/gcc/arm-none-eabi/10.3.1/thumb/v6-m/nofp/crtbegin.o
                0x0000000010016b60                . = ALIGN (0x4)

.glue_7         0x0000000010016b60        0x0
 .glue_7        0x0000000010016b60        0x0 linker stubs

.glue_7t        0x0000000010016b60        0x0
 .glue_7t       0x0000000010016b60        0x0 linker stubs

.vfp11_veneer   0x0000000010016b60        0x0
 .vfp11_veneer  0x0000000010016b60        0x0 linker stubs

.v4_bx          0x0000000010016b60        0x0
 .v4_bx         0x0000000010016b60        0x0 linker stubs

.iplt           0x0000000010016b60        0x0
 .iplt          0x0000000010016b60        0x0 /usr/lib/gcc/arm-none-eabi/10.3.1/thumb/v6-m/nofp/crtbegin.o

.rodata         0x0000000010016b60    0x38300
 *(EXCLUDE_FILE(*libm.a: *libc.a:*lib_a-mem*.o *libgcc.a:) .rodata*)
 .rodata.main.str1.4
                0x0000000010016b60       0x32 CMakeFiles/pico_webserver.dir/webserver.c.obj
 *fill*         0x0000000010016b92        0x2 
 .rodata.gateway
                0x0000000010016b94        0x4 CMakeFiles/pico_webserver.dir/tusb_lwip_glue.c.obj
 .rodata.ipaddr
                0x0000000010016b98        0x4 CMakeFiles/pico_webserver.dir/tusb_lwip_glue.c.obj
 .rodata.netmask
                0x0000000010016b9c        0x4 CMakeFiles/pico_webserver.dir/tusb_lwip_glue.c.obj
 .rodata.tud_descriptor_string_cb.str1.4
                0x0000000010016ba0       0x11 CMakeFiles/pico_webserver.dir/usb_descriptors.c.obj
 *fill*         0x0000000010016bb1        0x3 
 .rodata.str1.4
                0x0000000010016bb4       0x3e CMakeFiles/pico_webserver.dir/usb_descriptors.c.obj
 *fill*         0x0000000010016bf2        0x2 
 .rodata.__compound_literal.0
                0x0000000010016bf4        0x2 CMakeFiles/pico_webserver.dir/usb_descriptors.c.obj
 *fill*         0x0000000010016bf6        0x2 
 .rodata.configuration_arr
                0x0000000010016bf8        0x8 CMakeFiles/pico_webserver.dir/usb_descriptors.c.obj
 .rodata.desc_device
                0x0000000010016c00       0x12 CMakeFiles/pico_webserver.dir/usb_descriptors.c.obj
                0x0000000010016c00                desc_device
 *fill*         0x0000000010016c12        0x2 
 .rodata.ecm_configuration
                0x0000000010016c14       0x58 CMakeFiles/pico_webserver.dir/usb_descriptors.c.obj
 .rodata.rndis_configuration
                0x0000000010016c6c       0x4b CMakeFiles/pico_webserver.dir/usb_descriptors.c.obj
 *fill*         0x0000000010016cb7        0x1 
 .rodata.string_desc_arr
                0x0000000010016cb8       0x14 CMakeFiles/pico_webserver.dir/usb_descriptors.c.obj
 .rodata.rndis_class_set_handler.str1.4
                0x0000000010016ccc        0x8 CMakeFiles/pico_webserver.dir/pico-sdk/lib/tinyusb/lib/networking/rndis_reports.c.obj
 .rodata.rndis_class_set_handler
                0x0000000010016ccc       0x90 CMakeFiles/pico_webserver.dir/pico-sdk/lib/tinyusb/lib/networking/rndis_reports.c.obj
 .rodata.OIDSupportedList
                0x0000000010016d5c       0x58 CMakeFiles/pico_webserver.dir/pico-sdk/lib/tinyusb/lib/networking/rndis_reports.c.obj
 .rodata.core1_entry.str1.4
                0x0000000010016db4       0x18 CMakeFiles/pico_webserver.dir/wifi_code.c.obj
 .rodata.spin_lock_claim_unused.str1.4
                0x0000000010016dcc       0x1b CMakeFiles/pico_webserver.dir/pico-sdk/src/rp2_common/hardware_sync/sync.c.obj
 *fill*         0x0000000010016de7        0x1 
 .rodata.user_irq_claim_unused.str1.4
                0x0000000010016de8       0x1b CMakeFiles/pico_webserver.dir/pico-sdk/src/rp2_common/hardware_irq/irq.c.obj
 *fill*         0x0000000010016e03        0x5 
 .rodata.at_the_end_of_time
                0x0000000010016e08        0x8 CMakeFiles/pico_webserver.dir/pico-sdk/src/common/pico_time/time.c.obj
                0x0000000010016e08                at_the_end_of_time
 .rodata.hardware_alarm_claim.str1.4
                0x0000000010016e10       0x22 CMakeFiles/pico_webserver.dir/pico-sdk/src/rp2_common/hardware_timer/timer.c.obj
 *fill*         0x0000000010016e32        0x2 
 .rodata.hardware_alarm_claim_unused.str1.4
                0x0000000010016e34       0x14 CMakeFiles/pico_webserver.dir/pico-sdk/src/rp2_common/hardware_timer/timer.c.obj
 .rodata.panic.str1.4
                0x0000000010016e48       0x10 CMakeFiles/pico_webserver.dir/pico-sdk/src/rp2_common/pico_runtime/runtime.c.obj
                                         0x12 (size before relaxing)
 .rodata.hard_assertion_failure.str1.4
                0x0000000010016e58        0xc CMakeFiles/pico_webserver.dir/pico-sdk/src/rp2_common/pico_runtime/runtime.c.obj
 .rodata._ftoa.str1.4
                0x0000000010016e64       0x15 CMakeFiles/pico_webserver.dir/pico-sdk/src/rp2_common/pico_printf/printf.c.obj
 *fill*         0x0000000010016e79        0x3 
 .rodata._vsnprintf
                0x0000000010016e7c      0x1e0 CMakeFiles/pico_webserver.dir/pico-sdk/src/rp2_common/pico_printf/printf.c.obj
 *fill*         0x000000001001705c        0x4 
 .rodata.pow10.0
                0x0000000010017060       0x50 CMakeFiles/pico_webserver.dir/pico-sdk/src/rp2_common/pico_printf/printf.c.obj
 .rodata.missing_double_func_shim.str1.4
                0x00000000100170b0       0x18 CMakeFiles/pico_webserver.dir/pico-sdk/src/rp2_common/pico_double/double_init_rom.c.obj
 .rodata.missing_float_func_shim.str1.4
                0x00000000100170c8       0x18 CMakeFiles/pico_webserver.dir/pico-sdk/src/rp2_common/pico_float/float_init_rom.c.obj
                                          0x1 (size before relaxing)
 .rodata.__wrap_malloc.str1.4
                0x00000000100170c8        0xe CMakeFiles/pico_webserver.dir/pico-sdk/src/rp2_common/pico_malloc/pico_malloc.c.obj
 *fill*         0x00000000100170d6        0x2 
 .rodata.str1.4
                0x00000000100170d8       0x44 CMakeFiles/pico_webserver.dir/pico-sdk/src/rp2_common/pico_standard_link/binary_info.c.obj
 .rodata.__bi_44