Archive member included to satisfy reference by file (symbol)

/usr/lib/gcc/arm-none-eabi/10.3.1/thumb/v6-m/nofp/libgcc.a(_dvmd_tls.o)
                              CMakeFiles/pico_webserver.dir/pico-sdk/src/rp2_common/pico_divider/divider.S.obj (__aeabi_idiv0)
/usr/lib/gcc/arm-none-eabi/10.3.1/../../../arm-none-eabi/lib/thumb/v6-m/nofp/libc.a(lib_a-atexit.o)
                              /usr/lib/gcc/arm-none-eabi/10.3.1/../../../arm-none-eabi/lib/thumb/v6-m/nofp/crt0.o (atexit)
/usr/lib/gcc/arm-none-eabi/10.3.1/../../../arm-none-eabi/lib/thumb/v6-m/nofp/libc.a(lib_a-atoi.o)
                              CMakeFiles/pico_webserver.dir/pico-sdk/lib/lwip/src/core/netif.c.obj (atoi)
/usr/lib/gcc/arm-none-eabi/10.3.1/../../../arm-none-eabi/lib/thumb/v6-m/nofp/libc.a(lib_a-calloc.o)
                              CMakeFiles/pico_webserver.dir/pico-sdk/src/rp2_common/pico_malloc/pico_malloc.c.obj (calloc)
/usr/lib/gcc/arm-none-eabi/10.3.1/../../../arm-none-eabi/lib/thumb/v6-m/nofp/libc.a(lib_a-callocr.o)
                              /usr/lib/gcc/arm-none-eabi/10.3.1/../../../arm-none-eabi/lib/thumb/v6-m/nofp/libc.a(lib_a-calloc.o) (_calloc_r)
/usr/lib/gcc/arm-none-eabi/10.3.1/../../../arm-none-eabi/lib/thumb/v6-m/nofp/libc.a(lib_a-ctype_.o)
                              CMakeFiles/pico_webserver.dir/pico-sdk/lib/lwip/src/core/ipv4/ip4_addr.c.obj (_ctype_)
/usr/lib/gcc/arm-none-eabi/10.3.1/../../../arm-none-eabi/lib/thumb/v6-m/nofp/libc.a(lib_a-fini.o)
                              /usr/lib/gcc/arm-none-eabi/10.3.1/../../../arm-none-eabi/lib/thumb/v6-m/nofp/crt0.o (__libc_fini_array)
/usr/lib/gcc/arm-none-eabi/10.3.1/../../../arm-none-eabi/lib/thumb/v6-m/nofp/libc.a(lib_a-impure.o)
                              /usr/lib/gcc/arm-none-eabi/10.3.1/../../../arm-none-eabi/lib/thumb/v6-m/nofp/libc.a(lib_a-calloc.o) (_impure_ptr)
/usr/lib/gcc/arm-none-eabi/10.3.1/../../../arm-none-eabi/lib/thumb/v6-m/nofp/libc.a(lib_a-init.o)
                              /usr/lib/gcc/arm-none-eabi/10.3.1/../../../arm-none-eabi/lib/thumb/v6-m/nofp/crt0.o (__libc_init_array)
/usr/lib/gcc/arm-none-eabi/10.3.1/../../../arm-none-eabi/lib/thumb/v6-m/nofp/libc.a(lib_a-malloc.o)
                              CMakeFiles/pico_webserver.dir/pico-sdk/src/rp2_common/pico_malloc/pico_malloc.c.obj (malloc)
/usr/lib/gcc/arm-none-eabi/10.3.1/../../../arm-none-eabi/lib/thumb/v6-m/nofp/libc.a(lib_a-mallocr.o)
                              /usr/lib/gcc/arm-none-eabi/10.3.1/../../../arm-none-eabi/lib/thumb/v6-m/nofp/libc.a(lib_a-callocr.o) (_malloc_r)
/usr/lib/gcc/arm-none-eabi/10.3.1/../../../arm-none-eabi/lib/thumb/v6-m/nofp/libc.a(lib_a-memcmp.o)
                              CMakeFiles/pico_webserver.dir/pico-sdk/lib/tinyusb/lib/networking/dhserver.c.obj (memcmp)
/usr/lib/gcc/arm-none-eabi/10.3.1/../../../arm-none-eabi/lib/thumb/v6-m/nofp/libc.a(lib_a-memmove.o)
                              CMakeFiles/pico_webserver.dir/pico-sdk/lib/lwip/src/core/def.c.obj (memmove)
/usr/lib/gcc/arm-none-eabi/10.3.1/../../../arm-none-eabi/lib/thumb/v6-m/nofp/libc.a(lib_a-mlock.o)
                              /usr/lib/gcc/arm-none-eabi/10.3.1/../../../arm-none-eabi/lib/thumb/v6-m/nofp/libc.a(lib_a-mallocr.o) (__malloc_lock)
/usr/lib/gcc/arm-none-eabi/10.3.1/../../../arm-none-eabi/lib/thumb/v6-m/nofp/libc.a(lib_a-rand.o)
                              CMakeFiles/pico_webserver.dir/ssi.cpp.obj (rand)
/usr/lib/gcc/arm-none-eabi/10.3.1/../../../arm-none-eabi/lib/thumb/v6-m/nofp/libc.a(lib_a-realloc.o)
                              CMakeFiles/pico_webserver.dir/pico-sdk/src/rp2_common/pico_malloc/pico_malloc.c.obj (realloc)
/usr/lib/gcc/arm-none-eabi/10.3.1/../../../arm-none-eabi/lib/thumb/v6-m/nofp/libc.a(lib_a-reallocr.o)
                              /usr/lib/gcc/arm-none-eabi/10.3.1/../../../arm-none-eabi/lib/thumb/v6-m/nofp/libc.a(lib_a-realloc.o) (_realloc_r)
/usr/lib/gcc/arm-none-eabi/10.3.1/../../../arm-none-eabi/lib/thumb/v6-m/nofp/libc.a(lib_a-sbrkr.o)
                              /usr/lib/gcc/arm-none-eabi/10.3.1/../../../arm-none-eabi/lib/thumb/v6-m/nofp/libc.a(lib_a-mallocr.o) (_sbrk_r)
/usr/lib/gcc/arm-none-eabi/10.3.1/../../../arm-none-eabi/lib/thumb/v6-m/nofp/libc.a(lib_a-strchr.o)
                              CMakeFiles/pico_webserver.dir/pico-sdk/lib/lwip/src/apps/http/httpd.c.obj (strchr)
/usr/lib/gcc/arm-none-eabi/10.3.1/../../../arm-none-eabi/lib/thumb/v6-m/nofp/libc.a(lib_a-strcmp.o)
                              CMakeFiles/pico_webserver.dir/cgi.cpp.obj (strcmp)
/usr/lib/gcc/arm-none-eabi/10.3.1/../../../arm-none-eabi/lib/thumb/v6-m/nofp/libc.a(lib_a-strlen-stub.o)
                              CMakeFiles/pico_webserver.dir/usb_descriptors.c.obj (strlen)
/usr/lib/gcc/arm-none-eabi/10.3.1/../../../arm-none-eabi/lib/thumb/v6-m/nofp/libc.a(lib_a-strncmp.o)
                              CMakeFiles/pico_webserver.dir/pico-sdk/lib/lwip/src/core/def.c.obj (strncmp)
[...]
Memory Configuration

Name             Origin             Length             Attributes
FLASH            0x0000000010000000 0x0000000000200000 xr
RAM              0x0000000020000000 0x0000000000040000 xrw
SCRATCH_X        0x0000000020040000 0x0000000000001000 xrw
SCRATCH_Y        0x0000000020041000 0x0000000000001000 xrw
*default*        0x0000000000000000 0xffffffffffffffff

Linker script and memory map

LOAD /usr/lib/gcc/arm-none-eabi/10.3.1/thumb/v6-m/nofp/crti.o
LOAD /usr/lib/gcc/arm-none-eabi/10.3.1/thumb/v6-m/nofp/crtbegin.o
LOAD /usr/lib/gcc/arm-none-eabi/10.3.1/../../../arm-none-eabi/lib/thumb/v6-m/nofp/crt0.o

.flash_begin    0x0000000010000000        0x0
                0x0000000010000000                __flash_binary_start = .

.boot2          0x0000000010000000      0x100
                0x0000000010000000                __boot2_start__ = .
 *(.boot2)
 .boot2         0x0000000010000000      0x100 /tmp/cc6QTwLg.o
                0x0000000010000100                __boot2_end__ = .
                0x0000000000000001                ASSERT (((__boot2_end__ - __boot2_start__) == 0x100), ERROR: Pico second stage bootloader must be 256 bytes in size)

.text           0x0000000010000100    0x18fb8
                0x0000000010000100                __logical_binary_start = .
 *(.vectors)
 .vectors       0x0000000010000100       0xd4 CMakeFiles/pico_webserver.dir/pico-sdk/src/rp2_common/pico_standard_link/crt0.S.obj
                0x0000000010000100                __vectors
                0x0000000010000100                __VECTOR_TABLE
                0x00000000100001c0                isr_invalid
                0x00000000100001c0                __default_isrs_start
                0x00000000100001c2                isr_nmi
                0x00000000100001c4                isr_hardfault
                0x00000000100001c6                isr_svcall
                0x00000000100001c8                isr_pendsv
                0x00000000100001ca                isr_systick
                0x00000000100001cc                isr_irq30
                0x00000000100001cc                __unhandled_user_irq
                0x00000000100001cc                isr_irq13
                0x00000000100001cc                isr_irq27
                0x00000000100001cc                isr_irq31
                0x00000000100001cc                isr_irq5
                0x00000000100001cc                isr_irq11
                0x00000000100001cc                isr_irq23
                0x00000000100001cc                isr_irq18
                0x00000000100001cc                isr_irq28
                0x00000000100001cc                isr_irq19
                0x00000000100001cc                isr_irq0
                0x00000000100001cc                isr_irq6
                0x00000000100001cc                isr_irq22
                0x00000000100001cc                isr_irq17
                0x00000000100001cc                isr_irq14
                0x00000000100001cc                isr_irq2
                0x00000000100001cc                isr_irq10
                0x00000000100001cc                isr_irq8
                0x00000000100001cc                isr_irq24
                0x00000000100001cc                isr_irq1
                0x00000000100001cc                isr_irq7
                0x00000000100001cc                isr_irq21
                0x00000000100001cc                isr_irq20
                0x00000000100001cc                isr_irq15
                0x00000000100001cc                isr_irq25
                0x00000000100001cc                isr_irq4
                0x00000000100001cc                isr_irq16
                0x00000000100001cc                isr_irq29
                0x00000000100001cc                isr_irq26
                0x00000000100001cc                __default_isrs_end
                0x00000000100001cc                isr_irq3
                0x00000000100001cc                isr_irq12
                0x00000000100001cc                isr_irq9
                0x00000000100001d2                unhandled_user_irq_num_in_r0
 *(.binary_info_header)
 .binary_info_header
                0x00000000100001d4       0x14 CMakeFiles/pico_webserver.dir/pico-sdk/src/rp2_common/pico_standard_link/crt0.S.obj
                0x00000000100001e8                __binary_info_header_end = .
 *(.reset)
 .reset         0x00000000100001e8       0xa0 CMakeFiles/pico_webserver.dir/pico-sdk/src/rp2_common/pico_standard_link/crt0.S.obj
                0x00000000100001e8                _entry_point
 .reset         0x0000000010000288       0x30 CMakeFiles/pico_webserver.dir/pico-sdk/src/rp2_common/pico_standard_link/binary_info.c.obj
 *(.init)
 .init          0x00000000100002b8        0x4 /usr/lib/gcc/arm-none-eabi/10.3.1/thumb/v6-m/nofp/crti.o
                0x00000000100002b8                _init
 *(EXCLUDE_FILE(*libm.a: *libc.a:*lib_a-mem*.o *libgcc.a:) .text*)
 .text          0x00000000100002bc       0x98 /usr/lib/gcc/arm-none-eabi/10.3.1/thumb/v6-m/nofp/crtbegin.o
 .text.core1_entry
                0x0000000010000354       0x2c CMakeFiles/pico_webserver.dir/webserver.c.obj
                0x0000000010000354                core1_entry
 .text.startup.main
                0x0000000010000380       0x60 CMakeFiles/pico_webserver.dir/webserver.c.obj
                0x0000000010000380                main
 .text.netif_init_cb
                0x00000000100003e0       0x30 CMakeFiles/pico_webserver.dir/tusb_lwip_glue.c.obj
 .text.output_fn
                0x0000000010000410        0x8 CMakeFiles/pico_webserver.dir/tusb_lwip_glue.c.obj
 .text.linkoutput_fn
                0x0000000010000418       0x3c CMakeFiles/pico_webserver.dir/tusb_lwip_glue.c.obj
 .text.init_lwip
                0x0000000010000454       0x60 CMakeFiles/pico_webserver.dir/tusb_lwip_glue.c.obj
                0x0000000010000454                init_lwip
 .text.tud_network_init_cb
                0x00000000100004b4       0x18 CMakeFiles/pico_webserver.dir/tusb_lwip_glue.c.obj
                0x00000000100004b4                tud_network_init_cb
 .text.tud_network_recv_cb
                0x00000000100004cc       0x3c CMakeFiles/pico_webserver.dir/tusb_lwip_glue.c.obj
                0x00000000100004cc                tud_network_recv_cb
 .text.tud_network_xmit_cb
                0x0000000010000508       0x30 CMakeFiles/pico_webserver.dir/tusb_lwip_glue.c.obj
                0x0000000010000508                tud_network_xmit_cb
 .text.service_traffic
                0x0000000010000538       0x2c CMakeFiles/pico_webserver.dir/tusb_lwip_glue.c.obj
                0x0000000010000538                service_traffic
 .text.dhcpd_init
                0x0000000010000564       0x14 CMakeFiles/pico_webserver.dir/tusb_lwip_glue.c.obj
                0x0000000010000564                dhcpd_init
 .text.wait_for_netif_is_up
                0x0000000010000578       0x14 CMakeFiles/pico_webserver.dir/tusb_lwip_glue.c.obj
                0x0000000010000578                wait_for_netif_is_up
 .text.tud_descriptor_device_cb
                0x000000001000058c        0x8 CMakeFiles/pico_webserver.dir/usb_descriptors.c.obj
                0x000000001000058c                tud_descriptor_device_cb
 .text.tud_descriptor_configuration_cb
                0x0000000010000594       0x14 CMakeFiles/pico_webserver.dir/usb_descriptors.c.obj
                0x0000000010000594                tud_descriptor_configuration_cb
 .text.tud_descriptor_string_cb
                0x00000000100005a8      0x17c CMakeFiles/pico_webserver.dir/usb_descriptors.c.obj
                0x00000000100005a8                tud_descriptor_string_cb
 .text.fill_options
                0x0000000010000724       0xdc CMakeFiles/pico_webserver.dir/pico-sdk/lib/tinyusb/lib/networking/dhserver.c.obj
                0x0000000010000724                fill_options
 .text.udp_recv_proc
                0x0000000010000800      0x2e4 CMakeFiles/pico_webserver.dir/pico-sdk/lib/tinyusb/lib/networking/dhserver.c.obj
 .text.dhserv_init
                0x0000000010000ae4       0x64 CMakeFiles/pico_webserver.dir/pico-sdk/lib/tinyusb/lib/networking/dhserver.c.obj
                0x0000000010000ae4                dhserv_init
 .text.rndis_class_set_handler
                0x0000000010000b48      0x2d4 CMakeFiles/pico_webserver.dir/pico-sdk/lib/tinyusb/lib/networking/rndis_reports.c.obj
                0x0000000010000b48                rndis_class_set_handler
 .text._Z11scan_resultPvPK23_cyw43_ev_scan_result_t
                0x0000000010000e1c       0x4c CMakeFiles/pico_webserver.dir/ssi.cpp.obj
                0x0000000010000e1c                scan_result(void*, _cyw43_ev_scan_result_t const*)
 .text.ssi_init
                0x0000000010000e68       0x4c CMakeFiles/pico_webserver.dir/ssi.cpp.obj
                0x0000000010000e68                ssi_init
 .text.cgi_handler_basic
                0x0000000010000eb4      0x11c CMakeFiles/pico_webserver.dir/cgi.cpp.obj
                0x0000000010000eb4                cgi_handler_basic
 .text.cgi_handler_extended
                0x0000000010000fd0      0x11c CMakeFiles/pico_webserver.dir/cgi.cpp.obj
                0x0000000010000fd0                cgi_handler_extended
 .text.cgi_toggle_led
                0x00000000100010ec       0x20 CMakeFiles/pico_webserver.dir/cgi.cpp.obj
 .text.cgi_reset_usb_boot
                0x000000001000110c       0x14 CMakeFiles/pico_webserver.dir/cgi.cpp.obj
 .text.cgi_init
                0x0000000010001120       0x2c CMakeFiles/pico_webserver.dir/cgi.cpp.obj
                0x0000000010001120                cgi_init
 .text.set_sys_clock_pll
                0x000000001000114c       0x78 CMakeFiles/pico_webserver.dir/pico-sdk/src/rp2_common/pico_stdlib/stdlib.c.obj
                0x000000001000114c                set_sys_clock_pll
 .text.check_sys_clock_khz
                0x00000000100011c4      0x17c CMakeFiles/pico_webserver.dir/pico-sdk/src/rp2_common/pico_stdlib/stdlib.c.obj
                0x00000000100011c4                check_sys_clock_khz
 .text.gpio_set_function
                0x0000000010001340       0x30 CMakeFiles/pico_webserver.dir/pico-sdk/src/rp2_common/hardware_gpio/gpio.c.obj
                0x0000000010001340                gpio_set_function
 .text.gpio_set_pulls
                0x0000000010001370       0x30 CMakeFiles/pico_webserver.dir/pico-sdk/src/rp2_common/hardware_gpio/gpio.c.obj
                0x0000000010001370                gpio_set_pulls
 .text.gpio_set_input_hysteresis_enabled
                0x00000000100013a0       0x28 CMakeFiles/pico_webserver.dir/pico-sdk/src/rp2_common/hardware_gpio/gpio.c.obj
                0x00000000100013a0                gpio_set_input_hysteresis_enabled
 .text.gpio_set_irq_enabled
                0x00000000100013c8       0x54 CMakeFiles/pico_webserver.dir/pico-sdk/src/rp2_common/hardware_gpio/gpio.c.obj
                0x00000000100013c8                gpio_set_irq_enabled
 .text.gpio_add_raw_irq_handler_with_order_priority_masked
                0x000000001000141c       0x44 CMakeFiles/pico_webserver.dir/pico-sdk/src/rp2_common/hardware_gpio/gpio.c.obj
                0x000000001000141c                gpio_add_raw_irq_handler_with_order_priority_masked
 .text.gpio_remove_raw_irq_handler_masked
                0x0000000010001460       0x20 CMakeFiles/pico_webserver.dir/pico-sdk/src/rp2_common/hardware_gpio/gpio.c.obj
                0x0000000010001460                gpio_remove_raw_irq_handler_masked
 .text.gpio_set_input_enabled
                0x0000000010001480       0x28 CMakeFiles/pico_webserver.dir/pico-sdk/src/rp2_common/hardware_gpio/gpio.c.obj
                0x0000000010001480                gpio_set_input_enabled
 .text.gpio_init
                0x00000000100014a8       0x3c CMakeFiles/pico_webserver.dir/pico-sdk/src/rp2_common/hardware_gpio/gpio.c.obj
                0x00000000100014a8                gpio_init
 .text.running_on_fpga
                0x00000000100014e4       0x10 CMakeFiles/pico_webserver.dir/pico-sdk/src/rp2_common/pico_platform/platform.c.obj
                0x00000000100014e4                running_on_fpga
 .text.hw_claim_lock
                0x00000000100014f4       0x18 CMakeFiles/pico_webserver.dir/pico-sdk/src/rp2_common/hardware_claim/claim.c.obj
                0x00000000100014f4                hw_claim_lock
 .text.hw_claim_unlock
                0x000000001000150c       0x14 CMakeFiles/pico_webserver.dir/pico-sdk/src/rp2_common/hardware_claim/claim.c.obj
                0x000000001000150c                hw_claim_unlock
 .text.hw_claim_or_assert
                0x0000000010001520       0x44 CMakeFiles/pico_webserver.dir/pico-sdk/src/rp2_common/hardware_claim/claim.c.obj
                0x0000000010001520                hw_claim_or_assert
 .text.hw_claim_unused_from_range
                0x0000000010001564       0x9c CMakeFiles/pico_webserver.dir/pico-sdk/src/rp2_common/hardware_claim/claim.c.obj
                0x0000000010001564                hw_claim_unused_from_range
 .text.hw_claim_clear
                0x0000000010001600       0x38 CMakeFiles/pico_webserver.dir/pico-sdk/src/rp2_common/hardware_claim/claim.c.obj
                0x0000000010001600                hw_claim_clear
 .text.spin_locks_reset
                0x0000000010001638       0x1c CMakeFiles/pico_webserver.dir/pico-sdk/src/rp2_common/hardware_sync/sync.c.obj
                0x0000000010001638                spin_locks_reset
 .text.next_striped_spin_lock_num
                0x0000000010001654       0x18 CMakeFiles/pico_webserver.dir/pico-sdk/src/rp2_common/hardware_sync/sync.c.obj
                0x0000000010001654                next_striped_spin_lock_num
 .text.spin_lock_claim_unused
                0x000000001000166c       0x20 CMakeFiles/pico_webserver.dir/pico-sdk/src/rp2_common/hardware_sync/sync.c.obj
                0x000000001000166c                spin_lock_claim_unused
 .text.irq_set_enabled
                0x000000001000168c       0x24 CMakeFiles/pico_webserver.dir/pico-sdk/src/rp2_common/hardware_irq/irq.c.obj
                0x000000001000168c                irq_set_enabled
 .text.irq_is_enabled
                0x00000000100016b0       0x18 CMakeFiles/pico_webserver.dir/pico-sdk/src/rp2_common/hardware_irq/irq.c.obj
                0x00000000100016b0                irq_is_enabled
 .text.irq_set_pending
                0x00000000100016c8       0x10 CMakeFiles/pico_webserver.dir/pico-sdk/src/rp2_common/hardware_irq/irq.c.obj
                0x00000000100016c8                irq_set_pending
 .text.irq_get_vtable_handler
                0x00000000100016d8       0x10 CMakeFiles/pico_webserver.dir/pico-sdk/src/rp2_common/hardware_irq/irq.c.obj
                0x00000000100016d8                irq_get_vtable_handler
 .text.irq_set_exclusive_handler
                0x00000000100016e8       0x54 CMakeFiles/pico_webserver.dir/pico-sdk/src/rp2_common/hardware_irq/irq.c.obj
                0x00000000100016e8                irq_set_exclusive_handler
 .text.irq_add_shared_handler
                0x000000001000173c      0x1e8 CMakeFiles/pico_webserver.dir/pico-sdk/src/rp2_common/hardware_irq/irq.c.obj
                0x000000001000173c                irq_add_shared_handler
 .text.irq_remove_handler
                0x0000000010001924      0x1b0 CMakeFiles/pico_webserver.dir/pico-sdk/src/rp2_common/hardware_irq/irq.c.obj
                0x0000000010001924                irq_remove_handler
 .text.irq_set_priority
                0x0000000010001ad4       0x28 CMakeFiles/pico_webserver.dir/pico-sdk/src/rp2_common/hardware_irq/irq.c.obj
                0x0000000010001ad4                irq_set_priority
 .text.irq_add_tail_to_free_list
                0x0000000010001afc       0xb4 CMakeFiles/pico_webserver.dir/pico-sdk/src/rp2_common/hardware_irq/irq.c.obj
                0x0000000010001afc                irq_add_tail_to_free_list
 .text.irq_init_priorities
                0x0000000010001bb0       0x24 CMakeFiles/pico_webserver.dir/pico-sdk/src/rp2_common/hardware_irq/irq.c.obj
                0x0000000010001bb0                irq_init_priorities
 .text.user_irq_unclaim
                0x0000000010001bd4       0x14 CMakeFiles/pico_webserver.dir/pico-sdk/src/rp2_common/hardware_irq/irq.c.obj
                0x0000000010001bd4                user_irq_unclaim
 .text.user_irq_claim_unused
                0x0000000010001be8       0x28 CMakeFiles/pico_webserver.dir/pico-sdk/src/rp2_common/hardware_irq/irq.c.obj
                0x0000000010001be8                user_irq_claim_unused
 .text.sem_init
                0x0000000010001c10       0x20 CMakeFiles/pico_webserver.dir/pico-sdk/src/common/pico_sync/sem.c.obj
                0x0000000010001c10                sem_init
 .text.lock_init
                0x0000000010001c30       0x10 CMakeFiles/pico_webserver.dir/pico-sdk/src/common/pico_sync/lock_core.c.obj
                0x0000000010001c30                lock_init
 .text.mutex_init
                0x0000000010001c40       0x1c CMakeFiles/pico_webserver.dir/pico-sdk/src/common/pico_sync/mutex.c.obj
                0x0000000010001c40                mutex_init
 .text.recursive_mutex_init
                0x0000000010001c5c       0x1c CMakeFiles/pico_webserver.dir/pico-sdk/src/common/pico_sync/mutex.c.obj
                0x0000000010001c5c                recursive_mutex_init
 .text.critical_section_init
                0x0000000010001c78       0x20 CMakeFiles/pico_webserver.dir/pico-sdk/src/common/pico_sync/critical_section.c.obj
                0x0000000010001c78                critical_section_init
 .text.timer_pool_entry_comparator
                0x0000000010001c98       0x34 CMakeFiles/pico_webserver.dir/pico-sdk/src/common/pico_time/time.c.obj
                0x0000000010001c98                timer_pool_entry_comparator
 .text.sleep_until_callback
                0x0000000010001ccc       0x30 CMakeFiles/pico_webserver.dir/pico-sdk/src/common/pico_time/time.c.obj
 .text.add_alarm_under_lock.isra.0
                0x0000000010001cfc      0x100 CMakeFiles/pico_webserver.dir/pico-sdk/src/common/pico_time/time.c.obj
 .text.alarm_pool_alarm_callback
                0x0000000010001dfc      0x1bc CMakeFiles/pico_webserver.dir/pico-sdk/src/common/pico_time/time.c.obj
 .text.alarm_pool_init_default
                0x0000000010001fb8       0x6c CMakeFiles/pico_webserver.dir/pico-sdk/src/common/pico_time/time.c.obj
                0x0000000010001fb8                alarm_pool_init_default
 .text.alarm_pool_get_default
                0x0000000010002024        0x8 CMakeFiles/pico_webserver.dir/pico-sdk/src/common/pico_time/time.c.obj
                0x0000000010002024                alarm_pool_get_default
 .text.alarm_pool_create_with_unused_hardware_alarm
                0x000000001000202c       0x74 CMakeFiles/pico_webserver.dir/pico-sdk/src/common/pico_time/time.c.obj
                0x000000001000202c                alarm_pool_create_with_unused_hardware_alarm
 .text.alarm_pool_destroy
                0x00000000100020a0       0x44 CMakeFiles/pico_webserver.dir/pico-sdk/src/common/pico_time/time.c.obj
                0x00000000100020a0                alarm_pool_destroy
 .text.alarm_pool_add_alarm_at
                0x00000000100020e4      0x178 CMakeFiles/pico_webserver.dir/pico-sdk/src/common/pico_time/time.c.obj
                0x00000000100020e4                alarm_pool_add_alarm_at
 .text.alarm_pool_add_alarm_at_force_in_context
                0x000000001000225c      0x124 CMakeFiles/pico_webserver.dir/pico-sdk/src/common/pico_time/time.c.obj
                0x000000001000225c                alarm_pool_add_alarm_at_force_in_context
 .text.alarm_pool_cancel_alarm
                0x0000000010002380       0x78 CMakeFiles/pico_webserver.dir/pico-sdk/src/common/pico_time/time.c.obj
                0x0000000010002380                alarm_pool_cancel_alarm
 .text.alarm_pool_core_num
                0x00000000100023f8        0x4 CMakeFiles/pico_webserver.dir/pico-sdk/src/common/pico_time/time.c.obj
                0x00000000100023f8                alarm_pool_core_num
 .text.sleep_until
                0x00000000100023fc       0xc4 CMakeFiles/pico_webserver.dir/pico-sdk/src/common/pico_time/time.c.obj
                0x00000000100023fc                sleep_until
 .text.sleep_ms
                0x00000000100024c0       0x34 CMakeFiles/pico_webserver.dir/pico-sdk/src/common/pico_time/time.c.obj
                0x00000000100024c0                sleep_ms
 .text.best_effort_wfe_or_timeout
                0x00000000100024f4       0xd4 CMakeFiles/pico_webserver.dir/pico-sdk/src/common/pico_time/time.c.obj
                0x00000000100024f4                best_effort_wfe_or_timeout
 .text.hardware_alarm_irq_handler
                0x00000000100025c8       0xbc CMakeFiles/pico_webserver.dir/pico-sdk/src/rp2_common/hardware_timer/timer.c.obj
 .text.hardware_alarm_claim
                0x0000000010002684       0x18 CMakeFiles/pico_webserver.dir/pico-sdk/src/rp2_common/hardware_timer/timer.c.obj
                0x0000000010002684                hardware_alarm_claim
 .text.hardware_alarm_unclaim
                0x000000001000269c       0x10 CMakeFiles/pico_webserver.dir/pico-sdk/src/rp2_common/hardware_timer/timer.c.obj
                0x000000001000269c                hardware_alarm_unclaim
 .text.hardware_alarm_claim_unused
                0x00000000100026ac       0x20 CMakeFiles/pico_webserver.dir/pico-sdk/src/rp2_common/hardware_timer/timer.c.obj
                0x00000000100026ac                hardware_alarm_claim_unused
 .text.time_us_64
                0x00000000100026cc       0x14 CMakeFiles/pico_webserver.dir/pico-sdk/src/rp2_common/hardware_timer/timer.c.obj
                0x00000000100026cc                time_us_64
 .text.busy_wait_until
                0x00000000100026e0       0x20 CMakeFiles/pico_webserver.dir/pico-sdk/src/rp2_common/hardware_timer/timer.c.obj
                0x00000000100026e0                busy_wait_until
 .text.hardware_alarm_set_callback
                0x0000000010002700       0x8c CMakeFiles/pico_webserver.dir/pico-sdk/src/rp2_common/hardware_timer/timer.c.obj
                0x0000000010002700                hardware_alarm_set_callback
 .text.hardware_alarm_set_target
                0x000000001000278c       0xd4 CMakeFiles/pico_webserver.dir/pico-sdk/src/rp2_common/hardware_timer/timer.c.obj
                0x000000001000278c                hardware_alarm_set_target
 .text.hardware_alarm_cancel
                0x0000000010002860       0x3c CMakeFiles/pico_webserver.dir/pico-sdk/src/rp2_common/hardware_timer/timer.c.obj
                0x0000000010002860                hardware_alarm_cancel
 .text.hardware_alarm_force_irq
                0x000000001000289c       0x3c CMakeFiles/pico_webserver.dir/pico-sdk/src/rp2_common/hardware_timer/timer.c.obj
                0x000000001000289c                hardware_alarm_force_irq
 .text.ph_merge_nodes
                0x00000000100028d8       0x68 CMakeFiles/pico_webserver.dir/pico-sdk/src/common/pico_util/pheap.c.obj
 .text.ph_create
                0x0000000010002940       0x60 CMakeFiles/pico_webserver.dir/pico-sdk/src/common/pico_util/pheap.c.obj
                0x0000000010002940                ph_create
 .text.ph_post_alloc_init
                0x00000000100029a0       0x3c CMakeFiles/pico_webserver.dir/pico-sdk/src/common/pico_util/pheap.c.obj
                0x00000000100029a0                ph_post_alloc_init
 .text.ph_destroy
                0x00000000100029dc       0x14 CMakeFiles/pico_webserver.dir/pico-sdk/src/common/pico_util/pheap.c.obj
                0x00000000100029dc                ph_destroy
 .text.ph_merge_two_pass
                0x00000000100029f0       0x90 CMakeFiles/pico_webserver.dir/pico-sdk/src/common/pico_util/pheap.c.obj
                0x00000000100029f0                ph_merge_two_pass
 .text.ph_remove_any_head
                0x0000000010002a80      0x100 CMakeFiles/pico_webserver.dir/pico-sdk/src/common/pico_util/pheap.c.obj
 .text.ph_remove_head
                0x0000000010002b80      0x104 CMakeFiles/pico_webserver.dir/pico-sdk/src/common/pico_util/pheap.c.obj
                0x0000000010002b80                ph_remove_head
 .text.ph_remove_and_free_node
                0x0000000010002c84       0x7c CMakeFiles/pico_webserver.dir/pico-sdk/src/common/pico_util/pheap.c.obj
                0x0000000010002c84                ph_remove_and_free_node
 .text.clock_configure
                0x0000000010002d00      0x118 CMakeFiles/pico_webserver.dir/pico-sdk/src/rp2_common/hardware_clocks/clocks.c.obj
                0x0000000010002d00                clock_configure
 .text.clocks_init
                0x0000000010002e18      0x2d0 CMakeFiles/pico_webserver.dir/pico-sdk/src/rp2_common/hardware_clocks/clocks.c.obj
                0x0000000010002e18                clocks_init
 .text.clock_get_hz
                0x00000000100030e8        0xc CMakeFiles/pico_webserver.dir/pico-sdk/src/rp2_common/hardware_clocks/clocks.c.obj
                0x00000000100030e8                clock_get_hz
 .text.pll_init
                0x00000000100030f4       0xa0 CMakeFiles/pico_webserver.dir/pico-sdk/src/rp2_common/hardware_pll/pll.c.obj
                0x00000000100030f4                pll_init
 .text.watchdog_start_tick
                0x0000000010003194       0x10 CMakeFiles/pico_webserver.dir/pico-sdk/src/rp2_common/hardware_watchdog/watchdog.c.obj
                0x0000000010003194                watchdog_start_tick
 .text.xosc_init
                0x00000000100031a4       0x28 CMakeFiles/pico_webserver.dir/pico-sdk/src/rp2_common/hardware_xosc/xosc.c.obj
                0x00000000100031a4                xosc_init
 .text.runtime_init
                0x00000000100031cc       0xf0 CMakeFiles/pico_webserver.dir/pico-sdk/src/rp2_common/pico_runtime/runtime.c.obj
                0x00000000100031cc                runtime_init
 .text._exit    0x00000000100032bc       0x14 CMakeFiles/pico_webserver.dir/pico-sdk/src/rp2_common/pico_runtime/runtime.c.obj
                0x00000000100032bc                _exit
 .text._sbrk    0x00000000100032d0       0x34 CMakeFiles/pico_webserver.dir/pico-sdk/src/rp2_common/pico_runtime/runtime.c.obj
                0x00000000100032d0                _sbrk
 .text.exit     0x0000000010003304        0x8 CMakeFiles/pico_webserver.dir/pico-sdk/src/rp2_common/pico_runtime/runtime.c.obj
                0x0000000010003304                exit
 .text.panic    0x000000001000330c       0x30 CMakeFiles/pico_webserver.dir/pico-sdk/src/rp2_common/pico_runtime/runtime.c.obj
                0x000000001000330c                panic
 .text.hard_assertion_failure
                0x000000001000333c        0xc CMakeFiles/pico_webserver.dir/pico-sdk/src/rp2_common/pico_runtime/runtime.c.obj
                0x000000001000333c                hard_assertion_failure
 .text._out_buffer
                0x0000000010003348        0x8 CMakeFiles/pico_webserver.dir/pico-sdk/src/rp2_common/pico_printf/printf.c.obj
 .text._out_null
                0x0000000010003350        0x4 CMakeFiles/pico_webserver.dir/pico-sdk/src/rp2_common/pico_printf/printf.c.obj
 .text._out_rev
                0x0000000010003354       0x9c CMakeFiles/pico_webserver.dir/pico-sdk/src/rp2_common/pico_printf/printf.c.obj
 .text._ntoa_format
                0x00000000100033f0      0x1cc CMakeFiles/pico_webserver.dir/pico-sdk/src/rp2_common/pico_printf/printf.c.obj
 .text._out_char
                0x00000000100035bc       0x10 CMakeFiles/pico_webserver.dir/pico-sdk/src/rp2_common/pico_printf/printf.c.obj
 .text._out_fct
                0x00000000100035cc       0x10 CMakeFiles/pico_webserver.dir/pico-sdk/src/rp2_common/pico_printf/printf.c.obj
 .text._etoa    0x00000000100035dc      0x44c CMakeFiles/pico_webserver.dir/pico-sdk/src/rp2_common/pico_printf/printf.c.obj
 .text._ftoa    0x0000000010003a28      0x398 CMakeFiles/pico_webserver.dir/pico-sdk/src/rp2_common/pico_printf/printf.c.obj
 .text._vsnprintf
                0x0000000010003dc0      0xb04 CMakeFiles/pico_webserver.dir/pico-sdk/src/rp2_common/pico_printf/printf.c.obj
 .text.__wrap_sprintf
                0x00000000100048c4       0x28 CMakeFiles/pico_webserver.dir/pico-sdk/src/rp2_common/pico_printf/printf.c.obj
                0x00000000100048c4                __wrap_sprintf
 .text.__wrap_snprintf
                0x00000000100048ec       0x28 CMakeFiles/pico_webserver.dir/pico-sdk/src/rp2_common/pico_printf/printf.c.obj
                0x00000000100048ec                __wrap_snprintf
 .text.vfctprintf
                0x0000000010004914       0x20 CMakeFiles/pico_webserver.dir/pico-sdk/src/rp2_common/pico_printf/printf.c.obj
                0x0000000010004914                vfctprintf
 .text.weak_raw_vprintf
                0x0000000010004934       0x30 CMakeFiles/pico_webserver.dir/pico-sdk/src/rp2_common/pico_printf/printf.c.obj
                0x0000000010004934                weak_raw_vprintf
 .text          0x0000000010004964       0x10 CMakeFiles/pico_webserver.dir/pico-sdk/src/rp2_common/pico_bit_ops/bit_ops_aeabi.S.obj
 .text.ctzsi    0x0000000010004974        0xc CMakeFiles/pico_webserver.dir/pico-sdk/src/rp2_common/pico_bit_ops/bit_ops_aeabi.S.obj
                0x0000000010004974                __wrap___ctzsi2
 .text.rom_func_lookup
                0x0000000010004980       0x10 CMakeFiles/pico_webserver.dir/pico-sdk/src/rp2_common/pico_bootrom/bootrom.c.obj
                0x0000000010004980                rom_func_lookup
 .text.rom_data_lookup
                0x0000000010004990       0x10 CMakeFiles/pico_webserver.dir/pico-sdk/src/rp2_common/pico_bootrom/bootrom.c.obj
                0x0000000010004990                rom_data_lookup
 .text.rom_funcs_lookup
                0x00000000100049a0       0x44 CMakeFiles/pico_webserver.dir/pico-sdk/src/rp2_common/pico_bootrom/bootrom.c.obj
                0x00000000100049a0                rom_funcs_lookup
 .text.__wrap___aeabi_idiv
                0x00000000100049e4       0x50 CMakeFiles/pico_webserver.dir/pico-sdk/src/rp2_common/pico_divider/divider.S.obj
                0x00000000100049e4                __wrap___aeabi_idivmod
                0x00000000100049e4                divmod_s32s32
                0x00000000100049e4                div_s32s32
                0x00000000100049e4                __wrap___aeabi_idiv
                0x00000000100049ec                divmod_s32s32_unsafe
                0x0000000010004a18                divmod_s32s32_savestate
 .text.__wrap___aeabi_uidiv
                0x0000000010004a34       0x4c CMakeFiles/pico_webserver.dir/pico-sdk/src/rp2_common/pico_divider/divider.S.obj
                0x0000000010004a34                __wrap___aeabi_uidiv
                0x0000000010004a34                __wrap___aeabi_uidivmod
                0x0000000010004a34                div_u32u32
                0x0000000010004a34                divmod_u32u32
                0x0000000010004a3c                divmod_u32u32_unsafe
                0x0000000010004a64                divmod_u32u32_savestate
 .text.__wrap___aeabi_ldiv
                0x0000000010004a80      0x424 CMakeFiles/pico_webserver.dir/pico-sdk/src/rp2_common/pico_divider/divider.S.obj
                0x0000000010004a80                div_s64s64
                0x0000000010004a80                divmod_s64s64
                0x0000000010004a80                __wrap___aeabi_ldivmod
                0x0000000010004ab0                div_u64u64
                0x0000000010004ab0                divmod_u64u64
                0x0000000010004ab0                __wrap___aeabi_uldivmod
                0x0000000010004ac0                divmod_u64u64_savestate
                0x0000000010004ae0                divmod_s64s64_unsafe
                0x0000000010004b68                divmod_u64u64_unsafe
 .text.__wrap___aeabi_darithmetic
                0x0000000010004ea4       0x60 CMakeFiles/pico_webserver.dir/pico-sdk/src/rp2_common/pico_double/double_aeabi.S.obj
                0x0000000010004ea4                __wrap___aeabi_drsub
                0x0000000010004eaa                __wrap___aeabi_dsub
                0x0000000010004eb4                __wrap___aeabi_dadd
                0x0000000010004ebe                __wrap___aeabi_ddiv
                0x0000000010004ef2                __wrap___aeabi_dmul
 .text.__wrap___aeabi_cdcmple
                0x0000000010004f04       0x6c CMakeFiles/pico_webserver.dir/pico-sdk/src/rp2_common/pico_double/double_aeabi.S.obj
                0x0000000010004f04                __wrap___aeabi_cdrcmple
                0x0000000010004f14                __wrap___aeabi_cdcmple
                0x0000000010004f14                __wrap___aeabi_cdcmpeq
 .text.__wrap___aeabi_dcmplt
                0x0000000010004f70        0xc CMakeFiles/pico_webserver.dir/pico-sdk/src/rp2_common/pico_double/double_aeabi.S.obj
                0x0000000010004f70                __wrap___aeabi_dcmplt
 .text.__wrap___aeabi_dcmple
                0x0000000010004f7c       0x10 CMakeFiles/pico_webserver.dir/pico-sdk/src/rp2_common/pico_double/double_aeabi.S.obj
                0x0000000010004f7c                __wrap___aeabi_dcmple
 .text.__wrap___aeabi_dcmpge
                0x0000000010004f8c       0x10 CMakeFiles/pico_webserver.dir/pico-sdk/src/rp2_common/pico_double/double_aeabi.S.obj
                0x0000000010004f8c                __wrap___aeabi_dcmpge
 .text.__wrap___aeabi_dcmpgt
                0x0000000010004f9c        0xa CMakeFiles/pico_webserver.dir/pico-sdk/src/rp2_common/pico_double/double_aeabi.S.obj
                0x0000000010004f9c                __wrap___aeabi_dcmpgt
 .text.__wrap___aeabi_dcmpun
                0x0000000010004fa6       0x1c CMakeFiles/pico_webserver.dir/pico-sdk/src/rp2_common/pico_double/double_aeabi.S.obj
                0x0000000010004fa6                __wrap___aeabi_dcmpun
 *fill*         0x0000000010004fc2        0x2 
 .text.__wrap___aeabi_i2d
                0x0000000010004fc4       0x38 CMakeFiles/pico_webserver.dir/pico-sdk/src/rp2_common/pico_double/double_aeabi.S.obj
                0x0000000010004fc4                __wrap___aeabi_ui2d
                0x0000000010004fcc                __wrap___aeabi_i2d
 .text.__wrap___aeabi_d2iz
                0x0000000010004ffc       0x48 CMakeFiles/pico_webserver.dir/pico-sdk/src/rp2_common/pico_double/double_aeabi.S.obj
                0x0000000010004ffc                __wrap___aeabi_d2iz
                0x0000000010004ffc                double2int_z
 .text.__wrap___aeabi_d2uiz
                0x0000000010005044       0x10 CMakeFiles/pico_webserver.dir/pico-sdk/src/rp2_common/pico_double/double_aeabi.S.obj
                0x0000000010005044                double2uint
                0x0000000010005044                __wrap___aeabi_d2uiz
 .text.missing_double_func_shim
                0x0000000010005054        0xc CMakeFiles/pico_webserver.dir/pico-sdk/src/rp2_common/pico_double/double_init_rom.c.obj
 .text.__aeabi_double_init
                0x0000000010005060       0x98 CMakeFiles/pico_webserver.dir/pico-sdk/src/rp2_common/pico_double/double_init_rom.c.obj
                0x0000000010005060                __aeabi_double_init
 .text.double_table_shim_on_use_helper
                0x00000000100050f8       0x2c CMakeFiles/pico_webserver.dir/pico-sdk/src/rp2_common/pico_double/double_v1_rom_shim.S.obj
                0x00000000100050f8                double_table_shim_on_use_helper
 .text.__aeabi_lmul
                0x0000000010005124       0x32 CMakeFiles/pico_webserver.dir/pico-sdk/src/rp2_common/pico_int64_ops/pico_int64_ops_aeabi.S.obj
                0x0000000010005124                __wrap___aeabi_lmul
 *fill*         0x0000000010005156        0x2 
 .text.__wrap___aeabi_farithmetic
                0x0000000010005158       0x48 CMakeFiles/pico_webserver.dir/pico-sdk/src/rp2_common/pico_float/float_aeabi.S.obj
                0x0000000010005158                __wrap___aeabi_frsub
                0x000000001000515e                __wrap___aeabi_fsub
                0x0000000010005164                __wrap___aeabi_fadd
                0x000000001000516a                __wrap___aeabi_fdiv
                0x0000000010005192                __wrap___aeabi_fmul
 .text.__wrap___aeabi_i2f
                0x00000000100051a0       0x44 CMakeFiles/pico_webserver.dir/pico-sdk/src/rp2_common/pico_float/float_aeabi.S.obj
                0x00000000100051a0                __wrap___aeabi_i2f
 .text.__wrap___aeabi_f2d
                0x00000000100051e4        0xc CMakeFiles/pico_webserver.dir/pico-sdk/src/rp2_common/pico_float/float_aeabi.S.obj
                0x00000000100051e4                __wrap___aeabi_f2d
 .text.missing_float_func_shim
                0x00000000100051f0        0xc CMakeFiles/pico_webserver.dir/pico-sdk/src/rp2_common/pico_float/float_init_rom.c.obj
 .text.__aeabi_float_init
                0x00000000100051fc       0x5c CMakeFiles/pico_webserver.dir/pico-sdk/src/rp2_common/pico_float/float_init_rom.c.obj
                0x00000000100051fc                __aeabi_float_init
 .text.__wrap_malloc
                0x0000000010005258       0x3c CMakeFiles/pico_webserver.dir/pico-sdk/src/rp2_common/pico_malloc/pico_malloc.c.obj
                0x0000000010005258                __wrap_malloc
 .text.__wrap_calloc
                0x0000000010005294       0x40 CMakeFiles/pico_webserver.dir/pico-sdk/src/rp2_common/pico_malloc/pico_malloc.c.obj
                0x0000000010005294                __wrap_calloc
 .text.__wrap_free
                0x00000000100052d4       0x20 CMakeFiles/pico_webserver.dir/pico-sdk/src/rp2_common/pico_malloc/pico_malloc.c.obj
                0x00000000100052d4                __wrap_free
 .text          0x00000000100052f4       0x10 CMakeFiles/pico_webserver.dir/pico-sdk/src/rp2_common/pico_mem_ops/mem_ops_aeabi.S.obj
                0x00000000100052f4                __aeabi_mem_init
 .text.memset   0x0000000010005304        0xc CMakeFiles/pico_webserver.dir/pico-sdk/src/rp2_common/pico_mem_ops/mem_ops_aeabi.S.obj
                0x0000000010005304                __wrap_memset
 .text.memcpy   0x0000000010005310        0xc CMakeFiles/pico_webserver.dir/pico-sdk/src/rp2_common/pico_mem_ops/mem_ops_aeabi.S.obj
                0x0000000010005310                __wrap___aeabi_memcpy
                0x0000000010005310                __wrap_memcpy
 .text.stdio_out_chars_no_crlf
                0x000000001000531c       0x10 CMakeFiles/pico_webserver.dir/pico-sdk/src/rp2_common/pico_stdio/stdio.c.obj
 .text.stdio_out_chars_crlf
                0x000000001000532c       0xb4 CMakeFiles/pico_webserver.dir/pico-sdk/src/rp2_common/pico_stdio/stdio.c.obj
 .text.stdio_buffered_printer
                0x00000000100053e0       0x64 CMakeFiles/pico_webserver.dir/pico-sdk/src/rp2_common/pico_stdio/stdio.c.obj
 .text.stdio_put_string.isra.0
                0x0000000010005444       0xfc CMakeFiles/pico_webserver.dir/pico-sdk/src/rp2_common/pico_stdio/stdio.c.obj
 .text.__wrap_putchar
                0x0000000010005540       0x98 CMakeFiles/pico_webserver.dir/pico-sdk/src/rp2_common/pico_stdio/stdio.c.obj
                0x0000000010005540                __wrap_putchar
 .text.__wrap_puts
                0x00000000100055d8       0x3c CMakeFiles/pico_webserver.dir/pico-sdk/src/rp2_common/pico_stdio/stdio.c.obj
                0x00000000100055d8                __wrap_puts
 .text.__wrap_vprintf
                0x0000000010005614       0xd8 CMakeFiles/pico_webserver.dir/pico-sdk/src/rp2_common/pico_stdio/stdio.c.obj
                0x0000000010005614                __wrap_vprintf
 .text.__wrap_printf
                0x00000000100056ec       0x18 CMakeFiles/pico_webserver.dir/pico-sdk/src/rp2_common/pico_stdio/stdio.c.obj
                0x00000000100056ec                __wrap_printf
 .text.startup._retrieve_unique_id_on_boot
                0x0000000010005704       0x10 CMakeFiles/pico_webserver.dir/pico-sdk/src/rp2_common/pico_unique_id/unique_id.c.obj
 .text.pico_get_unique_board_id
                0x0000000010005714       0x10 CMakeFiles/pico_webserver.dir/pico-sdk/src/rp2_common/pico_unique_id/unique_id.c.obj
                0x0000000010005714                pico_get_unique_board_id
 .text.flash_get_unique_id
                0x0000000010005724       0x40 CMakeFiles/pico_webserver.dir/pico-sdk/src/rp2_common/hardware_flash/flash.c.obj
                0x0000000010005724                flash_get_unique_id
 .text.dcd_int_enable
                0x0000000010005764        0xc CMakeFiles/pico_webserver.dir/pico-sdk/lib/tinyusb/src/portable/raspberrypi/rp2040/dcd_rp2040.c.obj
                0x0000000010005764                dcd_int_enable
 .text.dcd_set_address
                0x0000000010005770       0x14 CMakeFiles/pico_webserver.dir/pico-sdk/lib/tinyusb/src/portable/raspberrypi/rp2040/dcd_rp2040.c.obj
                0x0000000010005770                dcd_set_address
 .text.dcd_connect
                0x0000000010005784       0x10 CMakeFiles/pico_webserver.dir/pico-sdk/lib/tinyusb/src/portable/raspberrypi/rp2040/dcd_rp2040.c.obj
                0x0000000010005784                dcd_connect
 .text.dcd_init
                0x0000000010005794       0x98 CMakeFiles/pico_webserver.dir/pico-sdk/lib/tinyusb/src/portable/raspberrypi/rp2040/dcd_rp2040.c.obj
                0x0000000010005794                dcd_init
 .text.dcd_edpt0_status_complete
                0x000000001000582c       0x1c CMakeFiles/pico_webserver.dir/pico-sdk/lib/tinyusb/src/portable/raspberrypi/rp2040/dcd_rp2040.c.obj
                0x000000001000582c                dcd_edpt0_status_complete
 .text.dcd_edpt_open
                0x0000000010005848      0x108 CMakeFiles/pico_webserver.dir/pico-sdk/lib/tinyusb/src/portable/raspberrypi/rp2040/dcd_rp2040.c.obj
                0x0000000010005848                dcd_edpt_open
 .text.dcd_edpt_close_all
                0x0000000010005950        0x8 CMakeFiles/pico_webserver.dir/pico-sdk/lib/tinyusb/src/portable/raspberrypi/rp2040/dcd_rp2040.c.obj
                0x0000000010005950                dcd_edpt_close_all
 .text.dcd_edpt_xfer
                0x0000000010005958       0x24 CMakeFiles/pico_webserver.dir/pico-sdk/lib/tinyusb/src/portable/raspberrypi/rp2040/dcd_rp2040.c.obj
                0x0000000010005958                dcd_edpt_xfer
 .text.dcd_edpt_stall
                0x000000001000597c       0x38 CMakeFiles/pico_webserver.dir/pico-sdk/lib/tinyusb/src/portable/raspberrypi/rp2040/dcd_rp2040.c.obj
                0x000000001000597c                dcd_edpt_stall
 .text.dcd_edpt_clear_stall
                0x00000000100059b4       0x30 CMakeFiles/pico_webserver.dir/pico-sdk/lib/tinyusb/src/portable/raspberrypi/rp2040/dcd_rp2040.c.obj
                0x00000000100059b4                dcd_edpt_clear_stall
 .text.rp2040_usb_init
                0x00000000100059e4       0x4c CMakeFiles/pico_webserver.dir/pico-sdk/lib/tinyusb/src/portable/raspberrypi/rp2040/rp2040_usb.c.obj
                0x00000000100059e4                rp2040_usb_init
 .text.hw_endpoint_xfer_start
                0x0000000010005a30       0x50 CMakeFiles/pico_webserver.dir/pico-sdk/lib/tinyusb/src/portable/raspberrypi/rp2040/rp2040_usb.c.obj
                0x0000000010005a30                hw_endpoint_xfer_start
 .text.tud_mounted
                0x0000000010005a80       0x10 CMakeFiles/pico_webserver.dir/pico-sdk/lib/tinyusb/src/device/usbd.c.obj
                0x0000000010005a80                tud_mounted
 .text.tud_suspended
                0x0000000010005a90       0x10 CMakeFiles/pico_webserver.dir/pico-sdk/lib/tinyusb/src/device/usbd.c.obj
                0x0000000010005a90                tud_suspended
 .text.tud_inited
                0x0000000010005aa0       0x14 CMakeFiles/pico_webserver.dir/pico-sdk/lib/tinyusb/src/device/usbd.c.obj
                0x0000000010005aa0                tud_inited
 .text.tud_init
                0x0000000010005ab4       0xe4 CMakeFiles/pico_webserver.dir/pico-sdk/lib/tinyusb/src/device/usbd.c.obj
                0x0000000010005ab4                tud_init
 .text.tud_task_ext
                0x0000000010005b98      0x870 CMakeFiles/pico_webserver.dir/pico-sdk/lib/tinyusb/src/device/usbd.c.obj
                0x0000000010005b98                tud_task_ext
 .text.usbd_open_edpt_pair
                0x0000000010006408       0x9c CMakeFiles/pico_webserver.dir/pico-sdk/lib/tinyusb/src/device/usbd.c.obj
                0x0000000010006408                usbd_open_edpt_pair
 .text.usbd_edpt_open
                0x00000000100064a4       0x34 CMakeFiles/pico_webserver.dir/pico-sdk/lib/tinyusb/src/device/usbd.c.obj
                0x00000000100064a4                usbd_edpt_open
 .text.usbd_edpt_xfer
                0x00000000100064d8       0x4c CMakeFiles/pico_webserver.dir/pico-sdk/lib/tinyusb/src/device/usbd.c.obj
                0x00000000100064d8                usbd_edpt_xfer
 .text.usbd_edpt_busy
                0x0000000010006524       0x1c CMakeFiles/pico_webserver.dir/pico-sdk/lib/tinyusb/src/device/usbd.c.obj
                0x0000000010006524                usbd_edpt_busy
 .text.tud_control_status
                0x0000000010006540       0x30 CMakeFiles/pico_webserver.dir/pico-sdk/lib/tinyusb/src/device/usbd_control.c.obj
                0x0000000010006540                tud_control_status
 .text.tud_control_xfer
                0x0000000010006570       0xbc CMakeFiles/pico_webserver.dir/pico-sdk/lib/tinyusb/src/device/usbd_control.c.obj
                0x0000000010006570                tud_control_xfer
 .text.usbd_control_reset
                0x000000001000662c       0x14 CMakeFiles/pico_webserver.dir/pico-sdk/lib/tinyusb/src/device/usbd_control.c.obj
                0x000000001000662c                usbd_control_reset
 .text.usbd_control_set_complete_callback
                0x0000000010006640        0xc CMakeFiles/pico_webserver.dir/pico-sdk/lib/tinyusb/src/device/usbd_control.c.obj
                0x0000000010006640                usbd_control_set_complete_callback
 .text.usbd_control_set_request
                0x000000001000664c       0x1c CMakeFiles/pico_webserver.dir/pico-sdk/lib/tinyusb/src/device/usbd_control.c.obj
                0x000000001000664c                usbd_control_set_request
 .text.usbd_control_xfer_cb
                0x0000000010006668       0xfc CMakeFiles/pico_webserver.dir/pico-sdk/lib/tinyusb/src/device/usbd_control.c.obj
                0x0000000010006668                usbd_control_xfer_cb
 .text.tud_network_recv_renew
                0x0000000010006764       0x20 CMakeFiles/pico_webserver.dir/pico-sdk/lib/tinyusb/src/class/net/ecm_rndis_device.c.obj
                0x0000000010006764                tud_network_recv_renew
 .text.netd_report
                0x0000000010006784       0x24 CMakeFiles/pico_webserver.dir/pico-sdk/lib/tinyusb/src/class/net/ecm_rndis_device.c.obj
                0x0000000010006784                netd_report
 .text.netd_init
                0x00000000100067a8       0x14 CMakeFiles/pico_webserver.dir/pico-sdk/lib/tinyusb/src/class/net/ecm_rndis_device.c.obj
                0x00000000100067a8                netd_init
 .text.netd_reset
                0x00000000100067bc       0x14 CMakeFiles/pico_webserver.dir/pico-sdk/lib/tinyusb/src/class/net/ecm_rndis_device.c.obj
                0x00000000100067bc                netd_reset
 .text.netd_open
                0x00000000100067d0      0x11c CMakeFiles/pico_webserver.dir/pico-sdk/lib/tinyusb/src/class/net/ecm_rndis_device.c.obj
                0x00000000100067d0                netd_open
 .text.netd_control_xfer_cb
                0x00000000100068ec      0x174 CMakeFiles/pico_webserver.dir/pico-sdk/lib/tinyusb/src/class/net/ecm_rndis_device.c.obj
                0x00000000100068ec                netd_control_xfer_cb
 .text.netd_xfer_cb
                0x0000000010006a60       0xec CMakeFiles/pico_webserver.dir/pico-sdk/lib/tinyusb/src/class/net/ecm_rndis_device.c.obj
                0x0000000010006a60                netd_xfer_cb
 .text.tud_network_can_xmit
                0x0000000010006b4c        0xc CMakeFiles/pico_webserver.dir/pico-sdk/lib/tinyusb/src/class/net/ecm_rndis_device.c.obj
                0x0000000010006b4c                tud_network_can_xmit
 .text.tud_network_xmit
                0x0000000010006b58       0x98 CMakeFiles/pico_webserver.dir/pico-sdk/lib/tinyusb/src/class/net/ecm_rndis_device.c.obj
                0x0000000010006b58                tud_network_xmit
 .text.tusb_init
                0x0000000010006bf0        0xc CMakeFiles/pico_webserver.dir/pico-sdk/lib/tinyusb/src/tusb.c.obj
                0x0000000010006bf0                tusb_init
 .text.tusb_inited
                0x0000000010006bfc        0x8 CMakeFiles/pico_webserver.dir/pico-sdk/lib/tinyusb/src/tusb.c.obj
                0x0000000010006bfc                tusb_inited
 .text.tu_edpt_validate
                0x0000000010006c04       0x78 CMakeFiles/pico_webserver.dir/pico-sdk/lib/tinyusb/src/tusb.c.obj
                0x0000000010006c04                tu_edpt_validate
 .text.tu_edpt_bind_driver
                0x0000000010006c7c       0x34 CMakeFiles/pico_webserver.dir/pico-sdk/lib/tinyusb/src/tusb.c.obj
                0x0000000010006c7c                tu_edpt_bind_driver
 .text.tu_fifo_read
                0x0000000010006cb0       0xa0 CMakeFiles/pico_webserver.dir/pico-sdk/lib/tinyusb/src/common/tusb_fifo.c.obj
                0x0000000010006cb0                tu_fifo_read
 .text.tu_fifo_write
                0x0000000010006d50       0x88 CMakeFiles/pico_webserver.dir/pico-sdk/lib/tinyusb/src/common/tusb_fifo.c.obj
                0x0000000010006d50                tu_fifo_write
 .text.tu_fifo_clear
                0x0000000010006dd8       0x40 CMakeFiles/pico_webserver.dir/pico-sdk/lib/tinyusb/src/common/tusb_fifo.c.obj
                0x0000000010006dd8                tu_fifo_clear
 .text.lwip_timeout_reached
                0x0000000010006e18        0x8 CMakeFiles/pico_webserver.dir/pico-sdk/src/rp2_common/pico_lwip/lwip_nosys.c.obj
 .text.update_next_timeout
                0x0000000010006e20       0x6c CMakeFiles/pico_webserver.dir/pico-sdk/src/rp2_common/pico_lwip/lwip_nosys.c.obj
 .text.lwip_nosys_init
                0x0000000010006e8c       0x30 CMakeFiles/pico_webserver.dir/pico-sdk/src/rp2_common/pico_lwip/lwip_nosys.c.obj
                0x0000000010006e8c                lwip_nosys_init
 .text.lwip_nosys_deinit
                0x0000000010006ebc       0x20 CMakeFiles/pico_webserver.dir/pico-sdk/src/rp2_common/pico_lwip/lwip_nosys.c.obj
                0x0000000010006ebc                lwip_nosys_deinit
 .text.sys_arch_protect
                0x0000000010006edc        0x4 CMakeFiles/pico_webserver.dir/pico-sdk/src/rp2_common/pico_lwip/lwip_nosys.c.obj
                0x0000000010006edc                sys_arch_protect
 .text.sys_arch_unprotect
                0x0000000010006ee0        0x4 CMakeFiles/pico_webserver.dir/pico-sdk/src/rp2_common/pico_lwip/lwip_nosys.c.obj
                0x0000000010006ee0                sys_arch_unprotect
 .text.sys_now  0x0000000010006ee4       0x20 CMakeFiles/pico_webserver.dir/pico-sdk/src/rp2_common/pico_lwip/lwip_nosys.c.obj
                0x0000000010006ee4                sys_now
 .text.async_context_base_add_at_time_worker
                0x0000000010006f04       0x28 CMakeFiles/pico_webserver.dir/pico-sdk/src/rp2_common/pico_async_context/async_context_base.c.obj
                0x0000000010006f04                async_context_base_add_at_time_worker
 .text.async_context_base_remove_at_time_worker
                0x0000000010006f2c       0x28 CMakeFiles/pico_webserver.dir/pico-sdk/src/rp2_common/pico_async_context/async_context_base.c.obj
                0x0000000010006f2c                async_context_base_remove_at_time_worker
 .text.async_context_base_add_when_pending_worker
                0x0000000010006f54       0x24 CMakeFiles/pico_webserver.dir/pico-sdk/src/rp2_common/pico_async_context/async_context_base.c.obj
                0x0000000010006f54                async_context_base_add_when_pending_worker
 .text.async_context_base_remove_when_pending_worker
                0x0000000010006f78       0x28 CMakeFiles/pico_webserver.dir/pico-sdk/src/rp2_common/pico_async_context/async_context_base.c.obj
                0x0000000010006f78                async_context_base_remove_when_pending_worker
 .text.async_context_base_execute_once
                0x0000000010006fa0       0xe8 CMakeFiles/pico_webserver.dir/pico-sdk/src/rp2_common/pico_async_context/async_context_base.c.obj
                0x0000000010006fa0                async_context_base_execute_once
 .text.async_context_base_needs_servicing
                0x0000000010007088       0x54 CMakeFiles/pico_webserver.dir/pico-sdk/src/rp2_common/pico_async_context/async_context_base.c.obj
                0x0000000010007088                async_context_base_needs_servicing
 .text.lwip_init
                0x00000000100070dc       0x20 CMakeFiles/pico_webserver.dir/pico-sdk/lib/lwip/src/core/init.c.obj
                0x00000000100070dc                lwip_init
 .text.lwip_htons
                0x00000000100070fc        0x8 CMakeFiles/pico_webserver.dir/pico-sdk/lib/lwip/src/core/def.c.obj
                0x00000000100070fc                lwip_htons
 .text.lwip_htonl
                0x0000000010007104        0x4 CMakeFiles/pico_webserver.dir/pico-sdk/lib/lwip/src/core/def.c.obj
                0x0000000010007104                lwip_htonl
 .text.lwip_strnstr
                0x0000000010007108       0x5c CMakeFiles/pico_webserver.dir/pico-sdk/lib/lwip/src/core/def.c.obj
                0x0000000010007108                lwip_strnstr
 .text.lwip_stricmp
                0x0000000010007164       0x34 CMakeFiles/pico_webserver.dir/pico-sdk/lib/lwip/src/core/def.c.obj
                0x0000000010007164                lwip_stricmp
 .text.lwip_standard_chksum
                0x0000000010007198       0x80 CMakeFiles/pico_webserver.dir/pico-sdk/lib/lwip/src/core/inet_chksum.c.obj
                0x0000000010007198                lwip_standard_chksum
 .text.inet_chksum_pseudo
                0x0000000010007218       0xb4 CMakeFiles/pico_webserver.dir/pico-sdk/lib/lwip/src/core/inet_chksum.c.obj
                0x0000000010007218                inet_chksum_pseudo
 .text.ip_chksum_pseudo
                0x00000000100072cc       0x10 CMakeFiles/pico_webserver.dir/pico-sdk/lib/lwip/src/core/inet_chksum.c.obj
                0x00000000100072cc                ip_chksum_pseudo
 .text.inet_chksum
                0x00000000100072dc       0x8c CMakeFiles/pico_webserver.dir/pico-sdk/lib/lwip/src/core/inet_chksum.c.obj
                0x00000000100072dc                inet_chksum
 .text.inet_chksum_pbuf
                0x0000000010007368       0x6c CMakeFiles/pico_webserver.dir/pico-sdk/lib/lwip/src/core/inet_chksum.c.obj
                0x0000000010007368                inet_chksum_pbuf
 .text.mem_init
                0x00000000100073d4       0x48 CMakeFiles/pico_webserver.dir/pico-sdk/lib/lwip/src/core/mem.c.obj
                0x00000000100073d4                mem_init
 .text.mem_free
                0x000000001000741c      0x128 CMakeFiles/pico_webserver.dir/pico-sdk/lib/lwip/src/core/mem.c.obj
                0x000000001000741c                mem_free
 .text.mem_trim
                0x0000000010007544      0x144 CMakeFiles/pico_webserver.dir/pico-sdk/lib/lwip/src/core/mem.c.obj
                0x0000000010007544                mem_trim
 .text.mem_malloc
                0x0000000010007688      0x130 CMakeFiles/pico_webserver.dir/pico-sdk/lib/lwip/src/core/mem.c.obj
                0x0000000010007688                mem_malloc
 .text.memp_init
                0x00000000100077b8       0x94 CMakeFiles/pico_webserver.dir/pico-sdk/lib/lwip/src/core/memp.c.obj
                0x00000000100077b8                memp_init
 .text.memp_malloc
                0x000000001000784c       0x4c CMakeFiles/pico_webserver.dir/pico-sdk/lib/lwip/src/core/memp.c.obj
                0x000000001000784c                memp_malloc
 .text.memp_free
                0x0000000010007898       0x30 CMakeFiles/pico_webserver.dir/pico-sdk/lib/lwip/src/core/memp.c.obj
                0x0000000010007898                memp_free
 .text.netif_null_output_ip4
                0x00000000100078c8        0x8 CMakeFiles/pico_webserver.dir/pico-sdk/lib/lwip/src/core/netif.c.obj
 .text.netif_init
                0x00000000100078d0        0x4 CMakeFiles/pico_webserver.dir/pico-sdk/lib/lwip/src/core/netif.c.obj
                0x00000000100078d0                netif_init
 .text.netif_set_addr
                0x00000000100078d4       0xc4 CMakeFiles/pico_webserver.dir/pico-sdk/lib/lwip/src/core/netif.c.obj
                0x00000000100078d4                netif_set_addr
 .text.netif_add
                0x0000000010007998       0xf8 CMakeFiles/pico_webserver.dir/pico-sdk/lib/lwip/src/core/netif.c.obj
                0x0000000010007998                netif_add
 .text.netif_remove
                0x0000000010007a90       0x88 CMakeFiles/pico_webserver.dir/pico-sdk/lib/lwip/src/core/netif.c.obj
                0x0000000010007a90                netif_remove
 .text.netif_set_default
                0x0000000010007b18        0xc CMakeFiles/pico_webserver.dir/pico-sdk/lib/lwip/src/core/netif.c.obj
                0x0000000010007b18                netif_set_default
 .text.netif_set_up
                0x0000000010007b24       0x14 CMakeFiles/pico_webserver.dir/pico-sdk/lib/lwip/src/core/netif.c.obj
                0x0000000010007b24                netif_set_up
 .text.netif_set_link_up
                0x0000000010007b38       0x1c CMakeFiles/pico_webserver.dir/pico-sdk/lib/lwip/src/core/netif.c.obj
                0x0000000010007b38                netif_set_link_up
 .text.netif_set_link_down
                0x0000000010007b54       0x1c CMakeFiles/pico_webserver.dir/pico-sdk/lib/lwip/src/core/netif.c.obj
                0x0000000010007b54                netif_set_link_down
 .text.netif_get_by_index
                0x0000000010007b70       0x2c CMakeFiles/pico_webserver.dir/pico-sdk/lib/lwip/src/core/netif.c.obj
                0x0000000010007b70                netif_get_by_index
 .text.pbuf_free.part.0
                0x0000000010007b9c       0x80 CMakeFiles/pico_webserver.dir/pico-sdk/lib/lwip/src/core/pbuf.c.obj
 .text.pbuf_free_ooseq
                0x0000000010007c1c       0x34 CMakeFiles/pico_webserver.dir/pico-sdk/lib/lwip/src/core/pbuf.c.obj
                0x0000000010007c1c                pbuf_free_ooseq
 .text.pbuf_alloc
                0x0000000010007c50      0x12c CMakeFiles/pico_webserver.dir/pico-sdk/lib/lwip/src/core/pbuf.c.obj
                0x0000000010007c50                pbuf_alloc
 .text.pbuf_alloced_custom
                0x0000000010007d7c       0x38 CMakeFiles/pico_webserver.dir/pico-sdk/lib/lwip/src/core/pbuf.c.obj
                0x0000000010007d7c                pbuf_alloced_custom
 .text.pbuf_realloc
                0x0000000010007db4       0x70 CMakeFiles/pico_webserver.dir/pico-sdk/lib/lwip/src/core/pbuf.c.obj
                0x0000000010007db4                pbuf_realloc
 .text.pbuf_add_header
                0x0000000010007e24       0x4c CMakeFiles/pico_webserver.dir/pico-sdk/lib/lwip/src/core/pbuf.c.obj
                0x0000000010007e24                pbuf_add_header
 .text.pbuf_remove_header
                0x0000000010007e70       0x38 CMakeFiles/pico_webserver.dir/pico-sdk/lib/lwip/src/core/pbuf.c.obj
                0x0000000010007e70                pbuf_remove_header
 .text.pbuf_header_force
                0x0000000010007ea8       0x6c CMakeFiles/pico_webserver.dir/pico-sdk/lib/lwip/src/core/pbuf.c.obj
                0x0000000010007ea8                pbuf_header_force
 .text.pbuf_free
                0x0000000010007f14       0x10 CMakeFiles/pico_webserver.dir/pico-sdk/lib/lwip/src/core/pbuf.c.obj
                0x0000000010007f14                pbuf_free
 .text.pbuf_clen
                0x0000000010007f24       0x14 CMakeFiles/pico_webserver.dir/pico-sdk/lib/lwip/src/core/pbuf.c.obj
                0x0000000010007f24                pbuf_clen
 .text.pbuf_ref
                0x0000000010007f38       0x18 CMakeFiles/pico_webserver.dir/pico-sdk/lib/lwip/src/core/pbuf.c.obj
                0x0000000010007f38                pbuf_ref
 .text.pbuf_cat
                0x0000000010007f50       0x2c CMakeFiles/pico_webserver.dir/pico-sdk/lib/lwip/src/core/pbuf.c.obj
                0x0000000010007f50                pbuf_cat
 .text.pbuf_chain
                0x0000000010007f7c       0x44 CMakeFiles/pico_webserver.dir/pico-sdk/lib/lwip/src/core/pbuf.c.obj
                0x0000000010007f7c                pbuf_chain
 .text.pbuf_copy_partial_pbuf
                0x0000000010007fc0      0x11c CMakeFiles/pico_webserver.dir/pico-sdk/lib/lwip/src/core/pbuf.c.obj
                0x0000000010007fc0                pbuf_copy_partial_pbuf
 .text.pbuf_copy
                0x00000000100080dc       0x18 CMakeFiles/pico_webserver.dir/pico-sdk/lib/lwip/src/core/pbuf.c.obj
                0x00000000100080dc                pbuf_copy
 .text.pbuf_copy_partial
                0x00000000100080f4       0x70 CMakeFiles/pico_webserver.dir/pico-sdk/lib/lwip/src/core/pbuf.c.obj
                0x00000000100080f4                pbuf_copy_partial
 .text.pbuf_take
                0x0000000010008164       0x54 CMakeFiles/pico_webserver.dir/pico-sdk/lib/lwip/src/core/pbuf.c.obj
                0x0000000010008164                pbuf_take
 .text.pbuf_clone
                0x00000000100081b8       0x20 CMakeFiles/pico_webserver.dir/pico-sdk/lib/lwip/src/core/pbuf.c.obj
                0x00000000100081b8                pbuf_clone
 .text.raw_input
                0x00000000100081d8      0x12c CMakeFiles/pico_webserver.dir/pico-sdk/lib/lwip/src/core/raw.c.obj
                0x00000000100081d8                raw_input
 .text.raw_netif_ip_addr_changed
                0x0000000010008304       0x40 CMakeFiles/pico_webserver.dir/pico-sdk/lib/lwip/src/core/raw.c.obj
                0x0000000010008304                raw_netif_ip_addr_changed
 .text.stats_init
                0x0000000010008344        0x4 CMakeFiles/pico_webserver.dir/pico-sdk/lib/lwip/src/core/stats.c.obj
                0x0000000010008344                stats_init
 .text.tcp_close_shutdown_fin
                0x0000000010008348       0x4c CMakeFiles/pico_webserver.dir/pico-sdk/lib/lwip/src/core/tcp.c.obj
 .text.tcp_pcb_purge.part.0
                0x0000000010008394       0xc4 CMakeFiles/pico_webserver.dir/pico-sdk/lib/lwip/src/core/tcp.c.obj
 .text.tcp_init
                0x0000000010008458        0x4 CMakeFiles/pico_webserver.dir/pico-sdk/lib/lwip/src/core/tcp.c.obj
                0x0000000010008458                tcp_init
 .text.tcp_free
                0x000000001000845c        0xc CMakeFiles/pico_webserver.dir/pico-sdk/lib/lwip/src/core/tcp.c.obj
                0x000000001000845c                tcp_free
 .text.tcp_bind
                0x0000000010008468       0xf8 CMakeFiles/pico_webserver.dir/pico-sdk/lib/lwip/src/core/tcp.c.obj
                0x0000000010008468                tcp_bind
 .text.tcp_listen_with_backlog
                0x0000000010008560       0x88 CMakeFiles/pico_webserver.dir/pico-sdk/lib/lwip/src/core/tcp.c.obj
                0x0000000010008560                tcp_listen_with_backlog
 .text.tcp_update_rcv_ann_wnd
                0x00000000100085e8       0x3c CMakeFiles/pico_webserver.dir/pico-sdk/lib/lwip/src/core/tcp.c.obj
                0x00000000100085e8                tcp_update_rcv_ann_wnd
 .text.tcp_recved
                0x0000000010008624       0x78 CMakeFiles/pico_webserver.dir/pico-sdk/lib/lwip/src/core/tcp.c.obj
                0x0000000010008624                tcp_recved
 .text.tcp_slowtmr
                0x000000001000869c      0x42c CMakeFiles/pico_webserver.dir/pico-sdk/lib/lwip/src/core/tcp.c.obj
                0x000000001000869c                tcp_slowtmr
 .text.tcp_segs_free
                0x0000000010008ac8       0x38 CMakeFiles/pico_webserver.dir/pico-sdk/lib/lwip/src/core/tcp.c.obj
                0x0000000010008ac8                tcp_segs_free
 .text.tcp_seg_free
                0x0000000010008b00       0x1c CMakeFiles/pico_webserver.dir/pico-sdk/lib/lwip/src/core/tcp.c.obj
                0x0000000010008b00                tcp_seg_free
 .text.tcp_setprio
                0x0000000010008b1c        0x8 CMakeFiles/pico_webserver.dir/pico-sdk/lib/lwip/src/core/tcp.c.obj
                0x0000000010008b1c                tcp_setprio
 .text.tcp_seg_copy
                0x0000000010008b24       0x20 CMakeFiles/pico_webserver.dir/pico-sdk/lib/lwip/src/core/tcp.c.obj
                0x0000000010008b24                tcp_seg_copy
 .text.tcp_arg  0x0000000010008b44        0x8 CMakeFiles/pico_webserver.dir/pico-sdk/lib/lwip/src/core/tcp.c.obj
                0x0000000010008b44                tcp_arg
 .text.tcp_recv
                0x0000000010008b4c        0xc CMakeFiles/pico_webserver.dir/pico-sdk/lib/lwip/src/core/tcp.c.obj
                0x0000000010008b4c                tcp_recv
 .text.tcp_sent
                0x0000000010008b58        0xc CMakeFiles/pico_webserver.dir/pico-sdk/lib/lwip/src/core/tcp.c.obj
                0x0000000010008b58                tcp_sent
 .text.tcp_err  0x0000000010008b64        0xc CMakeFiles/pico_webserver.dir/pico-sdk/lib/lwip/src/core/tcp.c.obj
                0x0000000010008b64                tcp_err
 .text.tcp_accept
                0x0000000010008b70       0x10 CMakeFiles/pico_webserver.dir/pico-sdk/lib/lwip/src/core/tcp.c.obj
                0x0000000010008b70                tcp_accept
 .text.tcp_poll
                0x0000000010008b80        0xc CMakeFiles/pico_webserver.dir/pico-sdk/lib/lwip/src/core/tcp.c.obj
                0x0000000010008b80                tcp_poll
 .text.tcp_pcb_purge
                0x0000000010008b8c       0x18 CMakeFiles/pico_webserver.dir/pico-sdk/lib/lwip/src/core/tcp.c.obj
                0x0000000010008b8c                tcp_pcb_purge
 .text.tcp_pcb_remove
                0x0000000010008ba4       0x78 CMakeFiles/pico_webserver.dir/pico-sdk/lib/lwip/src/core/tcp.c.obj
                0x0000000010008ba4                tcp_pcb_remove
 .text.tcp_abandon
                0x0000000010008c1c      0x184 CMakeFiles/pico_webserver.dir/pico-sdk/lib/lwip/src/core/tcp.c.obj
                0x0000000010008c1c                tcp_abandon
 .text.tcp_abort
                0x0000000010008da0        0xc CMakeFiles/pico_webserver.dir/pico-sdk/lib/lwip/src/core/tcp.c.obj
                0x0000000010008da0                tcp_abort
 .text.tcp_accept_null
                0x0000000010008dac       0x10 CMakeFiles/pico_webserver.dir/pico-sdk/lib/lwip/src/core/tcp.c.obj
 .text.tcp_alloc
                0x0000000010008dbc      0x1f8 CMakeFiles/pico_webserver.dir/pico-sdk/lib/lwip/src/core/tcp.c.obj
                0x0000000010008dbc                tcp_alloc
 .text.tcp_new_ip_type
                0x0000000010008fb4      0x1d8 CMakeFiles/pico_webserver.dir/pico-sdk/lib/lwip/src/core/tcp.c.obj
                0x0000000010008fb4                tcp_new_ip_type
 .text.tcp_close_shutdown
                0x000000001000918c      0x14c CMakeFiles/pico_webserver.dir/pico-sdk/lib/lwip/src/core/tcp.c.obj
 .text.tcp_recv_null
                0x00000000100092d8       0xa8 CMakeFiles/pico_webserver.dir/pico-sdk/lib/lwip/src/core/tcp.c.obj
                0x00000000100092d8                tcp_recv_null
 .text.tcp_process_refused_data
                0x0000000010009380       0xe8 CMakeFiles/pico_webserver.dir/pico-sdk/lib/lwip/src/core/tcp.c.obj
                0x0000000010009380                tcp_process_refused_data
 .text.tcp_fasttmr
                0x0000000010009468       0x98 CMakeFiles/pico_webserver.dir/pico-sdk/lib/lwip/src/core/tcp.c.obj
                0x0000000010009468                tcp_fasttmr
 .text.tcp_tmr  0x0000000010009500       0x20 CMakeFiles/pico_webserver.dir/pico-sdk/lib/lwip/src/core/tcp.c.obj
                0x0000000010009500                tcp_tmr
 .text.tcp_close
                0x0000000010009520      0x15c CMakeFiles/pico_webserver.dir/pico-sdk/lib/lwip/src/core/tcp.c.obj
                0x0000000010009520                tcp_close
 .text.tcp_next_iss
                0x000000001000967c       0x18 CMakeFiles/pico_webserver.dir/pico-sdk/lib/lwip/src/core/tcp.c.obj
                0x000000001000967c                tcp_next_iss
 .text.tcp_eff_send_mss_netif
                0x0000000010009694       0x28 CMakeFiles/pico_webserver.dir/pico-sdk/lib/lwip/src/core/tcp.c.obj
                0x0000000010009694                tcp_eff_send_mss_netif
 .text.tcp_netif_ip_addr_changed
                0x00000000100096bc       0x9c CMakeFiles/pico_webserver.dir/pico-sdk/lib/lwip/src/core/tcp.c.obj
                0x00000000100096bc                tcp_netif_ip_addr_changed
 .text.tcp_free_ooseq
                0x0000000010009758       0x40 CMakeFiles/pico_webserver.dir/pico-sdk/lib/lwip/src/core/tcp.c.obj
                0x0000000010009758                tcp_free_ooseq
 .text.tcp_parseopt
                0x0000000010009798      0x180 CMakeFiles/pico_webserver.dir/pico-sdk/lib/lwip/src/core/tcp_in.c.obj
 .text.tcp_oos_insert_segment
                0x0000000010009918       0xd4 CMakeFiles/pico_webserver.dir/pico-sdk/lib/lwip/src/core/tcp_in.c.obj
 .text.tcp_receive
                0x00000000100099ec      0xa3c CMakeFiles/pico_webserver.dir/pico-sdk/lib/lwip/src/core/tcp_in.c.obj
 .text.tcp_input
                0x000000001000a428      0xc64 CMakeFiles/pico_webserver.dir/pico-sdk/lib/lwip/src/core/tcp_in.c.obj
                0x000000001000a428                tcp_input
 .text.tcp_trigger_input_pcb_close
                0x000000001000b08c       0x10 CMakeFiles/pico_webserver.dir/pico-sdk/lib/lwip/src/core/tcp_in.c.obj
                0x000000001000b08c                tcp_trigger_input_pcb_close
 .text.tcp_create_segment
                0x000000001000b09c       0xd0 CMakeFiles/pico_webserver.dir/pico-sdk/lib/lwip/src/core/tcp_out.c.obj
 .text.tcp_output_control_segment
                0x000000001000b16c       0xb4 CMakeFiles/pico_webserver.dir/pico-sdk/lib/lwip/src/core/tcp_out.c.obj
 .text.tcp_write
                0x000000001000b220      0x600 CMakeFiles/pico_webserver.dir/pico-sdk/lib/lwip/src/core/tcp_out.c.obj
                0x000000001000b220                tcp_write
 .text.tcp_split_unsent_seg
                0x000000001000b820      0x19c CMakeFiles/pico_webserver.dir/pico-sdk/lib/lwip/src/core/tcp_out.c.obj
                0x000000001000b820                tcp_split_unsent_seg
 .text.tcp_send_fin
                0x000000001000b9bc       0xe0 CMakeFiles/pico_webserver.dir/pico-sdk/lib/lwip/src/core/tcp_out.c.obj
                0x000000001000b9bc                tcp_send_fin
 .text.tcp_enqueue_flags
                0x000000001000ba9c       0xa8 CMakeFiles/pico_webserver.dir/pico-sdk/lib/lwip/src/core/tcp_out.c.obj
                0x000000001000ba9c                tcp_enqueue_flags
 .text.tcp_rexmit_rto_prepare
                0x000000001000bb44       0x8c CMakeFiles/pico_webserver.dir/pico-sdk/lib/lwip/src/core/tcp_out.c.obj
                0x000000001000bb44                tcp_rexmit_rto_prepare
 .text.tcp_rexmit
                0x000000001000bbd0       0x90 CMakeFiles/pico_webserver.dir/pico-sdk/lib/lwip/src/core/tcp_out.c.obj
                0x000000001000bbd0                tcp_rexmit
 .text.tcp_rexmit_fast
                0x000000001000bc60       0x58 CMakeFiles/pico_webserver.dir/pico-sdk/lib/lwip/src/core/tcp_out.c.obj
                0x000000001000bc60                tcp_rexmit_fast
 .text.tcp_rst  0x000000001000bcb8       0xbc CMakeFiles/pico_webserver.dir/pico-sdk/lib/lwip/src/core/tcp_out.c.obj
                0x000000001000bcb8                tcp_rst
 .text.tcp_rst_netif
                0x000000001000bd74       0xfc CMakeFiles/pico_webserver.dir/pico-sdk/lib/lwip/src/core/tcp_out.c.obj
                0x000000001000bd74                tcp_rst_netif
 .text.tcp_send_empty_ack
                0x000000001000be70       0xdc CMakeFiles/pico_webserver.dir/pico-sdk/lib/lwip/src/core/tcp_out.c.obj
                0x000000001000be70                tcp_send_empty_ack
 .text.tcp_output
                0x000000001000bf4c      0x410 CMakeFiles/pico_webserver.dir/pico-sdk/lib/lwip/src/core/tcp_out.c.obj
                0x000000001000bf4c                tcp_output
 .text.tcp_rexmit_rto_commit
                0x000000001000c35c       0x14 CMakeFiles/pico_webserver.dir/pico-sdk/lib/lwip/src/core/tcp_out.c.obj
                0x000000001000c35c                tcp_rexmit_rto_commit
 .text.tcp_rexmit_rto
                0x000000001000c370       0x98 CMakeFiles/pico_webserver.dir/pico-sdk/lib/lwip/src/core/tcp_out.c.obj
                0x000000001000c370                tcp_rexmit_rto
 .text.tcp_keepalive
                0x000000001000c408       0xc4 CMakeFiles/pico_webserver.dir/pico-sdk/lib/lwip/src/core/tcp_out.c.obj
                0x000000001000c408                tcp_keepalive
 .text.tcp_zero_window_probe
                0x000000001000c4cc      0x18c CMakeFiles/pico_webserver.dir/pico-sdk/lib/lwip/src/core/tcp_out.c.obj
                0x000000001000c4cc                tcp_zero_window_probe
 .text.tcpip_tcp_timer
                0x000000001000c658       0x6c CMakeFiles/pico_webserver.dir/pico-sdk/lib/lwip/src/core/timeouts.c.obj
 .text.lwip_cyclic_timer
                0x000000001000c6c4       0x90 CMakeFiles/pico_webserver.dir/pico-sdk/lib/lwip/src/core/timeouts.c.obj
 .text.tcp_timer_needed
                0x000000001000c754       0x70 CMakeFiles/pico_webserver.dir/pico-sdk/lib/lwip/src/core/timeouts.c.obj
                0x000000001000c754                tcp_timer_needed
 .text.sys_timeouts_init
                0x000000001000c7c4       0x78 CMakeFiles/pico_webserver.dir/pico-sdk/lib/lwip/src/core/timeouts.c.obj
                0x000000001000c7c4                sys_timeouts_init
 .text.sys_check_timeouts
                0x000000001000c83c       0x68 CMakeFiles/pico_webserver.dir/pico-sdk/lib/lwip/src/core/timeouts.c.obj
                0x000000001000c83c                sys_check_timeouts
 .text.sys_timeouts_sleeptime
                0x000000001000c8a4       0x28 CMakeFiles/pico_webserver.dir/pico-sdk/lib/lwip/src/core/timeouts.c.obj
                0x000000001000c8a4                sys_timeouts_sleeptime
 .text.udp_init
                0x000000001000c8cc        0x4 CMakeFiles/pico_webserver.dir/pico-sdk/lib/lwip/src/core/udp.c.obj
                0x000000001000c8cc                udp_init
 .text.udp_input
                0x000000001000c8d0      0x234 CMakeFiles/pico_webserver.dir/pico-sdk/lib/lwip/src/core/udp.c.obj
                0x000000001000c8d0                udp_input
 .text.udp_bind
                0x000000001000cb04      0x10c CMakeFiles/pico_webserver.dir/pico-sdk/lib/lwip/src/core/udp.c.obj
                0x000000001000cb04                udp_bind
 .text.udp_sendto_if_src
                0x000000001000cc10      0x120 CMakeFiles/pico_webserver.dir/pico-sdk/lib/lwip/src/core/udp.c.obj
                0x000000001000cc10                udp_sendto_if_src
 .text.udp_sendto_if
                0x000000001000cd30       0x48 CMakeFiles/pico_webserver.dir/pico-sdk/lib/lwip/src/core/udp.c.obj
                0x000000001000cd30                udp_sendto_if
 .text.udp_sendto
                0x000000001000cd78       0x7c CMakeFiles/pico_webserver.dir/pico-sdk/lib/lwip/src/core/udp.c.obj
                0x000000001000cd78                udp_sendto
 .text.udp_connect
                0x000000001000cdf4       0x64 CMakeFiles/pico_webserver.dir/pico-sdk/lib/lwip/src/core/udp.c.obj
                0x000000001000cdf4                udp_connect
 .text.udp_recv
                0x000000001000ce58        0xc CMakeFiles/pico_webserver.dir/pico-sdk/lib/lwip/src/core/udp.c.obj
                0x000000001000ce58                udp_recv
 .text.udp_remove
                0x000000001000ce64       0x3c CMakeFiles/pico_webserver.dir/pico-sdk/lib/lwip/src/core/udp.c.obj
                0x000000001000ce64                udp_remove
 .text.udp_new  0x000000001000cea0       0x1c CMakeFiles/pico_webserver.dir/pico-sdk/lib/lwip/src/core/udp.c.obj
                0x000000001000cea0                udp_new
 .text.udp_netif_ip_addr_changed
                0x000000001000cebc       0x40 CMakeFiles/pico_webserver.dir/pico-sdk/lib/lwip/src/core/udp.c.obj
                0x000000001000cebc                udp_netif_ip_addr_changed
 .text.dhcp_create_msg
                0x000000001000cefc      0x144 CMakeFiles/pico_webserver.dir/pico-sdk/lib/lwip/src/core/ipv4/dhcp.c.obj
 .text.dhcp_bind
                0x000000001000d040      0x140 CMakeFiles/pico_webserver.dir/pico-sdk/lib/lwip/src/core/ipv4/dhcp.c.obj
 .text.dhcp_handle_ack.isra.0
                0x000000001000d180       0xa0 CMakeFiles/pico_webserver.dir/pico-sdk/lib/lwip/src/core/ipv4/dhcp.c.obj
 .text.dhcp_discover
                0x000000001000d220      0x10c CMakeFiles/pico_webserver.dir/pico-sdk/lib/lwip/src/core/ipv4/dhcp.c.obj
 .text.dhcp_reboot.isra.0
                0x000000001000d32c      0x1e0 CMakeFiles/pico_webserver.dir/pico-sdk/lib/lwip/src/core/ipv4/dhcp.c.obj
 .text.dhcp_select.isra.0
                0x000000001000d50c      0x244 CMakeFiles/pico_webserver.dir/pico-sdk/lib/lwip/src/core/ipv4/dhcp.c.obj
 .text.dhcp_recv
                0x000000001000d750      0x414 CMakeFiles/pico_webserver.dir/pico-sdk/lib/lwip/src/core/ipv4/dhcp.c.obj
 .text.dhcp_conflict_callback
                0x000000001000db64      0x124 CMakeFiles/pico_webserver.dir/pico-sdk/lib/lwip/src/core/ipv4/dhcp.c.obj
 .text.dhcp_set_struct
                0x000000001000dc88       0x18 CMakeFiles/pico_webserver.dir/pico-sdk/lib/lwip/src/core/ipv4/dhcp.c.obj
                0x000000001000dc88                dhcp_set_struct
 .text.dhcp_network_changed_link_up
                0x000000001000dca0       0x30 CMakeFiles/pico_webserver.dir/pico-sdk/lib/lwip/src/core/ipv4/dhcp.c.obj
                0x000000001000dca0                dhcp_network_changed_link_up
 .text.dhcp_renew
                0x000000001000dcd0      0x1a0 CMakeFiles/pico_webserver.dir/pico-sdk/lib/lwip/src/core/ipv4/dhcp.c.obj
                0x000000001000dcd0                dhcp_renew
 .text.dhcp_release_and_stop
                0x000000001000de70      0x14c CMakeFiles/pico_webserver.dir/pico-sdk/lib/lwip/src/core/ipv4/dhcp.c.obj
                0x000000001000de70                dhcp_release_and_stop
 .text.dhcp_start
                0x000000001000dfbc      0x10c CMakeFiles/pico_webserver.dir/pico-sdk/lib/lwip/src/core/ipv4/dhcp.c.obj
                0x000000001000dfbc                dhcp_start
 .text.dhcp_coarse_tmr
                0x000000001000e0c8      0x238 CMakeFiles/pico_webserver.dir/pico-sdk/lib/lwip/src/core/ipv4/dhcp.c.obj
                0x000000001000e0c8                dhcp_coarse_tmr
 .text.dhcp_fine_tmr
                0x000000001000e300       0x78 CMakeFiles/pico_webserver.dir/pico-sdk/lib/lwip/src/core/ipv4/dhcp.c.obj
                0x000000001000e300                dhcp_fine_tmr
 .text.dhcp_stop
                0x000000001000e378      0x14c CMakeFiles/pico_webserver.dir/pico-sdk/lib/lwip/src/core/ipv4/dhcp.c.obj
                0x000000001000e378                dhcp_stop
 .text.etharp_find_entry
                0x000000001000e4c4     0x1dcc CMakeFiles/pico_webserver.dir/pico-sdk/lib/lwip/src/core/ipv4/etharp.c.obj
 .text.etharp_raw
                0x0000000010010290       0xc0 CMakeFiles/pico_webserver.dir/pico-sdk/lib/lwip/src/core/ipv4/etharp.c.obj
 .text.etharp_output_to_arp_index
                0x0000000010010350       0xd8 CMakeFiles/pico_webserver.dir/pico-sdk/lib/lwip/src/core/ipv4/etharp.c.obj
 .text.etharp_tmr
                0x0000000010010428       0xa4 CMakeFiles/pico_webserver.dir/pico-sdk/lib/lwip/src/core/ipv4/etharp.c.obj
                0x0000000010010428                etharp_tmr
 .text.etharp_cleanup_netif
                0x00000000100104cc      0x188 CMakeFiles/pico_webserver.dir/pico-sdk/lib/lwip/src/core/ipv4/etharp.c.obj
                0x00000000100104cc                etharp_cleanup_netif
 .text.etharp_input
                0x0000000010010654      0x1ac CMakeFiles/pico_webserver.dir/pico-sdk/lib/lwip/src/core/ipv4/etharp.c.obj
                0x0000000010010654                etharp_input
 .text.etharp_query
                0x0000000010010800      0x188 CMakeFiles/pico_webserver.dir/pico-sdk/lib/lwip/src/core/ipv4/etharp.c.obj
                0x0000000010010800                etharp_query
 .text.etharp_output
                0x0000000010010988      0x21c CMakeFiles/pico_webserver.dir/pico-sdk/lib/lwip/src/core/ipv4/etharp.c.obj
                0x0000000010010988                etharp_output
 .text.etharp_acd_probe
                0x0000000010010ba4       0xc0 CMakeFiles/pico_webserver.dir/pico-sdk/lib/lwip/src/core/ipv4/etharp.c.obj
                0x0000000010010ba4                etharp_acd_probe
 .text.etharp_acd_announce
                0x0000000010010c64       0xbc CMakeFiles/pico_webserver.dir/pico-sdk/lib/lwip/src/core/ipv4/etharp.c.obj
                0x0000000010010c64                etharp_acd_announce
 .text.icmp_input
                0x0000000010010d20      0x1d8 CMakeFiles/pico_webserver.dir/pico-sdk/lib/lwip/src/core/ipv4/icmp.c.obj
                0x0000000010010d20                icmp_input
 .text.icmp_dest_unreach
                0x0000000010010ef8       0xbc CMakeFiles/pico_webserver.dir/pico-sdk/lib/lwip/src/core/ipv4/icmp.c.obj
                0x0000000010010ef8                icmp_dest_unreach
 .text.icmp_time_exceeded
                0x0000000010010fb4       0xbc CMakeFiles/pico_webserver.dir/pico-sdk/lib/lwip/src/core/ipv4/icmp.c.obj
                0x0000000010010fb4                icmp_time_exceeded
 .text.ip_reass_free_complete_datagram
                0x0000000010011070       0xb8 CMakeFiles/pico_webserver.dir/pico-sdk/lib/lwip/src/core/ipv4/ip4_frag.c.obj
 .text.ip_reass_remove_oldest_datagram
                0x0000000010011128       0xd8 CMakeFiles/pico_webserver.dir/pico-sdk/lib/lwip/src/core/ipv4/ip4_frag.c.obj
 .text.ipfrag_free_pbuf_custom
                0x0000000010011200       0x18 CMakeFiles/pico_webserver.dir/pico-sdk/lib/lwip/src/core/ipv4/ip4_frag.c.obj
 .text.ip_reass_tmr
                0x0000000010011218       0x38 CMakeFiles/pico_webserver.dir/pico-sdk/lib/lwip/src/core/ipv4/ip4_frag.c.obj
                0x0000000010011218                ip_reass_tmr
 .text.ip4_reass
                0x0000000010011250      0x510 CMakeFiles/pico_webserver.dir/pico-sdk/lib/lwip/src/core/ipv4/ip4_frag.c.obj
                0x0000000010011250                ip4_reass
 .text.ip4_frag
                0x0000000010011760      0x1e8 CMakeFiles/pico_webserver.dir/pico-sdk/lib/lwip/src/core/ipv4/ip4_frag.c.obj
                0x0000000010011760                ip4_frag
 .text.ip4_route
                0x0000000010011948       0x80 CMakeFiles/pico_webserver.dir/pico-sdk/lib/lwip/src/core/ipv4/ip4.c.obj
                0x0000000010011948                ip4_route
 .text.ip4_input
                0x00000000100119c8      0x2e8 CMakeFiles/pico_webserver.dir/pico-sdk/lib/lwip/src/core/ipv4/ip4.c.obj
                0x00000000100119c8                ip4_input
 .text.ip4_output_if
                0x0000000010011cb0      0x168 CMakeFiles/pico_webserver.dir/pico-sdk/lib/lwip/src/core/ipv4/ip4.c.obj
                0x0000000010011cb0                ip4_output_if
 .text.ip4_output_if_src
                0x0000000010011e18      0x158 CMakeFiles/pico_webserver.dir/pico-sdk/lib/lwip/src/core/ipv4/ip4.c.obj
                0x0000000010011e18                ip4_output_if_src
 .text.ip4_addr_isbroadcast_u32
                0x0000000010011f70       0x3c CMakeFiles/pico_webserver.dir/pico-sdk/lib/lwip/src/core/ipv4/ip4_addr.c.obj
                0x0000000010011f70                ip4_addr_isbroadcast_u32
 .text.acd_add  0x0000000010011fac       0x24 CMakeFiles/pico_webserver.dir/pico-sdk/lib/lwip/src/core/ipv4/acd.c.obj
                0x0000000010011fac                acd_add
 .text.acd_remove
                0x0000000010011fd0       0x28 CMakeFiles/pico_webserver.dir/pico-sdk/lib/lwip/src/core/ipv4/acd.c.obj
                0x0000000010011fd0                acd_remove
 .text.acd_start
                0x0000000010011ff8       0x38 CMakeFiles/pico_webserver.dir/pico-sdk/lib/lwip/src/core/ipv4/acd.c.obj
                0x0000000010011ff8                acd_start
 .text.acd_network_changed_link_down
                0x0000000010012030       0x14 CMakeFiles/pico_webserver.dir/pico-sdk/lib/lwip/src/core/ipv4/acd.c.obj
                0x0000000010012030                acd_network_changed_link_down
 .text.acd_tmr  0x0000000010012044      0x110 CMakeFiles/pico_webserver.dir/pico-sdk/lib/lwip/src/core/ipv4/acd.c.obj
                0x0000000010012044                acd_tmr
 .text.acd_arp_reply
                0x0000000010012154       0xf4 CMakeFiles/pico_webserver.dir/pico-sdk/lib/lwip/src/core/ipv4/acd.c.obj
                0x0000000010012154                acd_arp_reply
 .text.acd_netif_ip_addr_changed
                0x0000000010012248       0x8c CMakeFiles/pico_webserver.dir/pico-sdk/lib/lwip/src/core/ipv4/acd.c.obj
                0x0000000010012248                acd_netif_ip_addr_changed
 .text.ethernet_input
                0x00000000100122d4       0xd0 CMakeFiles/pico_webserver.dir/pico-sdk/lib/lwip/src/netif/ethernet.c.obj
                0x00000000100122d4                ethernet_input
 .text.ethernet_output
                0x00000000100123a4       0x64 CMakeFiles/pico_webserver.dir/pico-sdk/lib/lwip/src/netif/ethernet.c.obj
                0x00000000100123a4                ethernet_output
 .text.cyw43_arch_set_async_context
                0x0000000010012408        0xc CMakeFiles/pico_webserver.dir/pico-sdk/src/rp2_common/pico_cyw43_arch/cyw43_arch.c.obj
                0x0000000010012408                cyw43_arch_set_async_context
 .text.cyw43_arch_enable_sta_mode
                0x0000000010012414       0x1c CMakeFiles/pico_webserver.dir/pico-sdk/src/rp2_common/pico_cyw43_arch/cyw43_arch.c.obj
                0x0000000010012414                cyw43_arch_enable_sta_mode
 .text.cyw43_arch_init_with_country
                0x0000000010012430       0x10 CMakeFiles/pico_webserver.dir/pico-sdk/src/rp2_common/pico_cyw43_arch/cyw43_arch.c.obj
                0x0000000010012430                cyw43_arch_init_with_country
 .text.cyw43_arch_gpio_put
                0x0000000010012440       0x14 CMakeFiles/pico_webserver.dir/pico-sdk/src/rp2_common/pico_cyw43_arch/cyw43_arch.c.obj
                0x0000000010012440                cyw43_arch_gpio_put
 .text.cyw43_arch_async_context
                0x0000000010012454        0xc CMakeFiles/pico_webserver.dir/pico-sdk/src/rp2_common/pico_cyw43_arch/cyw43_arch.c.obj
                0x0000000010012454                cyw43_arch_async_context
 .text.cyw43_arch_init
                0x0000000010012460       0x80 CMakeFiles/pico_webserver.dir/pico-sdk/src/rp2_common/pico_cyw43_arch/cyw43_arch_threadsafe_background.c.obj
                0x0000000010012460                cyw43_arch_init
 .text.ns_delay.constprop.0
                0x00000000100124e0       0x20 CMakeFiles/pico_webserver.dir/pico-sdk/src/rp2_common/pico_cyw43_driver/cyw43_bus_pio_spi.c.obj
 .text.cyw43_spi_deinit
                0x0000000010012500       0x7c CMakeFiles/pico_webserver.dir/pico-sdk/src/rp2_common/pico_cyw43_driver/cyw43_bus_pio_spi.c.obj
                0x0000000010012500                cyw43_spi_deinit
 .text.cyw43_spi_init
                0x000000001001257c      0x154 CMakeFiles/pico_webserver.dir/pico-sdk/src/rp2_common/pico_cyw43_driver/cyw43_bus_pio_spi.c.obj
                0x000000001001257c                cyw43_spi_init
 .text.cyw43_spi_transfer
                0x00000000100126d0      0x430 CMakeFiles/pico_webserver.dir/pico-sdk/src/rp2_common/pico_cyw43_driver/cyw43_bus_pio_spi.c.obj
                0x00000000100126d0                cyw43_spi_transfer
 .text.cyw43_spi_gpio_setup
                0x0000000010012b00       0x3c CMakeFiles/pico_webserver.dir/pico-sdk/src/rp2_common/pico_cyw43_driver/cyw43_bus_pio_spi.c.obj
                0x0000000010012b00                cyw43_spi_gpio_setup
 .text.cyw43_spi_reset
                0x0000000010012b3c       0x28 CMakeFiles/pico_webserver.dir/pico-sdk/src/rp2_common/pico_cyw43_driver/cyw43_bus_pio_spi.c.obj
                0x0000000010012b3c                cyw43_spi_reset
 .text.read_reg_u32_swap
                0x0000000010012b64       0x3c CMakeFiles/pico_webserver.dir/pico-sdk/src/rp2_common/pico_cyw43_driver/cyw43_bus_pio_spi.c.obj
                0x0000000010012b64                read_reg_u32_swap
 .text.cyw43_read_reg_u32
                0x0000000010012ba0       0x6c CMakeFiles/pico_webserver.dir/pico-sdk/src/rp2_common/pico_cyw43_driver/cyw43_bus_pio_spi.c.obj
                0x0000000010012ba0                cyw43_read_reg_u32
 .text.cyw43_read_reg_u16
                0x0000000010012c0c       0x6c CMakeFiles/pico_webserver.dir/pico-sdk/src/rp2_common/pico_cyw43_driver/cyw43_bus_pio_spi.c.obj
                0x0000000010012c0c                cyw43_read_reg_u16
 .text.cyw43_read_reg_u8
                0x0000000010012c78       0x6c CMakeFiles/pico_webserver.dir/pico-sdk/src/rp2_common/pico_cyw43_driver/cyw43_bus_pio_spi.c.obj
                0x0000000010012c78                cyw43_read_reg_u8
 .text.write_reg_u32_swap
                0x0000000010012ce4      0x1e0 CMakeFiles/pico_webserver.dir/pico-sdk/src/rp2_common/pico_cyw43_driver/cyw43_bus_pio_spi.c.obj
                0x0000000010012ce4                write_reg_u32_swap
 .text.cyw43_write_reg_u32
                0x0000000010012ec4      0x200 CMakeFiles/pico_webserver.dir/pico-sdk/src/rp2_common/pico_cyw43_driver/cyw43_bus_pio_spi.c.obj
                0x0000000010012ec4                cyw43_write_reg_u32
 .text.cyw43_write_reg_u16
                0x00000000100130c4      0x200 CMakeFiles/pico_webserver.dir/pico-sdk/src/rp2_common/pico_cyw43_driver/cyw43_bus_pio_spi.c.obj
                0x00000000100130c4                cyw43_write_reg_u16
 .text.cyw43_write_reg_u8
                0x00000000100132c4      0x200 CMakeFiles/pico_webserver.dir/pico-sdk/src/rp2_common/pico_cyw43_driver/cyw43_bus_pio_spi.c.obj
                0x00000000100132c4                cyw43_write_reg_u8
 .text.cyw43_read_bytes
                0x00000000100134c4       0x78 CMakeFiles/pico_webserver.dir/pico-sdk/src/rp2_common/pico_cyw43_driver/cyw43_bus_pio_spi.c.obj
                0x00000000100134c4                cyw43_read_bytes
 .text.cyw43_write_bytes
                0x000000001001353c       0xec CMakeFiles/pico_webserver.dir/pico-sdk/src/rp2_common/pico_cyw43_driver/cyw43_bus_pio_spi.c.obj
                0x000000001001353c                cyw43_write_bytes
 .text.cyw43_set_backplane_window
                0x0000000010013628       0x64 CMakeFiles/pico_webserver.dir/pico-sdk/lib/cyw43-driver/src/cyw43_ll.c.obj
 .text.cyw43_ll_parse_async_event
                0x000000001001368c      0x13c CMakeFiles/pico_webserver.dir/pico-sdk/lib/cyw43-driver/src/cyw43_ll.c.obj
 .text.cyw43_kso_set
                0x00000000100137c8       0xa0 CMakeFiles/pico_webserver.dir/pico-sdk/lib/cyw43-driver/src/cyw43_ll.c.obj
 .text.cyw43_ll_sdpcm_poll_device
                0x0000000010013868      0x238 CMakeFiles/pico_webserver.dir/pico-sdk/lib/cyw43-driver/src/cyw43_ll.c.obj
 .text.cyw43_sdpcm_send_common
                0x0000000010013aa0       0xf0 CMakeFiles/pico_webserver.dir/pico-sdk/lib/cyw43-driver/src/cyw43_ll.c.obj
 .text.cyw43_do_ioctl
                0x0000000010013b90      0x110 CMakeFiles/pico_webserver.dir/pico-sdk/lib/cyw43-driver/src/cyw43_ll.c.obj
 .text.cyw43_do_ioctl.constprop.0
                0x0000000010013ca0      0x108 CMakeFiles/pico_webserver.dir/pico-sdk/lib/cyw43-driver/src/cyw43_ll.c.obj
 .text.cyw43_read_backplane.constprop.0
                0x0000000010013da8       0xdc CMakeFiles/pico_webserver.dir/pico-sdk/lib/cyw43-driver/src/cyw43_ll.c.obj
 .text.reset_device_core.constprop.0
                0x0000000010013e84      0x3f0 CMakeFiles/pico_webserver.dir/pico-sdk/lib/cyw43-driver/src/cyw43_ll.c.obj
 .text.cyw43_ll_init
                0x0000000010014274       0x1c CMakeFiles/pico_webserver.dir/pico-sdk/lib/cyw43-driver/src/cyw43_ll.c.obj
                0x0000000010014274                cyw43_ll_init
 .text.cyw43_ll_deinit
                0x0000000010014290        0x8 CMakeFiles/pico_webserver.dir/pico-sdk/lib/cyw43-driver/src/cyw43_ll.c.obj
                0x0000000010014290                cyw43_ll_deinit
 .text.cyw43_ll_send_ethernet
                0x0000000010014298       0x60 CMakeFiles/pico_webserver.dir/pico-sdk/lib/cyw43-driver/src/cyw43_ll.c.obj
                0x0000000010014298                cyw43_ll_send_ethernet
 .text.cyw43_ll_process_packets
                0x00000000100142f8       0x54 CMakeFiles/pico_webserver.dir/pico-sdk/lib/cyw43-driver/src/cyw43_ll.c.obj
                0x00000000100142f8                cyw43_ll_process_packets
 .text.cyw43_ll_ioctl
                0x000000001001434c       0x20 CMakeFiles/pico_webserver.dir/pico-sdk/lib/cyw43-driver/src/cyw43_ll.c.obj
                0x000000001001434c                cyw43_ll_ioctl
 .text.cyw43_ll_bus_sleep
                0x000000001001436c       0x34 CMakeFiles/pico_webserver.dir/pico-sdk/lib/cyw43-driver/src/cyw43_ll.c.obj
                0x000000001001436c                cyw43_ll_bus_sleep
 .text.cyw43_ll_bus_init
                0x00000000100143a0      0xbf0 CMakeFiles/pico_webserver.dir/pico-sdk/lib/cyw43-driver/src/cyw43_ll.c.obj
                0x00000000100143a0                cyw43_ll_bus_init
 .text.cyw43_ll_wifi_on
                0x0000000010014f90      0x240 CMakeFiles/pico_webserver.dir/pico-sdk/lib/cyw43-driver/src/cyw43_ll.c.obj
                0x0000000010014f90                cyw43_ll_wifi_on
 .text.cyw43_ll_wifi_get_mac
                0x00000000100151d0       0x44 CMakeFiles/pico_webserver.dir/pico-sdk/lib/cyw43-driver/src/cyw43_ll.c.obj
                0x00000000100151d0                cyw43_ll_wifi_get_mac
 .text.cyw43_ll_wifi_pm
                0x0000000010015214      0x194 CMakeFiles/pico_webserver.dir/pico-sdk/lib/cyw43-driver/src/cyw43_ll.c.obj
                0x0000000010015214                cyw43_ll_wifi_pm
 .text.cyw43_ll_wifi_scan
                0x00000000100153a8       0x68 CMakeFiles/pico_webserver.dir/pico-sdk/lib/cyw43-driver/src/cyw43_ll.c.obj